Load Callback called 2
Load Callback called 3
Load Callback called 4
Set Net Indication Callback called
Bus state is: 0
Load Callback called 2
Load Callback called 1
Set Net Indication Callback called
Bus state is: 0
Set Net Indication Callback called
Bus state is: 0
Set Net Indication Callback called
Bus state is: 0
Set Net Indication Callback called
Bus state is: 0
Set Net Indication Callback called
Bus state is: 0
Set Net Indication Callback called
Bus state is: 0
Set Net Indication Callback called
Bus state is: 0
Set Net Indication Callback called
Bus state is: 0
Set Net Indication Callback called
Bus state is: 0
Set Net Indication Callback called
Bus state is: 0
Set Net Indication Callback called
Bus state is: 0
Set Net Indication Callback called
Bus state is: 0
Set Net Indication Callback called
Bus state is: 0
Set Net Indication Callback called
Bus state is: 0
Set Net Indication Callback called
Bus state is: 0
Set Net Indication Callback called
Bus state is: 0
Set Net Indication Callback called
Bus state is: 0
Set Net Indication Callback called
Bus state is: 0
Set Net Indication Callback called
Bus state is: 0
Set Net Indication Callback called
Bus state is: 0
Set Net Indication Callback called
Bus state is: 0
Set Net Indication Callback called
Bus state is: 0
Set Net Indication Callback called
Bus state is: 0
Set Net Indication Callback called
Bus state is: 0
Set Net Indication Callback called
Bus state is: 0
Set Net Indication Callback called
Bus state is: 0
Set Net Indication Callback called
Bus state is: 0
Set Net Indication Callback called
Bus state is: 0
Set Net Indication Callback called
Bus state is: 0
Set Net Indication Callback called
Bus state is: 0
Set Net Indication Callback called
Bus state is: 0
Set Net Indication Callback called
Bus state is: 0
Set Net Indication Callback called
Bus state is: 0
Set Net Indication Callback called
Bus state is: 0
Set Net Indication Callback called
Bus state is: 0
Set Net Indication Callback called
Bus state is: 0
Set Net Indication Callback called
Bus state is: 0
Set Net Indication Callback called
Bus state is: 0
Set Net Indication Callback called
Bus state is: 0
Set Net Indication Callback called
Bus state is: 0
Set Net Indication Callback called
Bus state is: 0
Set Net Indication Callback called
Bus state is: 0
Set Net Indication Callback called
Bus state is: 0
Set Net Indication Callback called
Bus state is: 0
Set Net Indication Callback called
Bus state is: 0
Set Net Indication Callback called
Bus state is: 0
Set Net Indication Callback called
Bus state is: 0
Set Net Indication Callback called
Bus state is: 0
Set Net Indication Callback called
Bus state is: 0
Set Net Indication Callback called
Bus state is: 0
Set Net Indication Callback called
Bus state is: 0
Set Net Indication Callback called
Bus state is: 0
Set Net Indication Callback called
Bus state is: 0
Set Net Indication Callback called
Bus state is: 0
Set Net Indication Callback called
Bus state is: 0
Set Net Indication Callback called
Bus state is: 0
Set Net Indication Callback called
Bus state is: 0
Set Net Indication Callback called
Bus state is: 0
Set Net Indication Callback called
Bus state is: 0
Set Net Indication Callback called
Bus state is: 0
Set Net Indication Callback called
Bus state is: 0
Set Net Indication Callback called
Bus state is: 0
Set Net Indication Callback called
Bus state is: 0
Set Net Indication Callback called
Bus state is: 0
Set Net Indication Callback called
Bus state is: 0
Set Net Indication Callback called
Bus state is: 0
Set Net Indication Callback called
Bus state is: 0
Set Net Indication Callback called
Bus state is: 0
Set Net Indication Callback called
Bus state is: 0
Set Net Indication Callback called
Bus state is: 0
Set Net Indication Callback called
Bus state is: 0
Set Net Indication Callback called
Bus state is: 0
Set Net Indication Callback called
Bus state is: 0
Set Net Indication Callback called
Bus state is: 0
Set Net Indication Callback called
Bus state is: 0
Set Net Indication Callback called
Bus state is: 0
Set Net Indication Callback called
Bus state is: 0
Set Net Indication Callback called
Bus state is: 0
Set Net Indication Callback called
Bus state is: 0
Set Net Indication Callback called
Bus state is: 0
Set Net Indication Callback called
Bus state is: 0
Set Net Indication Callback called
Bus state is: 0
Set Net Indication Callback called
Bus state is: 0
Set Net Indication Callback called
Bus state is: 0
Set Net Indication Callback called
Bus state is: 0
Set Net Indication Callback called
Bus state is: 0
Set Net Indication Callback called
Bus state is: 0
Set Net Indication Callback called
Bus state is: 0
Set Net Indication Callback called
Bus state is: 0
Set Net Indication Callback called
Bus state is: 0
Set Net Indication Callback called
Bus state is: 0
Set Net Indication Callback called
Bus state is: 0
Set Net Indication Callback called
Bus state is: 0
Set Net Indication Callback called
Bus state is: 0
Set Net Indication Callback called
Bus state is: 0
Set Net Indication Callback called
Bus state is: 0
Set Net Indication Callback called
Bus state is: 0
Set Net Indication Callback called
Bus state is: 0
Set Net Indication Callback called
Bus state is: 0
Set Net Indication Callback called
Bus state is: 0
Set Net Indication Callback called
Bus state is: 0
Set Net Indication Callback called
Bus state is: 0
Set Net Indication Callback called
Bus state is: 0
Set Net Indication Callback called
Bus state is: 0
Set Net Indication Callback called
Bus state is: 0
Set Net Indication Callback called
Bus state is: 0
Set Net Indication Callback called
Bus state is: 0
Set Net Indication Callback called
Bus state is: 0
Set Net Indication Callback called
Bus state is: 0
Set Net Indication Callback called
Bus state is: 0
Set Net Indication Callback called
Bus state is: 0
Set Net Indication Callback called
Bus state is: 0
Set Net Indication Callback called
Bus state is: 0
Set Net Indication Callback called
Bus state is: 0
Set Net Indication Callback called
Bus state is: 0
Set Net Indication Callback called
Bus state is: 0
Set Net Indication Callback called
Bus state is: 0
Set Net Indication Callback called
Bus state is: 0
Set Net Indication Callback called
Bus state is: 0
Set Net Indication Callback called
Bus state is: 0
Set Net Indication Callback called
Bus state is: 0
Set Net Indication Callback called
Bus state is: 0
Set Net Indication Callback called
Bus state is: 0
Set Net Indication Callback called
Bus state is: 0
Set Net Indication Callback called
Bus state is: 0
Set Net Indication Callback called
Bus state is: 0
Set Net Indication Callback called
Bus state is: 0
Set Net Indication Callback called
Bus state is: 0
Set Net Indication Callback called
Bus state is: 0
Set Net Indication Callback called
Bus state is: 0
Set Net Indication Callback called
Bus state is: 0
Set Net Indication Callback called
Bus state is: 0
Set Net Indication Callback called
Bus state is: 0
Set Net Indication Callback called
Bus state is: 0
Set Net Indication Callback called
Bus state is: 0
Set Net Indication Callback called
Bus state is: 0
Set Net Indication Callback called
Bus state is: 0
Set Net Indication Callback called
Bus state is: 0
Set Net Indication Callback called
Bus state is: 0
Set Net Indication Callback called
Bus state is: 0
Set Net Indication Callback called
Bus state is: 0
Set Net Indication Callback called
Bus state is: 0
Set Net Indication Callback called
Bus state is: 0
Set Net Indication Callback called
Bus state is: 0
Set Net Indication Callback called
Bus state is: 0
Set Net Indication Callback called
Bus state is: 0
Set Net Indication Callback called
Bus state is: 0
Set Net Indication Callback called
Bus state is: 0
Set Net Indication Callback called
Bus state is: 0
Set Net Indication Callback called
Bus state is: 0
Set Net Indication Callback called
Bus state is: 0
Set Net Indication Callback called
Bus state is: 0
Set Net Indication Callback called
Bus state is: 0
Set Net Indication Callback called
Bus state is: 0
Set Net Indication Callback called
Bus state is: 0
Set Net Indication Callback called
Bus state is: 0
Set Net Indication Callback called
Bus state is: 0
Set Net Indication Callback called
Bus state is: 0
Set Net Indication Callback called
Bus state is: 0
Set Net Indication Callback called
Bus state is: 0
Set Net Indication Callback called
Bus state is: 0
Set Net Indication Callback called
Bus state is: 0
Set Net Indication Callback called
Bus state is: 0
Set Net Indication Callback called
Bus state is: 0
Set Net Indication Callback called
Bus state is: 0
Set Net Indication Callback called
Bus state is: 0
Set Net Indication Callback called
Bus state is: 0
Set Net Indication Callback called
Bus state is: 0
Set Net Indication Callback called
Bus state is: 0
Set Net Indication Callback called
Bus state is: 0
Set Net Indication Callback called
Bus state is: 0
Set Net Indication Callback called
Bus state is: 0
Set Net Indication Callback called
Bus state is: 0
Set Net Indication Callback called
Bus state is: 0
Set Net Indication Callback called
Bus state is: 0
Set Net Indication Callback called
Bus state is: 0
Set Net Indication Callback called
Bus state is: 0
Set Net Indication Callback called
Bus state is: 0
Set Net Indication Callback called
Bus state is: 0
Set Net Indication Callback called
Bus state is: 0
Set Net Indication Callback called
Bus state is: 0
Set Net Indication Callback called
Bus state is: 0
Set Net Indication Callback called
Bus state is: 0
Set Net Indication Callback called
Bus state is: 0
Set Net Indication Callback called
Bus state is: 0
Set Net Indication Callback called
Bus state is: 0
Set Net Indication Callback called
Bus state is: 0
Set Net Indication Callback called
Bus state is: 0
Set Net Indication Callback called
Bus state is: 0
Set Net Indication Callback called
Bus state is: 0
Set Net Indication Callback called
Bus state is: 0
Set Net Indication Callback called
Bus state is: 0
Set Net Indication Callback called
Bus state is: 0
Set Net Indication Callback called
Bus state is: 0
Set Net Indication Callback called
Bus state is: 0
Set Net Indication Callback called
Bus state is: 0
Set Net Indication Callback called
Bus state is: 0
Set Net Indication Callback called
Bus state is: 0
Set Net Indication Callback called
Bus state is: 0
Set Net Indication Callback called
Bus state is: 0
Set Net Indication Callback called
Bus state is: 0
Set Net Indication Callback called
Bus state is: 0
Set Net Indication Callback called
Bus state is: 0
Set Net Indication Callback called
Bus state is: 0
Set Net Indication Callback called
Bus state is: 0
Set Net Indication Callback called
Bus state is: 0
Set Net Indication Callback called
Bus state is: 0
Set Net Indication Callback called
Bus state is: 0
Set Net Indication Callback called
Bus state is: 0
Set Net Indication Callback called
Bus state is: 0
Set Net Indication Callback called
Bus state is: 0
Set Net Indication Callback called
Bus state is: 0
Set Net Indication Callback called
Bus state is: 0
Set Net Indication Callback called
Bus state is: 0
Set Net Indication Callback called
Bus state is: 0
Set Net Indication Callback called
Bus state is: 0
Set Net Indication Callback called
Bus state is: 0
Set Net Indication Callback called
Bus state is: 0
Set Net Indication Callback called
Bus state is: 0
Set Net Indication Callback called
Bus state is: 0
Set Net Indication Callback called
Bus state is: 0
Set Net Indication Callback called
Bus state is: 0
Set Net Indication Callback called
Bus state is: 0
Set Net Indication Callback called
Bus state is: 0
Set Net Indication Callback called
Bus state is: 0
Set Net Indication Callback called
Bus state is: 0
Set Net Indication Callback called
Bus state is: 0
Set Net Indication Callback called
Bus state is: 0
Set Net Indication Callback called
Bus state is: 0
Set Net Indication Callback called
Bus state is: 0
Set Net Indication Callback called
Bus state is: 0
Set Net Indication Callback called
Bus state is: 0
Set Net Indication Callback called
Bus state is: 0
Set Net Indication Callback called
Bus state is: 0
Set Net Indication Callback called
Bus state is: 0
Set Net Indication Callback called
Bus state is: 0
Set Net Indication Callback called
Bus state is: 0
Set Net Indication Callback called
Bus state is: 0
Set Net Indication Callback called
Bus state is: 0
Set Net Indication Callback called
Bus state is: 0
Set Net Indication Callback called
Bus state is: 0
Set Net Indication Callback called
Bus state is: 0
Set Net Indication Callback called
Bus state is: 0
Set Net Indication Callback called
Bus state is: 0
Set Net Indication Callback called
Bus state is: 0
Set Net Indication Callback called
Bus state is: 0
Set Net Indication Callback called
Bus state is: 0
Set Net Indication Callback called
Bus state is: 0
Set Net Indication Callback called
Bus state is: 0
Set Net Indication Callback called
Bus state is: 0
Set Net Indication Callback called
Bus state is: 0
Set Net Indication Callback called
Bus state is: 0
Set Net Indication Callback called
Bus state is: 0
Set Net Indication Callback called
Bus state is: 0
Set Net Indication Callback called
Bus state is: 0
Set Net Indication Callback called
Bus state is: 0
Set Net Indication Callback called
Bus state is: 0
Set Net Indication Callback called
Bus state is: 0
Set Net Indication Callback called
Bus state is: 0
Set Net Indication Callback called
Bus state is: 0
Set Net Indication Callback called
Bus state is: 0
Set Net Indication Callback called
Bus state is: 0
Set Net Indication Callback called
Bus state is: 0
Set Net Indication Callback called
Bus state is: 0
Set Net Indication Callback called
Bus state is: 0
Set Net Indication Callback called
Bus state is: 0
Set Net Indication Callback called
Bus state is: 0
Set Net Indication Callback called
Bus state is: 0
Set Net Indication Callback called
Bus state is: 0
Set Net Indication Callback called
Bus state is: 0
Set Net Indication Callback called
Bus state is: 0
Set Net Indication Callback called
Bus state is: 0
Set Net Indication Callback called
Bus state is: 0
Set Net Indication Callback called
Bus state is: 0
Set Net Indication Callback called
Bus state is: 0
Set Net Indication Callback called
Bus state is: 0
Set Net Indication Callback called
Bus state is: 0
Set Net Indication Callback called
Bus state is: 0
Set Net Indication Callback called
Bus state is: 0
Set Net Indication Callback called
Bus state is: 0
Set Net Indication Callback called
Bus state is: 0
Set Net Indication Callback called
Bus state is: 0
Set Net Indication Callback called
Bus state is: 0
Set Net Indication Callback called
Bus state is: 0
Set Net Indication Callback called
Bus state is: 0
Set Net Indication Callback called
Bus state is: 0
Set Net Indication Callback called
Bus state is: 0
Set Net Indication Callback called
Bus state is: 0
Set Net Indication Callback called
Bus state is: 0
Set Net Indication Callback called
Bus state is: 0
Set Net Indication Callback called
Bus state is: 0
Set Net Indication Callback called
Bus state is: 0
Set Net Indication Callback called
Bus state is: 0
Set Net Indication Callback called
Bus state is: 0
Set Net Indication Callback called
Bus state is: 0
Set Net Indication Callback called
Bus state is: 0
Set Net Indication Callback called
Bus state is: 0
Set Net Indication Callback called
Bus state is: 0
Set Net Indication Callback called
Bus state is: 0
Set Net Indication Callback called
Bus state is: 0
Set Net Indication Callback called
Bus state is: 0
Set Net Indication Callback called
Bus state is: 0
Set Net Indication Callback called
Bus state is: 0
Set Net Indication Callback called
Bus state is: 0
Set Net Indication Callback called
Bus state is: 0
Set Net Indication Callback called
Bus state is: 0
Set Net Indication Callback called
Bus state is: 0
Set Net Indication Callback called
Bus state is: 0
Set Net Indication Callback called
Bus state is: 0
Set Net Indication Callback called
Bus state is: 0
Set Net Indication Callback called
Bus state is: 0
Set Net Indication Callback called
Bus state is: 0
Set Net Indication Callback called
Bus state is: 0
Set Net Indication Callback called
Bus state is: 0
Set Net Indication Callback called
Bus state is: 0
Set Net Indication Callback called
Bus state is: 0
Set Net Indication Callback called
Bus state is: 0
Set Net Indication Callback called
Bus state is: 0
Set Net Indication Callback called
Bus state is: 0
Set Net Indication Callback called
Bus state is: 0
Set Net Indication Callback called
Bus state is: 0
Set Net Indication Callback called
Bus state is: 0
Set Net Indication Callback called
Bus state is: 0
Set Net Indication Callback called
Bus state is: 0
Set Net Indication Callback called
Bus state is: 0
Set Net Indication Callback called
Bus state is: 0
Set Net Indication Callback called
Bus state is: 0
Set Net Indication Callback called
Bus state is: 0
Set Net Indication Callback called
Bus state is: 0
Set Net Indication Callback called
Bus state is: 0
Set Net Indication Callback called
Bus state is: 0
Set Net Indication Callback called
Bus state is: 0
Set Net Indication Callback called
Bus state is: 0
Set Net Indication Callback called
Bus state is: 0
Set Net Indication Callback called
Bus state is: 0
Set Net Indication Callback called
Bus state is: 0
Set Net Indication Callback called
Bus state is: 0
Set Net Indication Callback called
Bus state is: 0
Set Net Indication Callback called
Bus state is: 0
Set Net Indication Callback called
Bus state is: 0
Set Net Indication Callback called
Bus state is: 0
Set Net Indication Callback called
Bus state is: 0
Set Net Indication Callback called
Bus state is: 0
Set Net Indication Callback called
Bus state is: 0
Set Net Indication Callback called
Bus state is: 0
Set Net Indication Callback called
Bus state is: 0
Set Net Indication Callback called
Bus state is: 0
Set Net Indication Callback called
Bus state is: 0
Set Net Indication Callback called
Bus state is: 0
Set Net Indication Callback called
Bus state is: 0
Set Net Indication Callback called
Bus state is: 0
Set Net Indication Callback called
Bus state is: 0
Set Net Indication Callback called
Bus state is: 0
Set Net Indication Callback called
Bus state is: 0
Set Net Indication Callback called
Bus state is: 0
Set Net Indication Callback called
Bus state is: 0
Set Net Indication Callback called
Bus state is: 0
Set Net Indication Callback called
Bus state is: 0
Set Net Indication Callback called
Bus state is: 0
Set Net Indication Callback called
Bus state is: 0
Set Net Indication Callback called
Bus state is: 0
Set Net Indication Callback called
Bus state is: 0
Set Net Indication Callback called
Bus state is: 0
Set Net Indication Callback called
Bus state is: 0
Set Net Indication Callback called
Bus state is: 0
Set Net Indication Callback called
Bus state is: 0
Set Net Indication Callback called
Bus state is: 0
Set Net Indication Callback called
Bus state is: 0
Set Net Indication Callback called
Bus state is: 0
Set Net Indication Callback called
Bus state is: 0
Set Net Indication Callback called
Bus state is: 0
Set Net Indication Callback called
Bus state is: 0
Set Net Indication Callback called
Bus state is: 0
Set Net Indication Callback called
Bus state is: 0
Set Net Indication Callback called
Bus state is: 0
Set Net Indication Callback called
Bus state is: 0
Set Net Indication Callback called
Bus state is: 0
Set Net Indication Callback called
Bus state is: 0
Set Net Indication Callback called
Bus state is: 0
Set Net Indication Callback called
Bus state is: 0
Set Net Indication Callback called
Bus state is: 0
Set Net Indication Callback called
Bus state is: 0
Set Net Indication Callback called
Bus state is: 0
Set Net Indication Callback called
Bus state is: 0
Set Net Indication Callback called
Bus state is: 0
Set Net Indication Callback called
Bus state is: 0
Set Net Indication Callback called
Bus state is: 0
Set Net Indication Callback called
Bus state is: 0
Set Net Indication Callback called
Bus state is: 0
Set Net Indication Callback called
Bus state is: 0
Set Net Indication Callback called
Bus state is: 0
Set Net Indication Callback called
Bus state is: 0
Set Net Indication Callback called
Bus state is: 0
Set Net Indication Callback called
Bus state is: 0
Set Net Indication Callback called
Bus state is: 0
Set Net Indication Callback called
Bus state is: 0
Set Net Indication Callback called
Bus state is: 0
Set Net Indication Callback called
Bus state is: 0
Set Net Indication Callback called
Bus state is: 0
Set Net Indication Callback called
Bus state is: 0
Set Net Indication Callback called
Bus state is: 0
Set Net Indication Callback called
Bus state is: 0
Set Net Indication Callback called
Bus state is: 0
Set Net Indication Callback called
Bus state is: 0
Set Net Indication Callback called
Bus state is: 0
Set Net Indication Callback called
Bus state is: 0
Set Net Indication Callback called
Bus state is: 0
Set Net Indication Callback called
Bus state is: 0
Set Net Indication Callback called
Bus state is: 0
Set Net Indication Callback called
Bus state is: 0
Set Net Indication Callback called
Bus state is: 0
Set Net Indication Callback called
Bus state is: 0
Set Net Indication Callback called
Bus state is: 0
Set Net Indication Callback called
Bus state is: 0
Set Net Indication Callback called
Bus state is: 0
Set Net Indication Callback called
Bus state is: 0
Set Net Indication Callback called
Bus state is: 0
Set Net Indication Callback called
Bus state is: 0
Set Net Indication Callback called
Bus state is: 0
Set Net Indication Callback called
Bus state is: 0
Set Net Indication Callback called
Bus state is: 0
Set Net Indication Callback called
Bus state is: 0
Set Net Indication Callback called
Bus state is: 0
Set Net Indication Callback called
Bus state is: 0
Set Net Indication Callback called
Bus state is: 0
Set Net Indication Callback called
Bus state is: 0
Set Net Indication Callback called
Bus state is: 0
Set Net Indication Callback called
Bus state is: 0
Set Net Indication Callback called
Bus state is: 0
Set Net Indication Callback called
Bus state is: 0
Set Net Indication Callback called
Bus state is: 0
Set Net Indication Callback called
Bus state is: 0
Set Net Indication Callback called
Bus state is: 0
Set Net Indication Callback called
Bus state is: 0
Set Net Indication Callback called
Bus state is: 0
Set Net Indication Callback called
Bus state is: 0
Set Net Indication Callback called
Bus state is: 0
Set Net Indication Callback called
Bus state is: 0
Set Net Indication Callback called
Bus state is: 0
Set Net Indication Callback called
Bus state is: 0
Set Net Indication Callback called
Bus state is: 0
Set Net Indication Callback called
Bus state is: 0
Set Net Indication Callback called
Bus state is: 0
Set Net Indication Callback called
Bus state is: 0
Set Net Indication Callback called
Bus state is: 0
Set Net Indication Callback called
Bus state is: 0
Set Net Indication Callback called
Bus state is: 0
Set Net Indication Callback called
Bus state is: 0
Set Net Indication Callback called
Bus state is: 0
Set Net Indication Callback called
Bus state is: 0
Set Net Indication Callback called
Bus state is: 0
Set Net Indication Callback called
Bus state is: 0
Set Net Indication Callback called
Bus state is: 0
Set Net Indication Callback called
Bus state is: 0
Set Net Indication Callback called
Bus state is: 0
Set Net Indication Callback called
Bus state is: 0
Set Net Indication Callback called
Bus state is: 0
Set Net Indication Callback called
Bus state is: 0
Set Net Indication Callback called
Bus state is: 0
Set Net Indication Callback called
Bus state is: 0
Set Net Indication Callback called
Bus state is: 0
Set Net Indication Callback called
Bus state is: 0
Set Net Indication Callback called
Bus state is: 0
Set Net Indication Callback called
Bus state is: 0
Set Net Indication Callback called
Bus state is: 0
Set Net Indication Callback called
Bus state is: 0
Set Net Indication Callback called
Bus state is: 0
Set Net Indication Callback called
Bus state is: 0
Set Net Indication Callback called
Bus state is: 0
Set Net Indication Callback called
Bus state is: 0
Set Net Indication Callback called
Bus state is: 0
Set Net Indication Callback called
Bus state is: 0
Set Net Indication Callback called
Bus state is: 0
Set Net Indication Callback called
Bus state is: 0
Set Net Indication Callback called
Bus state is: 0
Set Net Indication Callback called
Bus state is: 0
Set Net Indication Callback called
Bus state is: 0
Set Net Indication Callback called
Bus state is: 0
Set Net Indication Callback called
Bus state is: 0
Set Net Indication Callback called
Bus state is: 0
Set Net Indication Callback called
Bus state is: 0
Set Net Indication Callback called
Bus state is: 0
Set Net Indication Callback called
Bus state is: 0
Set Net Indication Callback called
Bus state is: 0
Set Net Indication Callback called
Bus state is: 0
Set Net Indication Callback called
Bus state is: 0
Set Net Indication Callback called
Bus state is: 0
Set Net Indication Callback called
Bus state is: 0
Set Net Indication Callback called
Bus state is: 0
Set Net Indication Callback called
Bus state is: 0
Set Net Indication Callback called
Bus state is: 0
Set Net Indication Callback called
Bus state is: 0
Set Net Indication Callback called
Bus state is: 0
Set Net Indication Callback called
Bus state is: 0
Set Net Indication Callback called
Bus state is: 0
Set Net Indication Callback called
Bus state is: 0
Set Net Indication Callback called
Bus state is: 0
Set Net Indication Callback called
Bus state is: 0
Set Net Indication Callback called
Bus state is: 0
Set Net Indication Callback called
Bus state is: 0
Set Net Indication Callback called
Bus state is: 0
Set Net Indication Callback called
Bus state is: 0
Set Net Indication Callback called
Bus state is: 0
Set Net Indication Callback called
Bus state is: 0
Set Net Indication Callback called
Bus state is: 0
Set Net Indication Callback called
Bus state is: 0
Set Net Indication Callback called
Bus state is: 0
Set Net Indication Callback called
Bus state is: 0
Set Net Indication Callback called
Bus state is: 0
Set Net Indication Callback called
Bus state is: 0
Set Net Indication Callback called
Bus state is: 0
Set Net Indication Callback called
Bus state is: 0
Set Net Indication Callback called
Bus state is: 0
Set Net Indication Callback called
Bus state is: 0
Set Net Indication Callback called
Bus state is: 0
Set Net Indication Callback called
Bus state is: 0
Set Net Indication Callback called
Bus state is: 0
Set Net Indication Callback called
Bus state is: 0
Set Net Indication Callback called
Bus state is: 0
Set Net Indication Callback called
Bus state is: 0
Set Net Indication Callback called
Bus state is: 0
Set Net Indication Callback called
Bus state is: 0
Set Net Indication Callback called
Bus state is: 0
Set Net Indication Callback called
Bus state is: 0
Set Net Indication Callback called
Bus state is: 0
Set Net Indication Callback called
Bus state is: 0
Set Net Indication Callback called
Bus state is: 0
Set Net Indication Callback called
Bus state is: 0
Set Net Indication Callback called
Bus state is: 0
Set Net Indication Callback called
Bus state is: 0
Set Net Indication Callback called
Bus state is: 0
Set Net Indication Callback called
Bus state is: 0
Set Net Indication Callback called
Bus state is: 0
Set Net Indication Callback called
Bus state is: 0
Set Net Indication Callback called
Bus state is: 0
Set Net Indication Callback called
Bus state is: 0
Set Net Indication Callback called
Bus state is: 0
Set Net Indication Callback called
Bus state is: 0
Set Net Indication Callback called
Bus state is: 0
Set Net Indication Callback called
Bus state is: 0
Set Net Indication Callback called
Bus state is: 0
Set Net Indication Callback called
Bus state is: 0
Set Net Indication Callback called
Bus state is: 0
Set Net Indication Callback called
Bus state is: 0
Set Net Indication Callback called
Bus state is: 0
Set Net Indication Callback called
Bus state is: 0
Set Net Indication Callback called
Bus state is: 0
Set Net Indication Callback called
Bus state is: 0
Set Net Indication Callback called
Bus state is: 0
Set Net Indication Callback called
Bus state is: 0
Set Net Indication Callback called
Bus state is: 0
Set Net Indication Callback called
Bus state is: 0
Set Net Indication Callback called
Bus state is: 0
Set Net Indication Callback called
Bus state is: 0
Set Net Indication Callback called
Bus state is: 0
Set Net Indication Callback called
Bus state is: 0
Set Net Indication Callback called
Bus state is: 0
Set Net Indication Callback called
Bus state is: 0
Set Net Indication Callback called
Bus state is: 0
Set Net Indication Callback called
Bus state is: 0
Set Net Indication Callback called
Bus state is: 0
Set Net Indication Callback called
Bus state is: 0
Set Net Indication Callback called
Bus state is: 0
Set Net Indication Callback called
Bus state is: 0
Set Net Indication Callback called
Bus state is: 0
Set Net Indication Callback called
Bus state is: 0
Set Net Indication Callback called
Bus state is: 0
Set Net Indication Callback called
Bus state is: 0
Set Net Indication Callback called
Bus state is: 0
Set Net Indication Callback called
Bus state is: 0
Set Net Indication Callback called
Bus state is: 0
Set Net Indication Callback called
Bus state is: 0
Set Net Indication Callback called
Bus state is: 0
Set Net Indication Callback called
Bus state is: 0
Set Net Indication Callback called
Bus state is: 0
Set Net Indication Callback called
Bus state is: 0
Set Net Indication Callback called
Bus state is: 0
Set Net Indication Callback called
Bus state is: 0
Set Net Indication Callback called
Bus state is: 0
Set Net Indication Callback called
Bus state is: 0
Set Net Indication Callback called
Bus state is: 0
Set Net Indication Callback called
Bus state is: 0
Set Net Indication Callback called
Bus state is: 0
Set Net Indication Callback called
Bus state is: 0
Set Net Indication Callback called
Bus state is: 0
Set Net Indication Callback called
Bus state is: 0
Set Net Indication Callback called
Bus state is: 0
Set Net Indication Callback called
Bus state is: 0
Set Net Indication Callback called
Bus state is: 0
Set Net Indication Callback called
Bus state is: 0
Set Net Indication Callback called
Bus state is: 0
Set Net Indication Callback called
Bus state is: 0
Set Net Indication Callback called
Bus state is: 0
Set Net Indication Callback called
Bus state is: 0
Set Net Indication Callback called
Bus state is: 0
Set Net Indication Callback called
Bus state is: 0
Set Net Indication Callback called
Bus state is: 0
Set Net Indication Callback called
Bus state is: 0
Set Net Indication Callback called
Bus state is: 0
Set Net Indication Callback called
Bus state is: 0
Set Net Indication Callback called
Bus state is: 0
Set Net Indication Callback called
Bus state is: 0
Set Net Indication Callback called
Bus state is: 0
Set Net Indication Callback called
Bus state is: 0
Set Net Indication Callback called
Bus state is: 0
Set Net Indication Callback called
Bus state is: 0
Set Net Indication Callback called
Bus state is: 0
Set Net Indication Callback called
Bus state is: 0
Set Net Indication Callback called
Bus state is: 0
Set Net Indication Callback called
Bus state is: 0
Set Net Indication Callback called
Bus state is: 0
Set Net Indication Callback called
Bus state is: 0
Set Net Indication Callback called
Bus state is: 0
Set Net Indication Callback called
Bus state is: 0
Set Net Indication Callback called
Bus state is: 0
Set Net Indication Callback called
Bus state is: 0
Set Net Indication Callback called
Bus state is: 0
Set Net Indication Callback called
Bus state is: 0
Set Net Indication Callback called
Bus state is: 0
Set Net Indication Callback called
Bus state is: 0
Set Net Indication Callback called
Bus state is: 0
Set Net Indication Callback called
Bus state is: 0
Set Net Indication Callback called
Bus state is: 0
Set Net Indication Callback called
Bus state is: 0
Set Net Indication Callback called
Bus state is: 0
Set Net Indication Callback called
Bus state is: 0
Set Net Indication Callback called
Bus state is: 0
Set Net Indication Callback called
Bus state is: 0
Set Net Indication Callback called
Bus state is: 0
Set Net Indication Callback called
Bus state is: 0
Set Net Indication Callback called
Bus state is: 0
Set Net Indication Callback called
Bus state is: 0
Set Net Indication Callback called
Bus state is: 0
Set Net Indication Callback called
Bus state is: 0
Set Net Indication Callback called
Bus state is: 0
Set Net Indication Callback called
Bus state is: 0
Set Net Indication Callback called
Bus state is: 0
Set Net Indication Callback called
Bus state is: 0
Set Net Indication Callback called
Bus state is: 0
Set Net Indication Callback called
Bus state is: 0
Set Net Indication Callback called
Bus state is: 0
Set Net Indication Callback called
Bus state is: 0
Set Net Indication Callback called
Bus state is: 0
Set Net Indication Callback called
Bus state is: 0
Set Net Indication Callback called
Bus state is: 0
Set Net Indication Callback called
Bus state is: 0
Set Net Indication Callback called
Bus state is: 0
Set Net Indication Callback called
Bus state is: 0
Set Net Indication Callback called
Bus state is: 0
Set Net Indication Callback called
Bus state is: 0
Set Net Indication Callback called
Bus state is: 0
Set Net Indication Callback called
Bus state is: 0
Set Net Indication Callback called
Bus state is: 0
Set Net Indication Callback called
Bus state is: 0
Set Net Indication Callback called
Bus state is: 0
Set Net Indication Callback called
Bus state is: 0
Set Net Indication Callback called
Bus state is: 0
Set Net Indication Callback called
Bus state is: 0
Set Net Indication Callback called
Bus state is: 0
Set Net Indication Callback called
Bus state is: 0
Set Net Indication Callback called
Bus state is: 0
Set Net Indication Callback called
Bus state is: 0
Set Net Indication Callback called
Bus state is: 0
Set Net Indication Callback called
Bus state is: 0
Set Net Indication Callback called
Bus state is: 0
Set Net Indication Callback called
Bus state is: 0
Set Net Indication Callback called
Bus state is: 0
Set Net Indication Callback called
Bus state is: 0
Set Net Indication Callback called
Bus state is: 0
Set Net Indication Callback called
Bus state is: 0
Set Net Indication Callback called
Bus state is: 0
Set Net Indication Callback called
Bus state is: 0
Set Net Indication Callback called
Bus state is: 0
Set Net Indication Callback called
Bus state is: 0
Set Net Indication Callback called
Bus state is: 0
Set Net Indication Callback called
Bus state is: 0
Set Net Indication Callback called
Bus state is: 0
Set Net Indication Callback called
Bus state is: 0
Set Net Indication Callback called
Bus state is: 0
Set Net Indication Callback called
Bus state is: 0
Set Net Indication Callback called
Bus state is: 0
Set Net Indication Callback called
Bus state is: 0
Set Net Indication Callback called
Bus state is: 0
Set Net Indication Callback called
Bus state is: 0
Set Net Indication Callback called
Bus state is: 0
Set Net Indication Callback called
Bus state is: 0
Set Net Indication Callback called
Bus state is: 0
Set Net Indication Callback called
Bus state is: 0
Set Net Indication Callback called
Bus state is: 0
Set Net Indication Callback called
Bus state is: 0
Set Net Indication Callback called
Bus state is: 0
Set Net Indication Callback called
Bus state is: 0
Set Net Indication Callback called
Bus state is: 0
Set Net Indication Callback called
Bus state is: 0
Set Net Indication Callback called
Bus state is: 0
Set Net Indication Callback called
Bus state is: 0
Set Net Indication Callback called
Bus state is: 0
Set Net Indication Callback called
Bus state is: 0
Set Net Indication Callback called
Bus state is: 0
Set Net Indication Callback called
Bus state is: 0
Set Net Indication Callback called
Bus state is: 0
Set Net Indication Callback called
Bus state is: 0
Set Net Indication Callback called
Bus state is: 0
Set Net Indication Callback called
Bus state is: 0
Set Net Indication Callback called
Bus state is: 0
Set Net Indication Callback called
Bus state is: 0
Set Net Indication Callback called
Bus state is: 0
Set Net Indication Callback called
Bus state is: 0
Set Net Indication Callback called
Bus state is: 0
Set Net Indication Callback called
Bus state is: 0
Set Net Indication Callback called
Bus state is: 0
Set Net Indication Callback called
Bus state is: 0
Set Net Indication Callback called
Bus state is: 0
Set Net Indication Callback called
Bus state is: 0
Set Net Indication Callback called
Bus state is: 0
Set Net Indication Callback called
Bus state is: 0
Set Net Indication Callback called
Bus state is: 0
Set Net Indication Callback called
Bus state is: 0
Set Net Indication Callback called
Bus state is: 0
Set Net Indication Callback called
Bus state is: 0
Set Net Indication Callback called
Bus state is: 0
Set Net Indication Callback called
Bus state is: 0
Set Net Indication Callback called
Bus state is: 0
Set Net Indication Callback called
Bus state is: 0
Set Net Indication Callback called
Bus state is: 0
Set Net Indication Callback called
Bus state is: 0
Set Net Indication Callback called
Bus state is: 0
Set Net Indication Callback called
Bus state is: 0
Set Net Indication Callback called
Bus state is: 0
Set Net Indication Callback called
Bus state is: 0
Set Net Indication Callback called
Bus state is: 0
Set Net Indication Callback called
Bus state is: 0
Set Net Indication Callback called
Bus state is: 0
Set Net Indication Callback called
Bus state is: 0
Set Net Indication Callback called
Bus state is: 0
Set Net Indication Callback called
Bus state is: 0
Set Net Indication Callback called
Bus state is: 0
Set Net Indication Callback called
Bus state is: 0
Set Net Indication Callback called
Bus state is: 0
Set Net Indication Callback called
Bus state is: 0
Set Net Indication Callback called
Bus state is: 0
Set Net Indication Callback called
Bus state is: 0
Set Net Indication Callback called
Bus state is: 0
Set Net Indication Callback called
Bus state is: 0
Set Net Indication Callback called
Bus state is: 0
Set Net Indication Callback called
Bus state is: 0
Set Net Indication Callback called
Bus state is: 0
Set Net Indication Callback called
Bus state is: 0
Set Net Indication Callback called
Bus state is: 0
Set Net Indication Callback called
Bus state is: 0
Set Net Indication Callback called
Bus state is: 0
Set Net Indication Callback called
Bus state is: 0
Set Net Indication Callback called
Bus state is: 0
Set Net Indication Callback called
Bus state is: 0
Set Net Indication Callback called
Bus state is: 0
Set Net Indication Callback called
Bus state is: 0
Set Net Indication Callback called
Bus state is: 0
Set Net Indication Callback called
Bus state is: 0
Set Net Indication Callback called
Bus state is: 0
Set Net Indication Callback called
Bus state is: 0
Set Net Indication Callback called
Bus state is: 0
Set Net Indication Callback called
Bus state is: 0
Set Net Indication Callback called
Bus state is: 0
Set Net Indication Callback called
Bus state is: 0
Set Net Indication Callback called
Bus state is: 0
Set Net Indication Callback called
Bus state is: 0
Set Net Indication Callback called
Bus state is: 0
Set Net Indication Callback called
Bus state is: 0
Set Net Indication Callback called
Bus state is: 0
Set Net Indication Callback called
Bus state is: 0
Set Net Indication Callback called
Bus state is: 0
Set Net Indication Callback called
Bus state is: 0
Set Net Indication Callback called
Bus state is: 0
Set Net Indication Callback called
Bus state is: 0
Set Net Indication Callback called
Bus state is: 0
Set Net Indication Callback called
Bus state is: 0
Set Net Indication Callback called
Bus state is: 0
Set Net Indication Callback called
Bus state is: 0
Set Net Indication Callback called
Bus state is: 0
Set Net Indication Callback called
Bus state is: 0
Set Net Indication Callback called
Bus state is: 0
Set Net Indication Callback called
Bus state is: 0
Set Net Indication Callback called
Bus state is: 0
Set Net Indication Callback called
Bus state is: 0
Set Net Indication Callback called
Bus state is: 0
Set Net Indication Callback called
Bus state is: 0
Set Net Indication Callback called
Bus state is: 0
Set Net Indication Callback called
Bus state is: 0
Set Net Indication Callback called
Bus state is: 0
Set Net Indication Callback called
Bus state is: 0
Set Net Indication Callback called
Bus state is: 0
Set Net Indication Callback called
Bus state is: 0
Set Net Indication Callback called
Bus state is: 0
Set Net Indication Callback called
Bus state is: 0
Set Net Indication Callback called
Bus state is: 0
Set Net Indication Callback called
Bus state is: 0
Set Net Indication Callback called
Bus state is: 0
Set Net Indication Callback called
Bus state is: 0
Set Net Indication Callback called
Bus state is: 0
Set Net Indication Callback called
Bus state is: 0
Set Net Indication Callback called
Bus state is: 0
Set Net Indication Callback called
Bus state is: 0
Set Net Indication Callback called
Bus state is: 0
Set Net Indication Callback called
Bus state is: 0
Set Net Indication Callback called
Bus state is: 0
Set Net Indication Callback called
Bus state is: 0
Set Net Indication Callback called
Bus state is: 0
Set Net Indication Callback called
Bus state is: 0
Set Net Indication Callback called
Bus state is: 0
Set Net Indication Callback called
Bus state is: 0
Set Net Indication Callback called
Bus state is: 0
Set Net Indication Callback called
Bus state is: 0
Set Net Indication Callback called
Bus state is: 0
Set Net Indication Callback called
Bus state is: 0
Set Net Indication Callback called
Bus state is: 0
Set Net Indication Callback called
Bus state is: 0
Set Net Indication Callback called
Bus state is: 0
Set Net Indication Callback called
Bus state is: 0
Set Net Indication Callback called
Bus state is: 0
Set Net Indication Callback called
Bus state is: 0
Set Net Indication Callback called
Bus state is: 0
Set Net Indication Callback called
Bus state is: 0
Set Net Indication Callback called
Bus state is: 0
Set Net Indication Callback called
Bus state is: 0
Set Net Indication Callback called
Bus state is: 0
Set Net Indication Callback called
Bus state is: 0
Set Net Indication Callback called
Bus state is: 0
Set Net Indication Callback called
Bus state is: 0
Set Net Indication Callback called
Bus state is: 0
Set Net Indication Callback called
Bus state is: 0
Set Net Indication Callback called
Bus state is: 0
Set Net Indication Callback called
Bus state is: 0
Set Net Indication Callback called
Bus state is: 0
Set Net Indication Callback called
Bus state is: 0
Set Net Indication Callback called
Bus state is: 0
Set Net Indication Callback called
Bus state is: 0
Set Net Indication Callback called
Bus state is: 0
Set Net Indication Callback called
Bus state is: 0
Set Net Indication Callback called
Bus state is: 0
Set Net Indication Callback called
Bus state is: 0
Set Net Indication Callback called
Bus state is: 0
Set Net Indication Callback called
Bus state is: 0
Set Net Indication Callback called
Bus state is: 0
Set Net Indication Callback called
Bus state is: 0
Set Net Indication Callback called
Bus state is: 0
Set Net Indication Callback called
Bus state is: 0
Set Net Indication Callback called
Bus state is: 0
Set Net Indication Callback called
Bus state is: 0
Set Net Indication Callback called
Bus state is: 0
Set Net Indication Callback called
Bus state is: 0
Set Net Indication Callback called
Bus state is: 0
Set Net Indication Callback called
Bus state is: 0
Set Net Indication Callback called
Bus state is: 0
Set Net Indication Callback called
Bus state is: 0
Set Net Indication Callback called
Bus state is: 0
Set Net Indication Callback called
Bus state is: 0
Set Net Indication Callback called
Bus state is: 0
Set Net Indication Callback called
Bus state is: 0
Set Net Indication Callback called
Bus state is: 0
Set Net Indication Callback called
Bus state is: 0
Set Net Indication Callback called
Bus state is: 0
Set Net Indication Callback called
Bus state is: 0
Set Net Indication Callback called
Bus state is: 0
Set Net Indication Callback called
Bus state is: 0
Set Net Indication Callback called
Bus state is: 0
Set Net Indication Callback called
Bus state is: 0
Set Net Indication Callback called
Bus state is: 0
Set Net Indication Callback called
Bus state is: 0
Set Net Indication Callback called
Bus state is: 0
Set Net Indication Callback called
Bus state is: 0
Set Net Indication Callback called
Bus state is: 0
Set Net Indication Callback called
Bus state is: 0
Set Net Indication Callback called
Bus state is: 0
Set Net Indication Callback called
Bus state is: 0
Set Net Indication Callback called
Bus state is: 0
Set Net Indication Callback called
Bus state is: 0
Set Net Indication Callback called
Bus state is: 0
Set Net Indication Callback called
Bus state is: 0
Set Net Indication Callback called
Bus state is: 0
Set Net Indication Callback called
Bus state is: 0
Set Net Indication Callback called
Bus state is: 0
Set Net Indication Callback called
Bus state is: 0
Set Net Indication Callback called
Bus state is: 0
Set Net Indication Callback called
Bus state is: 0
Set Net Indication Callback called
Bus state is: 0
Set Net Indication Callback called
Bus state is: 0
Set Net Indication Callback called
Bus state is: 0
Set Net Indication Callback called
Bus state is: 0
Set Net Indication Callback called
Bus state is: 0
Set Net Indication Callback called
Bus state is: 0
Set Net Indication Callback called
Bus state is: 0
Set Net Indication Callback called
Bus state is: 0
Set Net Indication Callback called
Bus state is: 0
Set Net Indication Callback called
Bus state is: 0
Set Net Indication Callback called
Bus state is: 0
Set Net Indication Callback called
Bus state is: 0
Set Net Indication Callback called
Bus state is: 0
Set Net Indication Callback called
Bus state is: 0
Set Net Indication Callback called
Bus state is: 0
Set Net Indication Callback called
Bus state is: 0
Set Net Indication Callback called
Bus state is: 0
Set Net Indication Callback called
Bus state is: 0
Set Net Indication Callback called
Bus state is: 0
Set Net Indication Callback called
Bus state is: 0
Set Net Indication Callback called
Bus state is: 0
Set Net Indication Callback called
Bus state is: 0
Set Net Indication Callback called
Bus state is: 0
Set Net Indication Callback called
Bus state is: 0
Set Net Indication Callback called
Bus state is: 0
Set Net Indication Callback called
Bus state is: 0
Set Net Indication Callback called
Bus state is: 0
Set Net Indication Callback called
Bus state is: 0
Set Net Indication Callback called
Bus state is: 0
Set Net Indication Callback called
Bus state is: 0
Set Net Indication Callback called
Bus state is: 0
Set Net Indication Callback called
Bus state is: 0
Set Net Indication Callback called
Bus state is: 0
Set Net Indication Callback called
Bus state is: 0
Set Net Indication Callback called
Bus state is: 0
Set Net Indication Callback called
Bus state is: 0
Set Net Indication Callback called
Bus state is: 0
Set Net Indication Callback called
Bus state is: 0
Set Net Indication Callback called
Bus state is: 0
Set Net Indication Callback called
Bus state is: 0
Set Net Indication Callback called
Bus state is: 0
Set Net Indication Callback called
Bus state is: 0
Set Net Indication Callback called
Bus state is: 0
Set Net Indication Callback called
Bus state is: 0
Set Net Indication Callback called
Bus state is: 0
Set Net Indication Callback called
Bus state is: 0
Set Net Indication Callback called
Bus state is: 0
Set Net Indication Callback called
Bus state is: 0
Set Net Indication Callback called
Bus state is: 0
Set Net Indication Callback called
Bus state is: 0
Set Net Indication Callback called
Bus state is: 0
Set Net Indication Callback called
Bus state is: 0
Set Net Indication Callback called
Bus state is: 0
Set Net Indication Callback called
Bus state is: 0
Set Net Indication Callback called
Bus state is: 0
Set Net Indication Callback called
Bus state is: 0
Set Net Indication Callback called
Bus state is: 0
Set Net Indication Callback called
Bus state is: 0
Set Net Indication Callback called
Bus state is: 0
Set Net Indication Callback called
Bus state is: 0
Set Net Indication Callback called
Bus state is: 0
Set Net Indication Callback called
Bus state is: 0
Set Net Indication Callback called
Bus state is: 0
Set Net Indication Callback called
Bus state is: 0
Set Net Indication Callback called
Bus state is: 0
Set Net Indication Callback called
Bus state is: 0
Set Net Indication Callback called
Bus state is: 0
Set Net Indication Callback called
Bus state is: 0
Set Net Indication Callback called
Bus state is: 0
Set Net Indication Callback called
Bus state is: 0
Set Net Indication Callback called
Bus state is: 0
Set Net Indication Callback called
Bus state is: 0
Set Net Indication Callback called
Bus state is: 0
Set Net Indication Callback called
Bus state is: 0
Set Net Indication Callback called
Bus state is: 0
Set Net Indication Callback called
Bus state is: 0
Set Net Indication Callback called
Bus state is: 0
Set Net Indication Callback called
Bus state is: 0
Set Net Indication Callback called
Bus state is: 0
Set Net Indication Callback called
Bus state is: 0
Set Net Indication Callback called
Bus state is: 0
Set Net Indication Callback called
Bus state is: 0
Set Net Indication Callback called
Bus state is: 0
Set Net Indication Callback called
Bus state is: 0
Set Net Indication Callback called
Bus state is: 0
Set Net Indication Callback called
Bus state is: 0
Set Net Indication Callback called
Bus state is: 0
Set Net Indication Callback called
Bus state is: 0
Set Net Indication Callback called
Bus state is: 0
Set Net Indication Callback called
Bus state is: 0
Set Net Indication Callback called
Bus state is: 0
Set Net Indication Callback called
Bus state is: 0
Set Net Indication Callback called
Bus state is: 0
Set Net Indication Callback called
Bus state is: 0
Set Net Indication Callback called
Bus state is: 0
Set Net Indication Callback called
Bus state is: 0
Set Net Indication Callback called
Bus state is: 0
Set Net Indication Callback called
Bus state is: 0
Set Net Indication Callback called
Bus state is: 0
Set Net Indication Callback called
Bus state is: 0
Set Net Indication Callback called
Bus state is: 0
Set Net Indication Callback called
Bus state is: 0
Set Net Indication Callback called
Bus state is: 0
Set Net Indication Callback called
Bus state is: 0
Set Net Indication Callback called
Bus state is: 0
Set Net Indication Callback called
Bus state is: 0
Set Net Indication Callback called
Bus state is: 0
Set Net Indication Callback called
Bus state is: 0
Set Net Indication Callback called
Bus state is: 0
Set Net Indication Callback called
Bus state is: 0
Set Net Indication Callback called
Bus state is: 0
Set Net Indication Callback called
Bus state is: 0
Set Net Indication Callback called
Bus state is: 0
Set Net Indication Callback called
Bus state is: 0
Set Net Indication Callback called
Bus state is: 0
Set Net Indication Callback called
Bus state is: 0
Set Net Indication Callback called
Bus state is: 0
Set Net Indication Callback called
Bus state is: 0
Set Net Indication Callback called
Bus state is: 0
Set Net Indication Callback called
Bus state is: 0
Set Net Indication Callback called
Bus state is: 0
Set Net Indication Callback called
Bus state is: 0
Set Net Indication Callback called
Bus state is: 0
Set Net Indication Callback called
Bus state is: 0
Set Net Indication Callback called
Bus state is: 0
Set Net Indication Callback called
Bus state is: 0
Set Net Indication Callback called
Bus state is: 0
Set Net Indication Callback called
Bus state is: 0
Set Net Indication Callback called
Bus state is: 0
Set Net Indication Callback called
Bus state is: 0
Set Net Indication Callback called
Bus state is: 0
Set Net Indication Callback called
Bus state is: 0
Set Net Indication Callback called
Bus state is: 0
Set Net Indication Callback called
Bus state is: 0
Set Net Indication Callback called
Bus state is: 0
Set Net Indication Callback called
Bus state is: 0
Set Net Indication Callback called
Bus state is: 0
Set Net Indication Callback called
Bus state is: 0
Set Net Indication Callback called
Bus state is: 0
Set Net Indication Callback called
Bus state is: 0
Set Net Indication Callback called
Bus state is: 0
Set Net Indication Callback called
Bus state is: 0
Set Net Indication Callback called
Bus state is: 0
Set Net Indication Callback called
Bus state is: 0
Set Net Indication Callback called
Bus state is: 0
Set Net Indication Callback called
Bus state is: 0
Set Net Indication Callback called
Bus state is: 0
Set Net Indication Callback called
Bus state is: 0
Set Net Indication Callback called
Bus state is: 0
Set Net Indication Callback called
Bus state is: 0
Set Net Indication Callback called
Bus state is: 0
Set Net Indication Callback called
Bus state is: 0
Set Net Indication Callback called
Bus state is: 0
Set Net Indication Callback called
Bus state is: 0
Set Net Indication Callback called
Bus state is: 0
Set Net Indication Callback called
Bus state is: 0
Set Net Indication Callback called
Bus state is: 0
Set Net Indication Callback called
Bus state is: 0
Set Net Indication Callback called
Bus state is: 0
Set Net Indication Callback called
Bus state is: 0
Set Net Indication Callback called
Bus state is: 0
Set Net Indication Callback called
Bus state is: 0
Set Net Indication Callback called
Bus state is: 0
Set Net Indication Callback called
Bus state is: 0
Set Net Indication Callback called
Bus state is: 0
Set Net Indication Callback called
Bus state is: 0
Set Net Indication Callback called
Bus state is: 0
Set Net Indication Callback called
Bus state is: 0
Set Net Indication Callback called
Bus state is: 0
Set Net Indication Callback called
Bus state is: 0
Set Net Indication Callback called
Bus state is: 0
Set Net Indication Callback called
Bus state is: 0
Set Net Indication Callback called
Bus state is: 0
Set Net Indication Callback called
Bus state is: 0
Set Net Indication Callback called
Bus state is: 0
Set Net Indication Callback called
Bus state is: 0
Set Net Indication Callback called
Bus state is: 0
Set Net Indication Callback called
Bus state is: 0
Set Net Indication Callback called
Bus state is: 0
Set Net Indication Callback called
Bus state is: 0
Set Net Indication Callback called
Bus state is: 0
Set Net Indication Callback called
Bus state is: 0
Set Net Indication Callback called
Bus state is: 0
Set Net Indication Callback called
Bus state is: 0
Set Net Indication Callback called
Bus state is: 0
Set Net Indication Callback called
Bus state is: 0
Set Net Indication Callback called
Bus state is: 0
Set Net Indication Callback called
Bus state is: 0
Set Net Indication Callback called
Bus state is: 0
Set Net Indication Callback called
Bus state is: 0
Set Net Indication Callback called
Bus state is: 0
Set Net Indication Callback called
Bus state is: 0
Set Net Indication Callback called
Bus state is: 0
Set Net Indication Callback called
Bus state is: 0
Set Net Indication Callback called
Bus state is: 0
Set Net Indication Callback called
Bus state is: 0
Set Net Indication Callback called
Bus state is: 0
Set Net Indication Callback called
Bus state is: 0
Set Net Indication Callback called
Bus state is: 0
Set Net Indication Callback called
Bus state is: 0
Set Net Indication Callback called
Bus state is: 0
Set Net Indication Callback called
Bus state is: 0
Set Net Indication Callback called
Bus state is: 0
Set Net Indication Callback called
Bus state is: 0
Set Net Indication Callback called
Bus state is: 0
Set Net Indication Callback called
Bus state is: 0
Set Net Indication Callback called
Bus state is: 0
Set Net Indication Callback called
Bus state is: 0
Set Net Indication Callback called
Bus state is: 0
Set Net Indication Callback called
Bus state is: 0
Set Net Indication Callback called
Bus state is: 0
Set Net Indication Callback called
Bus state is: 0
Set Net Indication Callback called
Bus state is: 0
Set Net Indication Callback called
Bus state is: 0
Set Net Indication Callback called
Bus state is: 0
Set Net Indication Callback called
Bus state is: 0
Set Net Indication Callback called
Bus state is: 0
Set Net Indication Callback called
Bus state is: 0
Set Net Indication Callback called
Bus state is: 0
Set Net Indication Callback called
Bus state is: 0
Set Net Indication Callback called
Bus state is: 0
Set Net Indication Callback called
Bus state is: 0
Set Net Indication Callback called
Bus state is: 0
Set Net Indication Callback called
Bus state is: 0
Set Net Indication Callback called
Bus state is: 0
Set Net Indication Callback called
Bus state is: 0
Set Net Indication Callback called
Bus state is: 0
Set Net Indication Callback called
Bus state is: 0
Set Net Indication Callback called
Bus state is: 0
Set Net Indication Callback called
Bus state is: 0
Set Net Indication Callback called
Bus state is: 0
Set Net Indication Callback called
Bus state is: 0
Set Net Indication Callback called
Bus state is: 0
Set Net Indication Callback called
Bus state is: 0
Set Net Indication Callback called
Bus state is: 0
Set Net Indication Callback called
Bus state is: 0
Set Net Indication Callback called
Bus state is: 0
Set Net Indication Callback called
Bus state is: 0
Set Net Indication Callback called
Bus state is: 0
Set Net Indication Callback called
Bus state is: 0
Set Net Indication Callback called
Bus state is: 0
Set Net Indication Callback called
Bus state is: 0
Set Net Indication Callback called
Bus state is: 0
Set Net Indication Callback called
Bus state is: 0
Set Net Indication Callback called
Bus state is: 0
Set Net Indication Callback called
Bus state is: 0
Set Net Indication Callback called
Bus state is: 0
Set Net Indication Callback called
Bus state is: 0
Set Net Indication Callback called
Bus state is: 0
Set Net Indication Callback called
Bus state is: 0
Set Net Indication Callback called
Bus state is: 0
Set Net Indication Callback called
Bus state is: 0
Set Net Indication Callback called
Bus state is: 0
Set Net Indication Callback called
Bus state is: 0
Set Net Indication Callback called
Bus state is: 0
Set Net Indication Callback called
Bus state is: 0
Set Net Indication Callback called
Bus state is: 0
Set Net Indication Callback called
Bus state is: 0
Set Net Indication Callback called
Bus state is: 0
Set Net Indication Callback called
Bus state is: 0
Set Net Indication Callback called
Bus state is: 0
Set Net Indication Callback called
Bus state is: 0
Set Net Indication Callback called
Bus state is: 0
Set Net Indication Callback called
Bus state is: 0
Set Net Indication Callback called
Bus state is: 0
Set Net Indication Callback called
Bus state is: 0
Set Net Indication Callback called
Bus state is: 0
Set Net Indication Callback called
Bus state is: 0
Set Net Indication Callback called
Bus state is: 0
Set Net Indication Callback called
Bus state is: 0
Set Net Indication Callback called
Bus state is: 0
Set Net Indication Callback called
Bus state is: 0
Set Net Indication Callback called
Bus state is: 0
Set Net Indication Callback called
Bus state is: 0
Set Net Indication Callback called
Bus state is: 0
Set Net Indication Callback called
Bus state is: 0
Set Net Indication Callback called
Bus state is: 0
Set Net Indication Callback called
Bus state is: 0
Set Net Indication Callback called
Bus state is: 0
Set Net Indication Callback called
Bus state is: 0
Set Net Indication Callback called
Bus state is: 0
Set Net Indication Callback called
Bus state is: 0
Set Net Indication Callback called
Bus state is: 0
Set Net Indication Callback called
Bus state is: 0
Set Net Indication Callback called
Bus state is: 0
Set Net Indication Callback called
Bus state is: 0
Set Net Indication Callback called
Bus state is: 0
Set Net Indication Callback called
Bus state is: 0
Set Net Indication Callback called
Bus state is: 0
Set Net Indication Callback called
Bus state is: 0
Set Net Indication Callback called
Bus state is: 0
Set Net Indication Callback called
Bus state is: 0
Set Net Indication Callback called
Bus state is: 0
Set Net Indication Callback called
Bus state is: 0
Set Net Indication Callback called
Bus state is: 0
Set Net Indication Callback called
Bus state is: 0
Set Net Indication Callback called
Bus state is: 0
Set Net Indication Callback called
Bus state is: 0
Set Net Indication Callback called
Bus state is: 0
Set Net Indication Callback called
Bus state is: 0
Set Net Indication Callback called
Bus state is: 0
Set Net Indication Callback called
Bus state is: 0
Set Net Indication Callback called
Bus state is: 0
Set Net Indication Callback called
Bus state is: 0
Set Net Indication Callback called
Bus state is: 0
Set Net Indication Callback called
Bus state is: 0
Set Net Indication Callback called
Bus state is: 0
Set Net Indication Callback called
Bus state is: 0
Set Net Indication Callback called
Bus state is: 0
Set Net Indication Callback called
Bus state is: 0
Set Net Indication Callback called
Bus state is: 0
Set Net Indication Callback called
Bus state is: 0
Set Net Indication Callback called
Bus state is: 0
Set Net Indication Callback called
Bus state is: 0
Set Net Indication Callback called
Bus state is: 0
Set Net Indication Callback called
Bus state is: 0
Set Net Indication Callback called
Bus state is: 0
Set Net Indication Callback called
Bus state is: 0
Set Net Indication Callback called
Bus state is: 0
Set Net Indication Callback called
Bus state is: 0
Set Net Indication Callback called
Bus state is: 0
Set Net Indication Callback called
Bus state is: 0
Set Net Indication Callback called
Bus state is: 0
Set Net Indication Callback called
Bus state is: 0
Set Net Indication Callback called
Bus state is: 0
Set Net Indication Callback called
Bus state is: 0
Set Net Indication Callback called
Bus state is: 0
Set Net Indication Callback called
Bus state is: 0
Set Net Indication Callback called
Bus state is: 0
Set Net Indication Callback called
Bus state is: 0
Set Net Indication Callback called
Bus state is: 0
Set Net Indication Callback called
Bus state is: 0
Node Change Callback called
New node found at address 75
Set Net Indication Callback called
Bus state is: 0
Node Change Callback called
New node found at address 131
Node Change Callback called
New node found at address 67
Set Net Indication Callback called
Bus state is: 0
Set Net Indication Callback called
Bus state is: 0
Set Net Indication Callback called
Bus state is: 0
Set Net Indication Callback called
Bus state is: 0
Set Net Indication Callback called
Bus state is: 0
Set Net Indication Callback called
Bus state is: 0
Set Net Indication Callback called
Bus state is: 0
Set Net Indication Callback called
Bus state is: 0
Set Net Indication Callback called
Bus state is: 0
Set Net Indication Callback called
Bus state is: 0
Set Net Indication Callback called
Bus state is: 0
Set Net Indication Callback called
Bus state is: 0
Set Net Indication Callback called
Bus state is: 0
Set Net Indication Callback called
Bus state is: 0
Set Net Indication Callback called
Bus state is: 0
Set Net Indication Callback called
Bus state is: 0
Node Change Callback called
New node found at address 59
Set Net Indication Callback called
Bus state is: 0
Set Net Indication Callback called
Bus state is: 0
Node Change Callback called
New node found at address 132
Set Net Indication Callback called
Bus state is: 0
Set Net Indication Callback called
Bus state is: 0
Set Net Indication Callback called
Bus state is: 0
Set Net Indication Callback called
Bus state is: 0
Node Change Callback called
New node found at address 61
Set Net Indication Callback called
Bus state is: 0
Set Net Indication Callback called
Bus state is: 0
Set Net Indication Callback called
Bus state is: 0
Node Change Callback called
New node found at address 130
Set Net Indication Callback called
Bus state is: 0
Set Net Indication Callback called
Bus state is: 0
Set Net Indication Callback called
Bus state is: 0
Node Change Callback called
New node found at address 142
Set Net Indication Callback called
Bus state is: 0
Set Net Indication Callback called
Bus state is: 0
Node Change Callback called
New node found at address 69
Set Net Indication Callback called
Bus state is: 0
Set Net Indication Callback called
Bus state is: 0
Set Net Indication Callback called
Bus state is: 0
Node Change Callback called
New node found at address 77
Node Change Callback called
New node found at address 134
Node Change Callback called
New node found at address 136
Set Net Indication Callback called
Bus state is: 0
Set Net Indication Callback called
Bus state is: 0
Node Change Callback called
New node found at address 129
Set Net Indication Callback called
Bus state is: 0
Node Change Callback called
New node found at address 139
Set Net Indication Callback called
Bus state is: 0
Set Net Indication Callback called
Bus state is: 0
Node Change Callback called
New node found at address 79
Node Change Callback called
New node found at address 133
Node Change Callback called
New node found at address 60
Set Net Indication Callback called
Bus state is: 0
Set Net Indication Callback called
Bus state is: 0
Set Net Indication Callback called
Bus state is: 0
Node Change Callback called
New node found at address 138
Node Change Callback called
New node found at address 78
Node Change Callback called
New node found at address 141
Set Net Indication Callback called
Bus state is: 0
Set Net Indication Callback called
Bus state is: 0
Node Change Callback called
New node found at address 137
Set Net Indication Callback called
Bus state is: 0
Set Net Indication Callback called
Bus state is: 0
Node Change Callback called
New node found at address 76
Set Net Indication Callback called
Bus state is: 0
Set Net Indication Callback called
Bus state is: 0
Set Net Indication Callback called
Bus state is: 0
Node Change Callback called
New node found at address 143
Set Net Indication Callback called
Bus state is: 0
Set Net Indication Callback called
Bus state is: 0
Node Change Callback called
New node found at address 70
Set Net Indication Callback called
Bus state is: 0
Set Net Indication Callback called
Bus state is: 0
Set Net Indication Callback called
Bus state is: 0
Node Change Callback called
New node found at address 140
Set Net Indication Callback called
Bus state is: 0
Set Net Indication Callback called
Bus state is: 0
Set Net Indication Callback called
Bus state is: 0
Set Net Indication Callback called
Bus state is: 0
Set Net Indication Callback called
Bus state is: 0
Set Net Indication Callback called
Bus state is: 0
Set Net Indication Callback called
Bus state is: 0
Set Net Indication Callback called
Bus state is: 0
Set Net Indication Callback called
Bus state is: 0
Set Net Indication Callback called
Bus state is: 0
Set Net Indication Callback called
Bus state is: 0
Set Net Indication Callback called
Bus state is: 0
Set Net Indication Callback called
Bus state is: 0
Set Net Indication Callback called
Bus state is: 0
Set Net Indication Callback called
Bus state is: 0
Set Net Indication Callback called
Bus state is: 0
Set Net Indication Callback called
Bus state is: 0
Set Net Indication Callback called
Bus state is: 0
Set Net Indication Callback called
Bus state is: 0
Set Net Indication Callback called
Bus state is: 0
Set Net Indication Callback called
Bus state is: 0
Set Net Indication Callback called
Bus state is: 0
Set Net Indication Callback called
Bus state is: 0
Set Net Indication Callback called
Bus state is: 0
Node Change Callback called
New node found at address 71
Set Net Indication Callback called
Bus state is: 0
Set Net Indication Callback called
Bus state is: 0
Node Change Callback called
New node found at address 62
Node Change Callback called
New node found at address 135
Set Net Indication Callback called
Bus state is: 0
Set Net Indication Callback called
Bus state is: 0
Node Change Callback called
New node found at address 128
Set Net Indication Callback called
Bus state is: 0
Set Net Indication Callback called
Bus state is: 0
Set Net Indication Callback called
Bus state is: 0
Set Net Indication Callback called
Bus state is: 0
Set Net Indication Callback called
Bus state is: 0
Node Change Callback called
New node found at address 63
Set Net Indication Callback called
Bus state is: 0
Set Net Indication Callback called
Bus state is: 0
Node Change Callback called
New node found at address 66
Set Net Indication Callback called
Bus state is: 0
Set Net Indication Callback called
Bus state is: 0
Set Net Indication Callback called
Bus state is: 0
Set Net Indication Callback called
Bus state is: 0
Set Net Indication Callback called
Bus state is: 0
Node Change Callback called
New node found at address 74
Set Net Indication Callback called
Bus state is: 0
Set Net Indication Callback called
Bus state is: 0
Set Net Indication Callback called
Bus state is: 0
Set Net Indication Callback called
Bus state is: 0
Set Net Indication Callback called
Bus state is: 0
Set Net Indication Callback called
Bus state is: 0
Set Net Indication Callback called
Bus state is: 0
Set Net Indication Callback called
Bus state is: 0
Set Net Indication Callback called
Bus state is: 0
Set Net Indication Callback called
Bus state is: 0
Set Net Indication Callback called
Bus state is: 0
Set Net Indication Callback called
Bus state is: 0
Set Net Indication Callback called
Bus state is: 0
Set Net Indication Callback called
Bus state is: 0
Set Net Indication Callback called
Bus state is: 0
Set Net Indication Callback called
Bus state is: 0
Set Net Indication Callback called
Bus state is: 0
Set Net Indication Callback called
Bus state is: 0
Set Net Indication Callback called
Bus state is: 0
Set Net Indication Callback called
Bus state is: 0
Set Net Indication Callback called
Bus state is: 0
Set Net Indication Callback called
Bus state is: 0
Set Net Indication Callback called
Bus state is: 0
Set Net Indication Callback called
Bus state is: 0
Set Net Indication Callback called
Bus state is: 0
Set Net Indication Callback called
Bus state is: 0
Set Net Indication Callback called
Bus state is: 0
Set Net Indication Callback called
Bus state is: 0
Set Net Indication Callback called
Bus state is: 0
Set Net Indication Callback called
Bus state is: 0
Set Net Indication Callback called
Bus state is: 0
Set Net Indication Callback called
Bus state is: 0
Set Net Indication Callback called
Bus state is: 0
Set Net Indication Callback called
Bus state is: 0
Set Net Indication Callback called
Bus state is: 0
Set Net Indication Callback called
Bus state is: 0
Set Net Indication Callback called
Bus state is: 0
Set Net Indication Callback called
Bus state is: 0
Set Net Indication Callback called
Bus state is: 0
Set Net Indication Callback called
Bus state is: 0
Set Net Indication Callback called
Bus state is: 0
Set Net Indication Callback called
Bus state is: 0
Set Net Indication Callback called
Bus state is: 0
Set Net Indication Callback called
Bus state is: 0
Set Net Indication Callback called
Bus state is: 0
Set Net Indication Callback called
Bus state is: 0
Set Net Indication Callback called
Bus state is: 0
Set Net Indication Callback called
Bus state is: 0
Set Net Indication Callback called
Bus state is: 0
Set Net Indication Callback called
Bus state is: 0
Set Net Indication Callback called
Bus state is: 0
Set Net Indication Callback called
Bus state is: 0
Set Net Indication Callback called
Bus state is: 0
Set Net Indication Callback called
Bus state is: 0
Set Net Indication Callback called
Bus state is: 0
Set Net Indication Callback called
Bus state is: 0
Set Net Indication Callback called
Bus state is: 0
Set Net Indication Callback called
Bus state is: 0
Set Net Indication Callback called
Bus state is: 0
Set Net Indication Callback called
Bus state is: 0
Set Net Indication Callback called
Bus state is: 0
Set Net Indication Callback called
Bus state is: 0
Set Net Indication Callback called
Bus state is: 0
Set Net Indication Callback called
Bus state is: 0
Set Net Indication Callback called
Bus state is: 0
Set Net Indication Callback called
Bus state is: 0
Set Net Indication Callback called
Bus state is: 0
Set Net Indication Callback called
Bus state is: 0
Set Net Indication Callback called
Bus state is: 0
Set Net Indication Callback called
Bus state is: 0
Set Net Indication Callback called
Bus state is: 0
Set Net Indication Callback called
Bus state is: 0
Set Net Indication Callback called
Bus state is: 0
Set Net Indication Callback called
Bus state is: 0
Set Net Indication Callback called
Bus state is: 0
Set Net Indication Callback called
Bus state is: 0
Set Net Indication Callback called
Bus state is: 0
Set Net Indication Callback called
Bus state is: 0
Set Net Indication Callback called
Bus state is: 0
Set Net Indication Callback called
Bus state is: 0
Set Net Indication Callback called
Bus state is: 0
Set Net Indication Callback called
Bus state is: 0
Set Net Indication Callback called
Bus state is: 0
Set Net Indication Callback called
Bus state is: 0
Set Net Indication Callback called
Bus state is: 0
Set Net Indication Callback called
Bus state is: 0
Set Net Indication Callback called
Bus state is: 0
Set Net Indication Callback called
Bus state is: 0
Set Net Indication Callback called
Bus state is: 0
Set Net Indication Callback called
Bus state is: 0
Set Net Indication Callback called
Bus state is: 0
Set Net Indication Callback called
Bus state is: 0
Set Net Indication Callback called
Bus state is: 0
Set Net Indication Callback called
Bus state is: 0
Set Net Indication Callback called
Bus state is: 0
Set Net Indication Callback called
Bus state is: 0
Set Net Indication Callback called
Bus state is: 0
Set Net Indication Callback called
Bus state is: 0
Set Net Indication Callback called
Bus state is: 0
Set Net Indication Callback called
Bus state is: 0
Set Net Indication Callback called
Bus state is: 0
Set Net Indication Callback called
Bus state is: 0
Set Net Indication Callback called
Bus state is: 0
Set Net Indication Callback called
Bus state is: 0
Set Net Indication Callback called
Bus state is: 0
Set Net Indication Callback called
Bus state is: 0
Set Net Indication Callback called
Bus state is: 0
Set Net Indication Callback called
Bus state is: 0
Set Net Indication Callback called
Bus state is: 0
Set Net Indication Callback called
Bus state is: 0
Set Net Indication Callback called
Bus state is: 0
Set Net Indication Callback called
Bus state is: 0
Set Net Indication Callback called
Bus state is: 0
Set Net Indication Callback called
Bus state is: 0
Set Net Indication Callback called
Bus state is: 0
Set Net Indication Callback called
Bus state is: 0
Set Net Indication Callback called
Bus state is: 0
Set Net Indication Callback called
Bus state is: 0
Set Net Indication Callback called
Bus state is: 0
Set Net Indication Callback called
Bus state is: 0
Set Net Indication Callback called
Bus state is: 0
Set Net Indication Callback called
Bus state is: 0
Set Net Indication Callback called
Bus state is: 0
Set Net Indication Callback called
Bus state is: 0
Set Net Indication Callback called
Bus state is: 0
Set Net Indication Callback called
Bus state is: 0
Set Net Indication Callback called
Bus state is: 0
Set Net Indication Callback called
Bus state is: 0
Set Net Indication Callback called
Bus state is: 0
Set Net Indication Callback called
Bus state is: 0
Set Net Indication Callback called
Bus state is: 0
Set Net Indication Callback called
Bus state is: 0
Set Net Indication Callback called
Bus state is: 0
Set Net Indication Callback called
Bus state is: 0
Set Net Indication Callback called
Bus state is: 0
Set Net Indication Callback called
Bus state is: 0
Set Net Indication Callback called
Bus state is: 0
Set Net Indication Callback called
Bus state is: 0
Set Net Indication Callback called
Bus state is: 0
Set Net Indication Callback called
Bus state is: 0
Set Net Indication Callback called
Bus state is: 0
Set Net Indication Callback called
Bus state is: 0
Set Net Indication Callback called
Bus state is: 0
Set Net Indication Callback called
Bus state is: 0
Set Net Indication Callback called
Bus state is: 0
Set Net Indication Callback called
Bus state is: 0
Set Net Indication Callback called
Bus state is: 0
Set Net Indication Callback called
Bus state is: 0
Set Net Indication Callback called
Bus state is: 0
Set Net Indication Callback called
Bus state is: 0
Set Net Indication Callback called
Bus state is: 0
Set Net Indication Callback called
Bus state is: 0
Set Net Indication Callback called
Bus state is: 0
Set Net Indication Callback called
Bus state is: 0
Set Net Indication Callback called
Bus state is: 0
Set Net Indication Callback called
Bus state is: 0
Set Net Indication Callback called
Bus state is: 0
Set Net Indication Callback called
Bus state is: 0
Set Net Indication Callback called
Bus state is: 0
Set Net Indication Callback called
Bus state is: 0
Set Net Indication Callback called
Bus state is: 0
Set Net Indication Callback called
Bus state is: 0
Set Net Indication Callback called
Bus state is: 0
Set Net Indication Callback called
Bus state is: 0
Set Net Indication Callback called
Bus state is: 0
Set Net Indication Callback called
Bus state is: 0
Set Net Indication Callback called
Bus state is: 0
Set Net Indication Callback called
Bus state is: 0
Set Net Indication Callback called
Bus state is: 0
Set Net Indication Callback called
Bus state is: 0
Set Net Indication Callback called
Bus state is: 0
Set Net Indication Callback called
Bus state is: 0
Set Net Indication Callback called
Bus state is: 0
Set Net Indication Callback called
Bus state is: 0
Set Net Indication Callback called
Bus state is: 0
Set Net Indication Callback called
Bus state is: 0
Set Net Indication Callback called
Bus state is: 0
Set Net Indication Callback called
Bus state is: 0
Set Net Indication Callback called
Bus state is: 0
Set Net Indication Callback called
Bus state is: 0
Set Net Indication Callback called
Bus state is: 0
Set Net Indication Callback called
Bus state is: 0
Set Net Indication Callback called
Bus state is: 0
Set Net Indication Callback called
Bus state is: 0
Set Net Indication Callback called
Bus state is: 0
Set Net Indication Callback called
Bus state is: 0
Set Net Indication Callback called
Bus state is: 0
Set Net Indication Callback called
Bus state is: 0
Set Net Indication Callback called
Bus state is: 0
Set Net Indication Callback called
Bus state is: 0
Set Net Indication Callback called
Bus state is: 0
Set Net Indication Callback called
Bus state is: 0
Set Net Indication Callback called
Bus state is: 0
Set Net Indication Callback called
Bus state is: 0
Set Net Indication Callback called
Bus state is: 0
Set Net Indication Callback called
Bus state is: 0
Set Net Indication Callback called
Bus state is: 0
Set Net Indication Callback called
Bus state is: 0
Set Net Indication Callback called
Bus state is: 0
Set Net Indication Callback called
Bus state is: 0
Set Net Indication Callback called
Bus state is: 0
Set Net Indication Callback called
Bus state is: 0
Set Net Indication Callback called
Bus state is: 0
Set Net Indication Callback called
Bus state is: 0
Set Net Indication Callback called
Bus state is: 0
Set Net Indication Callback called
Bus state is: 0
Set Net Indication Callback called
Bus state is: 0
Set Net Indication Callback called
Bus state is: 0
Set Net Indication Callback called
Bus state is: 0
Set Net Indication Callback called
Bus state is: 0
Set Net Indication Callback called
Bus state is: 0
Set Net Indication Callback called
Bus state is: 0
Set Net Indication Callback called
Bus state is: 0
Set Net Indication Callback called
Bus state is: 0
Set Net Indication Callback called
Bus state is: 0
Set Net Indication Callback called
Bus state is: 0
Set Net Indication Callback called
Bus state is: 0
Set Net Indication Callback called
Bus state is: 0
Set Net Indication Callback called
Bus state is: 0
Set Net Indication Callback called
Bus state is: 0
Set Net Indication Callback called
Bus state is: 0
Set Net Indication Callback called
Bus state is: 0
Set Net Indication Callback called
Bus state is: 0
Set Net Indication Callback called
Bus state is: 0
Set Net Indication Callback called
Bus state is: 0
Set Net Indication Callback called
Bus state is: 0
Set Net Indication Callback called
Bus state is: 0
Set Net Indication Callback called
Bus state is: 0
Set Net Indication Callback called
Bus state is: 0
Set Net Indication Callback called
Bus state is: 0
Set Net Indication Callback called
Bus state is: 0
Set Net Indication Callback called
Bus state is: 0
Set Net Indication Callback called
Bus state is: 0
Set Net Indication Callback called
Bus state is: 0
Set Net Indication Callback called
Bus state is: 0
Set Net Indication Callback called
Bus state is: 0
Set Net Indication Callback called
Bus state is: 0
Set Net Indication Callback called
Bus state is: 0
Set Net Indication Callback called
Bus state is: 0
Set Net Indication Callback called
Bus state is: 0
Set Net Indication Callback called
Bus state is: 0
Set Net Indication Callback called
Bus state is: 0
Set Net Indication Callback called
Bus state is: 0
Set Net Indication Callback called
Bus state is: 0
Set Net Indication Callback called
Bus state is: 0
Set Net Indication Callback called
Bus state is: 0
Set Net Indication Callback called
Bus state is: 0
Set Net Indication Callback called
Bus state is: 0
Set Net Indication Callback called
Bus state is: 0
Set Net Indication Callback called
Bus state is: 0
Set Net Indication Callback called
Bus state is: 0
Set Net Indication Callback called
Bus state is: 0
Set Net Indication Callback called
Bus state is: 0
Set Net Indication Callback called
Bus state is: 0
Set Net Indication Callback called
Bus state is: 0
Set Net Indication Callback called
Bus state is: 0
Set Net Indication Callback called
Bus state is: 0
Set Net Indication Callback called
Bus state is: 0
Set Net Indication Callback called
Bus state is: 0
Set Net Indication Callback called
Bus state is: 0
Set Net Indication Callback called
Bus state is: 0
Set Net Indication Callback called
Bus state is: 0
Set Net Indication Callback called
Bus state is: 0
Set Net Indication Callback called
Bus state is: 0
Set Net Indication Callback called
Bus state is: 0
Set Net Indication Callback called
Bus state is: 0
Set Net Indication Callback called
Bus state is: 0
Set Net Indication Callback called
Bus state is: 0
Set Net Indication Callback called
Bus state is: 0
Set Net Indication Callback called
Bus state is: 0
Set Net Indication Callback called
Bus state is: 0
Set Net Indication Callback called
Bus state is: 0
Set Net Indication Callback called
Bus state is: 0
Set Net Indication Callback called
Bus state is: 0
Set Net Indication Callback called
Bus state is: 0
Set Net Indication Callback called
Bus state is: 0
Set Net Indication Callback called
Bus state is: 0
Set Net Indication Callback called
Bus state is: 0
Set Net Indication Callback called
Bus state is: 0
Set Net Indication Callback called
Bus state is: 0
Set Net Indication Callback called
Bus state is: 0
Set Net Indication Callback called
Bus state is: 0
Set Net Indication Callback called
Bus state is: 0
Set Net Indication Callback called
Bus state is: 0
Set Net Indication Callback called
Bus state is: 0
Set Net Indication Callback called
Bus state is: 0
Set Net Indication Callback called
Bus state is: 0
Set Net Indication Callback called
Bus state is: 0
Set Net Indication Callback called
Bus state is: 0
Set Net Indication Callback called
Bus state is: 0
Set Net Indication Callback called
Bus state is: 0
Set Net Indication Callback called
Bus state is: 0
Set Net Indication Callback called
Bus state is: 0
Set Net Indication Callback called
Bus state is: 0
Set Net Indication Callback called
Bus state is: 0
Set Net Indication Callback called
Bus state is: 0
Set Net Indication Callback called
Bus state is: 0
Set Net Indication Callback called
Bus state is: 0
Set Net Indication Callback called
Bus state is: 0
Set Net Indication Callback called
Bus state is: 0
Set Net Indication Callback called
Bus state is: 0
Set Net Indication Callback called
Bus state is: 0
Set Net Indication Callback called
Bus state is: 0
Set Net Indication Callback called
Bus state is: 0
Set Net Indication Callback called
Bus state is: 0
Set Net Indication Callback called
Bus state is: 0
Set Net Indication Callback called
Bus state is: 0
Set Net Indication Callback called
Bus state is: 0
Set Net Indication Callback called
Bus state is: 0
Set Net Indication Callback called
Bus state is: 0
Set Net Indication Callback called
Bus state is: 0
Set Net Indication Callback called
Bus state is: 0
Set Net Indication Callback called
Bus state is: 0
Set Net Indication Callback called
Bus state is: 0
Set Net Indication Callback called
Bus state is: 0
Set Net Indication Callback called
Bus state is: 0
Set Net Indication Callback called
Bus state is: 0
Set Net Indication Callback called
Bus state is: 0
Set Net Indication Callback called
Bus state is: 0
Set Net Indication Callback called
Bus state is: 0
Set Net Indication Callback called
Bus state is: 0
Set Net Indication Callback called
Bus state is: 0
Set Net Indication Callback called
Bus state is: 0
Set Net Indication Callback called
Bus state is: 0
Set Net Indication Callback called
Bus state is: 0
Set Net Indication Callback called
Bus state is: 0
Set Net Indication Callback called
Bus state is: 0
Set Net Indication Callback called
Bus state is: 0
Set Net Indication Callback called
Bus state is: 0
Set Net Indication Callback called
Bus state is: 0
Set Net Indication Callback called
Bus state is: 0
Set Net Indication Callback called
Bus state is: 0
Set Net Indication Callback called
Bus state is: 0
Set Net Indication Callback called
Bus state is: 0
Set Net Indication Callback called
Bus state is: 0
Set Net Indication Callback called
Bus state is: 0
Set Net Indication Callback called
Bus state is: 0
Set Net Indication Callback called
Bus state is: 0
Set Net Indication Callback called
Bus state is: 0
Set Net Indication Callback called
Bus state is: 0
Set Net Indication Callback called
Bus state is: 0
Set Net Indication Callback called
Bus state is: 0
Set Net Indication Callback called
Bus state is: 0
Set Net Indication Callback called
Bus state is: 0
Set Net Indication Callback called
Bus state is: 0
Set Net Indication Callback called
Bus state is: 0
Set Net Indication Callback called
Bus state is: 0
Set Net Indication Callback called
Bus state is: 0
Set Net Indication Callback called
Bus state is: 0
Set Net Indication Callback called
Bus state is: 0
Set Net Indication Callback called
Bus state is: 0
Set Net Indication Callback called
Bus state is: 0
Set Net Indication Callback called
Bus state is: 0
Set Net Indication Callback called
Bus state is: 0
Set Net Indication Callback called
Bus state is: 0
Set Net Indication Callback called
Bus state is: 0
Set Net Indication Callback called
Bus state is: 0
Set Net Indication Callback called
Bus state is: 0
Set Net Indication Callback called
Bus state is: 0
Set Net Indication Callback called
Bus state is: 0
Set Net Indication Callback called
Bus state is: 0
Set Net Indication Callback called
Bus state is: 0
Set Net Indication Callback called
Bus state is: 0
Set Net Indication Callback called
Bus state is: 0
Set Net Indication Callback called
Bus state is: 0
Set Net Indication Callback called
Bus state is: 0
Set Net Indication Callback called
Bus state is: 0
Set Net Indication Callback called
Bus state is: 0
Set Net Indication Callback called
Bus state is: 0
Set Net Indication Callback called
Bus state is: 0
Set Net Indication Callback called
Bus state is: 0
Set Net Indication Callback called
Bus state is: 0
Set Net Indication Callback called
Bus state is: 0
Set Net Indication Callback called
Bus state is: 0
Set Net Indication Callback called
Bus state is: 0
Set Net Indication Callback called
Bus state is: 0
Set Net Indication Callback called
Bus state is: 0
Set Net Indication Callback called
Bus state is: 0
Set Net Indication Callback called
Bus state is: 0
Set Net Indication Callback called
Bus state is: 0
Set Net Indication Callback called
Bus state is: 0
Set Net Indication Callback called
Bus state is: 0
Set Net Indication Callback called
Bus state is: 0
Set Net Indication Callback called
Bus state is: 0
Set Net Indication Callback called
Bus state is: 0
Set Net Indication Callback called
Bus state is: 0
Set Net Indication Callback called
Bus state is: 0
Set Net Indication Callback called
Bus state is: 0
Set Net Indication Callback called
Bus state is: 0
Set Net Indication Callback called
Bus state is: 0
Set Net Indication Callback called
Bus state is: 0
Set Net Indication Callback called
Bus state is: 0
Set Net Indication Callback called
Bus state is: 0
Set Net Indication Callback called
Bus state is: 0
Set Net Indication Callback called
Bus state is: 0
Set Net Indication Callback called
Bus state is: 0
Set Net Indication Callback called
Bus state is: 0
Set Net Indication Callback called
Bus state is: 0
Set Net Indication Callback called
Bus state is: 0
Set Net Indication Callback called
Bus state is: 0
Set Net Indication Callback called
Bus state is: 0
Set Net Indication Callback called
Bus state is: 0
Set Net Indication Callback called
Bus state is: 0
Set Net Indication Callback called
Bus state is: 0
Set Net Indication Callback called
Bus state is: 0
Set Net Indication Callback called
Bus state is: 0
Set Net Indication Callback called
Bus state is: 0
Set Net Indication Callback called
Bus state is: 0
Set Net Indication Callback called
Bus state is: 0
Set Net Indication Callback called
Bus state is: 0
Set Net Indication Callback called
Bus state is: 0
Set Net Indication Callback called
Bus state is: 0
Set Net Indication Callback called
Bus state is: 0
Set Net Indication Callback called
Bus state is: 0
Set Net Indication Callback called
Bus state is: 0
Set Net Indication Callback called
Bus state is: 0
Set Net Indication Callback called
Bus state is: 0
Set Net Indication Callback called
Bus state is: 0
Set Net Indication Callback called
Bus state is: 0
Set Net Indication Callback called
Bus state is: 0
Set Net Indication Callback called
Bus state is: 0
Set Net Indication Callback called
Bus state is: 0
Set Net Indication Callback called
Bus state is: 0
Set Net Indication Callback called
Bus state is: 0
Set Net Indication Callback called
Bus state is: 0
Set Net Indication Callback called
Bus state is: 0
Set Net Indication Callback called
Bus state is: 0
Set Net Indication Callback called
Bus state is: 0
Set Net Indication Callback called
Bus state is: 0
Set Net Indication Callback called
Bus state is: 0
Set Net Indication Callback called
Bus state is: 0
Set Net Indication Callback called
Bus state is: 0
Set Net Indication Callback called
Bus state is: 0
Set Net Indication Callback called
Bus state is: 0
Set Net Indication Callback called
Bus state is: 0
Set Net Indication Callback called
Bus state is: 0
Set Net Indication Callback called
Bus state is: 0
Set Net Indication Callback called
Bus state is: 0
Set Net Indication Callback called
Bus state is: 0
Set Net Indication Callback called
Bus state is: 0
Set Net Indication Callback called
Bus state is: 0
Set Net Indication Callback called
Bus state is: 0
Set Net Indication Callback called
Bus state is: 0
Set Net Indication Callback called
Bus state is: 0
Set Net Indication Callback called
Bus state is: 0
Set Net Indication Callback called
Bus state is: 0
Set Net Indication Callback called
Bus state is: 0
Set Net Indication Callback called
Bus state is: 0
Set Net Indication Callback called
Bus state is: 0
Set Net Indication Callback called
Bus state is: 0
Set Net Indication Callback called
Bus state is: 0
Set Net Indication Callback called
Bus state is: 0
Set Net Indication Callback called
Bus state is: 0
Set Net Indication Callback called
Bus state is: 0
Set Net Indication Callback called
Bus state is: 0
Set Net Indication Callback called
Bus state is: 0
Set Net Indication Callback called
Bus state is: 0
Set Net Indication Callback called
Bus state is: 0
Set Net Indication Callback called
Bus state is: 0
Set Net Indication Callback called
Bus state is: 0
Set Net Indication Callback called
Bus state is: 0
Set Net Indication Callback called
Bus state is: 0
Set Net Indication Callback called
Bus state is: 0
Set Net Indication Callback called
Bus state is: 0
Set Net Indication Callback called
Bus state is: 0
Set Net Indication Callback called
Bus state is: 0
Set Net Indication Callback called
Bus state is: 0
Set Net Indication Callback called
Bus state is: 0
Set Net Indication Callback called
Bus state is: 0
Set Net Indication Callback called
Bus state is: 0
Set Net Indication Callback called
Bus state is: 0
Set Net Indication Callback called
Bus state is: 0
Set Net Indication Callback called
Bus state is: 0
Set Net Indication Callback called
Bus state is: 0
Set Net Indication Callback called
Bus state is: 0
Set Net Indication Callback called
Bus state is: 0
Set Net Indication Callback called
Bus state is: 0
Set Net Indication Callback called
Bus state is: 0
Set Net Indication Callback called
Bus state is: 0
Set Net Indication Callback called
Bus state is: 0
Set Net Indication Callback called
Bus state is: 0
Set Net Indication Callback called
Bus state is: 0
Set Net Indication Callback called
Bus state is: 0
Set Net Indication Callback called
Bus state is: 0
Set Net Indication Callback called
Bus state is: 0
Set Net Indication Callback called
Bus state is: 0
Set Net Indication Callback called
Bus state is: 0
Set Net Indication Callback called
Bus state is: 0
Set Net Indication Callback called
Bus state is: 0
Set Net Indication Callback called
Bus state is: 0
Set Net Indication Callback called
Bus state is: 0
Set Net Indication Callback called
Bus state is: 0
Set Net Indication Callback called
Bus state is: 0
Set Net Indication Callback called
Bus state is: 0
Set Net Indication Callback called
Bus state is: 0
Set Net Indication Callback called
Bus state is: 0
Set Net Indication Callback called
Bus state is: 0
Set Net Indication Callback called
Bus state is: 0
Set Net Indication Callback called
Bus state is: 0
Set Net Indication Callback called
Bus state is: 0
Set Net Indication Callback called
Bus state is: 0
Set Net Indication Callback called
Bus state is: 0
Set Net Indication Callback called
Bus state is: 0
Set Net Indication Callback called
Bus state is: 0
Set Net Indication Callback called
Bus state is: 0
Set Net Indication Callback called
Bus state is: 0
Set Net Indication Callback called
Bus state is: 0
Set Net Indication Callback called
Bus state is: 0
Set Net Indication Callback called
Bus state is: 0
Set Net Indication Callback called
Bus state is: 0
Set Net Indication Callback called
Bus state is: 0
Set Net Indication Callback called
Bus state is: 0
Set Net Indication Callback called
Bus state is: 0
Set Net Indication Callback called
Bus state is: 0
Set Net Indication Callback called
Bus state is: 0
Set Net Indication Callback called
Bus state is: 0
Set Net Indication Callback called
Bus state is: 0
Set Net Indication Callback called
Bus state is: 0
Set Net Indication Callback called
Bus state is: 0
Set Net Indication Callback called
Bus state is: 0
Set Net Indication Callback called
Bus state is: 0
Set Net Indication Callback called
Bus state is: 0
Set Net Indication Callback called
Bus state is: 0
Set Net Indication Callback called
Bus state is: 0
Set Net Indication Callback called
Bus state is: 0
Set Net Indication Callback called
Bus state is: 0
Set Net Indication Callback called
Bus state is: 0
Set Net Indication Callback called
Bus state is: 0
Set Net Indication Callback called
Bus state is: 0
Set Net Indication Callback called
Bus state is: 0
Set Net Indication Callback called
Bus state is: 0
Set Net Indication Callback called
Bus state is: 0
Set Net Indication Callback called
Bus state is: 0
Set Net Indication Callback called
Bus state is: 0
Set Net Indication Callback called
Bus state is: 0
Set Net Indication Callback called
Bus state is: 0
Set Net Indication Callback called
Bus state is: 0
Set Net Indication Callback called
Bus state is: 0
Set Net Indication Callback called
Bus state is: 0
Set Net Indication Callback called
Bus state is: 0
Set Net Indication Callback called
Bus state is: 0
Set Net Indication Callback called
Bus state is: 0
Set Net Indication Callback called
Bus state is: 0
Set Net Indication Callback called
Bus state is: 0
Set Net Indication Callback called
Bus state is: 0
Set Net Indication Callback called
Bus state is: 0
Set Net Indication Callback called
Bus state is: 0
Set Net Indication Callback called
Bus state is: 0
Set Net Indication Callback called
Bus state is: 0
Set Net Indication Callback called
Bus state is: 0
Set Net Indication Callback called
Bus state is: 0
Set Net Indication Callback called
Bus state is: 0
Set Net Indication Callback called
Bus state is: 0
Set Net Indication Callback called
Bus state is: 0
Set Net Indication Callback called
Bus state is: 0
Set Net Indication Callback called
Bus state is: 0
Set Net Indication Callback called
Bus state is: 0
Set Net Indication Callback called
Bus state is: 0
Set Net Indication Callback called
Bus state is: 0
Set Net Indication Callback called
Bus state is: 0
Set Net Indication Callback called
Bus state is: 0
Set Net Indication Callback called
Bus state is: 0
Set Net Indication Callback called
Bus state is: 0
Set Net Indication Callback called
Bus state is: 0
Set Net Indication Callback called
Bus state is: 0
Set Net Indication Callback called
Bus state is: 0
Set Net Indication Callback called
Bus state is: 0
Set Net Indication Callback called
Bus state is: 0
Set Net Indication Callback called
Bus state is: 0
Set Net Indication Callback called
Bus state is: 0
Set Net Indication Callback called
Bus state is: 0
Set Net Indication Callback called
Bus state is: 0
Set Net Indication Callback called
Bus state is: 0
Set Net Indication Callback called
Bus state is: 0
Set Net Indication Callback called
Bus state is: 0
Set Net Indication Callback called
Bus state is: 0
Set Net Indication Callback called
Bus state is: 0
Set Net Indication Callback called
Bus state is: 0
Set Net Indication Callback called
Bus state is: 0
Set Net Indication Callback called
Bus state is: 0
Set Net Indication Callback called
Bus state is: 0
Set Net Indication Callback called
Bus state is: 0
Set Net Indication Callback called
Bus state is: 0
Set Net Indication Callback called
Bus state is: 0
Set Net Indication Callback called
Bus state is: 0
Set Net Indication Callback called
Bus state is: 0
Set Net Indication Callback called
Bus state is: 0
Set Net Indication Callback called
Bus state is: 0
Set Net Indication Callback called
Bus state is: 0
Set Net Indication Callback called
Bus state is: 0
Set Net Indication Callback called
Bus state is: 0
Set Net Indication Callback called
Bus state is: 0
Set Net Indication Callback called
Bus state is: 0
Set Net Indication Callback called
Bus state is: 0
Set Net Indication Callback called
Bus state is: 0
Set Net Indication Callback called
Bus state is: 0
Set Net Indication Callback called
Bus state is: 0
Set Net Indication Callback called
Bus state is: 0
Set Net Indication Callback called
Bus state is: 0
Set Net Indication Callback called
Bus state is: 0
Set Net Indication Callback called
Bus state is: 0
Set Net Indication Callback called
Bus state is: 0
Set Net Indication Callback called
Bus state is: 0
Set Net Indication Callback called
Bus state is: 0
Set Net Indication Callback called
Bus state is: 0
Set Net Indication Callback called
Bus state is: 0
Set Net Indication Callback called
Bus state is: 0
Set Net Indication Callback called
Bus state is: 0
Set Net Indication Callback called
Bus state is: 0
Set Net Indication Callback called
Bus state is: 0
Set Net Indication Callback called
Bus state is: 0
Set Net Indication Callback called
Bus state is: 0
Set Net Indication Callback called
Bus state is: 0
Set Net Indication Callback called
Bus state is: 0
Set Net Indication Callback called
Bus state is: 0
Set Net Indication Callback called
Bus state is: 0
Set Net Indication Callback called
Bus state is: 0
Set Net Indication Callback called
Bus state is: 0
Set Net Indication Callback called
Bus state is: 0
Set Net Indication Callback called
Bus state is: 0
Set Net Indication Callback called
Bus state is: 0
Set Net Indication Callback called
Bus state is: 0
Set Net Indication Callback called
Bus state is: 0
Set Net Indication Callback called
Bus state is: 0
Set Net Indication Callback called
Bus state is: 0
Set Net Indication Callback called
Bus state is: 0
Set Net Indication Callback called
Bus state is: 0
Set Net Indication Callback called
Bus state is: 0
Set Net Indication Callback called
Bus state is: 0
Set Net Indication Callback called
Bus state is: 0
Set Net Indication Callback called
Bus state is: 0
Set Net Indication Callback called
Bus state is: 0
Set Net Indication Callback called
Bus state is: 0
Set Net Indication Callback called
Bus state is: 0
Set Net Indication Callback called
Bus state is: 0
Set Net Indication Callback called
Bus state is: 0
Set Net Indication Callback called
Bus state is: 0
Set Net Indication Callback called
Bus state is: 0
Set Net Indication Callback called
Bus state is: 0
Set Net Indication Callback called
Bus state is: 0
Set Net Indication Callback called
Bus state is: 0
Set Net Indication Callback called
Bus state is: 0
Set Net Indication Callback called
Bus state is: 0
Set Net Indication Callback called
Bus state is: 0
Set Net Indication Callback called
Bus state is: 0
Set Net Indication Callback called
Bus state is: 0
Set Net Indication Callback called
Bus state is: 0
Set Net Indication Callback called
Bus state is: 0
Set Net Indication Callback called
Bus state is: 0
Set Net Indication Callback called
Bus state is: 0
Set Net Indication Callback called
Bus state is: 0
Set Net Indication Callback called
Bus state is: 0
Set Net Indication Callback called
Bus state is: 0
Set Net Indication Callback called
Bus state is: 0
Set Net Indication Callback called
Bus state is: 0
Set Net Indication Callback called
Bus state is: 0
Set Net Indication Callback called
Bus state is: 0
Set Net Indication Callback called
Bus state is: 0
Set Net Indication Callback called
Bus state is: 0
Set Net Indication Callback called
Bus state is: 0
Set Net Indication Callback called
Bus state is: 0
Set Net Indication Callback called
Bus state is: 0
Set Net Indication Callback called
Bus state is: 0
Set Net Indication Callback called
Bus state is: 0
Set Net Indication Callback called
Bus state is: 0
Set Net Indication Callback called
Bus state is: 0
Set Net Indication Callback called
Bus state is: 0
Set Net Indication Callback called
Bus state is: 0
Set Net Indication Callback called
Bus state is: 0
Set Net Indication Callback called
Bus state is: 0
Set Net Indication Callback called
Bus state is: 0
Set Net Indication Callback called
Bus state is: 0
Set Net Indication Callback called
Bus state is: 0
Set Net Indication Callback called
Bus state is: 0
Set Net Indication Callback called
Bus state is: 0
Set Net Indication Callback called
Bus state is: 0
Set Net Indication Callback called
Bus state is: 0
Set Net Indication Callback called
Bus state is: 0
Set Net Indication Callback called
Bus state is: 0
Set Net Indication Callback called
Bus state is: 0
Set Net Indication Callback called
Bus state is: 0
Set Net Indication Callback called
Bus state is: 0
Set Net Indication Callback called
Bus state is: 0
Set Net Indication Callback called
Bus state is: 0
Set Net Indication Callback called
Bus state is: 0
Set Net Indication Callback called
Bus state is: 0
Set Net Indication Callback called
Bus state is: 0
Set Net Indication Callback called
Bus state is: 0
Set Net Indication Callback called
Bus state is: 0
Set Net Indication Callback called
Bus state is: 0
Set Net Indication Callback called
Bus state is: 0
Set Net Indication Callback called
Bus state is: 0
Set Net Indication Callback called
Bus state is: 0
Set Net Indication Callback called
Bus state is: 0
Set Net Indication Callback called
Bus state is: 0
Set Net Indication Callback called
Bus state is: 0
Set Net Indication Callback called
Bus state is: 0
Set Net Indication Callback called
Bus state is: 0
Set Net Indication Callback called
Bus state is: 0
Set Net Indication Callback called
Bus state is: 0
Set Net Indication Callback called
Bus state is: 0
Set Net Indication Callback called
Bus state is: 0
Set Net Indication Callback called
Bus state is: 0
Set Net Indication Callback called
Bus state is: 0
Set Net Indication Callback called
Bus state is: 0
Set Net Indication Callback called
Bus state is: 0
Set Net Indication Callback called
Bus state is: 0
Set Net Indication Callback called
Bus state is: 0
Set Net Indication Callback called
Bus state is: 0
Set Net Indication Callback called
Bus state is: 0
Set Net Indication Callback called
Bus state is: 0
Set Net Indication Callback called
Bus state is: 0
Set Net Indication Callback called
Bus state is: 0
Set Net Indication Callback called
Bus state is: 0
Set Net Indication Callback called
Bus state is: 0
Set Net Indication Callback called
Bus state is: 0
Set Net Indication Callback called
Bus state is: 0
Set Net Indication Callback called
Bus state is: 0
Set Net Indication Callback called
Bus state is: 0
Set Net Indication Callback called
Bus state is: 0
Set Net Indication Callback called
Bus state is: 0
Set Net Indication Callback called
Bus state is: 0
Set Net Indication Callback called
Bus state is: 0
Set Net Indication Callback called
Bus state is: 0
Set Net Indication Callback called
Bus state is: 0
Set Net Indication Callback called
Bus state is: 0
Set Net Indication Callback called
Bus state is: 0
Set Net Indication Callback called
Bus state is: 0
Set Net Indication Callback called
Bus state is: 0
Set Net Indication Callback called
Bus state is: 0
Set Net Indication Callback called
Bus state is: 0
Set Net Indication Callback called
Bus state is: 0
Set Net Indication Callback called
Bus state is: 0
Set Net Indication Callback called
Bus state is: 0
Set Net Indication Callback called
Bus state is: 0
Set Net Indication Callback called
Bus state is: 0
Set Net Indication Callback called
Bus state is: 0
Set Net Indication Callback called
Bus state is: 0
Set Net Indication Callback called
Bus state is: 0
Set Net Indication Callback called
Bus state is: 0
Set Net Indication Callback called
Bus state is: 0
Set Net Indication Callback called
Bus state is: 0
Set Net Indication Callback called
Bus state is: 0
Set Net Indication Callback called
Bus state is: 0
Set Net Indication Callback called
Bus state is: 0
Set Net Indication Callback called
Bus state is: 0
Set Net Indication Callback called
Bus state is: 0
Set Net Indication Callback called
Bus state is: 0
Set Net Indication Callback called
Bus state is: 0
Set Net Indication Callback called
Bus state is: 0
Set Net Indication Callback called
Bus state is: 0
Set Net Indication Callback called
Bus state is: 0
Set Net Indication Callback called
Bus state is: 0
Set Net Indication Callback called
Bus state is: 0
Set Net Indication Callback called
Bus state is: 0
Set Net Indication Callback called
Bus state is: 0
Set Net Indication Callback called
Bus state is: 0
Set Net Indication Callback called
Bus state is: 0
Set Net Indication Callback called
Bus state is: 0
Set Net Indication Callback called
Bus state is: 0
Set Net Indication Callback called
Bus state is: 0
Set Net Indication Callback called
Bus state is: 0
Set Net Indication Callback called
Bus state is: 0
Set Net Indication Callback called
Bus state is: 0
Set Net Indication Callback called
Bus state is: 0
Set Net Indication Callback called
Bus state is: 0
Set Net Indication Callback called
Bus state is: 0
Set Net Indication Callback called
Bus state is: 0
Set Net Indication Callback called
Bus state is: 0
Set Net Indication Callback called
Bus state is: 0
Set Net Indication Callback called
Bus state is: 0
Set Net Indication Callback called
Bus state is: 0
Set Net Indication Callback called
Bus state is: 0
Set Net Indication Callback called
Bus state is: 0
Set Net Indication Callback called
Bus state is: 0
Set Net Indication Callback called
Bus state is: 0
Set Net Indication Callback called
Bus state is: 0
Set Net Indication Callback called
Bus state is: 0
Set Net Indication Callback called
Bus state is: 0
Set Net Indication Callback called
Bus state is: 0
Set Net Indication Callback called
Bus state is: 0
Set Net Indication Callback called
Bus state is: 0
Set Net Indication Callback called
Bus state is: 0
Set Net Indication Callback called
Bus state is: 0
Set Net Indication Callback called
Bus state is: 0
Set Net Indication Callback called
Bus state is: 0
Set Net Indication Callback called
Bus state is: 0
Set Net Indication Callback called
Bus state is: 0
Set Net Indication Callback called
Bus state is: 0
Set Net Indication Callback called
Bus state is: 0
Set Net Indication Callback called
Bus state is: 0
Set Net Indication Callback called
Bus state is: 0
Set Net Indication Callback called
Bus state is: 0
Set Net Indication Callback called
Bus state is: 0
Set Net Indication Callback called
Bus state is: 0
Set Net Indication Callback called
Bus state is: 0
Set Net Indication Callback called
Bus state is: 0
Set Net Indication Callback called
Bus state is: 0
Set Net Indication Callback called
Bus state is: 0
Set Net Indication Callback called
Bus state is: 0
Set Net Indication Callback called
Bus state is: 0
Set Net Indication Callback called
Bus state is: 0
Set Net Indication Callback called
Bus state is: 0
Set Net Indication Callback called
Bus state is: 0
Set Net Indication Callback called
Bus state is: 0
Set Net Indication Callback called
Bus state is: 0
Set Net Indication Callback called
Bus state is: 0
Set Net Indication Callback called
Bus state is: 0
Set Net Indication Callback called
Bus state is: 0
Set Net Indication Callback called
Bus state is: 0
Set Net Indication Callback called
Bus state is: 0
Set Net Indication Callback called
Bus state is: 0
Set Net Indication Callback called
Bus state is: 0
Set Net Indication Callback called
Bus state is: 0
Set Net Indication Callback called
Bus state is: 0
Set Net Indication Callback called
Bus state is: 0
Set Net Indication Callback called
Bus state is: 0
Set Net Indication Callback called
Bus state is: 0
Set Net Indication Callback called
Bus state is: 0
Set Net Indication Callback called
Bus state is: 0
Set Net Indication Callback called
Bus state is: 0
Set Net Indication Callback called
Bus state is: 0
Set Net Indication Callback called
Bus state is: 0
Set Net Indication Callback called
Bus state is: 0
Set Net Indication Callback called
Bus state is: 0
Set Net Indication Callback called
Bus state is: 0
Set Net Indication Callback called
Bus state is: 0
Set Net Indication Callback called
Bus state is: 0
Set Net Indication Callback called
Bus state is: 0
Set Net Indication Callback called
Bus state is: 0
Set Net Indication Callback called
Bus state is: 0
Set Net Indication Callback called
Bus state is: 0
Set Net Indication Callback called
Bus state is: 0
Set Net Indication Callback called
Bus state is: 0
Set Net Indication Callback called
Bus state is: 0
Set Net Indication Callback called
Bus state is: 0
Set Net Indication Callback called
Bus state is: 0
Set Net Indication Callback called
Bus state is: 0
Set Net Indication Callback called
Bus state is: 0
Set Net Indication Callback called
Bus state is: 0
Set Net Indication Callback called
Bus state is: 0
Set Net Indication Callback called
Bus state is: 0
Set Net Indication Callback called
Bus state is: 0
Set Net Indication Callback called
Bus state is: 0
Set Net Indication Callback called
Bus state is: 0
Set Net Indication Callback called
Bus state is: 0
Set Net Indication Callback called
Bus state is: 0
Set Net Indication Callback called
Bus state is: 0
Set Net Indication Callback called
Bus state is: 0
Set Net Indication Callback called
Bus state is: 0
Set Net Indication Callback called
Bus state is: 0
Set Net Indication Callback called
Bus state is: 0
Set Net Indication Callback called
Bus state is: 0
Set Net Indication Callback called
Bus state is: 0
Set Net Indication Callback called
Bus state is: 0
Set Net Indication Callback called
Bus state is: 0
Set Net Indication Callback called
Bus state is: 0
Set Net Indication Callback called
Bus state is: 0
Set Net Indication Callback called
Bus state is: 0
Set Net Indication Callback called
Bus state is: 0
Set Net Indication Callback called
Bus state is: 0
Set Net Indication Callback called
Bus state is: 0
Set Net Indication Callback called
Bus state is: 0
Set Net Indication Callback called
Bus state is: 0
Set Net Indication Callback called
Bus state is: 0
Set Net Indication Callback called
Bus state is: 0
Set Net Indication Callback called
Bus state is: 0
Set Net Indication Callback called
Bus state is: 0
Set Net Indication Callback called
Bus state is: 0
Set Net Indication Callback called
Bus state is: 0
Set Net Indication Callback called
Bus state is: 0
Set Net Indication Callback called
Bus state is: 0
Set Net Indication Callback called
Bus state is: 0
Set Net Indication Callback called
Bus state is: 0
Set Net Indication Callback called
Bus state is: 0
Set Net Indication Callback called
Bus state is: 0
Set Net Indication Callback called
Bus state is: 0
Set Net Indication Callback called
Bus state is: 0
Set Net Indication Callback called
Bus state is: 0
Set Net Indication Callback called
Bus state is: 0
Set Net Indication Callback called
Bus state is: 0
Set Net Indication Callback called
Bus state is: 0
Set Net Indication Callback called
Bus state is: 0
Set Net Indication Callback called
Bus state is: 0
Set Net Indication Callback called
Bus state is: 0
Set Net Indication Callback called
Bus state is: 0
Set Net Indication Callback called
Bus state is: 0
Set Net Indication Callback called
Bus state is: 0
Set Net Indication Callback called
Bus state is: 0
Set Net Indication Callback called
Bus state is: 0
Set Net Indication Callback called
Bus state is: 0
Set Net Indication Callback called
Bus state is: 0
Set Net Indication Callback called
Bus state is: 0
Set Net Indication Callback called
Bus state is: 0
Set Net Indication Callback called
Bus state is: 0
Set Net Indication Callback called
Bus state is: 0
Set Net Indication Callback called
Bus state is: 0
Set Net Indication Callback called
Bus state is: 0
Set Net Indication Callback called
Bus state is: 0
Set Net Indication Callback called
Bus state is: 0
Set Net Indication Callback called
Bus state is: 0
Set Net Indication Callback called
Bus state is: 0
Set Net Indication Callback called
Bus state is: 0
Set Net Indication Callback called
Bus state is: 0
Set Net Indication Callback called
Bus state is: 0
Set Net Indication Callback called
Bus state is: 0
Set Net Indication Callback called
Bus state is: 0
Set Net Indication Callback called
Bus state is: 0
Set Net Indication Callback called
Bus state is: 0
Set Net Indication Callback called
Bus state is: 0
Set Net Indication Callback called
Bus state is: 0
Set Net Indication Callback called
Bus state is: 0
Set Net Indication Callback called
Bus state is: 0
Set Net Indication Callback called
Bus state is: 0
Set Net Indication Callback called
Bus state is: 0
Set Net Indication Callback called
Bus state is: 0
Set Net Indication Callback called
Bus state is: 0
Set Net Indication Callback called
Bus state is: 0
Set Net Indication Callback called
Bus state is: 0
Set Net Indication Callback called
Bus state is: 0
Set Net Indication Callback called
Bus state is: 0
Set Net Indication Callback called
Bus state is: 0
Set Net Indication Callback called
Bus state is: 0
Set Net Indication Callback called
Bus state is: 0
Set Net Indication Callback called
Bus state is: 0
Set Net Indication Callback called
Bus state is: 0
Set Net Indication Callback called
Bus state is: 0
Set Net Indication Callback called
Bus state is: 0
Set Net Indication Callback called
Bus state is: 0
Set Net Indication Callback called
Bus state is: 0
Set Net Indication Callback called
Bus state is: 0
Set Net Indication Callback called
Bus state is: 0
Set Net Indication Callback called
Bus state is: 0
Set Net Indication Callback called
Bus state is: 0
Set Net Indication Callback called
Bus state is: 0
Set Net Indication Callback called
Bus state is: 0
Set Net Indication Callback called
Bus state is: 0
Set Net Indication Callback called
Bus state is: 0
Set Net Indication Callback called
Bus state is: 0
Set Net Indication Callback called
Bus state is: 0
Set Net Indication Callback called
Bus state is: 0
Set Net Indication Callback called
Bus state is: 0
Set Net Indication Callback called
Bus state is: 0
Set Net Indication Callback called
Bus state is: 0
Set Net Indication Callback called
Bus state is: 0
Set Net Indication Callback called
Bus state is: 0
Set Net Indication Callback called
Bus state is: 0
Set Net Indication Callback called
Bus state is: 0
Set Net Indication Callback called
Bus state is: 0
Set Net Indication Callback called
Bus state is: 0
Set Net Indication Callback called
Bus state is: 0
Set Net Indication Callback called
Bus state is: 0
Set Net Indication Callback called
Bus state is: 0
Set Net Indication Callback called
Bus state is: 0
Set Net Indication Callback called
Bus state is: 0
Set Net Indication Callback called
Bus state is: 0
Set Net Indication Callback called
Bus state is: 0
Set Net Indication Callback called
Bus state is: 0
Set Net Indication Callback called
Bus state is: 0
Set Net Indication Callback called
Bus state is: 0
Set Net Indication Callback called
Bus state is: 0
Set Net Indication Callback called
Bus state is: 0
Set Net Indication Callback called
Bus state is: 0
Set Net Indication Callback called
Bus state is: 0
Set Net Indication Callback called
Bus state is: 0
Set Net Indication Callback called
Bus state is: 0
Set Net Indication Callback called
Bus state is: 0
Set Net Indication Callback called
Bus state is: 0
Set Net Indication Callback called
Bus state is: 0
Set Net Indication Callback called
Bus state is: 0
Set Net Indication Callback called
Bus state is: 0
Set Net Indication Callback called
Bus state is: 0
Set Net Indication Callback called
Bus state is: 0
Set Net Indication Callback called
Bus state is: 0
Set Net Indication Callback called
Bus state is: 0
Set Net Indication Callback called
Bus state is: 0
Set Net Indication Callback called
Bus state is: 0
Set Net Indication Callback called
Bus state is: 0
Set Net Indication Callback called
Bus state is: 0
Set Net Indication Callback called
Bus state is: 0
Set Net Indication Callback called
Bus state is: 0
Set Net Indication Callback called
Bus state is: 0
Set Net Indication Callback called
Bus state is: 0
Set Net Indication Callback called
Bus state is: 0
Set Net Indication Callback called
Bus state is: 0
Set Net Indication Callback called
Bus state is: 0
Set Net Indication Callback called
Bus state is: 0
Set Net Indication Callback called
Bus state is: 0
Set Net Indication Callback called
Bus state is: 0
Set Net Indication Callback called
Bus state is: 0
Set Net Indication Callback called
Bus state is: 0
Set Net Indication Callback called
Bus state is: 0
Set Net Indication Callback called
Bus state is: 0
Set Net Indication Callback called
Bus state is: 0
Set Net Indication Callback called
Bus state is: 0
Set Net Indication Callback called
Bus state is: 0
Set Net Indication Callback called
Bus state is: 0
Set Net Indication Callback called
Bus state is: 0
Set Net Indication Callback called
Bus state is: 0
Set Net Indication Callback called
Bus state is: 0
Set Net Indication Callback called
Bus state is: 0
Set Net Indication Callback called
Bus state is: 0
Set Net Indication Callback called
Bus state is: 0
Set Net Indication Callback called
Bus state is: 0
Set Net Indication Callback called
Bus state is: 0
Set Net Indication Callback called
Bus state is: 0
Set Net Indication Callback called
Bus state is: 0
Set Net Indication Callback called
Bus state is: 0
Set Net Indication Callback called
Bus state is: 0
Set Net Indication Callback called
Bus state is: 0
Set Net Indication Callback called
Bus state is: 0
Set Net Indication Callback called
Bus state is: 0
Set Net Indication Callback called
Bus state is: 0
Set Net Indication Callback called
Bus state is: 0
Set Net Indication Callback called
Bus state is: 0
Set Net Indication Callback called
Bus state is: 0
Set Net Indication Callback called
Bus state is: 0
Set Net Indication Callback called
Bus state is: 0
Set Net Indication Callback called
Bus state is: 0
Set Net Indication Callback called
Bus state is: 0
Set Net Indication Callback called
Bus state is: 0
Set Net Indication Callback called
Bus state is: 0
Set Net Indication Callback called
Bus state is: 0
Set Net Indication Callback called
Bus state is: 0
Set Net Indication Callback called
Bus state is: 0
Set Net Indication Callback called
Bus state is: 0
Set Net Indication Callback called
Bus state is: 0
Set Net Indication Callback called
Bus state is: 0
Set Net Indication Callback called
Bus state is: 0
Set Net Indication Callback called
Bus state is: 0
Set Net Indication Callback called
Bus state is: 0
Set Net Indication Callback called
Bus state is: 0
Set Net Indication Callback called
Bus state is: 0
Set Net Indication Callback called
Bus state is: 0
Set Net Indication Callback called
Bus state is: 0
Set Net Indication Callback called
Bus state is: 0
Set Net Indication Callback called
Bus state is: 0
Set Net Indication Callback called
Bus state is: 0
Set Net Indication Callback called
Bus state is: 0
Set Net Indication Callback called
Bus state is: 0
Set Net Indication Callback called
Bus state is: 0
Set Net Indication Callback called
Bus state is: 0
Set Net Indication Callback called
Bus state is: 0
Set Net Indication Callback called
Bus state is: 0
Set Net Indication Callback called
Bus state is: 0
Set Net Indication Callback called
Bus state is: 0
Set Net Indication Callback called
Bus state is: 0
Set Net Indication Callback called
Bus state is: 0
Set Net Indication Callback called
Bus state is: 0
Set Net Indication Callback called
Bus state is: 0
Set Net Indication Callback called
Bus state is: 0
Set Net Indication Callback called
Bus state is: 0
Set Net Indication Callback called
Bus state is: 0
Set Net Indication Callback called
Bus state is: 0
Set Net Indication Callback called
Bus state is: 0
Set Net Indication Callback called
Bus state is: 0
Set Net Indication Callback called
Bus state is: 0
Set Net Indication Callback called
Bus state is: 0
Set Net Indication Callback called
Bus state is: 0
Set Net Indication Callback called
Bus state is: 0
Set Net Indication Callback called
Bus state is: 0
Set Net Indication Callback called
Bus state is: 0
Set Net Indication Callback called
Bus state is: 0
Set Net Indication Callback called
Bus state is: 0
Set Net Indication Callback called
Bus state is: 0
Set Net Indication Callback called
Bus state is: 0
Set Net Indication Callback called
Bus state is: 0
Set Net Indication Callback called
Bus state is: 0
Set Net Indication Callback called
Bus state is: 0
Set Net Indication Callback called
Bus state is: 0
Set Net Indication Callback called
Bus state is: 0
Set Net Indication Callback called
Bus state is: 0
Set Net Indication Callback called
Bus state is: 0
Set Net Indication Callback called
Bus state is: 0
Set Net Indication Callback called
Bus state is: 0
Set Net Indication Callback called
Bus state is: 0
Set Net Indication Callback called
Bus state is: 0
Set Net Indication Callback called
Bus state is: 0
Set Net Indication Callback called
Bus state is: 0
Set Net Indication Callback called
Bus state is: 0
Set Net Indication Callback called
Bus state is: 0
Set Net Indication Callback called
Bus state is: 0
Set Net Indication Callback called
Bus state is: 0
Set Net Indication Callback called
Bus state is: 0
Set Net Indication Callback called
Bus state is: 0
Set Net Indication Callback called
Bus state is: 0
Set Net Indication Callback called
Bus state is: 0
Set Net Indication Callback called
Bus state is: 0
Set Net Indication Callback called
Bus state is: 0
Set Net Indication Callback called
Bus state is: 0
Set Net Indication Callback called
Bus state is: 0
Set Net Indication Callback called
Bus state is: 0
Set Net Indication Callback called
Bus state is: 0
Set Net Indication Callback called
Bus state is: 0
Set Net Indication Callback called
Bus state is: 0
Set Net Indication Callback called
Bus state is: 0
Set Net Indication Callback called
Bus state is: 0
Set Net Indication Callback called
Bus state is: 0
Set Net Indication Callback called
Bus state is: 0
Set Net Indication Callback called
Bus state is: 0
Set Net Indication Callback called
Bus state is: 0
Set Net Indication Callback called
Bus state is: 0
Set Net Indication Callback called
Bus state is: 0
Set Net Indication Callback called
Bus state is: 0
Set Net Indication Callback called
Bus state is: 0
Set Net Indication Callback called
Bus state is: 0
Set Net Indication Callback called
Bus state is: 0
Set Net Indication Callback called
Bus state is: 0
Set Net Indication Callback called
Bus state is: 0
Set Net Indication Callback called
Bus state is: 0
Set Net Indication Callback called
Bus state is: 0
Set Net Indication Callback called
Bus state is: 0
Set Net Indication Callback called
Bus state is: 0
Set Net Indication Callback called
Bus state is: 0
Set Net Indication Callback called
Bus state is: 0
Set Net Indication Callback called
Bus state is: 0
Set Net Indication Callback called
Bus state is: 0
Set Net Indication Callback called
Bus state is: 0
Set Net Indication Callback called
Bus state is: 0
Set Net Indication Callback called
Bus state is: 0
Set Net Indication Callback called
Bus state is: 0
Set Net Indication Callback called
Bus state is: 0
Set Net Indication Callback called
Bus state is: 0
Set Net Indication Callback called
Bus state is: 0
Set Net Indication Callback called
Bus state is: 0
Set Net Indication Callback called
Bus state is: 0
Set Net Indication Callback called
Bus state is: 0
Set Net Indication Callback called
Bus state is: 0
Set Net Indication Callback called
Bus state is: 0
Set Net Indication Callback called
Bus state is: 0
Set Net Indication Callback called
Bus state is: 0
Set Net Indication Callback called
Bus state is: 0
Set Net Indication Callback called
Bus state is: 0
Set Net Indication Callback called
Bus state is: 0
Set Net Indication Callback called
Bus state is: 0
Set Net Indication Callback called
Bus state is: 0
Set Net Indication Callback called
Bus state is: 0
Set Net Indication Callback called
Bus state is: 0
Set Net Indication Callback called
Bus state is: 0
Set Net Indication Callback called
Bus state is: 0
Set Net Indication Callback called
Bus state is: 0
Set Net Indication Callback called
Bus state is: 0
Set Net Indication Callback called
Bus state is: 0
Set Net Indication Callback called
Bus state is: 0
Set Net Indication Callback called
Bus state is: 0
Set Net Indication Callback called
Bus state is: 0
Set Net Indication Callback called
Bus state is: 0
Set Net Indication Callback called
Bus state is: 0
Set Net Indication Callback called
Bus state is: 0
Set Net Indication Callback called
Bus state is: 0
Set Net Indication Callback called
Bus state is: 0
Set Net Indication Callback called
Bus state is: 0
Set Net Indication Callback called
Bus state is: 0
Set Net Indication Callback called
Bus state is: 0
Set Net Indication Callback called
Bus state is: 0
Set Net Indication Callback called
Bus state is: 0
Set Net Indication Callback called
Bus state is: 0
Set Net Indication Callback called
Bus state is: 0
Set Net Indication Callback called
Bus state is: 0
Set Net Indication Callback called
Bus state is: 0
Set Net Indication Callback called
Bus state is: 0
Set Net Indication Callback called
Bus state is: 0
Set Net Indication Callback called
Bus state is: 0
Set Net Indication Callback called
Bus state is: 0
Set Net Indication Callback called
Bus state is: 0
Set Net Indication Callback called
Bus state is: 0
Set Net Indication Callback called
Bus state is: 0
Set Net Indication Callback called
Bus state is: 0
Set Net Indication Callback called
Bus state is: 0
Set Net Indication Callback called
Bus state is: 0
Set Net Indication Callback called
Bus state is: 0
Set Net Indication Callback called
Bus state is: 0
Set Net Indication Callback called
Bus state is: 0
Set Net Indication Callback called
Bus state is: 0
Set Net Indication Callback called
Bus state is: 0
Set Net Indication Callback called
Bus state is: 0
Set Net Indication Callback called
Bus state is: 0
Set Net Indication Callback called
Bus state is: 0
Set Net Indication Callback called
Bus state is: 0
Set Net Indication Callback called
Bus state is: 0
Set Net Indication Callback called
Bus state is: 0
Set Net Indication Callback called
Bus state is: 0
Set Net Indication Callback called
Bus state is: 0
Set Net Indication Callback called
Bus state is: 0
Set Net Indication Callback called
Bus state is: 0
Set Net Indication Callback called
Bus state is: 0
Set Net Indication Callback called
Bus state is: 0
Set Net Indication Callback called
Bus state is: 0
Set Net Indication Callback called
Bus state is: 0
Set Net Indication Callback called
Bus state is: 0
Set Net Indication Callback called
Bus state is: 0
Set Net Indication Callback called
Bus state is: 0
Set Net Indication Callback called
Bus state is: 0
Set Net Indication Callback called
Bus state is: 0
Set Net Indication Callback called
Bus state is: 0
Set Net Indication Callback called
Bus state is: 0
Set Net Indication Callback called
Bus state is: 0
Set Net Indication Callback called
Bus state is: 0
Set Net Indication Callback called
Bus state is: 0
Set Net Indication Callback called
Bus state is: 0
Set Net Indication Callback called
Bus state is: 0
Set Net Indication Callback called
Bus state is: 0
Set Net Indication Callback called
Bus state is: 0
Set Net Indication Callback called
Bus state is: 0
Set Net Indication Callback called
Bus state is: 0
Set Net Indication Callback called
Bus state is: 0
Set Net Indication Callback called
Bus state is: 0
Set Net Indication Callback called
Bus state is: 0
Set Net Indication Callback called
Bus state is: 0
Set Net Indication Callback called
Bus state is: 0
Set Net Indication Callback called
Bus state is: 0
Set Net Indication Callback called
Bus state is: 0
Set Net Indication Callback called
Bus state is: 0
Set Net Indication Callback called
Bus state is: 0
Set Net Indication Callback called
Bus state is: 0
Set Net Indication Callback called
Bus state is: 0
Set Net Indication Callback called
Bus state is: 0
Set Net Indication Callback called
Bus state is: 0
Set Net Indication Callback called
Bus state is: 0
Set Net Indication Callback called
Bus state is: 0
Set Net Indication Callback called
Bus state is: 0
Set Net Indication Callback called
Bus state is: 0
Set Net Indication Callback called
Bus state is: 0
Set Net Indication Callback called
Bus state is: 0
Set Net Indication Callback called
Bus state is: 0
Set Net Indication Callback called
Bus state is: 0
Set Net Indication Callback called
Bus state is: 0
Set Net Indication Callback called
Bus state is: 0
Set Net Indication Callback called
Bus state is: 0
Set Net Indication Callback called
Bus state is: 0
Set Net Indication Callback called
Bus state is: 0
Set Net Indication Callback called
Bus state is: 0
Set Net Indication Callback called
Bus state is: 0
Set Net Indication Callback called
Bus state is: 0
Set Net Indication Callback called
Bus state is: 0
Set Net Indication Callback called
Bus state is: 0
Set Net Indication Callback called
Bus state is: 0
Set Net Indication Callback called
Bus state is: 0
Set Net Indication Callback called
Bus state is: 0
Set Net Indication Callback called
Bus state is: 0
Set Net Indication Callback called
Bus state is: 0
Set Net Indication Callback called
Bus state is: 0
Set Net Indication Callback called
Bus state is: 0
Set Net Indication Callback called
Bus state is: 0
Set Net Indication Callback called
Bus state is: 0
Set Net Indication Callback called
Bus state is: 0
Set Net Indication Callback called
Bus state is: 0
Set Net Indication Callback called
Bus state is: 0
Set Net Indication Callback called
Bus state is: 0
Set Net Indication Callback called
Bus state is: 0
Set Net Indication Callback called
Bus state is: 0
Set Net Indication Callback called
Bus state is: 0
Set Net Indication Callback called
Bus state is: 0
Set Net Indication Callback called
Bus state is: 0
Set Net Indication Callback called
Bus state is: 0
Set Net Indication Callback called
Bus state is: 0
Set Net Indication Callback called
Bus state is: 0
Set Net Indication Callback called
Bus state is: 0
Set Net Indication Callback called
Bus state is: 0
Set Net Indication Callback called
Bus state is: 0
Set Net Indication Callback called
Bus state is: 0
Set Net Indication Callback called
Bus state is: 0
Set Net Indication Callback called
Bus state is: 0
Set Net Indication Callback called
Bus state is: 0
Set Net Indication Callback called
Bus state is: 0
Set Net Indication Callback called
Bus state is: 0
Set Net Indication Callback called
Bus state is: 0
Set Net Indication Callback called
Bus state is: 0
Set Net Indication Callback called
Bus state is: 0
Set Net Indication Callback called
Bus state is: 0
Set Net Indication Callback called
Bus state is: 0
Set Net Indication Callback called
Bus state is: 0
Set Net Indication Callback called
Bus state is: 0
Set Net Indication Callback called
Bus state is: 0
Set Net Indication Callback called
Bus state is: 0
Set Net Indication Callback called
Bus state is: 0
Set Net Indication Callback called
Bus state is: 0
Set Net Indication Callback called
Bus state is: 0
Set Net Indication Callback called
Bus state is: 0
Set Net Indication Callback called
Bus state is: 0
Set Net Indication Callback called
Bus state is: 0
Set Net Indication Callback called
Bus state is: 0
Set Net Indication Callback called
Bus state is: 0
Set Net Indication Callback called
Bus state is: 0
Set Net Indication Callback called
Bus state is: 0
Set Net Indication Callback called
Bus state is: 0
Set Net Indication Callback called
Bus state is: 0
Set Net Indication Callback called
Bus state is: 0
Set Net Indication Callback called
Bus state is: 0
Set Net Indication Callback called
Bus state is: 0
Set Net Indication Callback called
Bus state is: 0
Set Net Indication Callback called
Bus state is: 0
Set Net Indication Callback called
Bus state is: 0
Set Net Indication Callback called
Bus state is: 0
Set Net Indication Callback called
Bus state is: 0
Set Net Indication Callback called
Bus state is: 0
Set Net Indication Callback called
Bus state is: 0
Set Net Indication Callback called
Bus state is: 0
Set Net Indication Callback called
Bus state is: 0
Set Net Indication Callback called
Bus state is: 0
Set Net Indication Callback called
Bus state is: 0
Set Net Indication Callback called
Bus state is: 0
Set Net Indication Callback called
Bus state is: 0
Set Net Indication Callback called
Bus state is: 0
Set Net Indication Callback called
Bus state is: 0
Set Net Indication Callback called
Bus state is: 0
Set Net Indication Callback called
Bus state is: 0
Set Net Indication Callback called
Bus state is: 0
Set Net Indication Callback called
Bus state is: 0
Set Net Indication Callback called
Bus state is: 0
Set Net Indication Callback called
Bus state is: 0
Set Net Indication Callback called
Bus state is: 0
Set Net Indication Callback called
Bus state is: 0
Set Net Indication Callback called
Bus state is: 0
Set Net Indication Callback called
Bus state is: 0
Set Net Indication Callback called
Bus state is: 0
Set Net Indication Callback called
Bus state is: 0
Set Net Indication Callback called
Bus state is: 0
Set Net Indication Callback called
Bus state is: 0
Set Net Indication Callback called
Bus state is: 0
Set Net Indication Callback called
Bus state is: 0
Set Net Indication Callback called
Bus state is: 0
Set Net Indication Callback called
Bus state is: 0
Set Net Indication Callback called
Bus state is: 0
Set Net Indication Callback called
Bus state is: 0
Set Net Indication Callback called
Bus state is: 0
Set Net Indication Callback called
Bus state is: 0
Set Net Indication Callback called
Bus state is: 0
Set Net Indication Callback called
Bus state is: 0
Set Net Indication Callback called
Bus state is: 0
Set Net Indication Callback called
Bus state is: 0
Set Net Indication Callback called
Bus state is: 0
Set Net Indication Callback called
Bus state is: 0
Set Net Indication Callback called
Bus state is: 0
Set Net Indication Callback called
Bus state is: 0
Set Net Indication Callback called
Bus state is: 0
Set Net Indication Callback called
Bus state is: 0
Set Net Indication Callback called
Bus state is: 0
Set Net Indication Callback called
Bus state is: 0
Set Net Indication Callback called
Bus state is: 0
Set Net Indication Callback called
Bus state is: 0
Set Net Indication Callback called
Bus state is: 0
Set Net Indication Callback called
Bus state is: 0
Set Net Indication Callback called
Bus state is: 0
Set Net Indication Callback called
Bus state is: 0
Set Net Indication Callback called
Bus state is: 0
Set Net Indication Callback called
Bus state is: 0
Set Net Indication Callback called
Bus state is: 0
Set Net Indication Callback called
Bus state is: 0
Set Net Indication Callback called
Bus state is: 0
Set Net Indication Callback called
Bus state is: 0
Set Net Indication Callback called
Bus state is: 0
Set Net Indication Callback called
Bus state is: 0
Set Net Indication Callback called
Bus state is: 0
Set Net Indication Callback called
Bus state is: 0
Set Net Indication Callback called
Bus state is: 0
Set Net Indication Callback called
Bus state is: 0
Set Net Indication Callback called
Bus state is: 0
Set Net Indication Callback called
Bus state is: 0
Set Net Indication Callback called
Bus state is: 0
Set Net Indication Callback called
Bus state is: 0
Set Net Indication Callback called
Bus state is: 0
Set Net Indication Callback called
Bus state is: 0
Set Net Indication Callback called
Bus state is: 0
Set Net Indication Callback called
Bus state is: 0
Set Net Indication Callback called
Bus state is: 0
Set Net Indication Callback called
Bus state is: 0
Set Net Indication Callback called
Bus state is: 0
Set Net Indication Callback called
Bus state is: 0
Set Net Indication Callback called
Bus state is: 0
Set Net Indication Callback called
Bus state is: 0
Set Net Indication Callback called
Bus state is: 0
Set Net Indication Callback called
Bus state is: 0
Set Net Indication Callback called
Bus state is: 0
Set Net Indication Callback called
Bus state is: 0
Set Net Indication Callback called
Bus state is: 0
Set Net Indication Callback called
Bus state is: 0
Set Net Indication Callback called
Bus state is: 0
Set Net Indication Callback called
Bus state is: 0
Set Net Indication Callback called
Bus state is: 0
Set Net Indication Callback called
Bus state is: 0
Set Net Indication Callback called
Bus state is: 0
Set Net Indication Callback called
Bus state is: 0
Set Net Indication Callback called
Bus state is: 0
Set Net Indication Callback called
Bus state is: 0
Set Net Indication Callback called
Bus state is: 0
Set Net Indication Callback called
Bus state is: 0
Set Net Indication Callback called
Bus state is: 0
Set Net Indication Callback called
Bus state is: 0
Set Net Indication Callback called
Bus state is: 0
Set Net Indication Callback called
Bus state is: 0
Set Net Indication Callback called
Bus state is: 0
Set Net Indication Callback called
Bus state is: 0
Set Net Indication Callback called
Bus state is: 0
Set Net Indication Callback called
Bus state is: 0
Set Net Indication Callback called
Bus state is: 0
Set Net Indication Callback called
Bus state is: 0
Set Net Indication Callback called
Bus state is: 0
Set Net Indication Callback called
Bus state is: 0
Set Net Indication Callback called
Bus state is: 0
Set Net Indication Callback called
Bus state is: 0
Set Net Indication Callback called
Bus state is: 0
Set Net Indication Callback called
Bus state is: 0
Set Net Indication Callback called
Bus state is: 0
Set Net Indication Callback called
Bus state is: 0
Set Net Indication Callback called
Bus state is: 0
Set Net Indication Callback called
Bus state is: 0
Set Net Indication Callback called
Bus state is: 0
Set Net Indication Callback called
Bus state is: 0
Set Net Indication Callback called
Bus state is: 0
Set Net Indication Callback called
Bus state is: 0
Set Net Indication Callback called
Bus state is: 0
Set Net Indication Callback called
Bus state is: 0
Set Net Indication Callback called
Bus state is: 0
Set Net Indication Callback called
Bus state is: 0
Set Net Indication Callback called
Bus state is: 0
Set Net Indication Callback called
Bus state is: 0
Set Net Indication Callback called
Bus state is: 0
Set Net Indication Callback called
Bus state is: 0
Set Net Indication Callback called
Bus state is: 0
Set Net Indication Callback called
Bus state is: 0
Set Net Indication Callback called
Bus state is: 0
Set Net Indication Callback called
Bus state is: 0
Set Net Indication Callback called
Bus state is: 0
Set Net Indication Callback called
Bus state is: 0
Set Net Indication Callback called
Bus state is: 0
Set Net Indication Callback called
Bus state is: 0
Set Net Indication Callback called
Bus state is: 0
Set Net Indication Callback called
Bus state is: 0
Set Net Indication Callback called
Bus state is: 0
Set Net Indication Callback called
Bus state is: 0
Set Net Indication Callback called
Bus state is: 0
Set Net Indication Callback called
Bus state is: 0
Set Net Indication Callback called
Bus state is: 0
Set Net Indication Callback called
Bus state is: 0
Set Net Indication Callback called
Bus state is: 0
Set Net Indication Callback called
Bus state is: 0
Set Net Indication Callback called
Bus state is: 0
Set Net Indication Callback called
Bus state is: 0
Set Net Indication Callback called
Bus state is: 0
Set Net Indication Callback called
Bus state is: 0
Set Net Indication Callback called
Bus state is: 0
Set Net Indication Callback called
Bus state is: 0
Set Net Indication Callback called
Bus state is: 0
Set Net Indication Callback called
Bus state is: 0
Set Net Indication Callback called
Bus state is: 0
Set Net Indication Callback called
Bus state is: 0
Set Net Indication Callback called
Bus state is: 0
Set Net Indication Callback called
Bus state is: 0
Set Net Indication Callback called
Bus state is: 0
Set Net Indication Callback called
Bus state is: 0
Set Net Indication Callback called
Bus state is: 0
Set Net Indication Callback called
Bus state is: 0
Set Net Indication Callback called
Bus state is: 0
Set Net Indication Callback called
Bus state is: 0
Set Net Indication Callback called
Bus state is: 0
Set Net Indication Callback called
Bus state is: 0
Set Net Indication Callback called
Bus state is: 0
Set Net Indication Callback called
Bus state is: 0
Set Net Indication Callback called
Bus state is: 0
Set Net Indication Callback called
Bus state is: 0
Set Net Indication Callback called
Bus state is: 0
Set Net Indication Callback called
Bus state is: 0
Set Net Indication Callback called
Bus state is: 0
Set Net Indication Callback called
Bus state is: 0
Set Net Indication Callback called
Bus state is: 0
Set Net Indication Callback called
Bus state is: 0
Set Net Indication Callback called
Bus state is: 0
Set Net Indication Callback called
Bus state is: 0
Set Net Indication Callback called
Bus state is: 0
Set Net Indication Callback called
Bus state is: 0
Set Net Indication Callback called
Bus state is: 0
Set Net Indication Callback called
Bus state is: 0
Set Net Indication Callback called
Bus state is: 0
Set Net Indication Callback called
Bus state is: 0
Set Net Indication Callback called
Bus state is: 0
Set Net Indication Callback called
Bus state is: 0
Set Net Indication Callback called
Bus state is: 0
Set Net Indication Callback called
Bus state is: 0
Set Net Indication Callback called
Bus state is: 0
Set Net Indication Callback called
Bus state is: 0
Set Net Indication Callback called
Bus state is: 0
Set Net Indication Callback called
Bus state is: 0
Set Net Indication Callback called
Bus state is: 0
Set Net Indication Callback called
Bus state is: 0
Set Net Indication Callback called
Bus state is: 0
Set Net Indication Callback called
Bus state is: 0
Set Net Indication Callback called
Bus state is: 0
Set Net Indication Callback called
Bus state is: 0
Set Net Indication Callback called
Bus state is: 0
Set Net Indication Callback called
Bus state is: 0
Set Net Indication Callback called
Bus state is: 0
Set Net Indication Callback called
Bus state is: 0
Set Net Indication Callback called
Bus state is: 0
Set Net Indication Callback called
Bus state is: 0
Set Net Indication Callback called
Bus state is: 0
Set Net Indication Callback called
Bus state is: 0
Set Net Indication Callback called
Bus state is: 0
Set Net Indication Callback called
Bus state is: 0
Set Net Indication Callback called
Bus state is: 0
Set Net Indication Callback called
Bus state is: 0
Set Net Indication Callback called
Bus state is: 0
Set Net Indication Callback called
Bus state is: 0
Set Net Indication Callback called
Bus state is: 0
Set Net Indication Callback called
Bus state is: 0
Set Net Indication Callback called
Bus state is: 0
Set Net Indication Callback called
Bus state is: 0
Set Net Indication Callback called
Bus state is: 0
Set Net Indication Callback called
Bus state is: 0
Set Net Indication Callback called
Bus state is: 0
Set Net Indication Callback called
Bus state is: 0
Set Net Indication Callback called
Bus state is: 0
Set Net Indication Callback called
Bus state is: 0
Set Net Indication Callback called
Bus state is: 0
Set Net Indication Callback called
Bus state is: 0
Set Net Indication Callback called
Bus state is: 0
Set Net Indication Callback called
Bus state is: 0
Set Net Indication Callback called
Bus state is: 0
Set Net Indication Callback called
Bus state is: 0
Set Net Indication Callback called
Bus state is: 0
Set Net Indication Callback called
Bus state is: 0
Set Net Indication Callback called
Bus state is: 0
Set Net Indication Callback called
Bus state is: 0
Set Net Indication Callback called
Bus state is: 0
Set Net Indication Callback called
Bus state is: 0
Set Net Indication Callback called
Bus state is: 0
Set Net Indication Callback called
Bus state is: 0
Set Net Indication Callback called
Bus state is: 0
Set Net Indication Callback called
Bus state is: 0
Set Net Indication Callback called
Bus state is: 0
Set Net Indication Callback called
Bus state is: 0
Set Net Indication Callback called
Bus state is: 0
Set Net Indication Callback called
Bus state is: 0
Set Net Indication Callback called
Bus state is: 0
Set Net Indication Callback called
Bus state is: 0
Set Net Indication Callback called
Bus state is: 0
Set Net Indication Callback called
Bus state is: 0
Set Net Indication Callback called
Bus state is: 0
Set Net Indication Callback called
Bus state is: 0
Set Net Indication Callback called
Bus state is: 0
Set Net Indication Callback called
Bus state is: 0
Set Net Indication Callback called
Bus state is: 0
Set Net Indication Callback called
Bus state is: 0
Set Net Indication Callback called
Bus state is: 0
Set Net Indication Callback called
Bus state is: 0
Set Net Indication Callback called
Bus state is: 0
Set Net Indication Callback called
Bus state is: 0
Set Net Indication Callback called
Bus state is: 0
Set Net Indication Callback called
Bus state is: 0
Set Net Indication Callback called
Bus state is: 0
Set Net Indication Callback called
Bus state is: 0
Set Net Indication Callback called
Bus state is: 0
Set Net Indication Callback called
Bus state is: 0
Set Net Indication Callback called
Bus state is: 0
Set Net Indication Callback called
Bus state is: 0
Set Net Indication Callback called
Bus state is: 0
Set Net Indication Callback called
Bus state is: 0
Set Net Indication Callback called
Bus state is: 0
Set Net Indication Callback called
Bus state is: 0
Set Net Indication Callback called
Bus state is: 0
Set Net Indication Callback called
Bus state is: 0
Set Net Indication Callback called
Bus state is: 0
Set Net Indication Callback called
Bus state is: 0
Set Net Indication Callback called
Bus state is: 0
Set Net Indication Callback called
Bus state is: 0
Set Net Indication Callback called
Bus state is: 0
Set Net Indication Callback called
Bus state is: 0
Set Net Indication Callback called
Bus state is: 0
Set Net Indication Callback called
Bus state is: 0
Set Net Indication Callback called
Bus state is: 0
Set Net Indication Callback called
Bus state is: 0
Set Net Indication Callback called
Bus state is: 0
Set Net Indication Callback called
Bus state is: 0
Set Net Indication Callback called
Bus state is: 0
Set Net Indication Callback called
Bus state is: 0
Set Net Indication Callback called
Bus state is: 0
Set Net Indication Callback called
Bus state is: 0
Set Net Indication Callback called
Bus state is: 0
Set Net Indication Callback called
Bus state is: 0
Set Net Indication Callback called
Bus state is: 0
Set Net Indication Callback called
Bus state is: 0
Set Net Indication Callback called
Bus state is: 0
Set Net Indication Callback called
Bus state is: 0
Set Net Indication Callback called
Bus state is: 0
Set Net Indication Callback called
Bus state is: 0
Set Net Indication Callback called
Bus state is: 0
Set Net Indication Callback called
Bus state is: 0
Set Net Indication Callback called
Bus state is: 0
Set Net Indication Callback called
Bus state is: 0
Set Net Indication Callback called
Bus state is: 0
Set Net Indication Callback called
Bus state is: 0
Set Net Indication Callback called
Bus state is: 0
Set Net Indication Callback called
Bus state is: 0
Set Net Indication Callback called
Bus state is: 0
Set Net Indication Callback called
Bus state is: 0
Set Net Indication Callback called
Bus state is: 0
Set Net Indication Callback called
Bus state is: 0
Set Net Indication Callback called
Bus state is: 0
Set Net Indication Callback called
Bus state is: 0
Set Net Indication Callback called
Bus state is: 0
Set Net Indication Callback called
Bus state is: 0
Set Net Indication Callback called
Bus state is: 0
Set Net Indication Callback called
Bus state is: 0
Set Net Indication Callback called
Bus state is: 0
Set Net Indication Callback called
Bus state is: 0
Set Net Indication Callback called
Bus state is: 0
Set Net Indication Callback called
Bus state is: 0
Set Net Indication Callback called
Bus state is: 0
Set Net Indication Callback called
Bus state is: 0
Set Net Indication Callback called
Bus state is: 0
Set Net Indication Callback called
Bus state is: 0
Set Net Indication Callback called
Bus state is: 0
Set Net Indication Callback called
Bus state is: 0
Set Net Indication Callback called
Bus state is: 0
Set Net Indication Callback called
Bus state is: 0
Set Net Indication Callback called
Bus state is: 0
Set Net Indication Callback called
Bus state is: 0
Set Net Indication Callback called
Bus state is: 0
Set Net Indication Callback called
Bus state is: 0
Set Net Indication Callback called
Bus state is: 0
Set Net Indication Callback called
Bus state is: 0
Set Net Indication Callback called
Bus state is: 0
Set Net Indication Callback called
Bus state is: 0
Set Net Indication Callback called
Bus state is: 0
Set Net Indication Callback called
Bus state is: 0
Set Net Indication Callback called
Bus state is: 0
Set Net Indication Callback called
Bus state is: 0
Set Net Indication Callback called
Bus state is: 0
Set Net Indication Callback called
Bus state is: 0
Set Net Indication Callback called
Bus state is: 0
Set Net Indication Callback called
Bus state is: 0
Set Net Indication Callback called
Bus state is: 0
Set Net Indication Callback called
Bus state is: 0
Set Net Indication Callback called
Bus state is: 0
Set Net Indication Callback called
Bus state is: 0
Set Net Indication Callback called
Bus state is: 0
Set Net Indication Callback called
Bus state is: 0
Set Net Indication Callback called
Bus state is: 0
Set Net Indication Callback called
Bus state is: 0
Set Net Indication Callback called
Bus state is: 0
Set Net Indication Callback called
Bus state is: 0
Set Net Indication Callback called
Bus state is: 0
Set Net Indication Callback called
Bus state is: 0
Set Net Indication Callback called
Bus state is: 0
Set Net Indication Callback called
Bus state is: 0
Set Net Indication Callback called
Bus state is: 0
Set Net Indication Callback called
Bus state is: 0
Set Net Indication Callback called
Bus state is: 0
Set Net Indication Callback called
Bus state is: 0
Set Net Indication Callback called
Bus state is: 0
Set Net Indication Callback called
Bus state is: 0
Set Net Indication Callback called
Bus state is: 0
Set Net Indication Callback called
Bus state is: 0
Set Net Indication Callback called
Bus state is: 0
Set Net Indication Callback called
Bus state is: 0
Set Net Indication Callback called
Bus state is: 0
Set Net Indication Callback called
Bus state is: 0
Set Net Indication Callback called
Bus state is: 0
Set Net Indication Callback called
Bus state is: 0
Set Net Indication Callback called
Bus state is: 0
Set Net Indication Callback called
Bus state is: 0
Set Net Indication Callback called
Bus state is: 0
Set Net Indication Callback called
Bus state is: 0
Set Net Indication Callback called
Bus state is: 0
Set Net Indication Callback called
Bus state is: 0
Set Net Indication Callback called
Bus state is: 0
Set Net Indication Callback called
Bus state is: 0
Set Net Indication Callback called
Bus state is: 0
Set Net Indication Callback called
Bus state is: 0
Set Net Indication Callback called
Bus state is: 0
Set Net Indication Callback called
Bus state is: 0
Set Net Indication Callback called
Bus state is: 0
Set Net Indication Callback called
Bus state is: 0
Set Net Indication Callback called
Bus state is: 0
Set Net Indication Callback called
Bus state is: 0
Set Net Indication Callback called
Bus state is: 0
Set Net Indication Callback called
Bus state is: 0
Set Net Indication Callback called
Bus state is: 0
Set Net Indication Callback called
Bus state is: 0
Set Net Indication Callback called
Bus state is: 0
Set Net Indication Callback called
Bus state is: 0
Set Net Indication Callback called
Bus state is: 0
Set Net Indication Callback called
Bus state is: 0
Set Net Indication Callback called
Bus state is: 0
Set Net Indication Callback called
Bus state is: 0
Set Net Indication Callback called
Bus state is: 0
Set Net Indication Callback called
Bus state is: 0
Set Net Indication Callback called
Bus state is: 0
Set Net Indication Callback called
Bus state is: 0
Set Net Indication Callback called
Bus state is: 0
Set Net Indication Callback called
Bus state is: 0
Set Net Indication Callback called
Bus state is: 0
Set Net Indication Callback called
Bus state is: 0
Set Net Indication Callback called
Bus state is: 0
Set Net Indication Callback called
Bus state is: 0
Set Net Indication Callback called
Bus state is: 0
Set Net Indication Callback called
Bus state is: 0
Set Net Indication Callback called
Bus state is: 0
Set Net Indication Callback called
Bus state is: 0
Set Net Indication Callback called
Bus state is: 0
Set Net Indication Callback called
Bus state is: 0
Set Net Indication Callback called
Bus state is: 0
Set Net Indication Callback called
Bus state is: 0
Set Net Indication Callback called
Bus state is: 0
Set Net Indication Callback called
Bus state is: 0
Set Net Indication Callback called
Bus state is: 0
Set Net Indication Callback called
Bus state is: 0
Set Net Indication Callback called
Bus state is: 0
Set Net Indication Callback called
Bus state is: 0
Set Net Indication Callback called
Bus state is: 0
Set Net Indication Callback called
Bus state is: 0
Set Net Indication Callback called
Bus state is: 0
Set Net Indication Callback called
Bus state is: 0
Set Net Indication Callback called
Bus state is: 0
Set Net Indication Callback called
Bus state is: 0
Set Net Indication Callback called
Bus state is: 0
Set Net Indication Callback called
Bus state is: 0
Set Net Indication Callback called
Bus state is: 0
Set Net Indication Callback called
Bus state is: 0
Set Net Indication Callback called
Bus state is: 0
Set Net Indication Callback called
Bus state is: 0
Set Net Indication Callback called
Bus state is: 0
Set Net Indication Callback called
Bus state is: 0
Set Net Indication Callback called
Bus state is: 0
Set Net Indication Callback called
Bus state is: 0
Set Net Indication Callback called
Bus state is: 0
Set Net Indication Callback called
Bus state is: 0
Set Net Indication Callback called
Bus state is: 0
Set Net Indication Callback called
Bus state is: 0
Set Net Indication Callback called
Bus state is: 0
Set Net Indication Callback called
Bus state is: 0
Set Net Indication Callback called
Bus state is: 0
Set Net Indication Callback called
Bus state is: 0
Set Net Indication Callback called
Bus state is: 0
Set Net Indication Callback called
Bus state is: 0
Set Net Indication Callback called
Bus state is: 0
Set Net Indication Callback called
Bus state is: 0
Set Net Indication Callback called
Bus state is: 0
Set Net Indication Callback called
Bus state is: 0
Set Net Indication Callback called
Bus state is: 0
Set Net Indication Callback called
Bus state is: 0
Set Net Indication Callback called
Bus state is: 0
Set Net Indication Callback called
Bus state is: 0
Set Net Indication Callback called
Bus state is: 0
Set Net Indication Callback called
Bus state is: 0
Set Net Indication Callback called
Bus state is: 0
Set Net Indication Callback called
Bus state is: 0
Set Net Indication Callback called
Bus state is: 0
Set Net Indication Callback called
Bus state is: 0
Set Net Indication Callback called
Bus state is: 0
Set Net Indication Callback called
Bus state is: 0
Set Net Indication Callback called
Bus state is: 0
Set Net Indication Callback called
Bus state is: 0
Set Net Indication Callback called
Bus state is: 0
Set Net Indication Callback called
Bus state is: 0
Set Net Indication Callback called
Bus state is: 0
Set Net Indication Callback called
Bus state is: 0
Set Net Indication Callback called
Bus state is: 0
Set Net Indication Callback called
Bus state is: 0
Set Net Indication Callback called
Bus state is: 0
Set Net Indication Callback called
Bus state is: 0
Set Net Indication Callback called
Bus state is: 0
Set Net Indication Callback called
Bus state is: 0
Set Net Indication Callback called
Bus state is: 0
Set Net Indication Callback called
Bus state is: 0
Set Net Indication Callback called
Bus state is: 0
Set Net Indication Callback called
Bus state is: 0
Set Net Indication Callback called
Bus state is: 0
Set Net Indication Callback called
Bus state is: 0
Set Net Indication Callback called
Bus state is: 0
Set Net Indication Callback called
Bus state is: 0
Set Net Indication Callback called
Bus state is: 0
Set Net Indication Callback called
Bus state is: 0
Set Net Indication Callback called
Bus state is: 0
Set Net Indication Callback called
Bus state is: 0
Set Net Indication Callback called
Bus state is: 0
Set Net Indication Callback called
Bus state is: 0
Set Net Indication Callback called
Bus state is: 0
Set Net Indication Callback called
Bus state is: 0
Set Net Indication Callback called
Bus state is: 0
Set Net Indication Callback called
Bus state is: 0
Set Net Indication Callback called
Bus state is: 0
Set Net Indication Callback called
Bus state is: 0
Set Net Indication Callback called
Bus state is: 0
Set Net Indication Callback called
Bus state is: 0
Set Net Indication Callback called
Bus state is: 0
Set Net Indication Callback called
Bus state is: 0
Set Net Indication Callback called
Bus state is: 0
Set Net Indication Callback called
Bus state is: 0
Set Net Indication Callback called
Bus state is: 0
Set Net Indication Callback called
Bus state is: 0
Set Net Indication Callback called
Bus state is: 0
Set Net Indication Callback called
Bus state is: 0
Set Net Indication Callback called
Bus state is: 0
Set Net Indication Callback called
Bus state is: 0
Set Net Indication Callback called
Bus state is: 0
Set Net Indication Callback called
Bus state is: 0
Set Net Indication Callback called
Bus state is: 0
Set Net Indication Callback called
Bus state is: 0
Set Net Indication Callback called
Bus state is: 0
Set Net Indication Callback called
Bus state is: 0
Set Net Indication Callback called
Bus state is: 0
Set Net Indication Callback called
Bus state is: 0
Set Net Indication Callback called
Bus state is: 0
Set Net Indication Callback called
Bus state is: 0
Set Net Indication Callback called
Bus state is: 0
Set Net Indication Callback called
Bus state is: 0
Set Net Indication Callback called
Bus state is: 0
Set Net Indication Callback called
Bus state is: 0
Set Net Indication Callback called
Bus state is: 0
Set Net Indication Callback called
Bus state is: 0
Set Net Indication Callback called
Bus state is: 0
Set Net Indication Callback called
Bus state is: 0
Set Net Indication Callback called
Bus state is: 0
Set Net Indication Callback called
Bus state is: 0
Set Net Indication Callback called
Bus state is: 0
Set Net Indication Callback called
Bus state is: 0
Set Net Indication Callback called
Bus state is: 0
Set Net Indication Callback called
Bus state is: 0
Set Net Indication Callback called
Bus state is: 0
Set Net Indication Callback called
Bus state is: 0
Set Net Indication Callback called
Bus state is: 0
Set Net Indication Callback called
Bus state is: 0
Set Net Indication Callback called
Bus state is: 0
Set Net Indication Callback called
Bus state is: 0
Set Net Indication Callback called
Bus state is: 0
Set Net Indication Callback called
Bus state is: 0
Set Net Indication Callback called
Bus state is: 0
Set Net Indication Callback called
Bus state is: 0
Set Net Indication Callback called
Bus state is: 0
Set Net Indication Callback called
Bus state is: 0
Set Net Indication Callback called
Bus state is: 0
Set Net Indication Callback called
Bus state is: 0
Set Net Indication Callback called
Bus state is: 0
Set Net Indication Callback called
Bus state is: 0
Set Net Indication Callback called
Bus state is: 0
Set Net Indication Callback called
Bus state is: 0
Set Net Indication Callback called
Bus state is: 0
Set Net Indication Callback called
Bus state is: 0
Set Net Indication Callback called
Bus state is: 0
Set Net Indication Callback called
Bus state is: 0
Set Net Indication Callback called
Bus state is: 0
Set Net Indication Callback called
Bus state is: 0
Set Net Indication Callback called
Bus state is: 0
Set Net Indication Callback called
Bus state is: 0
Set Net Indication Callback called
Bus state is: 0
Set Net Indication Callback called
Bus state is: 0
Set Net Indication Callback called
Bus state is: 0
Set Net Indication Callback called
Bus state is: 0
Set Net Indication Callback called
Bus state is: 0
Set Net Indication Callback called
Bus state is: 0
Set Net Indication Callback called
Bus state is: 0
Set Net Indication Callback called
Bus state is: 0
Set Net Indication Callback called
Bus state is: 0
Set Net Indication Callback called
Bus state is: 0
Set Net Indication Callback called
Bus state is: 0
Set Net Indication Callback called
Bus state is: 0
Set Net Indication Callback called
Bus state is: 0
Set Net Indication Callback called
Bus state is: 0
Set Net Indication Callback called
Bus state is: 0
Set Net Indication Callback called
Bus state is: 0
Set Net Indication Callback called
Bus state is: 0
Set Net Indication Callback called
Bus state is: 0
Set Net Indication Callback called
Bus state is: 0
Set Net Indication Callback called
Bus state is: 0
Set Net Indication Callback called
Bus state is: 0
Set Net Indication Callback called
Bus state is: 0
Set Net Indication Callback called
Bus state is: 0
Set Net Indication Callback called
Bus state is: 0
Set Net Indication Callback called
Bus state is: 0
Set Net Indication Callback called
Bus state is: 0
Set Net Indication Callback called
Bus state is: 0
Set Net Indication Callback called
Bus state is: 0
Set Net Indication Callback called
Bus state is: 0
Set Net Indication Callback called
Bus state is: 0
Set Net Indication Callback called
Bus state is: 0
Set Net Indication Callback called
Bus state is: 0
Set Net Indication Callback called
Bus state is: 0
Set Net Indication Callback called
Bus state is: 0
Set Net Indication Callback called
Bus state is: 0
Set Net Indication Callback called
Bus state is: 0
Set Net Indication Callback called
Bus state is: 0
Set Net Indication Callback called
Bus state is: 0
Set Net Indication Callback called
Bus state is: 0
Set Net Indication Callback called
Bus state is: 0
Set Net Indication Callback called
Bus state is: 0
Set Net Indication Callback called
Bus state is: 0
Set Net Indication Callback called
Bus state is: 0
Set Net Indication Callback called
Bus state is: 0
Set Net Indication Callback called
Bus state is: 0
Set Net Indication Callback called
Bus state is: 0
Set Net Indication Callback called
Bus state is: 0
Set Net Indication Callback called
Bus state is: 0
Set Net Indication Callback called
Bus state is: 0
Set Net Indication Callback called
Bus state is: 0
Set Net Indication Callback called
Bus state is: 0
Set Net Indication Callback called
Bus state is: 0
Set Net Indication Callback called
Bus state is: 0
Set Net Indication Callback called
Bus state is: 0
Set Net Indication Callback called
Bus state is: 0
Set Net Indication Callback called
Bus state is: 0
Set Net Indication Callback called
Bus state is: 0
Set Net Indication Callback called
Bus state is: 0
Set Net Indication Callback called
Bus state is: 0
Set Net Indication Callback called
Bus state is: 0
Set Net Indication Callback called
Bus state is: 0
Set Net Indication Callback called
Bus state is: 0
Set Net Indication Callback called
Bus state is: 0
Set Net Indication Callback called
Bus state is: 0
Set Net Indication Callback called
Bus state is: 0
Set Net Indication Callback called
Bus state is: 0
Set Net Indication Callback called
Bus state is: 0
Set Net Indication Callback called
Bus state is: 0
Set Net Indication Callback called
Bus state is: 0
Set Net Indication Callback called
Bus state is: 0
Set Net Indication Callback called
Bus state is: 0
Set Net Indication Callback called
Bus state is: 0
Set Net Indication Callback called
Bus state is: 0
Set Net Indication Callback called
Bus state is: 0
Set Net Indication Callback called
Bus state is: 0
Set Net Indication Callback called
Bus state is: 0
Set Net Indication Callback called
Bus state is: 0
Set Net Indication Callback called
Bus state is: 0
Set Net Indication Callback called
Bus state is: 0
Set Net Indication Callback called
Bus state is: 0
Set Net Indication Callback called
Bus state is: 0
Set Net Indication Callback called
Bus state is: 0
Set Net Indication Callback called
Bus state is: 0
Set Net Indication Callback called
Bus state is: 0
Set Net Indication Callback called
Bus state is: 0
Set Net Indication Callback called
Bus state is: 0
Set Net Indication Callback called
Bus state is: 0
Set Net Indication Callback called
Bus state is: 0
Set Net Indication Callback called
Bus state is: 0
Set Net Indication Callback called
Bus state is: 0
Set Net Indication Callback called
Bus state is: 0
Set Net Indication Callback called
Bus state is: 0
Set Net Indication Callback called
Bus state is: 0
Set Net Indication Callback called
Bus state is: 0
Set Net Indication Callback called
Bus state is: 0
Set Net Indication Callback called
Bus state is: 0
Set Net Indication Callback called
Bus state is: 0
Set Net Indication Callback called
Bus state is: 0
Set Net Indication Callback called
Bus state is: 0
Set Net Indication Callback called
Bus state is: 0
Set Net Indication Callback called
Bus state is: 0
Set Net Indication Callback called
Bus state is: 0
Set Net Indication Callback called
Bus state is: 0
Set Net Indication Callback called
Bus state is: 0
Set Net Indication Callback called
Bus state is: 0
Set Net Indication Callback called
Bus state is: 0
Set Net Indication Callback called
Bus state is: 0
Set Net Indication Callback called
Bus state is: 0
Set Net Indication Callback called
Bus state is: 0
Set Net Indication Callback called
Bus state is: 0
Set Net Indication Callback called
Bus state is: 0
Set Net Indication Callback called
Bus state is: 0
Set Net Indication Callback called
Bus state is: 0
Set Net Indication Callback called
Bus state is: 0
Set Net Indication Callback called
Bus state is: 0
Set Net Indication Callback called
Bus state is: 0
Set Net Indication Callback called
Bus state is: 0
Set Net Indication Callback called
Bus state is: 0
Set Net Indication Callback called
Bus state is: 0
Set Net Indication Callback called
Bus state is: 0
Set Net Indication Callback called
Bus state is: 0
Set Net Indication Callback called
Bus state is: 0
Set Net Indication Callback called
Bus state is: 0
Set Net Indication Callback called
Bus state is: 0
Set Net Indication Callback called
Bus state is: 0
Set Net Indication Callback called
Bus state is: 0
Set Net Indication Callback called
Bus state is: 0
Set Net Indication Callback called
Bus state is: 0
Set Net Indication Callback called
Bus state is: 0
Set Net Indication Callback called
Bus state is: 0
Set Net Indication Callback called
Bus state is: 0
Set Net Indication Callback called
Bus state is: 0
Set Net Indication Callback called
Bus state is: 0
Set Net Indication Callback called
Bus state is: 0
Set Net Indication Callback called
Bus state is: 0
Set Net Indication Callback called
Bus state is: 0
Set Net Indication Callback called
Bus state is: 0
Set Net Indication Callback called
Bus state is: 0
Set Net Indication Callback called
Bus state is: 0
Set Net Indication Callback called
Bus state is: 0
Set Net Indication Callback called
Bus state is: 0
Set Net Indication Callback called
Bus state is: 0
Set Net Indication Callback called
Bus state is: 0
Set Net Indication Callback called
Bus state is: 0
Set Net Indication Callback called
Bus state is: 0
Set Net Indication Callback called
Bus state is: 0
Set Net Indication Callback called
Bus state is: 0
Set Net Indication Callback called
Bus state is: 0
Set Net Indication Callback called
Bus state is: 0
Set Net Indication Callback called
Bus state is: 0
Set Net Indication Callback called
Bus state is: 0
Set Net Indication Callback called
Bus state is: 0
Set Net Indication Callback called
Bus state is: 0
Set Net Indication Callback called
Bus state is: 0
Set Net Indication Callback called
Bus state is: 0
Set Net Indication Callback called
Bus state is: 0
Set Net Indication Callback called
Bus state is: 0
Set Net Indication Callback called
Bus state is: 0
Set Net Indication Callback called
Bus state is: 0
Set Net Indication Callback called
Bus state is: 0
Set Net Indication Callback called
Bus state is: 0
Set Net Indication Callback called
Bus state is: 0
Set Net Indication Callback called
Bus state is: 0
Set Net Indication Callback called
Bus state is: 0
Set Net Indication Callback called
Bus state is: 0
Set Net Indication Callback called
Bus state is: 0
Set Net Indication Callback called
Bus state is: 0
Set Net Indication Callback called
Bus state is: 0
Set Net Indication Callback called
Bus state is: 0
Set Net Indication Callback called
Bus state is: 0
Set Net Indication Callback called
Bus state is: 0
Set Net Indication Callback called
Bus state is: 0
Set Net Indication Callback called
Bus state is: 0
Set Net Indication Callback called
Bus state is: 0
Set Net Indication Callback called
Bus state is: 0
Set Net Indication Callback called
Bus state is: 0
Set Net Indication Callback called
Bus state is: 0
Set Net Indication Callback called
Bus state is: 0
Set Net Indication Callback called
Bus state is: 0
Set Net Indication Callback called
Bus state is: 0
Set Net Indication Callback called
Bus state is: 0
Set Net Indication Callback called
Bus state is: 0
Set Net Indication Callback called
Bus state is: 0
Set Net Indication Callback called
Bus state is: 0
Set Net Indication Callback called
Bus state is: 0
Set Net Indication Callback called
Bus state is: 0
Set Net Indication Callback called
Bus state is: 0
Set Net Indication Callback called
Bus state is: 0
Set Net Indication Callback called
Bus state is: 0
Set Net Indication Callback called
Bus state is: 0
Set Net Indication Callback called
Bus state is: 0
Set Net Indication Callback called
Bus state is: 0
Set Net Indication Callback called
Bus state is: 0
Set Net Indication Callback called
Bus state is: 0
Set Net Indication Callback called
Bus state is: 0
Set Net Indication Callback called
Bus state is: 0
Set Net Indication Callback called
Bus state is: 0
Set Net Indication Callback called
Bus state is: 0
Set Net Indication Callback called
Bus state is: 0
Set Net Indication Callback called
Bus state is: 0
Set Net Indication Callback called
Bus state is: 0
Set Net Indication Callback called
Bus state is: 0
Set Net Indication Callback called
Bus state is: 0
Set Net Indication Callback called
Bus state is: 0
Set Net Indication Callback called
Bus state is: 0
Set Net Indication Callback called
Bus state is: 0
Set Net Indication Callback called
Bus state is: 0
Set Net Indication Callback called
Bus state is: 0
Set Net Indication Callback called
Bus state is: 0
Set Net Indication Callback called
Bus state is: 0
Set Net Indication Callback called
Bus state is: 0
Set Net Indication Callback called
Bus state is: 0
Set Net Indication Callback called
Bus state is: 0
Set Net Indication Callback called
Bus state is: 0
Set Net Indication Callback called
Bus state is: 0
Set Net Indication Callback called
Bus state is: 0
Set Net Indication Callback called
Bus state is: 0
Set Net Indication Callback called
Bus state is: 0
Set Net Indication Callback called
Bus state is: 0
Set Net Indication Callback called
Bus state is: 0
Set Net Indication Callback called
Bus state is: 0
Set Net Indication Callback called
Bus state is: 0
Set Net Indication Callback called
Bus state is: 0
Set Net Indication Callback called
Bus state is: 0
Set Net Indication Callback called
Bus state is: 0
Set Net Indication Callback called
Bus state is: 0
Set Net Indication Callback called
Bus state is: 0
Set Net Indication Callback called
Bus state is: 0
Set Net Indication Callback called
Bus state is: 0
Set Net Indication Callback called
Bus state is: 0
Set Net Indication Callback called
Bus state is: 0
Set Net Indication Callback called
Bus state is: 0
Set Net Indication Callback called
Bus state is: 0
Set Net Indication Callback called
Bus state is: 0
Set Net Indication Callback called
Bus state is: 0
Set Net Indication Callback called
Bus state is: 0
Set Net Indication Callback called
Bus state is: 0
Set Net Indication Callback called
Bus state is: 0
Set Net Indication Callback called
Bus state is: 0
Set Net Indication Callback called
Bus state is: 0
Set Net Indication Callback called
Bus state is: 0
Set Net Indication Callback called
Bus state is: 0
Set Net Indication Callback called
Bus state is: 0
Set Net Indication Callback called
Bus state is: 0
Set Net Indication Callback called
Bus state is: 0
Set Net Indication Callback called
Bus state is: 0
Set Net Indication Callback called
Bus state is: 0
Set Net Indication Callback called
Bus state is: 0
Set Net Indication Callback called
Bus state is: 0
Set Net Indication Callback called
Bus state is: 0
Set Net Indication Callback called
Bus state is: 0
Set Net Indication Callback called
Bus state is: 0
Set Net Indication Callback called
Bus state is: 0
Set Net Indication Callback called
Bus state is: 0
Set Net Indication Callback called
Bus state is: 0
Set Net Indication Callback called
Bus state is: 0
Set Net Indication Callback called
Bus state is: 0
Set Net Indication Callback called
Bus state is: 0
Set Net Indication Callback called
Bus state is: 0
Set Net Indication Callback called
Bus state is: 0
Set Net Indication Callback called
Bus state is: 0
Set Net Indication Callback called
Bus state is: 0
Set Net Indication Callback called
Bus state is: 0
Set Net Indication Callback called
Bus state is: 0
Set Net Indication Callback called
Bus state is: 0
Set Net Indication Callback called
Bus state is: 0
Set Net Indication Callback called
Bus state is: 0
Set Net Indication Callback called
Bus state is: 0
Set Net Indication Callback called
Bus state is: 0
Set Net Indication Callback called
Bus state is: 0
Set Net Indication Callback called
Bus state is: 0
Set Net Indication Callback called
Bus state is: 0
Set Net Indication Callback called
Bus state is: 0
Set Net Indication Callback called
Bus state is: 0
Set Net Indication Callback called
Bus state is: 0
Set Net Indication Callback called
Bus state is: 0
Set Net Indication Callback called
Bus state is: 0
Set Net Indication Callback called
Bus state is: 0
Set Net Indication Callback called
Bus state is: 0
Set Net Indication Callback called
Bus state is: 0
Set Net Indication Callback called
Bus state is: 0
Set Net Indication Callback called
Bus state is: 0
Set Net Indication Callback called
Bus state is: 0
Set Net Indication Callback called
Bus state is: 0
Set Net Indication Callback called
Bus state is: 0
Set Net Indication Callback called
Bus state is: 0
Set Net Indication Callback called
Bus state is: 0
Set Net Indication Callback called
Bus state is: 0
Set Net Indication Callback called
Bus state is: 0
Set Net Indication Callback called
Bus state is: 0
Set Net Indication Callback called
Bus state is: 0
Set Net Indication Callback called
Bus state is: 0
Set Net Indication Callback called
Bus state is: 0
Set Net Indication Callback called
Bus state is: 0
Set Net Indication Callback called
Bus state is: 0
Set Net Indication Callback called
Bus state is: 0
Set Net Indication Callback called
Bus state is: 0
Set Net Indication Callback called
Bus state is: 0
Set Net Indication Callback called
Bus state is: 0
Set Net Indication Callback called
Bus state is: 0
Set Net Indication Callback called
Bus state is: 0
Set Net Indication Callback called
Bus state is: 0
Set Net Indication Callback called
Bus state is: 0
Set Net Indication Callback called
Bus state is: 0
Set Net Indication Callback called
Bus state is: 0
Set Net Indication Callback called
Bus state is: 0
Set Net Indication Callback called
Bus state is: 0
Set Net Indication Callback called
Bus state is: 0
Set Net Indication Callback called
Bus state is: 0
Set Net Indication Callback called
Bus state is: 0
Set Net Indication Callback called
Bus state is: 0
Set Net Indication Callback called
Bus state is: 0
Set Net Indication Callback called
Bus state is: 0
Set Net Indication Callback called
Bus state is: 0
Set Net Indication Callback called
Bus state is: 0
Set Net Indication Callback called
Bus state is: 0
Set Net Indication Callback called
Bus state is: 0
Set Net Indication Callback called
Bus state is: 0
Set Net Indication Callback called
Bus state is: 0
Set Net Indication Callback called
Bus state is: 0
Set Net Indication Callback called
Bus state is: 0
Set Net Indication Callback called
Bus state is: 0
Set Net Indication Callback called
Bus state is: 0
Set Net Indication Callback called
Bus state is: 0
Set Net Indication Callback called
Bus state is: 0
Set Net Indication Callback called
Bus state is: 0
Set Net Indication Callback called
Bus state is: 0
Set Net Indication Callback called
Bus state is: 0
Set Net Indication Callback called
Bus state is: 0
Set Net Indication Callback called
Bus state is: 0
Set Net Indication Callback called
Bus state is: 0
Set Net Indication Callback called
Bus state is: 0
Set Net Indication Callback called
Bus state is: 0
Set Net Indication Callback called
Bus state is: 0
Set Net Indication Callback called
Bus state is: 0
Set Net Indication Callback called
Bus state is: 0
Set Net Indication Callback called
Bus state is: 0
Set Net Indication Callback called
Bus state is: 0
Set Net Indication Callback called
Bus state is: 0
Set Net Indication Callback called
Bus state is: 0
Set Net Indication Callback called
Bus state is: 0
Set Net Indication Callback called
Bus state is: 0
Set Net Indication Callback called
Bus state is: 0
Set Net Indication Callback called
Bus state is: 0
Set Net Indication Callback called
Bus state is: 0
Set Net Indication Callback called
Bus state is: 0
Set Net Indication Callback called
Bus state is: 0
Set Net Indication Callback called
Bus state is: 0
Set Net Indication Callback called
Bus state is: 0
Set Net Indication Callback called
Bus state is: 0
Set Net Indication Callback called
Bus state is: 0
Set Net Indication Callback called
Bus state is: 0
Set Net Indication Callback called
Bus state is: 0
Set Net Indication Callback called
Bus state is: 0
Set Net Indication Callback called
Bus state is: 0
Set Net Indication Callback called
Bus state is: 0
Set Net Indication Callback called
Bus state is: 0
Set Net Indication Callback called
Bus state is: 0
Set Net Indication Callback called
Bus state is: 0
Set Net Indication Callback called
Bus state is: 0
Set Net Indication Callback called
Bus state is: 0
Set Net Indication Callback called
Bus state is: 0
Set Net Indication Callback called
Bus state is: 0
Set Net Indication Callback called
Bus state is: 0
Set Net Indication Callback called
Bus state is: 0
Set Net Indication Callback called
Bus state is: 0
Set Net Indication Callback called
Bus state is: 0
Set Net Indication Callback called
Bus state is: 0
Set Net Indication Callback called
Bus state is: 0
Set Net Indication Callback called
Bus state is: 0
Set Net Indication Callback called
Bus state is: 0
Set Net Indication Callback called
Bus state is: 0
Set Net Indication Callback called
Bus state is: 0
Set Net Indication Callback called
Bus state is: 0
Set Net Indication Callback called
Bus state is: 0
Set Net Indication Callback called
Bus state is: 0
Set Net Indication Callback called
Bus state is: 0
Set Net Indication Callback called
Bus state is: 0
Set Net Indication Callback called
Bus state is: 0
Set Net Indication Callback called
Bus state is: 0
Set Net Indication Callback called
Bus state is: 0
Set Net Indication Callback called
Bus state is: 0
Set Net Indication Callback called
Bus state is: 0
Set Net Indication Callback called
Bus state is: 0
Set Net Indication Callback called
Bus state is: 0
Set Net Indication Callback called
Bus state is: 0
Set Net Indication Callback called
Bus state is: 0
Set Net Indication Callback called
Bus state is: 0
Set Net Indication Callback called
Bus state is: 0
Set Net Indication Callback called
Bus state is: 0
Set Net Indication Callback called
Bus state is: 0
Set Net Indication Callback called
Bus state is: 0
Set Net Indication Callback called
Bus state is: 0
Set Net Indication Callback called
Bus state is: 0
Set Net Indication Callback called
Bus state is: 0
Set Net Indication Callback called
Bus state is: 0
Set Net Indication Callback called
Bus state is: 0
Set Net Indication Callback called
Bus state is: 0
Set Net Indication Callback called
Bus state is: 0
Set Net Indication Callback called
Bus state is: 0
Set Net Indication Callback called
Bus state is: 0
Set Net Indication Callback called
Bus state is: 0
Set Net Indication Callback called
Bus state is: 0
Set Net Indication Callback called
Bus state is: 0
Set Net Indication Callback called
Bus state is: 0
Set Net Indication Callback called
Bus state is: 0
Set Net Indication Callback called
Bus state is: 0
Set Net Indication Callback called
Bus state is: 0
Set Net Indication Callback called
Bus state is: 0
Set Net Indication Callback called
Bus state is: 0
Set Net Indication Callback called
Bus state is: 0
Set Net Indication Callback called
Bus state is: 0
Set Net Indication Callback called
Bus state is: 0
Set Net Indication Callback called
Bus state is: 0
Set Net Indication Callback called
Bus state is: 0
Set Net Indication Callback called
Bus state is: 0
Set Net Indication Callback called
Bus state is: 0
Set Net Indication Callback called
Bus state is: 0
Set Net Indication Callback called
Bus state is: 0
Set Net Indication Callback called
Bus state is: 0
Set Net Indication Callback called
Bus state is: 0
Set Net Indication Callback called
Bus state is: 0
Set Net Indication Callback called
Bus state is: 0
Set Net Indication Callback called
Bus state is: 0
Set Net Indication Callback called
Bus state is: 0
Set Net Indication Callback called
Bus state is: 0
Set Net Indication Callback called
Bus state is: 0
Set Net Indication Callback called
Bus state is: 0
Set Net Indication Callback called
Bus state is: 0
Set Net Indication Callback called
Bus state is: 0
Set Net Indication Callback called
Bus state is: 0
Set Net Indication Callback called
Bus state is: 0
Set Net Indication Callback called
Bus state is: 0
Set Net Indication Callback called
Bus state is: 0
Set Net Indication Callback called
Bus state is: 0
Set Net Indication Callback called
Bus state is: 0
Set Net Indication Callback called
Bus state is: 0
Set Net Indication Callback called
Bus state is: 0
Set Net Indication Callback called
Bus state is: 0
Set Net Indication Callback called
Bus state is: 0
Set Net Indication Callback called
Bus state is: 0
Set Net Indication Callback called
Bus state is: 0
Set Net Indication Callback called
Bus state is: 0
Set Net Indication Callback called
Bus state is: 0
Set Net Indication Callback called
Bus state is: 0
Set Net Indication Callback called
Bus state is: 0
Set Net Indication Callback called
Bus state is: 0
Set Net Indication Callback called
Bus state is: 0
Set Net Indication Callback called
Bus state is: 0
Set Net Indication Callback called
Bus state is: 0
Set Net Indication Callback called
Bus state is: 0
Set Net Indication Callback called
Bus state is: 0
Set Net Indication Callback called
Bus state is: 0
Set Net Indication Callback called
Bus state is: 0
Set Net Indication Callback called
Bus state is: 0
Set Net Indication Callback called
Bus state is: 0
Set Net Indication Callback called
Bus state is: 0
Set Net Indication Callback called
Bus state is: 0
Set Net Indication Callback called
Bus state is: 0
Set Net Indication Callback called
Bus state is: 0
Set Net Indication Callback called
Bus state is: 0
Set Net Indication Callback called
Bus state is: 0
Set Net Indication Callback called
Bus state is: 0
Set Net Indication Callback called
Bus state is: 0
Set Net Indication Callback called
Bus state is: 0
Set Net Indication Callback called
Bus state is: 0
Set Net Indication Callback called
Bus state is: 0
Set Net Indication Callback called
Bus state is: 0
Set Net Indication Callback called
Bus state is: 0
Set Net Indication Callback called
Bus state is: 0
Set Net Indication Callback called
Bus state is: 0
Set Net Indication Callback called
Bus state is: 0
Set Net Indication Callback called
Bus state is: 0
Set Net Indication Callback called
Bus state is: 0
Set Net Indication Callback called
Bus state is: 0
Set Net Indication Callback called
Bus state is: 0
Set Net Indication Callback called
Bus state is: 0
Set Net Indication Callback called
Bus state is: 0
Set Net Indication Callback called
Bus state is: 0
Set Net Indication Callback called
Bus state is: 0
Set Net Indication Callback called
Bus state is: 0
Set Net Indication Callback called
Bus state is: 0
Set Net Indication Callback called
Bus state is: 0
Set Net Indication Callback called
Bus state is: 0
Set Net Indication Callback called
Bus state is: 0
Set Net Indication Callback called
Bus state is: 0
Set Net Indication Callback called
Bus state is: 0
Set Net Indication Callback called
Bus state is: 0
Set Net Indication Callback called
Bus state is: 0
Set Net Indication Callback called
Bus state is: 0
Set Net Indication Callback called
Bus state is: 0
Set Net Indication Callback called
Bus state is: 0
Set Net Indication Callback called
Bus state is: 0
Set Net Indication Callback called
Bus state is: 0
Set Net Indication Callback called
Bus state is: 0
Set Net Indication Callback called
Bus state is: 0
Set Net Indication Callback called
Bus state is: 0
Set Net Indication Callback called
Bus state is: 0
Set Net Indication Callback called
Bus state is: 0
Set Net Indication Callback called
Bus state is: 0
Set Net Indication Callback called
Bus state is: 0
Set Net Indication Callback called
Bus state is: 0
Set Net Indication Callback called
Bus state is: 0
Set Net Indication Callback called
Bus state is: 0
Set Net Indication Callback called
Bus state is: 0
Set Net Indication Callback called
Bus state is: 0
Set Net Indication Callback called
Bus state is: 0
Set Net Indication Callback called
Bus state is: 0
Set Net Indication Callback called
Bus state is: 0
Set Net Indication Callback called
Bus state is: 0
Set Net Indication Callback called
Bus state is: 0
Set Net Indication Callback called
Bus state is: 0
Set Net Indication Callback called
Bus state is: 0
Set Net Indication Callback called
Bus state is: 0
Set Net Indication Callback called
Bus state is: 0
Set Net Indication Callback called
Bus state is: 0
Set Net Indication Callback called
Bus state is: 0
Set Net Indication Callback called
Bus state is: 0
Set Net Indication Callback called
Bus state is: 0
Set Net Indication Callback called
Bus state is: 0
Set Net Indication Callback called
Bus state is: 0
Set Net Indication Callback called
Bus state is: 0
Set Net Indication Callback called
Bus state is: 0
Set Net Indication Callback called
Bus state is: 0
Set Net Indication Callback called
Bus state is: 0
Set Net Indication Callback called
Bus state is: 0
Set Net Indication Callback called
Bus state is: 0
Set Net Indication Callback called
Bus state is: 0
Set Net Indication Callback called
Bus state is: 0
Set Net Indication Callback called
Bus state is: 0
Set Net Indication Callback called
Bus state is: 0
Set Net Indication Callback called
Bus state is: 0
Set Net Indication Callback called
Bus state is: 0
Set Net Indication Callback called
Bus state is: 0
Set Net Indication Callback called
Bus state is: 0
Set Net Indication Callback called
Bus state is: 0
Set Net Indication Callback called
Bus state is: 0
Set Net Indication Callback called
Bus state is: 0
Set Net Indication Callback called
Bus state is: 0
Set Net Indication Callback called
Bus state is: 0
Set Net Indication Callback called
Bus state is: 0
Set Net Indication Callback called
Bus state is: 0
Set Net Indication Callback called
Bus state is: 0
Set Net Indication Callback called
Bus state is: 0
Set Net Indication Callback called
Bus state is: 0
Set Net Indication Callback called
Bus state is: 0
Set Net Indication Callback called
Bus state is: 0
Set Net Indication Callback called
Bus state is: 0
Set Net Indication Callback called
Bus state is: 0
Set Net Indication Callback called
Bus state is: 0
Set Net Indication Callback called
Bus state is: 0
Set Net Indication Callback called
Bus state is: 0
Set Net Indication Callback called
Bus state is: 0
Set Net Indication Callback called
Bus state is: 0
Set Net Indication Callback called
Bus state is: 0
Set Net Indication Callback called
Bus state is: 0
Set Net Indication Callback called
Bus state is: 0
Set Net Indication Callback called
Bus state is: 0
Set Net Indication Callback called
Bus state is: 0
Set Net Indication Callback called
Bus state is: 0
Set Net Indication Callback called
Bus state is: 0
Set Net Indication Callback called
Bus state is: 0
Set Net Indication Callback called
Bus state is: 0
Set Net Indication Callback called
Bus state is: 0
Set Net Indication Callback called
Bus state is: 0
Set Net Indication Callback called
Bus state is: 0
Set Net Indication Callback called
Bus state is: 0
Set Net Indication Callback called
Bus state is: 0
Set Net Indication Callback called
Bus state is: 0
Set Net Indication Callback called
Bus state is: 0
Set Net Indication Callback called
Bus state is: 0
Set Net Indication Callback called
Bus state is: 0
Set Net Indication Callback called
Bus state is: 0
Set Net Indication Callback called
Bus state is: 0
Set Net Indication Callback called
Bus state is: 0
Set Net Indication Callback called
Bus state is: 0
Set Net Indication Callback called
Bus state is: 0
Set Net Indication Callback called
Bus state is: 0
Set Net Indication Callback called
Bus state is: 0
Set Net Indication Callback called
Bus state is: 0
Set Net Indication Callback called
Bus state is: 0
Set Net Indication Callback called
Bus state is: 0
Set Net Indication Callback called
Bus state is: 0
Set Net Indication Callback called
Bus state is: 0
Set Net Indication Callback called
Bus state is: 0
Set Net Indication Callback called
Bus state is: 0
Set Net Indication Callback called
Bus state is: 0
Set Net Indication Callback called
Bus state is: 0
Set Net Indication Callback called
Bus state is: 0
Set Net Indication Callback called
Bus state is: 0
Set Net Indication Callback called
Bus state is: 0
Set Net Indication Callback called
Bus state is: 0
Set Net Indication Callback called
Bus state is: 0
Set Net Indication Callback called
Bus state is: 0
Set Net Indication Callback called
Bus state is: 0
Set Net Indication Callback called
Bus state is: 0
Set Net Indication Callback called
Bus state is: 0
Set Net Indication Callback called
Bus state is: 0
Set Net Indication Callback called
Bus state is: 0
Set Net Indication Callback called
Bus state is: 0
Set Net Indication Callback called
Bus state is: 0
Set Net Indication Callback called
Bus state is: 0
Set Net Indication Callback called
Bus state is: 0
Set Net Indication Callback called
Bus state is: 0
Set Net Indication Callback called
Bus state is: 0
Set Net Indication Callback called
Bus state is: 0
Set Net Indication Callback called
Bus state is: 0
Set Net Indication Callback called
Bus state is: 0
Set Net Indication Callback called
Bus state is: 0
Set Net Indication Callback called
Bus state is: 0
Set Net Indication Callback called
Bus state is: 0
Set Net Indication Callback called
Bus state is: 0
Set Net Indication Callback called
Bus state is: 0
Set Net Indication Callback called
Bus state is: 0
Set Net Indication Callback called
Bus state is: 0
Set Net Indication Callback called
Bus state is: 0
Set Net Indication Callback called
Bus state is: 0
Set Net Indication Callback called
Bus state is: 0
Set Net Indication Callback called
Bus state is: 0
Set Net Indication Callback called
Bus state is: 0
Set Net Indication Callback called
Bus state is: 0
Set Net Indication Callback called
Bus state is: 0
Set Net Indication Callback called
Bus state is: 0
Set Net Indication Callback called
Bus state is: 0
Set Net Indication Callback called
Bus state is: 0
Set Net Indication Callback called
Bus state is: 0
Set Net Indication Callback called
Bus state is: 0
Set Net Indication Callback called
Bus state is: 0
Set Net Indication Callback called
Bus state is: 0
Set Net Indication Callback called
Bus state is: 0
Set Net Indication Callback called
Bus state is: 0
Set Net Indication Callback called
Bus state is: 0
Set Net Indication Callback called
Bus state is: 0
Set Net Indication Callback called
Bus state is: 0
Set Net Indication Callback called
Bus state is: 0
Set Net Indication Callback called
Bus state is: 0
Set Net Indication Callback called
Bus state is: 0
Set Net Indication Callback called
Bus state is: 0
Set Net Indication Callback called
Bus state is: 0
Set Net Indication Callback called
Bus state is: 0
Set Net Indication Callback called
Bus state is: 0
Set Net Indication Callback called
Bus state is: 0
Set Net Indication Callback called
Bus state is: 0
Set Net Indication Callback called
Bus state is: 0
Set Net Indication Callback called
Bus state is: 0
Set Net Indication Callback called
Bus state is: 0
Set Net Indication Callback called
Bus state is: 0
Set Net Indication Callback called
Bus state is: 0
Set Net Indication Callback called
Bus state is: 0
Set Net Indication Callback called
Bus state is: 0
Set Net Indication Callback called
Bus state is: 0
Set Net Indication Callback called
Bus state is: 0
Set Net Indication Callback called
Bus state is: 0
Set Net Indication Callback called
Bus state is: 0
Set Net Indication Callback called
Bus state is: 0
Set Net Indication Callback called
Bus state is: 0
Set Net Indication Callback called
Bus state is: 0
Set Net Indication Callback called
Bus state is: 0
Set Net Indication Callback called
Bus state is: 0
Set Net Indication Callback called
Bus state is: 0
Set Net Indication Callback called
Bus state is: 0
Set Net Indication Callback called
Bus state is: 0
Set Net Indication Callback called
Bus state is: 0
Set Net Indication Callback called
Bus state is: 0
Set Net Indication Callback called
Bus state is: 0
Set Net Indication Callback called
Bus state is: 0
Set Net Indication Callback called
Bus state is: 0
Set Net Indication Callback called
Bus state is: 0
Set Net Indication Callback called
Bus state is: 0
Set Net Indication Callback called
Bus state is: 0
Node Change Callback called
138 gone offline
Node Change Callback called
70 gone offline
Set Net Indication Callback called
Bus state is: 0
Set Net Indication Callback called
Bus state is: 0
Set Net Indication Callback called
Bus state is: 0
Set Net Indication Callback called
Bus state is: 0
Set Net Indication Callback called
Bus state is: 0
Set Net Indication Callback called
Bus state is: 0
Node Change Callback called
128 gone offline
Set Net Indication Callback called
Bus state is: 0
Set Net Indication Callback called
Bus state is: 0
Set Net Indication Callback called
Bus state is: 0
Set Net Indication Callback called
Bus state is: 0
Node Change Callback called
134 gone offline
Set Net Indication Callback called
Bus state is: 0
Node Change Callback called
76 gone offline
Set Net Indication Callback called
Bus state is: 0
Set Net Indication Callback called
Bus state is: 0
Node Change Callback called
66 gone offline
Set Net Indication Callback called
Bus state is: 0
Set Net Indication Callback called
Bus state is: 0
Node Change Callback called
133 gone offline
Set Net Indication Callback called
Bus state is: 0
Node Change Callback called
142 gone offline
Set Net Indication Callback called
Bus state is: 0
Node Change Callback called
129 gone offline
Set Net Indication Callback called
Bus state is: 0
Set Net Indication Callback called
Bus state is: 0
Set Net Indication Callback called
Bus state is: 0
Node Change Callback called
61 gone offline
Node Change Callback called
69 gone offline
Node Change Callback called
79 gone offline
Node Change Callback called
78 gone offline
Node Change Callback called
137 gone offline
Set Net Indication Callback called
Bus state is: 0
Node Change Callback called
132 gone offline
Node Change Callback called
141 gone offline
Node Change Callback called
62 gone offline
Set Net Indication Callback called
Bus state is: 0
Node Change Callback called
59 gone offline
Node Change Callback called
63 gone offline
Set Net Indication Callback called
Bus state is: 0
Node Change Callback called
131 gone offline
Set Net Indication Callback called
Bus state is: 0
Node Change Callback called
75 gone offline
Node Change Callback called
135 gone offline
Set Net Indication Callback called
Bus state is: 0
Node Change Callback called
67 gone offline
Set Net Indication Callback called
Bus state is: 0
Node Change Callback called
77 gone offline
Node Change Callback called
136 gone offline
Set Net Indication Callback called
Bus state is: 0
Node Change Callback called
140 gone offline
Node Change Callback called
71 gone offline
Set Net Indication Callback called
Bus state is: 0
Set Net Indication Callback called
Bus state is: 0
Node Change Callback called
130 gone offline
Node Change Callback called
60 gone offline
Node Change Callback called
143 gone offline
Node Change Callback called
74 gone offline
Set Net Indication Callback called
Bus state is: 0
Node Change Callback called
139 gone offline
Set Net Indication Callback called
Bus state is: 0
Set Net Indication Callback called
Bus state is: 0
Set Net Indication Callback called
Bus state is: 0
Set Net Indication Callback called
Bus state is: 0
Set Net Indication Callback called
Bus state is: 0
Set Net Indication Callback called
Bus state is: 0
Set Net Indication Callback called
Bus state is: 0
Set Net Indication Callback called
Bus state is: 0
Set Net Indication Callback called
Bus state is: 0
Set Net Indication Callback called
Bus state is: 0
Set Net Indication Callback called
Bus state is: 0
Set Net Indication Callback called
Bus state is: 0
Set Net Indication Callback called
Bus state is: 0
Set Net Indication Callback called
Bus state is: 0
Set Net Indication Callback called
Bus state is: 0
Set Net Indication Callback called
Bus state is: 0
Set Net Indication Callback called
Bus state is: 0
Set Net Indication Callback called
Bus state is: 0
Set Net Indication Callback called
Bus state is: 0
Set Net Indication Callback called
Bus state is: 0
Set Net Indication Callback called
Bus state is: 0
Set Net Indication Callback called
Bus state is: 0
Set Net Indication Callback called
Bus state is: 0
Set Net Indication Callback called
Bus state is: 0
Set Net Indication Callback called
Bus state is: 0
Set Net Indication Callback called
Bus state is: 0
Set Net Indication Callback called
Bus state is: 0
Set Net Indication Callback called
Bus state is: 0
Set Net Indication Callback called
Bus state is: 0
Set Net Indication Callback called
Bus state is: 0
Set Net Indication Callback called
Bus state is: 0
Set Net Indication Callback called
Bus state is: 0
Set Net Indication Callback called
Bus state is: 0
Set Net Indication Callback called
Bus state is: 0
Set Net Indication Callback called
Bus state is: 0
Set Net Indication Callback called
Bus state is: 0
Set Net Indication Callback called
Bus state is: 0
Set Net Indication Callback called
Bus state is: 0
Set Net Indication Callback called
Bus state is: 0
Set Net Indication Callback called
Bus state is: 0
Set Net Indication Callback called
Bus state is: 0
Set Net Indication Callback called
Bus state is: 0
Set Net Indication Callback called
Bus state is: 0
Set Net Indication Callback called
Bus state is: 0
Set Net Indication Callback called
Bus state is: 0
Set Net Indication Callback called
Bus state is: 0
Set Net Indication Callback called
Bus state is: 0
Set Net Indication Callback called
Bus state is: 0
Set Net Indication Callback called
Bus state is: 0
Set Net Indication Callback called
Bus state is: 0
Set Net Indication Callback called
Bus state is: 0
Set Net Indication Callback called
Bus state is: 0
Set Net Indication Callback called
Bus state is: 0
Set Net Indication Callback called
Bus state is: 0
Set Net Indication Callback called
Bus state is: 0
Set Net Indication Callback called
Bus state is: 0
Set Net Indication Callback called
Bus state is: 0
Set Net Indication Callback called
Bus state is: 0
Set Net Indication Callback called
Bus state is: 0
Set Net Indication Callback called
Bus state is: 0
Set Net Indication Callback called
Bus state is: 0
Set Net Indication Callback called
Bus state is: 0
Set Net Indication Callback called
Bus state is: 0
Set Net Indication Callback called
Bus state is: 0
Set Net Indication Callback called
Bus state is: 0
Set Net Indication Callback called
Bus state is: 0
Set Net Indication Callback called
Bus state is: 0
Set Net Indication Callback called
Bus state is: 0
Set Net Indication Callback called
Bus state is: 0
Set Net Indication Callback called
Bus state is: 0
Set Net Indication Callback called
Bus state is: 0
Set Net Indication Callback called
Bus state is: 0
Set Net Indication Callback called
Bus state is: 0
Set Net Indication Callback called
Bus state is: 0
Set Net Indication Callback called
Bus state is: 0
Set Net Indication Callback called
Bus state is: 0
Set Net Indication Callback called
Bus state is: 0
Set Net Indication Callback called
Bus state is: 0
Set Net Indication Callback called
Bus state is: 0
Set Net Indication Callback called
Bus state is: 0
Set Net Indication Callback called
Bus state is: 0
Set Net Indication Callback called
Bus state is: 0
Set Net Indication Callback called
Bus state is: 0
Set Net Indication Callback called
Bus state is: 0
Set Net Indication Callback called
Bus state is: 0
Set Net Indication Callback called
Bus state is: 0
Set Net Indication Callback called
Bus state is: 0
Set Net Indication Callback called
Bus state is: 0
Set Net Indication Callback called
Bus state is: 0
Set Net Indication Callback called
Bus state is: 0
Set Net Indication Callback called
Bus state is: 0
Set Net Indication Callback called
Bus state is: 0
Set Net Indication Callback called
Bus state is: 0
Set Net Indication Callback called
Bus state is: 0
Set Net Indication Callback called
Bus state is: 0
Set Net Indication Callback called
Bus state is: 0
Set Net Indication Callback called
Bus state is: 0
Set Net Indication Callback called
Bus state is: 0
Set Net Indication Callback called
Bus state is: 0
Set Net Indication Callback called
Bus state is: 0
Set Net Indication Callback called
Bus state is: 0
Set Net Indication Callback called
Bus state is: 0
Set Net Indication Callback called
Bus state is: 0
Set Net Indication Callback called
Bus state is: 0
Set Net Indication Callback called
Bus state is: 0
Set Net Indication Callback called
Bus state is: 0
Set Net Indication Callback called
Bus state is: 0
Set Net Indication Callback called
Bus state is: 0
Set Net Indication Callback called
Bus state is: 0
Set Net Indication Callback called
Bus state is: 0
Set Net Indication Callback called
Bus state is: 0
Set Net Indication Callback called
Bus state is: 0
Set Net Indication Callback called
Bus state is: 0
Set Net Indication Callback called
Bus state is: 0
Set Net Indication Callback called
Bus state is: 0
Set Net Indication Callback called
Bus state is: 0
Set Net Indication Callback called
Bus state is: 0
Set Net Indication Callback called
Bus state is: 0
Set Net Indication Callback called
Bus state is: 0
Set Net Indication Callback called
Bus state is: 0
Set Net Indication Callback called
Bus state is: 0
Set Net Indication Callback called
Bus state is: 0
Set Net Indication Callback called
Bus state is: 0
Set Net Indication Callback called
Bus state is: 0
Set Net Indication Callback called
Bus state is: 0
Set Net Indication Callback called
Bus state is: 0
Set Net Indication Callback called
Bus state is: 0
Set Net Indication Callback called
Bus state is: 0
Set Net Indication Callback called
Bus state is: 0
Set Net Indication Callback called
Bus state is: 0
Set Net Indication Callback called
Bus state is: 0
Set Net Indication Callback called
Bus state is: 0
Set Net Indication Callback called
Bus state is: 0
Set Net Indication Callback called
Bus state is: 0
Set Net Indication Callback called
Bus state is: 0
Set Net Indication Callback called
Bus state is: 0
Set Net Indication Callback called
Bus state is: 0
Set Net Indication Callback called
Bus state is: 0
Set Net Indication Callback called
Bus state is: 0
Set Net Indication Callback called
Bus state is: 0
Set Net Indication Callback called
Bus state is: 0
Set Net Indication Callback called
Bus state is: 0
Set Net Indication Callback called
Bus state is: 0
Set Net Indication Callback called
Bus state is: 0
Set Net Indication Callback called
Bus state is: 0
Set Net Indication Callback called
Bus state is: 0
Set Net Indication Callback called
Bus state is: 0
Set Net Indication Callback called
Bus state is: 0
Set Net Indication Callback called
Bus state is: 0
Set Net Indication Callback called
Bus state is: 0
Set Net Indication Callback called
Bus state is: 0
Set Net Indication Callback called
Bus state is: 0
Set Net Indication Callback called
Bus state is: 0
Set Net Indication Callback called
Bus state is: 0
Set Net Indication Callback called
Bus state is: 0
Set Net Indication Callback called
Bus state is: 0
Set Net Indication Callback called
Bus state is: 0
Set Net Indication Callback called
Bus state is: 0
Set Net Indication Callback called
Bus state is: 0
Set Net Indication Callback called
Bus state is: 0
Set Net Indication Callback called
Bus state is: 0
Set Net Indication Callback called
Bus state is: 0
Set Net Indication Callback called
Bus state is: 0
Set Net Indication Callback called
Bus state is: 0
Set Net Indication Callback called
Bus state is: 0
Set Net Indication Callback called
Bus state is: 0
Set Net Indication Callback called
Bus state is: 0
Set Net Indication Callback called
Bus state is: 0
Set Net Indication Callback called
Bus state is: 0
Set Net Indication Callback called
Bus state is: 0
Set Net Indication Callback called
Bus state is: 0
Set Net Indication Callback called
Bus state is: 0
Set Net Indication Callback called
Bus state is: 0
Set Net Indication Callback called
Bus state is: 0
Set Net Indication Callback called
Bus state is: 0
Set Net Indication Callback called
Bus state is: 0
Set Net Indication Callback called
Bus state is: 0
Set Net Indication Callback called
Bus state is: 0
Set Net Indication Callback called
Bus state is: 0
Set Net Indication Callback called
Bus state is: 0
Set Net Indication Callback called
Bus state is: 0
Set Net Indication Callback called
Bus state is: 0
Set Net Indication Callback called
Bus state is: 0
Set Net Indication Callback called
Bus state is: 0
Set Net Indication Callback called
Bus state is: 0
Set Net Indication Callback called
Bus state is: 0
Set Net Indication Callback called
Bus state is: 0
Set Net Indication Callback called
Bus state is: 0
Set Net Indication Callback called
Bus state is: 0
Set Net Indication Callback called
Bus state is: 0
Set Net Indication Callback called
Bus state is: 0
Set Net Indication Callback called
Bus state is: 0
Set Net Indication Callback called
Bus state is: 0
Set Net Indication Callback called
Bus state is: 0
Set Net Indication Callback called
Bus state is: 0
Set Net Indication Callback called
Bus state is: 0
Set Net Indication Callback called
Bus state is: 0
Set Net Indication Callback called
Bus state is: 0
Set Net Indication Callback called
Bus state is: 0
Set Net Indication Callback called
Bus state is: 0
Set Net Indication Callback called
Bus state is: 0
Set Net Indication Callback called
Bus state is: 0
Set Net Indication Callback called
Bus state is: 0
Set Net Indication Callback called
Bus state is: 0
Set Net Indication Callback called
Bus state is: 0
Set Net Indication Callback called
Bus state is: 0
Set Net Indication Callback called
Bus state is: 0
Set Net Indication Callback called
Bus state is: 0
Set Net Indication Callback called
Bus state is: 0
Set Net Indication Callback called
Bus state is: 0
Set Net Indication Callback called
Bus state is: 0
Set Net Indication Callback called
Bus state is: 0
Set Net Indication Callback called
Bus state is: 0
Set Net Indication Callback called
Bus state is: 0
Set Net Indication Callback called
Bus state is: 0
Set Net Indication Callback called
Bus state is: 0
Set Net Indication Callback called
Bus state is: 0
Set Net Indication Callback called
Bus state is: 0
Set Net Indication Callback called
Bus state is: 0
Set Net Indication Callback called
Bus state is: 0
Set Net Indication Callback called
Bus state is: 0
Set Net Indication Callback called
Bus state is: 0
Set Net Indication Callback called
Bus state is: 0
Set Net Indication Callback called
Bus state is: 0
Set Net Indication Callback called
Bus state is: 0
Set Net Indication Callback called
Bus state is: 0
Set Net Indication Callback called
Bus state is: 0
Set Net Indication Callback called
Bus state is: 0
Set Net Indication Callback called
Bus state is: 0
Set Net Indication Callback called
Bus state is: 0
Set Net Indication Callback called
Bus state is: 0
Set Net Indication Callback called
Bus state is: 0
Set Net Indication Callback called
Bus state is: 0
Set Net Indication Callback called
Bus state is: 0
Set Net Indication Callback called
Bus state is: 0
Set Net Indication Callback called
Bus state is: 0
Set Net Indication Callback called
Bus state is: 0
Set Net Indication Callback called
Bus state is: 0
Set Net Indication Callback called
Bus state is: 0
Set Net Indication Callback called
Bus state is: 0
Set Net Indication Callback called
Bus state is: 0
Set Net Indication Callback called
Bus state is: 0
Set Net Indication Callback called
Bus state is: 0
Set Net Indication Callback called
Bus state is: 0
Set Net Indication Callback called
Bus state is: 0
Set Net Indication Callback called
Bus state is: 0
Set Net Indication Callback called
Bus state is: 0
Set Net Indication Callback called
Bus state is: 0
Set Net Indication Callback called
Bus state is: 0
Set Net Indication Callback called
Bus state is: 0
Set Net Indication Callback called
Bus state is: 0
Set Net Indication Callback called
Bus state is: 0
Set Net Indication Callback called
Bus state is: 0
Set Net Indication Callback called
Bus state is: 0
Set Net Indication Callback called
Bus state is: 0
Set Net Indication Callback called
Bus state is: 0
Set Net Indication Callback called
Bus state is: 0
Set Net Indication Callback called
Bus state is: 0
Set Net Indication Callback called
Bus state is: 0
Set Net Indication Callback called
Bus state is: 0
Set Net Indication Callback called
Bus state is: 0
Set Net Indication Callback called
Bus state is: 0
Set Net Indication Callback called
Bus state is: 0
Set Net Indication Callback called
Bus state is: 0
Set Net Indication Callback called
Bus state is: 0
Set Net Indication Callback called
Bus state is: 0
Set Net Indication Callback called
Bus state is: 0
Set Net Indication Callback called
Bus state is: 0
Set Net Indication Callback called
Bus state is: 0
Set Net Indication Callback called
Bus state is: 0
Set Net Indication Callback called
Bus state is: 0
Set Net Indication Callback called
Bus state is: 0
Set Net Indication Callback called
Bus state is: 0
Set Net Indication Callback called
Bus state is: 0
Set Net Indication Callback called
Bus state is: 0
Set Net Indication Callback called
Bus state is: 0
Set Net Indication Callback called
Bus state is: 0
Set Net Indication Callback called
Bus state is: 0
Set Net Indication Callback called
Bus state is: 0
Set Net Indication Callback called
Bus state is: 0
Set Net Indication Callback called
Bus state is: 0
Set Net Indication Callback called
Bus state is: 0
Set Net Indication Callback called
Bus state is: 0
Set Net Indication Callback called
Bus state is: 0
Set Net Indication Callback called
Bus state is: 0
Set Net Indication Callback called
Bus state is: 0
Set Net Indication Callback called
Bus state is: 0
Set Net Indication Callback called
Bus state is: 0
Set Net Indication Callback called
Bus state is: 0
Set Net Indication Callback called
Bus state is: 0
Set Net Indication Callback called
Bus state is: 0
Set Net Indication Callback called
Bus state is: 0
Set Net Indication Callback called
Bus state is: 0
Set Net Indication Callback called
Bus state is: 0
Set Net Indication Callback called
Bus state is: 0
Set Net Indication Callback called
Bus state is: 0
Set Net Indication Callback called
Bus state is: 0
Set Net Indication Callback called
Bus state is: 0
Set Net Indication Callback called
Bus state is: 0
Set Net Indication Callback called
Bus state is: 0
Set Net Indication Callback called
Bus state is: 0
Set Net Indication Callback called
Bus state is: 0
Set Net Indication Callback called
Bus state is: 0
Set Net Indication Callback called
Bus state is: 0
Set Net Indication Callback called
Bus state is: 0
Set Net Indication Callback called
Bus state is: 0
Set Net Indication Callback called
Bus state is: 0
Set Net Indication Callback called
Bus state is: 0
Set Net Indication Callback called
Bus state is: 0
Set Net Indication Callback called
Bus state is: 0
Set Net Indication Callback called
Bus state is: 0
Set Net Indication Callback called
Bus state is: 0
Set Net Indication Callback called
Bus state is: 0
Set Net Indication Callback called
Bus state is: 0
Set Net Indication Callback called
Bus state is: 0
Set Net Indication Callback called
Bus state is: 0
Set Net Indication Callback called
Bus state is: 0
Set Net Indication Callback called
Bus state is: 0
Set Net Indication Callback called
Bus state is: 0
Set Net Indication Callback called
Bus state is: 0
Set Net Indication Callback called
Bus state is: 0
Set Net Indication Callback called
Bus state is: 0
Set Net Indication Callback called
Bus state is: 0
Set Net Indication Callback called
Bus state is: 0
Set Net Indication Callback called
Bus state is: 0
Set Net Indication Callback called
Bus state is: 0
Set Net Indication Callback called
Bus state is: 0
Set Net Indication Callback called
Bus state is: 0
Set Net Indication Callback called
Bus state is: 0
Set Net Indication Callback called
Bus state is: 0
Set Net Indication Callback called
Bus state is: 0
Set Net Indication Callback called
Bus state is: 0
Set Net Indication Callback called
Bus state is: 0
Set Net Indication Callback called
Bus state is: 0
Set Net Indication Callback called
Bus state is: 0
Set Net Indication Callback called
Bus state is: 0
Set Net Indication Callback called
Bus state is: 0
Set Net Indication Callback called
Bus state is: 0
Set Net Indication Callback called
Bus state is: 0
Set Net Indication Callback called
Bus state is: 0
Set Net Indication Callback called
Bus state is: 0
Set Net Indication Callback called
Bus state is: 0
Set Net Indication Callback called
Bus state is: 0
Set Net Indication Callback called
Bus state is: 0
Set Net Indication Callback called
Bus state is: 0
Set Net Indication Callback called
Bus state is: 0
Set Net Indication Callback called
Bus state is: 0
Set Net Indication Callback called
Bus state is: 0
Set Net Indication Callback called
Bus state is: 0
Set Net Indication Callback called
Bus state is: 0
Set Net Indication Callback called
Bus state is: 0
Set Net Indication Callback called
Bus state is: 0
Set Net Indication Callback called
Bus state is: 0
Set Net Indication Callback called
Bus state is: 0
Set Net Indication Callback called
Bus state is: 0
Set Net Indication Callback called
Bus state is: 0
Set Net Indication Callback called
Bus state is: 0
Set Net Indication Callback called
Bus state is: 0
Set Net Indication Callback called
Bus state is: 0
Set Net Indication Callback called
Bus state is: 0
Set Net Indication Callback called
Bus state is: 0
Set Net Indication Callback called
Bus state is: 0
Set Net Indication Callback called
Bus state is: 0
Set Net Indication Callback called
Bus state is: 0
Set Net Indication Callback called
Bus state is: 0
Set Net Indication Callback called
Bus state is: 0
Set Net Indication Callback called
Bus state is: 0
Set Net Indication Callback called
Bus state is: 0
Set Net Indication Callback called
Bus state is: 0
Set Net Indication Callback called
Bus state is: 0
Set Net Indication Callback called
Bus state is: 0
Set Net Indication Callback called
Bus state is: 0
Set Net Indication Callback called
Bus state is: 0
Set Net Indication Callback called
Bus state is: 0
Set Net Indication Callback called
Bus state is: 0
Set Net Indication Callback called
Bus state is: 0
Set Net Indication Callback called
Bus state is: 0
Set Net Indication Callback called
Bus state is: 0
Set Net Indication Callback called
Bus state is: 0
Set Net Indication Callback called
Bus state is: 0
Set Net Indication Callback called
Bus state is: 0
Set Net Indication Callback called
Bus state is: 0
Set Net Indication Callback called
Bus state is: 0
Set Net Indication Callback called
Bus state is: 0
Set Net Indication Callback called
Bus state is: 0
Set Net Indication Callback called
Bus state is: 0
Set Net Indication Callback called
Bus state is: 0
Set Net Indication Callback called
Bus state is: 0
Set Net Indication Callback called
Bus state is: 0
Set Net Indication Callback called
Bus state is: 0
Set Net Indication Callback called
Bus state is: 0
Set Net Indication Callback called
Bus state is: 0
Set Net Indication Callback called
Bus state is: 0
Set Net Indication Callback called
Bus state is: 0
Set Net Indication Callback called
Bus state is: 0
Set Net Indication Callback called
Bus state is: 0
Set Net Indication Callback called
Bus state is: 0
Set Net Indication Callback called
Bus state is: 0
Set Net Indication Callback called
Bus state is: 0
Set Net Indication Callback called
Bus state is: 0
Set Net Indication Callback called
Bus state is: 0
Set Net Indication Callback called
Bus state is: 0
Set Net Indication Callback called
Bus state is: 0
Set Net Indication Callback called
Bus state is: 0
Set Net Indication Callback called
Bus state is: 0
Set Net Indication Callback called
Bus state is: 0
Set Net Indication Callback called
Bus state is: 0
Set Net Indication Callback called
Bus state is: 0
Set Net Indication Callback called
Bus state is: 0
Set Net Indication Callback called
Bus state is: 0
Set Net Indication Callback called
Bus state is: 0
Set Net Indication Callback called
Bus state is: 0
Set Net Indication Callback called
Bus state is: 0
Set Net Indication Callback called
Bus state is: 0
Set Net Indication Callback called
Bus state is: 0
Set Net Indication Callback called
Bus state is: 0
Set Net Indication Callback called
Bus state is: 0
Set Net Indication Callback called
Bus state is: 0
Set Net Indication Callback called
Bus state is: 0
Set Net Indication Callback called
Bus state is: 0
Set Net Indication Callback called
Bus state is: 0
Set Net Indication Callback called
Bus state is: 0
Set Net Indication Callback called
Bus state is: 0
Set Net Indication Callback called
Bus state is: 0
Set Net Indication Callback called
Bus state is: 0
Set Net Indication Callback called
Bus state is: 0
Set Net Indication Callback called
Bus state is: 0
Set Net Indication Callback called
Bus state is: 0
Set Net Indication Callback called
Bus state is: 0
Set Net Indication Callback called
Bus state is: 0
Set Net Indication Callback called
Bus state is: 0
Set Net Indication Callback called
Bus state is: 0
Set Net Indication Callback called
Bus state is: 0
Set Net Indication Callback called
Bus state is: 0
Set Net Indication Callback called
Bus state is: 0
Set Net Indication Callback called
Bus state is: 0
Set Net Indication Callback called
Bus state is: 0
Set Net Indication Callback called
Bus state is: 0
Set Net Indication Callback called
Bus state is: 0
Set Net Indication Callback called
Bus state is: 0
Set Net Indication Callback called
Bus state is: 0
Set Net Indication Callback called
Bus state is: 0
Set Net Indication Callback called
Bus state is: 0
Set Net Indication Callback called
Bus state is: 0
Set Net Indication Callback called
Bus state is: 0
Set Net Indication Callback called
Bus state is: 0
Set Net Indication Callback called
Bus state is: 0
Set Net Indication Callback called
Bus state is: 0
Set Net Indication Callback called
Bus state is: 0
Set Net Indication Callback called
Bus state is: 0
Set Net Indication Callback called
Bus state is: 0
Set Net Indication Callback called
Bus state is: 0
Set Net Indication Callback called
Bus state is: 0
Set Net Indication Callback called
Bus state is: 0
Set Net Indication Callback called
Bus state is: 0
Set Net Indication Callback called
Bus state is: 0
Set Net Indication Callback called
Bus state is: 0
Set Net Indication Callback called
Bus state is: 0
Set Net Indication Callback called
Bus state is: 0
Set Net Indication Callback called
Bus state is: 0
Set Net Indication Callback called
Bus state is: 0
Set Net Indication Callback called
Bus state is: 0
Set Net Indication Callback called
Bus state is: 0
Set Net Indication Callback called
Bus state is: 0
Set Net Indication Callback called
Bus state is: 0
Set Net Indication Callback called
Bus state is: 0
Set Net Indication Callback called
Bus state is: 0
Set Net Indication Callback called
Bus state is: 0
Set Net Indication Callback called
Bus state is: 0
Set Net Indication Callback called
Bus state is: 0
Set Net Indication Callback called
Bus state is: 0
Set Net Indication Callback called
Bus state is: 0
Set Net Indication Callback called
Bus state is: 0
Set Net Indication Callback called
Bus state is: 0
Set Net Indication Callback called
Bus state is: 0
Set Net Indication Callback called
Bus state is: 0
Set Net Indication Callback called
Bus state is: 0
Set Net Indication Callback called
Bus state is: 0
Set Net Indication Callback called
Bus state is: 0
Set Net Indication Callback called
Bus state is: 0
Set Net Indication Callback called
Bus state is: 0
Set Net Indication Callback called
Bus state is: 0
Set Net Indication Callback called
Bus state is: 0
Set Net Indication Callback called
Bus state is: 0
Set Net Indication Callback called
Bus state is: 0
Set Net Indication Callback called
Bus state is: 0
Set Net Indication Callback called
Bus state is: 0
Set Net Indication Callback called
Bus state is: 0
Set Net Indication Callback called
Bus state is: 0
Set Net Indication Callback called
Bus state is: 0
Set Net Indication Callback called
Bus state is: 0
Set Net Indication Callback called
Bus state is: 0
Set Net Indication Callback called
Bus state is: 0
Set Net Indication Callback called
Bus state is: 0
Set Net Indication Callback called
Bus state is: 0
Set Net Indication Callback called
Bus state is: 0
Set Net Indication Callback called
Bus state is: 0
Set Net Indication Callback called
Bus state is: 0
Set Net Indication Callback called
Bus state is: 0
Set Net Indication Callback called
Bus state is: 0
Set Net Indication Callback called
Bus state is: 0
Set Net Indication Callback called
Bus state is: 0
Set Net Indication Callback called
Bus state is: 0
Set Net Indication Callback called
Bus state is: 0
Set Net Indication Callback called
Bus state is: 0
Set Net Indication Callback called
Bus state is: 0
Set Net Indication Callback called
Bus state is: 0
Set Net Indication Callback called
Bus state is: 0
Set Net Indication Callback called
Bus state is: 0
Set Net Indication Callback called
Bus state is: 0
Set Net Indication Callback called
Bus state is: 0
Set Net Indication Callback called
Bus state is: 0
Set Net Indication Callback called
Bus state is: 0
Set Net Indication Callback called
Bus state is: 0
Set Net Indication Callback called
Bus state is: 0
Set Net Indication Callback called
Bus state is: 0
Set Net Indication Callback called
Bus state is: 0
Set Net Indication Callback called
Bus state is: 0
Set Net Indication Callback called
Bus state is: 0
Set Net Indication Callback called
Bus state is: 0
Set Net Indication Callback called
Bus state is: 0
Set Net Indication Callback called
Bus state is: 0
Set Net Indication Callback called
Bus state is: 0
Set Net Indication Callback called
Bus state is: 0
Set Net Indication Callback called
Bus state is: 0
Set Net Indication Callback called
Bus state is: 0
Set Net Indication Callback called
Bus state is: 0
Set Net Indication Callback called
Bus state is: 0
Set Net Indication Callback called
Bus state is: 0
Set Net Indication Callback called
Bus state is: 0
Set Net Indication Callback called
Bus state is: 0
Set Net Indication Callback called
Bus state is: 0
Set Net Indication Callback called
Bus state is: 0
Set Net Indication Callback called
Bus state is: 0
Set Net Indication Callback called
Bus state is: 0
Set Net Indication Callback called
Bus state is: 0
Set Net Indication Callback called
Bus state is: 0
Set Net Indication Callback called
Bus state is: 0
Set Net Indication Callback called
Bus state is: 0
Set Net Indication Callback called
Bus state is: 0
Set Net Indication Callback called
Bus state is: 0
Set Net Indication Callback called
Bus state is: 0
Set Net Indication Callback called
Bus state is: 0
Set Net Indication Callback called
Bus state is: 0
Set Net Indication Callback called
Bus state is: 0
Set Net Indication Callback called
Bus state is: 0
Set Net Indication Callback called
Bus state is: 0
Set Net Indication Callback called
Bus state is: 0
Set Net Indication Callback called
Bus state is: 0
Set Net Indication Callback called
Bus state is: 0
Set Net Indication Callback called
Bus state is: 0
Set Net Indication Callback called
Bus state is: 0
Set Net Indication Callback called
Bus state is: 0
Set Net Indication Callback called
Bus state is: 0
Set Net Indication Callback called
Bus state is: 0
Set Net Indication Callback called
Bus state is: 0
Set Net Indication Callback called
Bus state is: 0
Set Net Indication Callback called
Bus state is: 0
Set Net Indication Callback called
Bus state is: 0
Set Net Indication Callback called
Bus state is: 0
Set Net Indication Callback called
Bus state is: 0
Set Net Indication Callback called
Bus state is: 0
Set Net Indication Callback called
Bus state is: 0
Set Net Indication Callback called
Bus state is: 0
Set Net Indication Callback called
Bus state is: 0
Set Net Indication Callback called
Bus state is: 0
Set Net Indication Callback called
Bus state is: 0
Set Net Indication Callback called
Bus state is: 0
Set Net Indication Callback called
Bus state is: 0
Set Net Indication Callback called
Bus state is: 0
Set Net Indication Callback called
Bus state is: 0
Set Net Indication Callback called
Bus state is: 0
Set Net Indication Callback called
Bus state is: 0
Set Net Indication Callback called
Bus state is: 0
Set Net Indication Callback called
Bus state is: 0
Set Net Indication Callback called
Bus state is: 0
Set Net Indication Callback called
Bus state is: 0
Set Net Indication Callback called
Bus state is: 0
Set Net Indication Callback called
Bus state is: 0
Set Net Indication Callback called
Bus state is: 0
Set Net Indication Callback called
Bus state is: 0
Set Net Indication Callback called
Bus state is: 0
Set Net Indication Callback called
Bus state is: 0
Set Net Indication Callback called
Bus state is: 0
Set Net Indication Callback called
Bus state is: 0
Set Net Indication Callback called
Bus state is: 0
Set Net Indication Callback called
Bus state is: 0
Set Net Indication Callback called
Bus state is: 0
Set Net Indication Callback called
Bus state is: 0
Set Net Indication Callback called
Bus state is: 0
Set Net Indication Callback called
Bus state is: 0
Set Net Indication Callback called
Bus state is: 0
Set Net Indication Callback called
Bus state is: 0
Set Net Indication Callback called
Bus state is: 0
Set Net Indication Callback called
Bus state is: 0
Set Net Indication Callback called
Bus state is: 0
Set Net Indication Callback called
Bus state is: 0
Set Net Indication Callback called
Bus state is: 0
Set Net Indication Callback called
Bus state is: 0
Set Net Indication Callback called
Bus state is: 0
Set Net Indication Callback called
Bus state is: 0
Set Net Indication Callback called
Bus state is: 0
Set Net Indication Callback called
Bus state is: 0
Set Net Indication Callback called
Bus state is: 0
Set Net Indication Callback called
Bus state is: 0
Set Net Indication Callback called
Bus state is: 0
Set Net Indication Callback called
Bus state is: 0
Set Net Indication Callback called
Bus state is: 0
Set Net Indication Callback called
Bus state is: 0
Set Net Indication Callback called
Bus state is: 0
Set Net Indication Callback called
Bus state is: 0
Set Net Indication Callback called
Bus state is: 0
Set Net Indication Callback called
Bus state is: 0
Set Net Indication Callback called
Bus state is: 0
Set Net Indication Callback called
Bus state is: 0
Set Net Indication Callback called
Bus state is: 0
Set Net Indication Callback called
Bus state is: 0
Set Net Indication Callback called
Bus state is: 0
Set Net Indication Callback called
Bus state is: 0
Set Net Indication Callback called
Bus state is: 0
Set Net Indication Callback called
Bus state is: 0
Set Net Indication Callback called
Bus state is: 0
Set Net Indication Callback called
Bus state is: 0
Set Net Indication Callback called
Bus state is: 0
Set Net Indication Callback called
Bus state is: 0
Set Net Indication Callback called
Bus state is: 0
Set Net Indication Callback called
Bus state is: 0
Set Net Indication Callback called
Bus state is: 0
Set Net Indication Callback called
Bus state is: 0
Set Net Indication Callback called
Bus state is: 0
Set Net Indication Callback called
Bus state is: 0
Set Net Indication Callback called
Bus state is: 0
Set Net Indication Callback called
Bus state is: 0
Set Net Indication Callback called
Bus state is: 0
Set Net Indication Callback called
Bus state is: 0
Set Net Indication Callback called
Bus state is: 0
Set Net Indication Callback called
Bus state is: 0
Set Net Indication Callback called
Bus state is: 0
Set Net Indication Callback called
Bus state is: 0
Set Net Indication Callback called
Bus state is: 0
Set Net Indication Callback called
Bus state is: 0
Set Net Indication Callback called
Bus state is: 0
Set Net Indication Callback called
Bus state is: 0
Set Net Indication Callback called
Bus state is: 0
Set Net Indication Callback called
Bus state is: 0
Set Net Indication Callback called
Bus state is: 0
Set Net Indication Callback called
Bus state is: 0
Set Net Indication Callback called
Bus state is: 0
Set Net Indication Callback called
Bus state is: 0
Set Net Indication Callback called
Bus state is: 0
Set Net Indication Callback called
Bus state is: 0
Set Net Indication Callback called
Bus state is: 0
Set Net Indication Callback called
Bus state is: 0
Set Net Indication Callback called
Bus state is: 0
Set Net Indication Callback called
Bus state is: 0
Set Net Indication Callback called
Bus state is: 0
Set Net Indication Callback called
Bus state is: 0
Set Net Indication Callback called
Bus state is: 0
Set Net Indication Callback called
Bus state is: 0
Set Net Indication Callback called
Bus state is: 0
Set Net Indication Callback called
Bus state is: 0
Set Net Indication Callback called
Bus state is: 0
Set Net Indication Callback called
Bus state is: 0
Set Net Indication Callback called
Bus state is: 0
Set Net Indication Callback called
Bus state is: 0
Set Net Indication Callback called
Bus state is: 0
Set Net Indication Callback called
Bus state is: 0
Set Net Indication Callback called
Bus state is: 0
Set Net Indication Callback called
Bus state is: 0
Set Net Indication Callback called
Bus state is: 0
Set Net Indication Callback called
Bus state is: 0
Set Net Indication Callback called
Bus state is: 0
Set Net Indication Callback called
Bus state is: 0
Set Net Indication Callback called
Bus state is: 0
Set Net Indication Callback called
Bus state is: 0
Set Net Indication Callback called
Bus state is: 0
Set Net Indication Callback called
Bus state is: 0
Set Net Indication Callback called
Bus state is: 0
Set Net Indication Callback called
Bus state is: 0
Set Net Indication Callback called
Bus state is: 0
Set Net Indication Callback called
Bus state is: 0
Set Net Indication Callback called
Bus state is: 0
Set Net Indication Callback called
Bus state is: 0
Set Net Indication Callback called
Bus state is: 0
Set Net Indication Callback called
Bus state is: 0
Set Net Indication Callback called
Bus state is: 0
Set Net Indication Callback called
Bus state is: 0
Set Net Indication Callback called
Bus state is: 0
Set Net Indication Callback called
Bus state is: 0
Set Net Indication Callback called
Bus state is: 0
Set Net Indication Callback called
Bus state is: 0
Set Net Indication Callback called
Bus state is: 0
Set Net Indication Callback called
Bus state is: 0
Set Net Indication Callback called
Bus state is: 0
Set Net Indication Callback called
Bus state is: 0
Set Net Indication Callback called
Bus state is: 0
Set Net Indication Callback called
Bus state is: 0
Set Net Indication Callback called
Bus state is: 0
Set Net Indication Callback called
Bus state is: 0
Set Net Indication Callback called
Bus state is: 0
Set Net Indication Callback called
Bus state is: 0
Set Net Indication Callback called
Bus state is: 0
Set Net Indication Callback called
Bus state is: 0
Set Net Indication Callback called
Bus state is: 0
Set Net Indication Callback called
Bus state is: 0
Set Net Indication Callback called
Bus state is: 0
Set Net Indication Callback called
Bus state is: 0
Set Net Indication Callback called
Bus state is: 0
Set Net Indication Callback called
Bus state is: 0
Set Net Indication Callback called
Bus state is: 0
Set Net Indication Callback called
Bus state is: 0
Set Net Indication Callback called
Bus state is: 0
Set Net Indication Callback called
Bus state is: 0
Set Net Indication Callback called
Bus state is: 0
Set Net Indication Callback called
Bus state is: 0
Set Net Indication Callback called
Bus state is: 0
Set Net Indication Callback called
Bus state is: 0
Set Net Indication Callback called
Bus state is: 0
Set Net Indication Callback called
Bus state is: 0
Set Net Indication Callback called
Bus state is: 0
Set Net Indication Callback called
Bus state is: 0
Set Net Indication Callback called
Bus state is: 0
Set Net Indication Callback called
Bus state is: 0
Set Net Indication Callback called
Bus state is: 0
Set Net Indication Callback called
Bus state is: 0
Set Net Indication Callback called
Bus state is: 0
Set Net Indication Callback called
Bus state is: 0
Set Net Indication Callback called
Bus state is: 0
Set Net Indication Callback called
Bus state is: 0
Set Net Indication Callback called
Bus state is: 0
Set Net Indication Callback called
Bus state is: 0
Set Net Indication Callback called
Bus state is: 0
Set Net Indication Callback called
Bus state is: 0
Set Net Indication Callback called
Bus state is: 0
Set Net Indication Callback called
Bus state is: 0
Set Net Indication Callback called
Bus state is: 0
Set Net Indication Callback called
Bus state is: 0
Set Net Indication Callback called
Bus state is: 0
Set Net Indication Callback called
Bus state is: 0
Set Net Indication Callback called
Bus state is: 0
Set Net Indication Callback called
Bus state is: 0
Set Net Indication Callback called
Bus state is: 0
Set Net Indication Callback called
Bus state is: 0
Set Net Indication Callback called
Bus state is: 0
Set Net Indication Callback called
Bus state is: 0
Set Net Indication Callback called
Bus state is: 0
Set Net Indication Callback called
Bus state is: 0
Set Net Indication Callback called
Bus state is: 0
Set Net Indication Callback called
Bus state is: 0
Set Net Indication Callback called
Bus state is: 0
Set Net Indication Callback called
Bus state is: 0
Set Net Indication Callback called
Bus state is: 0
Set Net Indication Callback called
Bus state is: 0
Set Net Indication Callback called
Bus state is: 0
Set Net Indication Callback called
Bus state is: 0
Set Net Indication Callback called
Bus state is: 0
Set Net Indication Callback called
Bus state is: 0
Set Net Indication Callback called
Bus state is: 0
Set Net Indication Callback called
Bus state is: 0
Set Net Indication Callback called
Bus state is: 0
Set Net Indication Callback called
Bus state is: 0
Set Net Indication Callback called
Bus state is: 0
Set Net Indication Callback called
Bus state is: 0
Set Net Indication Callback called
Bus state is: 0
Set Net Indication Callback called
Bus state is: 0
Set Net Indication Callback called
Bus state is: 0
Set Net Indication Callback called
Bus state is: 0
Set Net Indication Callback called
Bus state is: 0
Set Net Indication Callback called
Bus state is: 0
Set Net Indication Callback called
Bus state is: 0
Set Net Indication Callback called
Bus state is: 0
Set Net Indication Callback called
Bus state is: 0
Set Net Indication Callback called
Bus state is: 0
Set Net Indication Callback called
Bus state is: 0
Set Net Indication Callback called
Bus state is: 0
Set Net Indication Callback called
Bus state is: 0
Set Net Indication Callback called
Bus state is: 0
Set Net Indication Callback called
Bus state is: 0
Set Net Indication Callback called
Bus state is: 0
Set Net Indication Callback called
Bus state is: 0
Set Net Indication Callback called
Bus state is: 0
Set Net Indication Callback called
Bus state is: 0
Set Net Indication Callback called
Bus state is: 0
Set Net Indication Callback called
Bus state is: 0
Set Net Indication Callback called
Bus state is: 0
Set Net Indication Callback called
Bus state is: 0
Set Net Indication Callback called
Bus state is: 0
Set Net Indication Callback called
Bus state is: 0
Set Net Indication Callback called
Bus state is: 0
Set Net Indication Callback called
Bus state is: 0
Set Net Indication Callback called
Bus state is: 0
Set Net Indication Callback called
Bus state is: 0
Set Net Indication Callback called
Bus state is: 0
Set Net Indication Callback called
Bus state is: 0
Set Net Indication Callback called
Bus state is: 0
Set Net Indication Callback called
Bus state is: 0
Set Net Indication Callback called
Bus state is: 0
Set Net Indication Callback called
Bus state is: 0
Set Net Indication Callback called
Bus state is: 0
Set Net Indication Callback called
Bus state is: 0
Set Net Indication Callback called
Bus state is: 0
Set Net Indication Callback called
Bus state is: 0
Set Net Indication Callback called
Bus state is: 0
Set Net Indication Callback called
Bus state is: 0
Set Net Indication Callback called
Bus state is: 0
Set Net Indication Callback called
Bus state is: 0
Set Net Indication Callback called
Bus state is: 0
Set Net Indication Callback called
Bus state is: 0
Set Net Indication Callback called
Bus state is: 0
Set Net Indication Callback called
Bus state is: 0
Set Net Indication Callback called
Bus state is: 0
Set Net Indication Callback called
Bus state is: 0
Set Net Indication Callback called
Bus state is: 0
Set Net Indication Callback called
Bus state is: 0
Set Net Indication Callback called
Bus state is: 0
Set Net Indication Callback called
Bus state is: 0
Set Net Indication Callback called
Bus state is: 0
Set Net Indication Callback called
Bus state is: 0
Set Net Indication Callback called
Bus state is: 0
Set Net Indication Callback called
Bus state is: 0
Set Net Indication Callback called
Bus state is: 0
Set Net Indication Callback called
Bus state is: 0
Set Net Indication Callback called
Bus state is: 0
Set Net Indication Callback called
Bus state is: 0
Set Net Indication Callback called
Bus state is: 0
Set Net Indication Callback called
Bus state is: 0
Set Net Indication Callback called
Bus state is: 0
Set Net Indication Callback called
Bus state is: 0
Set Net Indication Callback called
Bus state is: 0
Set Net Indication Callback called
Bus state is: 0
Set Net Indication Callback called
Bus state is: 0
Set Net Indication Callback called
Bus state is: 0
Set Net Indication Callback called
Bus state is: 0
Set Net Indication Callback called
Bus state is: 0
Set Net Indication Callback called
Bus state is: 0
Set Net Indication Callback called
Bus state is: 0
Set Net Indication Callback called
Bus state is: 0
Set Net Indication Callback called
Bus state is: 0
Set Net Indication Callback called
Bus state is: 0
Set Net Indication Callback called
Bus state is: 0
Set Net Indication Callback called
Bus state is: 0
Set Net Indication Callback called
Bus state is: 0
Set Net Indication Callback called
Bus state is: 0
Set Net Indication Callback called
Bus state is: 0
Set Net Indication Callback called
Bus state is: 0
Set Net Indication Callback called
Bus state is: 0
Set Net Indication Callback called
Bus state is: 0
Set Net Indication Callback called
Bus state is: 0
Set Net Indication Callback called
Bus state is: 0
Set Net Indication Callback called
Bus state is: 0
Set Net Indication Callback called
Bus state is: 0
Set Net Indication Callback called
Bus state is: 0
Set Net Indication Callback called
Bus state is: 0
Set Net Indication Callback called
Bus state is: 0
Set Net Indication Callback called
Bus state is: 0
Set Net Indication Callback called
Bus state is: 0
Set Net Indication Callback called
Bus state is: 0
Set Net Indication Callback called
Bus state is: 0
Set Net Indication Callback called
Bus state is: 0
Set Net Indication Callback called
Bus state is: 0
Set Net Indication Callback called
Bus state is: 0
Set Net Indication Callback called
Bus state is: 0
Set Net Indication Callback called
Bus state is: 0
Set Net Indication Callback called
Bus state is: 0
Set Net Indication Callback called
Bus state is: 0
Set Net Indication Callback called
Bus state is: 0
Set Net Indication Callback called
Bus state is: 0
Set Net Indication Callback called
Bus state is: 0
Set Net Indication Callback called
Bus state is: 0
Set Net Indication Callback called
Bus state is: 0
Set Net Indication Callback called
Bus state is: 0
Set Net Indication Callback called
Bus state is: 0
Set Net Indication Callback called
Bus state is: 0
Set Net Indication Callback called
Bus state is: 0
Set Net Indication Callback called
Bus state is: 0
Set Net Indication Callback called
Bus state is: 0
Set Net Indication Callback called
Bus state is: 0
Set Net Indication Callback called
Bus state is: 0
Set Net Indication Callback called
Bus state is: 0
Set Net Indication Callback called
Bus state is: 0
Set Net Indication Callback called
Bus state is: 0
Set Net Indication Callback called
Bus state is: 0
Set Net Indication Callback called
Bus state is: 0
Set Net Indication Callback called
Bus state is: 0
Set Net Indication Callback called
Bus state is: 0
Set Net Indication Callback called
Bus state is: 0
Set Net Indication Callback called
Bus state is: 0
Set Net Indication Callback called
Bus state is: 0
Set Net Indication Callback called
Bus state is: 0
Set Net Indication Callback called
Bus state is: 0
Set Net Indication Callback called
Bus state is: 0
Set Net Indication Callback called
Bus state is: 0
Set Net Indication Callback called
Bus state is: 0
Set Net Indication Callback called
Bus state is: 0
Set Net Indication Callback called
Bus state is: 0
Set Net Indication Callback called
Bus state is: 0
Set Net Indication Callback called
Bus state is: 0
Set Net Indication Callback called
Bus state is: 0
Set Net Indication Callback called
Bus state is: 0
Set Net Indication Callback called
Bus state is: 0
Set Net Indication Callback called
Bus state is: 0
Set Net Indication Callback called
Bus state is: 0
Set Net Indication Callback called
Bus state is: 0
Set Net Indication Callback called
Bus state is: 0
Set Net Indication Callback called
Bus state is: 0
Set Net Indication Callback called
Bus state is: 0
Set Net Indication Callback called
Bus state is: 0
Set Net Indication Callback called
Bus state is: 0
Set Net Indication Callback called
Bus state is: 0
Set Net Indication Callback called
Bus state is: 0
Set Net Indication Callback called
Bus state is: 0
Set Net Indication Callback called
Bus state is: 0
Set Net Indication Callback called
Bus state is: 0
Set Net Indication Callback called
Bus state is: 0
Set Net Indication Callback called
Bus state is: 0
Set Net Indication Callback called
Bus state is: 0
Set Net Indication Callback called
Bus state is: 0
Set Net Indication Callback called
Bus state is: 0
Set Net Indication Callback called
Bus state is: 0
Set Net Indication Callback called
Bus state is: 0
Set Net Indication Callback called
Bus state is: 0
Set Net Indication Callback called
Bus state is: 0
Set Net Indication Callback called
Bus state is: 0
Set Net Indication Callback called
Bus state is: 0
Set Net Indication Callback called
Bus state is: 0
Set Net Indication Callback called
Bus state is: 0
Set Net Indication Callback called
Bus state is: 0
Set Net Indication Callback called
Bus state is: 0
Set Net Indication Callback called
Bus state is: 0
Set Net Indication Callback called
Bus state is: 0
Set Net Indication Callback called
Bus state is: 0
Set Net Indication Callback called
Bus state is: 0
Set Net Indication Callback called
Bus state is: 0
Set Net Indication Callback called
Bus state is: 0
Set Net Indication Callback called
Bus state is: 0
Set Net Indication Callback called
Bus state is: 0
Set Net Indication Callback called
Bus state is: 0
Set Net Indication Callback called
Bus state is: 0
Set Net Indication Callback called
Bus state is: 0
Set Net Indication Callback called
Bus state is: 0
Set Net Indication Callback called
Bus state is: 0
Set Net Indication Callback called
Bus state is: 0
Set Net Indication Callback called
Bus state is: 0
Set Net Indication Callback called
Bus state is: 0
Set Net Indication Callback called
Bus state is: 0
Set Net Indication Callback called
Bus state is: 0
Set Net Indication Callback called
Bus state is: 0
Set Net Indication Callback called
Bus state is: 0
Set Net Indication Callback called
Bus state is: 0
Set Net Indication Callback called
Bus state is: 0
Set Net Indication Callback called
Bus state is: 0
Set Net Indication Callback called
Bus state is: 0
Set Net Indication Callback called
Bus state is: 0
Set Net Indication Callback called
Bus state is: 0
Set Net Indication Callback called
Bus state is: 0
Set Net Indication Callback called
Bus state is: 0
Set Net Indication Callback called
Bus state is: 0
Set Net Indication Callback called
Bus state is: 0
Set Net Indication Callback called
Bus state is: 0
Set Net Indication Callback called
Bus state is: 0
Set Net Indication Callback called
Bus state is: 0
Set Net Indication Callback called
Bus state is: 0
Set Net Indication Callback called
Bus state is: 0
Set Net Indication Callback called
Bus state is: 0
Set Net Indication Callback called
Bus state is: 0
Set Net Indication Callback called
Bus state is: 0
Set Net Indication Callback called
Bus state is: 0
Set Net Indication Callback called
Bus state is: 0
Set Net Indication Callback called
Bus state is: 0
Set Net Indication Callback called
Bus state is: 0
Set Net Indication Callback called
Bus state is: 0
Set Net Indication Callback called
Bus state is: 0
Set Net Indication Callback called
Bus state is: 0
Set Net Indication Callback called
Bus state is: 0
Set Net Indication Callback called
Bus state is: 0
Set Net Indication Callback called
Bus state is: 0
Set Net Indication Callback called
Bus state is: 0
Set Net Indication Callback called
Bus state is: 0
Set Net Indication Callback called
Bus state is: 0
Set Net Indication Callback called
Bus state is: 0
Set Net Indication Callback called
Bus state is: 0
Set Net Indication Callback called
Bus state is: 0
Set Net Indication Callback called
Bus state is: 0
Set Net Indication Callback called
Bus state is: 0
Set Net Indication Callback called
Bus state is: 0
Set Net Indication Callback called
Bus state is: 0
Set Net Indication Callback called
Bus state is: 0
Set Net Indication Callback called
Bus state is: 0
Set Net Indication Callback called
Bus state is: 0
Set Net Indication Callback called
Bus state is: 0
Set Net Indication Callback called
Bus state is: 0
Set Net Indication Callback called
Bus state is: 0
Set Net Indication Callback called
Bus state is: 0
Set Net Indication Callback called
Bus state is: 0
Set Net Indication Callback called
Bus state is: 0
Set Net Indication Callback called
Bus state is: 0
Set Net Indication Callback called
Bus state is: 0
Set Net Indication Callback called
Bus state is: 0
Set Net Indication Callback called
Bus state is: 0
Set Net Indication Callback called
Bus state is: 0
Set Net Indication Callback called
Bus state is: 0
Set Net Indication Callback called
Bus state is: 0
Set Net Indication Callback called
Bus state is: 0
Set Net Indication Callback called
Bus state is: 0
Set Net Indication Callback called
Bus state is: 0
Set Net Indication Callback called
Bus state is: 0
Set Net Indication Callback called
Bus state is: 0
Set Net Indication Callback called
Bus state is: 0
Set Net Indication Callback called
Bus state is: 0
Set Net Indication Callback called
Bus state is: 0
Set Net Indication Callback called
Bus state is: 0
Set Net Indication Callback called
Bus state is: 0
Set Net Indication Callback called
Bus state is: 0
Set Net Indication Callback called
Bus state is: 0
Set Net Indication Callback called
Bus state is: 0
Set Net Indication Callback called
Bus state is: 0
Set Net Indication Callback called
Bus state is: 0
Set Net Indication Callback called
Bus state is: 0
Set Net Indication Callback called
Bus state is: 0
Set Net Indication Callback called
Bus state is: 0
Set Net Indication Callback called
Bus state is: 0
Set Net Indication Callback called
Bus state is: 0
Set Net Indication Callback called
Bus state is: 0
Set Net Indication Callback called
Bus state is: 0
Set Net Indication Callback called
Bus state is: 0
Set Net Indication Callback called
Bus state is: 0
Set Net Indication Callback called
Bus state is: 0
Set Net Indication Callback called
Bus state is: 0
Set Net Indication Callback called
Bus state is: 0
Set Net Indication Callback called
Bus state is: 0
Set Net Indication Callback called
Bus state is: 0
Set Net Indication Callback called
Bus state is: 0
Set Net Indication Callback called
Bus state is: 0
Set Net Indication Callback called
Bus state is: 0
Set Net Indication Callback called
Bus state is: 0
Set Net Indication Callback called
Bus state is: 0
Set Net Indication Callback called
Bus state is: 0
Set Net Indication Callback called
Bus state is: 0
Set Net Indication Callback called
Bus state is: 0
Set Net Indication Callback called
Bus state is: 0
Set Net Indication Callback called
Bus state is: 0
Set Net Indication Callback called
Bus state is: 0
Set Net Indication Callback called
Bus state is: 0
Set Net Indication Callback called
Bus state is: 0
Set Net Indication Callback called
Bus state is: 0
Set Net Indication Callback called
Bus state is: 0
Set Net Indication Callback called
Bus state is: 0
Set Net Indication Callback called
Bus state is: 0
Set Net Indication Callback called
Bus state is: 0
Set Net Indication Callback called
Bus state is: 0
Set Net Indication Callback called
Bus state is: 0
Set Net Indication Callback called
Bus state is: 0
Set Net Indication Callback called
Bus state is: 0
Set Net Indication Callback called
Bus state is: 0
Set Net Indication Callback called
Bus state is: 0
Set Net Indication Callback called
Bus state is: 0
Set Net Indication Callback called
Bus state is: 0
Set Net Indication Callback called
Bus state is: 0
Set Net Indication Callback called
Bus state is: 0
Set Net Indication Callback called
Bus state is: 0
Set Net Indication Callback called
Bus state is: 0
Set Net Indication Callback called
Bus state is: 0
Set Net Indication Callback called
Bus state is: 0
Set Net Indication Callback called
Bus state is: 0
Set Net Indication Callback called
Bus state is: 0
Set Net Indication Callback called
Bus state is: 0
Set Net Indication Callback called
Bus state is: 0
Set Net Indication Callback called
Bus state is: 0
Set Net Indication Callback called
Bus state is: 0
Set Net Indication Callback called
Bus state is: 0
Set Net Indication Callback called
Bus state is: 0
Set Net Indication Callback called
Bus state is: 0
Set Net Indication Callback called
Bus state is: 0
Set Net Indication Callback called
Bus state is: 0
Set Net Indication Callback called
Bus state is: 0
Set Net Indication Callback called
Bus state is: 0
Set Net Indication Callback called
Bus state is: 0
Set Net Indication Callback called
Bus state is: 0
Set Net Indication Callback called
Bus state is: 0
Set Net Indication Callback called
Bus state is: 0
Set Net Indication Callback called
Bus state is: 0
Set Net Indication Callback called
Bus state is: 0
Set Net Indication Callback called
Bus state is: 0
Set Net Indication Callback called
Bus state is: 0
Set Net Indication Callback called
Bus state is: 0
Set Net Indication Callback called
Bus state is: 0
Set Net Indication Callback called
Bus state is: 0
Set Net Indication Callback called
Bus state is: 0
Set Net Indication Callback called
Bus state is: 0
Set Net Indication Callback called
Bus state is: 0
Set Net Indication Callback called
Bus state is: 0
Set Net Indication Callback called
Bus state is: 0
Set Net Indication Callback called
Bus state is: 0
Set Net Indication Callback called
Bus state is: 0
Set Net Indication Callback called
Bus state is: 0
Set Net Indication Callback called
Bus state is: 0
Set Net Indication Callback called
Bus state is: 0
Set Net Indication Callback called
Bus state is: 0
Set Net Indication Callback called
Bus state is: 0
Set Net Indication Callback called
Bus state is: 0
Set Net Indication Callback called
Bus state is: 0
Set Net Indication Callback called
Bus state is: 0
Set Net Indication Callback called
Bus state is: 0
Set Net Indication Callback called
Bus state is: 0
Set Net Indication Callback called
Bus state is: 0
Set Net Indication Callback called
Bus state is: 0
Set Net Indication Callback called
Bus state is: 0
Set Net Indication Callback called
Bus state is: 0
Set Net Indication Callback called
Bus state is: 0
Set Net Indication Callback called
Bus state is: 0
Set Net Indication Callback called
Bus state is: 0
Set Net Indication Callback called
Bus state is: 0
Set Net Indication Callback called
Bus state is: 0
Set Net Indication Callback called
Bus state is: 0
Set Net Indication Callback called
Bus state is: 0
Set Net Indication Callback called
Bus state is: 0
Set Net Indication Callback called
Bus state is: 0
Set Net Indication Callback called
Bus state is: 0
Set Net Indication Callback called
Bus state is: 0
Set Net Indication Callback called
Bus state is: 0
Set Net Indication Callback called
Bus state is: 0
Set Net Indication Callback called
Bus state is: 0
Set Net Indication Callback called
Bus state is: 0
Set Net Indication Callback called
Bus state is: 0
Set Net Indication Callback called
Bus state is: 0
Set Net Indication Callback called
Bus state is: 0
Set Net Indication Callback called
Bus state is: 0
Set Net Indication Callback called
Bus state is: 0
Set Net Indication Callback called
Bus state is: 0
Set Net Indication Callback called
Bus state is: 0
Set Net Indication Callback called
Bus state is: 0
Set Net Indication Callback called
Bus state is: 0
Set Net Indication Callback called
Bus state is: 0
Set Net Indication Callback called
Bus state is: 0
Set Net Indication Callback called
Bus state is: 0
Set Net Indication Callback called
Bus state is: 0
Set Net Indication Callback called
Bus state is: 0
Set Net Indication Callback called
Bus state is: 0
Set Net Indication Callback called
Bus state is: 0
Set Net Indication Callback called
Bus state is: 0
Set Net Indication Callback called
Bus state is: 0
Set Net Indication Callback called
Bus state is: 0
Set Net Indication Callback called
Bus state is: 0
Set Net Indication Callback called
Bus state is: 0
Set Net Indication Callback called
Bus state is: 0
Set Net Indication Callback called
Bus state is: 0
Set Net Indication Callback called
Bus state is: 0
Set Net Indication Callback called
Bus state is: 0
Set Net Indication Callback called
Bus state is: 0
Set Net Indication Callback called
Bus state is: 0
Set Net Indication Callback called
Bus state is: 0
Set Net Indication Callback called
Bus state is: 0
Set Net Indication Callback called
Bus state is: 0
Set Net Indication Callback called
Bus state is: 0
Set Net Indication Callback called
Bus state is: 0
Set Net Indication Callback called
Bus state is: 0
Set Net Indication Callback called
Bus state is: 0
Set Net Indication Callback called
Bus state is: 0
Set Net Indication Callback called
Bus state is: 0
Set Net Indication Callback called
Bus state is: 0
Set Net Indication Callback called
Bus state is: 0
Set Net Indication Callback called
Bus state is: 0
Set Net Indication Callback called
Bus state is: 0
Set Net Indication Callback called
Bus state is: 0
Set Net Indication Callback called
Bus state is: 0
Set Net Indication Callback called
Bus state is: 0
Set Net Indication Callback called
Bus state is: 0
Set Net Indication Callback called
Bus state is: 0
Set Net Indication Callback called
Bus state is: 0
Set Net Indication Callback called
Bus state is: 0
Set Net Indication Callback called
Bus state is: 0
Set Net Indication Callback called
Bus state is: 0
Set Net Indication Callback called
Bus state is: 0
Set Net Indication Callback called
Bus state is: 0
Set Net Indication Callback called
Bus state is: 0
Set Net Indication Callback called
Bus state is: 0
Set Net Indication Callback called
Bus state is: 0
Set Net Indication Callback called
Bus state is: 0
Set Net Indication Callback called
Bus state is: 0
Set Net Indication Callback called
Bus state is: 0
Set Net Indication Callback called
Bus state is: 0
Set Net Indication Callback called
Bus state is: 0
Set Net Indication Callback called
Bus state is: 0
Set Net Indication Callback called
Bus state is: 0
Set Net Indication Callback called
Bus state is: 0
Set Net Indication Callback called
Bus state is: 0
Set Net Indication Callback called
Bus state is: 0
Set Net Indication Callback called
Bus state is: 0
Set Net Indication Callback called
Bus state is: 0
Set Net Indication Callback called
Bus state is: 0
Set Net Indication Callback called
Bus state is: 0
Set Net Indication Callback called
Bus state is: 0
Set Net Indication Callback called
Bus state is: 0
Set Net Indication Callback called
Bus state is: 0
Set Net Indication Callback called
Bus state is: 0
Set Net Indication Callback called
Bus state is: 0
Set Net Indication Callback called
Bus state is: 0
Set Net Indication Callback called
Bus state is: 0
Set Net Indication Callback called
Bus state is: 0
Set Net Indication Callback called
Bus state is: 0
Set Net Indication Callback called
Bus state is: 0
Set Net Indication Callback called
Bus state is: 0
Set Net Indication Callback called
Bus state is: 0
Set Net Indication Callback called
Bus state is: 0
Set Net Indication Callback called
Bus state is: 0
Set Net Indication Callback called
Bus state is: 0
Set Net Indication Callback called
Bus state is: 0
Set Net Indication Callback called
Bus state is: 0
Set Net Indication Callback called
Bus state is: 0
Set Net Indication Callback called
Bus state is: 0
Set Net Indication Callback called
Bus state is: 0
Set Net Indication Callback called
Bus state is: 0
Set Net Indication Callback called
Bus state is: 0
Set Net Indication Callback called
Bus state is: 0
Set Net Indication Callback called
Bus state is: 0
Set Net Indication Callback called
Bus state is: 0
Set Net Indication Callback called
Bus state is: 0
Set Net Indication Callback called
Bus state is: 0
Set Net Indication Callback called
Bus state is: 0
Set Net Indication Callback called
Bus state is: 0
Set Net Indication Callback called
Bus state is: 0
Set Net Indication Callback called
Bus state is: 0
Set Net Indication Callback called
Bus state is: 0
Set Net Indication Callback called
Bus state is: 0
Set Net Indication Callback called
Bus state is: 0
Set Net Indication Callback called
Bus state is: 0
Set Net Indication Callback called
Bus state is: 0
Set Net Indication Callback called
Bus state is: 0
Set Net Indication Callback called
Bus state is: 0
Set Net Indication Callback called
Bus state is: 0
Set Net Indication Callback called
Bus state is: 0
Set Net Indication Callback called
Bus state is: 0
Set Net Indication Callback called
Bus state is: 0
Set Net Indication Callback called
Bus state is: 0
Set Net Indication Callback called
Bus state is: 0
Set Net Indication Callback called
Bus state is: 0
Set Net Indication Callback called
Bus state is: 0
Set Net Indication Callback called
Bus state is: 0
Set Net Indication Callback called
Bus state is: 0
Set Net Indication Callback called
Bus state is: 0
Set Net Indication Callback called
Bus state is: 0
Set Net Indication Callback called
Bus state is: 0
Set Net Indication Callback called
Bus state is: 0
Set Net Indication Callback called
Bus state is: 0
Set Net Indication Callback called
Bus state is: 0
Set Net Indication Callback called
Bus state is: 0
Set Net Indication Callback called
Bus state is: 0
Set Net Indication Callback called
Bus state is: 0
Set Net Indication Callback called
Bus state is: 0
Set Net Indication Callback called
Bus state is: 0
Set Net Indication Callback called
Bus state is: 0
Set Net Indication Callback called
Bus state is: 0
Set Net Indication Callback called
Bus state is: 0
Set Net Indication Callback called
Bus state is: 0
Set Net Indication Callback called
Bus state is: 0
Set Net Indication Callback called
Bus state is: 0
Set Net Indication Callback called
Bus state is: 0
Set Net Indication Callback called
Bus state is: 0
Set Net Indication Callback called
Bus state is: 0
Set Net Indication Callback called
Bus state is: 0
Set Net Indication Callback called
Bus state is: 0
Set Net Indication Callback called
Bus state is: 0
Set Net Indication Callback called
Bus state is: 0
Set Net Indication Callback called
Bus state is: 0
Set Net Indication Callback called
Bus state is: 0
Set Net Indication Callback called
Bus state is: 0
Set Net Indication Callback called
Bus state is: 0
Set Net Indication Callback called
Bus state is: 0
Set Net Indication Callback called
Bus state is: 0
Set Net Indication Callback called
Bus state is: 0
Set Net Indication Callback called
Bus state is: 0
Set Net Indication Callback called
Bus state is: 0
Set Net Indication Callback called
Bus state is: 0
Set Net Indication Callback called
Bus state is: 0
Set Net Indication Callback called
Bus state is: 0
Set Net Indication Callback called
Bus state is: 0
Set Net Indication Callback called
Bus state is: 0
Set Net Indication Callback called
Bus state is: 0
Set Net Indication Callback called
Bus state is: 0
Set Net Indication Callback called
Bus state is: 0
Set Net Indication Callback called
Bus state is: 0
Set Net Indication Callback called
Bus state is: 0
Set Net Indication Callback called
Bus state is: 0
Set Net Indication Callback called
Bus state is: 0
Set Net Indication Callback called
Bus state is: 0
Set Net Indication Callback called
Bus state is: 0
Set Net Indication Callback called
Bus state is: 0
Set Net Indication Callback called
Bus state is: 0
Set Net Indication Callback called
Bus state is: 0
Set Net Indication Callback called
Bus state is: 0
Set Net Indication Callback called
Bus state is: 0
Set Net Indication Callback called
Bus state is: 0
Set Net Indication Callback called
Bus state is: 0
Set Net Indication Callback called
Bus state is: 0
Set Net Indication Callback called
Bus state is: 0
Set Net Indication Callback called
Bus state is: 0
Set Net Indication Callback called
Bus state is: 0
Set Net Indication Callback called
Bus state is: 0
Set Net Indication Callback called
Bus state is: 0
Set Net Indication Callback called
Bus state is: 0
Set Net Indication Callback called
Bus state is: 0
Set Net Indication Callback called
Bus state is: 0
Set Net Indication Callback called
Bus state is: 0
Set Net Indication Callback called
Bus state is: 0
Set Net Indication Callback called
Bus state is: 0
Set Net Indication Callback called
Bus state is: 0
Set Net Indication Callback called
Bus state is: 0
Set Net Indication Callback called
Bus state is: 0
Set Net Indication Callback called
Bus state is: 0
Set Net Indication Callback called
Bus state is: 0
Set Net Indication Callback called
Bus state is: 0
Set Net Indication Callback called
Bus state is: 0
Set Net Indication Callback called
Bus state is: 0
Set Net Indication Callback called
Bus state is: 0
Set Net Indication Callback called
Bus state is: 0
Set Net Indication Callback called
Bus state is: 0
Set Net Indication Callback called
Bus state is: 0
Set Net Indication Callback called
Bus state is: 0
Set Net Indication Callback called
Bus state is: 0
Set Net Indication Callback called
Bus state is: 0
Set Net Indication Callback called
Bus state is: 0
Set Net Indication Callback called
Bus state is: 0
Set Net Indication Callback called
Bus state is: 0
Set Net Indication Callback called
Bus state is: 0
Set Net Indication Callback called
Bus state is: 0
Set Net Indication Callback called
Bus state is: 0
Set Net Indication Callback called
Bus state is: 0
Set Net Indication Callback called
Bus state is: 0
Set Net Indication Callback called
Bus state is: 0
Set Net Indication Callback called
Bus state is: 0
Set Net Indication Callback called
Bus state is: 0
Set Net Indication Callback called
Bus state is: 0
Set Net Indication Callback called
Bus state is: 0
Set Net Indication Callback called
Bus state is: 0
Set Net Indication Callback called
Bus state is: 0
Set Net Indication Callback called
Bus state is: 0
Set Net Indication Callback called
Bus state is: 0
Set Net Indication Callback called
Bus state is: 0
Set Net Indication Callback called
Bus state is: 0
Set Net Indication Callback called
Bus state is: 0
Set Net Indication Callback called
Bus state is: 0
Set Net Indication Callback called
Bus state is: 0
Set Net Indication Callback called
Bus state is: 0
Set Net Indication Callback called
Bus state is: 0
Set Net Indication Callback called
Bus state is: 0
Set Net Indication Callback called
Bus state is: 0
Set Net Indication Callback called
Bus state is: 0
Set Net Indication Callback called
Bus state is: 0
Set Net Indication Callback called
Bus state is: 0
Set Net Indication Callback called
Bus state is: 0
Set Net Indication Callback called
Bus state is: 0
Set Net Indication Callback called
Bus state is: 0
Set Net Indication Callback called
Bus state is: 0
Set Net Indication Callback called
Bus state is: 0
Set Net Indication Callback called
Bus state is: 0
Set Net Indication Callback called
Bus state is: 0
Set Net Indication Callback called
Bus state is: 0
Set Net Indication Callback called
Bus state is: 0
Set Net Indication Callback called
Bus state is: 0
Set Net Indication Callback called
Bus state is: 0
Set Net Indication Callback called
Bus state is: 0
Set Net Indication Callback called
Bus state is: 0
Set Net Indication Callback called
Bus state is: 0
Set Net Indication Callback called
Bus state is: 0
Set Net Indication Callback called
Bus state is: 0
Set Net Indication Callback called
Bus state is: 0
Set Net Indication Callback called
Bus state is: 0
Set Net Indication Callback called
Bus state is: 0
Set Net Indication Callback called
Bus state is: 0
Set Net Indication Callback called
Bus state is: 0
Set Net Indication Callback called
Bus state is: 0
Set Net Indication Callback called
Bus state is: 0
Set Net Indication Callback called
Bus state is: 0
Set Net Indication Callback called
Bus state is: 0
Set Net Indication Callback called
Bus state is: 0
Set Net Indication Callback called
Bus state is: 0
Set Net Indication Callback called
Bus state is: 0
Set Net Indication Callback called
Bus state is: 0
Set Net Indication Callback called
Bus state is: 0
Set Net Indication Callback called
Bus state is: 0
Set Net Indication Callback called
Bus state is: 0
Set Net Indication Callback called
Bus state is: 0
Set Net Indication Callback called
Bus state is: 0
Set Net Indication Callback called
Bus state is: 0
Set Net Indication Callback called
Bus state is: 0
Set Net Indication Callback called
Bus state is: 0
Set Net Indication Callback called
Bus state is: 0
Set Net Indication Callback called
Bus state is: 0
Set Net Indication Callback called
Bus state is: 0
Set Net Indication Callback called
Bus state is: 0
Set Net Indication Callback called
Bus state is: 0
Set Net Indication Callback called
Bus state is: 0
Set Net Indication Callback called
Bus state is: 0
Set Net Indication Callback called
Bus state is: 0
Set Net Indication Callback called
Bus state is: 0
Set Net Indication Callback called
Bus state is: 0
Set Net Indication Callback called
Bus state is: 0
Set Net Indication Callback called
Bus state is: 0
Set Net Indication Callback called
Bus state is: 0
Set Net Indication Callback called
Bus state is: 0
Set Net Indication Callback called
Bus state is: 0
Set Net Indication Callback called
Bus state is: 0
Set Net Indication Callback called
Bus state is: 0
Set Net Indication Callback called
Bus state is: 0
Set Net Indication Callback called
Bus state is: 0
Set Net Indication Callback called
Bus state is: 0
Set Net Indication Callback called
Bus state is: 0
Set Net Indication Callback called
Bus state is: 0
Set Net Indication Callback called
Bus state is: 0
Set Net Indication Callback called
Bus state is: 0
Set Net Indication Callback called
Bus state is: 0
Set Net Indication Callback called
Bus state is: 0
Set Net Indication Callback called
Bus state is: 0
Set Net Indication Callback called
Bus state is: 0
Set Net Indication Callback called
Bus state is: 0
Set Net Indication Callback called
Bus state is: 0
Set Net Indication Callback called
Bus state is: 0
Set Net Indication Callback called
Bus state is: 0
Set Net Indication Callback called
Bus state is: 0
Set Net Indication Callback called
Bus state is: 0
Set Net Indication Callback called
Bus state is: 0
Set Net Indication Callback called
Bus state is: 0
Set Net Indication Callback called
Bus state is: 0
Set Net Indication Callback called
Bus state is: 0
Set Net Indication Callback called
Bus state is: 0
Set Net Indication Callback called
Bus state is: 0
Set Net Indication Callback called
Bus state is: 0
Set Net Indication Callback called
Bus state is: 0
Set Net Indication Callback called
Bus state is: 0
Set Net Indication Callback called
Bus state is: 0
Set Net Indication Callback called
Bus state is: 0
Set Net Indication Callback called
Bus state is: 0
Set Net Indication Callback called
Bus state is: 0
Set Net Indication Callback called
Bus state is: 0
Set Net Indication Callback called
Bus state is: 0
Set Net Indication Callback called
Bus state is: 0
Set Net Indication Callback called
Bus state is: 0
Set Net Indication Callback called
Bus state is: 0
Set Net Indication Callback called
Bus state is: 0
Set Net Indication Callback called
Bus state is: 0
Set Net Indication Callback called
Bus state is: 0
Set Net Indication Callback called
Bus state is: 0
Set Net Indication Callback called
Bus state is: 0
Set Net Indication Callback called
Bus state is: 0
Set Net Indication Callback called
Bus state is: 0
Set Net Indication Callback called
Bus state is: 0
Set Net Indication Callback called
Bus state is: 0
Set Net Indication Callback called
Bus state is: 0
Set Net Indication Callback called
Bus state is: 0
Set Net Indication Callback called
Bus state is: 0
Set Net Indication Callback called
Bus state is: 0
Set Net Indication Callback called
Bus state is: 0
Set Net Indication Callback called
Bus state is: 0
Set Net Indication Callback called
Bus state is: 0
Set Net Indication Callback called
Bus state is: 0
Set Net Indication Callback called
Bus state is: 0
Set Net Indication Callback called
Bus state is: 0
Set Net Indication Callback called
Bus state is: 0
Set Net Indication Callback called
Bus state is: 0
Set Net Indication Callback called
Bus state is: 0
Set Net Indication Callback called
Bus state is: 0
Set Net Indication Callback called
Bus state is: 0
Set Net Indication Callback called
Bus state is: 0
Set Net Indication Callback called
Bus state is: 0
Set Net Indication Callback called
Bus state is: 0
Set Net Indication Callback called
Bus state is: 0
Set Net Indication Callback called
Bus state is: 0
Set Net Indication Callback called
Bus state is: 0
Set Net Indication Callback called
Bus state is: 0
Set Net Indication Callback called
Bus state is: 0
Set Net Indication Callback called
Bus state is: 0
Set Net Indication Callback called
Bus state is: 0
Set Net Indication Callback called
Bus state is: 0
Set Net Indication Callback called
Bus state is: 0
Set Net Indication Callback called
Bus state is: 0
Set Net Indication Callback called
Bus state is: 0
Set Net Indication Callback called
Bus state is: 0
Set Net Indication Callback called
Bus state is: 0
Set Net Indication Callback called
Bus state is: 0
Set Net Indication Callback called
Bus state is: 0
Set Net Indication Callback called
Bus state is: 0
Set Net Indication Callback called
Bus state is: 0
Set Net Indication Callback called
Bus state is: 0
Set Net Indication Callback called
Bus state is: 0
Set Net Indication Callback called
Bus state is: 0
Set Net Indication Callback called
Bus state is: 0
Set Net Indication Callback called
Bus state is: 0
Set Net Indication Callback called
Bus state is: 0
Set Net Indication Callback called
Bus state is: 0
Set Net Indication Callback called
Bus state is: 0
Set Net Indication Callback called
Bus state is: 0
Set Net Indication Callback called
Bus state is: 0
Set Net Indication Callback called
Bus state is: 0
Set Net Indication Callback called
Bus state is: 0
Set Net Indication Callback called
Bus state is: 0
Set Net Indication Callback called
Bus state is: 0
Set Net Indication Callback called
Bus state is: 0
Set Net Indication Callback called
Bus state is: 0
Set Net Indication Callback called
Bus state is: 0
Set Net Indication Callback called
Bus state is: 0
Set Net Indication Callback called
Bus state is: 0
Set Net Indication Callback called
Bus state is: 0
Set Net Indication Callback called
Bus state is: 0
Set Net Indication Callback called
Bus state is: 0
Set Net Indication Callback called
Bus state is: 0
Set Net Indication Callback called
Bus state is: 0
Set Net Indication Callback called
Bus state is: 0
Set Net Indication Callback called
Bus state is: 0
Set Net Indication Callback called
Bus state is: 0
Set Net Indication Callback called
Bus state is: 0
Set Net Indication Callback called
Bus state is: 0
Set Net Indication Callback called
Bus state is: 0
Set Net Indication Callback called
Bus state is: 0
Set Net Indication Callback called
Bus state is: 0
Set Net Indication Callback called
Bus state is: 0
Set Net Indication Callback called
Bus state is: 0
Set Net Indication Callback called
Bus state is: 0
Set Net Indication Callback called
Bus state is: 0
Set Net Indication Callback called
Bus state is: 0
Set Net Indication Callback called
Bus state is: 0
Set Net Indication Callback called
Bus state is: 0
Set Net Indication Callback called
Bus state is: 0
Set Net Indication Callback called
Bus state is: 0
Set Net Indication Callback called
Bus state is: 0
Set Net Indication Callback called
Bus state is: 0
Set Net Indication Callback called
Bus state is: 0
Set Net Indication Callback called
Bus state is: 0
Set Net Indication Callback called
Bus state is: 0
Set Net Indication Callback called
Bus state is: 0
Set Net Indication Callback called
Bus state is: 0
Set Net Indication Callback called
Bus state is: 0
Set Net Indication Callback called
Bus state is: 0
Set Net Indication Callback called
Bus state is: 0
Set Net Indication Callback called
Bus state is: 0
Set Net Indication Callback called
Bus state is: 0
Set Net Indication Callback called
Bus state is: 0
Set Net Indication Callback called
Bus state is: 0
Set Net Indication Callback called
Bus state is: 0
Set Net Indication Callback called
Bus state is: 0
Set Net Indication Callback called
Bus state is: 0
Set Net Indication Callback called
Bus state is: 0
Set Net Indication Callback called
Bus state is: 0
Set Net Indication Callback called
Bus state is: 0
Set Net Indication Callback called
Bus state is: 0
Set Net Indication Callback called
Bus state is: 0
Set Net Indication Callback called
Bus state is: 0
Set Net Indication Callback called
Bus state is: 0
Set Net Indication Callback called
Bus state is: 0
Set Net Indication Callback called
Bus state is: 0
Set Net Indication Callback called
Bus state is: 0
Set Net Indication Callback called
Bus state is: 0
Set Net Indication Callback called
Bus state is: 0
Set Net Indication Callback called
Bus state is: 0
Set Net Indication Callback called
Bus state is: 0
Set Net Indication Callback called
Bus state is: 0
Set Net Indication Callback called
Bus state is: 0
Set Net Indication Callback called
Bus state is: 0
Set Net Indication Callback called
Bus state is: 0
Set Net Indication Callback called
Bus state is: 0
Set Net Indication Callback called
Bus state is: 0
Set Net Indication Callback called
Bus state is: 0
Set Net Indication Callback called
Bus state is: 0
Set Net Indication Callback called
Bus state is: 0
Set Net Indication Callback called
Bus state is: 0
Set Net Indication Callback called
Bus state is: 0
Set Net Indication Callback called
Bus state is: 0
Set Net Indication Callback called
Bus state is: 0
Set Net Indication Callback called
Bus state is: 0
Set Net Indication Callback called
Bus state is: 0
Set Net Indication Callback called
Bus state is: 0
Set Net Indication Callback called
Bus state is: 0
Set Net Indication Callback called
Bus state is: 0
Set Net Indication Callback called
Bus state is: 0
Set Net Indication Callback called
Bus state is: 0
Set Net Indication Callback called
Bus state is: 0
Set Net Indication Callback called
Bus state is: 0
Set Net Indication Callback called
Bus state is: 0
Set Net Indication Callback called
Bus state is: 0
Set Net Indication Callback called
Bus state is: 0
Set Net Indication Callback called
Bus state is: 0
Set Net Indication Callback called
Bus state is: 0
Set Net Indication Callback called
Bus state is: 0
Set Net Indication Callback called
Bus state is: 0
Set Net Indication Callback called
Bus state is: 0
Set Net Indication Callback called
Bus state is: 0
Set Net Indication Callback called
Bus state is: 0
Set Net Indication Callback called
Bus state is: 0
Set Net Indication Callback called
Bus state is: 0
Set Net Indication Callback called
Bus state is: 0
Set Net Indication Callback called
Bus state is: 0
Set Net Indication Callback called
Bus state is: 0
Set Net Indication Callback called
Bus state is: 0
Set Net Indication Callback called
Bus state is: 0
Set Net Indication Callback called
Bus state is: 0
Set Net Indication Callback called
Bus state is: 0
Set Net Indication Callback called
Bus state is: 0
Set Net Indication Callback called
Bus state is: 0
Set Net Indication Callback called
Bus state is: 0
Set Net Indication Callback called
Bus state is: 0
Set Net Indication Callback called
Bus state is: 0
Set Net Indication Callback called
Bus state is: 0
Set Net Indication Callback called
Bus state is: 0
Set Net Indication Callback called
Bus state is: 0
Set Net Indication Callback called
Bus state is: 0
Set Net Indication Callback called
Bus state is: 0
Set Net Indication Callback called
Bus state is: 0
Set Net Indication Callback called
Bus state is: 0
Set Net Indication Callback called
Bus state is: 0
Set Net Indication Callback called
Bus state is: 0
Set Net Indication Callback called
Bus state is: 0
Set Net Indication Callback called
Bus state is: 0
Set Net Indication Callback called
Bus state is: 0
Set Net Indication Callback called
Bus state is: 0
Set Net Indication Callback called
Bus state is: 0
Set Net Indication Callback called
Bus state is: 0
Set Net Indication Callback called
Bus state is: 0
Set Net Indication Callback called
Bus state is: 0
Set Net Indication Callback called
Bus state is: 0
Set Net Indication Callback called
Bus state is: 0
Set Net Indication Callback called
Bus state is: 0
Set Net Indication Callback called
Bus state is: 0
Set Net Indication Callback called
Bus state is: 0
Set Net Indication Callback called
Bus state is: 0
Set Net Indication Callback called
Bus state is: 0
Set Net Indication Callback called
Bus state is: 0
Set Net Indication Callback called
Bus state is: 0
Set Net Indication Callback called
Bus state is: 0
Set Net Indication Callback called
Bus state is: 0
Set Net Indication Callback called
Bus state is: 0
Set Net Indication Callback called
Bus state is: 0
Set Net Indication Callback called
Bus state is: 0
Set Net Indication Callback called
Bus state is: 0
Set Net Indication Callback called
Bus state is: 0
Set Net Indication Callback called
Bus state is: 0
Set Net Indication Callback called
Bus state is: 0
Set Net Indication Callback called
Bus state is: 0
Set Net Indication Callback called
Bus state is: 0
Set Net Indication Callback called
Bus state is: 0
Set Net Indication Callback called
Bus state is: 0
Set Net Indication Callback called
Bus state is: 0
Set Net Indication Callback called
Bus state is: 0
Set Net Indication Callback called
Bus state is: 0
Set Net Indication Callback called
Bus state is: 0
Set Net Indication Callback called
Bus state is: 0
Set Net Indication Callback called
Bus state is: 0
Set Net Indication Callback called
Bus state is: 0
Set Net Indication Callback called
Bus state is: 0
Set Net Indication Callback called
Bus state is: 0
Set Net Indication Callback called
Bus state is: 0
Set Net Indication Callback called
Bus state is: 0
Set Net Indication Callback called
Bus state is: 0
Set Net Indication Callback called
Bus state is: 0
Set Net Indication Callback called
Bus state is: 0
Set Net Indication Callback called
Bus state is: 0
Set Net Indication Callback called
Bus state is: 0
Set Net Indication Callback called
Bus state is: 0
Set Net Indication Callback called
Bus state is: 0
Set Net Indication Callback called
Bus state is: 0
Set Net Indication Callback called
Bus state is: 0
Set Net Indication Callback called
Bus state is: 0
Set Net Indication Callback called
Bus state is: 0
Set Net Indication Callback called
Bus state is: 0
Set Net Indication Callback called
Bus state is: 0
Set Net Indication Callback called
Bus state is: 0
Set Net Indication Callback called
Bus state is: 0
Set Net Indication Callback called
Bus state is: 0
Set Net Indication Callback called
Bus state is: 0
Set Net Indication Callback called
Bus state is: 0
Set Net Indication Callback called
Bus state is: 0
Set Net Indication Callback called
Bus state is: 0
Set Net Indication Callback called
Bus state is: 0
Set Net Indication Callback called
Bus state is: 0
Set Net Indication Callback called
Bus state is: 0
Set Net Indication Callback called
Bus state is: 0
Set Net Indication Callback called
Bus state is: 0
Set Net Indication Callback called
Bus state is: 0
Set Net Indication Callback called
Bus state is: 0
Set Net Indication Callback called
Bus state is: 0
Set Net Indication Callback called
Bus state is: 0
Set Net Indication Callback called
Bus state is: 0
Set Net Indication Callback called
Bus state is: 0
Set Net Indication Callback called
Bus state is: 0
Set Net Indication Callback called
Bus state is: 0
Set Net Indication Callback called
Bus state is: 0
Set Net Indication Callback called
Bus state is: 0
Set Net Indication Callback called
Bus state is: 0
Set Net Indication Callback called
Bus state is: 0
Set Net Indication Callback called
Bus state is: 0
Set Net Indication Callback called
Bus state is: 0
Set Net Indication Callback called
Bus state is: 0
Set Net Indication Callback called
Bus state is: 0
Set Net Indication Callback called
Bus state is: 0
Set Net Indication Callback called
Bus state is: 0
Set Net Indication Callback called
Bus state is: 0
Set Net Indication Callback called
Bus state is: 0
Set Net Indication Callback called
Bus state is: 0
Set Net Indication Callback called
Bus state is: 0
Set Net Indication Callback called
Bus state is: 0
Set Net Indication Callback called
Bus state is: 0
Set Net Indication Callback called
Bus state is: 0
Set Net Indication Callback called
Bus state is: 0
Set Net Indication Callback called
Bus state is: 0
Set Net Indication Callback called
Bus state is: 0
Set Net Indication Callback called
Bus state is: 0
Set Net Indication Callback called
Bus state is: 0
Set Net Indication Callback called
Bus state is: 0
Set Net Indication Callback called
Bus state is: 0
Set Net Indication Callback called
Bus state is: 0
Set Net Indication Callback called
Bus state is: 0
Set Net Indication Callback called
Bus state is: 0
Set Net Indication Callback called
Bus state is: 0
Set Net Indication Callback called
Bus state is: 0
Set Net Indication Callback called
Bus state is: 0
Set Net Indication Callback called
Bus state is: 0
Set Net Indication Callback called
Bus state is: 0
Set Net Indication Callback called
Bus state is: 0
Set Net Indication Callback called
Bus state is: 0
Set Net Indication Callback called
Bus state is: 0
Set Net Indication Callback called
Bus state is: 0
Set Net Indication Callback called
Bus state is: 0
Set Net Indication Callback called
Bus state is: 0
Set Net Indication Callback called
Bus state is: 0
Set Net Indication Callback called
Bus state is: 0
Set Net Indication Callback called
Bus state is: 0
Set Net Indication Callback called
Bus state is: 0
Set Net Indication Callback called
Bus state is: 0
Set Net Indication Callback called
Bus state is: 0
Set Net Indication Callback called
Bus state is: 0
Set Net Indication Callback called
Bus state is: 0
Set Net Indication Callback called
Bus state is: 0
Set Net Indication Callback called
Bus state is: 0
Set Net Indication Callback called
Bus state is: 0
Set Net Indication Callback called
Bus state is: 0
Set Net Indication Callback called
Bus state is: 0
Set Net Indication Callback called
Bus state is: 0
Set Net Indication Callback called
Bus state is: 0
Set Net Indication Callback called
Bus state is: 0
Set Net Indication Callback called
Bus state is: 0
Set Net Indication Callback called
Bus state is: 0
Set Net Indication Callback called
Bus state is: 0
Set Net Indication Callback called
Bus state is: 0
Set Net Indication Callback called
Bus state is: 0
Set Net Indication Callback called
Bus state is: 0
Set Net Indication Callback called
Bus state is: 0
Set Net Indication Callback called
Bus state is: 0
Set Net Indication Callback called
Bus state is: 0
Set Net Indication Callback called
Bus state is: 0
Set Net Indication Callback called
Bus state is: 0
Set Net Indication Callback called
Bus state is: 0
Set Net Indication Callback called
Bus state is: 0
Set Net Indication Callback called
Bus state is: 0
Set Net Indication Callback called
Bus state is: 0
Set Net Indication Callback called
Bus state is: 0
Set Net Indication Callback called
Bus state is: 0
Set Net Indication Callback called
Bus state is: 0
Set Net Indication Callback called
Bus state is: 0
Set Net Indication Callback called
Bus state is: 0
Set Net Indication Callback called
Bus state is: 0
Set Net Indication Callback called
Bus state is: 0
Set Net Indication Callback called
Bus state is: 0
Set Net Indication Callback called
Bus state is: 0
Set Net Indication Callback called
Bus state is: 0
Set Net Indication Callback called
Bus state is: 0
Set Net Indication Callback called
Bus state is: 0
Set Net Indication Callback called
Bus state is: 0
Set Net Indication Callback called
Bus state is: 0
Set Net Indication Callback called
Bus state is: 0
Set Net Indication Callback called
Bus state is: 0
Set Net Indication Callback called
Bus state is: 0
Set Net Indication Callback called
Bus state is: 0
Set Net Indication Callback called
Bus state is: 0
Set Net Indication Callback called
Bus state is: 0
Set Net Indication Callback called
Bus state is: 0
Set Net Indication Callback called
Bus state is: 0
Set Net Indication Callback called
Bus state is: 0
Set Net Indication Callback called
Bus state is: 0
Set Net Indication Callback called
Bus state is: 0
Set Net Indication Callback called
Bus state is: 0
Set Net Indication Callback called
Bus state is: 0
Set Net Indication Callback called
Bus state is: 0
Set Net Indication Callback called
Bus state is: 0
Set Net Indication Callback called
Bus state is: 0
Set Net Indication Callback called
Bus state is: 0
Set Net Indication Callback called
Bus state is: 0
Set Net Indication Callback called
Bus state is: 0
Set Net Indication Callback called
Bus state is: 0
Set Net Indication Callback called
Bus state is: 0
Set Net Indication Callback called
Bus state is: 0
Set Net Indication Callback called
Bus state is: 0
Set Net Indication Callback called
Bus state is: 0
Set Net Indication Callback called
Bus state is: 0
Set Net Indication Callback called
Bus state is: 0
Set Net Indication Callback called
Bus state is: 0
Set Net Indication Callback called
Bus state is: 0
Set Net Indication Callback called
Bus state is: 0
Set Net Indication Callback called
Bus state is: 0
Set Net Indication Callback called
Bus state is: 0
Set Net Indication Callback called
Bus state is: 0
Set Net Indication Callback called
Bus state is: 0
Set Net Indication Callback called
Bus state is: 0
Set Net Indication Callback called
Bus state is: 0
Set Net Indication Callback called
Bus state is: 0
Set Net Indication Callback called
Bus state is: 0
Set Net Indication Callback called
Bus state is: 0
Set Net Indication Callback called
Bus state is: 0
Set Net Indication Callback called
Bus state is: 0
Set Net Indication Callback called
Bus state is: 0
Set Net Indication Callback called
Bus state is: 0
Set Net Indication Callback called
Bus state is: 0
Set Net Indication Callback called
Bus state is: 0
Set Net Indication Callback called
Bus state is: 0
Set Net Indication Callback called
Bus state is: 0
Set Net Indication Callback called
Bus state is: 0
Set Net Indication Callback called
Bus state is: 0
Set Net Indication Callback called
Bus state is: 0
Set Net Indication Callback called
Bus state is: 0
Set Net Indication Callback called
Bus state is: 0
Set Net Indication Callback called
Bus state is: 0
Set Net Indication Callback called
Bus state is: 0
Set Net Indication Callback called
Bus state is: 0
Set Net Indication Callback called
Bus state is: 0
Set Net Indication Callback called
Bus state is: 0
Set Net Indication Callback called
Bus state is: 0
Set Net Indication Callback called
Bus state is: 0
Set Net Indication Callback called
Bus state is: 0
Set Net Indication Callback called
Bus state is: 0
Set Net Indication Callback called
Bus state is: 0
Set Net Indication Callback called
Bus state is: 0
Set Net Indication Callback called
Bus state is: 0
Set Net Indication Callback called
Bus state is: 0
Set Net Indication Callback called
Bus state is: 0
Set Net Indication Callback called
Bus state is: 0
Set Net Indication Callback called
Bus state is: 0
Set Net Indication Callback called
Bus state is: 0
Set Net Indication Callback called
Bus state is: 0
Set Net Indication Callback called
Bus state is: 0
Set Net Indication Callback called
Bus state is: 0
Set Net Indication Callback called
Bus state is: 0
Set Net Indication Callback called
Bus state is: 0
Set Net Indication Callback called
Bus state is: 0
Set Net Indication Callback called
Bus state is: 0
Set Net Indication Callback called
Bus state is: 0
Set Net Indication Callback called
Bus state is: 0
Set Net Indication Callback called
Bus state is: 0
Set Net Indication Callback called
Bus state is: 0
Set Net Indication Callback called
Bus state is: 0
Set Net Indication Callback called
Bus state is: 0
Set Net Indication Callback called
Bus state is: 0
Set Net Indication Callback called
Bus state is: 0
Set Net Indication Callback called
Bus state is: 0
Set Net Indication Callback called
Bus state is: 0
Set Net Indication Callback called
Bus state is: 0
Set Net Indication Callback called
Bus state is: 0
Set Net Indication Callback called
Bus state is: 0
Set Net Indication Callback called
Bus state is: 0
Set Net Indication Callback called
Bus state is: 0
Set Net Indication Callback called
Bus state is: 0
Set Net Indication Callback called
Bus state is: 0
Set Net Indication Callback called
Bus state is: 0
Set Net Indication Callback called
Bus state is: 0
Set Net Indication Callback called
Bus state is: 0
Set Net Indication Callback called
Bus state is: 0
Set Net Indication Callback called
Bus state is: 0
Set Net Indication Callback called
Bus state is: 0
Set Net Indication Callback called
Bus state is: 0
Set Net Indication Callback called
Bus state is: 0
Set Net Indication Callback called
Bus state is: 0
Set Net Indication Callback called
Bus state is: 0
Set Net Indication Callback called
Bus state is: 0
Set Net Indication Callback called
Bus state is: 0
Set Net Indication Callback called
Bus state is: 0
Set Net Indication Callback called
Bus state is: 0
Set Net Indication Callback called
Bus state is: 0
Set Net Indication Callback called
Bus state is: 0
Set Net Indication Callback called
Bus state is: 0
Set Net Indication Callback called
Bus state is: 0
Set Net Indication Callback called
Bus state is: 0
Set Net Indication Callback called
Bus state is: 0
Set Net Indication Callback called
Bus state is: 0
Set Net Indication Callback called
Bus state is: 0
Set Net Indication Callback called
Bus state is: 0
Set Net Indication Callback called
Bus state is: 0
Set Net Indication Callback called
Bus state is: 0
Set Net Indication Callback called
Bus state is: 0
Set Net Indication Callback called
Bus state is: 0
Set Net Indication Callback called
Bus state is: 0
Set Net Indication Callback called
Bus state is: 0
Set Net Indication Callback called
Bus state is: 0
Set Net Indication Callback called
Bus state is: 0
Set Net Indication Callback called
Bus state is: 0
Set Net Indication Callback called
Bus state is: 0
Set Net Indication Callback called
Bus state is: 0
Set Net Indication Callback called
Bus state is: 0
Set Net Indication Callback called
Bus state is: 0
Set Net Indication Callback called
Bus state is: 0
Set Net Indication Callback called
Bus state is: 0
Set Net Indication Callback called
Bus state is: 0
Set Net Indication Callback called
Bus state is: 0
Set Net Indication Callback called
Bus state is: 0
Set Net Indication Callback called
Bus state is: 0
Set Net Indication Callback called
Bus state is: 0
Set Net Indication Callback called
Bus state is: 0
Set Net Indication Callback called
Bus state is: 0
Set Net Indication Callback called
Bus state is: 0
Set Net Indication Callback called
Bus state is: 0
Set Net Indication Callback called
Bus state is: 0
Set Net Indication Callback called
Bus state is: 0
Set Net Indication Callback called
Bus state is: 0
Set Net Indication Callback called
Bus state is: 0
Set Net Indication Callback called
Bus state is: 0
Set Net Indication Callback called
Bus state is: 0
Set Net Indication Callback called
Bus state is: 0
Set Net Indication Callback called
Bus state is: 0
Set Net Indication Callback called
Bus state is: 0
Set Net Indication Callback called
Bus state is: 0
Set Net Indication Callback called
Bus state is: 0
Set Net Indication Callback called
Bus state is: 0
Set Net Indication Callback called
Bus state is: 0
Set Net Indication Callback called
Bus state is: 0
Set Net Indication Callback called
Bus state is: 0
Set Net Indication Callback called
Bus state is: 0
Set Net Indication Callback called
Bus state is: 0
Set Net Indication Callback called
Bus state is: 0
Set Net Indication Callback called
Bus state is: 0
Set Net Indication Callback called
Bus state is: 0
Set Net Indication Callback called
Bus state is: 0
Set Net Indication Callback called
Bus state is: 0
Set Net Indication Callback called
Bus state is: 0
Set Net Indication Callback called
Bus state is: 0
Set Net Indication Callback called
Bus state is: 0
Set Net Indication Callback called
Bus state is: 0
Set Net Indication Callback called
Bus state is: 0
Set Net Indication Callback called
Bus state is: 0
Set Net Indication Callback called
Bus state is: 0
Set Net Indication Callback called
Bus state is: 0
Set Net Indication Callback called
Bus state is: 0
Set Net Indication Callback called
Bus state is: 0
Set Net Indication Callback called
Bus state is: 0
Set Net Indication Callback called
Bus state is: 0
Set Net Indication Callback called
Bus state is: 0
Set Net Indication Callback called
Bus state is: 0
Set Net Indication Callback called
Bus state is: 0
Set Net Indication Callback called
Bus state is: 0
Set Net Indication Callback called
Bus state is: 0
Set Net Indication Callback called
Bus state is: 0
Set Net Indication Callback called
Bus state is: 0
Set Net Indication Callback called
Bus state is: 0
Set Net Indication Callback called
Bus state is: 0
Set Net Indication Callback called
Bus state is: 0
Set Net Indication Callback called
Bus state is: 0
Set Net Indication Callback called
Bus state is: 0
Set Net Indication Callback called
Bus state is: 0
Set Net Indication Callback called
Bus state is: 0
Set Net Indication Callback called
Bus state is: 0
Set Net Indication Callback called
Bus state is: 0
Set Net Indication Callback called
Bus state is: 0
Set Net Indication Callback called
Bus state is: 0
Set Net Indication Callback called
Bus state is: 0
Set Net Indication Callback called
Bus state is: 0
Set Net Indication Callback called
Bus state is: 0
Set Net Indication Callback called
Bus state is: 0
Set Net Indication Callback called
Bus state is: 0
Set Net Indication Callback called
Bus state is: 0
Set Net Indication Callback called
Bus state is: 0
Set Net Indication Callback called
Bus state is: 0
Set Net Indication Callback called
Bus state is: 0
Set Net Indication Callback called
Bus state is: 0
Set Net Indication Callback called
Bus state is: 0
Set Net Indication Callback called
Bus state is: 0
Set Net Indication Callback called
Bus state is: 0
Set Net Indication Callback called
Bus state is: 0
Set Net Indication Callback called
Bus state is: 0
Set Net Indication Callback called
Bus state is: 0
Set Net Indication Callback called
Bus state is: 0
Set Net Indication Callback called
Bus state is: 0
Set Net Indication Callback called
Bus state is: 0
Set Net Indication Callback called
Bus state is: 0
Set Net Indication Callback called
Bus state is: 0
Set Net Indication Callback called
Bus state is: 0
Set Net Indication Callback called
Bus state is: 0
Set Net Indication Callback called
Bus state is: 0
Set Net Indication Callback called
Bus state is: 0
Set Net Indication Callback called
Bus state is: 0
Set Net Indication Callback called
Bus state is: 0
Set Net Indication Callback called
Bus state is: 0
Set Net Indication Callback called
Bus state is: 0
Set Net Indication Callback called
Bus state is: 0
Set Net Indication Callback called
Bus state is: 0
Set Net Indication Callback called
Bus state is: 0
Set Net Indication Callback called
Bus state is: 0
Set Net Indication Callback called
Bus state is: 0
Set Net Indication Callback called
Bus state is: 0
Set Net Indication Callback called
Bus state is: 0
Set Net Indication Callback called
Bus state is: 0
Set Net Indication Callback called
Bus state is: 0
Set Net Indication Callback called
Bus state is: 0
Set Net Indication Callback called
Bus state is: 0
Set Net Indication Callback called
Bus state is: 0
Set Net Indication Callback called
Bus state is: 0
Set Net Indication Callback called
Bus state is: 0
Set Net Indication Callback called
Bus state is: 0
Set Net Indication Callback called
Bus state is: 0
Set Net Indication Callback called
Bus state is: 0
Set Net Indication Callback called
Bus state is: 0
Set Net Indication Callback called
Bus state is: 0
Set Net Indication Callback called
Bus state is: 0
Set Net Indication Callback called
Bus state is: 0
Set Net Indication Callback called
Bus state is: 0
Set Net Indication Callback called
Bus state is: 0
Set Net Indication Callback called
Bus state is: 0
Set Net Indication Callback called
Bus state is: 0
Set Net Indication Callback called
Bus state is: 0
Set Net Indication Callback called
Bus state is: 0
Set Net Indication Callback called
Bus state is: 0
Set Net Indication Callback called
Bus state is: 0
Set Net Indication Callback called
Bus state is: 0
Set Net Indication Callback called
Bus state is: 0
Set Net Indication Callback called
Bus state is: 0
Set Net Indication Callback called
Bus state is: 0
Set Net Indication Callback called
Bus state is: 0
Set Net Indication Callback called
Bus state is: 0
Set Net Indication Callback called
Bus state is: 0
Set Net Indication Callback called
Bus state is: 0
Set Net Indication Callback called
Bus state is: 0
Set Net Indication Callback called
Bus state is: 0
Set Net Indication Callback called
Bus state is: 0
Set Net Indication Callback called
Bus state is: 0
Set Net Indication Callback called
Bus state is: 0
Set Net Indication Callback called
Bus state is: 0
Set Net Indication Callback called
Bus state is: 0
Set Net Indication Callback called
Bus state is: 0
Set Net Indication Callback called
Bus state is: 0
Set Net Indication Callback called
Bus state is: 0
Set Net Indication Callback called
Bus state is: 0
Set Net Indication Callback called
Bus state is: 0
Set Net Indication Callback called
Bus state is: 0
Set Net Indication Callback called
Bus state is: 0
Set Net Indication Callback called
Bus state is: 0
Set Net Indication Callback called
Bus state is: 0
Set Net Indication Callback called
Bus state is: 0
Set Net Indication Callback called
Bus state is: 0
Set Net Indication Callback called
Bus state is: 0
Set Net Indication Callback called
Bus state is: 0
Set Net Indication Callback called
Bus state is: 0
Set Net Indication Callback called
Bus state is: 0
Set Net Indication Callback called
Bus state is: 0
Set Net Indication Callback called
Bus state is: 0
Set Net Indication Callback called
Bus state is: 0
Set Net Indication Callback called
Bus state is: 0
Set Net Indication Callback called
Bus state is: 0
Set Net Indication Callback called
Bus state is: 0
Set Net Indication Callback called
Bus state is: 0
Set Net Indication Callback called
Bus state is: 0
Set Net Indication Callback called
Bus state is: 0
Set Net Indication Callback called
Bus state is: 0
Set Net Indication Callback called
Bus state is: 0
Set Net Indication Callback called
Bus state is: 0
Set Net Indication Callback called
Bus state is: 0
Set Net Indication Callback called
Bus state is: 0
Set Net Indication Callback called
Bus state is: 0
Set Net Indication Callback called
Bus state is: 0
Set Net Indication Callback called
Bus state is: 0
Set Net Indication Callback called
Bus state is: 0
Set Net Indication Callback called
Bus state is: 0
Set Net Indication Callback called
Bus state is: 0
Set Net Indication Callback called
Bus state is: 0
Set Net Indication Callback called
Bus state is: 0
Set Net Indication Callback called
Bus state is: 0
Set Net Indication Callback called
Bus state is: 0
Set Net Indication Callback called
Bus state is: 0
Set Net Indication Callback called
Bus state is: 0
Set Net Indication Callback called
Bus state is: 0
Set Net Indication Callback called
Bus state is: 0
Set Net Indication Callback called
Bus state is: 0
Set Net Indication Callback called
Bus state is: 0
Set Net Indication Callback called
Bus state is: 0
Set Net Indication Callback called
Bus state is: 0
Set Net Indication Callback called
Bus state is: 0
Set Net Indication Callback called
Bus state is: 0
Set Net Indication Callback called
Bus state is: 0
Set Net Indication Callback called
Bus state is: 0
Set Net Indication Callback called
Bus state is: 0
Set Net Indication Callback called
Bus state is: 0
Set Net Indication Callback called
Bus state is: 0
Set Net Indication Callback called
Bus state is: 0
Set Net Indication Callback called
Bus state is: 0
Set Net Indication Callback called
Bus state is: 0
Set Net Indication Callback called
Bus state is: 0
Set Net Indication Callback called
Bus state is: 0
Set Net Indication Callback called
Bus state is: 0
Set Net Indication Callback called
Bus state is: 0
Set Net Indication Callback called
Bus state is: 0
Set Net Indication Callback called
Bus state is: 0
Set Net Indication Callback called
Bus state is: 0
Set Net Indication Callback called
Bus state is: 0
Set Net Indication Callback called
Bus state is: 0
Set Net Indication Callback called
Bus state is: 0
Set Net Indication Callback called
Bus state is: 0
Set Net Indication Callback called
Bus state is: 0
Set Net Indication Callback called
Bus state is: 0
Set Net Indication Callback called
Bus state is: 0
Set Net Indication Callback called
Bus state is: 0
Set Net Indication Callback called
Bus state is: 0
Set Net Indication Callback called
Bus state is: 0
Set Net Indication Callback called
Bus state is: 0
Set Net Indication Callback called
Bus state is: 0
Set Net Indication Callback called
Bus state is: 0
Set Net Indication Callback called
Bus state is: 0
Set Net Indication Callback called
Bus state is: 0
Set Net Indication Callback called
Bus state is: 0
Set Net Indication Callback called
Bus state is: 0
Set Net Indication Callback called
Bus state is: 0
Set Net Indication Callback called
Bus state is: 0
Set Net Indication Callback called
Bus state is: 0
Set Net Indication Callback called
Bus state is: 0
Set Net Indication Callback called
Bus state is: 0
Set Net Indication Callback called
Bus state is: 0
Set Net Indication Callback called
Bus state is: 0
Set Net Indication Callback called
Bus state is: 0
Set Net Indication Callback called
Bus state is: 0
Set Net Indication Callback called
Bus state is: 0
Set Net Indication Callback called
Bus state is: 0
Set Net Indication Callback called
Bus state is: 0
Set Net Indication Callback called
Bus state is: 0
Set Net Indication Callback called
Bus state is: 0
Set Net Indication Callback called
Bus state is: 0
Set Net Indication Callback called
Bus state is: 0
Set Net Indication Callback called
Bus state is: 0
Set Net Indication Callback called
Bus state is: 0
Set Net Indication Callback called
Bus state is: 0
Set Net Indication Callback called
Bus state is: 0
Set Net Indication Callback called
Bus state is: 0
Set Net Indication Callback called
Bus state is: 0
Set Net Indication Callback called
Bus state is: 0
Set Net Indication Callback called
Bus state is: 0
Set Net Indication Callback called
Bus state is: 0
Set Net Indication Callback called
Bus state is: 0
Set Net Indication Callback called
Bus state is: 0
Set Net Indication Callback called
Bus state is: 0
Set Net Indication Callback called
Bus state is: 0
Set Net Indication Callback called
Bus state is: 0
Set Net Indication Callback called
Bus state is: 0
Set Net Indication Callback called
Bus state is: 0
Set Net Indication Callback called
Bus state is: 0
Set Net Indication Callback called
Bus state is: 0
Set Net Indication Callback called
Bus state is: 0
Set Net Indication Callback called
Bus state is: 0
Set Net Indication Callback called
Bus state is: 0
Set Net Indication Callback called
Bus state is: 0
Set Net Indication Callback called
Bus state is: 0
Set Net Indication Callback called
Bus state is: 0
Set Net Indication Callback called
Bus state is: 0
Set Net Indication Callback called
Bus state is: 0
Set Net Indication Callback called
Bus state is: 0
Set Net Indication Callback called
Bus state is: 0
Set Net Indication Callback called
Bus state is: 0
Set Net Indication Callback called
Bus state is: 0
Set Net Indication Callback called
Bus state is: 0
Set Net Indication Callback called
Bus state is: 0
Set Net Indication Callback called
Bus state is: 0
Set Net Indication Callback called
Bus state is: 0
Set Net Indication Callback called
Bus state is: 0
Set Net Indication Callback called
Bus state is: 0
Set Net Indication Callback called
Bus state is: 0
Set Net Indication Callback called
Bus state is: 0
Set Net Indication Callback called
Bus state is: 0
Set Net Indication Callback called
Bus state is: 0
Set Net Indication Callback called
Bus state is: 0
Set Net Indication Callback called
Bus state is: 0
Set Net Indication Callback called
Bus state is: 0
Set Net Indication Callback called
Bus state is: 0
Set Net Indication Callback called
Bus state is: 0
Set Net Indication Callback called
Bus state is: 0
Set Net Indication Callback called
Bus state is: 0
Set Net Indication Callback called
Bus state is: 0
Set Net Indication Callback called
Bus state is: 0
Set Net Indication Callback called
Bus state is: 0
Set Net Indication Callback called
Bus state is: 0
Set Net Indication Callback called
Bus state is: 0
Set Net Indication Callback called
Bus state is: 0
Set Net Indication Callback called
Bus state is: 0
Set Net Indication Callback called
Bus state is: 0
Set Net Indication Callback called
Bus state is: 0
Set Net Indication Callback called
Bus state is: 0
Set Net Indication Callback called
Bus state is: 0
Set Net Indication Callback called
Bus state is: 0
Set Net Indication Callback called
Bus state is: 0
Set Net Indication Callback called
Bus state is: 0
Set Net Indication Callback called
Bus state is: 0
Set Net Indication Callback called
Bus state is: 0
Set Net Indication Callback called
Bus state is: 0
Set Net Indication Callback called
Bus state is: 0
Set Net Indication Callback called
Bus state is: 0
Set Net Indication Callback called
Bus state is: 0
Set Net Indication Callback called
Bus state is: 0
Set Net Indication Callback called
Bus state is: 0
Set Net Indication Callback called
Bus state is: 0
Set Net Indication Callback called
Bus state is: 0
Set Net Indication Callback called
Bus state is: 0
Set Net Indication Callback called
Bus state is: 0
Set Net Indication Callback called
Bus state is: 0
Set Net Indication Callback called
Bus state is: 0
Set Net Indication Callback called
Bus state is: 0
Set Net Indication Callback called
Bus state is: 0
Set Net Indication Callback called
Bus state is: 0
Set Net Indication Callback called
Bus state is: 0
Set Net Indication Callback called
Bus state is: 0
Set Net Indication Callback called
Bus state is: 0
Set Net Indication Callback called
Bus state is: 0
Set Net Indication Callback called
Bus state is: 0
Set Net Indication Callback called
Bus state is: 0
Set Net Indication Callback called
Bus state is: 0
Set Net Indication Callback called
Bus state is: 0
Set Net Indication Callback called
Bus state is: 0
Set Net Indication Callback called
Bus state is: 0
Set Net Indication Callback called
Bus state is: 0
Set Net Indication Callback called
Bus state is: 0
Set Net Indication Callback called
Bus state is: 0
Set Net Indication Callback called
Bus state is: 0
Set Net Indication Callback called
Bus state is: 0
Set Net Indication Callback called
Bus state is: 0
Set Net Indication Callback called
Bus state is: 0
Set Net Indication Callback called
Bus state is: 0
Set Net Indication Callback called
Bus state is: 0
Set Net Indication Callback called
Bus state is: 0
Set Net Indication Callback called
Bus state is: 0
Set Net Indication Callback called
Bus state is: 0
Set Net Indication Callback called
Bus state is: 0
Set Net Indication Callback called
Bus state is: 0
Set Net Indication Callback called
Bus state is: 0
Set Net Indication Callback called
Bus state is: 0
Set Net Indication Callback called
Bus state is: 0
Set Net Indication Callback called
Bus state is: 0
Set Net Indication Callback called
Bus state is: 0
Set Net Indication Callback called
Bus state is: 0
Set Net Indication Callback called
Bus state is: 0
Set Net Indication Callback called
Bus state is: 0
Set Net Indication Callback called
Bus state is: 0
Set Net Indication Callback called
Bus state is: 0
Set Net Indication Callback called
Bus state is: 0
Set Net Indication Callback called
Bus state is: 0
Set Net Indication Callback called
Bus state is: 0
Set Net Indication Callback called
Bus state is: 0
Set Net Indication Callback called
Bus state is: 0
Set Net Indication Callback called
Bus state is: 0
Set Net Indication Callback called
Bus state is: 0
Set Net Indication Callback called
Bus state is: 0
Set Net Indication Callback called
Bus state is: 0
Set Net Indication Callback called
Bus state is: 0
Set Net Indication Callback called
Bus state is: 0
Set Net Indication Callback called
Bus state is: 0
Set Net Indication Callback called
Bus state is: 0
Set Net Indication Callback called
Bus state is: 0
Set Net Indication Callback called
Bus state is: 0
Set Net Indication Callback called
Bus state is: 0
Set Net Indication Callback called
Bus state is: 0
Set Net Indication Callback called
Bus state is: 0
Set Net Indication Callback called
Bus state is: 0
Set Net Indication Callback called
Bus state is: 0
Set Net Indication Callback called
Bus state is: 0
Set Net Indication Callback called
Bus state is: 0
Set Net Indication Callback called
Bus state is: 0
Set Net Indication Callback called
Bus state is: 0
Set Net Indication Callback called
Bus state is: 0
Set Net Indication Callback called
Bus state is: 0
Set Net Indication Callback called
Bus state is: 0
Set Net Indication Callback called
Bus state is: 0
Set Net Indication Callback called
Bus state is: 0
Set Net Indication Callback called
Bus state is: 0
Set Net Indication Callback called
Bus state is: 0
Set Net Indication Callback called
Bus state is: 0
Set Net Indication Callback called
Bus state is: 0
Set Net Indication Callback called
Bus state is: 0
Set Net Indication Callback called
Bus state is: 0
Set Net Indication Callback called
Bus state is: 0
Set Net Indication Callback called
Bus state is: 0
Set Net Indication Callback called
Bus state is: 0
Set Net Indication Callback called
Bus state is: 0
Set Net Indication Callback called
Bus state is: 0
Set Net Indication Callback called
Bus state is: 0
Set Net Indication Callback called
Bus state is: 0
Set Net Indication Callback called
Bus state is: 0
Set Net Indication Callback called
Bus state is: 0
Set Net Indication Callback called
Bus state is: 0
Set Net Indication Callback called
Bus state is: 0
Set Net Indication Callback called
Bus state is: 0
Set Net Indication Callback called
Bus state is: 0
Set Net Indication Callback called
Bus state is: 0
Set Net Indication Callback called
Bus state is: 0
Set Net Indication Callback called
Bus state is: 0
Set Net Indication Callback called
Bus state is: 0
Set Net Indication Callback called
Bus state is: 0
Set Net Indication Callback called
Bus state is: 0
Set Net Indication Callback called
Bus state is: 0
Set Net Indication Callback called
Bus state is: 0
Set Net Indication Callback called
Bus state is: 0
Set Net Indication Callback called
Bus state is: 0
Set Net Indication Callback called
Bus state is: 0
Set Net Indication Callback called
Bus state is: 0
Set Net Indication Callback called
Bus state is: 0
Set Net Indication Callback called
Bus state is: 0
Set Net Indication Callback called
Bus state is: 0
Set Net Indication Callback called
Bus state is: 0
Set Net Indication Callback called
Bus state is: 0
Set Net Indication Callback called
Bus state is: 0
Set Net Indication Callback called
Bus state is: 0
Set Net Indication Callback called
Bus state is: 0
Set Net Indication Callback called
Bus state is: 0
Set Net Indication Callback called
Bus state is: 0
Set Net Indication Callback called
Bus state is: 0
Set Net Indication Callback called
Bus state is: 0
Set Net Indication Callback called
Bus state is: 0
Set Net Indication Callback called
Bus state is: 0
Set Net Indication Callback called
Bus state is: 0
Set Net Indication Callback called
Bus state is: 0
Set Net Indication Callback called
Bus state is: 0
Set Net Indication Callback called
Bus state is: 0
Set Net Indication Callback called
Bus state is: 0
Set Net Indication Callback called
Bus state is: 0
Set Net Indication Callback called
Bus state is: 0
Set Net Indication Callback called
Bus state is: 0
Set Net Indication Callback called
Bus state is: 0
Set Net Indication Callback called
Bus state is: 0
Set Net Indication Callback called
Bus state is: 0
Set Net Indication Callback called
Bus state is: 0
Set Net Indication Callback called
Bus state is: 0
Set Net Indication Callback called
Bus state is: 0
Set Net Indication Callback called
Bus state is: 0
Set Net Indication Callback called
Bus state is: 0
Set Net Indication Callback called
Bus state is: 0
Set Net Indication Callback called
Bus state is: 0
Set Net Indication Callback called
Bus state is: 0
Set Net Indication Callback called
Bus state is: 0
Set Net Indication Callback called
Bus state is: 0
Set Net Indication Callback called
Bus state is: 0
Set Net Indication Callback called
Bus state is: 0
Set Net Indication Callback called
Bus state is: 0
Set Net Indication Callback called
Bus state is: 0
Set Net Indication Callback called
Bus state is: 0
Set Net Indication Callback called
Bus state is: 0
Set Net Indication Callback called
Bus state is: 0
Set Net Indication Callback called
Bus state is: 0
Set Net Indication Callback called
Bus state is: 0
Set Net Indication Callback called
Bus state is: 0
Set Net Indication Callback called
Bus state is: 0
Set Net Indication Callback called
Bus state is: 0
Set Net Indication Callback called
Bus state is: 0
Set Net Indication Callback called
Bus state is: 0
Set Net Indication Callback called
Bus state is: 0
Set Net Indication Callback called
Bus state is: 0
Set Net Indication Callback called
Bus state is: 0
Set Net Indication Callback called
Bus state is: 0
Set Net Indication Callback called
Bus state is: 0
Set Net Indication Callback called
Bus state is: 0
Set Net Indication Callback called
Bus state is: 0
Set Net Indication Callback called
Bus state is: 0
Set Net Indication Callback called
Bus state is: 0
Set Net Indication Callback called
Bus state is: 0
Set Net Indication Callback called
Bus state is: 0
Set Net Indication Callback called
Bus state is: 0
Set Net Indication Callback called
Bus state is: 0
Set Net Indication Callback called
Bus state is: 0
Set Net Indication Callback called
Bus state is: 0
Set Net Indication Callback called
Bus state is: 0
Set Net Indication Callback called
Bus state is: 0
Set Net Indication Callback called
Bus state is: 0
Set Net Indication Callback called
Bus state is: 0
Set Net Indication Callback called
Bus state is: 0
Set Net Indication Callback called
Bus state is: 0
Set Net Indication Callback called
Bus state is: 0
Set Net Indication Callback called
Bus state is: 0
Set Net Indication Callback called
Bus state is: 0
Set Net Indication Callback called
Bus state is: 0
Set Net Indication Callback called
Bus state is: 0
Set Net Indication Callback called
Bus state is: 0
Set Net Indication Callback called
Bus state is: 0
Set Net Indication Callback called
Bus state is: 0
Set Net Indication Callback called
Bus state is: 0
Set Net Indication Callback called
Bus state is: 0
Set Net Indication Callback called
Bus state is: 0
Set Net Indication Callback called
Bus state is: 0
Set Net Indication Callback called
Bus state is: 0
Set Net Indication Callback called
Bus state is: 0
Set Net Indication Callback called
Bus state is: 0
Set Net Indication Callback called
Bus state is: 0
Set Net Indication Callback called
Bus state is: 0
Set Net Indication Callback called
Bus state is: 0
Set Net Indication Callback called
Bus state is: 0
Set Net Indication Callback called
Bus state is: 0
Set Net Indication Callback called
Bus state is: 0
Set Net Indication Callback called
Bus state is: 0
Set Net Indication Callback called
Bus state is: 0
Set Net Indication Callback called
Bus state is: 0
Set Net Indication Callback called
Bus state is: 0
Set Net Indication Callback called
Bus state is: 0
Set Net Indication Callback called
Bus state is: 0
Set Net Indication Callback called
Bus state is: 0
Set Net Indication Callback called
Bus state is: 0
Set Net Indication Callback called
Bus state is: 0
Set Net Indication Callback called
Bus state is: 0
Set Net Indication Callback called
Bus state is: 0
Set Net Indication Callback called
Bus state is: 0
Set Net Indication Callback called
Bus state is: 0
Set Net Indication Callback called
Bus state is: 0
Set Net Indication Callback called
Bus state is: 0
Set Net Indication Callback called
Bus state is: 0
Set Net Indication Callback called
Bus state is: 0
Set Net Indication Callback called
Bus state is: 0
Set Net Indication Callback called
Bus state is: 0
Set Net Indication Callback called
Bus state is: 0
Set Net Indication Callback called
Bus state is: 0
Set Net Indication Callback called
Bus state is: 0
Set Net Indication Callback called
Bus state is: 0
Set Net Indication Callback called
Bus state is: 0
Set Net Indication Callback called
Bus state is: 0
Set Net Indication Callback called
Bus state is: 0
Set Net Indication Callback called
Bus state is: 0
Set Net Indication Callback called
Bus state is: 0
Set Net Indication Callback called
Bus state is: 0
Set Net Indication Callback called
Bus state is: 0
Set Net Indication Callback called
Bus state is: 0
Set Net Indication Callback called
Bus state is: 0
Set Net Indication Callback called
Bus state is: 0
Set Net Indication Callback called
Bus state is: 0
Set Net Indication Callback called
Bus state is: 0
Set Net Indication Callback called
Bus state is: 0
Set Net Indication Callback called
Bus state is: 0
Set Net Indication Callback called
Bus state is: 0
Set Net Indication Callback called
Bus state is: 0
Set Net Indication Callback called
Bus state is: 0
Set Net Indication Callback called
Bus state is: 0
Set Net Indication Callback called
Bus state is: 0
Set Net Indication Callback called
Bus state is: 0
Set Net Indication Callback called
Bus state is: 0
Set Net Indication Callback called
Bus state is: 0
Set Net Indication Callback called
Bus state is: 0
Set Net Indication Callback called
Bus state is: 0
Set Net Indication Callback called
Bus state is: 0
Set Net Indication Callback called
Bus state is: 0
Set Net Indication Callback called
Bus state is: 0
Set Net Indication Callback called
Bus state is: 0
Set Net Indication Callback called
Bus state is: 0
Set Net Indication Callback called
Bus state is: 0
Set Net Indication Callback called
Bus state is: 0
Set Net Indication Callback called
Bus state is: 0
Set Net Indication Callback called
Bus state is: 0
Set Net Indication Callback called
Bus state is: 0
Set Net Indication Callback called
Bus state is: 0
Set Net Indication Callback called
Bus state is: 0
Set Net Indication Callback called
Bus state is: 0
Set Net Indication Callback called
Bus state is: 0
Set Net Indication Callback called
Bus state is: 0
Set Net Indication Callback called
Bus state is: 0
Set Net Indication Callback called
Bus state is: 0
Set Net Indication Callback called
Bus state is: 0
Set Net Indication Callback called
Bus state is: 0
Set Net Indication Callback called
Bus state is: 0
Set Net Indication Callback called
Bus state is: 0
Set Net Indication Callback called
Bus state is: 0
Set Net Indication Callback called
Bus state is: 0
Set Net Indication Callback called
Bus state is: 0
Set Net Indication Callback called
Bus state is: 0
Set Net Indication Callback called
Bus state is: 0
Set Net Indication Callback called
Bus state is: 0
Set Net Indication Callback called
Bus state is: 0
Set Net Indication Callback called
Bus state is: 0
Set Net Indication Callback called
Bus state is: 0
Set Net Indication Callback called
Bus state is: 0
Set Net Indication Callback called
Bus state is: 0
Set Net Indication Callback called
Bus state is: 0
Set Net Indication Callback called
Bus state is: 0
Set Net Indication Callback called
Bus state is: 0
Set Net Indication Callback called
Bus state is: 0
Set Net Indication Callback called
Bus state is: 0
Set Net Indication Callback called
Bus state is: 0
Set Net Indication Callback called
Bus state is: 0
Set Net Indication Callback called
Bus state is: 0
Set Net Indication Callback called
Bus state is: 0
Set Net Indication Callback called
Bus state is: 0
Set Net Indication Callback called
Bus state is: 0
Set Net Indication Callback called
Bus state is: 0
Set Net Indication Callback called
Bus state is: 0
Set Net Indication Callback called
Bus state is: 0
Set Net Indication Callback called
Bus state is: 0
Set Net Indication Callback called
Bus state is: 0
Set Net Indication Callback called
Bus state is: 0
Set Net Indication Callback called
Bus state is: 0
Set Net Indication Callback called
Bus state is: 0
Set Net Indication Callback called
Bus state is: 0
Set Net Indication Callback called
Bus state is: 0
Set Net Indication Callback called
Bus state is: 0
Set Net Indication Callback called
Bus state is: 0
Set Net Indication Callback called
Bus state is: 0
Set Net Indication Callback called
Bus state is: 0
Set Net Indication Callback called
Bus state is: 0
Set Net Indication Callback called
Bus state is: 0
Set Net Indication Callback called
Bus state is: 0
Set Net Indication Callback called
Bus state is: 0
Set Net Indication Callback called
Bus state is: 0
Set Net Indication Callback called
Bus state is: 0
Set Net Indication Callback called
Bus state is: 0
Set Net Indication Callback called
Bus state is: 0
Set Net Indication Callback called
Bus state is: 0
Set Net Indication Callback called
Bus state is: 0
Set Net Indication Callback called
Bus state is: 0
Set Net Indication Callback called
Bus state is: 0
Set Net Indication Callback called
Bus state is: 0
Set Net Indication Callback called
Bus state is: 0
Set Net Indication Callback called
Bus state is: 0
Set Net Indication Callback called
Bus state is: 0
Set Net Indication Callback called
Bus state is: 0
Set Net Indication Callback called
Bus state is: 0
Set Net Indication Callback called
Bus state is: 0
Set Net Indication Callback called
Bus state is: 0
Set Net Indication Callback called
Bus state is: 0
Set Net Indication Callback called
Bus state is: 0
Set Net Indication Callback called
Bus state is: 0
Set Net Indication Callback called
Bus state is: 0
Set Net Indication Callback called
Bus state is: 0
Set Net Indication Callback called
Bus state is: 0
Set Net Indication Callback called
Bus state is: 0
Set Net Indication Callback called
Bus state is: 0
Set Net Indication Callback called
Bus state is: 0
Set Net Indication Callback called
Bus state is: 0
Set Net Indication Callback called
Bus state is: 0
Set Net Indication Callback called
Bus state is: 0
Set Net Indication Callback called
Bus state is: 0
Set Net Indication Callback called
Bus state is: 0
Set Net Indication Callback called
Bus state is: 0
Set Net Indication Callback called
Bus state is: 0
Set Net Indication Callback called
Bus state is: 0
Set Net Indication Callback called
Bus state is: 0
Set Net Indication Callback called
Bus state is: 0
Set Net Indication Callback called
Bus state is: 0
Set Net Indication Callback called
Bus state is: 0
Set Net Indication Callback called
Bus state is: 0
Set Net Indication Callback called
Bus state is: 0
Set Net Indication Callback called
Bus state is: 0
Set Net Indication Callback called
Bus state is: 0
Set Net Indication Callback called
Bus state is: 0
Set Net Indication Callback called
Bus state is: 0
Set Net Indication Callback called
Bus state is: 0
Set Net Indication Callback called
Bus state is: 0
Set Net Indication Callback called
Bus state is: 0
Set Net Indication Callback called
Bus state is: 0
Set Net Indication Callback called
Bus state is: 0
Set Net Indication Callback called
Bus state is: 0
Set Net Indication Callback called
Bus state is: 0
Set Net Indication Callback called
Bus state is: 0
Set Net Indication Callback called
Bus state is: 0
Set Net Indication Callback called
Bus state is: 0
Set Net Indication Callback called
Bus state is: 0
Set Net Indication Callback called
Bus state is: 0
Set Net Indication Callback called
Bus state is: 0
Set Net Indication Callback called
Bus state is: 0
Set Net Indication Callback called
Bus state is: 0
Set Net Indication Callback called
Bus state is: 0
Set Net Indication Callback called
Bus state is: 0
Set Net Indication Callback called
Bus state is: 0
Set Net Indication Callback called
Bus state is: 0
Set Net Indication Callback called
Bus state is: 0
Set Net Indication Callback called
Bus state is: 0
Set Net Indication Callback called
Bus state is: 0
Set Net Indication Callback called
Bus state is: 0
Set Net Indication Callback called
Bus state is: 0
Set Net Indication Callback called
Bus state is: 0
Set Net Indication Callback called
Bus state is: 0
Set Net Indication Callback called
Bus state is: 0
Set Net Indication Callback called
Bus state is: 0
Set Net Indication Callback called
Bus state is: 0
Set Net Indication Callback called
Bus state is: 0
Set Net Indication Callback called
Bus state is: 0
Set Net Indication Callback called
Bus state is: 0
Set Net Indication Callback called
Bus state is: 0
Set Net Indication Callback called
Bus state is: 0
Set Net Indication Callback called
Bus state is: 0
Set Net Indication Callback called
Bus state is: 0
Set Net Indication Callback called
Bus state is: 0
Set Net Indication Callback called
Bus state is: 0
Set Net Indication Callback called
Bus state is: 0
Set Net Indication Callback called
Bus state is: 0
Set Net Indication Callback called
Bus state is: 0
Set Net Indication Callback called
Bus state is: 0
Set Net Indication Callback called
Bus state is: 0
Set Net Indication Callback called
Bus state is: 0
Set Net Indication Callback called
Bus state is: 0
Set Net Indication Callback called
Bus state is: 0
Set Net Indication Callback called
Bus state is: 0
Set Net Indication Callback called
Bus state is: 0
Set Net Indication Callback called
Bus state is: 0
Set Net Indication Callback called
Bus state is: 0
Set Net Indication Callback called
Bus state is: 0
Set Net Indication Callback called
Bus state is: 0
Set Net Indication Callback called
Bus state is: 0
Set Net Indication Callback called
Bus state is: 0
Set Net Indication Callback called
Bus state is: 0
Set Net Indication Callback called
Bus state is: 0
Set Net Indication Callback called
Bus state is: 0
Set Net Indication Callback called
Bus state is: 0
Set Net Indication Callback called
Bus state is: 0
Set Net Indication Callback called
Bus state is: 0
Set Net Indication Callback called
Bus state is: 0
Set Net Indication Callback called
Bus state is: 0
Set Net Indication Callback called
Bus state is: 0
Set Net Indication Callback called
Bus state is: 0
Set Net Indication Callback called
Bus state is: 0
Set Net Indication Callback called
Bus state is: 0
Set Net Indication Callback called
Bus state is: 0
Set Net Indication Callback called
Bus state is: 0
Set Net Indication Callback called
Bus state is: 0
Set Net Indication Callback called
Bus state is: 0
Set Net Indication Callback called
Bus state is: 0
Set Net Indication Callback called
Bus state is: 0
Set Net Indication Callback called
Bus state is: 0
Set Net Indication Callback called
Bus state is: 0
Set Net Indication Callback called
Bus state is: 0
Set Net Indication Callback called
Bus state is: 0
Set Net Indication Callback called
Bus state is: 0
Set Net Indication Callback called
Bus state is: 0
Set Net Indication Callback called
Bus state is: 0
Set Net Indication Callback called
Bus state is: 0
Set Net Indication Callback called
Bus state is: 0
Set Net Indication Callback called
Bus state is: 0
Set Net Indication Callback called
Bus state is: 0
Set Net Indication Callback called
Bus state is: 0
Set Net Indication Callback called
Bus state is: 0
Set Net Indication Callback called
Bus state is: 0
Set Net Indication Callback called
Bus state is: 0
Set Net Indication Callback called
Bus state is: 0
Set Net Indication Callback called
Bus state is: 0
Set Net Indication Callback called
Bus state is: 0
Set Net Indication Callback called
Bus state is: 0
Set Net Indication Callback called
Bus state is: 0
Set Net Indication Callback called
Bus state is: 0
Set Net Indication Callback called
Bus state is: 0
Set Net Indication Callback called
Bus state is: 0
Set Net Indication Callback called
Bus state is: 0
Set Net Indication Callback called
Bus state is: 0
Set Net Indication Callback called
Bus state is: 0
Set Net Indication Callback called
Bus state is: 0
Set Net Indication Callback called
Bus state is: 0
Set Net Indication Callback called
Bus state is: 0
Set Net Indication Callback called
Bus state is: 0
Set Net Indication Callback called
Bus state is: 0
Set Net Indication Callback called
Bus state is: 0
Set Net Indication Callback called
Bus state is: 0
Set Net Indication Callback called
Bus state is: 0
Set Net Indication Callback called
Bus state is: 0
Set Net Indication Callback called
Bus state is: 0
Set Net Indication Callback called
Bus state is: 0
Set Net Indication Callback called
Bus state is: 0
Set Net Indication Callback called
Bus state is: 0
Set Net Indication Callback called
Bus state is: 0
Set Net Indication Callback called
Bus state is: 0
Set Net Indication Callback called
Bus state is: 0
Set Net Indication Callback called
Bus state is: 0
Set Net Indication Callback called
Bus state is: 0
Set Net Indication Callback called
Bus state is: 0
Set Net Indication Callback called
Bus state is: 0
Set Net Indication Callback called
Bus state is: 0
Set Net Indication Callback called
Bus state is: 0
Set Net Indication Callback called
Bus state is: 0
Set Net Indication Callback called
Bus state is: 0
Set Net Indication Callback called
Bus state is: 0
Set Net Indication Callback called
Bus state is: 0
Set Net Indication Callback called
Bus state is: 0
Set Net Indication Callback called
Bus state is: 0
Set Net Indication Callback called
Bus state is: 0
Set Net Indication Callback called
Bus state is: 0
Set Net Indication Callback called
Bus state is: 0
Set Net Indication Callback called
Bus state is: 0
Set Net Indication Callback called
Bus state is: 0
Set Net Indication Callback called
Bus state is: 0
Set Net Indication Callback called
Bus state is: 0
Set Net Indication Callback called
Bus state is: 0
Set Net Indication Callback called
Bus state is: 0
Set Net Indication Callback called
Bus state is: 0
Set Net Indication Callback called
Bus state is: 0
Set Net Indication Callback called
Bus state is: 0
Set Net Indication Callback called
Bus state is: 0
Set Net Indication Callback called
Bus state is: 0
Set Net Indication Callback called
Bus state is: 0
Set Net Indication Callback called
Bus state is: 0
Set Net Indication Callback called
Bus state is: 0
Set Net Indication Callback called
Bus state is: 0
Set Net Indication Callback called
Bus state is: 0
Set Net Indication Callback called
Bus state is: 0
Set Net Indication Callback called
Bus state is: 0
Set Net Indication Callback called
Bus state is: 0
Set Net Indication Callback called
Bus state is: 0
Set Net Indication Callback called
Bus state is: 0
Set Net Indication Callback called
Bus state is: 0
Set Net Indication Callback called
Bus state is: 0
Set Net Indication Callback called
Bus state is: 0
Set Net Indication Callback called
Bus state is: 0
Set Net Indication Callback called
Bus state is: 0
Set Net Indication Callback called
Bus state is: 0
Set Net Indication Callback called
Bus state is: 0
Set Net Indication Callback called
Bus state is: 0
Set Net Indication Callback called
Bus state is: 0
Set Net Indication Callback called
Bus state is: 0
Set Net Indication Callback called
Bus state is: 0
Set Net Indication Callback called
Bus state is: 0
Set Net Indication Callback called
Bus state is: 0
Set Net Indication Callback called
Bus state is: 0
Set Net Indication Callback called
Bus state is: 0
Set Net Indication Callback called
Bus state is: 0
Set Net Indication Callback called
Bus state is: 0
Set Net Indication Callback called
Bus state is: 0
Set Net Indication Callback called
Bus state is: 0
Set Net Indication Callback called
Bus state is: 0
Set Net Indication Callback called
Bus state is: 0
Set Net Indication Callback called
Bus state is: 0
Set Net Indication Callback called
Bus state is: 0
Set Net Indication Callback called
Bus state is: 0
Set Net Indication Callback called
Bus state is: 0
Set Net Indication Callback called
Bus state is: 0
Set Net Indication Callback called
Bus state is: 0
Set Net Indication Callback called
Bus state is: 0
Set Net Indication Callback called
Bus state is: 0
Set Net Indication Callback called
Bus state is: 0
Set Net Indication Callback called
Bus state is: 0
Set Net Indication Callback called
Bus state is: 0
Set Net Indication Callback called
Bus state is: 0
Set Net Indication Callback called
Bus state is: 0
Set Net Indication Callback called
Bus state is: 0
Set Net Indication Callback called
Bus state is: 0
Set Net Indication Callback called
Bus state is: 0
Set Net Indication Callback called
Bus state is: 0
Set Net Indication Callback called
Bus state is: 0
Set Net Indication Callback called
Bus state is: 0
Set Net Indication Callback called
Bus state is: 0
Set Net Indication Callback called
Bus state is: 0
Set Net Indication Callback called
Bus state is: 0
Set Net Indication Callback called
Bus state is: 0
Set Net Indication Callback called
Bus state is: 0
Set Net Indication Callback called
Bus state is: 0
Set Net Indication Callback called
Bus state is: 0
Set Net Indication Callback called
Bus state is: 0
Set Net Indication Callback called
Bus state is: 0
Set Net Indication Callback called
Bus state is: 0
Set Net Indication Callback called
Bus state is: 0
Set Net Indication Callback called
Bus state is: 0
Set Net Indication Callback called
Bus state is: 0
Set Net Indication Callback called
Bus state is: 0
Set Net Indication Callback called
Bus state is: 0
Set Net Indication Callback called
Bus state is: 0
Set Net Indication Callback called
Bus state is: 0
Set Net Indication Callback called
Bus state is: 0
Set Net Indication Callback called
Bus state is: 0
Set Net Indication Callback called
Bus state is: 0
Set Net Indication Callback called
Bus state is: 0
Set Net Indication Callback called
Bus state is: 0
Set Net Indication Callback called
Bus state is: 0
Set Net Indication Callback called
Bus state is: 0
Set Net Indication Callback called
Bus state is: 0
Set Net Indication Callback called
Bus state is: 0
Set Net Indication Callback called
Bus state is: 0
Set Net Indication Callback called
Bus state is: 0
Set Net Indication Callback called
Bus state is: 0
Set Net Indication Callback called
Bus state is: 0
Set Net Indication Callback called
Bus state is: 0
Set Net Indication Callback called
Bus state is: 0
Set Net Indication Callback called
Bus state is: 0
Set Net Indication Callback called
Bus state is: 0
Set Net Indication Callback called
Bus state is: 0
Set Net Indication Callback called
Bus state is: 0
Set Net Indication Callback called
Bus state is: 0
Set Net Indication Callback called
Bus state is: 0
Set Net Indication Callback called
Bus state is: 0
Set Net Indication Callback called
Bus state is: 0
Set Net Indication Callback called
Bus state is: 0
Set Net Indication Callback called
Bus state is: 0
Set Net Indication Callback called
Bus state is: 0
Set Net Indication Callback called
Bus state is: 0
Set Net Indication Callback called
Bus state is: 0
Set Net Indication Callback called
Bus state is: 0
Set Net Indication Callback called
Bus state is: 0
Set Net Indication Callback called
Bus state is: 0
Set Net Indication Callback called
Bus state is: 0
Set Net Indication Callback called
Bus state is: 0
Set Net Indication Callback called
Bus state is: 0
Set Net Indication Callback called
Bus state is: 0
Set Net Indication Callback called
Bus state is: 0
Set Net Indication Callback called
Bus state is: 0
Set Net Indication Callback called
Bus state is: 0
Set Net Indication Callback called
Bus state is: 0
Set Net Indication Callback called
Bus state is: 0
Set Net Indication Callback called
Bus state is: 0
Set Net Indication Callback called
Bus state is: 0
Set Net Indication Callback called
Bus state is: 0
Set Net Indication Callback called
Bus state is: 0
Set Net Indication Callback called
Bus state is: 0
Set Net Indication Callback called
Bus state is: 0
Set Net Indication Callback called
Bus state is: 0
Set Net Indication Callback called
Bus state is: 0
Set Net Indication Callback called
Bus state is: 0
Set Net Indication Callback called
Bus state is: 0
Set Net Indication Callback called
Bus state is: 0
Set Net Indication Callback called
Bus state is: 0
Set Net Indication Callback called
Bus state is: 0
Set Net Indication Callback called
Bus state is: 0
Set Net Indication Callback called
Bus state is: 0
Set Net Indication Callback called
Bus state is: 0
Set Net Indication Callback called
Bus state is: 0
Set Net Indication Callback called
Bus state is: 0
Set Net Indication Callback called
Bus state is: 0
Set Net Indication Callback called
Bus state is: 0
Set Net Indication Callback called
Bus state is: 0
Set Net Indication Callback called
Bus state is: 0
Set Net Indication Callback called
Bus state is: 0
Set Net Indication Callback called
Bus state is: 0
Set Net Indication Callback called
Bus state is: 0
Set Net Indication Callback called
Bus state is: 0
Set Net Indication Callback called
Bus state is: 0
Set Net Indication Callback called
Bus state is: 0
Set Net Indication Callback called
Bus state is: 0
Set Net Indication Callback called
Bus state is: 0
Set Net Indication Callback called
Bus state is: 0
Set Net Indication Callback called
Bus state is: 0
Set Net Indication Callback called
Bus state is: 0
Set Net Indication Callback called
Bus state is: 0
Set Net Indication Callback called
Bus state is: 0
Set Net Indication Callback called
Bus state is: 0
Set Net Indication Callback called
Bus state is: 0
Set Net Indication Callback called
Bus state is: 0
Set Net Indication Callback called
Bus state is: 0
Set Net Indication Callback called
Bus state is: 0
Set Net Indication Callback called
Bus state is: 0
Set Net Indication Callback called
Bus state is: 0
Set Net Indication Callback called
Bus state is: 0
Set Net Indication Callback called
Bus state is: 0
Set Net Indication Callback called
Bus state is: 0
Set Net Indication Callback called
Bus state is: 0
Set Net Indication Callback called
Bus state is: 0
Set Net Indication Callback called
Bus state is: 0
Set Net Indication Callback called
Bus state is: 0
Set Net Indication Callback called
Bus state is: 0
Set Net Indication Callback called
Bus state is: 0
Set Net Indication Callback called
Bus state is: 0
Set Net Indication Callback called
Bus state is: 0
Set Net Indication Callback called
Bus state is: 0
Set Net Indication Callback called
Bus state is: 0
Set Net Indication Callback called
Bus state is: 0
Set Net Indication Callback called
Bus state is: 0
Set Net Indication Callback called
Bus state is: 0
Set Net Indication Callback called
Bus state is: 0
Set Net Indication Callback called
Bus state is: 0
Set Net Indication Callback called
Bus state is: 0
Set Net Indication Callback called
Bus state is: 0
Set Net Indication Callback called
Bus state is: 0
Set Net Indication Callback called
Bus state is: 0
Set Net Indication Callback called
Bus state is: 0
Set Net Indication Callback called
Bus state is: 0
Set Net Indication Callback called
Bus state is: 0
Set Net Indication Callback called
Bus state is: 0
Set Net Indication Callback called
Bus state is: 0
Set Net Indication Callback called
Bus state is: 0
Set Net Indication Callback called
Bus state is: 0
Set Net Indication Callback called
Bus state is: 0
Set Net Indication Callback called
Bus state is: 0
Set Net Indication Callback called
Bus state is: 0
Set Net Indication Callback called
Bus state is: 0
Set Net Indication Callback called
Bus state is: 0
Set Net Indication Callback called
Bus state is: 0
Set Net Indication Callback called
Bus state is: 0
Set Net Indication Callback called
Bus state is: 0
Set Net Indication Callback called
Bus state is: 0
Set Net Indication Callback called
Bus state is: 0
Set Net Indication Callback called
Bus state is: 0
Set Net Indication Callback called
Bus state is: 0
Set Net Indication Callback called
Bus state is: 0
Set Net Indication Callback called
Bus state is: 0
Set Net Indication Callback called
Bus state is: 0
Set Net Indication Callback called
Bus state is: 0
Set Net Indication Callback called
Bus state is: 0
Set Net Indication Callback called
Bus state is: 0
Set Net Indication Callback called
Bus state is: 0
Set Net Indication Callback called
Bus state is: 0
Set Net Indication Callback called
Bus state is: 0
Set Net Indication Callback called
Bus state is: 0
Set Net Indication Callback called
Bus state is: 0
Set Net Indication Callback called
Bus state is: 0
Set Net Indication Callback called
Bus state is: 0
Set Net Indication Callback called
Bus state is: 0
Set Net Indication Callback called
Bus state is: 0
Set Net Indication Callback called
Bus state is: 0
Set Net Indication Callback called
Bus state is: 0
Set Net Indication Callback called
Bus state is: 0
Set Net Indication Callback called
Bus state is: 0
Set Net Indication Callback called
Bus state is: 0
Set Net Indication Callback called
Bus state is: 0
Set Net Indication Callback called
Bus state is: 0
Set Net Indication Callback called
Bus state is: 0
Set Net Indication Callback called
Bus state is: 0
Set Net Indication Callback called
Bus state is: 0
Set Net Indication Callback called
Bus state is: 0
Set Net Indication Callback called
Bus state is: 0
Set Net Indication Callback called
Bus state is: 0
Set Net Indication Callback called
Bus state is: 0
Set Net Indication Callback called
Bus state is: 0
Set Net Indication Callback called
Bus state is: 0
Set Net Indication Callback called
Bus state is: 0
Set Net Indication Callback called
Bus state is: 0
Set Net Indication Callback called
Bus state is: 0
Set Net Indication Callback called
Bus state is: 0
Set Net Indication Callback called
Bus state is: 0
Set Net Indication Callback called
Bus state is: 0
Set Net Indication Callback called
Bus state is: 0
Set Net Indication Callback called
Bus state is: 0
Set Net Indication Callback called
Bus state is: 0
Set Net Indication Callback called
Bus state is: 0
Set Net Indication Callback called
Bus state is: 0
Set Net Indication Callback called
Bus state is: 0
Set Net Indication Callback called
Bus state is: 0
Set Net Indication Callback called
Bus state is: 0
Set Net Indication Callback called
Bus state is: 0
Set Net Indication Callback called
Bus state is: 0
Set Net Indication Callback called
Bus state is: 0
Set Net Indication Callback called
Bus state is: 0
Set Net Indication Callback called
Bus state is: 0
Set Net Indication Callback called
Bus state is: 0
Set Net Indication Callback called
Bus state is: 0
Set Net Indication Callback called
Bus state is: 0
Set Net Indication Callback called
Bus state is: 0
Set Net Indication Callback called
Bus state is: 0
Set Net Indication Callback called
Bus state is: 0
Set Net Indication Callback called
Bus state is: 0
Set Net Indication Callback called
Bus state is: 0
Set Net Indication Callback called
Bus state is: 0
Set Net Indication Callback called
Bus state is: 0
Set Net Indication Callback called
Bus state is: 0
Set Net Indication Callback called
Bus state is: 0
Set Net Indication Callback called
Bus state is: 0
Set Net Indication Callback called
Bus state is: 0
Set Net Indication Callback called
Bus state is: 0
Set Net Indication Callback called
Bus state is: 0
Set Net Indication Callback called
Bus state is: 0
Set Net Indication Callback called
Bus state is: 0
Set Net Indication Callback called
Bus state is: 0
Set Net Indication Callback called
Bus state is: 0
Set Net Indication Callback called
Bus state is: 0
Set Net Indication Callback called
Bus state is: 0
Set Net Indication Callback called
Bus state is: 0
Set Net Indication Callback called
Bus state is: 0
Set Net Indication Callback called
Bus state is: 0
Set Net Indication Callback called
Bus state is: 0
Set Net Indication Callback called
Bus state is: 0
Set Net Indication Callback called
Bus state is: 0
Set Net Indication Callback called
Bus state is: 0
Set Net Indication Callback called
Bus state is: 0
Set Net Indication Callback called
Bus state is: 0
Set Net Indication Callback called
Bus state is: 0
Set Net Indication Callback called
Bus state is: 0
Set Net Indication Callback called
Bus state is: 0
Set Net Indication Callback called
Bus state is: 0
Set Net Indication Callback called
Bus state is: 0
Set Net Indication Callback called
Bus state is: 0
Set Net Indication Callback called
Bus state is: 0
Set Net Indication Callback called
Bus state is: 0
Set Net Indication Callback called
Bus state is: 0
Set Net Indication Callback called
Bus state is: 0
Set Net Indication Callback called
Bus state is: 0
Set Net Indication Callback called
Bus state is: 0
Set Net Indication Callback called
Bus state is: 0
Set Net Indication Callback called
Bus state is: 0
Set Net Indication Callback called
Bus state is: 0
Set Net Indication Callback called
Bus state is: 0
Set Net Indication Callback called
Bus state is: 0
Set Net Indication Callback called
Bus state is: 0
Set Net Indication Callback called
Bus state is: 0
Set Net Indication Callback called
Bus state is: 0
Set Net Indication Callback called
Bus state is: 0
Set Net Indication Callback called
Bus state is: 0
Set Net Indication Callback called
Bus state is: 0
Set Net Indication Callback called
Bus state is: 0
Set Net Indication Callback called
Bus state is: 0
Set Net Indication Callback called
Bus state is: 0
Set Net Indication Callback called
Bus state is: 0
Set Net Indication Callback called
Bus state is: 0
Set Net Indication Callback called
Bus state is: 0
Set Net Indication Callback called
Bus state is: 0
Set Net Indication Callback called
Bus state is: 0
Set Net Indication Callback called
Bus state is: 0
Set Net Indication Callback called
Bus state is: 0
Set Net Indication Callback called
Bus state is: 0
Set Net Indication Callback called
Bus state is: 0
Set Net Indication Callback called
Bus state is: 0
Set Net Indication Callback called
Bus state is: 0
Set Net Indication Callback called
Bus state is: 0
Set Net Indication Callback called
Bus state is: 0
Set Net Indication Callback called
Bus state is: 0
Set Net Indication Callback called
Bus state is: 0
Set Net Indication Callback called
Bus state is: 0
Set Net Indication Callback called
Bus state is: 0
Set Net Indication Callback called
Bus state is: 0
Set Net Indication Callback called
Bus state is: 0
Set Net Indication Callback called
Bus state is: 0
Set Net Indication Callback called
Bus state is: 0
Set Net Indication Callback called
Bus state is: 0
Set Net Indication Callback called
Bus state is: 0
Set Net Indication Callback called
Bus state is: 0
Set Net Indication Callback called
Bus state is: 0
Set Net Indication Callback called
Bus state is: 0
Set Net Indication Callback called
Bus state is: 0
Set Net Indication Callback called
Bus state is: 0
Set Net Indication Callback called
Bus state is: 0
Set Net Indication Callback called
Bus state is: 0
Set Net Indication Callback called
Bus state is: 0
Set Net Indication Callback called
Bus state is: 0
Set Net Indication Callback called
Bus state is: 0
Set Net Indication Callback called
Bus state is: 0
Set Net Indication Callback called
Bus state is: 0
Set Net Indication Callback called
Bus state is: 0
Set Net Indication Callback called
Bus state is: 0
Set Net Indication Callback called
Bus state is: 0
Set Net Indication Callback called
Bus state is: 0
Set Net Indication Callback called
Bus state is: 0
Set Net Indication Callback called
Bus state is: 0
Set Net Indication Callback called
Bus state is: 0
Set Net Indication Callback called
Bus state is: 0
Set Net Indication Callback called
Bus state is: 0
Set Net Indication Callback called
Bus state is: 0
Set Net Indication Callback called
Bus state is: 0
Set Net Indication Callback called
Bus state is: 0
Set Net Indication Callback called
Bus state is: 0
Set Net Indication Callback called
Bus state is: 0
Set Net Indication Callback called
Bus state is: 0
Set Net Indication Callback called
Bus state is: 0
Set Net Indication Callback called
Bus state is: 0
Set Net Indication Callback called
Bus state is: 0
Set Net Indication Callback called
Bus state is: 0
Set Net Indication Callback called
Bus state is: 0
Set Net Indication Callback called
Bus state is: 0
Set Net Indication Callback called
Bus state is: 0
Set Net Indication Callback called
Bus state is: 0
Set Net Indication Callback called
Bus state is: 0
Set Net Indication Callback called
Bus state is: 0
Set Net Indication Callback called
Bus state is: 0
Set Net Indication Callback called
Bus state is: 0
Set Net Indication Callback called
Bus state is: 0
Set Net Indication Callback called
Bus state is: 0
Set Net Indication Callback called
Bus state is: 0
Set Net Indication Callback called
Bus state is: 0
Set Net Indication Callback called
Bus state is: 0
Set Net Indication Callback called
Bus state is: 0
Set Net Indication Callback called
Bus state is: 0
Set Net Indication Callback called
Bus state is: 0
Set Net Indication Callback called
Bus state is: 0
Set Net Indication Callback called
Bus state is: 0
Set Net Indication Callback called
Bus state is: 0
Set Net Indication Callback called
Bus state is: 0
Set Net Indication Callback called
Bus state is: 0
Set Net Indication Callback called
Bus state is: 0
Set Net Indication Callback called
Bus state is: 0
Set Net Indication Callback called
Bus state is: 0
Set Net Indication Callback called
Bus state is: 0
Set Net Indication Callback called
Bus state is: 0
Set Net Indication Callback called
Bus state is: 0
Set Net Indication Callback called
Bus state is: 0
Set Net Indication Callback called
Bus state is: 0
Set Net Indication Callback called
Bus state is: 0
Set Net Indication Callback called
Bus state is: 0
Set Net Indication Callback called
Bus state is: 0
Set Net Indication Callback called
Bus state is: 0
Set Net Indication Callback called
Bus state is: 0
Set Net Indication Callback called
Bus state is: 0
Set Net Indication Callback called
Bus state is: 0
Set Net Indication Callback called
Bus state is: 0
Set Net Indication Callback called
Bus state is: 0
Set Net Indication Callback called
Bus state is: 0
Set Net Indication Callback called
Bus state is: 0
Set Net Indication Callback called
Bus state is: 0
Set Net Indication Callback called
Bus state is: 0
Set Net Indication Callback called
Bus state is: 0
Set Net Indication Callback called
Bus state is: 0
Set Net Indication Callback called
Bus state is: 0
Set Net Indication Callback called
Bus state is: 0
Set Net Indication Callback called
Bus state is: 0
Set Net Indication Callback called
Bus state is: 0
Set Net Indication Callback called
Bus state is: 0
Set Net Indication Callback called
Bus state is: 0
Set Net Indication Callback called
Bus state is: 0
Set Net Indication Callback called
Bus state is: 0
Set Net Indication Callback called
Bus state is: 0
Set Net Indication Callback called
Bus state is: 0
Set Net Indication Callback called
Bus state is: 0
Set Net Indication Callback called
Bus state is: 0
Set Net Indication Callback called
Bus state is: 0
Set Net Indication Callback called
Bus state is: 0
Set Net Indication Callback called
Bus state is: 0
Set Net Indication Callback called
Bus state is: 0
Set Net Indication Callback called
Bus state is: 0
Set Net Indication Callback called
Bus state is: 0
Set Net Indication Callback called
Bus state is: 0
Set Net Indication Callback called
Bus state is: 0
Set Net Indication Callback called
Bus state is: 0
Set Net Indication Callback called
Bus state is: 0
Set Net Indication Callback called
Bus state is: 0
Set Net Indication Callback called
Bus state is: 0
Set Net Indication Callback called
Bus state is: 0
Set Net Indication Callback called
Bus state is: 0
Set Net Indication Callback called
Bus state is: 0
Set Net Indication Callback called
Bus state is: 0
Set Net Indication Callback called
Bus state is: 0
Set Net Indication Callback called
Bus state is: 0
Set Net Indication Callback called
Bus state is: 0
Set Net Indication Callback called
Bus state is: 0
Set Net Indication Callback called
Bus state is: 0
Set Net Indication Callback called
Bus state is: 0
Set Net Indication Callback called
Bus state is: 0
Set Net Indication Callback called
Bus state is: 0
Set Net Indication Callback called
Bus state is: 0
Set Net Indication Callback called
Bus state is: 0
Set Net Indication Callback called
Bus state is: 0
Set Net Indication Callback called
Bus state is: 0
Set Net Indication Callback called
Bus state is: 0
Set Net Indication Callback called
Bus state is: 0
Set Net Indication Callback called
Bus state is: 0
Set Net Indication Callback called
Bus state is: 0
Set Net Indication Callback called
Bus state is: 0
Set Net Indication Callback called
Bus state is: 0
Set Net Indication Callback called
Bus state is: 0
Set Net Indication Callback called
Bus state is: 0
Set Net Indication Callback called
Bus state is: 0
Set Net Indication Callback called
Bus state is: 0
Set Net Indication Callback called
Bus state is: 0
Set Net Indication Callback called
Bus state is: 0
Set Net Indication Callback called
Bus state is: 0
Set Net Indication Callback called
Bus state is: 0
Set Net Indication Callback called
Bus state is: 0
Set Net Indication Callback called
Bus state is: 0
Set Net Indication Callback called
Bus state is: 0
Set Net Indication Callback called
Bus state is: 0
Set Net Indication Callback called
Bus state is: 0
Set Net Indication Callback called
Bus state is: 0
Set Net Indication Callback called
Bus state is: 0
Set Net Indication Callback called
Bus state is: 0
Set Net Indication Callback called
Bus state is: 0
Set Net Indication Callback called
Bus state is: 0
Set Net Indication Callback called
Bus state is: 0
Set Net Indication Callback called
Bus state is: 0
Set Net Indication Callback called
Bus state is: 0
Set Net Indication Callback called
Bus state is: 0
Set Net Indication Callback called
Bus state is: 0
Set Net Indication Callback called
Bus state is: 0
Set Net Indication Callback called
Bus state is: 0
Set Net Indication Callback called
Bus state is: 0
Set Net Indication Callback called
Bus state is: 0
Set Net Indication Callback called
Bus state is: 0
Set Net Indication Callback called
Bus state is: 0
Set Net Indication Callback called
Bus state is: 0
Set Net Indication Callback called
Bus state is: 0
Set Net Indication Callback called
Bus state is: 0
Set Net Indication Callback called
Bus state is: 0
Set Net Indication Callback called
Bus state is: 0
Set Net Indication Callback called
Bus state is: 0
Set Net Indication Callback called
Bus state is: 0
Set Net Indication Callback called
Bus state is: 0
Set Net Indication Callback called
Bus state is: 0
Set Net Indication Callback called
Bus state is: 0
Set Net Indication Callback called
Bus state is: 0
Set Net Indication Callback called
Bus state is: 0
Set Net Indication Callback called
Bus state is: 0
Set Net Indication Callback called
Bus state is: 0
Set Net Indication Callback called
Bus state is: 0
Set Net Indication Callback called
Bus state is: 0
Set Net Indication Callback called
Bus state is: 0
Set Net Indication Callback called
Bus state is: 0
Set Net Indication Callback called
Bus state is: 0
Set Net Indication Callback called
Bus state is: 0
Set Net Indication Callback called
Bus state is: 0
Set Net Indication Callback called
Bus state is: 0
Set Net Indication Callback called
Bus state is: 0
Set Net Indication Callback called
Bus state is: 0
Set Net Indication Callback called
Bus state is: 0
Set Net Indication Callback called
Bus state is: 0
Set Net Indication Callback called
Bus state is: 0
Set Net Indication Callback called
Bus state is: 0
Set Net Indication Callback called
Bus state is: 0
Set Net Indication Callback called
Bus state is: 0
Set Net Indication Callback called
Bus state is: 0
Set Net Indication Callback called
Bus state is: 0
Set Net Indication Callback called
Bus state is: 0
Set Net Indication Callback called
Bus state is: 0
Set Net Indication Callback called
Bus state is: 0
Set Net Indication Callback called
Bus state is: 0
Set Net Indication Callback called
Bus state is: 0
Set Net Indication Callback called
Bus state is: 0
Set Net Indication Callback called
Bus state is: 0
Set Net Indication Callback called
Bus state is: 0
Set Net Indication Callback called
Bus state is: 0
Set Net Indication Callback called
Bus state is: 0
Set Net Indication Callback called
Bus state is: 0
Set Net Indication Callback called
Bus state is: 0
Set Net Indication Callback called
Bus state is: 0
Set Net Indication Callback called
Bus state is: 0
Set Net Indication Callback called
Bus state is: 0
Set Net Indication Callback called
Bus state is: 0
Set Net Indication Callback called
Bus state is: 0
Set Net Indication Callback called
Bus state is: 0
Set Net Indication Callback called
Bus state is: 0
Set Net Indication Callback called
Bus state is: 0
Set Net Indication Callback called
Bus state is: 0
Set Net Indication Callback called
Bus state is: 0
Set Net Indication Callback called
Bus state is: 0
Set Net Indication Callback called
Bus state is: 0
Set Net Indication Callback called
Bus state is: 0
Set Net Indication Callback called
Bus state is: 0
Set Net Indication Callback called
Bus state is: 0
Set Net Indication Callback called
Bus state is: 0
Set Net Indication Callback called
Bus state is: 0
Set Net Indication Callback called
Bus state is: 0
Set Net Indication Callback called
Bus state is: 0
Set Net Indication Callback called
Bus state is: 0
Set Net Indication Callback called
Bus state is: 0
Set Net Indication Callback called
Bus state is: 0
Set Net Indication Callback called
Bus state is: 0
Set Net Indication Callback called
Bus state is: 0
Set Net Indication Callback called
Bus state is: 0
Set Net Indication Callback called
Bus state is: 0
Set Net Indication Callback called
Bus state is: 0
Set Net Indication Callback called
Bus state is: 0
Set Net Indication Callback called
Bus state is: 0
Set Net Indication Callback called
Bus state is: 0
Set Net Indication Callback called
Bus state is: 0
Set Net Indication Callback called
Bus state is: 0
Set Net Indication Callback called
Bus state is: 0
Set Net Indication Callback called
Bus state is: 0
Set Net Indication Callback called
Bus state is: 0
Set Net Indication Callback called
Bus state is: 0
Set Net Indication Callback called
Bus state is: 0
Set Net Indication Callback called
Bus state is: 0
Set Net Indication Callback called
Bus state is: 0
Set Net Indication Callback called
Bus state is: 0
Set Net Indication Callback called
Bus state is: 0
Set Net Indication Callback called
Bus state is: 0
Set Net Indication Callback called
Bus state is: 0
Set Net Indication Callback called
Bus state is: 0
Set Net Indication Callback called
Bus state is: 0
Set Net Indication Callback called
Bus state is: 0
Set Net Indication Callback called
Bus state is: 0
Set Net Indication Callback called
Bus state is: 0
Set Net Indication Callback called
Bus state is: 0
Set Net Indication Callback called
Bus state is: 0
Set Net Indication Callback called
Bus state is: 0
Set Net Indication Callback called
Bus state is: 0
Set Net Indication Callback called
Bus state is: 0
Set Net Indication Callback called
Bus state is: 0
Set Net Indication Callback called
Bus state is: 0
Set Net Indication Callback called
Bus state is: 0
Set Net Indication Callback called
Bus state is: 0
Set Net Indication Callback called
Bus state is: 0
Set Net Indication Callback called
Bus state is: 0
Set Net Indication Callback called
Bus state is: 0
Set Net Indication Callback called
Bus state is: 0
Set Net Indication Callback called
Bus state is: 0
Set Net Indication Callback called
Bus state is: 0
Set Net Indication Callback called
Bus state is: 0
Set Net Indication Callback called
Bus state is: 0
Set Net Indication Callback called
Bus state is: 0
Set Net Indication Callback called
Bus state is: 0
Set Net Indication Callback called
Bus state is: 0
Set Net Indication Callback called
Bus state is: 0
Set Net Indication Callback called
Bus state is: 0
Set Net Indication Callback called
Bus state is: 0
Set Net Indication Callback called
Bus state is: 0
Set Net Indication Callback called
Bus state is: 0
Set Net Indication Callback called
Bus state is: 0
Set Net Indication Callback called
Bus state is: 0
Set Net Indication Callback called
Bus state is: 0
Set Net Indication Callback called
Bus state is: 0
Set Net Indication Callback called
Bus state is: 0
Set Net Indication Callback called
Bus state is: 0
Set Net Indication Callback called
Bus state is: 0
Set Net Indication Callback called
Bus state is: 0
Set Net Indication Callback called
Bus state is: 0
Set Net Indication Callback called
Bus state is: 0
Set Net Indication Callback called
Bus state is: 0
Set Net Indication Callback called
Bus state is: 0
Set Net Indication Callback called
Bus state is: 0
Set Net Indication Callback called
Bus state is: 0
Set Net Indication Callback called
Bus state is: 0
Set Net Indication Callback called
Bus state is: 0
Set Net Indication Callback called
Bus state is: 0
Set Net Indication Callback called
Bus state is: 0
Set Net Indication Callback called
Bus state is: 0
Set Net Indication Callback called
Bus state is: 0
Set Net Indication Callback called
Bus state is: 0
Set Net Indication Callback called
Bus state is: 0
Set Net Indication Callback called
Bus state is: 0
Set Net Indication Callback called
Bus state is: 0
Set Net Indication Callback called
Bus state is: 0
Set Net Indication Callback called
Bus state is: 0
Set Net Indication Callback called
Bus state is: 0
Set Net Indication Callback called
Bus state is: 0
Set Net Indication Callback called
Bus state is: 0
Set Net Indication Callback called
Bus state is: 0
Set Net Indication Callback called
Bus state is: 0
Set Net Indication Callback called
Bus state is: 0
Set Net Indication Callback called
Bus state is: 0
Set Net Indication Callback called
Bus state is: 0
Set Net Indication Callback called
Bus state is: 0
Set Net Indication Callback called
Bus state is: 0
Set Net Indication Callback called
Bus state is: 0
Set Net Indication Callback called
Bus state is: 0
Set Net Indication Callback called
Bus state is: 0
Set Net Indication Callback called
Bus state is: 0
Set Net Indication Callback called
Bus state is: 0
Set Net Indication Callback called
Bus state is: 0
Set Net Indication Callback called
Bus state is: 0
Set Net Indication Callback called
Bus state is: 0
Set Net Indication Callback called
Bus state is: 0
Set Net Indication Callback called
Bus state is: 0
Set Net Indication Callback called
Bus state is: 0
Set Net Indication Callback called
Bus state is: 0
Set Net Indication Callback called
Bus state is: 0
Set Net Indication Callback called
Bus state is: 0
Set Net Indication Callback called
Bus state is: 0
Set Net Indication Callback called
Bus state is: 0
Set Net Indication Callback called
Bus state is: 0
Set Net Indication Callback called
Bus state is: 0
Set Net Indication Callback called
Bus state is: 0
Set Net Indication Callback called
Bus state is: 0
Set Net Indication Callback called
Bus state is: 0
Set Net Indication Callback called
Bus state is: 0
Set Net Indication Callback called
Bus state is: 0
Set Net Indication Callback called
Bus state is: 0
Set Net Indication Callback called
Bus state is: 0
Set Net Indication Callback called
Bus state is: 0
Set Net Indication Callback called
Bus state is: 0
Set Net Indication Callback called
Bus state is: 0
Set Net Indication Callback called
Bus state is: 0
Set Net Indication Callback called
Bus state is: 0
Set Net Indication Callback called
Bus state is: 0
Set Net Indication Callback called
Bus state is: 0
Set Net Indication Callback called
Bus state is: 0
Set Net Indication Callback called
Bus state is: 0
Set Net Indication Callback called
Bus state is: 0
Set Net Indication Callback called
Bus state is: 0
Set Net Indication Callback called
Bus state is: 0
Set Net Indication Callback called
Bus state is: 0
Set Net Indication Callback called
Bus state is: 0
Set Net Indication Callback called
Bus state is: 0
Set Net Indication Callback called
Bus state is: 0
Set Net Indication Callback called
Bus state is: 0
Set Net Indication Callback called
Bus state is: 0
Set Net Indication Callback called
Bus state is: 0
Set Net Indication Callback called
Bus state is: 0
Set Net Indication Callback called
Bus state is: 0
Set Net Indication Callback called
Bus state is: 0
Set Net Indication Callback called
Bus state is: 0
Set Net Indication Callback called
Bus state is: 0
Set Net Indication Callback called
Bus state is: 0
Set Net Indication Callback called
Bus state is: 0
Set Net Indication Callback called
Bus state is: 0
Set Net Indication Callback called
Bus state is: 0
Set Net Indication Callback called
Bus state is: 0
Set Net Indication Callback called
Bus state is: 0
Set Net Indication Callback called
Bus state is: 0
Set Net Indication Callback called
Bus state is: 0
Set Net Indication Callback called
Bus state is: 0
Set Net Indication Callback called
Bus state is: 0
Set Net Indication Callback called
Bus state is: 0
Set Net Indication Callback called
Bus state is: 0
Set Net Indication Callback called
Bus state is: 0
Set Net Indication Callback called
Bus state is: 0
Set Net Indication Callback called
Bus state is: 0
Set Net Indication Callback called
Bus state is: 0
Set Net Indication Callback called
Bus state is: 0
Set Net Indication Callback called
Bus state is: 0
Set Net Indication Callback called
Bus state is: 0
Set Net Indication Callback called
Bus state is: 0
Set Net Indication Callback called
Bus state is: 0
Set Net Indication Callback called
Bus state is: 0
Set Net Indication Callback called
Bus state is: 0
Set Net Indication Callback called
Bus state is: 0
Set Net Indication Callback called
Bus state is: 0
Set Net Indication Callback called
Bus state is: 0
Set Net Indication Callback called
Bus state is: 0
Set Net Indication Callback called
Bus state is: 0
Set Net Indication Callback called
Bus state is: 0
Set Net Indication Callback called
Bus state is: 0
Set Net Indication Callback called
Bus state is: 0
Set Net Indication Callback called
Bus state is: 0
Set Net Indication Callback called
Bus state is: 0
Set Net Indication Callback called
Bus state is: 0
Set Net Indication Callback called
Bus state is: 0
Set Net Indication Callback called
Bus state is: 0
Set Net Indication Callback called
Bus state is: 0
Set Net Indication Callback called
Bus state is: 0
Set Net Indication Callback called
Bus state is: 0
Set Net Indication Callback called
Bus state is: 0
Set Net Indication Callback called
Bus state is: 0
Set Net Indication Callback called
Bus state is: 0
Set Net Indication Callback called
Bus state is: 0
Set Net Indication Callback called
Bus state is: 0
Set Net Indication Callback called
Bus state is: 0
Set Net Indication Callback called
Bus state is: 0
Set Net Indication Callback called
Bus state is: 0
Set Net Indication Callback called
Bus state is: 0
Set Net Indication Callback called
Bus state is: 0
Set Net Indication Callback called
Bus state is: 0
Set Net Indication Callback called
Bus state is: 0
Set Net Indication Callback called
Bus state is: 0
Set Net Indication Callback called
Bus state is: 0
Set Net Indication Callback called
Bus state is: 0
Set Net Indication Callback called
Bus state is: 0
Set Net Indication Callback called
Bus state is: 0
Set Net Indication Callback called
Bus state is: 0
Set Net Indication Callback called
Bus state is: 0
Set Net Indication Callback called
Bus state is: 0
Set Net Indication Callback called
Bus state is: 0
Set Net Indication Callback called
Bus state is: 0
Set Net Indication Callback called
Bus state is: 0
Set Net Indication Callback called
Bus state is: 0
Set Net Indication Callback called
Bus state is: 0
Set Net Indication Callback called
Bus state is: 0
Set Net Indication Callback called
Bus state is: 0
Set Net Indication Callback called
Bus state is: 0
Set Net Indication Callback called
Bus state is: 0
Set Net Indication Callback called
Bus state is: 0
Set Net Indication Callback called
Bus state is: 0
Set Net Indication Callback called
Bus state is: 0
Set Net Indication Callback called
Bus state is: 0
Set Net Indication Callback called
Bus state is: 0
Set Net Indication Callback called
Bus state is: 0
Set Net Indication Callback called
Bus state is: 0
Set Net Indication Callback called
Bus state is: 0
Set Net Indication Callback called
Bus state is: 0
Set Net Indication Callback called
Bus state is: 0
Set Net Indication Callback called
Bus state is: 0
Set Net Indication Callback called
Bus state is: 0
Set Net Indication Callback called
Bus state is: 0
Set Net Indication Callback called
Bus state is: 0
Set Net Indication Callback called
Bus state is: 0
Set Net Indication Callback called
Bus state is: 0
Set Net Indication Callback called
Bus state is: 0
Set Net Indication Callback called
Bus state is: 0
Set Net Indication Callback called
Bus state is: 0
Set Net Indication Callback called
Bus state is: 0
Set Net Indication Callback called
Bus state is: 0
Set Net Indication Callback called
Bus state is: 0
Set Net Indication Callback called
Bus state is: 0
Set Net Indication Callback called
Bus state is: 0
Set Net Indication Callback called
Bus state is: 0
Set Net Indication Callback called
Bus state is: 0
Set Net Indication Callback called
Bus state is: 0
Set Net Indication Callback called
Bus state is: 0
Set Net Indication Callback called
Bus state is: 0
Set Net Indication Callback called
Bus state is: 0
Set Net Indication Callback called
Bus state is: 0
Set Net Indication Callback called
Bus state is: 0
Set Net Indication Callback called
Bus state is: 0
Set Net Indication Callback called
Bus state is: 0
Set Net Indication Callback called
Bus state is: 0
Set Net Indication Callback called
Bus state is: 0
Set Net Indication Callback called
Bus state is: 0
Set Net Indication Callback called
Bus state is: 0
Set Net Indication Callback called
Bus state is: 0
Set Net Indication Callback called
Bus state is: 0
Set Net Indication Callback called
Bus state is: 0
Set Net Indication Callback called
Bus state is: 0
Set Net Indication Callback called
Bus state is: 0
Set Net Indication Callback called
Bus state is: 0
Set Net Indication Callback called
Bus state is: 0
Set Net Indication Callback called
Bus state is: 0
Set Net Indication Callback called
Bus state is: 0
Set Net Indication Callback called
Bus state is: 0
Set Net Indication Callback called
Bus state is: 0
Set Net Indication Callback called
Bus state is: 0
Set Net Indication Callback called
Bus state is: 0
Set Net Indication Callback called
Bus state is: 0
Set Net Indication Callback called
Bus state is: 0
Set Net Indication Callback called
Bus state is: 0
Set Net Indication Callback called
Bus state is: 0
Set Net Indication Callback called
Bus state is: 0
Set Net Indication Callback called
Bus state is: 0
Set Net Indication Callback called
Bus state is: 0
Set Net Indication Callback called
Bus state is: 0
Set Net Indication Callback called
Bus state is: 0
Set Net Indication Callback called
Bus state is: 0
Set Net Indication Callback called
Bus state is: 0
Set Net Indication Callback called
Bus state is: 0
Set Net Indication Callback called
Bus state is: 0
Set Net Indication Callback called
Bus state is: 0
Set Net Indication Callback called
Bus state is: 0
Set Net Indication Callback called
Bus state is: 0
Set Net Indication Callback called
Bus state is: 0
Set Net Indication Callback called
Bus state is: 0
Set Net Indication Callback called
Bus state is: 0
Set Net Indication Callback called
Bus state is: 0
Set Net Indication Callback called
Bus state is: 0
Set Net Indication Callback called
Bus state is: 0
Set Net Indication Callback called
Bus state is: 0
Set Net Indication Callback called
Bus state is: 0
Set Net Indication Callback called
Bus state is: 0
Set Net Indication Callback called
Bus state is: 0
Set Net Indication Callback called
Bus state is: 0
Set Net Indication Callback called
Bus state is: 0
Set Net Indication Callback called
Bus state is: 0
Set Net Indication Callback called
Bus state is: 0
Set Net Indication Callback called
Bus state is: 0
Set Net Indication Callback called
Bus state is: 0
Set Net Indication Callback called
Bus state is: 0
Set Net Indication Callback called
Bus state is: 0
Set Net Indication Callback called
Bus state is: 0
Set Net Indication Callback called
Bus state is: 0
Set Net Indication Callback called
Bus state is: 0
Set Net Indication Callback called
Bus state is: 0
Set Net Indication Callback called
Bus state is: 0
Set Net Indication Callback called
Bus state is: 0
Set Net Indication Callback called
Bus state is: 0
Set Net Indication Callback called
Bus state is: 0
Set Net Indication Callback called
Bus state is: 0
Set Net Indication Callback called
Bus state is: 0
Set Net Indication Callback called
Bus state is: 0
Set Net Indication Callback called
Bus state is: 0
Set Net Indication Callback called
Bus state is: 0
Set Net Indication Callback called
Bus state is: 0
Set Net Indication Callback called
Bus state is: 0
Set Net Indication Callback called
Bus state is: 0
Set Net Indication Callback called
Bus state is: 0
Set Net Indication Callback called
Bus state is: 0
Set Net Indication Callback called
Bus state is: 0
Set Net Indication Callback called
Bus state is: 0
Set Net Indication Callback called
Bus state is: 0
Set Net Indication Callback called
Bus state is: 0
Set Net Indication Callback called
Bus state is: 0
Set Net Indication Callback called
Bus state is: 0
Set Net Indication Callback called
Bus state is: 0
Set Net Indication Callback called
Bus state is: 0
Set Net Indication Callback called
Bus state is: 0
Set Net Indication Callback called
Bus state is: 0
Set Net Indication Callback called
Bus state is: 0
Set Net Indication Callback called
Bus state is: 0
Set Net Indication Callback called
Bus state is: 0
Set Net Indication Callback called
Bus state is: 0
Set Net Indication Callback called
Bus state is: 0
Set Net Indication Callback called
Bus state is: 0
Set Net Indication Callback called
Bus state is: 0
Set Net Indication Callback called
Bus state is: 0
Set Net Indication Callback called
Bus state is: 0
Set Net Indication Callback called
Bus state is: 0
Set Net Indication Callback called
Bus state is: 0
Set Net Indication Callback called
Bus state is: 0
Set Net Indication Callback called
Bus state is: 0
Set Net Indication Callback called
Bus state is: 0
Set Net Indication Callback called
Bus state is: 0
Set Net Indication Callback called
Bus state is: 0
Set Net Indication Callback called
Bus state is: 0
Set Net Indication Callback called
Bus state is: 0
Set Net Indication Callback called
Bus state is: 0
Set Net Indication Callback called
Bus state is: 0
Set Net Indication Callback called
Bus state is: 0
Set Net Indication Callback called
Bus state is: 0
Set Net Indication Callback called
Bus state is: 0
Set Net Indication Callback called
Bus state is: 0
Set Net Indication Callback called
Bus state is: 0
Set Net Indication Callback called
Bus state is: 0
Set Net Indication Callback called
Bus state is: 0
Set Net Indication Callback called
Bus state is: 0
Set Net Indication Callback called
Bus state is: 0
Set Net Indication Callback called
Bus state is: 0
Set Net Indication Callback called
Bus state is: 0
Set Net Indication Callback called
Bus state is: 0
Set Net Indication Callback called
Bus state is: 0
Set Net Indication Callback called
Bus state is: 0
Set Net Indication Callback called
Bus state is: 0
Set Net Indication Callback called
Bus state is: 0
Set Net Indication Callback called
Bus state is: 0
Set Net Indication Callback called
Bus state is: 0
Set Net Indication Callback called
Bus state is: 0
Set Net Indication Callback called
Bus state is: 0
Set Net Indication Callback called
Bus state is: 0
Set Net Indication Callback called
Bus state is: 0
Set Net Indication Callback called
Bus state is: 0
Set Net Indication Callback called
Bus state is: 0
Set Net Indication Callback called
Bus state is: 0
Set Net Indication Callback called
Bus state is: 0
Set Net Indication Callback called
Bus state is: 0
Set Net Indication Callback called
Bus state is: 0
Set Net Indication Callback called
Bus state is: 0
Set Net Indication Callback called
Bus state is: 0
Set Net Indication Callback called
Bus state is: 0
Set Net Indication Callback called
Bus state is: 0
Set Net Indication Callback called
Bus state is: 0
Set Net Indication Callback called
Bus state is: 0
Set Net Indication Callback called
Bus state is: 0
Set Net Indication Callback called
Bus state is: 0
Set Net Indication Callback called
Bus state is: 0
Set Net Indication Callback called
Bus state is: 0
Set Net Indication Callback called
Bus state is: 0
Set Net Indication Callback called
Bus state is: 0
Set Net Indication Callback called
Bus state is: 0
Set Net Indication Callback called
Bus state is: 0
Set Net Indication Callback called
Bus state is: 0
Set Net Indication Callback called
Bus state is: 0
Set Net Indication Callback called
Bus state is: 0
Set Net Indication Callback called
Bus state is: 0
Set Net Indication Callback called
Bus state is: 0
Set Net Indication Callback called
Bus state is: 0
Set Net Indication Callback called
Bus state is: 0
Set Net Indication Callback called
Bus state is: 0
Set Net Indication Callback called
Bus state is: 0
Set Net Indication Callback called
Bus state is: 0
Set Net Indication Callback called
Bus state is: 0
Set Net Indication Callback called
Bus state is: 0
Set Net Indication Callback called
Bus state is: 0
Set Net Indication Callback called
Bus state is: 0
Set Net Indication Callback called
Bus state is: 0
Set Net Indication Callback called
Bus state is: 0
Set Net Indication Callback called
Bus state is: 0
Set Net Indication Callback called
Bus state is: 0
Set Net Indication Callback called
Bus state is: 0
Set Net Indication Callback called
Bus state is: 0
Set Net Indication Callback called
Bus state is: 0
Set Net Indication Callback called
Bus state is: 0
Set Net Indication Callback called
Bus state is: 0
Set Net Indication Callback called
Bus state is: 0
Set Net Indication Callback called
Bus state is: 0
Set Net Indication Callback called
Bus state is: 0
Set Net Indication Callback called
Bus state is: 0
Set Net Indication Callback called
Bus state is: 0
Set Net Indication Callback called
Bus state is: 0
Set Net Indication Callback called
Bus state is: 0
Set Net Indication Callback called
Bus state is: 0
Set Net Indication Callback called
Bus state is: 0
Set Net Indication Callback called
Bus state is: 0
Set Net Indication Callback called
Bus state is: 0
Set Net Indication Callback called
Bus state is: 0
Set Net Indication Callback called
Bus state is: 0
Set Net Indication Callback called
Bus state is: 0
Set Net Indication Callback called
Bus state is: 0
Set Net Indication Callback called
Bus state is: 0
Set Net Indication Callback called
Bus state is: 0
Set Net Indication Callback called
Bus state is: 0
Set Net Indication Callback called
Bus state is: 0
Set Net Indication Callback called
Bus state is: 0
Set Net Indication Callback called
Bus state is: 0
Set Net Indication Callback called
Bus state is: 0
Set Net Indication Callback called
Bus state is: 0
Set Net Indication Callback called
Bus state is: 0
Set Net Indication Callback called
Bus state is: 0
Set Net Indication Callback called
Bus state is: 0
Set Net Indication Callback called
Bus state is: 0
Set Net Indication Callback called
Bus state is: 0
Set Net Indication Callback called
Bus state is: 0
Set Net Indication Callback called
Bus state is: 0
Set Net Indication Callback called
Bus state is: 0
Set Net Indication Callback called
Bus state is: 0
Set Net Indication Callback called
Bus state is: 0
Set Net Indication Callback called
Bus state is: 0
Set Net Indication Callback called
Bus state is: 0
Set Net Indication Callback called
Bus state is: 0
Set Net Indication Callback called
Bus state is: 0
Set Net Indication Callback called
Bus state is: 0
Set Net Indication Callback called
Bus state is: 0
Set Net Indication Callback called
Bus state is: 0
Set Net Indication Callback called
Bus state is: 0
Set Net Indication Callback called
Bus state is: 0
Set Net Indication Callback called
Bus state is: 0
Set Net Indication Callback called
Bus state is: 0
Set Net Indication Callback called
Bus state is: 0
Set Net Indication Callback called
Bus state is: 0
Set Net Indication Callback called
Bus state is: 0
Set Net Indication Callback called
Bus state is: 0
Set Net Indication Callback called
Bus state is: 0
Set Net Indication Callback called
Bus state is: 0
Set Net Indication Callback called
Bus state is: 0
Set Net Indication Callback called
Bus state is: 0
Set Net Indication Callback called
Bus state is: 0
Set Net Indication Callback called
Bus state is: 0
Set Net Indication Callback called
Bus state is: 0
Set Net Indication Callback called
Bus state is: 0
Set Net Indication Callback called
Bus state is: 0
Set Net Indication Callback called
Bus state is: 0
Set Net Indication Callback called
Bus state is: 0
Set Net Indication Callback called
Bus state is: 0
Set Net Indication Callback called
Bus state is: 0
Set Net Indication Callback called
Bus state is: 0
Set Net Indication Callback called
Bus state is: 0
Set Net Indication Callback called
Bus state is: 0
Set Net Indication Callback called
Bus state is: 0
Set Net Indication Callback called
Bus state is: 0
Set Net Indication Callback called
Bus state is: 0
Set Net Indication Callback called
Bus state is: 0
Set Net Indication Callback called
Bus state is: 0
Set Net Indication Callback called
Bus state is: 0
Set Net Indication Callback called
Bus state is: 0
Set Net Indication Callback called
Bus state is: 0
Set Net Indication Callback called
Bus state is: 0
Set Net Indication Callback called
Bus state is: 0
Set Net Indication Callback called
Bus state is: 0
Set Net Indication Callback called
Bus state is: 0
Set Net Indication Callback called
Bus state is: 0
Set Net Indication Callback called
Bus state is: 0
Set Net Indication Callback called
Bus state is: 0
Set Net Indication Callback called
Bus state is: 0
Set Net Indication Callback called
Bus state is: 0
Set Net Indication Callback called
Bus state is: 0
Set Net Indication Callback called
Bus state is: 0
Set Net Indication Callback called
Bus state is: 0
Set Net Indication Callback called
Bus state is: 0
Set Net Indication Callback called
Bus state is: 0
Set Net Indication Callback called
Bus state is: 0
Set Net Indication Callback called
Bus state is: 0
Set Net Indication Callback called
Bus state is: 0
Set Net Indication Callback called
Bus state is: 0
Set Net Indication Callback called
Bus state is: 0
Set Net Indication Callback called
Bus state is: 0
Set Net Indication Callback called
Bus state is: 0
Set Net Indication Callback called
Bus state is: 0
Set Net Indication Callback called
Bus state is: 0
Set Net Indication Callback called
Bus state is: 0
Set Net Indication Callback called
Bus state is: 0
Set Net Indication Callback called
Bus state is: 0
Set Net Indication Callback called
Bus state is: 0
Set Net Indication Callback called
Bus state is: 0
Set Net Indication Callback called
Bus state is: 0
Set Net Indication Callback called
Bus state is: 0
Set Net Indication Callback called
Bus state is: 0
Set Net Indication Callback called
Bus state is: 0
Set Net Indication Callback called
Bus state is: 0
Set Net Indication Callback called
Bus state is: 0
Set Net Indication Callback called
Bus state is: 0
Set Net Indication Callback called
Bus state is: 0
Set Net Indication Callback called
Bus state is: 0
Set Net Indication Callback called
Bus state is: 0
Set Net Indication Callback called
Bus state is: 0
Set Net Indication Callback called
Bus state is: 0
Set Net Indication Callback called
Bus state is: 0
Set Net Indication Callback called
Bus state is: 0
Set Net Indication Callback called
Bus state is: 0
Set Net Indication Callback called
Bus state is: 0
Set Net Indication Callback called
Bus state is: 0
Set Net Indication Callback called
Bus state is: 0
Set Net Indication Callback called
Bus state is: 0
Set Net Indication Callback called
Bus state is: 0
Set Net Indication Callback called
Bus state is: 0
Set Net Indication Callback called
Bus state is: 0
Set Net Indication Callback called
Bus state is: 0
Set Net Indication Callback called
Bus state is: 0
Set Net Indication Callback called
Bus state is: 0
Set Net Indication Callback called
Bus state is: 0
Set Net Indication Callback called
Bus state is: 0
Set Net Indication Callback called
Bus state is: 0
Set Net Indication Callback called
Bus state is: 0
Set Net Indication Callback called
Bus state is: 0
Set Net Indication Callback called
Bus state is: 0
Set Net Indication Callback called
Bus state is: 0
Set Net Indication Callback called
Bus state is: 0
Set Net Indication Callback called
Bus state is: 0
Set Net Indication Callback called
Bus state is: 0
Set Net Indication Callback called
Bus state is: 0
Set Net Indication Callback called
Bus state is: 0
Set Net Indication Callback called
Bus state is: 0
Set Net Indication Callback called
Bus state is: 0
Set Net Indication Callback called
Bus state is: 0
Set Net Indication Callback called
Bus state is: 0
Set Net Indication Callback called
Bus state is: 0
Set Net Indication Callback called
Bus state is: 0
Set Net Indication Callback called
Bus state is: 0
Set Net Indication Callback called
Bus state is: 0
Set Net Indication Callback called
Bus state is: 0
Set Net Indication Callback called
Bus state is: 0
Set Net Indication Callback called
Bus state is: 0
Set Net Indication Callback called
Bus state is: 0
Set Net Indication Callback called
Bus state is: 0
Set Net Indication Callback called
Bus state is: 0
Set Net Indication Callback called
Bus state is: 0
Set Net Indication Callback called
Bus state is: 0
Set Net Indication Callback called
Bus state is: 0
Set Net Indication Callback called
Bus state is: 0
Set Net Indication Callback called
Bus state is: 0
Set Net Indication Callback called
Bus state is: 0
Set Net Indication Callback called
Bus state is: 0
Set Net Indication Callback called
Bus state is: 0
Set Net Indication Callback called
Bus state is: 0
Set Net Indication Callback called
Bus state is: 0
Set Net Indication Callback called
Bus state is: 0
Set Net Indication Callback called
Bus state is: 0
Set Net Indication Callback called
Bus state is: 0
Set Net Indication Callback called
Bus state is: 0
Set Net Indication Callback called
Bus state is: 0
Set Net Indication Callback called
Bus state is: 0
Set Net Indication Callback called
Bus state is: 0
Set Net Indication Callback called
Bus state is: 0
Set Net Indication Callback called
Bus state is: 0
Set Net Indication Callback called
Bus state is: 0
Set Net Indication Callback called
Bus state is: 0
Set Net Indication Callback called
Bus state is: 0
Set Net Indication Callback called
Bus state is: 0
Set Net Indication Callback called
Bus state is: 0
Set Net Indication Callback called
Bus state is: 0
Set Net Indication Callback called
Bus state is: 0
Set Net Indication Callback called
Bus state is: 0
Set Net Indication Callback called
Bus state is: 0
Set Net Indication Callback called
Bus state is: 0
Set Net Indication Callback called
Bus state is: 0
Set Net Indication Callback called
Bus state is: 0
Set Net Indication Callback called
Bus state is: 0
Set Net Indication Callback called
Bus state is: 0
Set Net Indication Callback called
Bus state is: 0
Set Net Indication Callback called
Bus state is: 0
Set Net Indication Callback called
Bus state is: 0
Set Net Indication Callback called
Bus state is: 0
Set Net Indication Callback called
Bus state is: 0
Set Net Indication Callback called
Bus state is: 0
Set Net Indication Callback called
Bus state is: 0
Set Net Indication Callback called
Bus state is: 0
Set Net Indication Callback called
Bus state is: 0
Set Net Indication Callback called
Bus state is: 0
Set Net Indication Callback called
Bus state is: 0
Set Net Indication Callback called
Bus state is: 0
Set Net Indication Callback called
Bus state is: 0
Set Net Indication Callback called
Bus state is: 0
Set Net Indication Callback called
Bus state is: 0
Set Net Indication Callback called
Bus state is: 0
Set Net Indication Callback called
Bus state is: 0
Set Net Indication Callback called
Bus state is: 0
Set Net Indication Callback called
Bus state is: 0
Set Net Indication Callback called
Bus state is: 0
Set Net Indication Callback called
Bus state is: 0
Set Net Indication Callback called
Bus state is: 0
Set Net Indication Callback called
Bus state is: 0
Set Net Indication Callback called
Bus state is: 0
Set Net Indication Callback called
Bus state is: 0
Set Net Indication Callback called
Bus state is: 0
Set Net Indication Callback called
Bus state is: 0
Set Net Indication Callback called
Bus state is: 0
Set Net Indication Callback called
Bus state is: 0
Set Net Indication Callback called
Bus state is: 0
Set Net Indication Callback called
Bus state is: 0
Set Net Indication Callback called
Bus state is: 0
Set Net Indication Callback called
Bus state is: 0
Set Net Indication Callback called
Bus state is: 0
Set Net Indication Callback called
Bus state is: 0
Set Net Indication Callback called
Bus state is: 0
Set Net Indication Callback called
Bus state is: 0
Set Net Indication Callback called
Bus state is: 0
Set Net Indication Callback called
Bus state is: 0
Set Net Indication Callback called
Bus state is: 0
Set Net Indication Callback called
Bus state is: 0
Set Net Indication Callback called
Bus state is: 0
Set Net Indication Callback called
Bus state is: 0
Set Net Indication Callback called
Bus state is: 0
Set Net Indication Callback called
Bus state is: 0
Set Net Indication Callback called
Bus state is: 0
Set Net Indication Callback called
Bus state is: 0
Set Net Indication Callback called
Bus state is: 0
Set Net Indication Callback called
Bus state is: 0
Set Net Indication Callback called
Bus state is: 0
Set Net Indication Callback called
Bus state is: 0
Set Net Indication Callback called
Bus state is: 0
Set Net Indication Callback called
Bus state is: 0
Set Net Indication Callback called
Bus state is: 0
Set Net Indication Callback called
Bus state is: 0
Set Net Indication Callback called
Bus state is: 0
Set Net Indication Callback called
Bus state is: 0
Set Net Indication Callback called
Bus state is: 0
Set Net Indication Callback called
Bus state is: 0
Set Net Indication Callback called
Bus state is: 0
Set Net Indication Callback called
Bus state is: 0
Set Net Indication Callback called
Bus state is: 0
Set Net Indication Callback called
Bus state is: 0
Set Net Indication Callback called
Bus state is: 0
Set Net Indication Callback called
Bus state is: 0
Set Net Indication Callback called
Bus state is: 0
Set Net Indication Callback called
Bus state is: 0
Set Net Indication Callback called
Bus state is: 0
Set Net Indication Callback called
Bus state is: 0
Set Net Indication Callback called
Bus state is: 0
Set Net Indication Callback called
Bus state is: 0
Set Net Indication Callback called
Bus state is: 0
Set Net Indication Callback called
Bus state is: 0
Set Net Indication Callback called
Bus state is: 0
Set Net Indication Callback called
Bus state is: 0
Set Net Indication Callback called
Bus state is: 0
Set Net Indication Callback called
Bus state is: 0
Set Net Indication Callback called
Bus state is: 0
Set Net Indication Callback called
Bus state is: 0
Set Net Indication Callback called
Bus state is: 0
Set Net Indication Callback called
Bus state is: 0
Set Net Indication Callback called
Bus state is: 0
Set Net Indication Callback called
Bus state is: 0
Set Net Indication Callback called
Bus state is: 0
Set Net Indication Callback called
Bus state is: 0
Set Net Indication Callback called
Bus state is: 0
Set Net Indication Callback called
Bus state is: 0
Set Net Indication Callback called
Bus state is: 0
Set Net Indication Callback called
Bus state is: 0
Set Net Indication Callback called
Bus state is: 0
Set Net Indication Callback called
Bus state is: 0
Set Net Indication Callback called
Bus state is: 0
Set Net Indication Callback called
Bus state is: 0
Set Net Indication Callback called
Bus state is: 0
Set Net Indication Callback called
Bus state is: 0
Set Net Indication Callback called
Bus state is: 0
Set Net Indication Callback called
Bus state is: 0
Set Net Indication Callback called
Bus state is: 0
Set Net Indication Callback called
Bus state is: 0
Set Net Indication Callback called
Bus state is: 0
Set Net Indication Callback called
Bus state is: 0
Set Net Indication Callback called
Bus state is: 0
Set Net Indication Callback called
Bus state is: 0
Set Net Indication Callback called
Bus state is: 0
Set Net Indication Callback called
Bus state is: 0
Set Net Indication Callback called
Bus state is: 0
Set Net Indication Callback called
Bus state is: 0
Set Net Indication Callback called
Bus state is: 0
Set Net Indication Callback called
Bus state is: 0
Set Net Indication Callback called
Bus state is: 0
Set Net Indication Callback called
Bus state is: 0
Set Net Indication Callback called
Bus state is: 0
Set Net Indication Callback called
Bus state is: 0
Set Net Indication Callback called
Bus state is: 0
Set Net Indication Callback called
Bus state is: 0
Set Net Indication Callback called
Bus state is: 0
Set Net Indication Callback called
Bus state is: 0
Set Net Indication Callback called
Bus state is: 0
Set Net Indication Callback called
Bus state is: 0
Set Net Indication Callback called
Bus state is: 0
Set Net Indication Callback called
Bus state is: 0
Set Net Indication Callback called
Bus state is: 0
Set Net Indication Callback called
Bus state is: 0
Set Net Indication Callback called
Bus state is: 0
Set Net Indication Callback called
Bus state is: 0
Set Net Indication Callback called
Bus state is: 0
Set Net Indication Callback called
Bus state is: 0
Set Net Indication Callback called
Bus state is: 0
Set Net Indication Callback called
Bus state is: 0
Set Net Indication Callback called
Bus state is: 0
Set Net Indication Callback called
Bus state is: 0
Set Net Indication Callback called
Bus state is: 0
Set Net Indication Callback called
Bus state is: 0
Set Net Indication Callback called
Bus state is: 0
Set Net Indication Callback called
Bus state is: 0
Set Net Indication Callback called
Bus state is: 0
Set Net Indication Callback called
Bus state is: 0
Set Net Indication Callback called
Bus state is: 0
Set Net Indication Callback called
Bus state is: 0
Set Net Indication Callback called
Bus state is: 0
Set Net Indication Callback called
Bus state is: 0
Set Net Indication Callback called
Bus state is: 0
Set Net Indication Callback called
Bus state is: 0
Set Net Indication Callback called
Bus state is: 0
Set Net Indication Callback called
Bus state is: 0
Set Net Indication Callback called
Bus state is: 0
Set Net Indication Callback called
Bus state is: 0
Set Net Indication Callback called
Bus state is: 0
Set Net Indication Callback called
Bus state is: 0
Set Net Indication Callback called
Bus state is: 0
Set Net Indication Callback called
Bus state is: 0
Set Net Indication Callback called
Bus state is: 0
Set Net Indication Callback called
Bus state is: 0
Set Net Indication Callback called
Bus state is: 0
Set Net Indication Callback called
Bus state is: 0
Set Net Indication Callback called
Bus state is: 0
Set Net Indication Callback called
Bus state is: 0
Set Net Indication Callback called
Bus state is: 0
Set Net Indication Callback called
Bus state is: 0
Set Net Indication Callback called
Bus state is: 0
Set Net Indication Callback called
Bus state is: 0
Set Net Indication Callback called
Bus state is: 0
Set Net Indication Callback called
Bus state is: 0
Set Net Indication Callback called
Bus state is: 0
Set Net Indication Callback called
Bus state is: 0
Set Net Indication Callback called
Bus state is: 0
Set Net Indication Callback called
Bus state is: 0
Set Net Indication Callback called
Bus state is: 0
Set Net Indication Callback called
Bus state is: 0
Set Net Indication Callback called
Bus state is: 0
Set Net Indication Callback called
Bus state is: 0
Set Net Indication Callback called
Bus state is: 0
Set Net Indication Callback called
Bus state is: 0
Set Net Indication Callback called
Bus state is: 0
Set Net Indication Callback called
Bus state is: 0
Set Net Indication Callback called
Bus state is: 0
Set Net Indication Callback called
Bus state is: 0
Set Net Indication Callback called
Bus state is: 0
Set Net Indication Callback called
Bus state is: 0
Set Net Indication Callback called
Bus state is: 0
Set Net Indication Callback called
Bus state is: 0
Set Net Indication Callback called
Bus state is: 0
Set Net Indication Callback called
Bus state is: 0
Set Net Indication Callback called
Bus state is: 0
Set Net Indication Callback called
Bus state is: 0
Set Net Indication Callback called
Bus state is: 0
Set Net Indication Callback called
Bus state is: 0
Set Net Indication Callback called
Bus state is: 0
Set Net Indication Callback called
Bus state is: 0
Set Net Indication Callback called
Bus state is: 0
Set Net Indication Callback called
Bus state is: 0
Set Net Indication Callback called
Bus state is: 0
Set Net Indication Callback called
Bus state is: 0
Set Net Indication Callback called
Bus state is: 0
Set Net Indication Callback called
Bus state is: 0
Set Net Indication Callback called
Bus state is: 0
Set Net Indication Callback called
Bus state is: 0
Set Net Indication Callback called
Bus state is: 0
Set Net Indication Callback called
Bus state is: 0
Set Net Indication Callback called
Bus state is: 0
Set Net Indication Callback called
Bus state is: 0
Set Net Indication Callback called
Bus state is: 0
Set Net Indication Callback called
Bus state is: 0
Set Net Indication Callback called
Bus state is: 0
Set Net Indication Callback called
Bus state is: 0
Set Net Indication Callback called
Bus state is: 0
Set Net Indication Callback called
Bus state is: 0
Set Net Indication Callback called
Bus state is: 0
Set Net Indication Callback called
Bus state is: 0
Set Net Indication Callback called
Bus state is: 0
Set Net Indication Callback called
Bus state is: 0
Set Net Indication Callback called
Bus state is: 0
Set Net Indication Callback called
Bus state is: 0
Set Net Indication Callback called
Bus state is: 0
Set Net Indication Callback called
Bus state is: 0
Set Net Indication Callback called
Bus state is: 0
Set Net Indication Callback called
Bus state is: 0
Set Net Indication Callback called
Bus state is: 0
Set Net Indication Callback called
Bus state is: 0
Set Net Indication Callback called
Bus state is: 0
Set Net Indication Callback called
Bus state is: 0
Set Net Indication Callback called
Bus state is: 0
Set Net Indication Callback called
Bus state is: 0
Set Net Indication Callback called
Bus state is: 0
Set Net Indication Callback called
Bus state is: 0
Set Net Indication Callback called
Bus state is: 0
Set Net Indication Callback called
Bus state is: 0
Set Net Indication Callback called
Bus state is: 0
Set Net Indication Callback called
Bus state is: 0
Set Net Indication Callback called
Bus state is: 0
Set Net Indication Callback called
Bus state is: 0
Set Net Indication Callback called
Bus state is: 0
Set Net Indication Callback called
Bus state is: 0
Set Net Indication Callback called
Bus state is: 0
Set Net Indication Callback called
Bus state is: 0
Set Net Indication Callback called
Bus state is: 0
Set Net Indication Callback called
Bus state is: 0
Set Net Indication Callback called
Bus state is: 0
Set Net Indication Callback called
Bus state is: 0
Set Net Indication Callback called
Bus state is: 0
Set Net Indication Callback called
Bus state is: 0
Set Net Indication Callback called
Bus state is: 0
Set Net Indication Callback called
Bus state is: 0
Set Net Indication Callback called
Bus state is: 0
Set Net Indication Callback called
Bus state is: 0
Set Net Indication Callback called
Bus state is: 0
Set Net Indication Callback called
Bus state is: 0
Set Net Indication Callback called
Bus state is: 0
Set Net Indication Callback called
Bus state is: 0
Set Net Indication Callback called
Bus state is: 0
Set Net Indication Callback called
Bus state is: 0
Set Net Indication Callback called
Bus state is: 0
Set Net Indication Callback called
Bus state is: 0
Set Net Indication Callback called
Bus state is: 0
Set Net Indication Callback called
Bus state is: 0
Set Net Indication Callback called
Bus state is: 0
Set Net Indication Callback called
Bus state is: 0
Set Net Indication Callback called
Bus state is: 0
Set Net Indication Callback called
Bus state is: 0
Set Net Indication Callback called
Bus state is: 0
Set Net Indication Callback called
Bus state is: 0
Set Net Indication Callback called
Bus state is: 0
Set Net Indication Callback called
Bus state is: 0
Set Net Indication Callback called
Bus state is: 0
Set Net Indication Callback called
Bus state is: 0
Set Net Indication Callback called
Bus state is: 0
Set Net Indication Callback called
Bus state is: 0
Set Net Indication Callback called
Bus state is: 0
Set Net Indication Callback called
Bus state is: 0
Set Net Indication Callback called
Bus state is: 0
Set Net Indication Callback called
Bus state is: 0
Set Net Indication Callback called
Bus state is: 0
Set Net Indication Callback called
Bus state is: 0
Set Net Indication Callback called
Bus state is: 0
Set Net Indication Callback called
Bus state is: 0
Set Net Indication Callback called
Bus state is: 0
Set Net Indication Callback called
Bus state is: 0
Set Net Indication Callback called
Bus state is: 0
Set Net Indication Callback called
Bus state is: 0
Set Net Indication Callback called
Bus state is: 0
Set Net Indication Callback called
Bus state is: 0
Set Net Indication Callback called
Bus state is: 0
Set Net Indication Callback called
Bus state is: 0
Set Net Indication Callback called
Bus state is: 0
Set Net Indication Callback called
Bus state is: 0
Set Net Indication Callback called
Bus state is: 0
Set Net Indication Callback called
Bus state is: 0
Set Net Indication Callback called
Bus state is: 0
Set Net Indication Callback called
Bus state is: 0
Set Net Indication Callback called
Bus state is: 0
Set Net Indication Callback called
Bus state is: 0
Set Net Indication Callback called
Bus state is: 0
Set Net Indication Callback called
Bus state is: 0
Set Net Indication Callback called
Bus state is: 0
Set Net Indication Callback called
Bus state is: 0
Set Net Indication Callback called
Bus state is: 0
Set Net Indication Callback called
Bus state is: 0
Set Net Indication Callback called
Bus state is: 0
Set Net Indication Callback called
Bus state is: 0
Set Net Indication Callback called
Bus state is: 0
Set Net Indication Callback called
Bus state is: 0
Set Net Indication Callback called
Bus state is: 0
Set Net Indication Callback called
Bus state is: 0
Set Net Indication Callback called
Bus state is: 0
Set Net Indication Callback called
Bus state is: 0
Set Net Indication Callback called
Bus state is: 0
Set Net Indication Callback called
Bus state is: 0
Set Net Indication Callback called
Bus state is: 0
Set Net Indication Callback called
Bus state is: 0
Set Net Indication Callback called
Bus state is: 0
Set Net Indication Callback called
Bus state is: 0
Set Net Indication Callback called
Bus state is: 0
Set Net Indication Callback called
Bus state is: 0
Set Net Indication Callback called
Bus state is: 0
Set Net Indication Callback called
Bus state is: 0
Set Net Indication Callback called
Bus state is: 0
Set Net Indication Callback called
Bus state is: 0
Set Net Indication Callback called
Bus state is: 0
Set Net Indication Callback called
Bus state is: 0
Set Net Indication Callback called
Bus state is: 0
Set Net Indication Callback called
Bus state is: 0
Set Net Indication Callback called
Bus state is: 0
Set Net Indication Callback called
Bus state is: 0
Set Net Indication Callback called
Bus state is: 0
Set Net Indication Callback called
Bus state is: 0
Set Net Indication Callback called
Bus state is: 0
Set Net Indication Callback called
Bus state is: 0
Set Net Indication Callback called
Bus state is: 0
Set Net Indication Callback called
Bus state is: 0
Set Net Indication Callback called
Bus state is: 0
Set Net Indication Callback called
Bus state is: 0
Set Net Indication Callback called
Bus state is: 0
Set Net Indication Callback called
Bus state is: 0
Set Net Indication Callback called
Bus state is: 0
Set Net Indication Callback called
Bus state is: 0
Set Net Indication Callback called
Bus state is: 0
Set Net Indication Callback called
Bus state is: 0
Set Net Indication Callback called
Bus state is: 0
Set Net Indication Callback called
Bus state is: 0
Set Net Indication Callback called
Bus state is: 0
Set Net Indication Callback called
Bus state is: 0
Set Net Indication Callback called
Bus state is: 0
Set Net Indication Callback called
Bus state is: 0
Set Net Indication Callback called
Bus state is: 0
Set Net Indication Callback called
Bus state is: 0
Set Net Indication Callback called
Bus state is: 0
Set Net Indication Callback called
Bus state is: 0
Set Net Indication Callback called
Bus state is: 0
Set Net Indication Callback called
Bus state is: 0
Set Net Indication Callback called
Bus state is: 0
Set Net Indication Callback called
Bus state is: 0
Set Net Indication Callback called
Bus state is: 0
Set Net Indication Callback called
Bus state is: 0
Set Net Indication Callback called
Bus state is: 0
Set Net Indication Callback called
Bus state is: 0
Set Net Indication Callback called
Bus state is: 0
Set Net Indication Callback called
Bus state is: 0
Set Net Indication Callback called
Bus state is: 0
Set Net Indication Callback called
Bus state is: 0
Set Net Indication Callback called
Bus state is: 0
Set Net Indication Callback called
Bus state is: 0
Set Net Indication Callback called
Bus state is: 0
Set Net Indication Callback called
Bus state is: 0
Set Net Indication Callback called
Bus state is: 0
Set Net Indication Callback called
Bus state is: 0
Set Net Indication Callback called
Bus state is: 0
Set Net Indication Callback called
Bus state is: 0
Set Net Indication Callback called
Bus state is: 0
Set Net Indication Callback called
Bus state is: 0
Set Net Indication Callback called
Bus state is: 0
Set Net Indication Callback called
Bus state is: 0
Set Net Indication Callback called
Bus state is: 0
Set Net Indication Callback called
Bus state is: 0
Set Net Indication Callback called
Bus state is: 0
Set Net Indication Callback called
Bus state is: 0
Set Net Indication Callback called
Bus state is: 0
Set Net Indication Callback called
Bus state is: 0
Set Net Indication Callback called
Bus state is: 0
Set Net Indication Callback called
Bus state is: 0
Set Net Indication Callback called
Bus state is: 0
Set Net Indication Callback called
Bus state is: 0
Set Net Indication Callback called
Bus state is: 0
Set Net Indication Callback called
Bus state is: 0
Set Net Indication Callback called
Bus state is: 0
Set Net Indication Callback called
Bus state is: 0
Set Net Indication Callback called
Bus state is: 0
Set Net Indication Callback called
Bus state is: 0
Set Net Indication Callback called
Bus state is: 0
Set Net Indication Callback called
Bus state is: 0
Set Net Indication Callback called
Bus state is: 0
Set Net Indication Callback called
Bus state is: 0
Set Net Indication Callback called
Bus state is: 0
Set Net Indication Callback called
Bus state is: 0
Set Net Indication Callback called
Bus state is: 0
Set Net Indication Callback called
Bus state is: 0
Set Net Indication Callback called
Bus state is: 0
Set Net Indication Callback called
Bus state is: 0
Set Net Indication Callback called
Bus state is: 0
Set Net Indication Callback called
Bus state is: 0
Set Net Indication Callback called
Bus state is: 0
Set Net Indication Callback called
Bus state is: 0
Set Net Indication Callback called
Bus state is: 0
Set Net Indication Callback called
Bus state is: 0
Set Net Indication Callback called
Bus state is: 0
Set Net Indication Callback called
Bus state is: 0
Set Net Indication Callback called
Bus state is: 0
Set Net Indication Callback called
Bus state is: 0
Set Net Indication Callback called
Bus state is: 0
Set Net Indication Callback called
Bus state is: 0
Set Net Indication Callback called
Bus state is: 0
Set Net Indication Callback called
Bus state is: 0
Set Net Indication Callback called
Bus state is: 0
Set Net Indication Callback called
Bus state is: 0
Set Net Indication Callback called
Bus state is: 0
Set Net Indication Callback called
Bus state is: 0
Set Net Indication Callback called
Bus state is: 0
Set Net Indication Callback called
Bus state is: 0
Set Net Indication Callback called
Bus state is: 0
Set Net Indication Callback called
Bus state is: 0
Set Net Indication Callback called
Bus state is: 0
Set Net Indication Callback called
Bus state is: 0
Set Net Indication Callback called
Bus state is: 0
Set Net Indication Callback called
Bus state is: 0
Set Net Indication Callback called
Bus state is: 0
Set Net Indication Callback called
Bus state is: 0
Set Net Indication Callback called
Bus state is: 0
Set Net Indication Callback called
Bus state is: 0
Set Net Indication Callback called
Bus state is: 0
Set Net Indication Callback called
Bus state is: 0
Set Net Indication Callback called
Bus state is: 0
Set Net Indication Callback called
Bus state is: 0
Set Net Indication Callback called
Bus state is: 0
Set Net Indication Callback called
Bus state is: 0
Set Net Indication Callback called
Bus state is: 0
Set Net Indication Callback called
Bus state is: 0
Set Net Indication Callback called
Bus state is: 0
Set Net Indication Callback called
Bus state is: 0
Set Net Indication Callback called
Bus state is: 0
Set Net Indication Callback called
Bus state is: 0
Set Net Indication Callback called
Bus state is: 0
Set Net Indication Callback called
Bus state is: 0
Set Net Indication Callback called
Bus state is: 0
Set Net Indication Callback called
Bus state is: 0
Set Net Indication Callback called
Bus state is: 0
Set Net Indication Callback called
Bus state is: 0
Set Net Indication Callback called
Bus state is: 0
Set Net Indication Callback called
Bus state is: 0
Set Net Indication Callback called
Bus state is: 0
Set Net Indication Callback called
Bus state is: 0
Set Net Indication Callback called
Bus state is: 0
Set Net Indication Callback called
Bus state is: 0
Set Net Indication Callback called
Bus state is: 0
Set Net Indication Callback called
Bus state is: 0
Set Net Indication Callback called
Bus state is: 0
Set Net Indication Callback called
Bus state is: 0
Set Net Indication Callback called
Bus state is: 0
Set Net Indication Callback called
Bus state is: 0
Set Net Indication Callback called
Bus state is: 0
Set Net Indication Callback called
Bus state is: 0
Set Net Indication Callback called
Bus state is: 0
Set Net Indication Callback called
Bus state is: 0
Set Net Indication Callback called
Bus state is: 0
Set Net Indication Callback called
Bus state is: 0
Set Net Indication Callback called
Bus state is: 0
Set Net Indication Callback called
Bus state is: 0
Set Net Indication Callback called
Bus state is: 0
Set Net Indication Callback called
Bus state is: 0
Set Net Indication Callback called
Bus state is: 0
Set Net Indication Callback called
Bus state is: 0
Set Net Indication Callback called
Bus state is: 0
Set Net Indication Callback called
Bus state is: 0
Set Net Indication Callback called
Bus state is: 0
Set Net Indication Callback called
Bus state is: 0
Set Net Indication Callback called
Bus state is: 0
Set Net Indication Callback called
Bus state is: 0
Set Net Indication Callback called
Bus state is: 0
Set Net Indication Callback called
Bus state is: 0
Set Net Indication Callback called
Bus state is: 0
Set Net Indication Callback called
Bus state is: 0
Set Net Indication Callback called
Bus state is: 0
Set Net Indication Callback called
Bus state is: 0
Set Net Indication Callback called
Bus state is: 0
Set Net Indication Callback called
Bus state is: 0
Set Net Indication Callback called
Bus state is: 0
Set Net Indication Callback called
Bus state is: 0
Set Net Indication Callback called
Bus state is: 0
Set Net Indication Callback called
Bus state is: 0
Set Net Indication Callback called
Bus state is: 0
Set Net Indication Callback called
Bus state is: 0
Set Net Indication Callback called
Bus state is: 0
Set Net Indication Callback called
Bus state is: 0
Set Net Indication Callback called
Bus state is: 0
Set Net Indication Callback called
Bus state is: 0
Set Net Indication Callback called
Bus state is: 0
Set Net Indication Callback called
Bus state is: 0
Set Net Indication Callback called
Bus state is: 0
Set Net Indication Callback called
Bus state is: 0
Set Net Indication Callback called
Bus state is: 0
Set Net Indication Callback called
Bus state is: 0
Set Net Indication Callback called
Bus state is: 0
Set Net Indication Callback called
Bus state is: 0
Set Net Indication Callback called
Bus state is: 0
Set Net Indication Callback called
Bus state is: 0
Set Net Indication Callback called
Bus state is: 0
Set Net Indication Callback called
Bus state is: 0
Set Net Indication Callback called
Bus state is: 0
Set Net Indication Callback called
Bus state is: 0
Set Net Indication Callback called
Bus state is: 0
Set Net Indication Callback called
Bus state is: 0
Set Net Indication Callback called
Bus state is: 0
Set Net Indication Callback called
Bus state is: 0
Set Net Indication Callback called
Bus state is: 0
Set Net Indication Callback called
Bus state is: 0
Set Net Indication Callback called
Bus state is: 0
Set Net Indication Callback called
Bus state is: 0
Set Net Indication Callback called
Bus state is: 0
Set Net Indication Callback called
Bus state is: 0
Set Net Indication Callback called
Bus state is: 0
Set Net Indication Callback called
Bus state is: 0
Set Net Indication Callback called
Bus state is: 0
Set Net Indication Callback called
Bus state is: 0
Set Net Indication Callback called
Bus state is: 0
Set Net Indication Callback called
Bus state is: 0
Set Net Indication Callback called
Bus state is: 0
Set Net Indication Callback called
Bus state is: 0
Set Net Indication Callback called
Bus state is: 0
Set Net Indication Callback called
Bus state is: 0
Set Net Indication Callback called
Bus state is: 0
Set Net Indication Callback called
Bus state is: 0
Set Net Indication Callback called
Bus state is: 0
Set Net Indication Callback called
Bus state is: 0
Set Net Indication Callback called
Bus state is: 0
Set Net Indication Callback called
Bus state is: 0
Set Net Indication Callback called
Bus state is: 0
Set Net Indication Callback called
Bus state is: 0
Set Net Indication Callback called
Bus state is: 0
Set Net Indication Callback called
Bus state is: 0
Set Net Indication Callback called
Bus state is: 0
Set Net Indication Callback called
Bus state is: 0
Set Net Indication Callback called
Bus state is: 0
Set Net Indication Callback called
Bus state is: 0
Set Net Indication Callback called
Bus state is: 0
Set Net Indication Callback called
Bus state is: 0
Set Net Indication Callback called
Bus state is: 0
Set Net Indication Callback called
Bus state is: 0
Set Net Indication Callback called
Bus state is: 0
Set Net Indication Callback called
Bus state is: 0
Set Net Indication Callback called
Bus state is: 0
Set Net Indication Callback called
Bus state is: 0
Set Net Indication Callback called
Bus state is: 0
Set Net Indication Callback called
Bus state is: 0
Set Net Indication Callback called
Bus state is: 0
Set Net Indication Callback called
Bus state is: 0
Set Net Indication Callback called
Bus state is: 0
Set Net Indication Callback called
Bus state is: 0
Set Net Indication Callback called
Bus state is: 0
Set Net Indication Callback called
Bus state is: 0
Set Net Indication Callback called
Bus state is: 0
Set Net Indication Callback called
Bus state is: 0
Set Net Indication Callback called
Bus state is: 0
Set Net Indication Callback called
Bus state is: 0
Set Net Indication Callback called
Bus state is: 0
Set Net Indication Callback called
Bus state is: 0
Set Net Indication Callback called
Bus state is: 0
Set Net Indication Callback called
Bus state is: 0
Set Net Indication Callback called
Bus state is: 0
Set Net Indication Callback called
Bus state is: 0
Set Net Indication Callback called
Bus state is: 0
Set Net Indication Callback called
Bus state is: 0
Set Net Indication Callback called
Bus state is: 0
Set Net Indication Callback called
Bus state is: 0
Set Net Indication Callback called
Bus state is: 0
Set Net Indication Callback called
Bus state is: 0
Set Net Indication Callback called
Bus state is: 0
Set Net Indication Callback called
Bus state is: 0
Set Net Indication Callback called
Bus state is: 0
Set Net Indication Callback called
Bus state is: 0
Set Net Indication Callback called
Bus state is: 0
Set Net Indication Callback called
Bus state is: 0
Set Net Indication Callback called
Bus state is: 0
Set Net Indication Callback called
Bus state is: 0
Set Net Indication Callback called
Bus state is: 0
Set Net Indication Callback called
Bus state is: 0
Set Net Indication Callback called
Bus state is: 0
Set Net Indication Callback called
Bus state is: 0
Set Net Indication Callback called
Bus state is: 0
Set Net Indication Callback called
Bus state is: 0
Set Net Indication Callback called
Bus state is: 0
Set Net Indication Callback called
Bus state is: 0
Set Net Indication Callback called
Bus state is: 0
Set Net Indication Callback called
Bus state is: 0
Set Net Indication Callback called
Bus state is: 0
Set Net Indication Callback called
Bus state is: 0
Set Net Indication Callback called
Bus state is: 0
Set Net Indication Callback called
Bus state is: 0
Set Net Indication Callback called
Bus state is: 0
Set Net Indication Callback called
Bus state is: 0
Set Net Indication Callback called
Bus state is: 0
Set Net Indication Callback called
Bus state is: 0
Set Net Indication Callback called
Bus state is: 0
Set Net Indication Callback called
Bus state is: 0
Set Net Indication Callback called
Bus state is: 0
Set Net Indication Callback called
Bus state is: 0
Set Net Indication Callback called
Bus state is: 0
Set Net Indication Callback called
Bus state is: 0
Set Net Indication Callback called
Bus state is: 0
Set Net Indication Callback called
Bus state is: 0
Set Net Indication Callback called
Bus state is: 0
Set Net Indication Callback called
Bus state is: 0
Set Net Indication Callback called
Bus state is: 0
Set Net Indication Callback called
Bus state is: 0
Set Net Indication Callback called
Bus state is: 0
Set Net Indication Callback called
Bus state is: 0
Set Net Indication Callback called
Bus state is: 0
Set Net Indication Callback called
Bus state is: 0
Set Net Indication Callback called
Bus state is: 0
Set Net Indication Callback called
Bus state is: 0
Set Net Indication Callback called
Bus state is: 0
Set Net Indication Callback called
Bus state is: 0
Set Net Indication Callback called
Bus state is: 0
Set Net Indication Callback called
Bus state is: 0
Set Net Indication Callback called
Bus state is: 0
Set Net Indication Callback called
Bus state is: 0
Set Net Indication Callback called
Bus state is: 0
Set Net Indication Callback called
Bus state is: 0
Set Net Indication Callback called
Bus state is: 0
Set Net Indication Callback called
Bus state is: 0
Set Net Indication Callback called
Bus state is: 0
Set Net Indication Callback called
Bus state is: 0
Set Net Indication Callback called
Bus state is: 0
Set Net Indication Callback called
Bus state is: 0
Set Net Indication Callback called
Bus state is: 0
Set Net Indication Callback called
Bus state is: 0
Set Net Indication Callback called
Bus state is: 0
Set Net Indication Callback called
Bus state is: 0
Set Net Indication Callback called
Bus state is: 0
Set Net Indication Callback called
Bus state is: 0
Set Net Indication Callback called
Bus state is: 0
Set Net Indication Callback called
Bus state is: 0
Set Net Indication Callback called
Bus state is: 0
Set Net Indication Callback called
Bus state is: 0
Set Net Indication Callback called
Bus state is: 0
Set Net Indication Callback called
Bus state is: 0
Set Net Indication Callback called
Bus state is: 0
Set Net Indication Callback called
Bus state is: 0
Set Net Indication Callback called
Bus state is: 0
Set Net Indication Callback called
Bus state is: 0
Set Net Indication Callback called
Bus state is: 0
Set Net Indication Callback called
Bus state is: 0
Set Net Indication Callback called
Bus state is: 0
Set Net Indication Callback called
Bus state is: 0
Set Net Indication Callback called
Bus state is: 0
Set Net Indication Callback called
Bus state is: 0
Set Net Indication Callback called
Bus state is: 0
Set Net Indication Callback called
Bus state is: 0
Set Net Indication Callback called
Bus state is: 0
Set Net Indication Callback called
Bus state is: 0
Set Net Indication Callback called
Bus state is: 0
Set Net Indication Callback called
Bus state is: 0
Set Net Indication Callback called
Bus state is: 0
Set Net Indication Callback called
Bus state is: 0
Set Net Indication Callback called
Bus state is: 0
Set Net Indication Callback called
Bus state is: 0
Set Net Indication Callback called
Bus state is: 0
Set Net Indication Callback called
Bus state is: 0
Set Net Indication Callback called
Bus state is: 0
Set Net Indication Callback called
Bus state is: 0
Set Net Indication Callback called
Bus state is: 0
Set Net Indication Callback called
Bus state is: 0
Set Net Indication Callback called
Bus state is: 0
Set Net Indication Callback called
Bus state is: 0
Set Net Indication Callback called
Bus state is: 0
Set Net Indication Callback called
Bus state is: 0
Set Net Indication Callback called
Bus state is: 0
Set Net Indication Callback called
Bus state is: 0
Set Net Indication Callback called
Bus state is: 0
Set Net Indication Callback called
Bus state is: 0
Set Net Indication Callback called
Bus state is: 0
Set Net Indication Callback called
Bus state is: 0
Set Net Indication Callback called
Bus state is: 0
Set Net Indication Callback called
Bus state is: 0
Set Net Indication Callback called
Bus state is: 0
Set Net Indication Callback called
Bus state is: 0
Set Net Indication Callback called
Bus state is: 0
Set Net Indication Callback called
Bus state is: 0
Set Net Indication Callback called
Bus state is: 0
Set Net Indication Callback called
Bus state is: 0
Set Net Indication Callback called
Bus state is: 0
Set Net Indication Callback called
Bus state is: 0
Set Net Indication Callback called
Bus state is: 0
Set Net Indication Callback called
Bus state is: 0
Set Net Indication Callback called
Bus state is: 0
Set Net Indication Callback called
Bus state is: 0
Set Net Indication Callback called
Bus state is: 0
Set Net Indication Callback called
Bus state is: 0
Set Net Indication Callback called
Bus state is: 0
Set Net Indication Callback called
Bus state is: 0
Set Net Indication Callback called
Bus state is: 0
Set Net Indication Callback called
Bus state is: 0
Set Net Indication Callback called
Bus state is: 0
Set Net Indication Callback called
Bus state is: 0
Set Net Indication Callback called
Bus state is: 0
Set Net Indication Callback called
Bus state is: 0
Set Net Indication Callback called
Bus state is: 0
Set Net Indication Callback called
Bus state is: 0
Set Net Indication Callback called
Bus state is: 0
Set Net Indication Callback called
Bus state is: 0
Set Net Indication Callback called
Bus state is: 0
Set Net Indication Callback called
Bus state is: 0
Set Net Indication Callback called
Bus state is: 0
Set Net Indication Callback called
Bus state is: 0
Set Net Indication Callback called
Bus state is: 0
Set Net Indication Callback called
Bus state is: 0
Set Net Indication Callback called
Bus state is: 0
Set Net Indication Callback called
Bus state is: 0
Set Net Indication Callback called
Bus state is: 0
Set Net Indication Callback called
Bus state is: 0
Set Net Indication Callback called
Bus state is: 0
Set Net Indication Callback called
Bus state is: 0
Set Net Indication Callback called
Bus state is: 0
Set Net Indication Callback called
Bus state is: 0
Set Net Indication Callback called
Bus state is: 0
Set Net Indication Callback called
Bus state is: 0
Set Net Indication Callback called
Bus state is: 0
Set Net Indication Callback called
Bus state is: 0
Set Net Indication Callback called
Bus state is: 0
Set Net Indication Callback called
Bus state is: 0
Set Net Indication Callback called
Bus state is: 0
Set Net Indication Callback called
Bus state is: 0
Set Net Indication Callback called
Bus state is: 0
Set Net Indication Callback called
Bus state is: 0
Set Net Indication Callback called
Bus state is: 0
Set Net Indication Callback called
Bus state is: 0
Set Net Indication Callback called
Bus state is: 0
Set Net Indication Callback called
Bus state is: 0
Set Net Indication Callback called
Bus state is: 0
Set Net Indication Callback called
Bus state is: 0
Set Net Indication Callback called
Bus state is: 0
Set Net Indication Callback called
Bus state is: 0
Set Net Indication Callback called
Bus state is: 0
Set Net Indication Callback called
Bus state is: 0
Set Net Indication Callback called
Bus state is: 0
Set Net Indication Callback called
Bus state is: 0
Set Net Indication Callback called
Bus state is: 0
Set Net Indication Callback called
Bus state is: 0
Set Net Indication Callback called
Bus state is: 0
Set Net Indication Callback called
Bus state is: 0
Set Net Indication Callback called
Bus state is: 0
Set Net Indication Callback called
Bus state is: 0
Set Net Indication Callback called
Bus state is: 0
Set Net Indication Callback called
Bus state is: 0
Set Net Indication Callback called
Bus state is: 0
Set Net Indication Callback called
Bus state is: 0
Set Net Indication Callback called
Bus state is: 0
Set Net Indication Callback called
Bus state is: 0
Set Net Indication Callback called
Bus state is: 0
Set Net Indication Callback called
Bus state is: 0
Set Net Indication Callback called
Bus state is: 0
Set Net Indication Callback called
Bus state is: 0
Set Net Indication Callback called
Bus state is: 0
Set Net Indication Callback called
Bus state is: 0
Set Net Indication Callback called
Bus state is: 0
Set Net Indication Callback called
Bus state is: 0
Set Net Indication Callback called
Bus state is: 0
Set Net Indication Callback called
Bus state is: 0
Set Net Indication Callback called
Bus state is: 0
Set Net Indication Callback called
Bus state is: 0
Set Net Indication Callback called
Bus state is: 0
Set Net Indication Callback called
Bus state is: 0
Set Net Indication Callback called
Bus state is: 0
Set Net Indication Callback called
Bus state is: 0
Set Net Indication Callback called
Bus state is: 0
Set Net Indication Callback called
Bus state is: 0
Set Net Indication Callback called
Bus state is: 0
Set Net Indication Callback called
Bus state is: 0
Set Net Indication Callback called
Bus state is: 0
Set Net Indication Callback called
Bus state is: 0
Set Net Indication Callback called
Bus state is: 0
Set Net Indication Callback called
Bus state is: 0
Set Net Indication Callback called
Bus state is: 0
Set Net Indication Callback called
Bus state is: 0
Set Net Indication Callback called
Bus state is: 0
Set Net Indication Callback called
Bus state is: 0
Set Net Indication Callback called
Bus state is: 0
Set Net Indication Callback called
Bus state is: 0
Set Net Indication Callback called
Bus state is: 0
Set Net Indication Callback called
Bus state is: 0
Set Net Indication Callback called
Bus state is: 0
Set Net Indication Callback called
Bus state is: 0
Set Net Indication Callback called
Bus state is: 0
Set Net Indication Callback called
Bus state is: 0
Set Net Indication Callback called
Bus state is: 0
Set Net Indication Callback called
Bus state is: 0
Set Net Indication Callback called
Bus state is: 0
Set Net Indication Callback called
Bus state is: 0
Set Net Indication Callback called
Bus state is: 0
Set Net Indication Callback called
Bus state is: 0
Set Net Indication Callback called
Bus state is: 0
Set Net Indication Callback called
Bus state is: 0
Set Net Indication Callback called
Bus state is: 0
Set Net Indication Callback called
Bus state is: 0
Set Net Indication Callback called
Bus state is: 0
Set Net Indication Callback called
Bus state is: 0
Set Net Indication Callback called
Bus state is: 0
Set Net Indication Callback called
Bus state is: 0
Set Net Indication Callback called
Bus state is: 0
Set Net Indication Callback called
Bus state is: 0
Set Net Indication Callback called
Bus state is: 0
Set Net Indication Callback called
Bus state is: 0
Set Net Indication Callback called
Bus state is: 0
Set Net Indication Callback called
Bus state is: 0
Set Net Indication Callback called
Bus state is: 0
Set Net Indication Callback called
Bus state is: 0
Set Net Indication Callback called
Bus state is: 0
Set Net Indication Callback called
Bus state is: 0
Set Net Indication Callback called
Bus state is: 0
Set Net Indication Callback called
Bus state is: 0
Set Net Indication Callback called
Bus state is: 0
Set Net Indication Callback called
Bus state is: 0
Set Net Indication Callback called
Bus state is: 0
Set Net Indication Callback called
Bus state is: 0
Set Net Indication Callback called
Bus state is: 0
Set Net Indication Callback called
Bus state is: 0
Set Net Indication Callback called
Bus state is: 0
Set Net Indication Callback called
Bus state is: 0
Set Net Indication Callback called
Bus state is: 0
Set Net Indication Callback called
Bus state is: 0
Set Net Indication Callback called
Bus state is: 0
Set Net Indication Callback called
Bus state is: 0
Set Net Indication Callback called
Bus state is: 0
Set Net Indication Callback called
Bus state is: 0
Set Net Indication Callback called
Bus state is: 0
Set Net Indication Callback called
Bus state is: 0
Set Net Indication Callback called
Bus state is: 0
Set Net Indication Callback called
Bus state is: 0
Set Net Indication Callback called
Bus state is: 0
Set Net Indication Callback called
Bus state is: 0
Set Net Indication Callback called
Bus state is: 0
Set Net Indication Callback called
Bus state is: 0
Set Net Indication Callback called
Bus state is: 0
Set Net Indication Callback called
Bus state is: 0
Set Net Indication Callback called
Bus state is: 0
Set Net Indication Callback called
Bus state is: 0
Set Net Indication Callback called
Bus state is: 0
Set Net Indication Callback called
Bus state is: 0
Set Net Indication Callback called
Bus state is: 0
Set Net Indication Callback called
Bus state is: 0
Set Net Indication Callback called
Bus state is: 0
Set Net Indication Callback called
Bus state is: 0
Set Net Indication Callback called
Bus state is: 0
Set Net Indication Callback called
Bus state is: 0
Set Net Indication Callback called
Bus state is: 0
Set Net Indication Callback called
Bus state is: 0
Set Net Indication Callback called
Bus state is: 0
Set Net Indication Callback called
Bus state is: 0
Set Net Indication Callback called
Bus state is: 0
Set Net Indication Callback called
Bus state is: 0
Set Net Indication Callback called
Bus state is: 0
Set Net Indication Callback called
Bus state is: 0
Set Net Indication Callback called
Bus state is: 0
Set Net Indication Callback called
Bus state is: 0
Set Net Indication Callback called
Bus state is: 0
Set Net Indication Callback called
Bus state is: 0
Set Net Indication Callback called
Bus state is: 0
Set Net Indication Callback called
Bus state is: 0
Set Net Indication Callback called
Bus state is: 0
Set Net Indication Callback called
Bus state is: 0
Set Net Indication Callback called
Bus state is: 0
Set Net Indication Callback called
Bus state is: 0
Set Net Indication Callback called
Bus state is: 0
Set Net Indication Callback called
Bus state is: 0
Set Net Indication Callback called
Bus state is: 0
Set Net Indication Callback called
Bus state is: 0
Set Net Indication Callback called
Bus state is: 0
Set Net Indication Callback called
Bus state is: 0
Set Net Indication Callback called
Bus state is: 0
Set Net Indication Callback called
Bus state is: 0
Set Net Indication Callback called
Bus state is: 0
Set Net Indication Callback called
Bus state is: 0
Set Net Indication Callback called
Bus state is: 0
Set Net Indication Callback called
Bus state is: 0
Set Net Indication Callback called
Bus state is: 0
Set Net Indication Callback called
Bus state is: 0
Set Net Indication Callback called
Bus state is: 0
Set Net Indication Callback called
Bus state is: 0
Set Net Indication Callback called
Bus state is: 0
Set Net Indication Callback called
Bus state is: 0
Set Net Indication Callback called
Bus state is: 0
Set Net Indication Callback called
Bus state is: 0
Set Net Indication Callback called
Bus state is: 0
Set Net Indication Callback called
Bus state is: 0
Set Net Indication Callback called
Bus state is: 0
Set Net Indication Callback called
Bus state is: 0
Set Net Indication Callback called
Bus state is: 0
Set Net Indication Callback called
Bus state is: 0
Set Net Indication Callback called
Bus state is: 0
Set Net Indication Callback called
Bus state is: 0
Set Net Indication Callback called
Bus state is: 0
Set Net Indication Callback called
Bus state is: 0
Set Net Indication Callback called
Bus state is: 0
Set Net Indication Callback called
Bus state is: 0
Set Net Indication Callback called
Bus state is: 0
Set Net Indication Callback called
Bus state is: 0
Set Net Indication Callback called
Bus state is: 0
Set Net Indication Callback called
Bus state is: 0
Set Net Indication Callback called
Bus state is: 0
Set Net Indication Callback called
Bus state is: 0
Set Net Indication Callback called
Bus state is: 0
Set Net Indication Callback called
Bus state is: 0
Set Net Indication Callback called
Bus state is: 0
Set Net Indication Callback called
Bus state is: 0
Set Net Indication Callback called
Bus state is: 0
Set Net Indication Callback called
Bus state is: 0
Set Net Indication Callback called
Bus state is: 0
Set Net Indication Callback called
Bus state is: 0
Set Net Indication Callback called
Bus state is: 0
Set Net Indication Callback called
Bus state is: 0
Set Net Indication Callback called
Bus state is: 0
Set Net Indication Callback called
Bus state is: 0
Set Net Indication Callback called
Bus state is: 0
Set Net Indication Callback called
Bus state is: 0
Set Net Indication Callback called
Bus state is: 0
Set Net Indication Callback called
Bus state is: 0
Set Net Indication Callback called
Bus state is: 0
Set Net Indication Callback called
Bus state is: 0
Set Net Indication Callback called
Bus state is: 0
Set Net Indication Callback called
Bus state is: 0
Set Net Indication Callback called
Bus state is: 0
Set Net Indication Callback called
Bus state is: 0
Set Net Indication Callback called
Bus state is: 0
Set Net Indication Callback called
Bus state is: 0
Set Net Indication Callback called
Bus state is: 0
Set Net Indication Callback called
Bus state is: 0
Set Net Indication Callback called
Bus state is: 0
Set Net Indication Callback called
Bus state is: 0
Set Net Indication Callback called
Bus state is: 0
Set Net Indication Callback called
Bus state is: 0
Set Net Indication Callback called
Bus state is: 0
Set Net Indication Callback called
Bus state is: 0
Set Net Indication Callback called
Bus state is: 0
Set Net Indication Callback called
Bus state is: 0
Set Net Indication Callback called
Bus state is: 0
Set Net Indication Callback called
Bus state is: 0
Set Net Indication Callback called
Bus state is: 0
Set Net Indication Callback called
Bus state is: 0
Set Net Indication Callback called
Bus state is: 0
Set Net Indication Callback called
Bus state is: 0
Set Net Indication Callback called
Bus state is: 0
Set Net Indication Callback called
Bus state is: 0
Set Net Indication Callback called
Bus state is: 0
Set Net Indication Callback called
Bus state is: 0
Set Net Indication Callback called
Bus state is: 0
Set Net Indication Callback called
Bus state is: 0
Set Net Indication Callback called
Bus state is: 0
Set Net Indication Callback called
Bus state is: 0
Set Net Indication Callback called
Bus state is: 0
Set Net Indication Callback called
Bus state is: 0
Set Net Indication Callback called
Bus state is: 0
Set Net Indication Callback called
Bus state is: 0
Set Net Indication Callback called
Bus state is: 0
Set Net Indication Callback called
Bus state is: 0
Set Net Indication Callback called
Bus state is: 0
Set Net Indication Callback called
Bus state is: 0
Set Net Indication Callback called
Bus state is: 0
Set Net Indication Callback called
Bus state is: 0
Set Net Indication Callback called
Bus state is: 0
Set Net Indication Callback called
Bus state is: 0
Set Net Indication Callback called
Bus state is: 0
Set Net Indication Callback called
Bus state is: 0
Set Net Indication Callback called
Bus state is: 0
Set Net Indication Callback called
Bus state is: 0
Set Net Indication Callback called
Bus state is: 0
Set Net Indication Callback called
Bus state is: 0
Set Net Indication Callback called
Bus state is: 0
Set Net Indication Callback called
Bus state is: 0
Set Net Indication Callback called
Bus state is: 0
Set Net Indication Callback called
Bus state is: 0
Set Net Indication Callback called
Bus state is: 0
Set Net Indication Callback called
Bus state is: 0
Set Net Indication Callback called
Bus state is: 0
Set Net Indication Callback called
Bus state is: 0
Set Net Indication Callback called
Bus state is: 0
Set Net Indication Callback called
Bus state is: 0
Set Net Indication Callback called
Bus state is: 0
Set Net Indication Callback called
Bus state is: 0
Set Net Indication Callback called
Bus state is: 0
Set Net Indication Callback called
Bus state is: 0
Set Net Indication Callback called
Bus state is: 0
Set Net Indication Callback called
Bus state is: 0
Set Net Indication Callback called
Bus state is: 0
Set Net Indication Callback called
Bus state is: 0
Set Net Indication Callback called
Bus state is: 0
Set Net Indication Callback called
Bus state is: 0
Set Net Indication Callback called
Bus state is: 0
Set Net Indication Callback called
Bus state is: 0
Set Net Indication Callback called
Bus state is: 0
Set Net Indication Callback called
Bus state is: 0
Set Net Indication Callback called
Bus state is: 0
Set Net Indication Callback called
Bus state is: 0
Set Net Indication Callback called
Bus state is: 0
Set Net Indication Callback called
Bus state is: 0
Set Net Indication Callback called
Bus state is: 0
Set Net Indication Callback called
Bus state is: 0
Set Net Indication Callback called
Bus state is: 0
Set Net Indication Callback called
Bus state is: 0
Set Net Indication Callback called
Bus state is: 0
Set Net Indication Callback called
Bus state is: 0
Set Net Indication Callback called
Bus state is: 0
Set Net Indication Callback called
Bus state is: 0
Set Net Indication Callback called
Bus state is: 0
Set Net Indication Callback called
Bus state is: 0
Set Net Indication Callback called
Bus state is: 0
Set Net Indication Callback called
Bus state is: 0
Set Net Indication Callback called
Bus state is: 0
Set Net Indication Callback called
Bus state is: 0
Set Net Indication Callback called
Bus state is: 0
Set Net Indication Callback called
Bus state is: 0
Set Net Indication Callback called
Bus state is: 0
Set Net Indication Callback called
Bus state is: 0
Set Net Indication Callback called
Bus state is: 0
Set Net Indication Callback called
Bus state is: 0
Set Net Indication Callback called
Bus state is: 0
Set Net Indication Callback called
Bus state is: 0
Set Net Indication Callback called
Bus state is: 0
Set Net Indication Callback called
Bus state is: 0
Set Net Indication Callback called
Bus state is: 0
Set Net Indication Callback called
Bus state is: 0
Set Net Indication Callback called
Bus state is: 0
Set Net Indication Callback called
Bus state is: 0
Set Net Indication Callback called
Bus state is: 0
Set Net Indication Callback called
Bus state is: 0
Set Net Indication Callback called
Bus state is: 0
Set Net Indication Callback called
Bus state is: 0
Set Net Indication Callback called
Bus state is: 0
Set Net Indication Callback called
Bus state is: 0
Set Net Indication Callback called
Bus state is: 0
Set Net Indication Callback called
Bus state is: 0
Set Net Indication Callback called
Bus state is: 0
Set Net Indication Callback called
Bus state is: 0
Set Net Indication Callback called
Bus state is: 0
Set Net Indication Callback called
Bus state is: 0
Set Net Indication Callback called
Bus state is: 0
Set Net Indication Callback called
Bus state is: 0
Set Net Indication Callback called
Bus state is: 0
Set Net Indication Callback called
Bus state is: 0
Set Net Indication Callback called
Bus state is: 0
Set Net Indication Callback called
Bus state is: 0
Set Net Indication Callback called
Bus state is: 0
Set Net Indication Callback called
Bus state is: 0
Set Net Indication Callback called
Bus state is: 0
Set Net Indication Callback called
Bus state is: 0
Set Net Indication Callback called
Bus state is: 0
Set Net Indication Callback called
Bus state is: 0
Set Net Indication Callback called
Bus state is: 0
Set Net Indication Callback called
Bus state is: 0
Set Net Indication Callback called
Bus state is: 0
Set Net Indication Callback called
Bus state is: 0
Set Net Indication Callback called
Bus state is: 0
Set Net Indication Callback called
Bus state is: 0
Set Net Indication Callback called
Bus state is: 0
Set Net Indication Callback called
Bus state is: 0
Set Net Indication Callback called
Bus state is: 0
Set Net Indication Callback called
Bus state is: 0
Set Net Indication Callback called
Bus state is: 0
Set Net Indication Callback called
Bus state is: 0
Set Net Indication Callback called
Bus state is: 0
Set Net Indication Callback called
Bus state is: 0
Set Net Indication Callback called
Bus state is: 0
Set Net Indication Callback called
Bus state is: 0
Set Net Indication Callback called
Bus state is: 0
Set Net Indication Callback called
Bus state is: 0
Set Net Indication Callback called
Bus state is: 0
Set Net Indication Callback called
Bus state is: 0
Set Net Indication Callback called
Bus state is: 0
Set Net Indication Callback called
Bus state is: 0
Set Net Indication Callback called
Bus state is: 0
Set Net Indication Callback called
Bus state is: 0
Set Net Indication Callback called
Bus state is: 0
Set Net Indication Callback called
Bus state is: 0
Set Net Indication Callback called
Bus state is: 0
Set Net Indication Callback called
Bus state is: 0
Set Net Indication Callback called
Bus state is: 0
Set Net Indication Callback called
Bus state is: 0
Set Net Indication Callback called
Bus state is: 0
Set Net Indication Callback called
Bus state is: 0
Set Net Indication Callback called
Bus state is: 0
Set Net Indication Callback called
Bus state is: 0
Set Net Indication Callback called
Bus state is: 0
Set Net Indication Callback called
Bus state is: 0
Set Net Indication Callback called
Bus state is: 0
Set Net Indication Callback called
Bus state is: 0
Set Net Indication Callback called
Bus state is: 0
Set Net Indication Callback called
Bus state is: 0
Set Net Indication Callback called
Bus state is: 0
Set Net Indication Callback called
Bus state is: 0
Set Net Indication Callback called
Bus state is: 0
Set Net Indication Callback called
Bus state is: 0
Set Net Indication Callback called
Bus state is: 0
Set Net Indication Callback called
Bus state is: 0
Set Net Indication Callback called
Bus state is: 0
Set Net Indication Callback called
Bus state is: 0
Set Net Indication Callback called
Bus state is: 0
Set Net Indication Callback called
Bus state is: 0
Set Net Indication Callback called
Bus state is: 0
Set Net Indication Callback called
Bus state is: 0
Set Net Indication Callback called
Bus state is: 0
Set Net Indication Callback called
Bus state is: 0
Set Net Indication Callback called
Bus state is: 0
Set Net Indication Callback called
Bus state is: 0
Set Net Indication Callback called
Bus state is: 0
Set Net Indication Callback called
Bus state is: 0
Set Net Indication Callback called
Bus state is: 0
Set Net Indication Callback called
Bus state is: 0
Set Net Indication Callback called
Bus state is: 0
Set Net Indication Callback called
Bus state is: 0
Set Net Indication Callback called
Bus state is: 0
Set Net Indication Callback called
Bus state is: 0
Set Net Indication Callback called
Bus state is: 0
Set Net Indication Callback called
Bus state is: 0
Set Net Indication Callback called
Bus state is: 0
Set Net Indication Callback called
Bus state is: 0
Set Net Indication Callback called
Bus state is: 0
Set Net Indication Callback called
Bus state is: 0
Set Net Indication Callback called
Bus state is: 0
Set Net Indication Callback called
Bus state is: 0
Set Net Indication Callback called
Bus state is: 0
Set Net Indication Callback called
Bus state is: 0
Set Net Indication Callback called
Bus state is: 0
Set Net Indication Callback called
Bus state is: 0
Set Net Indication Callback called
Bus state is: 0
Set Net Indication Callback called
Bus state is: 0
Set Net Indication Callback called
Bus state is: 0
Set Net Indication Callback called
Bus state is: 0
Set Net Indication Callback called
Bus state is: 0
Set Net Indication Callback called
Bus state is: 0
Set Net Indication Callback called
Bus state is: 0
Set Net Indication Callback called
Bus state is: 0
Set Net Indication Callback called
Bus state is: 0
Set Net Indication Callback called
Bus state is: 0
Set Net Indication Callback called
Bus state is: 0
Set Net Indication Callback called
Bus state is: 0
Set Net Indication Callback called
Bus state is: 0
Set Net Indication Callback called
Bus state is: 0
Set Net Indication Callback called
Bus state is: 0
Set Net Indication Callback called
Bus state is: 0
Set Net Indication Callback called
Bus state is: 0
Set Net Indication Callback called
Bus state is: 0
Set Net Indication Callback called
Bus state is: 0
Set Net Indication Callback called
Bus state is: 0
Set Net Indication Callback called
Bus state is: 0
Set Net Indication Callback called
Bus state is: 0
Set Net Indication Callback called
Bus state is: 0
Set Net Indication Callback called
Bus state is: 0
Set Net Indication Callback called
Bus state is: 0
Set Net Indication Callback called
Bus state is: 0
Set Net Indication Callback called
Bus state is: 0
Set Net Indication Callback called
Bus state is: 0
Set Net Indication Callback called
Bus state is: 0
Set Net Indication Callback called
Bus state is: 0
Set Net Indication Callback called
Bus state is: 0
Set Net Indication Callback called
Bus state is: 0
Set Net Indication Callback called
Bus state is: 0
Set Net Indication Callback called
Bus state is: 0
Set Net Indication Callback called
Bus state is: 0
Set Net Indication Callback called
Bus state is: 0
Set Net Indication Callback called
Bus state is: 0
Set Net Indication Callback called
Bus state is: 0
Set Net Indication Callback called
Bus state is: 0
Set Net Indication Callback called
Bus state is: 0
Set Net Indication Callback called
Bus state is: 0
Set Net Indication Callback called
Bus state is: 0
Set Net Indication Callback called
Bus state is: 0
Set Net Indication Callback called
Bus state is: 0
Set Net Indication Callback called
Bus state is: 0
Set Net Indication Callback called
Bus state is: 0
Set Net Indication Callback called
Bus state is: 0
Set Net Indication Callback called
Bus state is: 0
Set Net Indication Callback called
Bus state is: 0
Set Net Indication Callback called
Bus state is: 0
Set Net Indication Callback called
Bus state is: 0
Set Net Indication Callback called
Bus state is: 0
Set Net Indication Callback called
Bus state is: 0
Set Net Indication Callback called
Bus state is: 0
Set Net Indication Callback called
Bus state is: 0
Set Net Indication Callback called
Bus state is: 0
Set Net Indication Callback called
Bus state is: 0
Set Net Indication Callback called
Bus state is: 0
Set Net Indication Callback called
Bus state is: 0
Set Net Indication Callback called
Bus state is: 0
Set Net Indication Callback called
Bus state is: 0
Set Net Indication Callback called
Bus state is: 0
Set Net Indication Callback called
Bus state is: 0
Set Net Indication Callback called
Bus state is: 0
Set Net Indication Callback called
Bus state is: 0
Set Net Indication Callback called
Bus state is: 0
Set Net Indication Callback called
Bus state is: 0
Set Net Indication Callback called
Bus state is: 0
Set Net Indication Callback called
Bus state is: 0
Set Net Indication Callback called
Bus state is: 0
Set Net Indication Callback called
Bus state is: 0
Set Net Indication Callback called
Bus state is: 0
Set Net Indication Callback called
Bus state is: 0
Set Net Indication Callback called
Bus state is: 0
Set Net Indication Callback called
Bus state is: 0
Set Net Indication Callback called
Bus state is: 0
Set Net Indication Callback called
Bus state is: 0
Set Net Indication Callback called
Bus state is: 0
Set Net Indication Callback called
Bus state is: 0
Set Net Indication Callback called
Bus state is: 0
Set Net Indication Callback called
Bus state is: 0
Set Net Indication Callback called
Bus state is: 0
Set Net Indication Callback called
Bus state is: 0
Set Net Indication Callback called
Bus state is: 0
Set Net Indication Callback called
Bus state is: 0
Set Net Indication Callback called
Bus state is: 0
Set Net Indication Callback called
Bus state is: 0
Set Net Indication Callback called
Bus state is: 0
Set Net Indication Callback called
Bus state is: 0
Set Net Indication Callback called
Bus state is: 0
Set Net Indication Callback called
Bus state is: 0
Set Net Indication Callback called
Bus state is: 0
Set Net Indication Callback called
Bus state is: 0
Set Net Indication Callback called
Bus state is: 0
Set Net Indication Callback called
Bus state is: 0
Set Net Indication Callback called
Bus state is: 0
Set Net Indication Callback called
Bus state is: 0
Set Net Indication Callback called
Bus state is: 0
Set Net Indication Callback called
Bus state is: 0
Set Net Indication Callback called
Bus state is: 0
Set Net Indication Callback called
Bus state is: 0
Set Net Indication Callback called
Bus state is: 0
Set Net Indication Callback called
Bus state is: 0
Set Net Indication Callback called
Bus state is: 0
Set Net Indication Callback called
Bus state is: 0
Set Net Indication Callback called
Bus state is: 0
Set Net Indication Callback called
Bus state is: 0
Set Net Indication Callback called
Bus state is: 0
Set Net Indication Callback called
Bus state is: 0
Set Net Indication Callback called
Bus state is: 0
Set Net Indication Callback called
Bus state is: 0
Set Net Indication Callback called
Bus state is: 0
Set Net Indication Callback called
Bus state is: 0
Set Net Indication Callback called
Bus state is: 0
Set Net Indication Callback called
Bus state is: 0
Set Net Indication Callback called
Bus state is: 0
Set Net Indication Callback called
Bus state is: 0
Set Net Indication Callback called
Bus state is: 0
Set Net Indication Callback called
Bus state is: 0
Set Net Indication Callback called
Bus state is: 0
Set Net Indication Callback called
Bus state is: 0
Set Net Indication Callback called
Bus state is: 0
Set Net Indication Callback called
Bus state is: 0
Set Net Indication Callback called
Bus state is: 0
Set Net Indication Callback called
Bus state is: 0
Set Net Indication Callback called
Bus state is: 0
Set Net Indication Callback called
Bus state is: 0
Set Net Indication Callback called
Bus state is: 0
Set Net Indication Callback called
Bus state is: 0
Set Net Indication Callback called
Bus state is: 0
Set Net Indication Callback called
Bus state is: 0
Set Net Indication Callback called
Bus state is: 0
Set Net Indication Callback called
Bus state is: 0
Set Net Indication Callback called
Bus state is: 0
Set Net Indication Callback called
Bus state is: 0
Set Net Indication Callback called
Bus state is: 0
Set Net Indication Callback called
Bus state is: 0
Set Net Indication Callback called
Bus state is: 0
Set Net Indication Callback called
Bus state is: 0
Set Net Indication Callback called
Bus state is: 0
Set Net Indication Callback called
Bus state is: 0
Set Net Indication Callback called
Bus state is: 0
Set Net Indication Callback called
Bus state is: 0
Set Net Indication Callback called
Bus state is: 0
Set Net Indication Callback called
Bus state is: 0
Set Net Indication Callback called
Bus state is: 0
Set Net Indication Callback called
Bus state is: 0
Set Net Indication Callback called
Bus state is: 0
Set Net Indication Callback called
Bus state is: 0
Set Net Indication Callback called
Bus state is: 0
Set Net Indication Callback called
Bus state is: 0
Set Net Indication Callback called
Bus state is: 0
Set Net Indication Callback called
Bus state is: 0
Set Net Indication Callback called
Bus state is: 0
Set Net Indication Callback called
Bus state is: 0
Set Net Indication Callback called
Bus state is: 0
Set Net Indication Callback called
Bus state is: 0
Set Net Indication Callback called
Bus state is: 0
Set Net Indication Callback called
Bus state is: 0
Set Net Indication Callback called
Bus state is: 0
Set Net Indication Callback called
Bus state is: 0
Set Net Indication Callback called
Bus state is: 0
Set Net Indication Callback called
Bus state is: 0
Set Net Indication Callback called
Bus state is: 0
Set Net Indication Callback called
Bus state is: 0
Set Net Indication Callback called
Bus state is: 0
Set Net Indication Callback called
Bus state is: 0
Set Net Indication Callback called
Bus state is: 0
Set Net Indication Callback called
Bus state is: 0
Set Net Indication Callback called
Bus state is: 0
Set Net Indication Callback called
Bus state is: 0
Set Net Indication Callback called
Bus state is: 0
Set Net Indication Callback called
Bus state is: 0
Set Net Indication Callback called
Bus state is: 0
Set Net Indication Callback called
Bus state is: 0
Set Net Indication Callback called
Bus state is: 0
Set Net Indication Callback called
Bus state is: 0
Set Net Indication Callback called
Bus state is: 0
Set Net Indication Callback called
Bus state is: 0
Set Net Indication Callback called
Bus state is: 0
Set Net Indication Callback called
Bus state is: 0
Set Net Indication Callback called
Bus state is: 0
Set Net Indication Callback called
Bus state is: 0
Set Net Indication Callback called
Bus state is: 0
Set Net Indication Callback called
Bus state is: 0
Set Net Indication Callback called
Bus state is: 0
Set Net Indication Callback called
Bus state is: 0
Set Net Indication Callback called
Bus state is: 0
Set Net Indication Callback called
Bus state is: 0
Set Net Indication Callback called
Bus state is: 0
Set Net Indication Callback called
Bus state is: 0
Set Net Indication Callback called
Bus state is: 0
Set Net Indication Callback called
Bus state is: 0
Set Net Indication Callback called
Bus state is: 0
Set Net Indication Callback called
Bus state is: 0
Set Net Indication Callback called
Bus state is: 0
Set Net Indication Callback called
Bus state is: 0
Set Net Indication Callback called
Bus state is: 0
Set Net Indication Callback called
Bus state is: 0
Set Net Indication Callback called
Bus state is: 0
Set Net Indication Callback called
Bus state is: 0
Set Net Indication Callback called
Bus state is: 0
Set Net Indication Callback called
Bus state is: 0
Set Net Indication Callback called
Bus state is: 0
Set Net Indication Callback called
Bus state is: 0
Set Net Indication Callback called
Bus state is: 0
Set Net Indication Callback called
Bus state is: 0
Set Net Indication Callback called
Bus state is: 0
Set Net Indication Callback called
Bus state is: 0
Set Net Indication Callback called
Bus state is: 0
Set Net Indication Callback called
Bus state is: 0
Set Net Indication Callback called
Bus state is: 0
Set Net Indication Callback called
Bus state is: 0
Set Net Indication Callback called
Bus state is: 0
Set Net Indication Callback called
Bus state is: 0
Set Net Indication Callback called
Bus state is: 0
Set Net Indication Callback called
Bus state is: 0
Set Net Indication Callback called
Bus state is: 0
Set Net Indication Callback called
Bus state is: 0
Set Net Indication Callback called
Bus state is: 0
Set Net Indication Callback called
Bus state is: 0
Set Net Indication Callback called
Bus state is: 0
Set Net Indication Callback called
Bus state is: 0
Set Net Indication Callback called
Bus state is: 0
Set Net Indication Callback called
Bus state is: 0
Set Net Indication Callback called
Bus state is: 0
Set Net Indication Callback called
Bus state is: 0
Set Net Indication Callback called
Bus state is: 0
Set Net Indication Callback called
Bus state is: 0
Set Net Indication Callback called
Bus state is: 0
Set Net Indication Callback called
Bus state is: 0
Set Net Indication Callback called
Bus state is: 0
Set Net Indication Callback called
Bus state is: 0
Set Net Indication Callback called
Bus state is: 0
Set Net Indication Callback called
Bus state is: 0
Set Net Indication Callback called
Bus state is: 0
Set Net Indication Callback called
Bus state is: 0
Set Net Indication Callback called
Bus state is: 0
Set Net Indication Callback called
Bus state is: 0
Set Net Indication Callback called
Bus state is: 0
Set Net Indication Callback called
Bus state is: 0
Set Net Indication Callback called
Bus state is: 0
Set Net Indication Callback called
Bus state is: 0
Set Net Indication Callback called
Bus state is: 0
Set Net Indication Callback called
Bus state is: 0
Set Net Indication Callback called
Bus state is: 0
Set Net Indication Callback called
Bus state is: 0
Set Net Indication Callback called
Bus state is: 0
Set Net Indication Callback called
Bus state is: 0
Set Net Indication Callback called
Bus state is: 0
Set Net Indication Callback called
Bus state is: 0
Set Net Indication Callback called
Bus state is: 0
Set Net Indication Callback called
Bus state is: 0
Set Net Indication Callback called
Bus state is: 0
Set Net Indication Callback called
Bus state is: 0
Set Net Indication Callback called
Bus state is: 0
Set Net Indication Callback called
Bus state is: 0
Set Net Indication Callback called
Bus state is: 0
Set Net Indication Callback called
Bus state is: 0
Set Net Indication Callback called
Bus state is: 0
Set Net Indication Callback called
Bus state is: 0
Set Net Indication Callback called
Bus state is: 0
Set Net Indication Callback called
Bus state is: 0
Set Net Indication Callback called
Bus state is: 0
Set Net Indication Callback called
Bus state is: 0
Set Net Indication Callback called
Bus state is: 0
Set Net Indication Callback called
Bus state is: 0
Set Net Indication Callback called
Bus state is: 0
Set Net Indication Callback called
Bus state is: 0
Set Net Indication Callback called
Bus state is: 0
Set Net Indication Callback called
Bus state is: 0
Set Net Indication Callback called
Bus state is: 0
Set Net Indication Callback called
Bus state is: 0
Set Net Indication Callback called
Bus state is: 0
Set Net Indication Callback called
Bus state is: 0
Set Net Indication Callback called
Bus state is: 0
Set Net Indication Callback called
Bus state is: 0
Set Net Indication Callback called
Bus state is: 0
Set Net Indication Callback called
Bus state is: 0
Set Net Indication Callback called
Bus state is: 0
Set Net Indication Callback called
Bus state is: 0
Set Net Indication Callback called
Bus state is: 0
Set Net Indication Callback called
Bus state is: 0
Set Net Indication Callback called
Bus state is: 0
Set Net Indication Callback called
Bus state is: 0
Set Net Indication Callback called
Bus state is: 0
Set Net Indication Callback called
Bus state is: 0
Set Net Indication Callback called
Bus state is: 0
Set Net Indication Callback called
Bus state is: 0
Set Net Indication Callback called
Bus state is: 0
Set Net Indication Callback called
Bus state is: 0
Set Net Indication Callback called
Bus state is: 0
Set Net Indication Callback called
Bus state is: 0
Set Net Indication Callback called
Bus state is: 0
Set Net Indication Callback called
Bus state is: 0
Set Net Indication Callback called
Bus state is: 0
Set Net Indication Callback called
Bus state is: 0
Set Net Indication Callback called
Bus state is: 0
Set Net Indication Callback called
Bus state is: 0
Set Net Indication Callback called
Bus state is: 0
Set Net Indication Callback called
Bus state is: 0
Set Net Indication Callback called
Bus state is: 0
Set Net Indication Callback called
Bus state is: 0
Set Net Indication Callback called
Bus state is: 0
Set Net Indication Callback called
Bus state is: 0
Set Net Indication Callback called
Bus state is: 0
Set Net Indication Callback called
Bus state is: 0
Set Net Indication Callback called
Bus state is: 0
Set Net Indication Callback called
Bus state is: 0
Set Net Indication Callback called
Bus state is: 0
Set Net Indication Callback called
Bus state is: 0
Set Net Indication Callback called
Bus state is: 0
Set Net Indication Callback called
Bus state is: 0
Set Net Indication Callback called
Bus state is: 0
Set Net Indication Callback called
Bus state is: 0
Set Net Indication Callback called
Bus state is: 0
Set Net Indication Callback called
Bus state is: 0
Set Net Indication Callback called
Bus state is: 0
Set Net Indication Callback called
Bus state is: 0
Set Net Indication Callback called
Bus state is: 0
Set Net Indication Callback called
Bus state is: 0
Set Net Indication Callback called
Bus state is: 0
Set Net Indication Callback called
Bus state is: 0
Set Net Indication Callback called
Bus state is: 0
Set Net Indication Callback called
Bus state is: 0
Set Net Indication Callback called
Bus state is: 0
Set Net Indication Callback called
Bus state is: 0
Set Net Indication Callback called
Bus state is: 0
Set Net Indication Callback called
Bus state is: 0
Set Net Indication Callback called
Bus state is: 0
Set Net Indication Callback called
Bus state is: 0
Set Net Indication Callback called
Bus state is: 0
Set Net Indication Callback called
Bus state is: 0
Set Net Indication Callback called
Bus state is: 0
Set Net Indication Callback called
Bus state is: 0
Set Net Indication Callback called
Bus state is: 0
Set Net Indication Callback called
Bus state is: 0
Set Net Indication Callback called
Bus state is: 0
Set Net Indication Callback called
Bus state is: 0
Set Net Indication Callback called
Bus state is: 0
Set Net Indication Callback called
Bus state is: 0
Set Net Indication Callback called
Bus state is: 0
Set Net Indication Callback called
Bus state is: 0
Set Net Indication Callback called
Bus state is: 0
Set Net Indication Callback called
Bus state is: 0
Set Net Indication Callback called
Bus state is: 0
Set Net Indication Callback called
Bus state is: 0
Set Net Indication Callback called
Bus state is: 0
Set Net Indication Callback called
Bus state is: 0
Set Net Indication Callback called
Bus state is: 0
Set Net Indication Callback called
Bus state is: 0
Set Net Indication Callback called
Bus state is: 0
Set Net Indication Callback called
Bus state is: 0
Set Net Indication Callback called
Bus state is: 0
Set Net Indication Callback called
Bus state is: 0
Set Net Indication Callback called
Bus state is: 0
Set Net Indication Callback called
Bus state is: 0
Set Net Indication Callback called
Bus state is: 0
Set Net Indication Callback called
Bus state is: 0
Set Net Indication Callback called
Bus state is: 0
Set Net Indication Callback called
Bus state is: 0
Set Net Indication Callback called
Bus state is: 0
Set Net Indication Callback called
Bus state is: 0
Set Net Indication Callback called
Bus state is: 0
Set Net Indication Callback called
Bus state is: 0
Set Net Indication Callback called
Bus state is: 0
Set Net Indication Callback called
Bus state is: 0
Set Net Indication Callback called
Bus state is: 0
Set Net Indication Callback called
Bus state is: 0
Set Net Indication Callback called
Bus state is: 0
Set Net Indication Callback called
Bus state is: 0
Set Net Indication Callback called
Bus state is: 0
Set Net Indication Callback called
Bus state is: 0
Set Net Indication Callback called
Bus state is: 0
Set Net Indication Callback called
Bus state is: 0
Set Net Indication Callback called
Bus state is: 0
Set Net Indication Callback called
Bus state is: 0
Set Net Indication Callback called
Bus state is: 0
Set Net Indication Callback called
Bus state is: 0
Set Net Indication Callback called
Bus state is: 0
Set Net Indication Callback called
Bus state is: 0
Set Net Indication Callback called
Bus state is: 0
Set Net Indication Callback called
Bus state is: 0
Set Net Indication Callback called
Bus state is: 0
Set Net Indication Callback called
Bus state is: 0
Set Net Indication Callback called
Bus state is: 0
Set Net Indication Callback called
Bus state is: 0
Set Net Indication Callback called
Bus state is: 0
Set Net Indication Callback called
Bus state is: 0
Set Net Indication Callback called
Bus state is: 0
Set Net Indication Callback called
Bus state is: 0
Set Net Indication Callback called
Bus state is: 0
Set Net Indication Callback called
Bus state is: 0
Set Net Indication Callback called
Bus state is: 0
Set Net Indication Callback called
Bus state is: 0
Set Net Indication Callback called
Bus state is: 0
Set Net Indication Callback called
Bus state is: 0
Set Net Indication Callback called
Bus state is: 0
Set Net Indication Callback called
Bus state is: 0
Set Net Indication Callback called
Bus state is: 0
Set Net Indication Callback called
Bus state is: 0
Set Net Indication Callback called
Bus state is: 0
Set Net Indication Callback called
Bus state is: 0
Set Net Indication Callback called
Bus state is: 0
Set Net Indication Callback called
Bus state is: 0
Set Net Indication Callback called
Bus state is: 0
Set Net Indication Callback called
Bus state is: 0
Set Net Indication Callback called
Bus state is: 0
Set Net Indication Callback called
Bus state is: 0
Set Net Indication Callback called
Bus state is: 0
Set Net Indication Callback called
Bus state is: 0
Set Net Indication Callback called
Bus state is: 0
Set Net Indication Callback called
Bus state is: 0
Set Net Indication Callback called
Bus state is: 0
Set Net Indication Callback called
Bus state is: 0
Set Net Indication Callback called
Bus state is: 0
Set Net Indication Callback called
Bus state is: 0
Set Net Indication Callback called
Bus state is: 0
Set Net Indication Callback called
Bus state is: 0
Set Net Indication Callback called
Bus state is: 0
Set Net Indication Callback called
Bus state is: 0
Set Net Indication Callback called
Bus state is: 0
Set Net Indication Callback called
Bus state is: 0
Set Net Indication Callback called
Bus state is: 0
Set Net Indication Callback called
Bus state is: 0
Set Net Indication Callback called
Bus state is: 0
Set Net Indication Callback called
Bus state is: 0
Set Net Indication Callback called
Bus state is: 0
Set Net Indication Callback called
Bus state is: 0
Set Net Indication Callback called
Bus state is: 0
Set Net Indication Callback called
Bus state is: 0
Set Net Indication Callback called
Bus state is: 0
Set Net Indication Callback called
Bus state is: 0
Set Net Indication Callback called
Bus state is: 0
Set Net Indication Callback called
Bus state is: 0
Set Net Indication Callback called
Bus state is: 0
Set Net Indication Callback called
Bus state is: 0
Set Net Indication Callback called
Bus state is: 0
Set Net Indication Callback called
Bus state is: 0
Set Net Indication Callback called
Bus state is: 0
Set Net Indication Callback called
Bus state is: 0
Set Net Indication Callback called
Bus state is: 0
Set Net Indication Callback called
Bus state is: 0
Set Net Indication Callback called
Bus state is: 0
Set Net Indication Callback called
Bus state is: 0
Set Net Indication Callback called
Bus state is: 0
Set Net Indication Callback called
Bus state is: 0
Set Net Indication Callback called
Bus state is: 0
Set Net Indication Callback called
Bus state is: 0
Set Net Indication Callback called
Bus state is: 0
Set Net Indication Callback called
Bus state is: 0
Set Net Indication Callback called
Bus state is: 0
Set Net Indication Callback called
Bus state is: 0
Set Net Indication Callback called
Bus state is: 0
Set Net Indication Callback called
Bus state is: 0
Set Net Indication Callback called
Bus state is: 0
Set Net Indication Callback called
Bus state is: 0
Set Net Indication Callback called
Bus state is: 0
Set Net Indication Callback called
Bus state is: 0
Set Net Indication Callback called
Bus state is: 0
Set Net Indication Callback called
Bus state is: 0
Set Net Indication Callback called
Bus state is: 0
Set Net Indication Callback called
Bus state is: 0
Set Net Indication Callback called
Bus state is: 0
Set Net Indication Callback called
Bus state is: 0
Set Net Indication Callback called
Bus state is: 0
Set Net Indication Callback called
Bus state is: 0
Set Net Indication Callback called
Bus state is: 0
Set Net Indication Callback called
Bus state is: 0
Set Net Indication Callback called
Bus state is: 0
Set Net Indication Callback called
Bus state is: 0
Set Net Indication Callback called
Bus state is: 0
Set Net Indication Callback called
Bus state is: 0
Set Net Indication Callback called
Bus state is: 0
Set Net Indication Callback called
Bus state is: 0
Set Net Indication Callback called
Bus state is: 0
Set Net Indication Callback called
Bus state is: 0
Set Net Indication Callback called
Bus state is: 0
Set Net Indication Callback called
Bus state is: 0
Set Net Indication Callback called
Bus state is: 0
Set Net Indication Callback called
Bus state is: 0
Set Net Indication Callback called
Bus state is: 0
Set Net Indication Callback called
Bus state is: 0
Set Net Indication Callback called
Bus state is: 0
Set Net Indication Callback called
Bus state is: 0
Set Net Indication Callback called
Bus state is: 0
Set Net Indication Callback called
Bus state is: 0
Set Net Indication Callback called
Bus state is: 0
Set Net Indication Callback called
Bus state is: 0
Set Net Indication Callback called
Bus state is: 0
Set Net Indication Callback called
Bus state is: 0
Set Net Indication Callback called
Bus state is: 0
Set Net Indication Callback called
Bus state is: 0
Set Net Indication Callback called
Bus state is: 0
Set Net Indication Callback called
Bus state is: 0
Set Net Indication Callback called
Bus state is: 0
Set Net Indication Callback called
Bus state is: 0
Set Net Indication Callback called
Bus state is: 0
Set Net Indication Callback called
Bus state is: 0
Set Net Indication Callback called
Bus state is: 0
Set Net Indication Callback called
Bus state is: 0
Set Net Indication Callback called
Bus state is: 0
Set Net Indication Callback called
Bus state is: 0
Set Net Indication Callback called
Bus state is: 0
Set Net Indication Callback called
Bus state is: 0
Set Net Indication Callback called
Bus state is: 0
Set Net Indication Callback called
Bus state is: 0
Set Net Indication Callback called
Bus state is: 0
Set Net Indication Callback called
Bus state is: 0
Set Net Indication Callback called
Bus state is: 0
Set Net Indication Callback called
Bus state is: 0
Set Net Indication Callback called
Bus state is: 0
Set Net Indication Callback called
Bus state is: 0
Set Net Indication Callback called
Bus state is: 0
Set Net Indication Callback called
Bus state is: 0
Set Net Indication Callback called
Bus state is: 0
Set Net Indication Callback called
Bus state is: 0
Set Net Indication Callback called
Bus state is: 0
Set Net Indication Callback called
Bus state is: 0
Set Net Indication Callback called
Bus state is: 0
Set Net Indication Callback called
Bus state is: 0
Set Net Indication Callback called
Bus state is: 0
Set Net Indication Callback called
Bus state is: 0
Set Net Indication Callback called
Bus state is: 0
Set Net Indication Callback called
Bus state is: 0
Set Net Indication Callback called
Bus state is: 0
Set Net Indication Callback called
Bus state is: 0
Set Net Indication Callback called
Bus state is: 0
Set Net Indication Callback called
Bus state is: 0
Set Net Indication Callback called
Bus state is: 0
Set Net Indication Callback called
Bus state is: 0
Set Net Indication Callback called
Bus state is: 0
Set Net Indication Callback called
Bus state is: 0
Set Net Indication Callback called
Bus state is: 0
Set Net Indication Callback called
Bus state is: 0
Set Net Indication Callback called
Bus state is: 0
Set Net Indication Callback called
Bus state is: 0
Set Net Indication Callback called
Bus state is: 0
Set Net Indication Callback called
Bus state is: 0
Set Net Indication Callback called
Bus state is: 0
Set Net Indication Callback called
Bus state is: 0
Set Net Indication Callback called
Bus state is: 0
Set Net Indication Callback called
Bus state is: 0
Set Net Indication Callback called
Bus state is: 0
Set Net Indication Callback called
Bus state is: 0
Set Net Indication Callback called
Bus state is: 0
Set Net Indication Callback called
Bus state is: 0
Set Net Indication Callback called
Bus state is: 0
Set Net Indication Callback called
Bus state is: 0
Set Net Indication Callback called
Bus state is: 0
Set Net Indication Callback called
Bus state is: 0
Set Net Indication Callback called
Bus state is: 0
Set Net Indication Callback called
Bus state is: 0
Set Net Indication Callback called
Bus state is: 0
Set Net Indication Callback called
Bus state is: 0
Set Net Indication Callback called
Bus state is: 0
Set Net Indication Callback called
Bus state is: 0
Set Net Indication Callback called
Bus state is: 0
Set Net Indication Callback called
Bus state is: 0
Set Net Indication Callback called
Bus state is: 0
Set Net Indication Callback called
Bus state is: 0
Set Net Indication Callback called
Bus state is: 0
Set Net Indication Callback called
Bus state is: 0
Set Net Indication Callback called
Bus state is: 0
Set Net Indication Callback called
Bus state is: 0
Set Net Indication Callback called
Bus state is: 0
Set Net Indication Callback called
Bus state is: 0
Set Net Indication Callback called
Bus state is: 0
Set Net Indication Callback called
Bus state is: 0
Set Net Indication Callback called
Bus state is: 0
Set Net Indication Callback called
Bus state is: 0
Set Net Indication Callback called
Bus state is: 0
Set Net Indication Callback called
Bus state is: 0
Set Net Indication Callback called
Bus state is: 0
Set Net Indication Callback called
Bus state is: 0
Set Net Indication Callback called
Bus state is: 0
Set Net Indication Callback called
Bus state is: 0
Set Net Indication Callback called
Bus state is: 0
Set Net Indication Callback called
Bus state is: 0
Set Net Indication Callback called
Bus state is: 0
Set Net Indication Callback called
Bus state is: 0
Set Net Indication Callback called
Bus state is: 0
Set Net Indication Callback called
Bus state is: 0
Set Net Indication Callback called
Bus state is: 0
Set Net Indication Callback called
Bus state is: 0
Set Net Indication Callback called
Bus state is: 0
Set Net Indication Callback called
Bus state is: 0
Set Net Indication Callback called
Bus state is: 0
Set Net Indication Callback called
Bus state is: 0
Set Net Indication Callback called
Bus state is: 0
Set Net Indication Callback called
Bus state is: 0
Set Net Indication Callback called
Bus state is: 0
Set Net Indication Callback called
Bus state is: 0
Set Net Indication Callback called
Bus state is: 0
Set Net Indication Callback called
Bus state is: 0
Set Net Indication Callback called
Bus state is: 0
Set Net Indication Callback called
Bus state is: 0
Set Net Indication Callback called
Bus state is: 0
Set Net Indication Callback called
Bus state is: 0
Set Net Indication Callback called
Bus state is: 0
Set Net Indication Callback called
Bus state is: 0
Set Net Indication Callback called
Bus state is: 0
Set Net Indication Callback called
Bus state is: 0
Set Net Indication Callback called
Bus state is: 0
Set Net Indication Callback called
Bus state is: 0
Set Net Indication Callback called
Bus state is: 0
Set Net Indication Callback called
Bus state is: 0
Set Net Indication Callback called
Bus state is: 0
Set Net Indication Callback called
Bus state is: 0
Set Net Indication Callback called
Bus state is: 0
Set Net Indication Callback called
Bus state is: 0
Set Net Indication Callback called
Bus state is: 0
Set Net Indication Callback called
Bus state is: 0
Set Net Indication Callback called
Bus state is: 0
Set Net Indication Callback called
Bus state is: 0
Set Net Indication Callback called
Bus state is: 0
Set Net Indication Callback called
Bus state is: 0
Set Net Indication Callback called
Bus state is: 0
Set Net Indication Callback called
Bus state is: 0
Set Net Indication Callback called
Bus state is: 0
Set Net Indication Callback called
Bus state is: 0
Set Net Indication Callback called
Bus state is: 0
Set Net Indication Callback called
Bus state is: 0
Set Net Indication Callback called
Bus state is: 0
Set Net Indication Callback called
Bus state is: 0
Set Net Indication Callback called
Bus state is: 0
Set Net Indication Callback called
Bus state is: 0
Set Net Indication Callback called
Bus state is: 0
Set Net Indication Callback called
Bus state is: 0
Set Net Indication Callback called
Bus state is: 0
Set Net Indication Callback called
Bus state is: 0
Set Net Indication Callback called
Bus state is: 0
Set Net Indication Callback called
Bus state is: 0
Set Net Indication Callback called
Bus state is: 0
Set Net Indication Callback called
Bus state is: 0
Set Net Indication Callback called
Bus state is: 0
Set Net Indication Callback called
Bus state is: 0
Set Net Indication Callback called
Bus state is: 0
Set Net Indication Callback called
Bus state is: 0
Set Net Indication Callback called
Bus state is: 0
Set Net Indication Callback called
Bus state is: 0
Set Net Indication Callback called
Bus state is: 0
Set Net Indication Callback called
Bus state is: 0
Set Net Indication Callback called
Bus state is: 0
Set Net Indication Callback called
Bus state is: 0
Set Net Indication Callback called
Bus state is: 0
Set Net Indication Callback called
Bus state is: 0
Set Net Indication Callback called
Bus state is: 0
Set Net Indication Callback called
Bus state is: 0
Set Net Indication Callback called
Bus state is: 0
Set Net Indication Callback called
Bus state is: 0
Set Net Indication Callback called
Bus state is: 0
Set Net Indication Callback called
Bus state is: 0
Set Net Indication Callback called
Bus state is: 0
Set Net Indication Callback called
Bus state is: 0
Set Net Indication Callback called
Bus state is: 0
Set Net Indication Callback called
Bus state is: 0
Set Net Indication Callback called
Bus state is: 0
Set Net Indication Callback called
Bus state is: 0
Set Net Indication Callback called
Bus state is: 0
Set Net Indication Callback called
Bus state is: 0
Set Net Indication Callback called
Bus state is: 0
Set Net Indication Callback called
Bus state is: 0
Set Net Indication Callback called
Bus state is: 0
Set Net Indication Callback called
Bus state is: 0
Set Net Indication Callback called
Bus state is: 0
Set Net Indication Callback called
Bus state is: 0
Set Net Indication Callback called
Bus state is: 0
Set Net Indication Callback called
Bus state is: 0
Set Net Indication Callback called
Bus state is: 0
Set Net Indication Callback called
Bus state is: 0
Set Net Indication Callback called
Bus state is: 0
Set Net Indication Callback called
Bus state is: 0
Set Net Indication Callback called
Bus state is: 0
Set Net Indication Callback called
Bus state is: 0
Set Net Indication Callback called
Bus state is: 0
Set Net Indication Callback called
Bus state is: 0
Set Net Indication Callback called
Bus state is: 0
Set Net Indication Callback called
Bus state is: 0
Set Net Indication Callback called
Bus state is: 0
Set Net Indication Callback called
Bus state is: 0
Set Net Indication Callback called
Bus state is: 0
Set Net Indication Callback called
Bus state is: 0
Set Net Indication Callback called
Bus state is: 0
Set Net Indication Callback called
Bus state is: 0
Set Net Indication Callback called
Bus state is: 0
Set Net Indication Callback called
Bus state is: 0
Set Net Indication Callback called
Bus state is: 0
Set Net Indication Callback called
Bus state is: 0
Set Net Indication Callback called
Bus state is: 0
Set Net Indication Callback called
Bus state is: 0
Set Net Indication Callback called
Bus state is: 0
Set Net Indication Callback called
Bus state is: 0
Set Net Indication Callback called
Bus state is: 0
Set Net Indication Callback called
Bus state is: 0
Set Net Indication Callback called
Bus state is: 0
Set Net Indication Callback called
Bus state is: 0
Set Net Indication Callback called
Bus state is: 0
Set Net Indication Callback called
Bus state is: 0
Set Net Indication Callback called
Bus state is: 0
Set Net Indication Callback called
Bus state is: 0
Set Net Indication Callback called
Bus state is: 0
Set Net Indication Callback called
Bus state is: 0
Set Net Indication Callback called
Bus state is: 0
Set Net Indication Callback called
Bus state is: 0
Set Net Indication Callback called
Bus state is: 0
Set Net Indication Callback called
Bus state is: 0
Set Net Indication Callback called
Bus state is: 0
Set Net Indication Callback called
Bus state is: 0
Set Net Indication Callback called
Bus state is: 0
Set Net Indication Callback called
Bus state is: 0
Set Net Indication Callback called
Bus state is: 0
Set Net Indication Callback called
Bus state is: 0
Set Net Indication Callback called
Bus state is: 0
Set Net Indication Callback called
Bus state is: 0
Set Net Indication Callback called
Bus state is: 0
Set Net Indication Callback called
Bus state is: 0
Set Net Indication Callback called
Bus state is: 0
Set Net Indication Callback called
Bus state is: 0
Set Net Indication Callback called
Bus state is: 0
Set Net Indication Callback called
Bus state is: 0
Set Net Indication Callback called
Bus state is: 0
Set Net Indication Callback called
Bus state is: 0
Set Net Indication Callback called
Bus state is: 0
Set Net Indication Callback called
Bus state is: 0
Set Net Indication Callback called
Bus state is: 0
Set Net Indication Callback called
Bus state is: 0
Set Net Indication Callback called
Bus state is: 0
Set Net Indication Callback called
Bus state is: 0
Set Net Indication Callback called
Bus state is: 0
Set Net Indication Callback called
Bus state is: 0
Set Net Indication Callback called
Bus state is: 0
Set Net Indication Callback called
Bus state is: 0
Set Net Indication Callback called
Bus state is: 0
Set Net Indication Callback called
Bus state is: 0
Set Net Indication Callback called
Bus state is: 0
Set Net Indication Callback called
Bus state is: 0
Set Net Indication Callback called
Bus state is: 0
Set Net Indication Callback called
Bus state is: 0
Set Net Indication Callback called
Bus state is: 0
Set Net Indication Callback called
Bus state is: 0
Set Net Indication Callback called
Bus state is: 0
Set Net Indication Callback called
Bus state is: 0
Set Net Indication Callback called
Bus state is: 0
Set Net Indication Callback called
Bus state is: 0
Set Net Indication Callback called
Bus state is: 0
Set Net Indication Callback called
Bus state is: 0
Set Net Indication Callback called
Bus state is: 0
Set Net Indication Callback called
Bus state is: 0
Set Net Indication Callback called
Bus state is: 0
Set Net Indication Callback called
Bus state is: 0
Set Net Indication Callback called
Bus state is: 0
Set Net Indication Callback called
Bus state is: 0
Set Net Indication Callback called
Bus state is: 0
Set Net Indication Callback called
Bus state is: 0
Set Net Indication Callback called
Bus state is: 0
Set Net Indication Callback called
Bus state is: 0
Set Net Indication Callback called
Bus state is: 0
Set Net Indication Callback called
Bus state is: 0
Set Net Indication Callback called
Bus state is: 0
Set Net Indication Callback called
Bus state is: 0
Set Net Indication Callback called
Bus state is: 0
Set Net Indication Callback called
Bus state is: 0
Set Net Indication Callback called
Bus state is: 0
Set Net Indication Callback called
Bus state is: 0
Set Net Indication Callback called
Bus state is: 0
Set Net Indication Callback called
Bus state is: 0
Set Net Indication Callback called
Bus state is: 0
Set Net Indication Callback called
Bus state is: 0
Set Net Indication Callback called
Bus state is: 0
Set Net Indication Callback called
Bus state is: 0
Set Net Indication Callback called
Bus state is: 0
Set Net Indication Callback called
Bus state is: 0
Set Net Indication Callback called
Bus state is: 0
Set Net Indication Callback called
Bus state is: 0
Set Net Indication Callback called
Bus state is: 0
Set Net Indication Callback called
Bus state is: 0
Set Net Indication Callback called
Bus state is: 0
Set Net Indication Callback called
Bus state is: 0
Set Net Indication Callback called
Bus state is: 0
Set Net Indication Callback called
Bus state is: 0
Set Net Indication Callback called
Bus state is: 0
Set Net Indication Callback called
Bus state is: 0
Set Net Indication Callback called
Bus state is: 0
Set Net Indication Callback called
Bus state is: 0
Set Net Indication Callback called
Bus state is: 0
Set Net Indication Callback called
Bus state is: 0
Set Net Indication Callback called
Bus state is: 0
Set Net Indication Callback called
Bus state is: 0
Set Net Indication Callback called
Bus state is: 0
Set Net Indication Callback called
Bus state is: 0
Set Net Indication Callback called
Bus state is: 0
Set Net Indication Callback called
Bus state is: 0
Set Net Indication Callback called
Bus state is: 0
Set Net Indication Callback called
Bus state is: 0
Set Net Indication Callback called
Bus state is: 0
Set Net Indication Callback called
Bus state is: 0
Set Net Indication Callback called
Bus state is: 0
Set Net Indication Callback called
Bus state is: 0
Set Net Indication Callback called
Bus state is: 0
Set Net Indication Callback called
Bus state is: 0
Set Net Indication Callback called
Bus state is: 0
Set Net Indication Callback called
Bus state is: 0
Set Net Indication Callback called
Bus state is: 0
Set Net Indication Callback called
Bus state is: 0
Set Net Indication Callback called
Bus state is: 0
Set Net Indication Callback called
Bus state is: 0
Set Net Indication Callback called
Bus state is: 0
Set Net Indication Callback called
Bus state is: 0
Set Net Indication Callback called
Bus state is: 0
Set Net Indication Callback called
Bus state is: 0
Set Net Indication Callback called
Bus state is: 0
Set Net Indication Callback called
Bus state is: 0
Set Net Indication Callback called
Bus state is: 0
Set Net Indication Callback called
Bus state is: 0
Set Net Indication Callback called
Bus state is: 0
Set Net Indication Callback called
Bus state is: 0
Set Net Indication Callback called
Bus state is: 0
Set Net Indication Callback called
Bus state is: 0
Set Net Indication Callback called
Bus state is: 0
Set Net Indication Callback called
Bus state is: 0
Set Net Indication Callback called
Bus state is: 0
Set Net Indication Callback called
Bus state is: 0
Set Net Indication Callback called
Bus state is: 0
Set Net Indication Callback called
Bus state is: 0
Set Net Indication Callback called
Bus state is: 0
Set Net Indication Callback called
Bus state is: 0
Set Net Indication Callback called
Bus state is: 0
Set Net Indication Callback called
Bus state is: 0
Set Net Indication Callback called
Bus state is: 0
Set Net Indication Callback called
Bus state is: 0
Set Net Indication Callback called
Bus state is: 0
Set Net Indication Callback called
Bus state is: 0
Set Net Indication Callback called
Bus state is: 0
Set Net Indication Callback called
Bus state is: 0
Set Net Indication Callback called
Bus state is: 0
Set Net Indication Callback called
Bus state is: 0
Set Net Indication Callback called
Bus state is: 0
Set Net Indication Callback called
Bus state is: 0
Set Net Indication Callback called
Bus state is: 0
Set Net Indication Callback called
Bus state is: 0
Set Net Indication Callback called
Bus state is: 0
Set Net Indication Callback called
Bus state is: 0
Set Net Indication Callback called
Bus state is: 0
Set Net Indication Callback called
Bus state is: 0
Set Net Indication Callback called
Bus state is: 0
Set Net Indication Callback called
Bus state is: 0
Set Net Indication Callback called
Bus state is: 0
Set Net Indication Callback called
Bus state is: 0
Set Net Indication Callback called
Bus state is: 0
Set Net Indication Callback called
Bus state is: 0
Set Net Indication Callback called
Bus state is: 0
Set Net Indication Callback called
Bus state is: 0
Set Net Indication Callback called
Bus state is: 0
Set Net Indication Callback called
Bus state is: 0
Set Net Indication Callback called
Bus state is: 0
Set Net Indication Callback called
Bus state is: 0
Set Net Indication Callback called
Bus state is: 0
Set Net Indication Callback called
Bus state is: 0
Set Net Indication Callback called
Bus state is: 0
Set Net Indication Callback called
Bus state is: 0
Set Net Indication Callback called
Bus state is: 0
Set Net Indication Callback called
Bus state is: 0
Set Net Indication Callback called
Bus state is: 0
Set Net Indication Callback called
Bus state is: 0
Set Net Indication Callback called
Bus state is: 0
Set Net Indication Callback called
Bus state is: 0
Set Net Indication Callback called
Bus state is: 0
Set Net Indication Callback called
Bus state is: 0
Set Net Indication Callback called
Bus state is: 0
Set Net Indication Callback called
Bus state is: 0
Set Net Indication Callback called
Bus state is: 0
Set Net Indication Callback called
Bus state is: 0
Set Net Indication Callback called
Bus state is: 0
Set Net Indication Callback called
Bus state is: 0
Set Net Indication Callback called
Bus state is: 0
Set Net Indication Callback called
Bus state is: 0
Set Net Indication Callback called
Bus state is: 0
Set Net Indication Callback called
Bus state is: 0
Set Net Indication Callback called
Bus state is: 0
Set Net Indication Callback called
Bus state is: 0
Set Net Indication Callback called
Bus state is: 0
Set Net Indication Callback called
Bus state is: 0
Set Net Indication Callback called
Bus state is: 0
Set Net Indication Callback called
Bus state is: 0
Set Net Indication Callback called
Bus state is: 0
Set Net Indication Callback called
Bus state is: 0
Set Net Indication Callback called
Bus state is: 0
Set Net Indication Callback called
Bus state is: 0
Set Net Indication Callback called
Bus state is: 0
Set Net Indication Callback called
Bus state is: 0
Set Net Indication Callback called
Bus state is: 0
Set Net Indication Callback called
Bus state is: 0
Set Net Indication Callback called
Bus state is: 0
Set Net Indication Callback called
Bus state is: 0
Set Net Indication Callback called
Bus state is: 0
Set Net Indication Callback called
Bus state is: 0
Set Net Indication Callback called
Bus state is: 0
Set Net Indication Callback called
Bus state is: 0
Set Net Indication Callback called
Bus state is: 0
Set Net Indication Callback called
Bus state is: 0
Set Net Indication Callback called
Bus state is: 0
Set Net Indication Callback called
Bus state is: 0
Set Net Indication Callback called
Bus state is: 0
Set Net Indication Callback called
Bus state is: 0
Set Net Indication Callback called
Bus state is: 0
Set Net Indication Callback called
Bus state is: 0
Set Net Indication Callback called
Bus state is: 0
Set Net Indication Callback called
Bus state is: 0
Set Net Indication Callback called
Bus state is: 0
Set Net Indication Callback called
Bus state is: 0
Set Net Indication Callback called
Bus state is: 0
Set Net Indication Callback called
Bus state is: 0
Set Net Indication Callback called
Bus state is: 0
Set Net Indication Callback called
Bus state is: 0
Set Net Indication Callback called
Bus state is: 0
Set Net Indication Callback called
Bus state is: 0
Set Net Indication Callback called
Bus state is: 0
Set Net Indication Callback called
Bus state is: 0
Set Net Indication Callback called
Bus state is: 0
Set Net Indication Callback called
Bus state is: 0
Set Net Indication Callback called
Bus state is: 0
Set Net Indication Callback called
Bus state is: 0
Set Net Indication Callback called
Bus state is: 0
Set Net Indication Callback called
Bus state is: 0
Set Net Indication Callback called
Bus state is: 0
Set Net Indication Callback called
Bus state is: 0
Set Net Indication Callback called
Bus state is: 0
Set Net Indication Callback called
Bus state is: 0
Set Net Indication Callback called
Bus state is: 0
Set Net Indication Callback called
Bus state is: 0
Set Net Indication Callback called
Bus state is: 0
Set Net Indication Callback called
Bus state is: 0
Set Net Indication Callback called
Bus state is: 0
Set Net Indication Callback called
Bus state is: 0
Set Net Indication Callback called
Bus state is: 0
Set Net Indication Callback called
Bus state is: 0
Set Net Indication Callback called
Bus state is: 0
Set Net Indication Callback called
Bus state is: 0
Set Net Indication Callback called
Bus state is: 0
Set Net Indication Callback called
Bus state is: 0
Set Net Indication Callback called
Bus state is: 0
Set Net Indication Callback called
Bus state is: 0
Set Net Indication Callback called
Bus state is: 0
Set Net Indication Callback called
Bus state is: 0
Set Net Indication Callback called
Bus state is: 0
Set Net Indication Callback called
Bus state is: 0
Set Net Indication Callback called
Bus state is: 0
Set Net Indication Callback called
Bus state is: 0
Set Net Indication Callback called
Bus state is: 0
Set Net Indication Callback called
Bus state is: 0
Set Net Indication Callback called
Bus state is: 0
Set Net Indication Callback called
Bus state is: 0
Set Net Indication Callback called
Bus state is: 0
Set Net Indication Callback called
Bus state is: 0
Set Net Indication Callback called
Bus state is: 0
Set Net Indication Callback called
Bus state is: 0
Set Net Indication Callback called
Bus state is: 0
Set Net Indication Callback called
Bus state is: 0
Set Net Indication Callback called
Bus state is: 0
Set Net Indication Callback called
Bus state is: 0
Set Net Indication Callback called
Bus state is: 0
Set Net Indication Callback called
Bus state is: 0
Set Net Indication Callback called
Bus state is: 0
Set Net Indication Callback called
Bus state is: 0
Set Net Indication Callback called
Bus state is: 0
Set Net Indication Callback called
Bus state is: 0
Set Net Indication Callback called
Bus state is: 0
Set Net Indication Callback called
Bus state is: 0
Set Net Indication Callback called
Bus state is: 0
Set Net Indication Callback called
Bus state is: 0
Set Net Indication Callback called
Bus state is: 0
Set Net Indication Callback called
Bus state is: 0
Set Net Indication Callback called
Bus state is: 0
Set Net Indication Callback called
Bus state is: 0
Set Net Indication Callback called
Bus state is: 0
Set Net Indication Callback called
Bus state is: 0
Set Net Indication Callback called
Bus state is: 0
Set Net Indication Callback called
Bus state is: 0
Set Net Indication Callback called
Bus state is: 0
Set Net Indication Callback called
Bus state is: 0
Set Net Indication Callback called
Bus state is: 0
Set Net Indication Callback called
Bus state is: 0
Set Net Indication Callback called
Bus state is: 0
Set Net Indication Callback called
Bus state is: 0
Set Net Indication Callback called
Bus state is: 0
Set Net Indication Callback called
Bus state is: 0
Set Net Indication Callback called
Bus state is: 0
Set Net Indication Callback called
Bus state is: 0
Set Net Indication Callback called
Bus state is: 0
Set Net Indication Callback called
Bus state is: 0
Set Net Indication Callback called
Bus state is: 0
Set Net Indication Callback called
Bus state is: 0
Set Net Indication Callback called
Bus state is: 0
Set Net Indication Callback called
Bus state is: 0
Set Net Indication Callback called
Bus state is: 0
Set Net Indication Callback called
Bus state is: 0
Set Net Indication Callback called
Bus state is: 0
Set Net Indication Callback called
Bus state is: 0
Set Net Indication Callback called
Bus state is: 0
Set Net Indication Callback called
Bus state is: 0
Set Net Indication Callback called
Bus state is: 0
Set Net Indication Callback called
Bus state is: 0
Set Net Indication Callback called
Bus state is: 0
Set Net Indication Callback called
Bus state is: 0
Set Net Indication Callback called
Bus state is: 0
Set Net Indication Callback called
Bus state is: 0
Set Net Indication Callback called
Bus state is: 0
Set Net Indication Callback called
Bus state is: 0
Set Net Indication Callback called
Bus state is: 0
Set Net Indication Callback called
Bus state is: 0
Set Net Indication Callback called
Bus state is: 0
Set Net Indication Callback called
Bus state is: 0
Set Net Indication Callback called
Bus state is: 0
Set Net Indication Callback called
Bus state is: 0
Set Net Indication Callback called
Bus state is: 0
Set Net Indication Callback called
Bus state is: 0
Set Net Indication Callback called
Bus state is: 0
Set Net Indication Callback called
Bus state is: 0
Set Net Indication Callback called
Bus state is: 0
Set Net Indication Callback called
Bus state is: 0
Set Net Indication Callback called
Bus state is: 0
Set Net Indication Callback called
Bus state is: 0
Set Net Indication Callback called
Bus state is: 0
Set Net Indication Callback called
Bus state is: 0
Set Net Indication Callback called
Bus state is: 0
Set Net Indication Callback called
Bus state is: 0
Set Net Indication Callback called
Bus state is: 0
Set Net Indication Callback called
Bus state is: 0
Set Net Indication Callback called
Bus state is: 0
Set Net Indication Callback called
Bus state is: 0
Set Net Indication Callback called
Bus state is: 0
Set Net Indication Callback called
Bus state is: 0
Set Net Indication Callback called
Bus state is: 0
Set Net Indication Callback called
Bus state is: 0
Set Net Indication Callback called
Bus state is: 0
Set Net Indication Callback called
Bus state is: 0
Set Net Indication Callback called
Bus state is: 0
Set Net Indication Callback called
Bus state is: 0
Set Net Indication Callback called
Bus state is: 0
Set Net Indication Callback called
Bus state is: 0
Set Net Indication Callback called
Bus state is: 0
Set Net Indication Callback called
Bus state is: 0
Set Net Indication Callback called
Bus state is: 0
Set Net Indication Callback called
Bus state is: 0
Set Net Indication Callback called
Bus state is: 0
Set Net Indication Callback called
Bus state is: 0
Set Net Indication Callback called
Bus state is: 0
Set Net Indication Callback called
Bus state is: 0
Set Net Indication Callback called
Bus state is: 0
Set Net Indication Callback called
Bus state is: 0
Set Net Indication Callback called
Bus state is: 0
Set Net Indication Callback called
Bus state is: 0
Set Net Indication Callback called
Bus state is: 0
Set Net Indication Callback called
Bus state is: 0
Set Net Indication Callback called
Bus state is: 0
Set Net Indication Callback called
Bus state is: 0
Set Net Indication Callback called
Bus state is: 0
Set Net Indication Callback called
Bus state is: 0
Set Net Indication Callback called
Bus state is: 0
Set Net Indication Callback called
Bus state is: 0
Set Net Indication Callback called
Bus state is: 0
Set Net Indication Callback called
Bus state is: 0
Set Net Indication Callback called
Bus state is: 0
Set Net Indication Callback called
Bus state is: 0
Set Net Indication Callback called
Bus state is: 0
Set Net Indication Callback called
Bus state is: 0
Set Net Indication Callback called
Bus state is: 0
Set Net Indication Callback called
Bus state is: 0
Set Net Indication Callback called
Bus state is: 0
Set Net Indication Callback called
Bus state is: 0
Set Net Indication Callback called
Bus state is: 0
Set Net Indication Callback called
Bus state is: 0
Set Net Indication Callback called
Bus state is: 0
Set Net Indication Callback called
Bus state is: 0
Set Net Indication Callback called
Bus state is: 0
Set Net Indication Callback called
Bus state is: 0
Set Net Indication Callback called
Bus state is: 0
Set Net Indication Callback called
Bus state is: 0
Set Net Indication Callback called
Bus state is: 0
Set Net Indication Callback called
Bus state is: 0
Set Net Indication Callback called
Bus state is: 0
Set Net Indication Callback called
Bus state is: 0
Set Net Indication Callback called
Bus state is: 0
Set Net Indication Callback called
Bus state is: 0
Set Net Indication Callback called
Bus state is: 0
Set Net Indication Callback called
Bus state is: 0
Set Net Indication Callback called
Bus state is: 0
Set Net Indication Callback called
Bus state is: 0
Set Net Indication Callback called
Bus state is: 0
Set Net Indication Callback called
Bus state is: 0
Set Net Indication Callback called
Bus state is: 0
Set Net Indication Callback called
Bus state is: 0
Set Net Indication Callback called
Bus state is: 0
Set Net Indication Callback called
Bus state is: 0
Set Net Indication Callback called
Bus state is: 0
Set Net Indication Callback called
Bus state is: 0
Set Net Indication Callback called
Bus state is: 0
Set Net Indication Callback called
Bus state is: 0
Set Net Indication Callback called
Bus state is: 0
Set Net Indication Callback called
Bus state is: 0
Set Net Indication Callback called
Bus state is: 0
Set Net Indication Callback called
Bus state is: 0
Set Net Indication Callback called
Bus state is: 0
Set Net Indication Callback called
Bus state is: 0
Set Net Indication Callback called
Bus state is: 0
Set Net Indication Callback called
Bus state is: 0
Set Net Indication Callback called
Bus state is: 0
Set Net Indication Callback called
Bus state is: 0
Set Net Indication Callback called
Bus state is: 0
Set Net Indication Callback called
Bus state is: 0
Set Net Indication Callback called
Bus state is: 0
Set Net Indication Callback called
Bus state is: 0
Set Net Indication Callback called
Bus state is: 0
Set Net Indication Callback called
Bus state is: 0
Set Net Indication Callback called
Bus state is: 0
Set Net Indication Callback called
Bus state is: 0
Set Net Indication Callback called
Bus state is: 0
Set Net Indication Callback called
Bus state is: 0
Set Net Indication Callback called
Bus state is: 0
Set Net Indication Callback called
Bus state is: 0
Set Net Indication Callback called
Bus state is: 0
Set Net Indication Callback called
Bus state is: 0
Set Net Indication Callback called
Bus state is: 0
Set Net Indication Callback called
Bus state is: 0
Set Net Indication Callback called
Bus state is: 0
Set Net Indication Callback called
Bus state is: 0
Set Net Indication Callback called
Bus state is: 0
Set Net Indication Callback called
Bus state is: 0
Set Net Indication Callback called
Bus state is: 0
Set Net Indication Callback called
Bus state is: 0
Set Net Indication Callback called
Bus state is: 0
Set Net Indication Callback called
Bus state is: 0
Set Net Indication Callback called
Bus state is: 0
Set Net Indication Callback called
Bus state is: 0
Set Net Indication Callback called
Bus state is: 0
Set Net Indication Callback called
Bus state is: 0
Set Net Indication Callback called
Bus state is: 0
Set Net Indication Callback called
Bus state is: 0
Set Net Indication Callback called
Bus state is: 0
Set Net Indication Callback called
Bus state is: 0
Set Net Indication Callback called
Bus state is: 0
Set Net Indication Callback called
Bus state is: 0
Set Net Indication Callback called
Bus state is: 0
Set Net Indication Callback called
Bus state is: 0
Set Net Indication Callback called
Bus state is: 0
Set Net Indication Callback called
Bus state is: 0
Set Net Indication Callback called
Bus state is: 0
Set Net Indication Callback called
Bus state is: 0
Set Net Indication Callback called
Bus state is: 0
Set Net Indication Callback called
Bus state is: 0
Set Net Indication Callback called
Bus state is: 0
Set Net Indication Callback called
Bus state is: 0
Set Net Indication Callback called
Bus state is: 0
Set Net Indication Callback called
Bus state is: 0
Set Net Indication Callback called
Bus state is: 0
Set Net Indication Callback called
Bus state is: 0
Set Net Indication Callback called
Bus state is: 0
Set Net Indication Callback called
Bus state is: 0
Set Net Indication Callback called
Bus state is: 0
Set Net Indication Callback called
Bus state is: 0
Set Net Indication Callback called
Bus state is: 0
Set Net Indication Callback called
Bus state is: 0
Set Net Indication Callback called
Bus state is: 0
Set Net Indication Callback called
Bus state is: 0
Set Net Indication Callback called
Bus state is: 0
Set Net Indication Callback called
Bus state is: 0
Set Net Indication Callback called
Bus state is: 0
Set Net Indication Callback called
Bus state is: 0
Set Net Indication Callback called
Bus state is: 0
Set Net Indication Callback called
Bus state is: 0
Set Net Indication Callback called
Bus state is: 0
Set Net Indication Callback called
Bus state is: 0
Set Net Indication Callback called
Bus state is: 0
Set Net Indication Callback called
Bus state is: 0
Set Net Indication Callback called
Bus state is: 0
Set Net Indication Callback called
Bus state is: 0
Set Net Indication Callback called
Bus state is: 0
Set Net Indication Callback called
Bus state is: 0
Set Net Indication Callback called
Bus state is: 0
Set Net Indication Callback called
Bus state is: 0
Set Net Indication Callback called
Bus state is: 0
Set Net Indication Callback called
Bus state is: 0
Set Net Indication Callback called
Bus state is: 0
Set Net Indication Callback called
Bus state is: 0
Set Net Indication Callback called
Bus state is: 0
Set Net Indication Callback called
Bus state is: 0
Set Net Indication Callback called
Bus state is: 0
Set Net Indication Callback called
Bus state is: 0
Set Net Indication Callback called
Bus state is: 0
Set Net Indication Callback called
Bus state is: 0
Set Net Indication Callback called
Bus state is: 0
Set Net Indication Callback called
Bus state is: 0
Set Net Indication Callback called
Bus state is: 0
Set Net Indication Callback called
Bus state is: 0
Set Net Indication Callback called
Bus state is: 0
Set Net Indication Callback called
Bus state is: 0
Set Net Indication Callback called
Bus state is: 0
Set Net Indication Callback called
Bus state is: 0
Set Net Indication Callback called
Bus state is: 0
Set Net Indication Callback called
Bus state is: 0
Set Net Indication Callback called
Bus state is: 0
Set Net Indication Callback called
Bus state is: 0
Set Net Indication Callback called
Bus state is: 0
Set Net Indication Callback called
Bus state is: 0
Set Net Indication Callback called
Bus state is: 0
Set Net Indication Callback called
Bus state is: 0
Set Net Indication Callback called
Bus state is: 0
Set Net Indication Callback called
Bus state is: 0
Set Net Indication Callback called
Bus state is: 0
Set Net Indication Callback called
Bus state is: 0
Set Net Indication Callback called
Bus state is: 0
Set Net Indication Callback called
Bus state is: 0
Set Net Indication Callback called
Bus state is: 0
Set Net Indication Callback called
Bus state is: 0
Set Net Indication Callback called
Bus state is: 0
Set Net Indication Callback called
Bus state is: 0
Set Net Indication Callback called
Bus state is: 0
Set Net Indication Callback called
Bus state is: 0
Set Net Indication Callback called
Bus state is: 0
Set Net Indication Callback called
Bus state is: 0
Set Net Indication Callback called
Bus state is: 0
Set Net Indication Callback called
Bus state is: 0
Set Net Indication Callback called
Bus state is: 0
Set Net Indication Callback called
Bus state is: 0
Set Net Indication Callback called
Bus state is: 0
Set Net Indication Callback called
Bus state is: 0
Set Net Indication Callback called
Bus state is: 0
Set Net Indication Callback called
Bus state is: 0
Set Net Indication Callback called
Bus state is: 0
Set Net Indication Callback called
Bus state is: 0
Set Net Indication Callback called
Bus state is: 0
Set Net Indication Callback called
Bus state is: 0
Set Net Indication Callback called
Bus state is: 0
Set Net Indication Callback called
Bus state is: 0
Set Net Indication Callback called
Bus state is: 0
Set Net Indication Callback called
Bus state is: 0
Set Net Indication Callback called
Bus state is: 0
Set Net Indication Callback called
Bus state is: 0
Set Net Indication Callback called
Bus state is: 0
Set Net Indication Callback called
Bus state is: 0
Set Net Indication Callback called
Bus state is: 0
Set Net Indication Callback called
Bus state is: 0
Set Net Indication Callback called
Bus state is: 0
Set Net Indication Callback called
Bus state is: 0
Set Net Indication Callback called
Bus state is: 0
Set Net Indication Callback called
Bus state is: 0
Set Net Indication Callback called
Bus state is: 0
Set Net Indication Callback called
Bus state is: 0
Set Net Indication Callback called
Bus state is: 0
Set Net Indication Callback called
Bus state is: 0
Set Net Indication Callback called
Bus state is: 0
Set Net Indication Callback called
Bus state is: 0
Set Net Indication Callback called
Bus state is: 0
Set Net Indication Callback called
Bus state is: 0
Set Net Indication Callback called
Bus state is: 0
Set Net Indication Callback called
Bus state is: 0
Set Net Indication Callback called
Bus state is: 0
Set Net Indication Callback called
Bus state is: 0
Set Net Indication Callback called
Bus state is: 0
Set Net Indication Callback called
Bus state is: 0
Set Net Indication Callback called
Bus state is: 0
Set Net Indication Callback called
Bus state is: 0
Set Net Indication Callback called
Bus state is: 0
Set Net Indication Callback called
Bus state is: 0
Set Net Indication Callback called
Bus state is: 0
Set Net Indication Callback called
Bus state is: 0
Set Net Indication Callback called
Bus state is: 0
Set Net Indication Callback called
Bus state is: 0
Set Net Indication Callback called
Bus state is: 0
Set Net Indication Callback called
Bus state is: 0
Set Net Indication Callback called
Bus state is: 0
Set Net Indication Callback called
Bus state is: 0
Set Net Indication Callback called
Bus state is: 0
Set Net Indication Callback called
Bus state is: 0
Set Net Indication Callback called
Bus state is: 0
Set Net Indication Callback called
Bus state is: 0
Set Net Indication Callback called
Bus state is: 0
Set Net Indication Callback called
Bus state is: 0
Set Net Indication Callback called
Bus state is: 0
Set Net Indication Callback called
Bus state is: 0
Set Net Indication Callback called
Bus state is: 0
Set Net Indication Callback called
Bus state is: 0
Set Net Indication Callback called
Bus state is: 0
Set Net Indication Callback called
Bus state is: 0
Set Net Indication Callback called
Bus state is: 0
Set Net Indication Callback called
Bus state is: 0
Set Net Indication Callback called
Bus state is: 0
Set Net Indication Callback called
Bus state is: 0
Set Net Indication Callback called
Bus state is: 0
Set Net Indication Callback called
Bus state is: 0
Set Net Indication Callback called
Bus state is: 0
Set Net Indication Callback called
Bus state is: 0
Set Net Indication Callback called
Bus state is: 0
Set Net Indication Callback called
Bus state is: 0
Set Net Indication Callback called
Bus state is: 0
Set Net Indication Callback called
Bus state is: 0
Set Net Indication Callback called
Bus state is: 0
Set Net Indication Callback called
Bus state is: 0
Set Net Indication Callback called
Bus state is: 0
Set Net Indication Callback called
Bus state is: 0
Set Net Indication Callback called
Bus state is: 0
Set Net Indication Callback called
Bus state is: 0
Set Net Indication Callback called
Bus state is: 0
Set Net Indication Callback called
Bus state is: 0
Set Net Indication Callback called
Bus state is: 0
Set Net Indication Callback called
Bus state is: 0
Set Net Indication Callback called
Bus state is: 0
Set Net Indication Callback called
Bus state is: 0
Set Net Indication Callback called
Bus state is: 0
Set Net Indication Callback called
Bus state is: 0
Set Net Indication Callback called
Bus state is: 0
Set Net Indication Callback called
Bus state is: 0
Set Net Indication Callback called
Bus state is: 0
Set Net Indication Callback called
Bus state is: 0
Set Net Indication Callback called
Bus state is: 0
Set Net Indication Callback called
Bus state is: 0
Set Net Indication Callback called
Bus state is: 0
Set Net Indication Callback called
Bus state is: 0
Set Net Indication Callback called
Bus state is: 0
Set Net Indication Callback called
Bus state is: 0
Set Net Indication Callback called
Bus state is: 0
Set Net Indication Callback called
Bus state is: 0
Set Net Indication Callback called
Bus state is: 0
Set Net Indication Callback called
Bus state is: 0
Set Net Indication Callback called
Bus state is: 0
Set Net Indication Callback called
Bus state is: 0
Set Net Indication Callback called
Bus state is: 0
Set Net Indication Callback called
Bus state is: 0
Set Net Indication Callback called
Bus state is: 0
Set Net Indication Callback called
Bus state is: 0
Set Net Indication Callback called
Bus state is: 0
Set Net Indication Callback called
Bus state is: 0
Set Net Indication Callback called
Bus state is: 0
Set Net Indication Callback called
Bus state is: 0
Set Net Indication Callback called
Bus state is: 0
Set Net Indication Callback called
Bus state is: 0
Set Net Indication Callback called
Bus state is: 0
Set Net Indication Callback called
Bus state is: 0
Set Net Indication Callback called
Bus state is: 0
Set Net Indication Callback called
Bus state is: 0
Set Net Indication Callback called
Bus state is: 0
Set Net Indication Callback called
Bus state is: 0
Set Net Indication Callback called
Bus state is: 0
Set Net Indication Callback called
Bus state is: 0
Set Net Indication Callback called
Bus state is: 0
Set Net Indication Callback called
Bus state is: 0
Set Net Indication Callback called
Bus state is: 0
Set Net Indication Callback called
Bus state is: 0
Set Net Indication Callback called
Bus state is: 0
Set Net Indication Callback called
Bus state is: 0
Set Net Indication Callback called
Bus state is: 0
Set Net Indication Callback called
Bus state is: 0
Set Net Indication Callback called
Bus state is: 0
Set Net Indication Callback called
Bus state is: 0
Set Net Indication Callback called
Bus state is: 0
Set Net Indication Callback called
Bus state is: 0
Set Net Indication Callback called
Bus state is: 0
Set Net Indication Callback called
Bus state is: 0
Set Net Indication Callback called
Bus state is: 0
Set Net Indication Callback called
Bus state is: 0
Set Net Indication Callback called
Bus state is: 0
Set Net Indication Callback called
Bus state is: 0
Set Net Indication Callback called
Bus state is: 0
Set Net Indication Callback called
Bus state is: 0
Set Net Indication Callback called
Bus state is: 0
Set Net Indication Callback called
Bus state is: 0
Set Net Indication Callback called
Bus state is: 0
Set Net Indication Callback called
Bus state is: 0
Set Net Indication Callback called
Bus state is: 0
Set Net Indication Callback called
Bus state is: 0
Set Net Indication Callback called
Bus state is: 0
Set Net Indication Callback called
Bus state is: 0
Set Net Indication Callback called
Bus state is: 0
Set Net Indication Callback called
Bus state is: 0
Set Net Indication Callback called
Bus state is: 0
Set Net Indication Callback called
Bus state is: 0
Set Net Indication Callback called
Bus state is: 0
Set Net Indication Callback called
Bus state is: 0
Set Net Indication Callback called
Bus state is: 0
Set Net Indication Callback called
Bus state is: 0
Set Net Indication Callback called
Bus state is: 0
Set Net Indication Callback called
Bus state is: 0
Set Net Indication Callback called
Bus state is: 0
Set Net Indication Callback called
Bus state is: 0
Set Net Indication Callback called
Bus state is: 0
Set Net Indication Callback called
Bus state is: 0
Set Net Indication Callback called
Bus state is: 0
Set Net Indication Callback called
Bus state is: 0
Set Net Indication Callback called
Bus state is: 0
Set Net Indication Callback called
Bus state is: 0
Set Net Indication Callback called
Bus state is: 0
Set Net Indication Callback called
Bus state is: 0
Set Net Indication Callback called
Bus state is: 0
Set Net Indication Callback called
Bus state is: 0
Set Net Indication Callback called
Bus state is: 0
Set Net Indication Callback called
Bus state is: 0
Set Net Indication Callback called
Bus state is: 0
Set Net Indication Callback called
Bus state is: 0
Set Net Indication Callback called
Bus state is: 0
Set Net Indication Callback called
Bus state is: 0
Set Net Indication Callback called
Bus state is: 0
Set Net Indication Callback called
Bus state is: 0
Set Net Indication Callback called
Bus state is: 0
Set Net Indication Callback called
Bus state is: 0
Set Net Indication Callback called
Bus state is: 0
Set Net Indication Callback called
Bus state is: 0
Set Net Indication Callback called
Bus state is: 0
Set Net Indication Callback called
Bus state is: 0
Set Net Indication Callback called
Bus state is: 0
Set Net Indication Callback called
Bus state is: 0
Set Net Indication Callback called
Bus state is: 0
Set Net Indication Callback called
Bus state is: 0
Set Net Indication Callback called
Bus state is: 0
Set Net Indication Callback called
Bus state is: 0
Set Net Indication Callback called
Bus state is: 0
Set Net Indication Callback called
Bus state is: 0
Set Net Indication Callback called
Bus state is: 0
Set Net Indication Callback called
Bus state is: 0
Set Net Indication Callback called
Bus state is: 0
Set Net Indication Callback called
Bus state is: 0
Set Net Indication Callback called
Bus state is: 0
Set Net Indication Callback called
Bus state is: 0
Set Net Indication Callback called
Bus state is: 0
Set Net Indication Callback called
Bus state is: 0
Set Net Indication Callback called
Bus state is: 0
Set Net Indication Callback called
Bus state is: 0
Set Net Indication Callback called
Bus state is: 0
Set Net Indication Callback called
Bus state is: 0
Set Net Indication Callback called
Bus state is: 0
Set Net Indication Callback called
Bus state is: 0
Set Net Indication Callback called
Bus state is: 0
Set Net Indication Callback called
Bus state is: 0
Set Net Indication Callback called
Bus state is: 0
Set Net Indication Callback called
Bus state is: 0
Set Net Indication Callback called
Bus state is: 0
Set Net Indication Callback called
Bus state is: 0
Set Net Indication Callback called
Bus state is: 0
Set Net Indication Callback called
Bus state is: 0
Set Net Indication Callback called
Bus state is: 0
Set Net Indication Callback called
Bus state is: 0
Set Net Indication Callback called
Bus state is: 0
Set Net Indication Callback called
Bus state is: 0
Set Net Indication Callback called
Bus state is: 0
Set Net Indication Callback called
Bus state is: 0
Set Net Indication Callback called
Bus state is: 0
Set Net Indication Callback called
Bus state is: 0
Set Net Indication Callback called
Bus state is: 0
Set Net Indication Callback called
Bus state is: 0
Set Net Indication Callback called
Bus state is: 0
Set Net Indication Callback called
Bus state is: 0
Set Net Indication Callback called
Bus state is: 0
Set Net Indication Callback called
Bus state is: 0
Set Net Indication Callback called
Bus state is: 0
Set Net Indication Callback called
Bus state is: 0
Set Net Indication Callback called
Bus state is: 0
Set Net Indication Callback called
Bus state is: 0
Set Net Indication Callback called
Bus state is: 0
Set Net Indication Callback called
Bus state is: 0
Set Net Indication Callback called
Bus state is: 0
Set Net Indication Callback called
Bus state is: 0
Set Net Indication Callback called
Bus state is: 0
Set Net Indication Callback called
Bus state is: 0
Set Net Indication Callback called
Bus state is: 0
Set Net Indication Callback called
Bus state is: 0
Set Net Indication Callback called
Bus state is: 0
Set Net Indication Callback called
Bus state is: 0
Set Net Indication Callback called
Bus state is: 0
Set Net Indication Callback called
Bus state is: 0
Set Net Indication Callback called
Bus state is: 0
Set Net Indication Callback called
Bus state is: 0
Set Net Indication Callback called
Bus state is: 0
Set Net Indication Callback called
Bus state is: 0
Set Net Indication Callback called
Bus state is: 0
Set Net Indication Callback called
Bus state is: 0
Set Net Indication Callback called
Bus state is: 0
Set Net Indication Callback called
Bus state is: 0
Set Net Indication Callback called
Bus state is: 0
Set Net Indication Callback called
Bus state is: 0
Set Net Indication Callback called
Bus state is: 0
Set Net Indication Callback called
Bus state is: 0
Set Net Indication Callback called
Bus state is: 0
Set Net Indication Callback called
Bus state is: 0
Set Net Indication Callback called
Bus state is: 0
Set Net Indication Callback called
Bus state is: 0
Set Net Indication Callback called
Bus state is: 0
Set Net Indication Callback called
Bus state is: 0
Set Net Indication Callback called
Bus state is: 0
Set Net Indication Callback called
Bus state is: 0
Set Net Indication Callback called
Bus state is: 0
Set Net Indication Callback called
Bus state is: 0
Set Net Indication Callback called
Bus state is: 0
Set Net Indication Callback called
Bus state is: 0
Set Net Indication Callback called
Bus state is: 0
Set Net Indication Callback called
Bus state is: 0
Set Net Indication Callback called
Bus state is: 0
Set Net Indication Callback called
Bus state is: 0
Set Net Indication Callback called
Bus state is: 0
Set Net Indication Callback called
Bus state is: 0
Set Net Indication Callback called
Bus state is: 0
Set Net Indication Callback called
Bus state is: 0
Set Net Indication Callback called
Bus state is: 0
Set Net Indication Callback called
Bus state is: 0
Set Net Indication Callback called
Bus state is: 0
Set Net Indication Callback called
Bus state is: 0
Set Net Indication Callback called
Bus state is: 0
Set Net Indication Callback called
Bus state is: 0
Set Net Indication Callback called
Bus state is: 0
Set Net Indication Callback called
Bus state is: 0
Set Net Indication Callback called
Bus state is: 0
Set Net Indication Callback called
Bus state is: 0
Set Net Indication Callback called
Bus state is: 0
Set Net Indication Callback called
Bus state is: 0
Set Net Indication Callback called
Bus state is: 0
Set Net Indication Callback called
Bus state is: 0
Set Net Indication Callback called
Bus state is: 0
Set Net Indication Callback called
Bus state is: 0
Set Net Indication Callback called
Bus state is: 0
Set Net Indication Callback called
Bus state is: 0
Set Net Indication Callback called
Bus state is: 0
Set Net Indication Callback called
Bus state is: 0
Set Net Indication Callback called
Bus state is: 0
Set Net Indication Callback called
Bus state is: 0
Set Net Indication Callback called
Bus state is: 0
Set Net Indication Callback called
Bus state is: 0
Set Net Indication Callback called
Bus state is: 0
Set Net Indication Callback called
Bus state is: 0
Set Net Indication Callback called
Bus state is: 0
Set Net Indication Callback called
Bus state is: 0
Set Net Indication Callback called
Bus state is: 0
Set Net Indication Callback called
Bus state is: 0
Set Net Indication Callback called
Bus state is: 0
Set Net Indication Callback called
Bus state is: 0
Set Net Indication Callback called
Bus state is: 0
Set Net Indication Callback called
Bus state is: 0
Set Net Indication Callback called
Bus state is: 0
Set Net Indication Callback called
Bus state is: 0
Set Net Indication Callback called
Bus state is: 0
Set Net Indication Callback called
Bus state is: 0
Set Net Indication Callback called
Bus state is: 0
Set Net Indication Callback called
Bus state is: 0
Set Net Indication Callback called
Bus state is: 0
Set Net Indication Callback called
Bus state is: 0
Set Net Indication Callback called
Bus state is: 0
Set Net Indication Callback called
Bus state is: 0
Set Net Indication Callback called
Bus state is: 0
Set Net Indication Callback called
Bus state is: 0
Set Net Indication Callback called
Bus state is: 0
Set Net Indication Callback called
Bus state is: 0
Set Net Indication Callback called
Bus state is: 0
Set Net Indication Callback called
Bus state is: 0
Set Net Indication Callback called
Bus state is: 0
Set Net Indication Callback called
Bus state is: 0
Set Net Indication Callback called
Bus state is: 0
Set Net Indication Callback called
Bus state is: 0
Set Net Indication Callback called
Bus state is: 0
Set Net Indication Callback called
Bus state is: 0
Set Net Indication Callback called
Bus state is: 0
Set Net Indication Callback called
Bus state is: 0
Set Net Indication Callback called
Bus state is: 0
Set Net Indication Callback called
Bus state is: 0
Set Net Indication Callback called
Bus state is: 0
Set Net Indication Callback called
Bus state is: 0
Set Net Indication Callback called
Bus state is: 0
Set Net Indication Callback called
Bus state is: 0
Set Net Indication Callback called
Bus state is: 0
Set Net Indication Callback called
Bus state is: 0
Set Net Indication Callback called
Bus state is: 0
Set Net Indication Callback called
Bus state is: 0
Set Net Indication Callback called
Bus state is: 0
Set Net Indication Callback called
Bus state is: 0
Set Net Indication Callback called
Bus state is: 0
Set Net Indication Callback called
Bus state is: 0
Set Net Indication Callback called
Bus state is: 0
Set Net Indication Callback called
Bus state is: 0
Set Net Indication Callback called
Bus state is: 0
Set Net Indication Callback called
Bus state is: 0
Set Net Indication Callback called
Bus state is: 0
Set Net Indication Callback called
Bus state is: 0
Set Net Indication Callback called
Bus state is: 0
Set Net Indication Callback called
Bus state is: 0
Set Net Indication Callback called
Bus state is: 0
Set Net Indication Callback called
Bus state is: 0
Set Net Indication Callback called
Bus state is: 0
Set Net Indication Callback called
Bus state is: 0
Set Net Indication Callback called
Bus state is: 0
Set Net Indication Callback called
Bus state is: 0
Set Net Indication Callback called
Bus state is: 0
Set Net Indication Callback called
Bus state is: 0
Set Net Indication Callback called
Bus state is: 0
Set Net Indication Callback called
Bus state is: 0
Set Net Indication Callback called
Bus state is: 0
Set Net Indication Callback called
Bus state is: 0
Set Net Indication Callback called
Bus state is: 0
Set Net Indication Callback called
Bus state is: 0
Set Net Indication Callback called
Bus state is: 0
Set Net Indication Callback called
Bus state is: 0
Set Net Indication Callback called
Bus state is: 0
Set Net Indication Callback called
Bus state is: 0
Set Net Indication Callback called
Bus state is: 0
Set Net Indication Callback called
Bus state is: 0
Set Net Indication Callback called
Bus state is: 0
Set Net Indication Callback called
Bus state is: 0
Set Net Indication Callback called
Bus state is: 0
Set Net Indication Callback called
Bus state is: 0
Set Net Indication Callback called
Bus state is: 0
Set Net Indication Callback called
Bus state is: 0
Set Net Indication Callback called
Bus state is: 0
Set Net Indication Callback called
Bus state is: 0
Set Net Indication Callback called
Bus state is: 0
Set Net Indication Callback called
Bus state is: 0
Set Net Indication Callback called
Bus state is: 0
Set Net Indication Callback called
Bus state is: 0
Set Net Indication Callback called
Bus state is: 0
Set Net Indication Callback called
Bus state is: 0
Set Net Indication Callback called
Bus state is: 0
Set Net Indication Callback called
Bus state is: 0
Set Net Indication Callback called
Bus state is: 0
Set Net Indication Callback called
Bus state is: 0
Set Net Indication Callback called
Bus state is: 0
Set Net Indication Callback called
Bus state is: 0
Set Net Indication Callback called
Bus state is: 0
Set Net Indication Callback called
Bus state is: 0
Set Net Indication Callback called
Bus state is: 0
Set Net Indication Callback called
Bus state is: 0
Set Net Indication Callback called
Bus state is: 0
Set Net Indication Callback called
Bus state is: 0
Set Net Indication Callback called
Bus state is: 0
Set Net Indication Callback called
Bus state is: 0
Set Net Indication Callback called
Bus state is: 0
Set Net Indication Callback called
Bus state is: 0
Set Net Indication Callback called
Bus state is: 0
Set Net Indication Callback called
Bus state is: 0
Set Net Indication Callback called
Bus state is: 0
Set Net Indication Callback called
Bus state is: 0
Set Net Indication Callback called
Bus state is: 0
Set Net Indication Callback called
Bus state is: 0
Set Net Indication Callback called
Bus state is: 0
Set Net Indication Callback called
Bus state is: 0
Set Net Indication Callback called
Bus state is: 0
Set Net Indication Callback called
Bus state is: 0
Set Net Indication Callback called
Bus state is: 0
Set Net Indication Callback called
Bus state is: 0
Set Net Indication Callback called
Bus state is: 0
Set Net Indication Callback called
Bus state is: 0
Set Net Indication Callback called
Bus state is: 0
Set Net Indication Callback called
Bus state is: 0
Set Net Indication Callback called
Bus state is: 0
Set Net Indication Callback called
Bus state is: 0
Set Net Indication Callback called
Bus state is: 0
Set Net Indication Callback called
Bus state is: 0
Set Net Indication Callback called
Bus state is: 0
Set Net Indication Callback called
Bus state is: 0
Set Net Indication Callback called
Bus state is: 0
Set Net Indication Callback called
Bus state is: 0
Set Net Indication Callback called
Bus state is: 0
Set Net Indication Callback called
Bus state is: 0
Set Net Indication Callback called
Bus state is: 0
Set Net Indication Callback called
Bus state is: 0
Set Net Indication Callback called
Bus state is: 0
Set Net Indication Callback called
Bus state is: 0
Set Net Indication Callback called
Bus state is: 0
Set Net Indication Callback called
Bus state is: 0
Set Net Indication Callback called
Bus state is: 0
Set Net Indication Callback called
Bus state is: 0
Set Net Indication Callback called
Bus state is: 0
Set Net Indication Callback called
Bus state is: 0
Set Net Indication Callback called
Bus state is: 0
Set Net Indication Callback called
Bus state is: 0
Set Net Indication Callback called
Bus state is: 0
Set Net Indication Callback called
Bus state is: 0
Set Net Indication Callback called
Bus state is: 0
Set Net Indication Callback called
Bus state is: 0
Set Net Indication Callback called
Bus state is: 0
Set Net Indication Callback called
Bus state is: 0
Set Net Indication Callback called
Bus state is: 0
Set Net Indication Callback called
Bus state is: 0
Set Net Indication Callback called
Bus state is: 0
Set Net Indication Callback called
Bus state is: 0
Set Net Indication Callback called
Bus state is: 0
Set Net Indication Callback called
Bus state is: 0
Set Net Indication Callback called
Bus state is: 0
Set Net Indication Callback called
Bus state is: 0
Set Net Indication Callback called
Bus state is: 0
Set Net Indication Callback called
Bus state is: 0
Set Net Indication Callback called
Bus state is: 0
Set Net Indication Callback called
Bus state is: 0
Set Net Indication Callback called
Bus state is: 0
Set Net Indication Callback called
Bus state is: 0
Set Net Indication Callback called
Bus state is: 0
Set Net Indication Callback called
Bus state is: 0
Set Net Indication Callback called
Bus state is: 0
Set Net Indication Callback called
Bus state is: 0
Set Net Indication Callback called
Bus state is: 0
Set Net Indication Callback called
Bus state is: 0
Set Net Indication Callback called
Bus state is: 0
Set Net Indication Callback called
Bus state is: 0
Set Net Indication Callback called
Bus state is: 0
Set Net Indication Callback called
Bus state is: 0
Set Net Indication Callback called
Bus state is: 0
Set Net Indication Callback called
Bus state is: 0
Set Net Indication Callback called
Bus state is: 0
Set Net Indication Callback called
Bus state is: 0
Set Net Indication Callback called
Bus state is: 0
Set Net Indication Callback called
Bus state is: 0
Set Net Indication Callback called
Bus state is: 0
Set Net Indication Callback called
Bus state is: 0
Set Net Indication Callback called
Bus state is: 0
Set Net Indication Callback called
Bus state is: 0
Set Net Indication Callback called
Bus state is: 0
Set Net Indication Callback called
Bus state is: 0
Set Net Indication Callback called
Bus state is: 0
Set Net Indication Callback called
Bus state is: 0
Set Net Indication Callback called
Bus state is: 0
Set Net Indication Callback called
Bus state is: 0
Set Net Indication Callback called
Bus state is: 0
Set Net Indication Callback called
Bus state is: 0
Set Net Indication Callback called
Bus state is: 0
Set Net Indication Callback called
Bus state is: 0
Set Net Indication Callback called
Bus state is: 0
Set Net Indication Callback called
Bus state is: 0
Set Net Indication Callback called
Bus state is: 0
Set Net Indication Callback called
Bus state is: 0
Set Net Indication Callback called
Bus state is: 0
Set Net Indication Callback called
Bus state is: 0
Set Net Indication Callback called
Bus state is: 0
Set Net Indication Callback called
Bus state is: 0
Set Net Indication Callback called
Bus state is: 0
Set Net Indication Callback called
Bus state is: 0
Set Net Indication Callback called
Bus state is: 0
Set Net Indication Callback called
Bus state is: 0
Set Net Indication Callback called
Bus state is: 0
Set Net Indication Callback called
Bus state is: 0
Set Net Indication Callback called
Bus state is: 0
Set Net Indication Callback called
Bus state is: 0
Set Net Indication Callback called
Bus state is: 0
Set Net Indication Callback called
Bus state is: 0
Set Net Indication Callback called
Bus state is: 0
Set Net Indication Callback called
Bus state is: 0
Set Net Indication Callback called
Bus state is: 0
Set Net Indication Callback called
Bus state is: 0
Set Net Indication Callback called
Bus state is: 0
Set Net Indication Callback called
Bus state is: 0
Set Net Indication Callback called
Bus state is: 0
Set Net Indication Callback called
Bus state is: 0
Set Net Indication Callback called
Bus state is: 0
Set Net Indication Callback called
Bus state is: 0
Set Net Indication Callback called
Bus state is: 0
Set Net Indication Callback called
Bus state is: 0
Set Net Indication Callback called
Bus state is: 0
Set Net Indication Callback called
Bus state is: 0
Set Net Indication Callback called
Bus state is: 0
Set Net Indication Callback called
Bus state is: 0
Set Net Indication Callback called
Bus state is: 0
Set Net Indication Callback called
Bus state is: 0
Set Net Indication Callback called
Bus state is: 0
Set Net Indication Callback called
Bus state is: 0
Set Net Indication Callback called
Bus state is: 0
Set Net Indication Callback called
Bus state is: 0
Set Net Indication Callback called
Bus state is: 0
Set Net Indication Callback called
Bus state is: 0
Set Net Indication Callback called
Bus state is: 0
Set Net Indication Callback called
Bus state is: 0
Set Net Indication Callback called
Bus state is: 0
Set Net Indication Callback called
Bus state is: 0
Set Net Indication Callback called
Bus state is: 0
Set Net Indication Callback called
Bus state is: 0
Set Net Indication Callback called
Bus state is: 0
Set Net Indication Callback called
Bus state is: 0
Set Net Indication Callback called
Bus state is: 0
Set Net Indication Callback called
Bus state is: 0
Set Net Indication Callback called
Bus state is: 0
Set Net Indication Callback called
Bus state is: 0
Set Net Indication Callback called
Bus state is: 0
Set Net Indication Callback called
Bus state is: 0
Set Net Indication Callback called
Bus state is: 0
Set Net Indication Callback called
Bus state is: 0
Set Net Indication Callback called
Bus state is: 0
Set Net Indication Callback called
Bus state is: 0
Set Net Indication Callback called
Bus state is: 0
Set Net Indication Callback called
Bus state is: 0
Set Net Indication Callback called
Bus state is: 0
Set Net Indication Callback called
Bus state is: 0
Set Net Indication Callback called
Bus state is: 0
Set Net Indication Callback called
Bus state is: 0
Set Net Indication Callback called
Bus state is: 0
Set Net Indication Callback called
Bus state is: 0
Set Net Indication Callback called
Bus state is: 0
Set Net Indication Callback called
Bus state is: 0
Set Net Indication Callback called
Bus state is: 0
Set Net Indication Callback called
Bus state is: 0
Set Net Indication Callback called
Bus state is: 0
Set Net Indication Callback called
Bus state is: 0
Set Net Indication Callback called
Bus state is: 0
Set Net Indication Callback called
Bus state is: 0
Set Net Indication Callback called
Bus state is: 0
Set Net Indication Callback called
Bus state is: 0
Set Net Indication Callback called
Bus state is: 0
Set Net Indication Callback called
Bus state is: 0
Set Net Indication Callback called
Bus state is: 0
Set Net Indication Callback called
Bus state is: 0
Set Net Indication Callback called
Bus state is: 0
Set Net Indication Callback called
Bus state is: 0
Set Net Indication Callback called
Bus state is: 0
Set Net Indication Callback called
Bus state is: 0
Set Net Indication Callback called
Bus state is: 0
Set Net Indication Callback called
Bus state is: 0
Set Net Indication Callback called
Bus state is: 0
Set Net Indication Callback called
Bus state is: 0
Set Net Indication Callback called
Bus state is: 0
Set Net Indication Callback called
Bus state is: 0
Set Net Indication Callback called
Bus state is: 0
Set Net Indication Callback called
Bus state is: 0
Set Net Indication Callback called
Bus state is: 0
Set Net Indication Callback called
Bus state is: 0
Set Net Indication Callback called
Bus state is: 0
Set Net Indication Callback called
Bus state is: 0
Set Net Indication Callback called
Bus state is: 0
Set Net Indication Callback called
Bus state is: 0
Set Net Indication Callback called
Bus state is: 0
Set Net Indication Callback called
Bus state is: 0
Set Net Indication Callback called
Bus state is: 0
Set Net Indication Callback called
Bus state is: 0
Set Net Indication Callback called
Bus state is: 0
Set Net Indication Callback called
Bus state is: 0
Set Net Indication Callback called
Bus state is: 0
Set Net Indication Callback called
Bus state is: 0
Set Net Indication Callback called
Bus state is: 0
Set Net Indication Callback called
Bus state is: 0
Set Net Indication Callback called
Bus state is: 0
Set Net Indication Callback called
Bus state is: 0
Set Net Indication Callback called
Bus state is: 0
Set Net Indication Callback called
Bus state is: 0
Set Net Indication Callback called
Bus state is: 0
Set Net Indication Callback called
Bus state is: 0
Set Net Indication Callback called
Bus state is: 0
Set Net Indication Callback called
Bus state is: 0
Set Net Indication Callback called
Bus state is: 0
Set Net Indication Callback called
Bus state is: 0
Set Net Indication Callback called
Bus state is: 0
Set Net Indication Callback called
Bus state is: 0
Set Net Indication Callback called
Bus state is: 0
Set Net Indication Callback called
Bus state is: 0
Set Net Indication Callback called
Bus state is: 0
Set Net Indication Callback called
Bus state is: 0
Set Net Indication Callback called
Bus state is: 0
Set Net Indication Callback called
Bus state is: 0
Set Net Indication Callback called
Bus state is: 0
Set Net Indication Callback called
Bus state is: 0
Set Net Indication Callback called
Bus state is: 0
Set Net Indication Callback called
Bus state is: 0
Set Net Indication Callback called
Bus state is: 0
Set Net Indication Callback called
Bus state is: 0
Set Net Indication Callback called
Bus state is: 0
Set Net Indication Callback called
Bus state is: 0
Set Net Indication Callback called
Bus state is: 0
Set Net Indication Callback called
Bus state is: 0
Set Net Indication Callback called
Bus state is: 0
Set Net Indication Callback called
Bus state is: 0
Set Net Indication Callback called
Bus state is: 0
Set Net Indication Callback called
Bus state is: 0
Set Net Indication Callback called
Bus state is: 0
Set Net Indication Callback called
Bus state is: 0
Set Net Indication Callback called
Bus state is: 0
Set Net Indication Callback called
Bus state is: 0
Set Net Indication Callback called
Bus state is: 0
Set Net Indication Callback called
Bus state is: 0
Set Net Indication Callback called
Bus state is: 0
Set Net Indication Callback called
Bus state is: 0
Set Net Indication Callback called
Bus state is: 0
Set Net Indication Callback called
Bus state is: 0
Set Net Indication Callback called
Bus state is: 0
Set Net Indication Callback called
Bus state is: 0
Set Net Indication Callback called
Bus state is: 0
Set Net Indication Callback called
Bus state is: 0
Set Net Indication Callback called
Bus state is: 0
Set Net Indication Callback called
Bus state is: 0
Set Net Indication Callback called
Bus state is: 0
Set Net Indication Callback called
Bus state is: 0
Set Net Indication Callback called
Bus state is: 0
Set Net Indication Callback called
Bus state is: 0
Set Net Indication Callback called
Bus state is: 0
Set Net Indication Callback called
Bus state is: 0
Set Net Indication Callback called
Bus state is: 0
Set Net Indication Callback called
Bus state is: 0
Set Net Indication Callback called
Bus state is: 0
Set Net Indication Callback called
Bus state is: 0
Set Net Indication Callback called
Bus state is: 0
Set Net Indication Callback called
Bus state is: 0
Set Net Indication Callback called
Bus state is: 0
Set Net Indication Callback called
Bus state is: 0
Set Net Indication Callback called
Bus state is: 0
Set Net Indication Callback called
Bus state is: 0
Set Net Indication Callback called
Bus state is: 0
Set Net Indication Callback called
Bus state is: 0
Set Net Indication Callback called
Bus state is: 0
Set Net Indication Callback called
Bus state is: 0
Set Net Indication Callback called
Bus state is: 0
Set Net Indication Callback called
Bus state is: 0
Set Net Indication Callback called
Bus state is: 0
Set Net Indication Callback called
Bus state is: 0
Set Net Indication Callback called
Bus state is: 0
Set Net Indication Callback called
Bus state is: 0
Set Net Indication Callback called
Bus state is: 0
Set Net Indication Callback called
Bus state is: 0
Set Net Indication Callback called
Bus state is: 0
Set Net Indication Callback called
Bus state is: 0
Set Net Indication Callback called
Bus state is: 0
Set Net Indication Callback called
Bus state is: 0
Set Net Indication Callback called
Bus state is: 0
Set Net Indication Callback called
Bus state is: 0
Set Net Indication Callback called
Bus state is: 0
Set Net Indication Callback called
Bus state is: 0
Set Net Indication Callback called
Bus state is: 0
Set Net Indication Callback called
Bus state is: 0
Set Net Indication Callback called
Bus state is: 0
Set Net Indication Callback called
Bus state is: 0
Set Net Indication Callback called
Bus state is: 0
Set Net Indication Callback called
Bus state is: 0
Set Net Indication Callback called
Bus state is: 0
Set Net Indication Callback called
Bus state is: 0
Set Net Indication Callback called
Bus state is: 0
Set Net Indication Callback called
Bus state is: 0
Set Net Indication Callback called
Bus state is: 0
Set Net Indication Callback called
Bus state is: 0
Set Net Indication Callback called
Bus state is: 0
Set Net Indication Callback called
Bus state is: 0
Set Net Indication Callback called
Bus state is: 0
Set Net Indication Callback called
Bus state is: 0
Set Net Indication Callback called
Bus state is: 0
Set Net Indication Callback called
Bus state is: 0
Set Net Indication Callback called
Bus state is: 0
Set Net Indication Callback called
Bus state is: 0
Set Net Indication Callback called
Bus state is: 0
Set Net Indication Callback called
Bus state is: 0
Set Net Indication Callback called
Bus state is: 0
Set Net Indication Callback called
Bus state is: 0
Set Net Indication Callback called
Bus state is: 0
Set Net Indication Callback called
Bus state is: 0
Set Net Indication Callback called
Bus state is: 0
Set Net Indication Callback called
Bus state is: 0
Set Net Indication Callback called
Bus state is: 0
Set Net Indication Callback called
Bus state is: 0
Set Net Indication Callback called
Bus state is: 0
Set Net Indication Callback called
Bus state is: 0
Set Net Indication Callback called
Bus state is: 0
Set Net Indication Callback called
Bus state is: 0
Set Net Indication Callback called
Bus state is: 0
Set Net Indication Callback called
Bus state is: 0
Set Net Indication Callback called
Bus state is: 0
Set Net Indication Callback called
Bus state is: 0
Set Net Indication Callback called
Bus state is: 0
Set Net Indication Callback called
Bus state is: 0
Set Net Indication Callback called
Bus state is: 0
Set Net Indication Callback called
Bus state is: 0
Set Net Indication Callback called
Bus state is: 0
Set Net Indication Callback called
Bus state is: 0
Set Net Indication Callback called
Bus state is: 0
Set Net Indication Callback called
Bus state is: 0
Set Net Indication Callback called
Bus state is: 0
Set Net Indication Callback called
Bus state is: 0
Set Net Indication Callback called
Bus state is: 0
Set Net Indication Callback called
Bus state is: 0
Set Net Indication Callback called
Bus state is: 0
Set Net Indication Callback called
Bus state is: 0
Set Net Indication Callback called
Bus state is: 0
Set Net Indication Callback called
Bus state is: 0
Set Net Indication Callback called
Bus state is: 0
Set Net Indication Callback called
Bus state is: 0
Set Net Indication Callback called
Bus state is: 0
Set Net Indication Callback called
Bus state is: 0
Set Net Indication Callback called
Bus state is: 0
Set Net Indication Callback called
Bus state is: 0
Set Net Indication Callback called
Bus state is: 0
Set Net Indication Callback called
Bus state is: 0
Set Net Indication Callback called
Bus state is: 0
Set Net Indication Callback called
Bus state is: 0
Set Net Indication Callback called
Bus state is: 0
Set Net Indication Callback called
Bus state is: 0
Set Net Indication Callback called
Bus state is: 0
Set Net Indication Callback called
Bus state is: 0
Set Net Indication Callback called
Bus state is: 0
Set Net Indication Callback called
Bus state is: 0
Set Net Indication Callback called
Bus state is: 0
Set Net Indication Callback called
Bus state is: 0
Set Net Indication Callback called
Bus state is: 0
Set Net Indication Callback called
Bus state is: 0
Set Net Indication Callback called
Bus state is: 0
Set Net Indication Callback called
Bus state is: 0
Set Net Indication Callback called
Bus state is: 0
Set Net Indication Callback called
Bus state is: 0
Set Net Indication Callback called
Bus state is: 0
Set Net Indication Callback called
Bus state is: 0
Set Net Indication Callback called
Bus state is: 0
Set Net Indication Callback called
Bus state is: 0
Set Net Indication Callback called
Bus state is: 0
Set Net Indication Callback called
Bus state is: 0
Set Net Indication Callback called
Bus state is: 0
Set Net Indication Callback called
Bus state is: 0
Set Net Indication Callback called
Bus state is: 0
Set Net Indication Callback called
Bus state is: 0
Set Net Indication Callback called
Bus state is: 0
Set Net Indication Callback called
Bus state is: 0
Set Net Indication Callback called
Bus state is: 0
Set Net Indication Callback called
Bus state is: 0
Set Net Indication Callback called
Bus state is: 0
Set Net Indication Callback called
Bus state is: 0
Set Net Indication Callback called
Bus state is: 0
Set Net Indication Callback called
Bus state is: 0
Set Net Indication Callback called
Bus state is: 0
Set Net Indication Callback called
Bus state is: 0
Set Net Indication Callback called
Bus state is: 0
Set Net Indication Callback called
Bus state is: 0
Set Net Indication Callback called
Bus state is: 0
Set Net Indication Callback called
Bus state is: 0
Set Net Indication Callback called
Bus state is: 0
Set Net Indication Callback called
Bus state is: 0
Set Net Indication Callback called
Bus state is: 0
Set Net Indication Callback called
Bus state is: 0
Set Net Indication Callback called
Bus state is: 0
Set Net Indication Callback called
Bus state is: 0
Set Net Indication Callback called
Bus state is: 0
Set Net Indication Callback called
Bus state is: 0
Set Net Indication Callback called
Bus state is: 0
Set Net Indication Callback called
Bus state is: 0
Set Net Indication Callback called
Bus state is: 0
Set Net Indication Callback called
Bus state is: 0
Set Net Indication Callback called
Bus state is: 0
Set Net Indication Callback called
Bus state is: 0
Set Net Indication Callback called
Bus state is: 0
Set Net Indication Callback called
Bus state is: 0
Set Net Indication Callback called
Bus state is: 0
Set Net Indication Callback called
Bus state is: 0
Set Net Indication Callback called
Bus state is: 0
Set Net Indication Callback called
Bus state is: 0
Set Net Indication Callback called
Bus state is: 0
Set Net Indication Callback called
Bus state is: 0
Set Net Indication Callback called
Bus state is: 0
Set Net Indication Callback called
Bus state is: 0
Set Net Indication Callback called
Bus state is: 0
Set Net Indication Callback called
Bus state is: 0
Set Net Indication Callback called
Bus state is: 0
Set Net Indication Callback called
Bus state is: 0
Set Net Indication Callback called
Bus state is: 0
Set Net Indication Callback called
Bus state is: 0
Set Net Indication Callback called
Bus state is: 0
Set Net Indication Callback called
Bus state is: 0
Set Net Indication Callback called
Bus state is: 0
Set Net Indication Callback called
Bus state is: 0
Set Net Indication Callback called
Bus state is: 0
Set Net Indication Callback called
Bus state is: 0
Set Net Indication Callback called
Bus state is: 0
Set Net Indication Callback called
Bus state is: 0
Set Net Indication Callback called
Bus state is: 0
Set Net Indication Callback called
Bus state is: 0
Set Net Indication Callback called
Bus state is: 0
Set Net Indication Callback called
Bus state is: 0
Set Net Indication Callback called
Bus state is: 0
Set Net Indication Callback called
Bus state is: 0
Set Net Indication Callback called
Bus state is: 0
Set Net Indication Callback called
Bus state is: 0
Set Net Indication Callback called
Bus state is: 0
Set Net Indication Callback called
Bus state is: 0
Set Net Indication Callback called
Bus state is: 0
Set Net Indication Callback called
Bus state is: 0
Set Net Indication Callback called
Bus state is: 0
Set Net Indication Callback called
Bus state is: 0
Set Net Indication Callback called
Bus state is: 0
Set Net Indication Callback called
Bus state is: 0
Set Net Indication Callback called
Bus state is: 0
Set Net Indication Callback called
Bus state is: 0
Set Net Indication Callback called
Bus state is: 0
Set Net Indication Callback called
Bus state is: 0
Set Net Indication Callback called
Bus state is: 0
Set Net Indication Callback called
Bus state is: 0
Set Net Indication Callback called
Bus state is: 0
Set Net Indication Callback called
Bus state is: 0
Set Net Indication Callback called
Bus state is: 0
Set Net Indication Callback called
Bus state is: 0
Set Net Indication Callback called
Bus state is: 0
Set Net Indication Callback called
Bus state is: 0
Set Net Indication Callback called
Bus state is: 0
Set Net Indication Callback called
Bus state is: 0
Set Net Indication Callback called
Bus state is: 0
Set Net Indication Callback called
Bus state is: 0
Set Net Indication Callback called
Bus state is: 0
Set Net Indication Callback called
Bus state is: 0
Set Net Indication Callback called
Bus state is: 0
Set Net Indication Callback called
Bus state is: 0
Set Net Indication Callback called
Bus state is: 0
Set Net Indication Callback called
Bus state is: 0
Set Net Indication Callback called
Bus state is: 0
Set Net Indication Callback called
Bus state is: 0
Set Net Indication Callback called
Bus state is: 0
Set Net Indication Callback called
Bus state is: 0
Set Net Indication Callback called
Bus state is: 0
Set Net Indication Callback called
Bus state is: 0
Set Net Indication Callback called
Bus state is: 0
Set Net Indication Callback called
Bus state is: 0
Set Net Indication Callback called
Bus state is: 0
Set Net Indication Callback called
Bus state is: 0
Set Net Indication Callback called
Bus state is: 0
Set Net Indication Callback called
Bus state is: 0
Set Net Indication Callback called
Bus state is: 0
Set Net Indication Callback called
Bus state is: 0
Set Net Indication Callback called
Bus state is: 0
Set Net Indication Callback called
Bus state is: 0
Set Net Indication Callback called
Bus state is: 0
Set Net Indication Callback called
Bus state is: 0
Set Net Indication Callback called
Bus state is: 0
Set Net Indication Callback called
Bus state is: 0
Set Net Indication Callback called
Bus state is: 0
Set Net Indication Callback called
Bus state is: 0
Set Net Indication Callback called
Bus state is: 0
Set Net Indication Callback called
Bus state is: 0
Set Net Indication Callback called
Bus state is: 0
Set Net Indication Callback called
Bus state is: 0
Set Net Indication Callback called
Bus state is: 0
Set Net Indication Callback called
Bus state is: 0
Set Net Indication Callback called
Bus state is: 0
Set Net Indication Callback called
Bus state is: 0
Set Net Indication Callback called
Bus state is: 0
Set Net Indication Callback called
Bus state is: 0
Set Net Indication Callback called
Bus state is: 0
Set Net Indication Callback called
Bus state is: 0
Set Net Indication Callback called
Bus state is: 0
Set Net Indication Callback called
Bus state is: 0
Set Net Indication Callback called
Bus state is: 0
Set Net Indication Callback called
Bus state is: 0
Set Net Indication Callback called
Bus state is: 0
Set Net Indication Callback called
Bus state is: 0
Set Net Indication Callback called
Bus state is: 0
Set Net Indication Callback called
Bus state is: 0
Set Net Indication Callback called
Bus state is: 0
Set Net Indication Callback called
Bus state is: 0
Set Net Indication Callback called
Bus state is: 0
Set Net Indication Callback called
Bus state is: 0
Set Net Indication Callback called
Bus state is: 0
Set Net Indication Callback called
Bus state is: 0
Set Net Indication Callback called
Bus state is: 0
Set Net Indication Callback called
Bus state is: 0
Set Net Indication Callback called
Bus state is: 0
Set Net Indication Callback called
Bus state is: 0
Set Net Indication Callback called
Bus state is: 0
Set Net Indication Callback called
Bus state is: 0
Set Net Indication Callback called
Bus state is: 0
Set Net Indication Callback called
Bus state is: 0
Set Net Indication Callback called
Bus state is: 0
Set Net Indication Callback called
Bus state is: 0
Set Net Indication Callback called
Bus state is: 0
Set Net Indication Callback called
Bus state is: 0
Set Net Indication Callback called
Bus state is: 0
Set Net Indication Callback called
Bus state is: 0
Set Net Indication Callback called
Bus state is: 0
Set Net Indication Callback called
Bus state is: 0
Set Net Indication Callback called
Bus state is: 0
Set Net Indication Callback called
Bus state is: 0
Set Net Indication Callback called
Bus state is: 0
Set Net Indication Callback called
Bus state is: 0
Set Net Indication Callback called
Bus state is: 0
Set Net Indication Callback called
Bus state is: 0
Set Net Indication Callback called
Bus state is: 0
Set Net Indication Callback called
Bus state is: 0
Set Net Indication Callback called
Bus state is: 0
Set Net Indication Callback called
Bus state is: 0
Set Net Indication Callback called
Bus state is: 0
Set Net Indication Callback called
Bus state is: 0
Set Net Indication Callback called
Bus state is: 0
Set Net Indication Callback called
Bus state is: 0
Set Net Indication Callback called
Bus state is: 0
Set Net Indication Callback called
Bus state is: 0
Set Net Indication Callback called
Bus state is: 0
Set Net Indication Callback called
Bus state is: 0
Set Net Indication Callback called
Bus state is: 0
Set Net Indication Callback called
Bus state is: 0
Set Net Indication Callback called
Bus state is: 0
Set Net Indication Callback called
Bus state is: 0
Set Net Indication Callback called
Bus state is: 0
Set Net Indication Callback called
Bus state is: 0
Set Net Indication Callback called
Bus state is: 0
Set Net Indication Callback called
Bus state is: 0
Set Net Indication Callback called
Bus state is: 0
Set Net Indication Callback called
Bus state is: 0
Set Net Indication Callback called
Bus state is: 0
Set Net Indication Callback called
Bus state is: 0
Set Net Indication Callback called
Bus state is: 0
Set Net Indication Callback called
Bus state is: 0
Set Net Indication Callback called
Bus state is: 0
Set Net Indication Callback called
Bus state is: 0
Set Net Indication Callback called
Bus state is: 0
Set Net Indication Callback called
Bus state is: 0
Set Net Indication Callback called
Bus state is: 0
Set Net Indication Callback called
Bus state is: 0
Set Net Indication Callback called
Bus state is: 0
Set Net Indication Callback called
Bus state is: 0
Set Net Indication Callback called
Bus state is: 0
Set Net Indication Callback called
Bus state is: 0
Set Net Indication Callback called
Bus state is: 0
Set Net Indication Callback called
Bus state is: 0
Set Net Indication Callback called
Bus state is: 0
Set Net Indication Callback called
Bus state is: 0
Set Net Indication Callback called
Bus state is: 0
Set Net Indication Callback called
Bus state is: 0
Set Net Indication Callback called
Bus state is: 0
Set Net Indication Callback called
Bus state is: 0
Set Net Indication Callback called
Bus state is: 0
Set Net Indication Callback called
Bus state is: 0
Set Net Indication Callback called
Bus state is: 0
Set Net Indication Callback called
Bus state is: 0
Set Net Indication Callback called
Bus state is: 0
Set Net Indication Callback called
Bus state is: 0
Set Net Indication Callback called
Bus state is: 0
Set Net Indication Callback called
Bus state is: 0
Set Net Indication Callback called
Bus state is: 0
Set Net Indication Callback called
Bus state is: 0
Set Net Indication Callback called
Bus state is: 0
Set Net Indication Callback called
Bus state is: 0
Set Net Indication Callback called
Bus state is: 0
Set Net Indication Callback called
Bus state is: 0
Set Net Indication Callback called
Bus state is: 0
Set Net Indication Callback called
Bus state is: 0
Set Net Indication Callback called
Bus state is: 0
Set Net Indication Callback called
Bus state is: 0
Set Net Indication Callback called
Bus state is: 0
Set Net Indication Callback called
Bus state is: 0
Set Net Indication Callback called
Bus state is: 0
Set Net Indication Callback called
Bus state is: 0
Set Net Indication Callback called
Bus state is: 0
Set Net Indication Callback called
Bus state is: 0
Set Net Indication Callback called
Bus state is: 0
Set Net Indication Callback called
Bus state is: 0
Set Net Indication Callback called
Bus state is: 0
Set Net Indication Callback called
Bus state is: 0
Set Net Indication Callback called
Bus state is: 0
Set Net Indication Callback called
Bus state is: 0
Set Net Indication Callback called
Bus state is: 0
Set Net Indication Callback called
Bus state is: 0
Set Net Indication Callback called
Bus state is: 0
Set Net Indication Callback called
Bus state is: 0
Set Net Indication Callback called
Bus state is: 0
Set Net Indication Callback called
Bus state is: 0
Set Net Indication Callback called
Bus state is: 0
Set Net Indication Callback called
Bus state is: 0
Set Net Indication Callback called
Bus state is: 0
Set Net Indication Callback called
Bus state is: 0
Set Net Indication Callback called
Bus state is: 0
Set Net Indication Callback called
Bus state is: 0
Set Net Indication Callback called
Bus state is: 0
Set Net Indication Callback called
Bus state is: 0
Set Net Indication Callback called
Bus state is: 0
Set Net Indication Callback called
Bus state is: 0
Set Net Indication Callback called
Bus state is: 0
Set Net Indication Callback called
Bus state is: 0
Set Net Indication Callback called
Bus state is: 0
Set Net Indication Callback called
Bus state is: 0
Set Net Indication Callback called
Bus state is: 0
Set Net Indication Callback called
Bus state is: 0
Set Net Indication Callback called
Bus state is: 0
Set Net Indication Callback called
Bus state is: 0
Set Net Indication Callback called
Bus state is: 0
Set Net Indication Callback called
Bus state is: 0
Set Net Indication Callback called
Bus state is: 0
Set Net Indication Callback called
Bus state is: 0
Set Net Indication Callback called
Bus state is: 0
Set Net Indication Callback called
Bus state is: 0
Set Net Indication Callback called
Bus state is: 0
Set Net Indication Callback called
Bus state is: 0
Set Net Indication Callback called
Bus state is: 0
Set Net Indication Callback called
Bus state is: 0
Set Net Indication Callback called
Bus state is: 0
Set Net Indication Callback called
Bus state is: 0
Set Net Indication Callback called
Bus state is: 0
Set Net Indication Callback called
Bus state is: 0
Set Net Indication Callback called
Bus state is: 0
Set Net Indication Callback called
Bus state is: 0
Set Net Indication Callback called
Bus state is: 0
Set Net Indication Callback called
Bus state is: 0
Set Net Indication Callback called
Bus state is: 0
Set Net Indication Callback called
Bus state is: 0
Set Net Indication Callback called
Bus state is: 0
Set Net Indication Callback called
Bus state is: 0
Set Net Indication Callback called
Bus state is: 0
Set Net Indication Callback called
Bus state is: 0
Set Net Indication Callback called
Bus state is: 0
Set Net Indication Callback called
Bus state is: 0
Set Net Indication Callback called
Bus state is: 0
Set Net Indication Callback called
Bus state is: 0
Set Net Indication Callback called
Bus state is: 0
Set Net Indication Callback called
Bus state is: 0
Set Net Indication Callback called
Bus state is: 0
Set Net Indication Callback called
Bus state is: 0
Set Net Indication Callback called
Bus state is: 0
Set Net Indication Callback called
Bus state is: 0
Set Net Indication Callback called
Bus state is: 0
Set Net Indication Callback called
Bus state is: 0
Set Net Indication Callback called
Bus state is: 0
Set Net Indication Callback called
Bus state is: 0
Set Net Indication Callback called
Bus state is: 0
Set Net Indication Callback called
Bus state is: 0
Set Net Indication Callback called
Bus state is: 0
Set Net Indication Callback called
Bus state is: 0
Set Net Indication Callback called
Bus state is: 0
Set Net Indication Callback called
Bus state is: 0
Set Net Indication Callback called
Bus state is: 0
Set Net Indication Callback called
Bus state is: 0
Set Net Indication Callback called
Bus state is: 0
Set Net Indication Callback called
Bus state is: 0
Set Net Indication Callback called
Bus state is: 0
Set Net Indication Callback called
Bus state is: 0
Set Net Indication Callback called
Bus state is: 0
Set Net Indication Callback called
Bus state is: 0
Set Net Indication Callback called
Bus state is: 0
Set Net Indication Callback called
Bus state is: 0
Set Net Indication Callback called
Bus state is: 0
Set Net Indication Callback called
Bus state is: 0
Set Net Indication Callback called
Bus state is: 0
Set Net Indication Callback called
Bus state is: 0
Set Net Indication Callback called
Bus state is: 0
Set Net Indication Callback called
Bus state is: 0
Set Net Indication Callback called
Bus state is: 0
Set Net Indication Callback called
Bus state is: 0
Set Net Indication Callback called
Bus state is: 0
Set Net Indication Callback called
Bus state is: 0
Set Net Indication Callback called
Bus state is: 0
Set Net Indication Callback called
Bus state is: 0
Set Net Indication Callback called
Bus state is: 0
Set Net Indication Callback called
Bus state is: 0
Set Net Indication Callback called
Bus state is: 0
Set Net Indication Callback called
Bus state is: 0
Set Net Indication Callback called
Bus state is: 0
Set Net Indication Callback called
Bus state is: 0
Set Net Indication Callback called
Bus state is: 0
Set Net Indication Callback called
Bus state is: 0
Set Net Indication Callback called
Bus state is: 0
Set Net Indication Callback called
Bus state is: 0
Set Net Indication Callback called
Bus state is: 0
Set Net Indication Callback called
Bus state is: 0
Set Net Indication Callback called
Bus state is: 0
Set Net Indication Callback called
Bus state is: 0
Set Net Indication Callback called
Bus state is: 0
Set Net Indication Callback called
Bus state is: 0
Set Net Indication Callback called
Bus state is: 0
Set Net Indication Callback called
Bus state is: 0
Set Net Indication Callback called
Bus state is: 0
Set Net Indication Callback called
Bus state is: 0
Set Net Indication Callback called
Bus state is: 0
Set Net Indication Callback called
Bus state is: 0
Set Net Indication Callback called
Bus state is: 0
Set Net Indication Callback called
Bus state is: 0
Set Net Indication Callback called
Bus state is: 0
Set Net Indication Callback called
Bus state is: 0
Set Net Indication Callback called
Bus state is: 0
Set Net Indication Callback called
Bus state is: 0
Set Net Indication Callback called
Bus state is: 0
Set Net Indication Callback called
Bus state is: 0
Set Net Indication Callback called
Bus state is: 0
Set Net Indication Callback called
Bus state is: 0
Set Net Indication Callback called
Bus state is: 0
Set Net Indication Callback called
Bus state is: 0
Set Net Indication Callback called
Bus state is: 0
Set Net Indication Callback called
Bus state is: 0
Set Net Indication Callback called
Bus state is: 0
Set Net Indication Callback called
Bus state is: 0
Set Net Indication Callback called
Bus state is: 0
Set Net Indication Callback called
Bus state is: 0
Set Net Indication Callback called
Bus state is: 0
Set Net Indication Callback called
Bus state is: 0
Set Net Indication Callback called
Bus state is: 0
Set Net Indication Callback called
Bus state is: 0
Set Net Indication Callback called
Bus state is: 0
Set Net Indication Callback called
Bus state is: 0
Set Net Indication Callback called
Bus state is: 0
Set Net Indication Callback called
Bus state is: 0
Set Net Indication Callback called
Bus state is: 0
Set Net Indication Callback called
Bus state is: 0
Set Net Indication Callback called
Bus state is: 0
Set Net Indication Callback called
Bus state is: 0
Set Net Indication Callback called
Bus state is: 0
Set Net Indication Callback called
Bus state is: 0
Set Net Indication Callback called
Bus state is: 0
Set Net Indication Callback called
Bus state is: 0
Set Net Indication Callback called
Bus state is: 0
Set Net Indication Callback called
Bus state is: 0
Set Net Indication Callback called
Bus state is: 0
Set Net Indication Callback called
Bus state is: 0
Set Net Indication Callback called
Bus state is: 0
Set Net Indication Callback called
Bus state is: 0
Set Net Indication Callback called
Bus state is: 0
Set Net Indication Callback called
Bus state is: 0
Set Net Indication Callback called
Bus state is: 0
Set Net Indication Callback called
Bus state is: 0
Set Net Indication Callback called
Bus state is: 0
Set Net Indication Callback called
Bus state is: 0
Set Net Indication Callback called
Bus state is: 0
Set Net Indication Callback called
Bus state is: 0
Set Net Indication Callback called
Bus state is: 0
Set Net Indication Callback called
Bus state is: 0
Set Net Indication Callback called
Bus state is: 0
Set Net Indication Callback called
Bus state is: 0
Set Net Indication Callback called
Bus state is: 0
Set Net Indication Callback called
Bus state is: 0
Set Net Indication Callback called
Bus state is: 0
Set Net Indication Callback called
Bus state is: 0
Set Net Indication Callback called
Bus state is: 0
Set Net Indication Callback called
Bus state is: 0
Set Net Indication Callback called
Bus state is: 0
Set Net Indication Callback called
Bus state is: 0
Set Net Indication Callback called
Bus state is: 0
Set Net Indication Callback called
Bus state is: 0
Set Net Indication Callback called
Bus state is: 0
Set Net Indication Callback called
Bus state is: 0
Set Net Indication Callback called
Bus state is: 0
Set Net Indication Callback called
Bus state is: 0
Set Net Indication Callback called
Bus state is: 0
Set Net Indication Callback called
Bus state is: 0
Set Net Indication Callback called
Bus state is: 0
Set Net Indication Callback called
Bus state is: 0
Set Net Indication Callback called
Bus state is: 0
Set Net Indication Callback called
Bus state is: 0
Set Net Indication Callback called
Bus state is: 0
Set Net Indication Callback called
Bus state is: 0
Set Net Indication Callback called
Bus state is: 0
Set Net Indication Callback called
Bus state is: 0
Set Net Indication Callback called
Bus state is: 0
Set Net Indication Callback called
Bus state is: 0
Set Net Indication Callback called
Bus state is: 0
Set Net Indication Callback called
Bus state is: 0
Set Net Indication Callback called
Bus state is: 0
Set Net Indication Callback called
Bus state is: 0
Set Net Indication Callback called
Bus state is: 0
Set Net Indication Callback called
Bus state is: 0
Set Net Indication Callback called
Bus state is: 0
Set Net Indication Callback called
Bus state is: 0
Set Net Indication Callback called
Bus state is: 0
Set Net Indication Callback called
Bus state is: 0
Set Net Indication Callback called
Bus state is: 0
Set Net Indication Callback called
Bus state is: 0
Set Net Indication Callback called
Bus state is: 0
Set Net Indication Callback called
Bus state is: 0
Set Net Indication Callback called
Bus state is: 0
Set Net Indication Callback called
Bus state is: 0
Set Net Indication Callback called
Bus state is: 0
Set Net Indication Callback called
Bus state is: 0
Set Net Indication Callback called
Bus state is: 0
Set Net Indication Callback called
Bus state is: 0
Set Net Indication Callback called
Bus state is: 0
Set Net Indication Callback called
Bus state is: 0
Set Net Indication Callback called
Bus state is: 0
Set Net Indication Callback called
Bus state is: 0
Set Net Indication Callback called
Bus state is: 0
Set Net Indication Callback called
Bus state is: 0
Set Net Indication Callback called
Bus state is: 0
Set Net Indication Callback called
Bus state is: 0
Set Net Indication Callback called
Bus state is: 0
Set Net Indication Callback called
Bus state is: 0
Set Net Indication Callback called
Bus state is: 0
Set Net Indication Callback called
Bus state is: 0
Set Net Indication Callback called
Bus state is: 0
Set Net Indication Callback called
Bus state is: 0
Set Net Indication Callback called
Bus state is: 0
Set Net Indication Callback called
Bus state is: 0
Set Net Indication Callback called
Bus state is: 0
Set Net Indication Callback called
Bus state is: 0
Set Net Indication Callback called
Bus state is: 0
Set Net Indication Callback called
Bus state is: 0
Set Net Indication Callback called
Bus state is: 0
Set Net Indication Callback called
Bus state is: 0
Set Net Indication Callback called
Bus state is: 0
Set Net Indication Callback called
Bus state is: 0
Set Net Indication Callback called
Bus state is: 0
Set Net Indication Callback called
Bus state is: 0
Set Net Indication Callback called
Bus state is: 0
Set Net Indication Callback called
Bus state is: 0
Set Net Indication Callback called
Bus state is: 0
Set Net Indication Callback called
Bus state is: 0
Set Net Indication Callback called
Bus state is: 0
Set Net Indication Callback called
Bus state is: 0
Set Net Indication Callback called
Bus state is: 0
Set Net Indication Callback called
Bus state is: 0
Set Net Indication Callback called
Bus state is: 0
Set Net Indication Callback called
Bus state is: 0
Set Net Indication Callback called
Bus state is: 0
Set Net Indication Callback called
Bus state is: 0
Set Net Indication Callback called
Bus state is: 0
Set Net Indication Callback called
Bus state is: 0
Set Net Indication Callback called
Bus state is: 0
Set Net Indication Callback called
Bus state is: 0
Set Net Indication Callback called
Bus state is: 0
Set Net Indication Callback called
Bus state is: 0
Set Net Indication Callback called
Bus state is: 0
Set Net Indication Callback called
Bus state is: 0
Set Net Indication Callback called
Bus state is: 0
Set Net Indication Callback called
Bus state is: 0
Set Net Indication Callback called
Bus state is: 0
Set Net Indication Callback called
Bus state is: 0
Set Net Indication Callback called
Bus state is: 0
Set Net Indication Callback called
Bus state is: 0
Set Net Indication Callback called
Bus state is: 0
Set Net Indication Callback called
Bus state is: 0
Set Net Indication Callback called
Bus state is: 0
Set Net Indication Callback called
Bus state is: 0
Set Net Indication Callback called
Bus state is: 0
Set Net Indication Callback called
Bus state is: 0
Set Net Indication Callback called
Bus state is: 0
Set Net Indication Callback called
Bus state is: 0
Set Net Indication Callback called
Bus state is: 0
Set Net Indication Callback called
Bus state is: 0
Set Net Indication Callback called
Bus state is: 0
Set Net Indication Callback called
Bus state is: 0
Set Net Indication Callback called
Bus state is: 0
Set Net Indication Callback called
Bus state is: 0
Set Net Indication Callback called
Bus state is: 0
Set Net Indication Callback called
Bus state is: 0
Set Net Indication Callback called
Bus state is: 0
Set Net Indication Callback called
Bus state is: 0
Set Net Indication Callback called
Bus state is: 0
Set Net Indication Callback called
Bus state is: 0
Set Net Indication Callback called
Bus state is: 0
Set Net Indication Callback called
Bus state is: 0
Set Net Indication Callback called
Bus state is: 0
Set Net Indication Callback called
Bus state is: 0
Set Net Indication Callback called
Bus state is: 0
Set Net Indication Callback called
Bus state is: 0
Set Net Indication Callback called
Bus state is: 0
Set Net Indication Callback called
Bus state is: 0
Set Net Indication Callback called
Bus state is: 0
Set Net Indication Callback called
Bus state is: 0
Set Net Indication Callback called
Bus state is: 0
Set Net Indication Callback called
Bus state is: 0
Set Net Indication Callback called
Bus state is: 0
Set Net Indication Callback called
Bus state is: 0
Set Net Indication Callback called
Bus state is: 0
Set Net Indication Callback called
Bus state is: 0
Set Net Indication Callback called
Bus state is: 0
Set Net Indication Callback called
Bus state is: 0
Set Net Indication Callback called
Bus state is: 0
Set Net Indication Callback called
Bus state is: 0
Set Net Indication Callback called
Bus state is: 0
Set Net Indication Callback called
Bus state is: 0
Set Net Indication Callback called
Bus state is: 0
Set Net Indication Callback called
Bus state is: 0
Set Net Indication Callback called
Bus state is: 0
Set Net Indication Callback called
Bus state is: 0
Set Net Indication Callback called
Bus state is: 0
Set Net Indication Callback called
Bus state is: 0
Set Net Indication Callback called
Bus state is: 0
Set Net Indication Callback called
Bus state is: 0
Set Net Indication Callback called
Bus state is: 0
Set Net Indication Callback called
Bus state is: 0
Set Net Indication Callback called
Bus state is: 0
Set Net Indication Callback called
Bus state is: 0
Set Net Indication Callback called
Bus state is: 0
Set Net Indication Callback called
Bus state is: 0
Set Net Indication Callback called
Bus state is: 0
Set Net Indication Callback called
Bus state is: 0
Set Net Indication Callback called
Bus state is: 0
Set Net Indication Callback called
Bus state is: 0
Set Net Indication Callback called
Bus state is: 0
Set Net Indication Callback called
Bus state is: 0
Set Net Indication Callback called
Bus state is: 0
Set Net Indication Callback called
Bus state is: 0
Set Net Indication Callback called
Bus state is: 0
Set Net Indication Callback called
Bus state is: 0
Set Net Indication Callback called
Bus state is: 0
Set Net Indication Callback called
Bus state is: 0
Set Net Indication Callback called
Bus state is: 0
Set Net Indication Callback called
Bus state is: 0
Set Net Indication Callback called
Bus state is: 0
Set Net Indication Callback called
Bus state is: 0
Set Net Indication Callback called
Bus state is: 0
Set Net Indication Callback called
Bus state is: 0
Set Net Indication Callback called
Bus state is: 0
Set Net Indication Callback called
Bus state is: 0
Set Net Indication Callback called
Bus state is: 0
Set Net Indication Callback called
Bus state is: 0
Set Net Indication Callback called
Bus state is: 0
Set Net Indication Callback called
Bus state is: 0
Set Net Indication Callback called
Bus state is: 0
Set Net Indication Callback called
Bus state is: 0
Set Net Indication Callback called
Bus state is: 0
Set Net Indication Callback called
Bus state is: 0
Set Net Indication Callback called
Bus state is: 0
Set Net Indication Callback called
Bus state is: 0
Set Net Indication Callback called
Bus state is: 0
Set Net Indication Callback called
Bus state is: 0
Set Net Indication Callback called
Bus state is: 0
Set Net Indication Callback called
Bus state is: 0
Set Net Indication Callback called
Bus state is: 0
Set Net Indication Callback called
Bus state is: 0
Set Net Indication Callback called
Bus state is: 0
Set Net Indication Callback called
Bus state is: 0
Set Net Indication Callback called
Bus state is: 0
Set Net Indication Callback called
Bus state is: 0
Set Net Indication Callback called
Bus state is: 0
Set Net Indication Callback called
Bus state is: 0
Set Net Indication Callback called
Bus state is: 0
Set Net Indication Callback called
Bus state is: 0
Set Net Indication Callback called
Bus state is: 0
Set Net Indication Callback called
Bus state is: 0
Set Net Indication Callback called
Bus state is: 0
Set Net Indication Callback called
Bus state is: 0
Set Net Indication Callback called
Bus state is: 0
Set Net Indication Callback called
Bus state is: 0
Set Net Indication Callback called
Bus state is: 0
Set Net Indication Callback called
Bus state is: 0
Set Net Indication Callback called
Bus state is: 0
Set Net Indication Callback called
Bus state is: 0
Set Net Indication Callback called
Bus state is: 0
Set Net Indication Callback called
Bus state is: 0
Set Net Indication Callback called
Bus state is: 0
Set Net Indication Callback called
Bus state is: 0
Set Net Indication Callback called
Bus state is: 0
Set Net Indication Callback called
Bus state is: 0
Set Net Indication Callback called
Bus state is: 0
Set Net Indication Callback called
Bus state is: 0
Set Net Indication Callback called
Bus state is: 0
Set Net Indication Callback called
Bus state is: 0
Set Net Indication Callback called
Bus state is: 0
Set Net Indication Callback called
Bus state is: 0
Set Net Indication Callback called
Bus state is: 0
Set Net Indication Callback called
Bus state is: 0
Set Net Indication Callback called
Bus state is: 0
Set Net Indication Callback called
Bus state is: 0
Set Net Indication Callback called
Bus state is: 0
Set Net Indication Callback called
Bus state is: 0
Set Net Indication Callback called
Bus state is: 0
Set Net Indication Callback called
Bus state is: 0
Set Net Indication Callback called
Bus state is: 0
Set Net Indication Callback called
Bus state is: 0
Set Net Indication Callback called
Bus state is: 0
Set Net Indication Callback called
Bus state is: 0
Set Net Indication Callback called
Bus state is: 0
Set Net Indication Callback called
Bus state is: 0
Set Net Indication Callback called
Bus state is: 0
Set Net Indication Callback called
Bus state is: 0
Set Net Indication Callback called
Bus state is: 0
Set Net Indication Callback called
Bus state is: 0
Set Net Indication Callback called
Bus state is: 0
Set Net Indication Callback called
Bus state is: 0
Set Net Indication Callback called
Bus state is: 0
Set Net Indication Callback called
Bus state is: 0
Set Net Indication Callback called
Bus state is: 0
Set Net Indication Callback called
Bus state is: 0
Set Net Indication Callback called
Bus state is: 0
Set Net Indication Callback called
Bus state is: 0
Set Net Indication Callback called
Bus state is: 0
Set Net Indication Callback called
Bus state is: 0
Set Net Indication Callback called
Bus state is: 0
Set Net Indication Callback called
Bus state is: 0
Set Net Indication Callback called
Bus state is: 0
Set Net Indication Callback called
Bus state is: 0
Set Net Indication Callback called
Bus state is: 0
Set Net Indication Callback called
Bus state is: 0
Set Net Indication Callback called
Bus state is: 0
Set Net Indication Callback called
Bus state is: 0
Set Net Indication Callback called
Bus state is: 0
Set Net Indication Callback called
Bus state is: 0
Set Net Indication Callback called
Bus state is: 0
Set Net Indication Callback called
Bus state is: 0
Set Net Indication Callback called
Bus state is: 0
Set Net Indication Callback called
Bus state is: 0
Set Net Indication Callback called
Bus state is: 0
Set Net Indication Callback called
Bus state is: 0
Set Net Indication Callback called
Bus state is: 0
Set Net Indication Callback called
Bus state is: 0
Set Net Indication Callback called
Bus state is: 0
Set Net Indication Callback called
Bus state is: 0
Set Net Indication Callback called
Bus state is: 0
Set Net Indication Callback called
Bus state is: 0
Set Net Indication Callback called
Bus state is: 0
Set Net Indication Callback called
Bus state is: 0
Set Net Indication Callback called
Bus state is: 0
Set Net Indication Callback called
Bus state is: 0
Set Net Indication Callback called
Bus state is: 0
Set Net Indication Callback called
Bus state is: 0
Set Net Indication Callback called
Bus state is: 0
Set Net Indication Callback called
Bus state is: 0
Set Net Indication Callback called
Bus state is: 0
Set Net Indication Callback called
Bus state is: 0
Set Net Indication Callback called
Bus state is: 0
Set Net Indication Callback called
Bus state is: 0
Set Net Indication Callback called
Bus state is: 0
Set Net Indication Callback called
Bus state is: 0
Set Net Indication Callback called
Bus state is: 0
Set Net Indication Callback called
Bus state is: 0
Set Net Indication Callback called
Bus state is: 0
Set Net Indication Callback called
Bus state is: 0
Set Net Indication Callback called
Bus state is: 0
Set Net Indication Callback called
Bus state is: 0
Set Net Indication Callback called
Bus state is: 0
Set Net Indication Callback called
Bus state is: 0
Set Net Indication Callback called
Bus state is: 0
Set Net Indication Callback called
Bus state is: 0
Set Net Indication Callback called
Bus state is: 0
Set Net Indication Callback called
Bus state is: 0
Set Net Indication Callback called
Bus state is: 0
Set Net Indication Callback called
Bus state is: 0
Set Net Indication Callback called
Bus state is: 0
Set Net Indication Callback called
Bus state is: 0
Set Net Indication Callback called
Bus state is: 0
Set Net Indication Callback called
Bus state is: 0
Set Net Indication Callback called
Bus state is: 0
Set Net Indication Callback called
Bus state is: 0
Set Net Indication Callback called
Bus state is: 0
Set Net Indication Callback called
Bus state is: 0
Set Net Indication Callback called
Bus state is: 0
Set Net Indication Callback called
Bus state is: 0
Set Net Indication Callback called
Bus state is: 0
Set Net Indication Callback called
Bus state is: 0
Set Net Indication Callback called
Bus state is: 0
Set Net Indication Callback called
Bus state is: 0
Set Net Indication Callback called
Bus state is: 0
Set Net Indication Callback called
Bus state is: 0
Set Net Indication Callback called
Bus state is: 0
Set Net Indication Callback called
Bus state is: 0
Set Net Indication Callback called
Bus state is: 0
Set Net Indication Callback called
Bus state is: 0
Set Net Indication Callback called
Bus state is: 0
Set Net Indication Callback called
Bus state is: 0
Set Net Indication Callback called
Bus state is: 0
Set Net Indication Callback called
Bus state is: 0
Set Net Indication Callback called
Bus state is: 0
Set Net Indication Callback called
Bus state is: 0
Set Net Indication Callback called
Bus state is: 0
Set Net Indication Callback called
Bus state is: 0
Set Net Indication Callback called
Bus state is: 0
Set Net Indication Callback called
Bus state is: 0
Set Net Indication Callback called
Bus state is: 0
Set Net Indication Callback called
Bus state is: 0
Set Net Indication Callback called
Bus state is: 0
Set Net Indication Callback called
Bus state is: 0
Set Net Indication Callback called
Bus state is: 0
Set Net Indication Callback called
Bus state is: 0
Set Net Indication Callback called
Bus state is: 0
Set Net Indication Callback called
Bus state is: 0
Set Net Indication Callback called
Bus state is: 0
Set Net Indication Callback called
Bus state is: 0
Set Net Indication Callback called
Bus state is: 0
Set Net Indication Callback called
Bus state is: 0
Set Net Indication Callback called
Bus state is: 0
Set Net Indication Callback called
Bus state is: 0
Set Net Indication Callback called
Bus state is: 0
Set Net Indication Callback called
Bus state is: 0
Set Net Indication Callback called
Bus state is: 0
Set Net Indication Callback called
Bus state is: 0
Set Net Indication Callback called
Bus state is: 0
Set Net Indication Callback called
Bus state is: 0
Set Net Indication Callback called
Bus state is: 0
Set Net Indication Callback called
Bus state is: 0
Set Net Indication Callback called
Bus state is: 0
Set Net Indication Callback called
Bus state is: 0
Set Net Indication Callback called
Bus state is: 0
Set Net Indication Callback called
Bus state is: 0
Set Net Indication Callback called
Bus state is: 0
Set Net Indication Callback called
Bus state is: 0
Set Net Indication Callback called
Bus state is: 0
Set Net Indication Callback called
Bus state is: 0
Set Net Indication Callback called
Bus state is: 0
Set Net Indication Callback called
Bus state is: 0
Set Net Indication Callback called
Bus state is: 0
Set Net Indication Callback called
Bus state is: 0
Set Net Indication Callback called
Bus state is: 0
Set Net Indication Callback called
Bus state is: 0
Set Net Indication Callback called
Bus state is: 0
Set Net Indication Callback called
Bus state is: 0
Set Net Indication Callback called
Bus state is: 0
Set Net Indication Callback called
Bus state is: 0
Set Net Indication Callback called
Bus state is: 0
Set Net Indication Callback called
Bus state is: 0
Set Net Indication Callback called
Bus state is: 0
Set Net Indication Callback called
Bus state is: 0
Set Net Indication Callback called
Bus state is: 0
Set Net Indication Callback called
Bus state is: 0
Set Net Indication Callback called
Bus state is: 0
Set Net Indication Callback called
Bus state is: 0
Set Net Indication Callback called
Bus state is: 0
Set Net Indication Callback called
Bus state is: 0
Set Net Indication Callback called
Bus state is: 0
Set Net Indication Callback called
Bus state is: 0
Set Net Indication Callback called
Bus state is: 0
Set Net Indication Callback called
Bus state is: 0
Set Net Indication Callback called
Bus state is: 0
Set Net Indication Callback called
Bus state is: 0
Set Net Indication Callback called
Bus state is: 0
Set Net Indication Callback called
Bus state is: 0
Set Net Indication Callback called
Bus state is: 0
Set Net Indication Callback called
Bus state is: 0
Set Net Indication Callback called
Bus state is: 0
Set Net Indication Callback called
Bus state is: 0
Set Net Indication Callback called
Bus state is: 0
Set Net Indication Callback called
Bus state is: 0
Set Net Indication Callback called
Bus state is: 0
Set Net Indication Callback called
Bus state is: 0
Set Net Indication Callback called
Bus state is: 0
Set Net Indication Callback called
Bus state is: 0
Set Net Indication Callback called
Bus state is: 0
Set Net Indication Callback called
Bus state is: 0
Set Net Indication Callback called
Bus state is: 0
Set Net Indication Callback called
Bus state is: 0
Set Net Indication Callback called
Bus state is: 0
Set Net Indication Callback called
Bus state is: 0
Set Net Indication Callback called
Bus state is: 0
Set Net Indication Callback called
Bus state is: 0
Set Net Indication Callback called
Bus state is: 0
Set Net Indication Callback called
Bus state is: 0
Set Net Indication Callback called
Bus state is: 0
Set Net Indication Callback called
Bus state is: 0
Set Net Indication Callback called
Bus state is: 0
Set Net Indication Callback called
Bus state is: 0
Set Net Indication Callback called
Bus state is: 0
Set Net Indication Callback called
Bus state is: 0
Set Net Indication Callback called
Bus state is: 0
Set Net Indication Callback called
Bus state is: 0
Set Net Indication Callback called
Bus state is: 0
Set Net Indication Callback called
Bus state is: 0
Set Net Indication Callback called
Bus state is: 0
Set Net Indication Callback called
Bus state is: 0
Set Net Indication Callback called
Bus state is: 0
Set Net Indication Callback called
Bus state is: 0
Set Net Indication Callback called
Bus state is: 0
Set Net Indication Callback called
Bus state is: 0
Set Net Indication Callback called
Bus state is: 0
Set Net Indication Callback called
Bus state is: 0
Set Net Indication Callback called
Bus state is: 0
Set Net Indication Callback called
Bus state is: 0
Set Net Indication Callback called
Bus state is: 0
Set Net Indication Callback called
Bus state is: 0
Set Net Indication Callback called
Bus state is: 0
Set Net Indication Callback called
Bus state is: 0
Set Net Indication Callback called
Bus state is: 0
Set Net Indication Callback called
Bus state is: 0
Set Net Indication Callback called
Bus state is: 0
Set Net Indication Callback called
Bus state is: 0
Set Net Indication Callback called
Bus state is: 0
Set Net Indication Callback called
Bus state is: 0
Set Net Indication Callback called
Bus state is: 0
Set Net Indication Callback called
Bus state is: 0
Set Net Indication Callback called
Bus state is: 0
Set Net Indication Callback called
Bus state is: 0
Set Net Indication Callback called
Bus state is: 0
Set Net Indication Callback called
Bus state is: 0
Set Net Indication Callback called
Bus state is: 0
Set Net Indication Callback called
Bus state is: 0
Set Net Indication Callback called
Bus state is: 0
Set Net Indication Callback called
Bus state is: 0
Set Net Indication Callback called
Bus state is: 0
Set Net Indication Callback called
Bus state is: 0
Set Net Indication Callback called
Bus state is: 0
Set Net Indication Callback called
Bus state is: 0
Set Net Indication Callback called
Bus state is: 0
Set Net Indication Callback called
Bus state is: 0
Set Net Indication Callback called
Bus state is: 0
Set Net Indication Callback called
Bus state is: 0
Set Net Indication Callback called
Bus state is: 0
Set Net Indication Callback called
Bus state is: 0
Set Net Indication Callback called
Bus state is: 0
Set Net Indication Callback called
Bus state is: 0
Set Net Indication Callback called
Bus state is: 0
Set Net Indication Callback called
Bus state is: 0
Set Net Indication Callback called
Bus state is: 0
Set Net Indication Callback called
Bus state is: 0
Set Net Indication Callback called
Bus state is: 0
Set Net Indication Callback called
Bus state is: 0
Set Net Indication Callback called
Bus state is: 0
Set Net Indication Callback called
Bus state is: 0
Set Net Indication Callback called
Bus state is: 0
Set Net Indication Callback called
Bus state is: 0
Set Net Indication Callback called
Bus state is: 0
Set Net Indication Callback called
Bus state is: 0
Set Net Indication Callback called
Bus state is: 0
Set Net Indication Callback called
Bus state is: 0
Set Net Indication Callback called
Bus state is: 0
Set Net Indication Callback called
Bus state is: 0
Set Net Indication Callback called
Bus state is: 0
Set Net Indication Callback called
Bus state is: 0
Set Net Indication Callback called
Bus state is: 0
Set Net Indication Callback called
Bus state is: 0
Set Net Indication Callback called
Bus state is: 0
Set Net Indication Callback called
Bus state is: 0
Set Net Indication Callback called
Bus state is: 0
Set Net Indication Callback called
Bus state is: 0
Set Net Indication Callback called
Bus state is: 0
Set Net Indication Callback called
Bus state is: 0
Set Net Indication Callback called
Bus state is: 0
Set Net Indication Callback called
Bus state is: 0
Set Net Indication Callback called
Bus state is: 0
Set Net Indication Callback called
Bus state is: 0
Set Net Indication Callback called
Bus state is: 0
Set Net Indication Callback called
Bus state is: 0
Set Net Indication Callback called
Bus state is: 0
Set Net Indication Callback called
Bus state is: 0
Set Net Indication Callback called
Bus state is: 0
Set Net Indication Callback called
Bus state is: 0
Set Net Indication Callback called
Bus state is: 0
Set Net Indication Callback called
Bus state is: 0
Set Net Indication Callback called
Bus state is: 0
Set Net Indication Callback called
Bus state is: 0
Set Net Indication Callback called
Bus state is: 0
Set Net Indication Callback called
Bus state is: 0
Set Net Indication Callback called
Bus state is: 0
Set Net Indication Callback called
Bus state is: 0
Set Net Indication Callback called
Bus state is: 0
Set Net Indication Callback called
Bus state is: 0
Set Net Indication Callback called
Bus state is: 0
Set Net Indication Callback called
Bus state is: 0
Set Net Indication Callback called
Bus state is: 0
Set Net Indication Callback called
Bus state is: 0
Set Net Indication Callback called
Bus state is: 0
Set Net Indication Callback called
Bus state is: 0
Set Net Indication Callback called
Bus state is: 0
Set Net Indication Callback called
Bus state is: 0
Set Net Indication Callback called
Bus state is: 0
Set Net Indication Callback called
Bus state is: 0
Set Net Indication Callback called
Bus state is: 0
Set Net Indication Callback called
Bus state is: 0
Set Net Indication Callback called
Bus state is: 0
Set Net Indication Callback called
Bus state is: 0
Set Net Indication Callback called
Bus state is: 0
Set Net Indication Callback called
Bus state is: 0
Set Net Indication Callback called
Bus state is: 0
Set Net Indication Callback called
Bus state is: 0
Set Net Indication Callback called
Bus state is: 0
Set Net Indication Callback called
Bus state is: 0
Set Net Indication Callback called
Bus state is: 0
Set Net Indication Callback called
Bus state is: 0
Set Net Indication Callback called
Bus state is: 0
Set Net Indication Callback called
Bus state is: 0
Set Net Indication Callback called
Bus state is: 0
Set Net Indication Callback called
Bus state is: 0
Set Net Indication Callback called
Bus state is: 0
Set Net Indication Callback called
Bus state is: 0
Set Net Indication Callback called
Bus state is: 0
Set Net Indication Callback called
Bus state is: 0
Set Net Indication Callback called
Bus state is: 0
Set Net Indication Callback called
Bus state is: 0
Set Net Indication Callback called
Bus state is: 0
Set Net Indication Callback called
Bus state is: 0
Set Net Indication Callback called
Bus state is: 0
Set Net Indication Callback called
Bus state is: 0
Set Net Indication Callback called
Bus state is: 0
Set Net Indication Callback called
Bus state is: 0
Set Net Indication Callback called
Bus state is: 0
Set Net Indication Callback called
Bus state is: 0
Set Net Indication Callback called
Bus state is: 0
Set Net Indication Callback called
Bus state is: 0
Set Net Indication Callback called
Bus state is: 0
Set Net Indication Callback called
Bus state is: 0
Set Net Indication Callback called
Bus state is: 0
Set Net Indication Callback called
Bus state is: 0
Set Net Indication Callback called
Bus state is: 0
Set Net Indication Callback called
Bus state is: 0
Set Net Indication Callback called
Bus state is: 0
Set Net Indication Callback called
Bus state is: 0
Set Net Indication Callback called
Bus state is: 0
Set Net Indication Callback called
Bus state is: 0
Set Net Indication Callback called
Bus state is: 0
Set Net Indication Callback called
Bus state is: 0
Set Net Indication Callback called
Bus state is: 0
Set Net Indication Callback called
Bus state is: 0
Set Net Indication Callback called
Bus state is: 0
Set Net Indication Callback called
Bus state is: 0
Set Net Indication Callback called
Bus state is: 0
Set Net Indication Callback called
Bus state is: 0
Set Net Indication Callback called
Bus state is: 0
Set Net Indication Callback called
Bus state is: 0
Set Net Indication Callback called
Bus state is: 0
Set Net Indication Callback called
Bus state is: 0
Set Net Indication Callback called
Bus state is: 0
Set Net Indication Callback called
Bus state is: 0
Set Net Indication Callback called
Bus state is: 0
Set Net Indication Callback called
Bus state is: 0
Set Net Indication Callback called
Bus state is: 0
Set Net Indication Callback called
Bus state is: 0
Set Net Indication Callback called
Bus state is: 0
Set Net Indication Callback called
Bus state is: 0
Set Net Indication Callback called
Bus state is: 0
Set Net Indication Callback called
Bus state is: 0
Set Net Indication Callback called
Bus state is: 0
Set Net Indication Callback called
Bus state is: 0
Set Net Indication Callback called
Bus state is: 0
Set Net Indication Callback called
Bus state is: 0
Set Net Indication Callback called
Bus state is: 0
Set Net Indication Callback called
Bus state is: 0
Set Net Indication Callback called
Bus state is: 0
Set Net Indication Callback called
Bus state is: 0
Set Net Indication Callback called
Bus state is: 0
Set Net Indication Callback called
Bus state is: 0
Set Net Indication Callback called
Bus state is: 0
Set Net Indication Callback called
Bus state is: 0
Set Net Indication Callback called
Bus state is: 0
Set Net Indication Callback called
Bus state is: 0
Set Net Indication Callback called
Bus state is: 0
Set Net Indication Callback called
Bus state is: 0
Set Net Indication Callback called
Bus state is: 0
Set Net Indication Callback called
Bus state is: 0
Set Net Indication Callback called
Bus state is: 0
Set Net Indication Callback called
Bus state is: 0
Set Net Indication Callback called
Bus state is: 0
Set Net Indication Callback called
Bus state is: 0
Set Net Indication Callback called
Bus state is: 0
Set Net Indication Callback called
Bus state is: 0
Set Net Indication Callback called
Bus state is: 0
Set Net Indication Callback called
Bus state is: 0
Set Net Indication Callback called
Bus state is: 0
Set Net Indication Callback called
Bus state is: 0
Set Net Indication Callback called
Bus state is: 0
Set Net Indication Callback called
Bus state is: 0
Set Net Indication Callback called
Bus state is: 0
Set Net Indication Callback called
Bus state is: 0
Set Net Indication Callback called
Bus state is: 0
Set Net Indication Callback called
Bus state is: 0
Set Net Indication Callback called
Bus state is: 0
Set Net Indication Callback called
Bus state is: 0
Set Net Indication Callback called
Bus state is: 0
Set Net Indication Callback called
Bus state is: 0
Set Net Indication Callback called
Bus state is: 0
Set Net Indication Callback called
Bus state is: 0
Set Net Indication Callback called
Bus state is: 0
Set Net Indication Callback called
Bus state is: 0
Set Net Indication Callback called
Bus state is: 0
Set Net Indication Callback called
Bus state is: 0
Set Net Indication Callback called
Bus state is: 0
Set Net Indication Callback called
Bus state is: 0
Set Net Indication Callback called
Bus state is: 0
Set Net Indication Callback called
Bus state is: 0
Set Net Indication Callback called
Bus state is: 0
Set Net Indication Callback called
Bus state is: 0
Set Net Indication Callback called
Bus state is: 0
Set Net Indication Callback called
Bus state is: 0
Set Net Indication Callback called
Bus state is: 0
Set Net Indication Callback called
Bus state is: 0
Set Net Indication Callback called
Bus state is: 0
Set Net Indication Callback called
Bus state is: 0
Set Net Indication Callback called
Bus state is: 0
Set Net Indication Callback called
Bus state is: 0
Set Net Indication Callback called
Bus state is: 0
Set Net Indication Callback called
Bus state is: 0
Set Net Indication Callback called
Bus state is: 0
Set Net Indication Callback called
Bus state is: 0
Set Net Indication Callback called
Bus state is: 0
Set Net Indication Callback called
Bus state is: 0
Set Net Indication Callback called
Bus state is: 0
Set Net Indication Callback called
Bus state is: 0
Set Net Indication Callback called
Bus state is: 0
Set Net Indication Callback called
Bus state is: 0
Set Net Indication Callback called
Bus state is: 0
Set Net Indication Callback called
Bus state is: 0
Set Net Indication Callback called
Bus state is: 0
Set Net Indication Callback called
Bus state is: 0
Set Net Indication Callback called
Bus state is: 0
Set Net Indication Callback called
Bus state is: 0
Set Net Indication Callback called
Bus state is: 0
Set Net Indication Callback called
Bus state is: 0
Set Net Indication Callback called
Bus state is: 0
Set Net Indication Callback called
Bus state is: 0
Set Net Indication Callback called
Bus state is: 0
Set Net Indication Callback called
Bus state is: 0
Set Net Indication Callback called
Bus state is: 0
Set Net Indication Callback called
Bus state is: 0
Set Net Indication Callback called
Bus state is: 0
Set Net Indication Callback called
Bus state is: 0
Set Net Indication Callback called
Bus state is: 0
Set Net Indication Callback called
Bus state is: 0
Set Net Indication Callback called
Bus state is: 0
Set Net Indication Callback called
Bus state is: 0
Set Net Indication Callback called
Bus state is: 0
Set Net Indication Callback called
Bus state is: 0
Set Net Indication Callback called
Bus state is: 0
Set Net Indication Callback called
Bus state is: 0
Set Net Indication Callback called
Bus state is: 0
Set Net Indication Callback called
Bus state is: 0
Set Net Indication Callback called
Bus state is: 0
Set Net Indication Callback called
Bus state is: 0
Set Net Indication Callback called
Bus state is: 0
Set Net Indication Callback called
Bus state is: 0
Set Net Indication Callback called
Bus state is: 0
Set Net Indication Callback called
Bus state is: 0
Set Net Indication Callback called
Bus state is: 0
Set Net Indication Callback called
Bus state is: 0
Set Net Indication Callback called
Bus state is: 0
Set Net Indication Callback called
Bus state is: 0
Set Net Indication Callback called
Bus state is: 0
Set Net Indication Callback called
Bus state is: 0
Set Net Indication Callback called
Bus state is: 0
Set Net Indication Callback called
Bus state is: 0
Set Net Indication Callback called
Bus state is: 0
Set Net Indication Callback called
Bus state is: 0
Set Net Indication Callback called
Bus state is: 0
Set Net Indication Callback called
Bus state is: 0
Set Net Indication Callback called
Bus state is: 0
Set Net Indication Callback called
Bus state is: 0
Set Net Indication Callback called
Bus state is: 0
Set Net Indication Callback called
Bus state is: 0
Set Net Indication Callback called
Bus state is: 0
Set Net Indication Callback called
Bus state is: 0
Set Net Indication Callback called
Bus state is: 0
Set Net Indication Callback called
Bus state is: 0
Set Net Indication Callback called
Bus state is: 0
Set Net Indication Callback called
Bus state is: 0
Set Net Indication Callback called
Bus state is: 0
Set Net Indication Callback called
Bus state is: 0
Set Net Indication Callback called
Bus state is: 0
Set Net Indication Callback called
Bus state is: 0
Set Net Indication Callback called
Bus state is: 0
Set Net Indication Callback called
Bus state is: 0
Set Net Indication Callback called
Bus state is: 0
Set Net Indication Callback called
Bus state is: 0
Set Net Indication Callback called
Bus state is: 0
Set Net Indication Callback called
Bus state is: 0
Set Net Indication Callback called
Bus state is: 0
Set Net Indication Callback called
Bus state is: 0
Set Net Indication Callback called
Bus state is: 0
Set Net Indication Callback called
Bus state is: 0
Set Net Indication Callback called
Bus state is: 0
Set Net Indication Callback called
Bus state is: 0
Set Net Indication Callback called
Bus state is: 0
Set Net Indication Callback called
Bus state is: 0
Set Net Indication Callback called
Bus state is: 0
Set Net Indication Callback called
Bus state is: 0
Set Net Indication Callback called
Bus state is: 0
Set Net Indication Callback called
Bus state is: 0
Set Net Indication Callback called
Bus state is: 0
Set Net Indication Callback called
Bus state is: 0
Set Net Indication Callback called
Bus state is: 0
Set Net Indication Callback called
Bus state is: 0
Set Net Indication Callback called
Bus state is: 0
Set Net Indication Callback called
Bus state is: 0
Set Net Indication Callback called
Bus state is: 0
Set Net Indication Callback called
Bus state is: 0
Set Net Indication Callback called
Bus state is: 0
Set Net Indication Callback called
Bus state is: 0
Set Net Indication Callback called
Bus state is: 0
Set Net Indication Callback called
Bus state is: 0
Set Net Indication Callback called
Bus state is: 0
Set Net Indication Callback called
Bus state is: 0
Set Net Indication Callback called
Bus state is: 0
Set Net Indication Callback called
Bus state is: 0
Set Net Indication Callback called
Bus state is: 0
Set Net Indication Callback called
Bus state is: 0
Set Net Indication Callback called
Bus state is: 0
Set Net Indication Callback called
Bus state is: 0
Set Net Indication Callback called
Bus state is: 0
Set Net Indication Callback called
Bus state is: 0
Set Net Indication Callback called
Bus state is: 0
Set Net Indication Callback called
Bus state is: 0
Set Net Indication Callback called
Bus state is: 0
Set Net Indication Callback called
Bus state is: 0
Set Net Indication Callback called
Bus state is: 0
Set Net Indication Callback called
Bus state is: 0
Set Net Indication Callback called
Bus state is: 0
Set Net Indication Callback called
Bus state is: 0
Set Net Indication Callback called
Bus state is: 0
Set Net Indication Callback called
Bus state is: 0
Set Net Indication Callback called
Bus state is: 0
Set Net Indication Callback called
Bus state is: 0
Set Net Indication Callback called
Bus state is: 0
Set Net Indication Callback called
Bus state is: 0
Set Net Indication Callback called
Bus state is: 0
Set Net Indication Callback called
Bus state is: 0
Set Net Indication Callback called
Bus state is: 0
Set Net Indication Callback called
Bus state is: 0
Set Net Indication Callback called
Bus state is: 0
Set Net Indication Callback called
Bus state is: 0
Set Net Indication Callback called
Bus state is: 0
Set Net Indication Callback called
Bus state is: 0
Set Net Indication Callback called
Bus state is: 0
Set Net Indication Callback called
Bus state is: 0
Set Net Indication Callback called
Bus state is: 0
Set Net Indication Callback called
Bus state is: 0
Set Net Indication Callback called
Bus state is: 0
Set Net Indication Callback called
Bus state is: 0
Set Net Indication Callback called
Bus state is: 0
Set Net Indication Callback called
Bus state is: 0
Set Net Indication Callback called
Bus state is: 0
Set Net Indication Callback called
Bus state is: 0
Set Net Indication Callback called
Bus state is: 0
Set Net Indication Callback called
Bus state is: 0
Set Net Indication Callback called
Bus state is: 0
Set Net Indication Callback called
Bus state is: 0
Set Net Indication Callback called
Bus state is: 0
Set Net Indication Callback called
Bus state is: 0
Set Net Indication Callback called
Bus state is: 0
Set Net Indication Callback called
Bus state is: 0
Set Net Indication Callback called
Bus state is: 0
Set Net Indication Callback called
Bus state is: 0
Set Net Indication Callback called
Bus state is: 0
Set Net Indication Callback called
Bus state is: 0
Set Net Indication Callback called
Bus state is: 0
Set Net Indication Callback called
Bus state is: 0
Set Net Indication Callback called
Bus state is: 0
Set Net Indication Callback called
Bus state is: 0
Set Net Indication Callback called
Bus state is: 0
Set Net Indication Callback called
Bus state is: 0
Set Net Indication Callback called
Bus state is: 0
Set Net Indication Callback called
Bus state is: 0
Set Net Indication Callback called
Bus state is: 0
Set Net Indication Callback called
Bus state is: 0
Set Net Indication Callback called
Bus state is: 0
Set Net Indication Callback called
Bus state is: 0
Set Net Indication Callback called
Bus state is: 0
Set Net Indication Callback called
Bus state is: 0
Set Net Indication Callback called
Bus state is: 0
Set Net Indication Callback called
Bus state is: 0
Set Net Indication Callback called
Bus state is: 0
Set Net Indication Callback called
Bus state is: 0
Set Net Indication Callback called
Bus state is: 0
Set Net Indication Callback called
Bus state is: 0
Set Net Indication Callback called
Bus state is: 0
Set Net Indication Callback called
Bus state is: 0
Set Net Indication Callback called
Bus state is: 0
Set Net Indication Callback called
Bus state is: 0
Set Net Indication Callback called
Bus state is: 0
Set Net Indication Callback called
Bus state is: 0
Set Net Indication Callback called
Bus state is: 0
Set Net Indication Callback called
Bus state is: 0
Set Net Indication Callback called
Bus state is: 0
Set Net Indication Callback called
Bus state is: 0
Set Net Indication Callback called
Bus state is: 0
Set Net Indication Callback called
Bus state is: 0
Set Net Indication Callback called
Bus state is: 0
Set Net Indication Callback called
Bus state is: 0
Set Net Indication Callback called
Bus state is: 0
Set Net Indication Callback called
Bus state is: 0
Set Net Indication Callback called
Bus state is: 0
Set Net Indication Callback called
Bus state is: 0
Set Net Indication Callback called
Bus state is: 0
Set Net Indication Callback called
Bus state is: 0
Set Net Indication Callback called
Bus state is: 0
Set Net Indication Callback called
Bus state is: 0
Set Net Indication Callback called
Bus state is: 0
Set Net Indication Callback called
Bus state is: 0
Set Net Indication Callback called
Bus state is: 0
Set Net Indication Callback called
Bus state is: 0
Set Net Indication Callback called
Bus state is: 0
Set Net Indication Callback called
Bus state is: 0
Set Net Indication Callback called
Bus state is: 0
Set Net Indication Callback called
Bus state is: 0
Set Net Indication Callback called
Bus state is: 0
Set Net Indication Callback called
Bus state is: 0
Set Net Indication Callback called
Bus state is: 0
Set Net Indication Callback called
Bus state is: 0
Set Net Indication Callback called
Bus state is: 0
Set Net Indication Callback called
Bus state is: 0
Set Net Indication Callback called
Bus state is: 0
Set Net Indication Callback called
Bus state is: 0
Set Net Indication Callback called
Bus state is: 0
Set Net Indication Callback called
Bus state is: 0
Set Net Indication Callback called
Bus state is: 0
Set Net Indication Callback called
Bus state is: 0
Set Net Indication Callback called
Bus state is: 0
Set Net Indication Callback called
Bus state is: 0
Set Net Indication Callback called
Bus state is: 0
Set Net Indication Callback called
Bus state is: 0
Set Net Indication Callback called
Bus state is: 0
Set Net Indication Callback called
Bus state is: 0
Set Net Indication Callback called
Bus state is: 0
Set Net Indication Callback called
Bus state is: 0
Set Net Indication Callback called
Bus state is: 0
Set Net Indication Callback called
Bus state is: 0
Set Net Indication Callback called
Bus state is: 0
Set Net Indication Callback called
Bus state is: 0
Set Net Indication Callback called
Bus state is: 0
Set Net Indication Callback called
Bus state is: 0
Set Net Indication Callback called
Bus state is: 0
Set Net Indication Callback called
Bus state is: 0
Set Net Indication Callback called
Bus state is: 0
Set Net Indication Callback called
Bus state is: 0
Set Net Indication Callback called
Bus state is: 0
Set Net Indication Callback called
Bus state is: 0
Set Net Indication Callback called
Bus state is: 0
Set Net Indication Callback called
Bus state is: 0
Set Net Indication Callback called
Bus state is: 0
Set Net Indication Callback called
Bus state is: 0
Set Net Indication Callback called
Bus state is: 0
Set Net Indication Callback called
Bus state is: 0
Set Net Indication Callback called
Bus state is: 0
Set Net Indication Callback called
Bus state is: 0
Set Net Indication Callback called
Bus state is: 0
Set Net Indication Callback called
Bus state is: 0
Set Net Indication Callback called
Bus state is: 0
Set Net Indication Callback called
Bus state is: 0
Set Net Indication Callback called
Bus state is: 0
Set Net Indication Callback called
Bus state is: 0
Set Net Indication Callback called
Bus state is: 0
Set Net Indication Callback called
Bus state is: 0
Set Net Indication Callback called
Bus state is: 0
Set Net Indication Callback called
Bus state is: 0
Set Net Indication Callback called
Bus state is: 0
Set Net Indication Callback called
Bus state is: 0
Set Net Indication Callback called
Bus state is: 0
Set Net Indication Callback called
Bus state is: 0
Set Net Indication Callback called
Bus state is: 0
Set Net Indication Callback called
Bus state is: 0
Set Net Indication Callback called
Bus state is: 0
Set Net Indication Callback called
Bus state is: 0
Set Net Indication Callback called
Bus state is: 0
Set Net Indication Callback called
Bus state is: 0
Set Net Indication Callback called
Bus state is: 0
Set Net Indication Callback called
Bus state is: 0
Set Net Indication Callback called
Bus state is: 0
Set Net Indication Callback called
Bus state is: 0
Set Net Indication Callback called
Bus state is: 0
Set Net Indication Callback called
Bus state is: 0
Set Net Indication Callback called
Bus state is: 0
Set Net Indication Callback called
Bus state is: 0
Set Net Indication Callback called
Bus state is: 0
Set Net Indication Callback called
Bus state is: 0
Set Net Indication Callback called
Bus state is: 0
Set Net Indication Callback called
Bus state is: 0
Set Net Indication Callback called
Bus state is: 0
Set Net Indication Callback called
Bus state is: 0
Set Net Indication Callback called
Bus state is: 0
Set Net Indication Callback called
Bus state is: 0
Set Net Indication Callback called
Bus state is: 0
Set Net Indication Callback called
Bus state is: 0
Set Net Indication Callback called
Bus state is: 0
Set Net Indication Callback called
Bus state is: 0
Set Net Indication Callback called
Bus state is: 0
Set Net Indication Callback called
Bus state is: 0
Set Net Indication Callback called
Bus state is: 0
Set Net Indication Callback called
Bus state is: 0
Set Net Indication Callback called
Bus state is: 0
Set Net Indication Callback called
Bus state is: 0
Set Net Indication Callback called
Bus state is: 0
Set Net Indication Callback called
Bus state is: 0
Set Net Indication Callback called
Bus state is: 0
Set Net Indication Callback called
Bus state is: 0
Set Net Indication Callback called
Bus state is: 0
Set Net Indication Callback called
Bus state is: 0
Set Net Indication Callback called
Bus state is: 0
Set Net Indication Callback called
Bus state is: 0
Set Net Indication Callback called
Bus state is: 0
Set Net Indication Callback called
Bus state is: 0
Set Net Indication Callback called
Bus state is: 0
Set Net Indication Callback called
Bus state is: 0
Set Net Indication Callback called
Bus state is: 0
Set Net Indication Callback called
Bus state is: 0
Set Net Indication Callback called
Bus state is: 0
Set Net Indication Callback called
Bus state is: 0
Set Net Indication Callback called
Bus state is: 0
Set Net Indication Callback called
Bus state is: 0
Set Net Indication Callback called
Bus state is: 0
Set Net Indication Callback called
Bus state is: 0
Set Net Indication Callback called
Bus state is: 0
Set Net Indication Callback called
Bus state is: 0
Set Net Indication Callback called
Bus state is: 0
Set Net Indication Callback called
Bus state is: 0
Set Net Indication Callback called
Bus state is: 0
Set Net Indication Callback called
Bus state is: 0
Set Net Indication Callback called
Bus state is: 0
Set Net Indication Callback called
Bus state is: 0
Set Net Indication Callback called
Bus state is: 0
Set Net Indication Callback called
Bus state is: 0
Set Net Indication Callback called
Bus state is: 0
Set Net Indication Callback called
Bus state is: 0
Set Net Indication Callback called
Bus state is: 0
Set Net Indication Callback called
Bus state is: 0
Set Net Indication Callback called
Bus state is: 0
Set Net Indication Callback called
Bus state is: 0
Set Net Indication Callback called
Bus state is: 0
Set Net Indication Callback called
Bus state is: 0
Set Net Indication Callback called
Bus state is: 0
Set Net Indication Callback called
Bus state is: 0
Set Net Indication Callback called
Bus state is: 0
Set Net Indication Callback called
Bus state is: 0
Set Net Indication Callback called
Bus state is: 0
Set Net Indication Callback called
Bus state is: 0
Set Net Indication Callback called
Bus state is: 0
Set Net Indication Callback called
Bus state is: 0
Set Net Indication Callback called
Bus state is: 0
Set Net Indication Callback called
Bus state is: 0
Set Net Indication Callback called
Bus state is: 0
Set Net Indication Callback called
Bus state is: 0
Set Net Indication Callback called
Bus state is: 0
Set Net Indication Callback called
Bus state is: 0
Set Net Indication Callback called
Bus state is: 0
Set Net Indication Callback called
Bus state is: 0
Set Net Indication Callback called
Bus state is: 0
Set Net Indication Callback called
Bus state is: 0
Set Net Indication Callback called
Bus state is: 0
Set Net Indication Callback called
Bus state is: 0
Set Net Indication Callback called
Bus state is: 0
Set Net Indication Callback called
Bus state is: 0
Set Net Indication Callback called
Bus state is: 0
Set Net Indication Callback called
Bus state is: 0
Set Net Indication Callback called
Bus state is: 0
Set Net Indication Callback called
Bus state is: 0
Set Net Indication Callback called
Bus state is: 0
Set Net Indication Callback called
Bus state is: 0
Set Net Indication Callback called
Bus state is: 0
Set Net Indication Callback called
Bus state is: 0
Set Net Indication Callback called
Bus state is: 0
Set Net Indication Callback called
Bus state is: 0
Set Net Indication Callback called
Bus state is: 0
Set Net Indication Callback called
Bus state is: 0
Set Net Indication Callback called
Bus state is: 0
Set Net Indication Callback called
Bus state is: 0
Set Net Indication Callback called
Bus state is: 0
Set Net Indication Callback called
Bus state is: 0
Set Net Indication Callback called
Bus state is: 0
Set Net Indication Callback called
Bus state is: 0
Set Net Indication Callback called
Bus state is: 0
Set Net Indication Callback called
Bus state is: 0
Set Net Indication Callback called
Bus state is: 0
Set Net Indication Callback called
Bus state is: 0
Set Net Indication Callback called
Bus state is: 0
Set Net Indication Callback called
Bus state is: 0
Set Net Indication Callback called
Bus state is: 0
Set Net Indication Callback called
Bus state is: 0
Set Net Indication Callback called
Bus state is: 0
Set Net Indication Callback called
Bus state is: 0
Set Net Indication Callback called
Bus state is: 0
Set Net Indication Callback called
Bus state is: 0
Set Net Indication Callback called
Bus state is: 0
Set Net Indication Callback called
Bus state is: 0
Set Net Indication Callback called
Bus state is: 0
Set Net Indication Callback called
Bus state is: 0
Set Net Indication Callback called
Bus state is: 0
Set Net Indication Callback called
Bus state is: 0
Set Net Indication Callback called
Bus state is: 0
Set Net Indication Callback called
Bus state is: 0
Set Net Indication Callback called
Bus state is: 0
Set Net Indication Callback called
Bus state is: 0
Set Net Indication Callback called
Bus state is: 0
Set Net Indication Callback called
Bus state is: 0
Set Net Indication Callback called
Bus state is: 0
Set Net Indication Callback called
Bus state is: 0
Set Net Indication Callback called
Bus state is: 0
Set Net Indication Callback called
Bus state is: 0
Set Net Indication Callback called
Bus state is: 0
Set Net Indication Callback called
Bus state is: 0
Set Net Indication Callback called
Bus state is: 0
Set Net Indication Callback called
Bus state is: 0
Set Net Indication Callback called
Bus state is: 0
Set Net Indication Callback called
Bus state is: 0
Set Net Indication Callback called
Bus state is: 0
Set Net Indication Callback called
Bus state is: 0
Set Net Indication Callback called
Bus state is: 0
Set Net Indication Callback called
Bus state is: 0
Set Net Indication Callback called
Bus state is: 0
Set Net Indication Callback called
Bus state is: 0
Set Net Indication Callback called
Bus state is: 0
Set Net Indication Callback called
Bus state is: 0
Set Net Indication Callback called
Bus state is: 0
Set Net Indication Callback called
Bus state is: 0
Set Net Indication Callback called
Bus state is: 0
Set Net Indication Callback called
Bus state is: 0
Set Net Indication Callback called
Bus state is: 0
Set Net Indication Callback called
Bus state is: 0
Set Net Indication Callback called
Bus state is: 0
Set Net Indication Callback called
Bus state is: 0
Set Net Indication Callback called
Bus state is: 0
Set Net Indication Callback called
Bus state is: 0
Set Net Indication Callback called
Bus state is: 0
Set Net Indication Callback called
Bus state is: 0
Set Net Indication Callback called
Bus state is: 0
Set Net Indication Callback called
Bus state is: 0
Set Net Indication Callback called
Bus state is: 0
Set Net Indication Callback called
Bus state is: 0
Set Net Indication Callback called
Bus state is: 0
Set Net Indication Callback called
Bus state is: 0
Set Net Indication Callback called
Bus state is: 0
Set Net Indication Callback called
Bus state is: 0
Set Net Indication Callback called
Bus state is: 0
Set Net Indication Callback called
Bus state is: 0
Set Net Indication Callback called
Bus state is: 0
Set Net Indication Callback called
Bus state is: 0
Set Net Indication Callback called
Bus state is: 0
Set Net Indication Callback called
Bus state is: 0
Set Net Indication Callback called
Bus state is: 0
Set Net Indication Callback called
Bus state is: 0
Set Net Indication Callback called
Bus state is: 0
Set Net Indication Callback called
Bus state is: 0
Set Net Indication Callback called
Bus state is: 0
Set Net Indication Callback called
Bus state is: 0
Set Net Indication Callback called
Bus state is: 0
Set Net Indication Callback called
Bus state is: 0
Set Net Indication Callback called
Bus state is: 0
Set Net Indication Callback called
Bus state is: 0
Set Net Indication Callback called
Bus state is: 0
Set Net Indication Callback called
Bus state is: 0
Set Net Indication Callback called
Bus state is: 0
Set Net Indication Callback called
Bus state is: 0
Set Net Indication Callback called
Bus state is: 0
Set Net Indication Callback called
Bus state is: 0
Set Net Indication Callback called
Bus state is: 0
Set Net Indication Callback called
Bus state is: 0
Set Net Indication Callback called
Bus state is: 0
Set Net Indication Callback called
Bus state is: 0
Set Net Indication Callback called
Bus state is: 0
Set Net Indication Callback called
Bus state is: 0
Set Net Indication Callback called
Bus state is: 0
Set Net Indication Callback called
Bus state is: 0
Set Net Indication Callback called
Bus state is: 0
Set Net Indication Callback called
Bus state is: 0
Set Net Indication Callback called
Bus state is: 0
Set Net Indication Callback called
Bus state is: 0
Set Net Indication Callback called
Bus state is: 0
Set Net Indication Callback called
Bus state is: 0
Set Net Indication Callback called
Bus state is: 0
Set Net Indication Callback called
Bus state is: 0
Set Net Indication Callback called
Bus state is: 0
Set Net Indication Callback called
Bus state is: 0
Set Net Indication Callback called
Bus state is: 0
Set Net Indication Callback called
Bus state is: 0
Set Net Indication Callback called
Bus state is: 0
Set Net Indication Callback called
Bus state is: 0
Set Net Indication Callback called
Bus state is: 0
Set Net Indication Callback called
Bus state is: 0
Set Net Indication Callback called
Bus state is: 0
Set Net Indication Callback called
Bus state is: 0
Set Net Indication Callback called
Bus state is: 0
Set Net Indication Callback called
Bus state is: 0
Set Net Indication Callback called
Bus state is: 0
Set Net Indication Callback called
Bus state is: 0
Set Net Indication Callback called
Bus state is: 0
Set Net Indication Callback called
Bus state is: 0
Set Net Indication Callback called
Bus state is: 0
Set Net Indication Callback called
Bus state is: 0
Set Net Indication Callback called
Bus state is: 0
Set Net Indication Callback called
Bus state is: 0
Set Net Indication Callback called
Bus state is: 0
Set Net Indication Callback called
Bus state is: 0
Set Net Indication Callback called
Bus state is: 0
Set Net Indication Callback called
Bus state is: 0
Set Net Indication Callback called
Bus state is: 0
Set Net Indication Callback called
Bus state is: 0
Set Net Indication Callback called
Bus state is: 0
Set Net Indication Callback called
Bus state is: 0
Set Net Indication Callback called
Bus state is: 0
Set Net Indication Callback called
Bus state is: 0
Set Net Indication Callback called
Bus state is: 0
Set Net Indication Callback called
Bus state is: 0
Set Net Indication Callback called
Bus state is: 0
Set Net Indication Callback called
Bus state is: 0
Set Net Indication Callback called
Bus state is: 0
Set Net Indication Callback called
Bus state is: 0
Set Net Indication Callback called
Bus state is: 0
Set Net Indication Callback called
Bus state is: 0
Set Net Indication Callback called
Bus state is: 0
Set Net Indication Callback called
Bus state is: 0
Set Net Indication Callback called
Bus state is: 0
Set Net Indication Callback called
Bus state is: 0
Set Net Indication Callback called
Bus state is: 0
Set Net Indication Callback called
Bus state is: 0
Set Net Indication Callback called
Bus state is: 0
Set Net Indication Callback called
Bus state is: 0
Set Net Indication Callback called
Bus state is: 0
Set Net Indication Callback called
Bus state is: 0
Set Net Indication Callback called
Bus state is: 0
Set Net Indication Callback called
Bus state is: 0
Set Net Indication Callback called
Bus state is: 0
Set Net Indication Callback called
Bus state is: 0
Set Net Indication Callback called
Bus state is: 0
Set Net Indication Callback called
Bus state is: 0
Set Net Indication Callback called
Bus state is: 0
Set Net Indication Callback called
Bus state is: 0
Set Net Indication Callback called
Bus state is: 0
Set Net Indication Callback called
Bus state is: 0
Set Net Indication Callback called
Bus state is: 0
Set Net Indication Callback called
Bus state is: 0
Set Net Indication Callback called
Bus state is: 0
Set Net Indication Callback called
Bus state is: 0
Set Net Indication Callback called
Bus state is: 0
Set Net Indication Callback called
Bus state is: 0
Set Net Indication Callback called
Bus state is: 0
Set Net Indication Callback called
Bus state is: 0
Set Net Indication Callback called
Bus state is: 0
Set Net Indication Callback called
Bus state is: 0
Set Net Indication Callback called
Bus state is: 0
Set Net Indication Callback called
Bus state is: 0
Set Net Indication Callback called
Bus state is: 0
Set Net Indication Callback called
Bus state is: 0
Set Net Indication Callback called
Bus state is: 0
Set Net Indication Callback called
Bus state is: 0
Set Net Indication Callback called
Bus state is: 0
Set Net Indication Callback called
Bus state is: 0
Set Net Indication Callback called
Bus state is: 0
Set Net Indication Callback called
Bus state is: 0
Set Net Indication Callback called
Bus state is: 0
Set Net Indication Callback called
Bus state is: 0
Set Net Indication Callback called
Bus state is: 0
Set Net Indication Callback called
Bus state is: 0
Set Net Indication Callback called
Bus state is: 0
Set Net Indication Callback called
Bus state is: 0
Set Net Indication Callback called
Bus state is: 0
Set Net Indication Callback called
Bus state is: 0
Set Net Indication Callback called
Bus state is: 0
Set Net Indication Callback called
Bus state is: 0
Set Net Indication Callback called
Bus state is: 0
Set Net Indication Callback called
Bus state is: 0
Set Net Indication Callback called
Bus state is: 0
Set Net Indication Callback called
Bus state is: 0
Set Net Indication Callback called
Bus state is: 0
Set Net Indication Callback called
Bus state is: 0
Set Net Indication Callback called
Bus state is: 0
Set Net Indication Callback called
Bus state is: 0
Set Net Indication Callback called
Bus state is: 0
Set Net Indication Callback called
Bus state is: 0
Set Net Indication Callback called
Bus state is: 0
Set Net Indication Callback called
Bus state is: 0
Set Net Indication Callback called
Bus state is: 0
Set Net Indication Callback called
Bus state is: 0
Set Net Indication Callback called
Bus state is: 0
Set Net Indication Callback called
Bus state is: 0
Set Net Indication Callback called
Bus state is: 0
Set Net Indication Callback called
Bus state is: 0
Set Net Indication Callback called
Bus state is: 0
Set Net Indication Callback called
Bus state is: 0
Set Net Indication Callback called
Bus state is: 0
Set Net Indication Callback called
Bus state is: 0
Set Net Indication Callback called
Bus state is: 0
Set Net Indication Callback called
Bus state is: 0
Set Net Indication Callback called
Bus state is: 0
Set Net Indication Callback called
Bus state is: 0
Set Net Indication Callback called
Bus state is: 0
Set Net Indication Callback called
Bus state is: 0
Set Net Indication Callback called
Bus state is: 0
Set Net Indication Callback called
Bus state is: 0
Set Net Indication Callback called
Bus state is: 0
Set Net Indication Callback called
Bus state is: 0
Set Net Indication Callback called
Bus state is: 0
Set Net Indication Callback called
Bus state is: 0
Set Net Indication Callback called
Bus state is: 0
Set Net Indication Callback called
Bus state is: 0
Set Net Indication Callback called
Bus state is: 0
Set Net Indication Callback called
Bus state is: 0
Set Net Indication Callback called
Bus state is: 0
Set Net Indication Callback called
Bus state is: 0
Set Net Indication Callback called
Bus state is: 0
Set Net Indication Callback called
Bus state is: 0
Set Net Indication Callback called
Bus state is: 0
Set Net Indication Callback called
Bus state is: 0
Set Net Indication Callback called
Bus state is: 0
Set Net Indication Callback called
Bus state is: 0
Set Net Indication Callback called
Bus state is: 0
Set Net Indication Callback called
Bus state is: 0
Set Net Indication Callback called
Bus state is: 0
Set Net Indication Callback called
Bus state is: 0
Set Net Indication Callback called
Bus state is: 0
Set Net Indication Callback called
Bus state is: 0
Set Net Indication Callback called
Bus state is: 0
Set Net Indication Callback called
Bus state is: 0
Set Net Indication Callback called
Bus state is: 0
Set Net Indication Callback called
Bus state is: 0
Set Net Indication Callback called
Bus state is: 0
Set Net Indication Callback called
Bus state is: 0
Set Net Indication Callback called
Bus state is: 0
Set Net Indication Callback called
Bus state is: 0
Set Net Indication Callback called
Bus state is: 0
Set Net Indication Callback called
Bus state is: 0
Set Net Indication Callback called
Bus state is: 0
Set Net Indication Callback called
Bus state is: 0
Set Net Indication Callback called
Bus state is: 0
Set Net Indication Callback called
Bus state is: 0
Set Net Indication Callback called
Bus state is: 0
Set Net Indication Callback called
Bus state is: 0
Set Net Indication Callback called
Bus state is: 0
Set Net Indication Callback called
Bus state is: 0
Set Net Indication Callback called
Bus state is: 0
Set Net Indication Callback called
Bus state is: 0
Set Net Indication Callback called
Bus state is: 0
Set Net Indication Callback called
Bus state is: 0
Set Net Indication Callback called
Bus state is: 0
Set Net Indication Callback called
Bus state is: 0
Set Net Indication Callback called
Bus state is: 0
Set Net Indication Callback called
Bus state is: 0
Set Net Indication Callback called
Bus state is: 0
Set Net Indication Callback called
Bus state is: 0
Set Net Indication Callback called
Bus state is: 0
Set Net Indication Callback called
Bus state is: 0
Set Net Indication Callback called
Bus state is: 0
Set Net Indication Callback called
Bus state is: 0
Set Net Indication Callback called
Bus state is: 0
Set Net Indication Callback called
Bus state is: 0
Set Net Indication Callback called
Bus state is: 0
Set Net Indication Callback called
Bus state is: 0
Set Net Indication Callback called
Bus state is: 0
Set Net Indication Callback called
Bus state is: 0
Set Net Indication Callback called
Bus state is: 0
Set Net Indication Callback called
Bus state is: 0
Set Net Indication Callback called
Bus state is: 0
Set Net Indication Callback called
Bus state is: 0
Set Net Indication Callback called
Bus state is: 0
Set Net Indication Callback called
Bus state is: 0
Set Net Indication Callback called
Bus state is: 0
Set Net Indication Callback called
Bus state is: 0
Set Net Indication Callback called
Bus state is: 0
Set Net Indication Callback called
Bus state is: 0
Set Net Indication Callback called
Bus state is: 0
Set Net Indication Callback called
Bus state is: 0
Set Net Indication Callback called
Bus state is: 0
Set Net Indication Callback called
Bus state is: 0
Set Net Indication Callback called
Bus state is: 0
Set Net Indication Callback called
Bus state is: 0
Set Net Indication Callback called
Bus state is: 0
Set Net Indication Callback called
Bus state is: 0
Set Net Indication Callback called
Bus state is: 0
Set Net Indication Callback called
Bus state is: 0
Set Net Indication Callback called
Bus state is: 0
Set Net Indication Callback called
Bus state is: 0
Set Net Indication Callback called
Bus state is: 0
Set Net Indication Callback called
Bus state is: 0
Set Net Indication Callback called
Bus state is: 0
Set Net Indication Callback called
Bus state is: 0
Set Net Indication Callback called
Bus state is: 0
Set Net Indication Callback called
Bus state is: 0
Set Net Indication Callback called
Bus state is: 0
Set Net Indication Callback called
Bus state is: 0
Set Net Indication Callback called
Bus state is: 0
Set Net Indication Callback called
Bus state is: 0
Set Net Indication Callback called
Bus state is: 0
Set Net Indication Callback called
Bus state is: 0
Set Net Indication Callback called
Bus state is: 0
Set Net Indication Callback called
Bus state is: 0
Set Net Indication Callback called
Bus state is: 0
Set Net Indication Callback called
Bus state is: 0
Set Net Indication Callback called
Bus state is: 0
Set Net Indication Callback called
Bus state is: 0
Set Net Indication Callback called
Bus state is: 0
Set Net Indication Callback called
Bus state is: 0
Set Net Indication Callback called
Bus state is: 0
Set Net Indication Callback called
Bus state is: 0
Set Net Indication Callback called
Bus state is: 0
Set Net Indication Callback called
Bus state is: 0
Set Net Indication Callback called
Bus state is: 0
Set Net Indication Callback called
Bus state is: 0
Set Net Indication Callback called
Bus state is: 0
Set Net Indication Callback called
Bus state is: 0
Set Net Indication Callback called
Bus state is: 0
Set Net Indication Callback called
Bus state is: 0
Set Net Indication Callback called
Bus state is: 0
Set Net Indication Callback called
Bus state is: 0
Set Net Indication Callback called
Bus state is: 0
Set Net Indication Callback called
Bus state is: 0
Set Net Indication Callback called
Bus state is: 0
Set Net Indication Callback called
Bus state is: 0
Set Net Indication Callback called
Bus state is: 0
Set Net Indication Callback called
Bus state is: 0
Set Net Indication Callback called
Bus state is: 0
Set Net Indication Callback called
Bus state is: 0
Set Net Indication Callback called
Bus state is: 0
Set Net Indication Callback called
Bus state is: 0
Set Net Indication Callback called
Bus state is: 0
Set Net Indication Callback called
Bus state is: 0
Set Net Indication Callback called
Bus state is: 0
Set Net Indication Callback called
Bus state is: 0
Set Net Indication Callback called
Bus state is: 0
Set Net Indication Callback called
Bus state is: 0
Set Net Indication Callback called
Bus state is: 0
Set Net Indication Callback called
Bus state is: 0
Set Net Indication Callback called
Bus state is: 0
Set Net Indication Callback called
Bus state is: 0
Set Net Indication Callback called
Bus state is: 0
Set Net Indication Callback called
Bus state is: 0
Set Net Indication Callback called
Bus state is: 0
Set Net Indication Callback called
Bus state is: 0
Set Net Indication Callback called
Bus state is: 0
Set Net Indication Callback called
Bus state is: 0
Set Net Indication Callback called
Bus state is: 0
Set Net Indication Callback called
Bus state is: 0
Set Net Indication Callback called
Bus state is: 0
Set Net Indication Callback called
Bus state is: 0
Set Net Indication Callback called
Bus state is: 0
Set Net Indication Callback called
Bus state is: 0
Set Net Indication Callback called
Bus state is: 0
Set Net Indication Callback called
Bus state is: 0
Set Net Indication Callback called
Bus state is: 0
Set Net Indication Callback called
Bus state is: 0
Set Net Indication Callback called
Bus state is: 0
Set Net Indication Callback called
Bus state is: 0
Set Net Indication Callback called
Bus state is: 0
Set Net Indication Callback called
Bus state is: 0
Set Net Indication Callback called
Bus state is: 0
Set Net Indication Callback called
Bus state is: 0
Set Net Indication Callback called
Bus state is: 0
Set Net Indication Callback called
Bus state is: 0
Set Net Indication Callback called
Bus state is: 0
Set Net Indication Callback called
Bus state is: 0
Set Net Indication Callback called
Bus state is: 0
Set Net Indication Callback called
Bus state is: 0
Set Net Indication Callback called
Bus state is: 0
Set Net Indication Callback called
Bus state is: 0
Set Net Indication Callback called
Bus state is: 0
Set Net Indication Callback called
Bus state is: 0
Set Net Indication Callback called
Bus state is: 0
Set Net Indication Callback called
Bus state is: 0
Set Net Indication Callback called
Bus state is: 0
Set Net Indication Callback called
Bus state is: 0
Set Net Indication Callback called
Bus state is: 0
Set Net Indication Callback called
Bus state is: 0
Set Net Indication Callback called
Bus state is: 0
Set Net Indication Callback called
Bus state is: 0
Set Net Indication Callback called
Bus state is: 0
Set Net Indication Callback called
Bus state is: 0
Set Net Indication Callback called
Bus state is: 0
Set Net Indication Callback called
Bus state is: 0
Set Net Indication Callback called
Bus state is: 0
Set Net Indication Callback called
Bus state is: 0
Set Net Indication Callback called
Bus state is: 0
Set Net Indication Callback called
Bus state is: 0
Set Net Indication Callback called
Bus state is: 0
Set Net Indication Callback called
Bus state is: 0
Set Net Indication Callback called
Bus state is: 0
Set Net Indication Callback called
Bus state is: 0
Set Net Indication Callback called
Bus state is: 0
Set Net Indication Callback called
Bus state is: 0
Set Net Indication Callback called
Bus state is: 0
Set Net Indication Callback called
Bus state is: 0
Set Net Indication Callback called
Bus state is: 0
Set Net Indication Callback called
Bus state is: 0
Set Net Indication Callback called
Bus state is: 0
Set Net Indication Callback called
Bus state is: 0
Set Net Indication Callback called
Bus state is: 0
Set Net Indication Callback called
Bus state is: 0
Set Net Indication Callback called
Bus state is: 0
Set Net Indication Callback called
Bus state is: 0
Set Net Indication Callback called
Bus state is: 0
Set Net Indication Callback called
Bus state is: 0
Set Net Indication Callback called
Bus state is: 0
Set Net Indication Callback called
Bus state is: 0
Set Net Indication Callback called
Bus state is: 0
Set Net Indication Callback called
Bus state is: 0
Set Net Indication Callback called
Bus state is: 0
Set Net Indication Callback called
Bus state is: 0
Set Net Indication Callback called
Bus state is: 0
Set Net Indication Callback called
Bus state is: 0
Set Net Indication Callback called
Bus state is: 0
Set Net Indication Callback called
Bus state is: 0
Set Net Indication Callback called
Bus state is: 0
Set Net Indication Callback called
Bus state is: 0
Set Net Indication Callback called
Bus state is: 0
Set Net Indication Callback called
Bus state is: 0
Set Net Indication Callback called
Bus state is: 0
Set Net Indication Callback called
Bus state is: 0
Set Net Indication Callback called
Bus state is: 0
Set Net Indication Callback called
Bus state is: 0
Set Net Indication Callback called
Bus state is: 0
Set Net Indication Callback called
Bus state is: 0
Set Net Indication Callback called
Bus state is: 0
Set Net Indication Callback called
Bus state is: 0
Set Net Indication Callback called
Bus state is: 0
Set Net Indication Callback called
Bus state is: 0
Set Net Indication Callback called
Bus state is: 0
Set Net Indication Callback called
Bus state is: 0
Set Net Indication Callback called
Bus state is: 0
Set Net Indication Callback called
Bus state is: 0
Set Net Indication Callback called
Bus state is: 0
Set Net Indication Callback called
Bus state is: 0
Set Net Indication Callback called
Bus state is: 0
Set Net Indication Callback called
Bus state is: 0
Set Net Indication Callback called
Bus state is: 0
Set Net Indication Callback called
Bus state is: 0
Set Net Indication Callback called
Bus state is: 0
Set Net Indication Callback called
Bus state is: 0
Set Net Indication Callback called
Bus state is: 0
Set Net Indication Callback called
Bus state is: 0
Set Net Indication Callback called
Bus state is: 0
Set Net Indication Callback called
Bus state is: 0
Set Net Indication Callback called
Bus state is: 0
Set Net Indication Callback called
Bus state is: 0
Set Net Indication Callback called
Bus state is: 0
Set Net Indication Callback called
Bus state is: 0
Set Net Indication Callback called
Bus state is: 0
Set Net Indication Callback called
Bus state is: 0
Set Net Indication Callback called
Bus state is: 0
Set Net Indication Callback called
Bus state is: 0
Set Net Indication Callback called
Bus state is: 0
Set Net Indication Callback called
Bus state is: 0
Set Net Indication Callback called
Bus state is: 0
Set Net Indication Callback called
Bus state is: 0
Set Net Indication Callback called
Bus state is: 0
Set Net Indication Callback called
Bus state is: 0
Set Net Indication Callback called
Bus state is: 0
Set Net Indication Callback called
Bus state is: 0
Set Net Indication Callback called
Bus state is: 0
Set Net Indication Callback called
Bus state is: 0
Set Net Indication Callback called
Bus state is: 0
Set Net Indication Callback called
Bus state is: 0
Set Net Indication Callback called
Bus state is: 0
Set Net Indication Callback called
Bus state is: 0
Set Net Indication Callback called
Bus state is: 0
Set Net Indication Callback called
Bus state is: 0
Set Net Indication Callback called
Bus state is: 0
Set Net Indication Callback called
Bus state is: 0
Set Net Indication Callback called
Bus state is: 0
Set Net Indication Callback called
Bus state is: 0
Set Net Indication Callback called
Bus state is: 0
Set Net Indication Callback called
Bus state is: 0
Set Net Indication Callback called
Bus state is: 0
Set Net Indication Callback called
Bus state is: 0
Set Net Indication Callback called
Bus state is: 0
Set Net Indication Callback called
Bus state is: 0
Set Net Indication Callback called
Bus state is: 0
Set Net Indication Callback called
Bus state is: 0
Set Net Indication Callback called
Bus state is: 0
Set Net Indication Callback called
Bus state is: 0
Set Net Indication Callback called
Bus state is: 0
Set Net Indication Callback called
Bus state is: 0
Set Net Indication Callback called
Bus state is: 0
Set Net Indication Callback called
Bus state is: 0
Set Net Indication Callback called
Bus state is: 0
Set Net Indication Callback called
Bus state is: 0
Set Net Indication Callback called
Bus state is: 0
Set Net Indication Callback called
Bus state is: 0
Set Net Indication Callback called
Bus state is: 0
Set Net Indication Callback called
Bus state is: 0
Set Net Indication Callback called
Bus state is: 0
Set Net Indication Callback called
Bus state is: 0
Set Net Indication Callback called
Bus state is: 0
Set Net Indication Callback called
Bus state is: 0
Set Net Indication Callback called
Bus state is: 0
Set Net Indication Callback called
Bus state is: 0
Set Net Indication Callback called
Bus state is: 0
Set Net Indication Callback called
Bus state is: 0
Set Net Indication Callback called
Bus state is: 0
Set Net Indication Callback called
Bus state is: 0
Set Net Indication Callback called
Bus state is: 0
Set Net Indication Callback called
Bus state is: 0
Set Net Indication Callback called
Bus state is: 0
Set Net Indication Callback called
Bus state is: 0
Set Net Indication Callback called
Bus state is: 0
Set Net Indication Callback called
Bus state is: 0
Set Net Indication Callback called
Bus state is: 0
Set Net Indication Callback called
Bus state is: 0
Set Net Indication Callback called
Bus state is: 0
Set Net Indication Callback called
Bus state is: 0
Set Net Indication Callback called
Bus state is: 0
Set Net Indication Callback called
Bus state is: 0
Set Net Indication Callback called
Bus state is: 0
Set Net Indication Callback called
Bus state is: 0
Set Net Indication Callback called
Bus state is: 0
Set Net Indication Callback called
Bus state is: 0
Set Net Indication Callback called
Bus state is: 0
Set Net Indication Callback called
Bus state is: 0
Set Net Indication Callback called
Bus state is: 0
Set Net Indication Callback called
Bus state is: 0
Set Net Indication Callback called
Bus state is: 0
Set Net Indication Callback called
Bus state is: 0
Set Net Indication Callback called
Bus state is: 0
Set Net Indication Callback called
Bus state is: 0
Set Net Indication Callback called
Bus state is: 0
Set Net Indication Callback called
Bus state is: 0
Set Net Indication Callback called
Bus state is: 0
Set Net Indication Callback called
Bus state is: 0
Set Net Indication Callback called
Bus state is: 0
Set Net Indication Callback called
Bus state is: 0
Set Net Indication Callback called
Bus state is: 0
Set Net Indication Callback called
Bus state is: 0
Set Net Indication Callback called
Bus state is: 0
Set Net Indication Callback called
Bus state is: 0
Set Net Indication Callback called
Bus state is: 0
Set Net Indication Callback called
Bus state is: 0
Set Net Indication Callback called
Bus state is: 0
Set Net Indication Callback called
Bus state is: 0
Set Net Indication Callback called
Bus state is: 0
Set Net Indication Callback called
Bus state is: 0
Set Net Indication Callback called
Bus state is: 0
Set Net Indication Callback called
Bus state is: 0
Set Net Indication Callback called
Bus state is: 0
Set Net Indication Callback called
Bus state is: 0
Set Net Indication Callback called
Bus state is: 0
Set Net Indication Callback called
Bus state is: 0
Set Net Indication Callback called
Bus state is: 0
Set Net Indication Callback called
Bus state is: 0
Set Net Indication Callback called
Bus state is: 0
Set Net Indication Callback called
Bus state is: 0
Set Net Indication Callback called
Bus state is: 0
Set Net Indication Callback called
Bus state is: 0
Set Net Indication Callback called
Bus state is: 0
Set Net Indication Callback called
Bus state is: 0
Set Net Indication Callback called
Bus state is: 0
Set Net Indication Callback called
Bus state is: 0
Set Net Indication Callback called
Bus state is: 0
Set Net Indication Callback called
Bus state is: 0
Set Net Indication Callback called
Bus state is: 0
Set Net Indication Callback called
Bus state is: 0
Set Net Indication Callback called
Bus state is: 0
Set Net Indication Callback called
Bus state is: 0
Set Net Indication Callback called
Bus state is: 0
Set Net Indication Callback called
Bus state is: 0
Set Net Indication Callback called
Bus state is: 0
Set Net Indication Callback called
Bus state is: 0
Set Net Indication Callback called
Bus state is: 0
Set Net Indication Callback called
Bus state is: 0
Set Net Indication Callback called
Bus state is: 0
Set Net Indication Callback called
Bus state is: 0
Set Net Indication Callback called
Bus state is: 0
Set Net Indication Callback called
Bus state is: 0
Set Net Indication Callback called
Bus state is: 0
Set Net Indication Callback called
Bus state is: 0
Set Net Indication Callback called
Bus state is: 0
Set Net Indication Callback called
Bus state is: 0
Set Net Indication Callback called
Bus state is: 0
Set Net Indication Callback called
Bus state is: 0
Set Net Indication Callback called
Bus state is: 0
Set Net Indication Callback called
Bus state is: 0
Set Net Indication Callback called
Bus state is: 0
Set Net Indication Callback called
Bus state is: 0
Set Net Indication Callback called
Bus state is: 0
Set Net Indication Callback called
Bus state is: 0
Set Net Indication Callback called
Bus state is: 0
Set Net Indication Callback called
Bus state is: 0
Set Net Indication Callback called
Bus state is: 0
Set Net Indication Callback called
Bus state is: 0
Set Net Indication Callback called
Bus state is: 0
Set Net Indication Callback called
Bus state is: 0
Set Net Indication Callback called
Bus state is: 0
Set Net Indication Callback called
Bus state is: 0
Set Net Indication Callback called
Bus state is: 0
Set Net Indication Callback called
Bus state is: 0
Set Net Indication Callback called
Bus state is: 0
Set Net Indication Callback called
Bus state is: 0
Set Net Indication Callback called
Bus state is: 0
Set Net Indication Callback called
Bus state is: 0
Set Net Indication Callback called
Bus state is: 0
Set Net Indication Callback called
Bus state is: 0
Set Net Indication Callback called
Bus state is: 0
Set Net Indication Callback called
Bus state is: 0
Set Net Indication Callback called
Bus state is: 0
Set Net Indication Callback called
Bus state is: 0
Set Net Indication Callback called
Bus state is: 0
Set Net Indication Callback called
Bus state is: 0
Set Net Indication Callback called
Bus state is: 0
Set Net Indication Callback called
Bus state is: 0
Set Net Indication Callback called
Bus state is: 0
Set Net Indication Callback called
Bus state is: 0
Set Net Indication Callback called
Bus state is: 0
Set Net Indication Callback called
Bus state is: 0
Set Net Indication Callback called
Bus state is: 0
Set Net Indication Callback called
Bus state is: 0
Set Net Indication Callback called
Bus state is: 0
Set Net Indication Callback called
Bus state is: 0
Set Net Indication Callback called
Bus state is: 0
Set Net Indication Callback called
Bus state is: 0
Set Net Indication Callback called
Bus state is: 0
Set Net Indication Callback called
Bus state is: 0
Set Net Indication Callback called
Bus state is: 0
Set Net Indication Callback called
Bus state is: 0
Set Net Indication Callback called
Bus state is: 0
Set Net Indication Callback called
Bus state is: 0
Set Net Indication Callback called
Bus state is: 0
Set Net Indication Callback called
Bus state is: 0
Set Net Indication Callback called
Bus state is: 0
Set Net Indication Callback called
Bus state is: 0
Set Net Indication Callback called
Bus state is: 0
Set Net Indication Callback called
Bus state is: 0
Set Net Indication Callback called
Bus state is: 0
Set Net Indication Callback called
Bus state is: 0
Set Net Indication Callback called
Bus state is: 0
Set Net Indication Callback called
Bus state is: 0
Set Net Indication Callback called
Bus state is: 0
Set Net Indication Callback called
Bus state is: 0
Set Net Indication Callback called
Bus state is: 0
Set Net Indication Callback called
Bus state is: 0
Set Net Indication Callback called
Bus state is: 0
Set Net Indication Callback called
Bus state is: 0
Set Net Indication Callback called
Bus state is: 0
Set Net Indication Callback called
Bus state is: 0
Set Net Indication Callback called
Bus state is: 0
Set Net Indication Callback called
Bus state is: 0
Set Net Indication Callback called
Bus state is: 0
Set Net Indication Callback called
Bus state is: 0
Set Net Indication Callback called
Bus state is: 0
Set Net Indication Callback called
Bus state is: 0
Set Net Indication Callback called
Bus state is: 0
Set Net Indication Callback called
Bus state is: 0
Set Net Indication Callback called
Bus state is: 0
Set Net Indication Callback called
Bus state is: 0
Set Net Indication Callback called
Bus state is: 0
Set Net Indication Callback called
Bus state is: 0
Set Net Indication Callback called
Bus state is: 0
Set Net Indication Callback called
Bus state is: 0
Set Net Indication Callback called
Bus state is: 0
Set Net Indication Callback called
Bus state is: 0
Set Net Indication Callback called
Bus state is: 0
Set Net Indication Callback called
Bus state is: 0
Set Net Indication Callback called
Bus state is: 0
Set Net Indication Callback called
Bus state is: 0
Set Net Indication Callback called
Bus state is: 0
Set Net Indication Callback called
Bus state is: 0
Set Net Indication Callback called
Bus state is: 0
Set Net Indication Callback called
Bus state is: 0
Set Net Indication Callback called
Bus state is: 0
Set Net Indication Callback called
Bus state is: 0
Set Net Indication Callback called
Bus state is: 0
Set Net Indication Callback called
Bus state is: 0
Set Net Indication Callback called
Bus state is: 0
Set Net Indication Callback called
Bus state is: 0
Set Net Indication Callback called
Bus state is: 0
Set Net Indication Callback called
Bus state is: 0
Set Net Indication Callback called
Bus state is: 0
Set Net Indication Callback called
Bus state is: 0
Set Net Indication Callback called
Bus state is: 0
Set Net Indication Callback called
Bus state is: 0
Set Net Indication Callback called
Bus state is: 0
Set Net Indication Callback called
Bus state is: 0
Set Net Indication Callback called
Bus state is: 0
Set Net Indication Callback called
Bus state is: 0
Set Net Indication Callback called
Bus state is: 0
Set Net Indication Callback called
Bus state is: 0
Set Net Indication Callback called
Bus state is: 0
Set Net Indication Callback called
Bus state is: 0
Set Net Indication Callback called
Bus state is: 0
Set Net Indication Callback called
Bus state is: 0
Set Net Indication Callback called
Bus state is: 0
Set Net Indication Callback called
Bus state is: 0
Set Net Indication Callback called
Bus state is: 0
Set Net Indication Callback called
Bus state is: 0
Set Net Indication Callback called
Bus state is: 0
Set Net Indication Callback called
Bus state is: 0
Set Net Indication Callback called
Bus state is: 0
Set Net Indication Callback called
Bus state is: 0
Set Net Indication Callback called
Bus state is: 0
Set Net Indication Callback called
Bus state is: 0
Set Net Indication Callback called
Bus state is: 0
Set Net Indication Callback called
Bus state is: 0
Set Net Indication Callback called
Bus state is: 0
Set Net Indication Callback called
Bus state is: 0
Set Net Indication Callback called
Bus state is: 0
Set Net Indication Callback called
Bus state is: 0
Set Net Indication Callback called
Bus state is: 0
Set Net Indication Callback called
Bus state is: 0
Set Net Indication Callback called
Bus state is: 0
Set Net Indication Callback called
Bus state is: 0
Set Net Indication Callback called
Bus state is: 0
Set Net Indication Callback called
Bus state is: 0
Set Net Indication Callback called
Bus state is: 0
Set Net Indication Callback called
Bus state is: 0
Set Net Indication Callback called
Bus state is: 0
Set Net Indication Callback called
Bus state is: 0
Set Net Indication Callback called
Bus state is: 0
Set Net Indication Callback called
Bus state is: 0
Set Net Indication Callback called
Bus state is: 0
Set Net Indication Callback called
Bus state is: 0
Set Net Indication Callback called
Bus state is: 0
Set Net Indication Callback called
Bus state is: 0
Set Net Indication Callback called
Bus state is: 0
Set Net Indication Callback called
Bus state is: 0
Set Net Indication Callback called
Bus state is: 0
Set Net Indication Callback called
Bus state is: 0
Set Net Indication Callback called
Bus state is: 0
Set Net Indication Callback called
Bus state is: 0
Set Net Indication Callback called
Bus state is: 0
Set Net Indication Callback called
Bus state is: 0
Set Net Indication Callback called
Bus state is: 0
Set Net Indication Callback called
Bus state is: 0
Set Net Indication Callback called
Bus state is: 0
Set Net Indication Callback called
Bus state is: 0
Set Net Indication Callback called
Bus state is: 0
Set Net Indication Callback called
Bus state is: 0
Set Net Indication Callback called
Bus state is: 0
Set Net Indication Callback called
Bus state is: 0
Set Net Indication Callback called
Bus state is: 0
Set Net Indication Callback called
Bus state is: 0
Set Net Indication Callback called
Bus state is: 0
Set Net Indication Callback called
Bus state is: 0
Set Net Indication Callback called
Bus state is: 0
Set Net Indication Callback called
Bus state is: 0
Set Net Indication Callback called
Bus state is: 0
Set Net Indication Callback called
Bus state is: 0
Set Net Indication Callback called
Bus state is: 0
Set Net Indication Callback called
Bus state is: 0
Set Net Indication Callback called
Bus state is: 0
Set Net Indication Callback called
Bus state is: 0
Set Net Indication Callback called
Bus state is: 0
Set Net Indication Callback called
Bus state is: 0
Set Net Indication Callback called
Bus state is: 0
Set Net Indication Callback called
Bus state is: 0
Set Net Indication Callback called
Bus state is: 0
Set Net Indication Callback called
Bus state is: 0
Set Net Indication Callback called
Bus state is: 0
Set Net Indication Callback called
Bus state is: 0
Set Net Indication Callback called
Bus state is: 0
Set Net Indication Callback called
Bus state is: 0
Set Net Indication Callback called
Bus state is: 0
Set Net Indication Callback called
Bus state is: 0
Set Net Indication Callback called
Bus state is: 0
Set Net Indication Callback called
Bus state is: 0
Set Net Indication Callback called
Bus state is: 0
Set Net Indication Callback called
Bus state is: 0
Set Net Indication Callback called
Bus state is: 0
Set Net Indication Callback called
Bus state is: 0
Set Net Indication Callback called
Bus state is: 0
Set Net Indication Callback called
Bus state is: 0
Set Net Indication Callback called
Bus state is: 0
Set Net Indication Callback called
Bus state is: 0
Set Net Indication Callback called
Bus state is: 0
Set Net Indication Callback called
Bus state is: 0
Set Net Indication Callback called
Bus state is: 0
Set Net Indication Callback called
Bus state is: 0
Set Net Indication Callback called
Bus state is: 0
Set Net Indication Callback called
Bus state is: 0
Set Net Indication Callback called
Bus state is: 0
Set Net Indication Callback called
Bus state is: 0
Set Net Indication Callback called
Bus state is: 0
Set Net Indication Callback called
Bus state is: 0
Set Net Indication Callback called
Bus state is: 0
Set Net Indication Callback called
Bus state is: 0
Set Net Indication Callback called
Bus state is: 0
Set Net Indication Callback called
Bus state is: 0
Set Net Indication Callback called
Bus state is: 0
Set Net Indication Callback called
Bus state is: 0
Set Net Indication Callback called
Bus state is: 0
Set Net Indication Callback called
Bus state is: 0
Set Net Indication Callback called
Bus state is: 0
Set Net Indication Callback called
Bus state is: 0
Set Net Indication Callback called
Bus state is: 0
Set Net Indication Callback called
Bus state is: 0
Set Net Indication Callback called
Bus state is: 0
Set Net Indication Callback called
Bus state is: 0
Set Net Indication Callback called
Bus state is: 0
Set Net Indication Callback called
Bus state is: 0
Set Net Indication Callback called
Bus state is: 0
Set Net Indication Callback called
Bus state is: 0
Set Net Indication Callback called
Bus state is: 0
Set Net Indication Callback called
Bus state is: 0
Set Net Indication Callback called
Bus state is: 0
Set Net Indication Callback called
Bus state is: 0
Set Net Indication Callback called
Bus state is: 0
Set Net Indication Callback called
Bus state is: 0
Set Net Indication Callback called
Bus state is: 0
Set Net Indication Callback called
Bus state is: 0
Set Net Indication Callback called
Bus state is: 0
Set Net Indication Callback called
Bus state is: 0
Set Net Indication Callback called
Bus state is: 0
Set Net Indication Callback called
Bus state is: 0
Set Net Indication Callback called
Bus state is: 0
Set Net Indication Callback called
Bus state is: 0
Set Net Indication Callback called
Bus state is: 0
Set Net Indication Callback called
Bus state is: 0
Set Net Indication Callback called
Bus state is: 0
Set Net Indication Callback called
Bus state is: 0
Set Net Indication Callback called
Bus state is: 0
Set Net Indication Callback called
Bus state is: 0
Set Net Indication Callback called
Bus state is: 0
Set Net Indication Callback called
Bus state is: 0
Set Net Indication Callback called
Bus state is: 0
Set Net Indication Callback called
Bus state is: 0
Set Net Indication Callback called
Bus state is: 0
Set Net Indication Callback called
Bus state is: 0
Set Net Indication Callback called
Bus state is: 0
Set Net Indication Callback called
Bus state is: 0
Set Net Indication Callback called
Bus state is: 0
Set Net Indication Callback called
Bus state is: 0
Set Net Indication Callback called
Bus state is: 0
Set Net Indication Callback called
Bus state is: 0
Set Net Indication Callback called
Bus state is: 0
Set Net Indication Callback called
Bus state is: 0
Set Net Indication Callback called
Bus state is: 0
Set Net Indication Callback called
Bus state is: 0
Set Net Indication Callback called
Bus state is: 0
Set Net Indication Callback called
Bus state is: 0
Set Net Indication Callback called
Bus state is: 0
Set Net Indication Callback called
Bus state is: 0
Set Net Indication Callback called
Bus state is: 0
Set Net Indication Callback called
Bus state is: 0
Set Net Indication Callback called
Bus state is: 0
Set Net Indication Callback called
Bus state is: 0
Set Net Indication Callback called
Bus state is: 0
Set Net Indication Callback called
Bus state is: 0
Set Net Indication Callback called
Bus state is: 0
Set Net Indication Callback called
Bus state is: 0
Set Net Indication Callback called
Bus state is: 0
Set Net Indication Callback called
Bus state is: 0
Set Net Indication Callback called
Bus state is: 0
Set Net Indication Callback called
Bus state is: 0
Set Net Indication Callback called
Bus state is: 0
Set Net Indication Callback called
Bus state is: 0
Set Net Indication Callback called
Bus state is: 0
Set Net Indication Callback called
Bus state is: 0
Set Net Indication Callback called
Bus state is: 0
Set Net Indication Callback called
Bus state is: 0
Set Net Indication Callback called
Bus state is: 0
Set Net Indication Callback called
Bus state is: 0
Set Net Indication Callback called
Bus state is: 0
Set Net Indication Callback called
Bus state is: 0
Set Net Indication Callback called
Bus state is: 0
Set Net Indication Callback called
Bus state is: 0
Set Net Indication Callback called
Bus state is: 0
Set Net Indication Callback called
Bus state is: 0
Set Net Indication Callback called
Bus state is: 0
Set Net Indication Callback called
Bus state is: 0
Set Net Indication Callback called
Bus state is: 0
Set Net Indication Callback called
Bus state is: 0
Set Net Indication Callback called
Bus state is: 0
Set Net Indication Callback called
Bus state is: 0
Set Net Indication Callback called
Bus state is: 0
Set Net Indication Callback called
Bus state is: 0
Set Net Indication Callback called
Bus state is: 0
Set Net Indication Callback called
Bus state is: 0
Set Net Indication Callback called
Bus state is: 0
Set Net Indication Callback called
Bus state is: 0
Set Net Indication Callback called
Bus state is: 0
Set Net Indication Callback called
Bus state is: 0
Set Net Indication Callback called
Bus state is: 0
Set Net Indication Callback called
Bus state is: 0
Set Net Indication Callback called
Bus state is: 0
Set Net Indication Callback called
Bus state is: 0
Set Net Indication Callback called
Bus state is: 0
Set Net Indication Callback called
Bus state is: 0
Set Net Indication Callback called
Bus state is: 0
Set Net Indication Callback called
Bus state is: 0
Set Net Indication Callback called
Bus state is: 0
Set Net Indication Callback called
Bus state is: 0
Set Net Indication Callback called
Bus state is: 0
Set Net Indication Callback called
Bus state is: 0
Set Net Indication Callback called
Bus state is: 0
Set Net Indication Callback called
Bus state is: 0
Set Net Indication Callback called
Bus state is: 0
Set Net Indication Callback called
Bus state is: 0
Set Net Indication Callback called
Bus state is: 0
Set Net Indication Callback called
Bus state is: 0
Set Net Indication Callback called
Bus state is: 0
Set Net Indication Callback called
Bus state is: 0
Set Net Indication Callback called
Bus state is: 0
Set Net Indication Callback called
Bus state is: 0
Set Net Indication Callback called
Bus state is: 0
Set Net Indication Callback called
Bus state is: 0
Set Net Indication Callback called
Bus state is: 0
Set Net Indication Callback called
Bus state is: 0
Set Net Indication Callback called
Bus state is: 0
Set Net Indication Callback called
Bus state is: 0
Set Net Indication Callback called
Bus state is: 0
Set Net Indication Callback called
Bus state is: 0
Set Net Indication Callback called
Bus state is: 0
Set Net Indication Callback called
Bus state is: 0
Set Net Indication Callback called
Bus state is: 0
Set Net Indication Callback called
Bus state is: 0
Set Net Indication Callback called
Bus state is: 0
Set Net Indication Callback called
Bus state is: 0
Set Net Indication Callback called
Bus state is: 0
Set Net Indication Callback called
Bus state is: 0
Set Net Indication Callback called
Bus state is: 0
Set Net Indication Callback called
Bus state is: 0
Set Net Indication Callback called
Bus state is: 0
Set Net Indication Callback called
Bus state is: 0
Set Net Indication Callback called
Bus state is: 0
Set Net Indication Callback called
Bus state is: 0
Set Net Indication Callback called
Bus state is: 0
Set Net Indication Callback called
Bus state is: 0
Set Net Indication Callback called
Bus state is: 0
Set Net Indication Callback called
Bus state is: 0
Set Net Indication Callback called
Bus state is: 0
Set Net Indication Callback called
Bus state is: 0
Set Net Indication Callback called
Bus state is: 0
Set Net Indication Callback called
Bus state is: 0
Set Net Indication Callback called
Bus state is: 0
Set Net Indication Callback called
Bus state is: 0
Set Net Indication Callback called
Bus state is: 0
Set Net Indication Callback called
Bus state is: 0
Set Net Indication Callback called
Bus state is: 0
Set Net Indication Callback called
Bus state is: 0
Set Net Indication Callback called
Bus state is: 0
Set Net Indication Callback called
Bus state is: 0
Set Net Indication Callback called
Bus state is: 0
Set Net Indication Callback called
Bus state is: 0
Set Net Indication Callback called
Bus state is: 0
Set Net Indication Callback called
Bus state is: 0
Set Net Indication Callback called
Bus state is: 0
Set Net Indication Callback called
Bus state is: 0
Set Net Indication Callback called
Bus state is: 0
Set Net Indication Callback called
Bus state is: 0
Set Net Indication Callback called
Bus state is: 0
Set Net Indication Callback called
Bus state is: 0
Set Net Indication Callback called
Bus state is: 0
Set Net Indication Callback called
Bus state is: 0
Set Net Indication Callback called
Bus state is: 0
Set Net Indication Callback called
Bus state is: 0
Set Net Indication Callback called
Bus state is: 0
Set Net Indication Callback called
Bus state is: 0
Set Net Indication Callback called
Bus state is: 0
Set Net Indication Callback called
Bus state is: 0
Set Net Indication Callback called
Bus state is: 0
Set Net Indication Callback called
Bus state is: 0
Set Net Indication Callback called
Bus state is: 0
Set Net Indication Callback called
Bus state is: 0
Set Net Indication Callback called
Bus state is: 0
Set Net Indication Callback called
Bus state is: 0
Set Net Indication Callback called
Bus state is: 0
Set Net Indication Callback called
Bus state is: 0
Set Net Indication Callback called
Bus state is: 0
Set Net Indication Callback called
Bus state is: 0
Set Net Indication Callback called
Bus state is: 0
Set Net Indication Callback called
Bus state is: 0
Set Net Indication Callback called
Bus state is: 0
Set Net Indication Callback called
Bus state is: 0
Set Net Indication Callback called
Bus state is: 0
Set Net Indication Callback called
Bus state is: 0
Set Net Indication Callback called
Bus state is: 0
Set Net Indication Callback called
Bus state is: 0
Set Net Indication Callback called
Bus state is: 0
Set Net Indication Callback called
Bus state is: 0
Set Net Indication Callback called
Bus state is: 0
Set Net Indication Callback called
Bus state is: 0
Set Net Indication Callback called
Bus state is: 0
Set Net Indication Callback called
Bus state is: 0
Set Net Indication Callback called
Bus state is: 0
Set Net Indication Callback called
Bus state is: 0
Set Net Indication Callback called
Bus state is: 0
Set Net Indication Callback called
Bus state is: 0
Set Net Indication Callback called
Bus state is: 0
Set Net Indication Callback called
Bus state is: 0
Set Net Indication Callback called
Bus state is: 0
Set Net Indication Callback called
Bus state is: 0
Set Net Indication Callback called
Bus state is: 0
Set Net Indication Callback called
Bus state is: 0
Set Net Indication Callback called
Bus state is: 0
Set Net Indication Callback called
Bus state is: 0
Set Net Indication Callback called
Bus state is: 0
Set Net Indication Callback called
Bus state is: 0
Set Net Indication Callback called
Bus state is: 0
Set Net Indication Callback called
Bus state is: 0
Set Net Indication Callback called
Bus state is: 0
Set Net Indication Callback called
Bus state is: 0
Set Net Indication Callback called
Bus state is: 0
Set Net Indication Callback called
Bus state is: 0
Set Net Indication Callback called
Bus state is: 0
Set Net Indication Callback called
Bus state is: 0
Set Net Indication Callback called
Bus state is: 0
Set Net Indication Callback called
Bus state is: 0
Set Net Indication Callback called
Bus state is: 0
Set Net Indication Callback called
Bus state is: 0
Set Net Indication Callback called
Bus state is: 0
Set Net Indication Callback called
Bus state is: 0
Set Net Indication Callback called
Bus state is: 0
Set Net Indication Callback called
Bus state is: 0
Set Net Indication Callback called
Bus state is: 0
Set Net Indication Callback called
Bus state is: 0
Set Net Indication Callback called
Bus state is: 0
Set Net Indication Callback called
Bus state is: 0
Set Net Indication Callback called
Bus state is: 0
Set Net Indication Callback called
Bus state is: 0
Set Net Indication Callback called
Bus state is: 0
Set Net Indication Callback called
Bus state is: 0
Set Net Indication Callback called
Bus state is: 0
Set Net Indication Callback called
Bus state is: 0
Set Net Indication Callback called
Bus state is: 0
Set Net Indication Callback called
Bus state is: 0
Set Net Indication Callback called
Bus state is: 0
Set Net Indication Callback called
Bus state is: 0
Set Net Indication Callback called
Bus state is: 0
Set Net Indication Callback called
Bus state is: 0
Set Net Indication Callback called
Bus state is: 0
Set Net Indication Callback called
Bus state is: 0
Set Net Indication Callback called
Bus state is: 0
Set Net Indication Callback called
Bus state is: 0
Set Net Indication Callback called
Bus state is: 0
Set Net Indication Callback called
Bus state is: 0
Set Net Indication Callback called
Bus state is: 0
Set Net Indication Callback called
Bus state is: 0
Set Net Indication Callback called
Bus state is: 0
Set Net Indication Callback called
Bus state is: 0
Set Net Indication Callback called
Bus state is: 0
Set Net Indication Callback called
Bus state is: 0
Set Net Indication Callback called
Bus state is: 0
Set Net Indication Callback called
Bus state is: 0
Set Net Indication Callback called
Bus state is: 0
Set Net Indication Callback called
Bus state is: 0
Set Net Indication Callback called
Bus state is: 0
Set Net Indication Callback called
Bus state is: 0
Set Net Indication Callback called
Bus state is: 0
Set Net Indication Callback called
Bus state is: 0
Set Net Indication Callback called
Bus state is: 0
Set Net Indication Callback called
Bus state is: 0
Set Net Indication Callback called
Bus state is: 0
Set Net Indication Callback called
Bus state is: 0
Set Net Indication Callback called
Bus state is: 0
Set Net Indication Callback called
Bus state is: 0
Set Net Indication Callback called
Bus state is: 0
Set Net Indication Callback called
Bus state is: 0
Set Net Indication Callback called
Bus state is: 0
Set Net Indication Callback called
Bus state is: 0
Set Net Indication Callback called
Bus state is: 0
Set Net Indication Callback called
Bus state is: 0
Set Net Indication Callback called
Bus state is: 0
Set Net Indication Callback called
Bus state is: 0
Set Net Indication Callback called
Bus state is: 0
Set Net Indication Callback called
Bus state is: 0
Set Net Indication Callback called
Bus state is: 0
Set Net Indication Callback called
Bus state is: 0
Set Net Indication Callback called
Bus state is: 0
Set Net Indication Callback called
Bus state is: 0
Set Net Indication Callback called
Bus state is: 0
Set Net Indication Callback called
Bus state is: 0
Set Net Indication Callback called
Bus state is: 0
Set Net Indication Callback called
Bus state is: 0
Set Net Indication Callback called
Bus state is: 0
Set Net Indication Callback called
Bus state is: 0
Set Net Indication Callback called
Bus state is: 0
Set Net Indication Callback called
Bus state is: 0
Set Net Indication Callback called
Bus state is: 0
Set Net Indication Callback called
Bus state is: 0
Set Net Indication Callback called
Bus state is: 0
Set Net Indication Callback called
Bus state is: 0
Set Net Indication Callback called
Bus state is: 0
Set Net Indication Callback called
Bus state is: 0
Set Net Indication Callback called
Bus state is: 0
Set Net Indication Callback called
Bus state is: 0
Set Net Indication Callback called
Bus state is: 0
Set Net Indication Callback called
Bus state is: 0
Set Net Indication Callback called
Bus state is: 0
Set Net Indication Callback called
Bus state is: 0
Set Net Indication Callback called
Bus state is: 0
Set Net Indication Callback called
Bus state is: 0
Set Net Indication Callback called
Bus state is: 0
Set Net Indication Callback called
Bus state is: 0
Set Net Indication Callback called
Bus state is: 0
Set Net Indication Callback called
Bus state is: 0
Set Net Indication Callback called
Bus state is: 0
Set Net Indication Callback called
Bus state is: 0
Set Net Indication Callback called
Bus state is: 0
Set Net Indication Callback called
Bus state is: 0
Set Net Indication Callback called
Bus state is: 0
Set Net Indication Callback called
Bus state is: 0
Set Net Indication Callback called
Bus state is: 0
Set Net Indication Callback called
Bus state is: 0
Set Net Indication Callback called
Bus state is: 0
Set Net Indication Callback called
Bus state is: 0
Set Net Indication Callback called
Bus state is: 0
Set Net Indication Callback called
Bus state is: 0
Set Net Indication Callback called
Bus state is: 0
Set Net Indication Callback called
Bus state is: 0
Set Net Indication Callback called
Bus state is: 0
Set Net Indication Callback called
Bus state is: 0
Set Net Indication Callback called
Bus state is: 0
Set Net Indication Callback called
Bus state is: 0
Set Net Indication Callback called
Bus state is: 0
Set Net Indication Callback called
Bus state is: 0
Set Net Indication Callback called
Bus state is: 0
Set Net Indication Callback called
Bus state is: 0
Set Net Indication Callback called
Bus state is: 0
Set Net Indication Callback called
Bus state is: 0
Set Net Indication Callback called
Bus state is: 0
Set Net Indication Callback called
Bus state is: 0
Set Net Indication Callback called
Bus state is: 0
Set Net Indication Callback called
Bus state is: 0
Set Net Indication Callback called
Bus state is: 0
Set Net Indication Callback called
Bus state is: 0
Set Net Indication Callback called
Bus state is: 0
Set Net Indication Callback called
Bus state is: 0
Set Net Indication Callback called
Bus state is: 0
Set Net Indication Callback called
Bus state is: 0
Set Net Indication Callback called
Bus state is: 0
Set Net Indication Callback called
Bus state is: 0
Set Net Indication Callback called
Bus state is: 0
Set Net Indication Callback called
Bus state is: 0
Set Net Indication Callback called
Bus state is: 0
Set Net Indication Callback called
Bus state is: 0
Set Net Indication Callback called
Bus state is: 0
Set Net Indication Callback called
Bus state is: 0
Set Net Indication Callback called
Bus state is: 0
Set Net Indication Callback called
Bus state is: 0
Set Net Indication Callback called
Bus state is: 0
Set Net Indication Callback called
Bus state is: 0
Set Net Indication Callback called
Bus state is: 0
Set Net Indication Callback called
Bus state is: 0
Set Net Indication Callback called
Bus state is: 0
Set Net Indication Callback called
Bus state is: 0
Set Net Indication Callback called
Bus state is: 0
Set Net Indication Callback called
Bus state is: 0
Set Net Indication Callback called
Bus state is: 0
Set Net Indication Callback called
Bus state is: 0
Set Net Indication Callback called
Bus state is: 0
Set Net Indication Callback called
Bus state is: 0
Set Net Indication Callback called
Bus state is: 0
Set Net Indication Callback called
Bus state is: 0
Set Net Indication Callback called
Bus state is: 0
Set Net Indication Callback called
Bus state is: 0
Set Net Indication Callback called
Bus state is: 0
Set Net Indication Callback called
Bus state is: 0
Set Net Indication Callback called
Bus state is: 0
Set Net Indication Callback called
Bus state is: 0
Set Net Indication Callback called
Bus state is: 0
Set Net Indication Callback called
Bus state is: 0
Set Net Indication Callback called
Bus state is: 0
Set Net Indication Callback called
Bus state is: 0
Set Net Indication Callback called
Bus state is: 0
Set Net Indication Callback called
Bus state is: 0
Set Net Indication Callback called
Bus state is: 0
Set Net Indication Callback called
Bus state is: 0
Set Net Indication Callback called
Bus state is: 0
Set Net Indication Callback called
Bus state is: 0
Set Net Indication Callback called
Bus state is: 0
Set Net Indication Callback called
Bus state is: 0
Set Net Indication Callback called
Bus state is: 0
Set Net Indication Callback called
Bus state is: 0
Set Net Indication Callback called
Bus state is: 0
Set Net Indication Callback called
Bus state is: 0
Set Net Indication Callback called
Bus state is: 0
Set Net Indication Callback called
Bus state is: 0
Set Net Indication Callback called
Bus state is: 0
Set Net Indication Callback called
Bus state is: 0
Set Net Indication Callback called
Bus state is: 0
Set Net Indication Callback called
Bus state is: 0
Set Net Indication Callback called
Bus state is: 0
Set Net Indication Callback called
Bus state is: 0
Set Net Indication Callback called
Bus state is: 0
Set Net Indication Callback called
Bus state is: 0
Set Net Indication Callback called
Bus state is: 0
Set Net Indication Callback called
Bus state is: 0
Set Net Indication Callback called
Bus state is: 0
Set Net Indication Callback called
Bus state is: 0
Set Net Indication Callback called
Bus state is: 0
Set Net Indication Callback called
Bus state is: 0
Set Net Indication Callback called
Bus state is: 0
Set Net Indication Callback called
Bus state is: 0
Set Net Indication Callback called
Bus state is: 0
Set Net Indication Callback called
Bus state is: 0
Set Net Indication Callback called
Bus state is: 0
Set Net Indication Callback called
Bus state is: 0
Set Net Indication Callback called
Bus state is: 0
Set Net Indication Callback called
Bus state is: 0
Set Net Indication Callback called
Bus state is: 0
Set Net Indication Callback called
Bus state is: 0
Set Net Indication Callback called
Bus state is: 0
Set Net Indication Callback called
Bus state is: 0
Set Net Indication Callback called
Bus state is: 0
Set Net Indication Callback called
Bus state is: 0
Set Net Indication Callback called
Bus state is: 0
Set Net Indication Callback called
Bus state is: 0
Set Net Indication Callback called
Bus state is: 0
Set Net Indication Callback called
Bus state is: 0
Set Net Indication Callback called
Bus state is: 0
Set Net Indication Callback called
Bus state is: 0
Set Net Indication Callback called
Bus state is: 0
Set Net Indication Callback called
Bus state is: 0
Set Net Indication Callback called
Bus state is: 0
Set Net Indication Callback called
Bus state is: 0
Set Net Indication Callback called
Bus state is: 0
Set Net Indication Callback called
Bus state is: 0
Set Net Indication Callback called
Bus state is: 0
Set Net Indication Callback called
Bus state is: 0
Set Net Indication Callback called
Bus state is: 0
Set Net Indication Callback called
Bus state is: 0
Set Net Indication Callback called
Bus state is: 0
Set Net Indication Callback called
Bus state is: 0
Set Net Indication Callback called
Bus state is: 0
Set Net Indication Callback called
Bus state is: 0
Set Net Indication Callback called
Bus state is: 0
Set Net Indication Callback called
Bus state is: 0
Set Net Indication Callback called
Bus state is: 0
Set Net Indication Callback called
Bus state is: 0
Set Net Indication Callback called
Bus state is: 0
Set Net Indication Callback called
Bus state is: 0
Set Net Indication Callback called
Bus state is: 0
Set Net Indication Callback called
Bus state is: 0
Set Net Indication Callback called
Bus state is: 0
Set Net Indication Callback called
Bus state is: 0
Set Net Indication Callback called
Bus state is: 0
Set Net Indication Callback called
Bus state is: 0
Set Net Indication Callback called
Bus state is: 0
Set Net Indication Callback called
Bus state is: 0
Set Net Indication Callback called
Bus state is: 0
Set Net Indication Callback called
Bus state is: 0
Set Net Indication Callback called
Bus state is: 0
Set Net Indication Callback called
Bus state is: 0
Set Net Indication Callback called
Bus state is: 0
Set Net Indication Callback called
Bus state is: 0
Set Net Indication Callback called
Bus state is: 0
Set Net Indication Callback called
Bus state is: 0
Set Net Indication Callback called
Bus state is: 0
Set Net Indication Callback called
Bus state is: 0
Set Net Indication Callback called
Bus state is: 0
Set Net Indication Callback called
Bus state is: 0
Set Net Indication Callback called
Bus state is: 0
Set Net Indication Callback called
Bus state is: 0
Set Net Indication Callback called
Bus state is: 0
Set Net Indication Callback called
Bus state is: 0
Set Net Indication Callback called
Bus state is: 0
Set Net Indication Callback called
Bus state is: 0
Set Net Indication Callback called
Bus state is: 0
Set Net Indication Callback called
Bus state is: 0
Set Net Indication Callback called
Bus state is: 0
Set Net Indication Callback called
Bus state is: 0
Set Net Indication Callback called
Bus state is: 0
Set Net Indication Callback called
Bus state is: 0
Set Net Indication Callback called
Bus state is: 0
Set Net Indication Callback called
Bus state is: 0
Set Net Indication Callback called
Bus state is: 0
Set Net Indication Callback called
Bus state is: 0
Set Net Indication Callback called
Bus state is: 0
Set Net Indication Callback called
Bus state is: 0
Set Net Indication Callback called
Bus state is: 0
Set Net Indication Callback called
Bus state is: 0
Set Net Indication Callback called
Bus state is: 0
Set Net Indication Callback called
Bus state is: 0
Set Net Indication Callback called
Bus state is: 0
Set Net Indication Callback called
Bus state is: 0
Set Net Indication Callback called
Bus state is: 0
Set Net Indication Callback called
Bus state is: 0
Set Net Indication Callback called
Bus state is: 0
Set Net Indication Callback called
Bus state is: 0
Set Net Indication Callback called
Bus state is: 0
Set Net Indication Callback called
Bus state is: 0
Set Net Indication Callback called
Bus state is: 0
Set Net Indication Callback called
Bus state is: 0
Set Net Indication Callback called
Bus state is: 0
Set Net Indication Callback called
Bus state is: 0
Set Net Indication Callback called
Bus state is: 0
Set Net Indication Callback called
Bus state is: 0
Set Net Indication Callback called
Bus state is: 0
Set Net Indication Callback called
Bus state is: 0
Set Net Indication Callback called
Bus state is: 0
Set Net Indication Callback called
Bus state is: 0
Set Net Indication Callback called
Bus state is: 0
Set Net Indication Callback called
Bus state is: 0
Set Net Indication Callback called
Bus state is: 0
Set Net Indication Callback called
Bus state is: 0
Set Net Indication Callback called
Bus state is: 0
Set Net Indication Callback called
Bus state is: 0
Set Net Indication Callback called
Bus state is: 0
Set Net Indication Callback called
Bus state is: 0
Set Net Indication Callback called
Bus state is: 0
Set Net Indication Callback called
Bus state is: 0
Set Net Indication Callback called
Bus state is: 0
Set Net Indication Callback called
Bus state is: 0
Set Net Indication Callback called
Bus state is: 0
Set Net Indication Callback called
Bus state is: 0
Set Net Indication Callback called
Bus state is: 0
Set Net Indication Callback called
Bus state is: 0
Set Net Indication Callback called
Bus state is: 0
Set Net Indication Callback called
Bus state is: 0
Set Net Indication Callback called
Bus state is: 0
Set Net Indication Callback called
Bus state is: 0
Set Net Indication Callback called
Bus state is: 0
Set Net Indication Callback called
Bus state is: 0
Set Net Indication Callback called
Bus state is: 0
Set Net Indication Callback called
Bus state is: 0
Set Net Indication Callback called
Bus state is: 0
Set Net Indication Callback called
Bus state is: 0
Set Net Indication Callback called
Bus state is: 0
Set Net Indication Callback called
Bus state is: 0
Set Net Indication Callback called
Bus state is: 0
Set Net Indication Callback called
Bus state is: 0
Set Net Indication Callback called
Bus state is: 0
Set Net Indication Callback called
Bus state is: 0
Set Net Indication Callback called
Bus state is: 0
Set Net Indication Callback called
Bus state is: 0
Set Net Indication Callback called
Bus state is: 0
Set Net Indication Callback called
Bus state is: 0
Set Net Indication Callback called
Bus state is: 0
Set Net Indication Callback called
Bus state is: 0
Set Net Indication Callback called
Bus state is: 0
Set Net Indication Callback called
Bus state is: 0
Set Net Indication Callback called
Bus state is: 0
Set Net Indication Callback called
Bus state is: 0
Set Net Indication Callback called
Bus state is: 0
Set Net Indication Callback called
Bus state is: 0
Set Net Indication Callback called
Bus state is: 0
Set Net Indication Callback called
Bus state is: 0
Set Net Indication Callback called
Bus state is: 0
Set Net Indication Callback called
Bus state is: 0
Set Net Indication Callback called
Bus state is: 0
Set Net Indication Callback called
Bus state is: 0
Set Net Indication Callback called
Bus state is: 0
Set Net Indication Callback called
Bus state is: 0
Set Net Indication Callback called
Bus state is: 0
Set Net Indication Callback called
Bus state is: 0
Set Net Indication Callback called
Bus state is: 0
Set Net Indication Callback called
Bus state is: 0
Set Net Indication Callback called
Bus state is: 0
Set Net Indication Callback called
Bus state is: 0
Set Net Indication Callback called
Bus state is: 0
Set Net Indication Callback called
Bus state is: 0
Set Net Indication Callback called
Bus state is: 0
Set Net Indication Callback called
Bus state is: 0
Set Net Indication Callback called
Bus state is: 0
Set Net Indication Callback called
Bus state is: 0
Set Net Indication Callback called
Bus state is: 0
Set Net Indication Callback called
Bus state is: 0
Set Net Indication Callback called
Bus state is: 0
Set Net Indication Callback called
Bus state is: 0
Set Net Indication Callback called
Bus state is: 0
Set Net Indication Callback called
Bus state is: 0
Set Net Indication Callback called
Bus state is: 0
Set Net Indication Callback called
Bus state is: 0
Set Net Indication Callback called
Bus state is: 0
Set Net Indication Callback called
Bus state is: 0
Set Net Indication Callback called
Bus state is: 0
Set Net Indication Callback called
Bus state is: 0
Set Net Indication Callback called
Bus state is: 0
Set Net Indication Callback called
Bus state is: 0
Set Net Indication Callback called
Bus state is: 0
Set Net Indication Callback called
Bus state is: 0
Set Net Indication Callback called
Bus state is: 0
Set Net Indication Callback called
Bus state is: 0
Set Net Indication Callback called
Bus state is: 0
Set Net Indication Callback called
Bus state is: 0
Set Net Indication Callback called
Bus state is: 0
Set Net Indication Callback called
Bus state is: 0
Set Net Indication Callback called
Bus state is: 0
Set Net Indication Callback called
Bus state is: 0
Set Net Indication Callback called
Bus state is: 0
Set Net Indication Callback called
Bus state is: 0
Set Net Indication Callback called
Bus state is: 0
Set Net Indication Callback called
Bus state is: 0
Set Net Indication Callback called
Bus state is: 0
Set Net Indication Callback called
Bus state is: 0
Set Net Indication Callback called
Bus state is: 0
Set Net Indication Callback called
Bus state is: 0
Set Net Indication Callback called
Bus state is: 0
Set Net Indication Callback called
Bus state is: 0
Set Net Indication Callback called
Bus state is: 0
Set Net Indication Callback called
Bus state is: 0
Set Net Indication Callback called
Bus state is: 0
Set Net Indication Callback called
Bus state is: 0
Set Net Indication Callback called
Bus state is: 0
Set Net Indication Callback called
Bus state is: 0
Set Net Indication Callback called
Bus state is: 0
Set Net Indication Callback called
Bus state is: 0
Set Net Indication Callback called
Bus state is: 0
Set Net Indication Callback called
Bus state is: 0
Set Net Indication Callback called
Bus state is: 0
Set Net Indication Callback called
Bus state is: 0
Set Net Indication Callback called
Bus state is: 0
Set Net Indication Callback called
Bus state is: 0
Set Net Indication Callback called
Bus state is: 0
Set Net Indication Callback called
Bus state is: 0
Set Net Indication Callback called
Bus state is: 0
Set Net Indication Callback called
Bus state is: 0
Set Net Indication Callback called
Bus state is: 0
Set Net Indication Callback called
Bus state is: 0
Set Net Indication Callback called
Bus state is: 0
Set Net Indication Callback called
Bus state is: 0
Set Net Indication Callback called
Bus state is: 0
Set Net Indication Callback called
Bus state is: 0
Set Net Indication Callback called
Bus state is: 0
Set Net Indication Callback called
Bus state is: 0
Set Net Indication Callback called
Bus state is: 0
Set Net Indication Callback called
Bus state is: 0
Set Net Indication Callback called
Bus state is: 0
Set Net Indication Callback called
Bus state is: 0
Set Net Indication Callback called
Bus state is: 0
Set Net Indication Callback called
Bus state is: 0
Set Net Indication Callback called
Bus state is: 0
Set Net Indication Callback called
Bus state is: 0
Set Net Indication Callback called
Bus state is: 0
Set Net Indication Callback called
Bus state is: 0
Set Net Indication Callback called
Bus state is: 0
Set Net Indication Callback called
Bus state is: 0
Set Net Indication Callback called
Bus state is: 0
Set Net Indication Callback called
Bus state is: 0
Set Net Indication Callback called
Bus state is: 0
Set Net Indication Callback called
Bus state is: 0
Set Net Indication Callback called
Bus state is: 0
Set Net Indication Callback called
Bus state is: 0
Set Net Indication Callback called
Bus state is: 0
Set Net Indication Callback called
Bus state is: 0
Set Net Indication Callback called
Bus state is: 0
Set Net Indication Callback called
Bus state is: 0
Set Net Indication Callback called
Bus state is: 0
Set Net Indication Callback called
Bus state is: 0
Set Net Indication Callback called
Bus state is: 0
Set Net Indication Callback called
Bus state is: 0
Set Net Indication Callback called
Bus state is: 0
Set Net Indication Callback called
Bus state is: 0
Set Net Indication Callback called
Bus state is: 0
Set Net Indication Callback called
Bus state is: 0
Set Net Indication Callback called
Bus state is: 0
Set Net Indication Callback called
Bus state is: 0
Set Net Indication Callback called
Bus state is: 0
Set Net Indication Callback called
Bus state is: 0
Set Net Indication Callback called
Bus state is: 0
Set Net Indication Callback called
Bus state is: 0
Set Net Indication Callback called
Bus state is: 0
Set Net Indication Callback called
Bus state is: 0
Set Net Indication Callback called
Bus state is: 0
Set Net Indication Callback called
Bus state is: 0
Set Net Indication Callback called
Bus state is: 0
Set Net Indication Callback called
Bus state is: 0
Set Net Indication Callback called
Bus state is: 0
Set Net Indication Callback called
Bus state is: 0
Set Net Indication Callback called
Bus state is: 0
Set Net Indication Callback called
Bus state is: 0
Set Net Indication Callback called
Bus state is: 0
Set Net Indication Callback called
Bus state is: 0
Set Net Indication Callback called
Bus state is: 0
Set Net Indication Callback called
Bus state is: 0
Set Net Indication Callback called
Bus state is: 0
Set Net Indication Callback called
Bus state is: 0
Set Net Indication Callback called
Bus state is: 0
Set Net Indication Callback called
Bus state is: 0
Set Net Indication Callback called
Bus state is: 0
Set Net Indication Callback called
Bus state is: 0
Set Net Indication Callback called
Bus state is: 0
Set Net Indication Callback called
Bus state is: 0
Set Net Indication Callback called
Bus state is: 0
Set Net Indication Callback called
Bus state is: 0
Set Net Indication Callback called
Bus state is: 0
Set Net Indication Callback called
Bus state is: 0
Set Net Indication Callback called
Bus state is: 0
Set Net Indication Callback called
Bus state is: 0
Set Net Indication Callback called
Bus state is: 0
Set Net Indication Callback called
Bus state is: 0
Set Net Indication Callback called
Bus state is: 0
Set Net Indication Callback called
Bus state is: 0
Set Net Indication Callback called
Bus state is: 0
Set Net Indication Callback called
Bus state is: 0
Set Net Indication Callback called
Bus state is: 0
Set Net Indication Callback called
Bus state is: 0
Set Net Indication Callback called
Bus state is: 0
Set Net Indication Callback called
Bus state is: 0
Set Net Indication Callback called
Bus state is: 0
Set Net Indication Callback called
Bus state is: 0
Set Net Indication Callback called
Bus state is: 0
Set Net Indication Callback called
Bus state is: 0
Set Net Indication Callback called
Bus state is: 0
Set Net Indication Callback called
Bus state is: 0
Set Net Indication Callback called
Bus state is: 0
Set Net Indication Callback called
Bus state is: 0
Set Net Indication Callback called
Bus state is: 0
Set Net Indication Callback called
Bus state is: 0
Set Net Indication Callback called
Bus state is: 0
Set Net Indication Callback called
Bus state is: 0
Set Net Indication Callback called
Bus state is: 0
Set Net Indication Callback called
Bus state is: 0
Set Net Indication Callback called
Bus state is: 0
Set Net Indication Callback called
Bus state is: 0
Set Net Indication Callback called
Bus state is: 0
Set Net Indication Callback called
Bus state is: 0
Set Net Indication Callback called
Bus state is: 0
Set Net Indication Callback called
Bus state is: 0
Set Net Indication Callback called
Bus state is: 0
Set Net Indication Callback called
Bus state is: 0
Set Net Indication Callback called
Bus state is: 0
Set Net Indication Callback called
Bus state is: 0
Set Net Indication Callback called
Bus state is: 0
Set Net Indication Callback called
Bus state is: 0
Set Net Indication Callback called
Bus state is: 0
Set Net Indication Callback called
Bus state is: 0
Set Net Indication Callback called
Bus state is: 0
Set Net Indication Callback called
Bus state is: 0
Set Net Indication Callback called
Bus state is: 0
Set Net Indication Callback called
Bus state is: 0
Set Net Indication Callback called
Bus state is: 0
Set Net Indication Callback called
Bus state is: 0
Set Net Indication Callback called
Bus state is: 0
Set Net Indication Callback called
Bus state is: 0
Set Net Indication Callback called
Bus state is: 0
Set Net Indication Callback called
Bus state is: 0
Set Net Indication Callback called
Bus state is: 0
Set Net Indication Callback called
Bus state is: 0
Set Net Indication Callback called
Bus state is: 0
Set Net Indication Callback called
Bus state is: 0
Set Net Indication Callback called
Bus state is: 0
Set Net Indication Callback called
Bus state is: 0
Set Net Indication Callback called
Bus state is: 0
Set Net Indication Callback called
Bus state is: 0
Set Net Indication Callback called
Bus state is: 0
Set Net Indication Callback called
Bus state is: 0
Set Net Indication Callback called
Bus state is: 0
Set Net Indication Callback called
Bus state is: 0
Set Net Indication Callback called
Bus state is: 0
Set Net Indication Callback called
Bus state is: 0
Set Net Indication Callback called
Bus state is: 0
Set Net Indication Callback called
Bus state is: 0
Set Net Indication Callback called
Bus state is: 0
Set Net Indication Callback called
Bus state is: 0
Set Net Indication Callback called
Bus state is: 0
Set Net Indication Callback called
Bus state is: 0
Set Net Indication Callback called
Bus state is: 0
Set Net Indication Callback called
Bus state is: 0
Set Net Indication Callback called
Bus state is: 0
Set Net Indication Callback called
Bus state is: 0
Set Net Indication Callback called
Bus state is: 0
Set Net Indication Callback called
Bus state is: 0
Set Net Indication Callback called
Bus state is: 0
Set Net Indication Callback called
Bus state is: 0
Set Net Indication Callback called
Bus state is: 0
Set Net Indication Callback called
Bus state is: 0
Set Net Indication Callback called
Bus state is: 0
Set Net Indication Callback called
Bus state is: 0
Set Net Indication Callback called
Bus state is: 0
Set Net Indication Callback called
Bus state is: 0
Set Net Indication Callback called
Bus state is: 0
Set Net Indication Callback called
Bus state is: 0
Set Net Indication Callback called
Bus state is: 0
Set Net Indication Callback called
Bus state is: 0
Set Net Indication Callback called
Bus state is: 0
Set Net Indication Callback called
Bus state is: 0
Set Net Indication Callback called
Bus state is: 0
Set Net Indication Callback called
Bus state is: 0
Set Net Indication Callback called
Bus state is: 0
Set Net Indication Callback called
Bus state is: 0
Set Net Indication Callback called
Bus state is: 0
Set Net Indication Callback called
Bus state is: 0
Set Net Indication Callback called
Bus state is: 0
Set Net Indication Callback called
Bus state is: 0
Set Net Indication Callback called
Bus state is: 0
Set Net Indication Callback called
Bus state is: 0
Set Net Indication Callback called
Bus state is: 0
Set Net Indication Callback called
Bus state is: 0
Set Net Indication Callback called
Bus state is: 0
Set Net Indication Callback called
Bus state is: 0
Set Net Indication Callback called
Bus state is: 0
Set Net Indication Callback called
Bus state is: 0
Set Net Indication Callback called
Bus state is: 0
Set Net Indication Callback called
Bus state is: 0
Set Net Indication Callback called
Bus state is: 0
Set Net Indication Callback called
Bus state is: 0
Set Net Indication Callback called
Bus state is: 0
Set Net Indication Callback called
Bus state is: 0
Set Net Indication Callback called
Bus state is: 0
Set Net Indication Callback called
Bus state is: 0
Set Net Indication Callback called
Bus state is: 0
Set Net Indication Callback called
Bus state is: 0
Set Net Indication Callback called
Bus state is: 0
Set Net Indication Callback called
Bus state is: 0
Set Net Indication Callback called
Bus state is: 0
Set Net Indication Callback called
Bus state is: 0
Set Net Indication Callback called
Bus state is: 0
Set Net Indication Callback called
Bus state is: 0
Set Net Indication Callback called
Bus state is: 0
Set Net Indication Callback called
Bus state is: 0
Set Net Indication Callback called
Bus state is: 0
Set Net Indication Callback called
Bus state is: 0
Set Net Indication Callback called
Bus state is: 0
Set Net Indication Callback called
Bus state is: 0
Set Net Indication Callback called
Bus state is: 0
Set Net Indication Callback called
Bus state is: 0
Set Net Indication Callback called
Bus state is: 0
Set Net Indication Callback called
Bus state is: 0
Set Net Indication Callback called
Bus state is: 0
Set Net Indication Callback called
Bus state is: 0
Set Net Indication Callback called
Bus state is: 0
Set Net Indication Callback called
Bus state is: 0
Set Net Indication Callback called
Bus state is: 0
Set Net Indication Callback called
Bus state is: 0
Set Net Indication Callback called
Bus state is: 0
Set Net Indication Callback called
Bus state is: 0
Set Net Indication Callback called
Bus state is: 0
Set Net Indication Callback called
Bus state is: 0
Set Net Indication Callback called
Bus state is: 0
Set Net Indication Callback called
Bus state is: 0
Set Net Indication Callback called
Bus state is: 0
Set Net Indication Callback called
Bus state is: 0
Set Net Indication Callback called
Bus state is: 0
Set Net Indication Callback called
Bus state is: 0
Set Net Indication Callback called
Bus state is: 0
Set Net Indication Callback called
Bus state is: 0
Set Net Indication Callback called
Bus state is: 0
Set Net Indication Callback called
Bus state is: 0
Set Net Indication Callback called
Bus state is: 0
Set Net Indication Callback called
Bus state is: 0
Set Net Indication Callback called
Bus state is: 0
Set Net Indication Callback called
Bus state is: 0
Set Net Indication Callback called
Bus state is: 0
Set Net Indication Callback called
Bus state is: 0
Set Net Indication Callback called
Bus state is: 0
Set Net Indication Callback called
Bus state is: 0
Set Net Indication Callback called
Bus state is: 0
Set Net Indication Callback called
Bus state is: 0
Set Net Indication Callback called
Bus state is: 0
Set Net Indication Callback called
Bus state is: 0
Set Net Indication Callback called
Bus state is: 0
Set Net Indication Callback called
Bus state is: 0
Set Net Indication Callback called
Bus state is: 0
Set Net Indication Callback called
Bus state is: 0
Set Net Indication Callback called
Bus state is: 0
Set Net Indication Callback called
Bus state is: 0
Set Net Indication Callback called
Bus state is: 0
Set Net Indication Callback called
Bus state is: 0
Set Net Indication Callback called
Bus state is: 0
Set Net Indication Callback called
Bus state is: 0
Set Net Indication Callback called
Bus state is: 0
Set Net Indication Callback called
Bus state is: 0
Set Net Indication Callback called
Bus state is: 0
Set Net Indication Callback called
Bus state is: 0
Set Net Indication Callback called
Bus state is: 0
Set Net Indication Callback called
Bus state is: 0
Set Net Indication Callback called
Bus state is: 0
Set Net Indication Callback called
Bus state is: 0
Set Net Indication Callback called
Bus state is: 0
Set Net Indication Callback called
Bus state is: 0
Set Net Indication Callback called
Bus state is: 0
Set Net Indication Callback called
Bus state is: 0
Set Net Indication Callback called
Bus state is: 0
Set Net Indication Callback called
Bus state is: 0
Set Net Indication Callback called
Bus state is: 0
Set Net Indication Callback called
Bus state is: 0
Set Net Indication Callback called
Bus state is: 0
Set Net Indication Callback called
Bus state is: 0
Set Net Indication Callback called
Bus state is: 0
Set Net Indication Callback called
Bus state is: 0
Set Net Indication Callback called
Bus state is: 0
Set Net Indication Callback called
Bus state is: 0
Set Net Indication Callback called
Bus state is: 0
Set Net Indication Callback called
Bus state is: 0
Set Net Indication Callback called
Bus state is: 0
Set Net Indication Callback called
Bus state is: 0
Set Net Indication Callback called
Bus state is: 0
Set Net Indication Callback called
Bus state is: 0
Set Net Indication Callback called
Bus state is: 0
Set Net Indication Callback called
Bus state is: 0
Set Net Indication Callback called
Bus state is: 0
Set Net Indication Callback called
Bus state is: 0
Set Net Indication Callback called
Bus state is: 0
Set Net Indication Callback called
Bus state is: 0
Set Net Indication Callback called
Bus state is: 0
Set Net Indication Callback called
Bus state is: 0
Set Net Indication Callback called
Bus state is: 0
Set Net Indication Callback called
Bus state is: 0
Set Net Indication Callback called
Bus state is: 0
Set Net Indication Callback called
Bus state is: 0
Set Net Indication Callback called
Bus state is: 0
Set Net Indication Callback called
Bus state is: 0
Set Net Indication Callback called
Bus state is: 0
Set Net Indication Callback called
Bus state is: 0
Set Net Indication Callback called
Bus state is: 0
Set Net Indication Callback called
Bus state is: 0
Set Net Indication Callback called
Bus state is: 0
Set Net Indication Callback called
Bus state is: 0
Set Net Indication Callback called
Bus state is: 0
Set Net Indication Callback called
Bus state is: 0
Set Net Indication Callback called
Bus state is: 0
Set Net Indication Callback called
Bus state is: 0
Set Net Indication Callback called
Bus state is: 0
Set Net Indication Callback called
Bus state is: 0
Set Net Indication Callback called
Bus state is: 0
Set Net Indication Callback called
Bus state is: 0
Set Net Indication Callback called
Bus state is: 0
Set Net Indication Callback called
Bus state is: 0
Set Net Indication Callback called
Bus state is: 0
Set Net Indication Callback called
Bus state is: 0
Set Net Indication Callback called
Bus state is: 0
Set Net Indication Callback called
Bus state is: 0
Set Net Indication Callback called
Bus state is: 0
Set Net Indication Callback called
Bus state is: 0
Set Net Indication Callback called
Bus state is: 0
Set Net Indication Callback called
Bus state is: 0
Set Net Indication Callback called
Bus state is: 0
Set Net Indication Callback called
Bus state is: 0
Set Net Indication Callback called
Bus state is: 0
Set Net Indication Callback called
Bus state is: 0
Set Net Indication Callback called
Bus state is: 0
Set Net Indication Callback called
Bus state is: 0
Set Net Indication Callback called
Bus state is: 0
Set Net Indication Callback called
Bus state is: 0
Set Net Indication Callback called
Bus state is: 0
Set Net Indication Callback called
Bus state is: 0
Set Net Indication Callback called
Bus state is: 0
Set Net Indication Callback called
Bus state is: 0
Set Net Indication Callback called
Bus state is: 0
Set Net Indication Callback called
Bus state is: 0
Set Net Indication Callback called
Bus state is: 0
Set Net Indication Callback called
Bus state is: 0
Set Net Indication Callback called
Bus state is: 0
Set Net Indication Callback called
Bus state is: 0
Set Net Indication Callback called
Bus state is: 0
Set Net Indication Callback called
Bus state is: 0
Set Net Indication Callback called
Bus state is: 0
Set Net Indication Callback called
Bus state is: 0
Set Net Indication Callback called
Bus state is: 0
Set Net Indication Callback called
Bus state is: 0
Set Net Indication Callback called
Bus state is: 0
Set Net Indication Callback called
Bus state is: 0
Set Net Indication Callback called
Bus state is: 0
Set Net Indication Callback called
Bus state is: 0
Set Net Indication Callback called
Bus state is: 0
Set Net Indication Callback called
Bus state is: 0
Set Net Indication Callback called
Bus state is: 0
Set Net Indication Callback called
Bus state is: 0
Set Net Indication Callback called
Bus state is: 0
Set Net Indication Callback called
Bus state is: 0
Set Net Indication Callback called
Bus state is: 0
Set Net Indication Callback called
Bus state is: 0
Set Net Indication Callback called
Bus state is: 0
Set Net Indication Callback called
Bus state is: 0
Set Net Indication Callback called
Bus state is: 0
Set Net Indication Callback called
Bus state is: 0
Set Net Indication Callback called
Bus state is: 0
Set Net Indication Callback called
Bus state is: 0
Set Net Indication Callback called
Bus state is: 0
Set Net Indication Callback called
Bus state is: 0
Set Net Indication Callback called
Bus state is: 0
Set Net Indication Callback called
Bus state is: 0
Set Net Indication Callback called
Bus state is: 0
Set Net Indication Callback called
Bus state is: 0
Set Net Indication Callback called
Bus state is: 0
Set Net Indication Callback called
Bus state is: 0
Set Net Indication Callback called
Bus state is: 0
Set Net Indication Callback called
Bus state is: 0
Set Net Indication Callback called
Bus state is: 0
Set Net Indication Callback called
Bus state is: 0
Set Net Indication Callback called
Bus state is: 0
Set Net Indication Callback called
Bus state is: 0
Set Net Indication Callback called
Bus state is: 0
Set Net Indication Callback called
Bus state is: 0
Set Net Indication Callback called
Bus state is: 0
Set Net Indication Callback called
Bus state is: 0
Set Net Indication Callback called
Bus state is: 0
Set Net Indication Callback called
Bus state is: 0
Set Net Indication Callback called
Bus state is: 0
Set Net Indication Callback called
Bus state is: 0
Set Net Indication Callback called
Bus state is: 0
Set Net Indication Callback called
Bus state is: 0
Set Net Indication Callback called
Bus state is: 0
Set Net Indication Callback called
Bus state is: 0
Set Net Indication Callback called
Bus state is: 0
Set Net Indication Callback called
Bus state is: 0
Set Net Indication Callback called
Bus state is: 0
Set Net Indication Callback called
Bus state is: 0
Set Net Indication Callback called
Bus state is: 0
Set Net Indication Callback called
Bus state is: 0
Set Net Indication Callback called
Bus state is: 0
Set Net Indication Callback called
Bus state is: 0
Set Net Indication Callback called
Bus state is: 0
Set Net Indication Callback called
Bus state is: 0
Set Net Indication Callback called
Bus state is: 0
Set Net Indication Callback called
Bus state is: 0
Set Net Indication Callback called
Bus state is: 0
Set Net Indication Callback called
Bus state is: 0
Set Net Indication Callback called
Bus state is: 0
Set Net Indication Callback called
Bus state is: 0
Set Net Indication Callback called
Bus state is: 0
Set Net Indication Callback called
Bus state is: 0
Set Net Indication Callback called
Bus state is: 0
Set Net Indication Callback called
Bus state is: 0
Set Net Indication Callback called
Bus state is: 0
Set Net Indication Callback called
Bus state is: 0
Set Net Indication Callback called
Bus state is: 0
Set Net Indication Callback called
Bus state is: 0
Set Net Indication Callback called
Bus state is: 0
Set Net Indication Callback called
Bus state is: 0
Set Net Indication Callback called
Bus state is: 0
Set Net Indication Callback called
Bus state is: 0
Set Net Indication Callback called
Bus state is: 0
Set Net Indication Callback called
Bus state is: 0
Set Net Indication Callback called
Bus state is: 0
Set Net Indication Callback called
Bus state is: 0
Set Net Indication Callback called
Bus state is: 0
Set Net Indication Callback called
Bus state is: 0
Set Net Indication Callback called
Bus state is: 0
Set Net Indication Callback called
Bus state is: 0
Set Net Indication Callback called
Bus state is: 0
Set Net Indication Callback called
Bus state is: 0
Set Net Indication Callback called
Bus state is: 0
Set Net Indication Callback called
Bus state is: 0
Set Net Indication Callback called
Bus state is: 0
Set Net Indication Callback called
Bus state is: 0
Set Net Indication Callback called
Bus state is: 0
Set Net Indication Callback called
Bus state is: 0
Set Net Indication Callback called
Bus state is: 0
Set Net Indication Callback called
Bus state is: 0
Set Net Indication Callback called
Bus state is: 0
Set Net Indication Callback called
Bus state is: 0
Set Net Indication Callback called
Bus state is: 0
Set Net Indication Callback called
Bus state is: 0
Set Net Indication Callback called
Bus state is: 0
Set Net Indication Callback called
Bus state is: 0
Set Net Indication Callback called
Bus state is: 0
Set Net Indication Callback called
Bus state is: 0
Set Net Indication Callback called
Bus state is: 0
Set Net Indication Callback called
Bus state is: 0
Set Net Indication Callback called
Bus state is: 0
Set Net Indication Callback called
Bus state is: 0
Set Net Indication Callback called
Bus state is: 0
Set Net Indication Callback called
Bus state is: 0
Set Net Indication Callback called
Bus state is: 0
Set Net Indication Callback called
Bus state is: 0
Set Net Indication Callback called
Bus state is: 0
Set Net Indication Callback called
Bus state is: 0
Set Net Indication Callback called
Bus state is: 0
Set Net Indication Callback called
Bus state is: 0
Set Net Indication Callback called
Bus state is: 0
Set Net Indication Callback called
Bus state is: 0
Set Net Indication Callback called
Bus state is: 0
Set Net Indication Callback called
Bus state is: 0
Set Net Indication Callback called
Bus state is: 0
Set Net Indication Callback called
Bus state is: 0
Set Net Indication Callback called
Bus state is: 0
Set Net Indication Callback called
Bus state is: 0
Set Net Indication Callback called
Bus state is: 0
Set Net Indication Callback called
Bus state is: 0
Set Net Indication Callback called
Bus state is: 0
Set Net Indication Callback called
Bus state is: 0
Set Net Indication Callback called
Bus state is: 0
Set Net Indication Callback called
Bus state is: 0
Set Net Indication Callback called
Bus state is: 0
Set Net Indication Callback called
Bus state is: 0
Set Net Indication Callback called
Bus state is: 0
Set Net Indication Callback called
Bus state is: 0
Set Net Indication Callback called
Bus state is: 0
Set Net Indication Callback called
Bus state is: 0
Set Net Indication Callback called
Bus state is: 0
Set Net Indication Callback called
Bus state is: 0
Set Net Indication Callback called
Bus state is: 0
Set Net Indication Callback called
Bus state is: 0
Set Net Indication Callback called
Bus state is: 0
Set Net Indication Callback called
Bus state is: 0
Set Net Indication Callback called
Bus state is: 0
Set Net Indication Callback called
Bus state is: 0
Set Net Indication Callback called
Bus state is: 0
Set Net Indication Callback called
Bus state is: 0
Set Net Indication Callback called
Bus state is: 0
Set Net Indication Callback called
Bus state is: 0
Set Net Indication Callback called
Bus state is: 0
Set Net Indication Callback called
Bus state is: 0
Set Net Indication Callback called
Bus state is: 0
Set Net Indication Callback called
Bus state is: 0
Set Net Indication Callback called
Bus state is: 0
Set Net Indication Callback called
Bus state is: 0
Set Net Indication Callback called
Bus state is: 0
Set Net Indication Callback called
Bus state is: 0
Set Net Indication Callback called
Bus state is: 0
Set Net Indication Callback called
Bus state is: 0
Set Net Indication Callback called
Bus state is: 0
Set Net Indication Callback called
Bus state is: 0
Set Net Indication Callback called
Bus state is: 0
Set Net Indication Callback called
Bus state is: 0
Set Net Indication Callback called
Bus state is: 0
Set Net Indication Callback called
Bus state is: 0
Set Net Indication Callback called
Bus state is: 0
Set Net Indication Callback called
Bus state is: 0
Set Net Indication Callback called
Bus state is: 0
Set Net Indication Callback called
Bus state is: 0
Set Net Indication Callback called
Bus state is: 0
Set Net Indication Callback called
Bus state is: 0
Set Net Indication Callback called
Bus state is: 0
Set Net Indication Callback called
Bus state is: 0
Set Net Indication Callback called
Bus state is: 0
Set Net Indication Callback called
Bus state is: 0
Set Net Indication Callback called
Bus state is: 0
Set Net Indication Callback called
Bus state is: 0
Set Net Indication Callback called
Bus state is: 0
Set Net Indication Callback called
Bus state is: 0
Set Net Indication Callback called
Bus state is: 0
Set Net Indication Callback called
Bus state is: 0
Set Net Indication Callback called
Bus state is: 0
Set Net Indication Callback called
Bus state is: 0
Set Net Indication Callback called
Bus state is: 0
Set Net Indication Callback called
Bus state is: 0
Set Net Indication Callback called
Bus state is: 0
Set Net Indication Callback called
Bus state is: 0
Set Net Indication Callback called
Bus state is: 0
Set Net Indication Callback called
Bus state is: 0
Set Net Indication Callback called
Bus state is: 0
Set Net Indication Callback called
Bus state is: 0
Set Net Indication Callback called
Bus state is: 0
Set Net Indication Callback called
Bus state is: 0
Set Net Indication Callback called
Bus state is: 0
Set Net Indication Callback called
Bus state is: 0
Set Net Indication Callback called
Bus state is: 0
Set Net Indication Callback called
Bus state is: 0
Set Net Indication Callback called
Bus state is: 0
Set Net Indication Callback called
Bus state is: 0
Set Net Indication Callback called
Bus state is: 0
Set Net Indication Callback called
Bus state is: 0
Set Net Indication Callback called
Bus state is: 0
Set Net Indication Callback called
Bus state is: 0
Set Net Indication Callback called
Bus state is: 0
Set Net Indication Callback called
Bus state is: 0
Set Net Indication Callback called
Bus state is: 0
Set Net Indication Callback called
Bus state is: 0
Set Net Indication Callback called
Bus state is: 0
Set Net Indication Callback called
Bus state is: 0
Set Net Indication Callback called
Bus state is: 0
Set Net Indication Callback called
Bus state is: 0
Set Net Indication Callback called
Bus state is: 0
Set Net Indication Callback called
Bus state is: 0
Set Net Indication Callback called
Bus state is: 0
Set Net Indication Callback called
Bus state is: 0
Set Net Indication Callback called
Bus state is: 0
Set Net Indication Callback called
Bus state is: 0
Set Net Indication Callback called
Bus state is: 0
Set Net Indication Callback called
Bus state is: 0
Set Net Indication Callback called
Bus state is: 0
Set Net Indication Callback called
Bus state is: 0
Set Net Indication Callback called
Bus state is: 0
Set Net Indication Callback called
Bus state is: 0
Set Net Indication Callback called
Bus state is: 0
Set Net Indication Callback called
Bus state is: 0
Set Net Indication Callback called
Bus state is: 0
Set Net Indication Callback called
Bus state is: 0
Set Net Indication Callback called
Bus state is: 0
Set Net Indication Callback called
Bus state is: 0
Set Net Indication Callback called
Bus state is: 0
Set Net Indication Callback called
Bus state is: 0
Set Net Indication Callback called
Bus state is: 0
Set Net Indication Callback called
Bus state is: 0
Set Net Indication Callback called
Bus state is: 0
Set Net Indication Callback called
Bus state is: 0
Set Net Indication Callback called
Bus state is: 0
Set Net Indication Callback called
Bus state is: 0
Set Net Indication Callback called
Bus state is: 0
Set Net Indication Callback called
Bus state is: 0
Set Net Indication Callback called
Bus state is: 0
Set Net Indication Callback called
Bus state is: 0
Set Net Indication Callback called
Bus state is: 0
Set Net Indication Callback called
Bus state is: 0
Set Net Indication Callback called
Bus state is: 0
Set Net Indication Callback called
Bus state is: 0
Set Net Indication Callback called
Bus state is: 0
Set Net Indication Callback called
Bus state is: 0
Set Net Indication Callback called
Bus state is: 0
Set Net Indication Callback called
Bus state is: 0
Set Net Indication Callback called
Bus state is: 0
Set Net Indication Callback called
Bus state is: 0
Set Net Indication Callback called
Bus state is: 0
Set Net Indication Callback called
Bus state is: 0
Set Net Indication Callback called
Bus state is: 0
Set Net Indication Callback called
Bus state is: 0
Set Net Indication Callback called
Bus state is: 0
Set Net Indication Callback called
Bus state is: 0
Set Net Indication Callback called
Bus state is: 0
Set Net Indication Callback called
Bus state is: 0
Set Net Indication Callback called
Bus state is: 0
Set Net Indication Callback called
Bus state is: 0
Set Net Indication Callback called
Bus state is: 0
Set Net Indication Callback called
Bus state is: 0
Set Net Indication Callback called
Bus state is: 0
Set Net Indication Callback called
Bus state is: 0
Set Net Indication Callback called
Bus state is: 0
Set Net Indication Callback called
Bus state is: 0
Set Net Indication Callback called
Bus state is: 0
Set Net Indication Callback called
Bus state is: 0
Set Net Indication Callback called
Bus state is: 0
Set Net Indication Callback called
Bus state is: 0
Set Net Indication Callback called
Bus state is: 0
Set Net Indication Callback called
Bus state is: 0
Set Net Indication Callback called
Bus state is: 0
Set Net Indication Callback called
Bus state is: 0
Set Net Indication Callback called
Bus state is: 0
Set Net Indication Callback called
Bus state is: 0
Set Net Indication Callback called
Bus state is: 0
Set Net Indication Callback called
Bus state is: 0
Set Net Indication Callback called
Bus state is: 0
Set Net Indication Callback called
Bus state is: 0
Set Net Indication Callback called
Bus state is: 0
Set Net Indication Callback called
Bus state is: 0
Set Net Indication Callback called
Bus state is: 0
Set Net Indication Callback called
Bus state is: 0
Set Net Indication Callback called
Bus state is: 0
Set Net Indication Callback called
Bus state is: 0
Set Net Indication Callback called
Bus state is: 0
Set Net Indication Callback called
Bus state is: 0
Set Net Indication Callback called
Bus state is: 0
Set Net Indication Callback called
Bus state is: 0
Set Net Indication Callback called
Bus state is: 0
Set Net Indication Callback called
Bus state is: 0
Set Net Indication Callback called
Bus state is: 0
Set Net Indication Callback called
Bus state is: 0
Set Net Indication Callback called
Bus state is: 0
Set Net Indication Callback called
Bus state is: 0
Set Net Indication Callback called
Bus state is: 0
Set Net Indication Callback called
Bus state is: 0
Set Net Indication Callback called
Bus state is: 0
Set Net Indication Callback called
Bus state is: 0
Set Net Indication Callback called
Bus state is: 0
Set Net Indication Callback called
Bus state is: 0
Set Net Indication Callback called
Bus state is: 0
Set Net Indication Callback called
Bus state is: 0
Set Net Indication Callback called
Bus state is: 0
Set Net Indication Callback called
Bus state is: 0
Set Net Indication Callback called
Bus state is: 0
Set Net Indication Callback called
Bus state is: 0
Set Net Indication Callback called
Bus state is: 0
Set Net Indication Callback called
Bus state is: 0
Set Net Indication Callback called
Bus state is: 0
Set Net Indication Callback called
Bus state is: 0
Set Net Indication Callback called
Bus state is: 0
Set Net Indication Callback called
Bus state is: 0
Set Net Indication Callback called
Bus state is: 0
Set Net Indication Callback called
Bus state is: 0
Set Net Indication Callback called
Bus state is: 0
Set Net Indication Callback called
Bus state is: 0
Set Net Indication Callback called
Bus state is: 0
Set Net Indication Callback called
Bus state is: 0
Set Net Indication Callback called
Bus state is: 0
Set Net Indication Callback called
Bus state is: 0
Set Net Indication Callback called
Bus state is: 0
Set Net Indication Callback called
Bus state is: 0
Set Net Indication Callback called
Bus state is: 0
Set Net Indication Callback called
Bus state is: 0
Set Net Indication Callback called
Bus state is: 0
Set Net Indication Callback called
Bus state is: 0
Set Net Indication Callback called
Bus state is: 0
Set Net Indication Callback called
Bus state is: 0
Set Net Indication Callback called
Bus state is: 0
Set Net Indication Callback called
Bus state is: 0
Set Net Indication Callback called
Bus state is: 0
Set Net Indication Callback called
Bus state is: 0
Set Net Indication Callback called
Bus state is: 0
Set Net Indication Callback called
Bus state is: 0
Set Net Indication Callback called
Bus state is: 0
Set Net Indication Callback called
Bus state is: 0
Set Net Indication Callback called
Bus state is: 0
Set Net Indication Callback called
Bus state is: 0
Set Net Indication Callback called
Bus state is: 0
Set Net Indication Callback called
Bus state is: 0
Set Net Indication Callback called
Bus state is: 0
Set Net Indication Callback called
Bus state is: 0
Set Net Indication Callback called
Bus state is: 0
Set Net Indication Callback called
Bus state is: 0
Set Net Indication Callback called
Bus state is: 0
Set Net Indication Callback called
Bus state is: 0
Set Net Indication Callback called
Bus state is: 0
Set Net Indication Callback called
Bus state is: 0
Set Net Indication Callback called
Bus state is: 0
Set Net Indication Callback called
Bus state is: 0
Set Net Indication Callback called
Bus state is: 0
Set Net Indication Callback called
Bus state is: 0
Set Net Indication Callback called
Bus state is: 0
Set Net Indication Callback called
Bus state is: 0
Set Net Indication Callback called
Bus state is: 0
Set Net Indication Callback called
Bus state is: 0
Set Net Indication Callback called
Bus state is: 0
Set Net Indication Callback called
Bus state is: 0
Set Net Indication Callback called
Bus state is: 0
Set Net Indication Callback called
Bus state is: 0
Set Net Indication Callback called
Bus state is: 0
Set Net Indication Callback called
Bus state is: 0
Set Net Indication Callback called
Bus state is: 0
Set Net Indication Callback called
Bus state is: 0
Set Net Indication Callback called
Bus state is: 0
Set Net Indication Callback called
Bus state is: 0
Set Net Indication Callback called
Bus state is: 0
Set Net Indication Callback called
Bus state is: 0
Set Net Indication Callback called
Bus state is: 0
Set Net Indication Callback called
Bus state is: 0
Set Net Indication Callback called
Bus state is: 0
Set Net Indication Callback called
Bus state is: 0
Set Net Indication Callback called
Bus state is: 0
Set Net Indication Callback called
Bus state is: 0
Set Net Indication Callback called
Bus state is: 0
Set Net Indication Callback called
Bus state is: 0
Set Net Indication Callback called
Bus state is: 0
Set Net Indication Callback called
Bus state is: 0
Set Net Indication Callback called
Bus state is: 0
Set Net Indication Callback called
Bus state is: 0
Set Net Indication Callback called
Bus state is: 0
Set Net Indication Callback called
Bus state is: 0
Set Net Indication Callback called
Bus state is: 0
Set Net Indication Callback called
Bus state is: 0
Set Net Indication Callback called
Bus state is: 0
Set Net Indication Callback called
Bus state is: 0
Set Net Indication Callback called
Bus state is: 0
Set Net Indication Callback called
Bus state is: 0
Set Net Indication Callback called
Bus state is: 0
Set Net Indication Callback called
Bus state is: 0
Set Net Indication Callback called
Bus state is: 0
Set Net Indication Callback called
Bus state is: 0
Set Net Indication Callback called
Bus state is: 0
Set Net Indication Callback called
Bus state is: 0
Set Net Indication Callback called
Bus state is: 0
Set Net Indication Callback called
Bus state is: 0
Set Net Indication Callback called
Bus state is: 0
Set Net Indication Callback called
Bus state is: 0
Set Net Indication Callback called
Bus state is: 0
Set Net Indication Callback called
Bus state is: 0
Set Net Indication Callback called
Bus state is: 0
Set Net Indication Callback called
Bus state is: 0
Set Net Indication Callback called
Bus state is: 0
Set Net Indication Callback called
Bus state is: 0
Set Net Indication Callback called
Bus state is: 0
Set Net Indication Callback called
Bus state is: 0
Set Net Indication Callback called
Bus state is: 0
Set Net Indication Callback called
Bus state is: 0
Set Net Indication Callback called
Bus state is: 0
Set Net Indication Callback called
Bus state is: 0
Set Net Indication Callback called
Bus state is: 0
Set Net Indication Callback called
Bus state is: 0
Set Net Indication Callback called
Bus state is: 0
Set Net Indication Callback called
Bus state is: 0
Set Net Indication Callback called
Bus state is: 0
Set Net Indication Callback called
Bus state is: 0
Set Net Indication Callback called
Bus state is: 0
Set Net Indication Callback called
Bus state is: 0
Set Net Indication Callback called
Bus state is: 0
Set Net Indication Callback called
Bus state is: 0
Set Net Indication Callback called
Bus state is: 0
Set Net Indication Callback called
Bus state is: 0
Set Net Indication Callback called
Bus state is: 0
Set Net Indication Callback called
Bus state is: 0
Set Net Indication Callback called
Bus state is: 0
Set Net Indication Callback called
Bus state is: 0
Set Net Indication Callback called
Bus state is: 0
Set Net Indication Callback called
Bus state is: 0
Set Net Indication Callback called
Bus state is: 0
Set Net Indication Callback called
Bus state is: 0
Set Net Indication Callback called
Bus state is: 0
Set Net Indication Callback called
Bus state is: 0
Set Net Indication Callback called
Bus state is: 0
Set Net Indication Callback called
Bus state is: 0
Set Net Indication Callback called
Bus state is: 0
Set Net Indication Callback called
Bus state is: 0
Set Net Indication Callback called
Bus state is: 0
Set Net Indication Callback called
Bus state is: 0
Set Net Indication Callback called
Bus state is: 0
Set Net Indication Callback called
Bus state is: 0
Set Net Indication Callback called
Bus state is: 0
Set Net Indication Callback called
Bus state is: 0
Set Net Indication Callback called
Bus state is: 0
Set Net Indication Callback called
Bus state is: 0
Set Net Indication Callback called
Bus state is: 0
Set Net Indication Callback called
Bus state is: 0
Set Net Indication Callback called
Bus state is: 0
Set Net Indication Callback called
Bus state is: 0
Set Net Indication Callback called
Bus state is: 0
Set Net Indication Callback called
Bus state is: 0
Set Net Indication Callback called
Bus state is: 0
Set Net Indication Callback called
Bus state is: 0
Set Net Indication Callback called
Bus state is: 0
Set Net Indication Callback called
Bus state is: 0
Set Net Indication Callback called
Bus state is: 0
Set Net Indication Callback called
Bus state is: 0
Set Net Indication Callback called
Bus state is: 0
Set Net Indication Callback called
Bus state is: 0
Set Net Indication Callback called
Bus state is: 0
Set Net Indication Callback called
Bus state is: 0
Set Net Indication Callback called
Bus state is: 0
Set Net Indication Callback called
Bus state is: 0
Set Net Indication Callback called
Bus state is: 0
Set Net Indication Callback called
Bus state is: 0
Set Net Indication Callback called
Bus state is: 0
Set Net Indication Callback called
Bus state is: 0
Set Net Indication Callback called
Bus state is: 0
Set Net Indication Callback called
Bus state is: 0
Set Net Indication Callback called
Bus state is: 0
Set Net Indication Callback called
Bus state is: 0
Set Net Indication Callback called
Bus state is: 0
Set Net Indication Callback called
Bus state is: 0
Set Net Indication Callback called
Bus state is: 0
Set Net Indication Callback called
Bus state is: 0
Set Net Indication Callback called
Bus state is: 0
Set Net Indication Callback called
Bus state is: 0
Set Net Indication Callback called
Bus state is: 0
Set Net Indication Callback called
Bus state is: 0
Set Net Indication Callback called
Bus state is: 0
Set Net Indication Callback called
Bus state is: 0
Set Net Indication Callback called
Bus state is: 0
Set Net Indication Callback called
Bus state is: 0
Set Net Indication Callback called
Bus state is: 0
Set Net Indication Callback called
Bus state is: 0
Set Net Indication Callback called
Bus state is: 0
Set Net Indication Callback called
Bus state is: 0
Set Net Indication Callback called
Bus state is: 0
Set Net Indication Callback called
Bus state is: 0
Set Net Indication Callback called
Bus state is: 0
Set Net Indication Callback called
Bus state is: 0
Set Net Indication Callback called
Bus state is: 0
Set Net Indication Callback called
Bus state is: 0
Set Net Indication Callback called
Bus state is: 0
Set Net Indication Callback called
Bus state is: 0
Set Net Indication Callback called
Bus state is: 0
Set Net Indication Callback called
Bus state is: 0
Set Net Indication Callback called
Bus state is: 0
Set Net Indication Callback called
Bus state is: 0
Set Net Indication Callback called
Bus state is: 0
Set Net Indication Callback called
Bus state is: 0
Set Net Indication Callback called
Bus state is: 0
Set Net Indication Callback called
Bus state is: 0
Set Net Indication Callback called
Bus state is: 0
Set Net Indication Callback called
Bus state is: 0
Set Net Indication Callback called
Bus state is: 0
Set Net Indication Callback called
Bus state is: 0
Set Net Indication Callback called
Bus state is: 0
Set Net Indication Callback called
Bus state is: 0
Set Net Indication Callback called
Bus state is: 0
Set Net Indication Callback called
Bus state is: 0
Set Net Indication Callback called
Bus state is: 0
Set Net Indication Callback called
Bus state is: 0
Set Net Indication Callback called
Bus state is: 0
Set Net Indication Callback called
Bus state is: 0
Set Net Indication Callback called
Bus state is: 0
Set Net Indication Callback called
Bus state is: 0
Set Net Indication Callback called
Bus state is: 0
Set Net Indication Callback called
Bus state is: 0
Set Net Indication Callback called
Bus state is: 0
Set Net Indication Callback called
Bus state is: 0
Set Net Indication Callback called
Bus state is: 0
Set Net Indication Callback called
Bus state is: 0
Set Net Indication Callback called
Bus state is: 0
Set Net Indication Callback called
Bus state is: 0
Set Net Indication Callback called
Bus state is: 0
Set Net Indication Callback called
Bus state is: 0
Set Net Indication Callback called
Bus state is: 0
Set Net Indication Callback called
Bus state is: 0
Set Net Indication Callback called
Bus state is: 0
Set Net Indication Callback called
Bus state is: 0
Set Net Indication Callback called
Bus state is: 0
Set Net Indication Callback called
Bus state is: 0
Set Net Indication Callback called
Bus state is: 0
Set Net Indication Callback called
Bus state is: 0
Set Net Indication Callback called
Bus state is: 0
Set Net Indication Callback called
Bus state is: 0
Set Net Indication Callback called
Bus state is: 0
Set Net Indication Callback called
Bus state is: 0
Set Net Indication Callback called
Bus state is: 0
Set Net Indication Callback called
Bus state is: 0
Set Net Indication Callback called
Bus state is: 0
Set Net Indication Callback called
Bus state is: 0
Set Net Indication Callback called
Bus state is: 0
Set Net Indication Callback called
Bus state is: 0
Set Net Indication Callback called
Bus state is: 0
Set Net Indication Callback called
Bus state is: 0
Set Net Indication Callback called
Bus state is: 0
Set Net Indication Callback called
Bus state is: 0
Set Net Indication Callback called
Bus state is: 0
Set Net Indication Callback called
Bus state is: 0
Set Net Indication Callback called
Bus state is: 0
Set Net Indication Callback called
Bus state is: 0
Set Net Indication Callback called
Bus state is: 0
Set Net Indication Callback called
Bus state is: 0
Set Net Indication Callback called
Bus state is: 0
Set Net Indication Callback called
Bus state is: 0
Set Net Indication Callback called
Bus state is: 0
Set Net Indication Callback called
Bus state is: 0
Set Net Indication Callback called
Bus state is: 0
Set Net Indication Callback called
Bus state is: 0
Set Net Indication Callback called
Bus state is: 0
Set Net Indication Callback called
Bus state is: 0
Set Net Indication Callback called
Bus state is: 0
Set Net Indication Callback called
Bus state is: 0
Set Net Indication Callback called
Bus state is: 0
Set Net Indication Callback called
Bus state is: 0
Set Net Indication Callback called
Bus state is: 0
Set Net Indication Callback called
Bus state is: 0
Set Net Indication Callback called
Bus state is: 0
Set Net Indication Callback called
Bus state is: 0
Set Net Indication Callback called
Bus state is: 0
Set Net Indication Callback called
Bus state is: 0
Set Net Indication Callback called
Bus state is: 0
Set Net Indication Callback called
Bus state is: 0
Set Net Indication Callback called
Bus state is: 0
Set Net Indication Callback called
Bus state is: 0
Set Net Indication Callback called
Bus state is: 0
Set Net Indication Callback called
Bus state is: 0
Set Net Indication Callback called
Bus state is: 0
Set Net Indication Callback called
Bus state is: 0
Set Net Indication Callback called
Bus state is: 0
Set Net Indication Callback called
Bus state is: 0
Set Net Indication Callback called
Bus state is: 0
Set Net Indication Callback called
Bus state is: 0
Set Net Indication Callback called
Bus state is: 0
Set Net Indication Callback called
Bus state is: 0
Set Net Indication Callback called
Bus state is: 0
Set Net Indication Callback called
Bus state is: 0
Set Net Indication Callback called
Bus state is: 0
Set Net Indication Callback called
Bus state is: 0
Set Net Indication Callback called
Bus state is: 0
Set Net Indication Callback called
Bus state is: 0
Set Net Indication Callback called
Bus state is: 0
Set Net Indication Callback called
Bus state is: 0
Set Net Indication Callback called
Bus state is: 0
Set Net Indication Callback called
Bus state is: 0
Set Net Indication Callback called
Bus state is: 0
Set Net Indication Callback called
Bus state is: 0
Set Net Indication Callback called
Bus state is: 0
Set Net Indication Callback called
Bus state is: 0
Set Net Indication Callback called
Bus state is: 0
Set Net Indication Callback called
Bus state is: 0
Set Net Indication Callback called
Bus state is: 0
Set Net Indication Callback called
Bus state is: 0
Set Net Indication Callback called
Bus state is: 0
Set Net Indication Callback called
Bus state is: 0
Set Net Indication Callback called
Bus state is: 0
Set Net Indication Callback called
Bus state is: 0
Set Net Indication Callback called
Bus state is: 0
Set Net Indication Callback called
Bus state is: 0
Set Net Indication Callback called
Bus state is: 0
Set Net Indication Callback called
Bus state is: 0
Set Net Indication Callback called
Bus state is: 0
Set Net Indication Callback called
Bus state is: 0
Set Net Indication Callback called
Bus state is: 0
Set Net Indication Callback called
Bus state is: 0
Set Net Indication Callback called
Bus state is: 0
Set Net Indication Callback called
Bus state is: 0
Set Net Indication Callback called
Bus state is: 0
Set Net Indication Callback called
Bus state is: 0
Set Net Indication Callback called
Bus state is: 0
Set Net Indication Callback called
Bus state is: 0
Set Net Indication Callback called
Bus state is: 0
Set Net Indication Callback called
Bus state is: 0
Set Net Indication Callback called
Bus state is: 0
Set Net Indication Callback called
Bus state is: 0
Set Net Indication Callback called
Bus state is: 0
Set Net Indication Callback called
Bus state is: 0
Set Net Indication Callback called
Bus state is: 0
Set Net Indication Callback called
Bus state is: 0
Set Net Indication Callback called
Bus state is: 0
Set Net Indication Callback called
Bus state is: 0
Set Net Indication Callback called
Bus state is: 0
Set Net Indication Callback called
Bus state is: 0
Set Net Indication Callback called
Bus state is: 0
Set Net Indication Callback called
Bus state is: 0
Set Net Indication Callback called
Bus state is: 0
Set Net Indication Callback called
Bus state is: 0
Set Net Indication Callback called
Bus state is: 0
Set Net Indication Callback called
Bus state is: 0
Set Net Indication Callback called
Bus state is: 0
Set Net Indication Callback called
Bus state is: 0
Set Net Indication Callback called
Bus state is: 0
Set Net Indication Callback called
Bus state is: 0
Set Net Indication Callback called
Bus state is: 0
Set Net Indication Callback called
Bus state is: 0
Set Net Indication Callback called
Bus state is: 0
Set Net Indication Callback called
Bus state is: 0
Set Net Indication Callback called
Bus state is: 0
Set Net Indication Callback called
Bus state is: 0
Set Net Indication Callback called
Bus state is: 0
Set Net Indication Callback called
Bus state is: 0
Set Net Indication Callback called
Bus state is: 0
Set Net Indication Callback called
Bus state is: 0
Set Net Indication Callback called
Bus state is: 0
Set Net Indication Callback called
Bus state is: 0
Set Net Indication Callback called
Bus state is: 0
Set Net Indication Callback called
Bus state is: 0
Set Net Indication Callback called
Bus state is: 0
Set Net Indication Callback called
Bus state is: 0
Set Net Indication Callback called
Bus state is: 0
Set Net Indication Callback called
Bus state is: 0
Set Net Indication Callback called
Bus state is: 0
Set Net Indication Callback called
Bus state is: 0
Set Net Indication Callback called
Bus state is: 0
Set Net Indication Callback called
Bus state is: 0
Set Net Indication Callback called
Bus state is: 0
Set Net Indication Callback called
Bus state is: 0
Set Net Indication Callback called
Bus state is: 0
Set Net Indication Callback called
Bus state is: 0
Set Net Indication Callback called
Bus state is: 0
Set Net Indication Callback called
Bus state is: 0
Set Net Indication Callback called
Bus state is: 0
Set Net Indication Callback called
Bus state is: 0
Set Net Indication Callback called
Bus state is: 0
Set Net Indication Callback called
Bus state is: 0
Set Net Indication Callback called
Bus state is: 0
Set Net Indication Callback called
Bus state is: 0
Set Net Indication Callback called
Bus state is: 0
Set Net Indication Callback called
Bus state is: 0
Set Net Indication Callback called
Bus state is: 0
Set Net Indication Callback called
Bus state is: 0
Set Net Indication Callback called
Bus state is: 0
Set Net Indication Callback called
Bus state is: 0
Set Net Indication Callback called
Bus state is: 0
Set Net Indication Callback called
Bus state is: 0
Set Net Indication Callback called
Bus state is: 0
Set Net Indication Callback called
Bus state is: 0
Set Net Indication Callback called
Bus state is: 0
Set Net Indication Callback called
Bus state is: 0
Set Net Indication Callback called
Bus state is: 0
Set Net Indication Callback called
Bus state is: 0
Set Net Indication Callback called
Bus state is: 0
Set Net Indication Callback called
Bus state is: 0
Set Net Indication Callback called
Bus state is: 0
Set Net Indication Callback called
Bus state is: 0
Set Net Indication Callback called
Bus state is: 0
Set Net Indication Callback called
Bus state is: 0
Set Net Indication Callback called
Bus state is: 0
Set Net Indication Callback called
Bus state is: 0
Set Net Indication Callback called
Bus state is: 0
Set Net Indication Callback called
Bus state is: 0
Set Net Indication Callback called
Bus state is: 0
Set Net Indication Callback called
Bus state is: 0
Set Net Indication Callback called
Bus state is: 0
Set Net Indication Callback called
Bus state is: 0
Set Net Indication Callback called
Bus state is: 0
Set Net Indication Callback called
Bus state is: 0
Set Net Indication Callback called
Bus state is: 0
Set Net Indication Callback called
Bus state is: 0
Set Net Indication Callback called
Bus state is: 0
Set Net Indication Callback called
Bus state is: 0
Set Net Indication Callback called
Bus state is: 0
Set Net Indication Callback called
Bus state is: 0
Set Net Indication Callback called
Bus state is: 0
Set Net Indication Callback called
Bus state is: 0
Set Net Indication Callback called
Bus state is: 0
Set Net Indication Callback called
Bus state is: 0
Set Net Indication Callback called
Bus state is: 0
Set Net Indication Callback called
Bus state is: 0
Set Net Indication Callback called
Bus state is: 0
Set Net Indication Callback called
Bus state is: 0
Set Net Indication Callback called
Bus state is: 0
Set Net Indication Callback called
Bus state is: 0
Set Net Indication Callback called
Bus state is: 0
Set Net Indication Callback called
Bus state is: 0
Set Net Indication Callback called
Bus state is: 0
Set Net Indication Callback called
Bus state is: 0
Set Net Indication Callback called
Bus state is: 0
Set Net Indication Callback called
Bus state is: 0
Set Net Indication Callback called
Bus state is: 0
Set Net Indication Callback called
Bus state is: 0
Set Net Indication Callback called
Bus state is: 0
Set Net Indication Callback called
Bus state is: 0
Set Net Indication Callback called
Bus state is: 0
Set Net Indication Callback called
Bus state is: 0
Set Net Indication Callback called
Bus state is: 0
Set Net Indication Callback called
Bus state is: 0
Set Net Indication Callback called
Bus state is: 0
Set Net Indication Callback called
Bus state is: 0
Set Net Indication Callback called
Bus state is: 0
Set Net Indication Callback called
Bus state is: 0
Set Net Indication Callback called
Bus state is: 0
Set Net Indication Callback called
Bus state is: 0
Set Net Indication Callback called
Bus state is: 0
Set Net Indication Callback called
Bus state is: 0
Set Net Indication Callback called
Bus state is: 0
Set Net Indication Callback called
Bus state is: 0
Set Net Indication Callback called
Bus state is: 0
Set Net Indication Callback called
Bus state is: 0
Set Net Indication Callback called
Bus state is: 0
Set Net Indication Callback called
Bus state is: 0
Set Net Indication Callback called
Bus state is: 0
Set Net Indication Callback called
Bus state is: 0
Set Net Indication Callback called
Bus state is: 0
Set Net Indication Callback called
Bus state is: 0
Set Net Indication Callback called
Bus state is: 0
Set Net Indication Callback called
Bus state is: 0
Set Net Indication Callback called
Bus state is: 0
Set Net Indication Callback called
Bus state is: 0
Set Net Indication Callback called
Bus state is: 0
Set Net Indication Callback called
Bus state is: 0
Set Net Indication Callback called
Bus state is: 0
Set Net Indication Callback called
Bus state is: 0
Set Net Indication Callback called
Bus state is: 0
Set Net Indication Callback called
Bus state is: 0
Set Net Indication Callback called
Bus state is: 0
Set Net Indication Callback called
Bus state is: 0
Set Net Indication Callback called
Bus state is: 0
Set Net Indication Callback called
Bus state is: 0
Set Net Indication Callback called
Bus state is: 0
Set Net Indication Callback called
Bus state is: 0
Set Net Indication Callback called
Bus state is: 0
Set Net Indication Callback called
Bus state is: 0
Set Net Indication Callback called
Bus state is: 0
Set Net Indication Callback called
Bus state is: 0
Set Net Indication Callback called
Bus state is: 0
Set Net Indication Callback called
Bus state is: 0
Set Net Indication Callback called
Bus state is: 0
Set Net Indication Callback called
Bus state is: 0
Set Net Indication Callback called
Bus state is: 0
Set Net Indication Callback called
Bus state is: 0
Set Net Indication Callback called
Bus state is: 0
Set Net Indication Callback called
Bus state is: 0
Set Net Indication Callback called
Bus state is: 0
Set Net Indication Callback called
Bus state is: 0
Set Net Indication Callback called
Bus state is: 0
Set Net Indication Callback called
Bus state is: 0
Set Net Indication Callback called
Bus state is: 0
Set Net Indication Callback called
Bus state is: 0
Set Net Indication Callback called
Bus state is: 0
Set Net Indication Callback called
Bus state is: 0
Set Net Indication Callback called
Bus state is: 0
Set Net Indication Callback called
Bus state is: 0
Set Net Indication Callback called
Bus state is: 0
Set Net Indication Callback called
Bus state is: 0
Set Net Indication Callback called
Bus state is: 0
Set Net Indication Callback called
Bus state is: 0
Set Net Indication Callback called
Bus state is: 0
Set Net Indication Callback called
Bus state is: 0
Set Net Indication Callback called
Bus state is: 0
Set Net Indication Callback called
Bus state is: 0
Set Net Indication Callback called
Bus state is: 0
Set Net Indication Callback called
Bus state is: 0
Set Net Indication Callback called
Bus state is: 0
Set Net Indication Callback called
Bus state is: 0
Set Net Indication Callback called
Bus state is: 0
Set Net Indication Callback called
Bus state is: 0
Set Net Indication Callback called
Bus state is: 0
Set Net Indication Callback called
Bus state is: 0
Set Net Indication Callback called
Bus state is: 0
Set Net Indication Callback called
Bus state is: 0
Set Net Indication Callback called
Bus state is: 0
Set Net Indication Callback called
Bus state is: 0
Set Net Indication Callback called
Bus state is: 0
Set Net Indication Callback called
Bus state is: 0
Set Net Indication Callback called
Bus state is: 0
Set Net Indication Callback called
Bus state is: 0
Set Net Indication Callback called
Bus state is: 0
Set Net Indication Callback called
Bus state is: 0
Set Net Indication Callback called
Bus state is: 0
Set Net Indication Callback called
Bus state is: 0
Set Net Indication Callback called
Bus state is: 0
Set Net Indication Callback called
Bus state is: 0
Set Net Indication Callback called
Bus state is: 0
Set Net Indication Callback called
Bus state is: 0
Set Net Indication Callback called
Bus state is: 0
Set Net Indication Callback called
Bus state is: 0
Set Net Indication Callback called
Bus state is: 0
Set Net Indication Callback called
Bus state is: 0
Set Net Indication Callback called
Bus state is: 0
Set Net Indication Callback called
Bus state is: 0
Set Net Indication Callback called
Bus state is: 0
Set Net Indication Callback called
Bus state is: 0
Set Net Indication Callback called
Bus state is: 0
Set Net Indication Callback called
Bus state is: 0
Set Net Indication Callback called
Bus state is: 0
Set Net Indication Callback called
Bus state is: 0
Set Net Indication Callback called
Bus state is: 0
Set Net Indication Callback called
Bus state is: 0
Set Net Indication Callback called
Bus state is: 0
Set Net Indication Callback called
Bus state is: 0
Set Net Indication Callback called
Bus state is: 0
Set Net Indication Callback called
Bus state is: 0
Set Net Indication Callback called
Bus state is: 0
Set Net Indication Callback called
Bus state is: 0
Set Net Indication Callback called
Bus state is: 0
Set Net Indication Callback called
Bus state is: 0
Set Net Indication Callback called
Bus state is: 0
Set Net Indication Callback called
Bus state is: 0
Set Net Indication Callback called
Bus state is: 0
Set Net Indication Callback called
Bus state is: 0
Set Net Indication Callback called
Bus state is: 0
Set Net Indication Callback called
Bus state is: 0
Set Net Indication Callback called
Bus state is: 0
Set Net Indication Callback called
Bus state is: 0
Set Net Indication Callback called
Bus state is: 0
Set Net Indication Callback called
Bus state is: 0
Set Net Indication Callback called
Bus state is: 0
Set Net Indication Callback called
Bus state is: 0
Set Net Indication Callback called
Bus state is: 0
Set Net Indication Callback called
Bus state is: 0
Set Net Indication Callback called
Bus state is: 0
Set Net Indication Callback called
Bus state is: 0
Set Net Indication Callback called
Bus state is: 0
Set Net Indication Callback called
Bus state is: 0
Set Net Indication Callback called
Bus state is: 0
Set Net Indication Callback called
Bus state is: 0
Set Net Indication Callback called
Bus state is: 0
Set Net Indication Callback called
Bus state is: 0
Set Net Indication Callback called
Bus state is: 0
Set Net Indication Callback called
Bus state is: 0
Set Net Indication Callback called
Bus state is: 0
Set Net Indication Callback called
Bus state is: 0
Set Net Indication Callback called
Bus state is: 0
Set Net Indication Callback called
Bus state is: 0
Set Net Indication Callback called
Bus state is: 0
Set Net Indication Callback called
Bus state is: 0
Set Net Indication Callback called
Bus state is: 0
Set Net Indication Callback called
Bus state is: 0
Set Net Indication Callback called
Bus state is: 0
Set Net Indication Callback called
Bus state is: 0
Set Net Indication Callback called
Bus state is: 0
Set Net Indication Callback called
Bus state is: 0
Set Net Indication Callback called
Bus state is: 0
Set Net Indication Callback called
Bus state is: 0
Set Net Indication Callback called
Bus state is: 0
Set Net Indication Callback called
Bus state is: 0
Set Net Indication Callback called
Bus state is: 0
Set Net Indication Callback called
Bus state is: 0
Set Net Indication Callback called
Bus state is: 0
Set Net Indication Callback called
Bus state is: 0
Set Net Indication Callback called
Bus state is: 0
Set Net Indication Callback called
Bus state is: 0
Set Net Indication Callback called
Bus state is: 0
Set Net Indication Callback called
Bus state is: 0
Set Net Indication Callback called
Bus state is: 0
Set Net Indication Callback called
Bus state is: 0
Set Net Indication Callback called
Bus state is: 0
Set Net Indication Callback called
Bus state is: 0
Set Net Indication Callback called
Bus state is: 0
Set Net Indication Callback called
Bus state is: 0
Set Net Indication Callback called
Bus state is: 0
Set Net Indication Callback called
Bus state is: 0
Set Net Indication Callback called
Bus state is: 0
Set Net Indication Callback called
Bus state is: 0
Set Net Indication Callback called
Bus state is: 0
Set Net Indication Callback called
Bus state is: 0
Set Net Indication Callback called
Bus state is: 0
Set Net Indication Callback called
Bus state is: 0
Set Net Indication Callback called
Bus state is: 0
Set Net Indication Callback called
Bus state is: 0
Set Net Indication Callback called
Bus state is: 0
Set Net Indication Callback called
Bus state is: 0
Set Net Indication Callback called
Bus state is: 0
Set Net Indication Callback called
Bus state is: 0
Set Net Indication Callback called
Bus state is: 0
Set Net Indication Callback called
Bus state is: 0
Set Net Indication Callback called
Bus state is: 0
Set Net Indication Callback called
Bus state is: 0
Set Net Indication Callback called
Bus state is: 0
Set Net Indication Callback called
Bus state is: 0
Set Net Indication Callback called
Bus state is: 0
Set Net Indication Callback called
Bus state is: 0
Set Net Indication Callback called
Bus state is: 0
Set Net Indication Callback called
Bus state is: 0
Set Net Indication Callback called
Bus state is: 0
Set Net Indication Callback called
Bus state is: 0
Set Net Indication Callback called
Bus state is: 0
Set Net Indication Callback called
Bus state is: 0
Set Net Indication Callback called
Bus state is: 0
Set Net Indication Callback called
Bus state is: 0
Set Net Indication Callback called
Bus state is: 0
Set Net Indication Callback called
Bus state is: 0
Set Net Indication Callback called
Bus state is: 0
Set Net Indication Callback called
Bus state is: 0
Set Net Indication Callback called
Bus state is: 0
Set Net Indication Callback called
Bus state is: 0
Set Net Indication Callback called
Bus state is: 0
Set Net Indication Callback called
Bus state is: 0
Set Net Indication Callback called
Bus state is: 0
Set Net Indication Callback called
Bus state is: 0
Set Net Indication Callback called
Bus state is: 0
Set Net Indication Callback called
Bus state is: 0
Set Net Indication Callback called
Bus state is: 0
Set Net Indication Callback called
Bus state is: 0
Set Net Indication Callback called
Bus state is: 0
Set Net Indication Callback called
Bus state is: 0
Set Net Indication Callback called
Bus state is: 0
Set Net Indication Callback called
Bus state is: 0
Set Net Indication Callback called
Bus state is: 0
Set Net Indication Callback called
Bus state is: 0
Set Net Indication Callback called
Bus state is: 0
Set Net Indication Callback called
Bus state is: 0
Set Net Indication Callback called
Bus state is: 0
Set Net Indication Callback called
Bus state is: 0
Set Net Indication Callback called
Bus state is: 0
Set Net Indication Callback called
Bus state is: 0
Set Net Indication Callback called
Bus state is: 0
Set Net Indication Callback called
Bus state is: 0
Set Net Indication Callback called
Bus state is: 0
Set Net Indication Callback called
Bus state is: 0
Set Net Indication Callback called
Bus state is: 0
Set Net Indication Callback called
Bus state is: 0
Set Net Indication Callback called
Bus state is: 0
Set Net Indication Callback called
Bus state is: 0
Set Net Indication Callback called
Bus state is: 0
Set Net Indication Callback called
Bus state is: 0
Set Net Indication Callback called
Bus state is: 0
Set Net Indication Callback called
Bus state is: 0
Set Net Indication Callback called
Bus state is: 0
Set Net Indication Callback called
Bus state is: 0
Set Net Indication Callback called
Bus state is: 0
Set Net Indication Callback called
Bus state is: 0
Set Net Indication Callback called
Bus state is: 0
Set Net Indication Callback called
Bus state is: 0
Set Net Indication Callback called
Bus state is: 0
Set Net Indication Callback called
Bus state is: 0
Set Net Indication Callback called
Bus state is: 0
Set Net Indication Callback called
Bus state is: 0
Set Net Indication Callback called
Bus state is: 0
Set Net Indication Callback called
Bus state is: 0
Set Net Indication Callback called
Bus state is: 0
Set Net Indication Callback called
Bus state is: 0
Set Net Indication Callback called
Bus state is: 0
Set Net Indication Callback called
Bus state is: 0
Set Net Indication Callback called
Bus state is: 0
Set Net Indication Callback called
Bus state is: 0
Set Net Indication Callback called
Bus state is: 0
Set Net Indication Callback called
Bus state is: 0
Set Net Indication Callback called
Bus state is: 0
Set Net Indication Callback called
Bus state is: 0
Set Net Indication Callback called
Bus state is: 0
Set Net Indication Callback called
Bus state is: 0
Set Net Indication Callback called
Bus state is: 0
Set Net Indication Callback called
Bus state is: 0
Set Net Indication Callback called
Bus state is: 0
Set Net Indication Callback called
Bus state is: 0
Set Net Indication Callback called
Bus state is: 0
Set Net Indication Callback called
Bus state is: 0
Set Net Indication Callback called
Bus state is: 0
Set Net Indication Callback called
Bus state is: 0
Set Net Indication Callback called
Bus state is: 0
Set Net Indication Callback called
Bus state is: 0
Set Net Indication Callback called
Bus state is: 0
Set Net Indication Callback called
Bus state is: 0
Set Net Indication Callback called
Bus state is: 0
Set Net Indication Callback called
Bus state is: 0
Set Net Indication Callback called
Bus state is: 0
Set Net Indication Callback called
Bus state is: 0
Set Net Indication Callback called
Bus state is: 0
Set Net Indication Callback called
Bus state is: 0
Set Net Indication Callback called
Bus state is: 0
Set Net Indication Callback called
Bus state is: 0
Set Net Indication Callback called
Bus state is: 0
Set Net Indication Callback called
Bus state is: 0
Set Net Indication Callback called
Bus state is: 0
Set Net Indication Callback called
Bus state is: 0
Set Net Indication Callback called
Bus state is: 0
Set Net Indication Callback called
Bus state is: 0
Set Net Indication Callback called
Bus state is: 0
Set Net Indication Callback called
Bus state is: 0
Set Net Indication Callback called
Bus state is: 0
Set Net Indication Callback called
Bus state is: 0
Set Net Indication Callback called
Bus state is: 0
Set Net Indication Callback called
Bus state is: 0
Set Net Indication Callback called
Bus state is: 0
Set Net Indication Callback called
Bus state is: 0
Set Net Indication Callback called
Bus state is: 0
Set Net Indication Callback called
Bus state is: 0
Set Net Indication Callback called
Bus state is: 0
Set Net Indication Callback called
Bus state is: 0
Set Net Indication Callback called
Bus state is: 0
Set Net Indication Callback called
Bus state is: 0
Set Net Indication Callback called
Bus state is: 0
Set Net Indication Callback called
Bus state is: 0
Set Net Indication Callback called
Bus state is: 0
Set Net Indication Callback called
Bus state is: 0
Set Net Indication Callback called
Bus state is: 0
Set Net Indication Callback called
Bus state is: 0
Set Net Indication Callback called
Bus state is: 0
Set Net Indication Callback called
Bus state is: 0
Set Net Indication Callback called
Bus state is: 0
Set Net Indication Callback called
Bus state is: 0
Set Net Indication Callback called
Bus state is: 0
Set Net Indication Callback called
Bus state is: 0
Set Net Indication Callback called
Bus state is: 0
Set Net Indication Callback called
Bus state is: 0
Set Net Indication Callback called
Bus state is: 0
Set Net Indication Callback called
Bus state is: 0
Set Net Indication Callback called
Bus state is: 0
Set Net Indication Callback called
Bus state is: 0
Set Net Indication Callback called
Bus state is: 0
Set Net Indication Callback called
Bus state is: 0
Set Net Indication Callback called
Bus state is: 0
Set Net Indication Callback called
Bus state is: 0
Set Net Indication Callback called
Bus state is: 0
Set Net Indication Callback called
Bus state is: 0
Set Net Indication Callback called
Bus state is: 0
Set Net Indication Callback called
Bus state is: 0
Set Net Indication Callback called
Bus state is: 0
Set Net Indication Callback called
Bus state is: 0
Set Net Indication Callback called
Bus state is: 0
Set Net Indication Callback called
Bus state is: 0
Set Net Indication Callback called
Bus state is: 0
Set Net Indication Callback called
Bus state is: 0
Set Net Indication Callback called
Bus state is: 0
Set Net Indication Callback called
Bus state is: 0
Set Net Indication Callback called
Bus state is: 0
Set Net Indication Callback called
Bus state is: 0
Set Net Indication Callback called
Bus state is: 0
Set Net Indication Callback called
Bus state is: 0
Set Net Indication Callback called
Bus state is: 0
Set Net Indication Callback called
Bus state is: 0
Set Net Indication Callback called
Bus state is: 0
Set Net Indication Callback called
Bus state is: 0
Set Net Indication Callback called
Bus state is: 0
Set Net Indication Callback called
Bus state is: 0
Set Net Indication Callback called
Bus state is: 0
Set Net Indication Callback called
Bus state is: 0
Set Net Indication Callback called
Bus state is: 0
Set Net Indication Callback called
Bus state is: 0
Set Net Indication Callback called
Bus state is: 0
Set Net Indication Callback called
Bus state is: 0
Set Net Indication Callback called
Bus state is: 0
Set Net Indication Callback called
Bus state is: 0
Set Net Indication Callback called
Bus state is: 0
Set Net Indication Callback called
Bus state is: 0
Set Net Indication Callback called
Bus state is: 0
Set Net Indication Callback called
Bus state is: 0
Set Net Indication Callback called
Bus state is: 0
Set Net Indication Callback called
Bus state is: 0
Set Net Indication Callback called
Bus state is: 0
Set Net Indication Callback called
Bus state is: 0
Set Net Indication Callback called
Bus state is: 0
Set Net Indication Callback called
Bus state is: 0
Set Net Indication Callback called
Bus state is: 0
Set Net Indication Callback called
Bus state is: 0
Set Net Indication Callback called
Bus state is: 0
Set Net Indication Callback called
Bus state is: 0
Set Net Indication Callback called
Bus state is: 0
Set Net Indication Callback called
Bus state is: 0
Set Net Indication Callback called
Bus state is: 0
Set Net Indication Callback called
Bus state is: 0
Set Net Indication Callback called
Bus state is: 0
Set Net Indication Callback called
Bus state is: 0
Set Net Indication Callback called
Bus state is: 0
Set Net Indication Callback called
Bus state is: 0
Set Net Indication Callback called
Bus state is: 0
Set Net Indication Callback called
Bus state is: 0
Set Net Indication Callback called
Bus state is: 0
Set Net Indication Callback called
Bus state is: 0
Set Net Indication Callback called
Bus state is: 0
Set Net Indication Callback called
Bus state is: 0
Set Net Indication Callback called
Bus state is: 0
Set Net Indication Callback called
Bus state is: 0
Set Net Indication Callback called
Bus state is: 0
Set Net Indication Callback called
Bus state is: 0
Set Net Indication Callback called
Bus state is: 0
Set Net Indication Callback called
Bus state is: 0
Set Net Indication Callback called
Bus state is: 0
Set Net Indication Callback called
Bus state is: 0
Set Net Indication Callback called
Bus state is: 0
Set Net Indication Callback called
Bus state is: 0
Set Net Indication Callback called
Bus state is: 0
Set Net Indication Callback called
Bus state is: 0
Set Net Indication Callback called
Bus state is: 0
Set Net Indication Callback called
Bus state is: 0
Set Net Indication Callback called
Bus state is: 0
Set Net Indication Callback called
Bus state is: 0
Set Net Indication Callback called
Bus state is: 0
Set Net Indication Callback called
Bus state is: 0
Set Net Indication Callback called
Bus state is: 0
Set Net Indication Callback called
Bus state is: 0
Set Net Indication Callback called
Bus state is: 0
Set Net Indication Callback called
Bus state is: 0
Set Net Indication Callback called
Bus state is: 0
Set Net Indication Callback called
Bus state is: 0
Set Net Indication Callback called
Bus state is: 0
Set Net Indication Callback called
Bus state is: 0
Set Net Indication Callback called
Bus state is: 0
Set Net Indication Callback called
Bus state is: 0
Set Net Indication Callback called
Bus state is: 0
Set Net Indication Callback called
Bus state is: 0
Set Net Indication Callback called
Bus state is: 0
Set Net Indication Callback called
Bus state is: 0
Set Net Indication Callback called
Bus state is: 0
Set Net Indication Callback called
Bus state is: 0
Set Net Indication Callback called
Bus state is: 0
Set Net Indication Callback called
Bus state is: 0
Set Net Indication Callback called
Bus state is: 0
Set Net Indication Callback called
Bus state is: 0
Set Net Indication Callback called
Bus state is: 0
Set Net Indication Callback called
Bus state is: 0
Set Net Indication Callback called
Bus state is: 0
Set Net Indication Callback called
Bus state is: 0
Set Net Indication Callback called
Bus state is: 0
Set Net Indication Callback called
Bus state is: 0
Set Net Indication Callback called
Bus state is: 0
Set Net Indication Callback called
Bus state is: 0
Set Net Indication Callback called
Bus state is: 0
Set Net Indication Callback called
Bus state is: 0
Set Net Indication Callback called
Bus state is: 0
Set Net Indication Callback called
Bus state is: 0
Set Net Indication Callback called
Bus state is: 0
Set Net Indication Callback called
Bus state is: 0
Set Net Indication Callback called
Bus state is: 0
Set Net Indication Callback called
Bus state is: 0
Set Net Indication Callback called
Bus state is: 0
Set Net Indication Callback called
Bus state is: 0
Set Net Indication Callback called
Bus state is: 0
Set Net Indication Callback called
Bus state is: 0
Set Net Indication Callback called
Bus state is: 0
Set Net Indication Callback called
Bus state is: 0
Set Net Indication Callback called
Bus state is: 0
Set Net Indication Callback called
Bus state is: 0
Set Net Indication Callback called
Bus state is: 0
Set Net Indication Callback called
Bus state is: 0
Set Net Indication Callback called
Bus state is: 0
Set Net Indication Callback called
Bus state is: 0
Set Net Indication Callback called
Bus state is: 0
Set Net Indication Callback called
Bus state is: 0
Set Net Indication Callback called
Bus state is: 0
Set Net Indication Callback called
Bus state is: 0
Set Net Indication Callback called
Bus state is: 0
Set Net Indication Callback called
Bus state is: 0
Set Net Indication Callback called
Bus state is: 0
Set Net Indication Callback called
Bus state is: 0
Set Net Indication Callback called
Bus state is: 0
Set Net Indication Callback called
Bus state is: 0
Set Net Indication Callback called
Bus state is: 0
Set Net Indication Callback called
Bus state is: 0
Set Net Indication Callback called
Bus state is: 0
Set Net Indication Callback called
Bus state is: 0
Set Net Indication Callback called
Bus state is: 0
Set Net Indication Callback called
Bus state is: 0
Set Net Indication Callback called
Bus state is: 0
Set Net Indication Callback called
Bus state is: 0
Set Net Indication Callback called
Bus state is: 0
Set Net Indication Callback called
Bus state is: 0
Set Net Indication Callback called
Bus state is: 0
Set Net Indication Callback called
Bus state is: 0
Set Net Indication Callback called
Bus state is: 0
Set Net Indication Callback called
Bus state is: 0
Set Net Indication Callback called
Bus state is: 0
Set Net Indication Callback called
Bus state is: 0
Set Net Indication Callback called
Bus state is: 0
Set Net Indication Callback called
Bus state is: 0
Set Net Indication Callback called
Bus state is: 0
Set Net Indication Callback called
Bus state is: 0
Set Net Indication Callback called
Bus state is: 0
Set Net Indication Callback called
Bus state is: 0
Set Net Indication Callback called
Bus state is: 0
Set Net Indication Callback called
Bus state is: 0
Set Net Indication Callback called
Bus state is: 0
Set Net Indication Callback called
Bus state is: 0
Set Net Indication Callback called
Bus state is: 0
Set Net Indication Callback called
Bus state is: 0
Set Net Indication Callback called
Bus state is: 0
Set Net Indication Callback called
Bus state is: 0
Set Net Indication Callback called
Bus state is: 0
Set Net Indication Callback called
Bus state is: 0
Set Net Indication Callback called
Bus state is: 0
Set Net Indication Callback called
Bus state is: 0
Set Net Indication Callback called
Bus state is: 0
Set Net Indication Callback called
Bus state is: 0
Set Net Indication Callback called
Bus state is: 0
Set Net Indication Callback called
Bus state is: 0
Set Net Indication Callback called
Bus state is: 0
Set Net Indication Callback called
Bus state is: 0
Set Net Indication Callback called
Bus state is: 0
Set Net Indication Callback called
Bus state is: 0
Set Net Indication Callback called
Bus state is: 0
Set Net Indication Callback called
Bus state is: 0
Set Net Indication Callback called
Bus state is: 0
Set Net Indication Callback called
Bus state is: 0
Set Net Indication Callback called
Bus state is: 0
Set Net Indication Callback called
Bus state is: 0
Set Net Indication Callback called
Bus state is: 0
Set Net Indication Callback called
Bus state is: 0
Set Net Indication Callback called
Bus state is: 0
Set Net Indication Callback called
Bus state is: 0
Set Net Indication Callback called
Bus state is: 0
Set Net Indication Callback called
Bus state is: 0
Set Net Indication Callback called
Bus state is: 0
Set Net Indication Callback called
Bus state is: 0
Set Net Indication Callback called
Bus state is: 0
Set Net Indication Callback called
Bus state is: 0
Set Net Indication Callback called
Bus state is: 0
Set Net Indication Callback called
Bus state is: 0
Set Net Indication Callback called
Bus state is: 0
Set Net Indication Callback called
Bus state is: 0
Set Net Indication Callback called
Bus state is: 0
Set Net Indication Callback called
Bus state is: 0
Set Net Indication Callback called
Bus state is: 0
Set Net Indication Callback called
Bus state is: 0
Set Net Indication Callback called
Bus state is: 0
Set Net Indication Callback called
Bus state is: 0
Set Net Indication Callback called
Bus state is: 0
Set Net Indication Callback called
Bus state is: 0
Set Net Indication Callback called
Bus state is: 0
Set Net Indication Callback called
Bus state is: 0
Set Net Indication Callback called
Bus state is: 0
Set Net Indication Callback called
Bus state is: 0
Set Net Indication Callback called
Bus state is: 0
Set Net Indication Callback called
Bus state is: 0
Set Net Indication Callback called
Bus state is: 0
Set Net Indication Callback called
Bus state is: 0
Set Net Indication Callback called
Bus state is: 0
Set Net Indication Callback called
Bus state is: 0
Set Net Indication Callback called
Bus state is: 0
Set Net Indication Callback called
Bus state is: 0
Set Net Indication Callback called
Bus state is: 0
Set Net Indication Callback called
Bus state is: 0
Set Net Indication Callback called
Bus state is: 0
Set Net Indication Callback called
Bus state is: 0
Set Net Indication Callback called
Bus state is: 0
Set Net Indication Callback called
Bus state is: 0
Set Net Indication Callback called
Bus state is: 0
Set Net Indication Callback called
Bus state is: 0
Set Net Indication Callback called
Bus state is: 0
Set Net Indication Callback called
Bus state is: 0
Set Net Indication Callback called
Bus state is: 0
Set Net Indication Callback called
Bus state is: 0
Set Net Indication Callback called
Bus state is: 0
Set Net Indication Callback called
Bus state is: 0
Set Net Indication Callback called
Bus state is: 0
Set Net Indication Callback called
Bus state is: 0
Set Net Indication Callback called
Bus state is: 0
Set Net Indication Callback called
Bus state is: 0
Set Net Indication Callback called
Bus state is: 0
Set Net Indication Callback called
Bus state is: 0
Set Net Indication Callback called
Bus state is: 0
Set Net Indication Callback called
Bus state is: 0
Set Net Indication Callback called
Bus state is: 0
Set Net Indication Callback called
Bus state is: 0
Set Net Indication Callback called
Bus state is: 0
Set Net Indication Callback called
Bus state is: 0
Set Net Indication Callback called
Bus state is: 0
Set Net Indication Callback called
Bus state is: 0
Set Net Indication Callback called
Bus state is: 0
Set Net Indication Callback called
Bus state is: 0
Set Net Indication Callback called
Bus state is: 0
Set Net Indication Callback called
Bus state is: 0
Set Net Indication Callback called
Bus state is: 0
Set Net Indication Callback called
Bus state is: 0
Set Net Indication Callback called
Bus state is: 0
Set Net Indication Callback called
Bus state is: 0
Set Net Indication Callback called
Bus state is: 0
Set Net Indication Callback called
Bus state is: 0
Set Net Indication Callback called
Bus state is: 0
Set Net Indication Callback called
Bus state is: 0
Set Net Indication Callback called
Bus state is: 0
Set Net Indication Callback called
Bus state is: 0
Set Net Indication Callback called
Bus state is: 0
Set Net Indication Callback called
Bus state is: 0
Set Net Indication Callback called
Bus state is: 0
Set Net Indication Callback called
Bus state is: 0
Set Net Indication Callback called
Bus state is: 0
Set Net Indication Callback called
Bus state is: 0
Set Net Indication Callback called
Bus state is: 0
Set Net Indication Callback called
Bus state is: 0
Set Net Indication Callback called
Bus state is: 0
Set Net Indication Callback called
Bus state is: 0
Set Net Indication Callback called
Bus state is: 0
Set Net Indication Callback called
Bus state is: 0
Set Net Indication Callback called
Bus state is: 0
Set Net Indication Callback called
Bus state is: 0
Set Net Indication Callback called
Bus state is: 0
Set Net Indication Callback called
Bus state is: 0
Set Net Indication Callback called
Bus state is: 0
Set Net Indication Callback called
Bus state is: 0
Set Net Indication Callback called
Bus state is: 0
Set Net Indication Callback called
Bus state is: 0
Set Net Indication Callback called
Bus state is: 0
Set Net Indication Callback called
Bus state is: 0
Set Net Indication Callback called
Bus state is: 0
Set Net Indication Callback called
Bus state is: 0
Set Net Indication Callback called
Bus state is: 0
Set Net Indication Callback called
Bus state is: 0
Set Net Indication Callback called
Bus state is: 0
Set Net Indication Callback called
Bus state is: 0
Set Net Indication Callback called
Bus state is: 0
Set Net Indication Callback called
Bus state is: 0
Set Net Indication Callback called
Bus state is: 0
Set Net Indication Callback called
Bus state is: 0
Set Net Indication Callback called
Bus state is: 0
Set Net Indication Callback called
Bus state is: 0
Set Net Indication Callback called
Bus state is: 0
Set Net Indication Callback called
Bus state is: 0
Set Net Indication Callback called
Bus state is: 0
Set Net Indication Callback called
Bus state is: 0
Set Net Indication Callback called
Bus state is: 0
Set Net Indication Callback called
Bus state is: 0
Set Net Indication Callback called
Bus state is: 0
Set Net Indication Callback called
Bus state is: 0
Set Net Indication Callback called
Bus state is: 0
Set Net Indication Callback called
Bus state is: 0
Set Net Indication Callback called
Bus state is: 0
Set Net Indication Callback called
Bus state is: 0
Set Net Indication Callback called
Bus state is: 0
Set Net Indication Callback called
Bus state is: 0
Set Net Indication Callback called
Bus state is: 0
Set Net Indication Callback called
Bus state is: 0
Set Net Indication Callback called
Bus state is: 0
Set Net Indication Callback called
Bus state is: 0
Set Net Indication Callback called
Bus state is: 0
Set Net Indication Callback called
Bus state is: 0
Set Net Indication Callback called
Bus state is: 0
Set Net Indication Callback called
Bus state is: 0
Set Net Indication Callback called
Bus state is: 0
Set Net Indication Callback called
Bus state is: 0
Set Net Indication Callback called
Bus state is: 0
Set Net Indication Callback called
Bus state is: 0
Set Net Indication Callback called
Bus state is: 0
Set Net Indication Callback called
Bus state is: 0
Set Net Indication Callback called
Bus state is: 0
Set Net Indication Callback called
Bus state is: 0
Set Net Indication Callback called
Bus state is: 0
Set Net Indication Callback called
Bus state is: 0
Set Net Indication Callback called
Bus state is: 0
Set Net Indication Callback called
Bus state is: 0
Set Net Indication Callback called
Bus state is: 0
Set Net Indication Callback called
Bus state is: 0
Set Net Indication Callback called
Bus state is: 0
Set Net Indication Callback called
Bus state is: 0
Set Net Indication Callback called
Bus state is: 0
Set Net Indication Callback called
Bus state is: 0
Set Net Indication Callback called
Bus state is: 0
Set Net Indication Callback called
Bus state is: 0
Set Net Indication Callback called
Bus state is: 0
Set Net Indication Callback called
Bus state is: 0
Set Net Indication Callback called
Bus state is: 0
Set Net Indication Callback called
Bus state is: 0
Set Net Indication Callback called
Bus state is: 0
Set Net Indication Callback called
Bus state is: 0
Set Net Indication Callback called
Bus state is: 0
Set Net Indication Callback called
Bus state is: 0
Set Net Indication Callback called
Bus state is: 0
Set Net Indication Callback called
Bus state is: 0
Set Net Indication Callback called
Bus state is: 0
Set Net Indication Callback called
Bus state is: 0
Set Net Indication Callback called
Bus state is: 0
Set Net Indication Callback called
Bus state is: 0
Set Net Indication Callback called
Bus state is: 0
Set Net Indication Callback called
Bus state is: 0
Set Net Indication Callback called
Bus state is: 0
Set Net Indication Callback called
Bus state is: 0
Set Net Indication Callback called
Bus state is: 0
Set Net Indication Callback called
Bus state is: 0
Set Net Indication Callback called
Bus state is: 0
Set Net Indication Callback called
Bus state is: 0
Set Net Indication Callback called
Bus state is: 0
Set Net Indication Callback called
Bus state is: 0
Set Net Indication Callback called
Bus state is: 0
Set Net Indication Callback called
Bus state is: 0
Set Net Indication Callback called
Bus state is: 0
Set Net Indication Callback called
Bus state is: 0
Set Net Indication Callback called
Bus state is: 0
Set Net Indication Callback called
Bus state is: 0
Set Net Indication Callback called
Bus state is: 0
Set Net Indication Callback called
Bus state is: 0
Set Net Indication Callback called
Bus state is: 0
Set Net Indication Callback called
Bus state is: 0
Set Net Indication Callback called
Bus state is: 0
Set Net Indication Callback called
Bus state is: 0
Set Net Indication Callback called
Bus state is: 0
Set Net Indication Callback called
Bus state is: 0
Set Net Indication Callback called
Bus state is: 0
Set Net Indication Callback called
Bus state is: 0
Set Net Indication Callback called
Bus state is: 0
Set Net Indication Callback called
Bus state is: 0
Set Net Indication Callback called
Bus state is: 0
Set Net Indication Callback called
Bus state is: 0
Set Net Indication Callback called
Bus state is: 0
Set Net Indication Callback called
Bus state is: 0
Set Net Indication Callback called
Bus state is: 0
Set Net Indication Callback called
Bus state is: 0
Set Net Indication Callback called
Bus state is: 0
Set Net Indication Callback called
Bus state is: 0
Set Net Indication Callback called
Bus state is: 0
Set Net Indication Callback called
Bus state is: 0
Set Net Indication Callback called
Bus state is: 0
Set Net Indication Callback called
Bus state is: 0
Set Net Indication Callback called
Bus state is: 0
Set Net Indication Callback called
Bus state is: 0
Set Net Indication Callback called
Bus state is: 0
Set Net Indication Callback called
Bus state is: 0
Set Net Indication Callback called
Bus state is: 0
Set Net Indication Callback called
Bus state is: 0
Set Net Indication Callback called
Bus state is: 0
Set Net Indication Callback called
Bus state is: 0
Set Net Indication Callback called
Bus state is: 0
Set Net Indication Callback called
Bus state is: 0
Set Net Indication Callback called
Bus state is: 0
Set Net Indication Callback called
Bus state is: 0
Set Net Indication Callback called
Bus state is: 0
Set Net Indication Callback called
Bus state is: 0
Set Net Indication Callback called
Bus state is: 0
Set Net Indication Callback called
Bus state is: 0
Set Net Indication Callback called
Bus state is: 0
Set Net Indication Callback called
Bus state is: 0
Set Net Indication Callback called
Bus state is: 0
Set Net Indication Callback called
Bus state is: 0
Set Net Indication Callback called
Bus state is: 0
Set Net Indication Callback called
Bus state is: 0
Set Net Indication Callback called
Bus state is: 0
Set Net Indication Callback called
Bus state is: 0
Set Net Indication Callback called
Bus state is: 0
Set Net Indication Callback called
Bus state is: 0
Set Net Indication Callback called
Bus state is: 0
Set Net Indication Callback called
Bus state is: 0
Set Net Indication Callback called
Bus state is: 0
Set Net Indication Callback called
Bus state is: 0
Set Net Indication Callback called
Bus state is: 0
Set Net Indication Callback called
Bus state is: 0
Set Net Indication Callback called
Bus state is: 0
Set Net Indication Callback called
Bus state is: 0
Set Net Indication Callback called
Bus state is: 0
Set Net Indication Callback called
Bus state is: 0
Set Net Indication Callback called
Bus state is: 0
Set Net Indication Callback called
Bus state is: 0
Set Net Indication Callback called
Bus state is: 0
Set Net Indication Callback called
Bus state is: 0
Set Net Indication Callback called
Bus state is: 0
Set Net Indication Callback called
Bus state is: 0
Set Net Indication Callback called
Bus state is: 0
Set Net Indication Callback called
Bus state is: 0
Set Net Indication Callback called
Bus state is: 0
Set Net Indication Callback called
Bus state is: 0
Set Net Indication Callback called
Bus state is: 0
Set Net Indication Callback called
Bus state is: 0
Set Net Indication Callback called
Bus state is: 0
Set Net Indication Callback called
Bus state is: 0
Set Net Indication Callback called
Bus state is: 0
Set Net Indication Callback called
Bus state is: 0
Set Net Indication Callback called
Bus state is: 0
Set Net Indication Callback called
Bus state is: 0
Set Net Indication Callback called
Bus state is: 0
Set Net Indication Callback called
Bus state is: 0
Set Net Indication Callback called
Bus state is: 0
Set Net Indication Callback called
Bus state is: 0
Set Net Indication Callback called
Bus state is: 0
Set Net Indication Callback called
Bus state is: 0
Set Net Indication Callback called
Bus state is: 0
Set Net Indication Callback called
Bus state is: 0
Set Net Indication Callback called
Bus state is: 0
Set Net Indication Callback called
Bus state is: 0
Set Net Indication Callback called
Bus state is: 0
Set Net Indication Callback called
Bus state is: 0
Set Net Indication Callback called
Bus state is: 0
Set Net Indication Callback called
Bus state is: 0
Set Net Indication Callback called
Bus state is: 0
Set Net Indication Callback called
Bus state is: 0
Set Net Indication Callback called
Bus state is: 0
Set Net Indication Callback called
Bus state is: 0
Set Net Indication Callback called
Bus state is: 0
Set Net Indication Callback called
Bus state is: 0
Set Net Indication Callback called
Bus state is: 0
Set Net Indication Callback called
Bus state is: 0
Set Net Indication Callback called
Bus state is: 0
Set Net Indication Callback called
Bus state is: 0
Set Net Indication Callback called
Bus state is: 0
Set Net Indication Callback called
Bus state is: 0
Set Net Indication Callback called
Bus state is: 0
Set Net Indication Callback called
Bus state is: 0
Set Net Indication Callback called
Bus state is: 0
Set Net Indication Callback called
Bus state is: 0
Set Net Indication Callback called
Bus state is: 0
Set Net Indication Callback called
Bus state is: 0
Set Net Indication Callback called
Bus state is: 0
Set Net Indication Callback called
Bus state is: 0
Set Net Indication Callback called
Bus state is: 0
Set Net Indication Callback called
Bus state is: 0
Set Net Indication Callback called
Bus state is: 0
Set Net Indication Callback called
Bus state is: 0
Set Net Indication Callback called
Bus state is: 0
Set Net Indication Callback called
Bus state is: 0
Set Net Indication Callback called
Bus state is: 0
Set Net Indication Callback called
Bus state is: 0
Set Net Indication Callback called
Bus state is: 0
Set Net Indication Callback called
Bus state is: 0
Set Net Indication Callback called
Bus state is: 0
Set Net Indication Callback called
Bus state is: 0
Set Net Indication Callback called
Bus state is: 0
Set Net Indication Callback called
Bus state is: 0
Set Net Indication Callback called
Bus state is: 0
Set Net Indication Callback called
Bus state is: 0
Set Net Indication Callback called
Bus state is: 0
Set Net Indication Callback called
Bus state is: 0
Set Net Indication Callback called
Bus state is: 0
Set Net Indication Callback called
Bus state is: 0
Set Net Indication Callback called
Bus state is: 0
Set Net Indication Callback called
Bus state is: 0
Set Net Indication Callback called
Bus state is: 0
Set Net Indication Callback called
Bus state is: 0
Set Net Indication Callback called
Bus state is: 0
Set Net Indication Callback called
Bus state is: 0
Set Net Indication Callback called
Bus state is: 0
Set Net Indication Callback called
Bus state is: 0
Set Net Indication Callback called
Bus state is: 0
Set Net Indication Callback called
Bus state is: 0
Set Net Indication Callback called
Bus state is: 0
Set Net Indication Callback called
Bus state is: 0
Set Net Indication Callback called
Bus state is: 0
Set Net Indication Callback called
Bus state is: 0
Set Net Indication Callback called
Bus state is: 0
Set Net Indication Callback called
Bus state is: 0
Set Net Indication Callback called
Bus state is: 0
Set Net Indication Callback called
Bus state is: 0
Set Net Indication Callback called
Bus state is: 0
Set Net Indication Callback called
Bus state is: 0
Set Net Indication Callback called
Bus state is: 0
Set Net Indication Callback called
Bus state is: 0
Set Net Indication Callback called
Bus state is: 0
Set Net Indication Callback called
Bus state is: 0
Set Net Indication Callback called
Bus state is: 0
Set Net Indication Callback called
Bus state is: 0
Set Net Indication Callback called
Bus state is: 0
Set Net Indication Callback called
Bus state is: 0
Set Net Indication Callback called
Bus state is: 0
Set Net Indication Callback called
Bus state is: 0
Set Net Indication Callback called
Bus state is: 0
Set Net Indication Callback called
Bus state is: 0
Set Net Indication Callback called
Bus state is: 0
Set Net Indication Callback called
Bus state is: 0
Set Net Indication Callback called
Bus state is: 0
Set Net Indication Callback called
Bus state is: 0
Set Net Indication Callback called
Bus state is: 0
Set Net Indication Callback called
Bus state is: 0
Set Net Indication Callback called
Bus state is: 0
Set Net Indication Callback called
Bus state is: 0
Set Net Indication Callback called
Bus state is: 0
Set Net Indication Callback called
Bus state is: 0
Set Net Indication Callback called
Bus state is: 0
Set Net Indication Callback called
Bus state is: 0
Set Net Indication Callback called
Bus state is: 0
Set Net Indication Callback called
Bus state is: 0
Set Net Indication Callback called
Bus state is: 0
Set Net Indication Callback called
Bus state is: 0
Set Net Indication Callback called
Bus state is: 0
Set Net Indication Callback called
Bus state is: 0
Set Net Indication Callback called
Bus state is: 0
Set Net Indication Callback called
Bus state is: 0
Set Net Indication Callback called
Bus state is: 0
Set Net Indication Callback called
Bus state is: 0
Set Net Indication Callback called
Bus state is: 0
Set Net Indication Callback called
Bus state is: 0
Set Net Indication Callback called
Bus state is: 0
Set Net Indication Callback called
Bus state is: 0
Set Net Indication Callback called
Bus state is: 0
Set Net Indication Callback called
Bus state is: 0
Set Net Indication Callback called
Bus state is: 0
Set Net Indication Callback called
Bus state is: 0
Set Net Indication Callback called
Bus state is: 0
Set Net Indication Callback called
Bus state is: 0
Set Net Indication Callback called
Bus state is: 0
Set Net Indication Callback called
Bus state is: 0
Set Net Indication Callback called
Bus state is: 0
Set Net Indication Callback called
Bus state is: 0
Set Net Indication Callback called
Bus state is: 0
Set Net Indication Callback called
Bus state is: 0
Set Net Indication Callback called
Bus state is: 0
Set Net Indication Callback called
Bus state is: 0
Set Net Indication Callback called
Bus state is: 0
Set Net Indication Callback called
Bus state is: 0
Set Net Indication Callback called
Bus state is: 0
Set Net Indication Callback called
Bus state is: 0
Set Net Indication Callback called
Bus state is: 0
Set Net Indication Callback called
Bus state is: 0
Set Net Indication Callback called
Bus state is: 0
Set Net Indication Callback called
Bus state is: 0
Set Net Indication Callback called
Bus state is: 0
Set Net Indication Callback called
Bus state is: 0
Set Net Indication Callback called
Bus state is: 0
Set Net Indication Callback called
Bus state is: 0
Set Net Indication Callback called
Bus state is: 0
Set Net Indication Callback called
Bus state is: 0
Set Net Indication Callback called
Bus state is: 0
Set Net Indication Callback called
Bus state is: 0
Set Net Indication Callback called
Bus state is: 0
Set Net Indication Callback called
Bus state is: 0
Set Net Indication Callback called
Bus state is: 0
Set Net Indication Callback called
Bus state is: 0
Set Net Indication Callback called
Bus state is: 0
Set Net Indication Callback called
Bus state is: 0
Set Net Indication Callback called
Bus state is: 0
Set Net Indication Callback called
Bus state is: 0
Set Net Indication Callback called
Bus state is: 0
Set Net Indication Callback called
Bus state is: 0
Set Net Indication Callback called
Bus state is: 0
Set Net Indication Callback called
Bus state is: 0
Set Net Indication Callback called
Bus state is: 0
Set Net Indication Callback called
Bus state is: 0
Set Net Indication Callback called
Bus state is: 0
Set Net Indication Callback called
Bus state is: 0
Set Net Indication Callback called
Bus state is: 0
Set Net Indication Callback called
Bus state is: 0
Set Net Indication Callback called
Bus state is: 0
Set Net Indication Callback called
Bus state is: 0
Set Net Indication Callback called
Bus state is: 0
Set Net Indication Callback called
Bus state is: 0
Set Net Indication Callback called
Bus state is: 0
Set Net Indication Callback called
Bus state is: 0
Set Net Indication Callback called
Bus state is: 0
Set Net Indication Callback called
Bus state is: 0
Set Net Indication Callback called
Bus state is: 0
Set Net Indication Callback called
Bus state is: 0
Set Net Indication Callback called
Bus state is: 0
Set Net Indication Callback called
Bus state is: 0
Set Net Indication Callback called
Bus state is: 0
Set Net Indication Callback called
Bus state is: 0
Set Net Indication Callback called
Bus state is: 0
Set Net Indication Callback called
Bus state is: 0
Set Net Indication Callback called
Bus state is: 0
Set Net Indication Callback called
Bus state is: 0
Set Net Indication Callback called
Bus state is: 0
Set Net Indication Callback called
Bus state is: 0
Set Net Indication Callback called
Bus state is: 0
Set Net Indication Callback called
Bus state is: 0
Set Net Indication Callback called
Bus state is: 0
Set Net Indication Callback called
Bus state is: 0
Set Net Indication Callback called
Bus state is: 0
Set Net Indication Callback called
Bus state is: 0
Set Net Indication Callback called
Bus state is: 0
Set Net Indication Callback called
Bus state is: 0
Set Net Indication Callback called
Bus state is: 0
Set Net Indication Callback called
Bus state is: 0
Set Net Indication Callback called
Bus state is: 0
Set Net Indication Callback called
Bus state is: 0
Set Net Indication Callback called
Bus state is: 0
Set Net Indication Callback called
Bus state is: 0
Set Net Indication Callback called
Bus state is: 0
Set Net Indication Callback called
Bus state is: 0
Set Net Indication Callback called
Bus state is: 0
Set Net Indication Callback called
Bus state is: 0
Set Net Indication Callback called
Bus state is: 0
Set Net Indication Callback called
Bus state is: 0
Set Net Indication Callback called
Bus state is: 0
Set Net Indication Callback called
Bus state is: 0
Set Net Indication Callback called
Bus state is: 0
Set Net Indication Callback called
Bus state is: 0
Set Net Indication Callback called
Bus state is: 0
Set Net Indication Callback called
Bus state is: 0
Set Net Indication Callback called
Bus state is: 0
Set Net Indication Callback called
Bus state is: 0
Set Net Indication Callback called
Bus state is: 0
Set Net Indication Callback called
Bus state is: 0
Set Net Indication Callback called
Bus state is: 0
Set Net Indication Callback called
Bus state is: 0
Set Net Indication Callback called
Bus state is: 0
Set Net Indication Callback called
Bus state is: 0
Set Net Indication Callback called
Bus state is: 0
Set Net Indication Callback called
Bus state is: 0
Set Net Indication Callback called
Bus state is: 0
Set Net Indication Callback called
Bus state is: 0
Set Net Indication Callback called
Bus state is: 0
Set Net Indication Callback called
Bus state is: 0
Set Net Indication Callback called
Bus state is: 0
Set Net Indication Callback called
Bus state is: 0
Set Net Indication Callback called
Bus state is: 0
Set Net Indication Callback called
Bus state is: 0
Set Net Indication Callback called
Bus state is: 0
Set Net Indication Callback called
Bus state is: 0
Set Net Indication Callback called
Bus state is: 0
Set Net Indication Callback called
Bus state is: 0
Set Net Indication Callback called
Bus state is: 0
Set Net Indication Callback called
Bus state is: 0
Set Net Indication Callback called
Bus state is: 0
Set Net Indication Callback called
Bus state is: 0
Set Net Indication Callback called
Bus state is: 0
Set Net Indication Callback called
Bus state is: 0
Set Net Indication Callback called
Bus state is: 0
Set Net Indication Callback called
Bus state is: 0
Set Net Indication Callback called
Bus state is: 0
Set Net Indication Callback called
Bus state is: 0
Set Net Indication Callback called
Bus state is: 0
Set Net Indication Callback called
Bus state is: 0
Set Net Indication Callback called
Bus state is: 0
Set Net Indication Callback called
Bus state is: 0
Set Net Indication Callback called
Bus state is: 0
Set Net Indication Callback called
Bus state is: 0
Set Net Indication Callback called
Bus state is: 0
Set Net Indication Callback called
Bus state is: 0
Set Net Indication Callback called
Bus state is: 0
Set Net Indication Callback called
Bus state is: 0
Set Net Indication Callback called
Bus state is: 0
Set Net Indication Callback called
Bus state is: 0
Set Net Indication Callback called
Bus state is: 0
Set Net Indication Callback called
Bus state is: 0
Set Net Indication Callback called
Bus state is: 0
Set Net Indication Callback called
Bus state is: 0
Set Net Indication Callback called
Bus state is: 0
Set Net Indication Callback called
Bus state is: 0
Set Net Indication Callback called
Bus state is: 0
Set Net Indication Callback called
Bus state is: 0
Set Net Indication Callback called
Bus state is: 0
Set Net Indication Callback called
Bus state is: 0
Set Net Indication Callback called
Bus state is: 0
Set Net Indication Callback called
Bus state is: 0
Set Net Indication Callback called
Bus state is: 0
Set Net Indication Callback called
Bus state is: 0
Set Net Indication Callback called
Bus state is: 0
Set Net Indication Callback called
Bus state is: 0
Set Net Indication Callback called
Bus state is: 0
Set Net Indication Callback called
Bus state is: 0
Set Net Indication Callback called
Bus state is: 0
Set Net Indication Callback called
Bus state is: 0
Set Net Indication Callback called
Bus state is: 0
Set Net Indication Callback called
Bus state is: 0
Set Net Indication Callback called
Bus state is: 0
Set Net Indication Callback called
Bus state is: 0
Set Net Indication Callback called
Bus state is: 0
Set Net Indication Callback called
Bus state is: 0
Set Net Indication Callback called
Bus state is: 0
Set Net Indication Callback called
Bus state is: 0
Set Net Indication Callback called
Bus state is: 0
Set Net Indication Callback called
Bus state is: 0
Set Net Indication Callback called
Bus state is: 0
Set Net Indication Callback called
Bus state is: 0
Set Net Indication Callback called
Bus state is: 0
Set Net Indication Callback called
Bus state is: 0
Set Net Indication Callback called
Bus state is: 0
Set Net Indication Callback called
Bus state is: 0
Set Net Indication Callback called
Bus state is: 0
Set Net Indication Callback called
Bus state is: 0
Set Net Indication Callback called
Bus state is: 0
Set Net Indication Callback called
Bus state is: 0
Set Net Indication Callback called
Bus state is: 0
Set Net Indication Callback called
Bus state is: 0
Set Net Indication Callback called
Bus state is: 0
Set Net Indication Callback called
Bus state is: 0
Set Net Indication Callback called
Bus state is: 0
Set Net Indication Callback called
Bus state is: 0
Set Net Indication Callback called
Bus state is: 0
Set Net Indication Callback called
Bus state is: 0
Set Net Indication Callback called
Bus state is: 0
Set Net Indication Callback called
Bus state is: 0
Set Net Indication Callback called
Bus state is: 0
Set Net Indication Callback called
Bus state is: 0
Set Net Indication Callback called
Bus state is: 0
Set Net Indication Callback called
Bus state is: 0
Set Net Indication Callback called
Bus state is: 0
Set Net Indication Callback called
Bus state is: 0
Set Net Indication Callback called
Bus state is: 0
Set Net Indication Callback called
Bus state is: 0
Set Net Indication Callback called
Bus state is: 0
Set Net Indication Callback called
Bus state is: 0
Set Net Indication Callback called
Bus state is: 0
Set Net Indication Callback called
Bus state is: 0
Set Net Indication Callback called
Bus state is: 0
Set Net Indication Callback called
Bus state is: 0
Set Net Indication Callback called
Bus state is: 0
Set Net Indication Callback called
Bus state is: 0
Set Net Indication Callback called
Bus state is: 0
Set Net Indication Callback called
Bus state is: 0
Set Net Indication Callback called
Bus state is: 0
Set Net Indication Callback called
Bus state is: 0
Set Net Indication Callback called
Bus state is: 0
Set Net Indication Callback called
Bus state is: 0
Set Net Indication Callback called
Bus state is: 0
Set Net Indication Callback called
Bus state is: 0
Set Net Indication Callback called
Bus state is: 0
Set Net Indication Callback called
Bus state is: 0
Set Net Indication Callback called
Bus state is: 0
Set Net Indication Callback called
Bus state is: 0
Set Net Indication Callback called
Bus state is: 0
Set Net Indication Callback called
Bus state is: 0
Set Net Indication Callback called
Bus state is: 0
Set Net Indication Callback called
Bus state is: 0
Set Net Indication Callback called
Bus state is: 0
Set Net Indication Callback called
Bus state is: 0
Set Net Indication Callback called
Bus state is: 0
Set Net Indication Callback called
Bus state is: 0
Set Net Indication Callback called
Bus state is: 0
Set Net Indication Callback called
Bus state is: 0
Set Net Indication Callback called
Bus state is: 0
Set Net Indication Callback called
Bus state is: 0
Set Net Indication Callback called
Bus state is: 0
Set Net Indication Callback called
Bus state is: 0
Set Net Indication Callback called
Bus state is: 0
Set Net Indication Callback called
Bus state is: 0
Set Net Indication Callback called
Bus state is: 0
Set Net Indication Callback called
Bus state is: 0
Set Net Indication Callback called
Bus state is: 0
Set Net Indication Callback called
Bus state is: 0
Set Net Indication Callback called
Bus state is: 0
Set Net Indication Callback called
Bus state is: 0
Set Net Indication Callback called
Bus state is: 0
Set Net Indication Callback called
Bus state is: 0
Set Net Indication Callback called
Bus state is: 0
Set Net Indication Callback called
Bus state is: 0
Set Net Indication Callback called
Bus state is: 0
Set Net Indication Callback called
Bus state is: 0
Set Net Indication Callback called
Bus state is: 0
Set Net Indication Callback called
Bus state is: 0
Set Net Indication Callback called
Bus state is: 0
Set Net Indication Callback called
Bus state is: 0
Set Net Indication Callback called
Bus state is: 0
Set Net Indication Callback called
Bus state is: 0
Set Net Indication Callback called
Bus state is: 0
Set Net Indication Callback called
Bus state is: 0
Set Net Indication Callback called
Bus state is: 0
Set Net Indication Callback called
Bus state is: 0
Set Net Indication Callback called
Bus state is: 0
Set Net Indication Callback called
Bus state is: 0
Set Net Indication Callback called
Bus state is: 0
Set Net Indication Callback called
Bus state is: 0
Set Net Indication Callback called
Bus state is: 0
Set Net Indication Callback called
Bus state is: 0
Set Net Indication Callback called
Bus state is: 0
Set Net Indication Callback called
Bus state is: 0
Set Net Indication Callback called
Bus state is: 0
Set Net Indication Callback called
Bus state is: 0
Set Net Indication Callback called
Bus state is: 0
Set Net Indication Callback called
Bus state is: 0
Set Net Indication Callback called
Bus state is: 0
Set Net Indication Callback called
Bus state is: 0
Set Net Indication Callback called
Bus state is: 0
Set Net Indication Callback called
Bus state is: 0
Set Net Indication Callback called
Bus state is: 0
Set Net Indication Callback called
Bus state is: 0
Set Net Indication Callback called
Bus state is: 0
Set Net Indication Callback called
Bus state is: 0
Set Net Indication Callback called
Bus state is: 0
Set Net Indication Callback called
Bus state is: 0
Set Net Indication Callback called
Bus state is: 0
Set Net Indication Callback called
Bus state is: 0
Set Net Indication Callback called
Bus state is: 0
Set Net Indication Callback called
Bus state is: 0
Set Net Indication Callback called
Bus state is: 0
Set Net Indication Callback called
Bus state is: 0
Set Net Indication Callback called
Bus state is: 0
Set Net Indication Callback called
Bus state is: 0
Set Net Indication Callback called
Bus state is: 0
Set Net Indication Callback called
Bus state is: 0
Set Net Indication Callback called
Bus state is: 0
Set Net Indication Callback called
Bus state is: 0
Set Net Indication Callback called
Bus state is: 0
Set Net Indication Callback called
Bus state is: 0
Set Net Indication Callback called
Bus state is: 0
Set Net Indication Callback called
Bus state is: 0
Set Net Indication Callback called
Bus state is: 0
Set Net Indication Callback called
Bus state is: 0
Set Net Indication Callback called
Bus state is: 0
Set Net Indication Callback called
Bus state is: 0
Set Net Indication Callback called
Bus state is: 0
Set Net Indication Callback called
Bus state is: 0
Set Net Indication Callback called
Bus state is: 0
Set Net Indication Callback called
Bus state is: 0
Set Net Indication Callback called
Bus state is: 0
Set Net Indication Callback called
Bus state is: 0
Set Net Indication Callback called
Bus state is: 0
Set Net Indication Callback called
Bus state is: 0
Set Net Indication Callback called
Bus state is: 0
Set Net Indication Callback called
Bus state is: 0
Set Net Indication Callback called
Bus state is: 0
Set Net Indication Callback called
Bus state is: 0
Set Net Indication Callback called
Bus state is: 0
Set Net Indication Callback called
Bus state is: 0
Set Net Indication Callback called
Bus state is: 0
Set Net Indication Callback called
Bus state is: 0
Set Net Indication Callback called
Bus state is: 0
Set Net Indication Callback called
Bus state is: 0
Set Net Indication Callback called
Bus state is: 0
Set Net Indication Callback called
Bus state is: 0
Set Net Indication Callback called
Bus state is: 0
Set Net Indication Callback called
Bus state is: 0
Set Net Indication Callback called
Bus state is: 0
Set Net Indication Callback called
Bus state is: 0
Set Net Indication Callback called
Bus state is: 0
Set Net Indication Callback called
Bus state is: 0
Set Net Indication Callback called
Bus state is: 0
Set Net Indication Callback called
Bus state is: 0
Set Net Indication Callback called
Bus state is: 0
Set Net Indication Callback called
Bus state is: 0
Set Net Indication Callback called
Bus state is: 0
Set Net Indication Callback called
Bus state is: 0
Set Net Indication Callback called
Bus state is: 0
Set Net Indication Callback called
Bus state is: 0
Set Net Indication Callback called
Bus state is: 0
Set Net Indication Callback called
Bus state is: 0
Set Net Indication Callback called
Bus state is: 0
Set Net Indication Callback called
Bus state is: 0
Set Net Indication Callback called
Bus state is: 0
Set Net Indication Callback called
Bus state is: 0
Set Net Indication Callback called
Bus state is: 0
Set Net Indication Callback called
Bus state is: 0
Set Net Indication Callback called
Bus state is: 0
Set Net Indication Callback called
Bus state is: 0
Set Net Indication Callback called
Bus state is: 0
Set Net Indication Callback called
Bus state is: 0
Set Net Indication Callback called
Bus state is: 0
Set Net Indication Callback called
Bus state is: 0
Set Net Indication Callback called
Bus state is: 0
Set Net Indication Callback called
Bus state is: 0
Set Net Indication Callback called
Bus state is: 0
Set Net Indication Callback called
Bus state is: 0
Set Net Indication Callback called
Bus state is: 0
Set Net Indication Callback called
Bus state is: 0
Set Net Indication Callback called
Bus state is: 0
Set Net Indication Callback called
Bus state is: 0
Set Net Indication Callback called
Bus state is: 0
Set Net Indication Callback called
Bus state is: 0
Set Net Indication Callback called
Bus state is: 0
Set Net Indication Callback called
Bus state is: 0
Set Net Indication Callback called
Bus state is: 0
Set Net Indication Callback called
Bus state is: 0
Set Net Indication Callback called
Bus state is: 0
Set Net Indication Callback called
Bus state is: 0
Set Net Indication Callback called
Bus state is: 0
Set Net Indication Callback called
Bus state is: 0
Set Net Indication Callback called
Bus state is: 0
Set Net Indication Callback called
Bus state is: 0
Set Net Indication Callback called
Bus state is: 0
Set Net Indication Callback called
Bus state is: 0
Set Net Indication Callback called
Bus state is: 0
Set Net Indication Callback called
Bus state is: 0
Set Net Indication Callback called
Bus state is: 0
Set Net Indication Callback called
Bus state is: 0
Set Net Indication Callback called
Bus state is: 0
Set Net Indication Callback called
Bus state is: 0
Set Net Indication Callback called
Bus state is: 0
Set Net Indication Callback called
Bus state is: 0
Set Net Indication Callback called
Bus state is: 0
Set Net Indication Callback called
Bus state is: 0
Set Net Indication Callback called
Bus state is: 0
Set Net Indication Callback called
Bus state is: 0
Set Net Indication Callback called
Bus state is: 0
Set Net Indication Callback called
Bus state is: 0
Set Net Indication Callback called
Bus state is: 0
Set Net Indication Callback called
Bus state is: 0
Set Net Indication Callback called
Bus state is: 0
Set Net Indication Callback called
Bus state is: 0
Set Net Indication Callback called
Bus state is: 0
Set Net Indication Callback called
Bus state is: 0
Set Net Indication Callback called
Bus state is: 0
Set Net Indication Callback called
Bus state is: 0
Set Net Indication Callback called
Bus state is: 0
Set Net Indication Callback called
Bus state is: 0
Set Net Indication Callback called
Bus state is: 0
Set Net Indication Callback called
Bus state is: 0
Set Net Indication Callback called
Bus state is: 0
Set Net Indication Callback called
Bus state is: 0
Set Net Indication Callback called
Bus state is: 0
Set Net Indication Callback called
Bus state is: 0
Set Net Indication Callback called
Bus state is: 0
Set Net Indication Callback called
Bus state is: 0
Set Net Indication Callback called
Bus state is: 0
Set Net Indication Callback called
Bus state is: 0
Set Net Indication Callback called
Bus state is: 0
Set Net Indication Callback called
Bus state is: 0
Set Net Indication Callback called
Bus state is: 0
Set Net Indication Callback called
Bus state is: 0
Set Net Indication Callback called
Bus state is: 0
Set Net Indication Callback called
Bus state is: 0
Set Net Indication Callback called
Bus state is: 0
Set Net Indication Callback called
Bus state is: 0
Set Net Indication Callback called
Bus state is: 0
Set Net Indication Callback called
Bus state is: 0
Set Net Indication Callback called
Bus state is: 0
Set Net Indication Callback called
Bus state is: 0
Set Net Indication Callback called
Bus state is: 0
Set Net Indication Callback called
Bus state is: 0
Set Net Indication Callback called
Bus state is: 0
Set Net Indication Callback called
Bus state is: 0
Set Net Indication Callback called
Bus state is: 0
Set Net Indication Callback called
Bus state is: 0
Set Net Indication Callback called
Bus state is: 0
Set Net Indication Callback called
Bus state is: 0
Set Net Indication Callback called
Bus state is: 0
Set Net Indication Callback called
Bus state is: 0
Set Net Indication Callback called
Bus state is: 0
Set Net Indication Callback called
Bus state is: 0
Set Net Indication Callback called
Bus state is: 0
Set Net Indication Callback called
Bus state is: 0
Set Net Indication Callback called
Bus state is: 0
Set Net Indication Callback called
Bus state is: 0
Set Net Indication Callback called
Bus state is: 0
Set Net Indication Callback called
Bus state is: 0
Set Net Indication Callback called
Bus state is: 0
Set Net Indication Callback called
Bus state is: 0
Set Net Indication Callback called
Bus state is: 0
Set Net Indication Callback called
Bus state is: 0
Set Net Indication Callback called
Bus state is: 0
Set Net Indication Callback called
Bus state is: 0
Set Net Indication Callback called
Bus state is: 0
Set Net Indication Callback called
Bus state is: 0
Set Net Indication Callback called
Bus state is: 0
Set Net Indication Callback called
Bus state is: 0
Set Net Indication Callback called
Bus state is: 0
Set Net Indication Callback called
Bus state is: 0
Set Net Indication Callback called
Bus state is: 0
Set Net Indication Callback called
Bus state is: 0
Set Net Indication Callback called
Bus state is: 0
Set Net Indication Callback called
Bus state is: 0
Set Net Indication Callback called
Bus state is: 0
Set Net Indication Callback called
Bus state is: 0
Set Net Indication Callback called
Bus state is: 0
Set Net Indication Callback called
Bus state is: 0
Set Net Indication Callback called
Bus state is: 0
Set Net Indication Callback called
Bus state is: 0
Set Net Indication Callback called
Bus state is: 0
Set Net Indication Callback called
Bus state is: 0
Set Net Indication Callback called
Bus state is: 0
Set Net Indication Callback called
Bus state is: 0
Set Net Indication Callback called
Bus state is: 0
Set Net Indication Callback called
Bus state is: 0
Set Net Indication Callback called
Bus state is: 0
Set Net Indication Callback called
Bus state is: 0
Set Net Indication Callback called
Bus state is: 0
Set Net Indication Callback called
Bus state is: 0
Set Net Indication Callback called
Bus state is: 0
Set Net Indication Callback called
Bus state is: 0
Set Net Indication Callback called
Bus state is: 0
Set Net Indication Callback called
Bus state is: 0
Set Net Indication Callback called
Bus state is: 0
Set Net Indication Callback called
Bus state is: 0
Set Net Indication Callback called
Bus state is: 0
Set Net Indication Callback called
Bus state is: 0
Set Net Indication Callback called
Bus state is: 0
Set Net Indication Callback called
Bus state is: 0
Set Net Indication Callback called
Bus state is: 0
Set Net Indication Callback called
Bus state is: 0
Set Net Indication Callback called
Bus state is: 0
Set Net Indication Callback called
Bus state is: 0
Set Net Indication Callback called
Bus state is: 0
Set Net Indication Callback called
Bus state is: 0
Set Net Indication Callback called
Bus state is: 0
Set Net Indication Callback called
Bus state is: 0
Set Net Indication Callback called
Bus state is: 0
Set Net Indication Callback called
Bus state is: 0
Set Net Indication Callback called
Bus state is: 0
Set Net Indication Callback called
Bus state is: 0
Set Net Indication Callback called
Bus state is: 0
Set Net Indication Callback called
Bus state is: 0
Set Net Indication Callback called
Bus state is: 0
Set Net Indication Callback called
Bus state is: 0
Set Net Indication Callback called
Bus state is: 0
Set Net Indication Callback called
Bus state is: 0
Set Net Indication Callback called
Bus state is: 0
Set Net Indication Callback called
Bus state is: 0
Set Net Indication Callback called
Bus state is: 0
Set Net Indication Callback called
Bus state is: 0
Set Net Indication Callback called
Bus state is: 0
Set Net Indication Callback called
Bus state is: 0
Set Net Indication Callback called
Bus state is: 0
Set Net Indication Callback called
Bus state is: 0
Set Net Indication Callback called
Bus state is: 0
Set Net Indication Callback called
Bus state is: 0
Set Net Indication Callback called
Bus state is: 0
Set Net Indication Callback called
Bus state is: 0
Set Net Indication Callback called
Bus state is: 0
Set Net Indication Callback called
Bus state is: 0
Set Net Indication Callback called
Bus state is: 0
Set Net Indication Callback called
Bus state is: 0
Set Net Indication Callback called
Bus state is: 0
Set Net Indication Callback called
Bus state is: 0
Set Net Indication Callback called
Bus state is: 0
Set Net Indication Callback called
Bus state is: 0
Set Net Indication Callback called
Bus state is: 0
Set Net Indication Callback called
Bus state is: 0
Set Net Indication Callback called
Bus state is: 0
Set Net Indication Callback called
Bus state is: 0
Set Net Indication Callback called
Bus state is: 0
Set Net Indication Callback called
Bus state is: 0
Set Net Indication Callback called
Bus state is: 0
Set Net Indication Callback called
Bus state is: 0
Set Net Indication Callback called
Bus state is: 0
Set Net Indication Callback called
Bus state is: 0
Set Net Indication Callback called
Bus state is: 0
Set Net Indication Callback called
Bus state is: 0
Set Net Indication Callback called
Bus state is: 0
Set Net Indication Callback called
Bus state is: 0
Set Net Indication Callback called
Bus state is: 0
Set Net Indication Callback called
Bus state is: 0
Set Net Indication Callback called
Bus state is: 0
Set Net Indication Callback called
Bus state is: 0
Set Net Indication Callback called
Bus state is: 0
Set Net Indication Callback called
Bus state is: 0
Set Net Indication Callback called
Bus state is: 0
Set Net Indication Callback called
Bus state is: 0
Set Net Indication Callback called
Bus state is: 0
Set Net Indication Callback called
Bus state is: 0
Set Net Indication Callback called
Bus state is: 0
Set Net Indication Callback called
Bus state is: 0
Set Net Indication Callback called
Bus state is: 0
Set Net Indication Callback called
Bus state is: 0
Set Net Indication Callback called
Bus state is: 0
Set Net Indication Callback called
Bus state is: 0
Set Net Indication Callback called
Bus state is: 0
Set Net Indication Callback called
Bus state is: 0
Set Net Indication Callback called
Bus state is: 0
Set Net Indication Callback called
Bus state is: 0
Set Net Indication Callback called
Bus state is: 0
Set Net Indication Callback called
Bus state is: 0
Set Net Indication Callback called
Bus state is: 0
Set Net Indication Callback called
Bus state is: 0
Set Net Indication Callback called
Bus state is: 0
Set Net Indication Callback called
Bus state is: 0
Set Net Indication Callback called
Bus state is: 0
Set Net Indication Callback called
Bus state is: 0
Set Net Indication Callback called
Bus state is: 0
Set Net Indication Callback called
Bus state is: 0
Set Net Indication Callback called
Bus state is: 0
Set Net Indication Callback called
Bus state is: 0
Set Net Indication Callback called
Bus state is: 0
Set Net Indication Callback called
Bus state is: 0
Set Net Indication Callback called
Bus state is: 0
Set Net Indication Callback called
Bus state is: 0
Set Net Indication Callback called
Bus state is: 0
Set Net Indication Callback called
Bus state is: 0
Set Net Indication Callback called
Bus state is: 0
Set Net Indication Callback called
Bus state is: 0
Set Net Indication Callback called
Bus state is: 0
Set Net Indication Callback called
Bus state is: 0
Set Net Indication Callback called
Bus state is: 0
Set Net Indication Callback called
Bus state is: 0
Set Net Indication Callback called
Bus state is: 0
Set Net Indication Callback called
Bus state is: 0
Set Net Indication Callback called
Bus state is: 0
Set Net Indication Callback called
Bus state is: 0
Set Net Indication Callback called
Bus state is: 0
Set Net Indication Callback called
Bus state is: 0
Set Net Indication Callback called
Bus state is: 0
Set Net Indication Callback called
Bus state is: 0
Set Net Indication Callback called
Bus state is: 0
Set Net Indication Callback called
Bus state is: 0
Set Net Indication Callback called
Bus state is: 0
Set Net Indication Callback called
Bus state is: 0
Set Net Indication Callback called
Bus state is: 0
Set Net Indication Callback called
Bus state is: 0
Set Net Indication Callback called
Bus state is: 0
Set Net Indication Callback called
Bus state is: 0
Set Net Indication Callback called
Bus state is: 0
Set Net Indication Callback called
Bus state is: 0
Set Net Indication Callback called
Bus state is: 0
Set Net Indication Callback called
Bus state is: 0
Set Net Indication Callback called
Bus state is: 0
Set Net Indication Callback called
Bus state is: 0
Set Net Indication Callback called
Bus state is: 0
Set Net Indication Callback called
Bus state is: 0
Set Net Indication Callback called
Bus state is: 0
Set Net Indication Callback called
Bus state is: 0
Set Net Indication Callback called
Bus state is: 0
Set Net Indication Callback called
Bus state is: 0
Set Net Indication Callback called
Bus state is: 0
Set Net Indication Callback called
Bus state is: 0
Set Net Indication Callback called
Bus state is: 0
Set Net Indication Callback called
Bus state is: 0
Set Net Indication Callback called
Bus state is: 0
Set Net Indication Callback called
Bus state is: 0
Set Net Indication Callback called
Bus state is: 0
Set Net Indication Callback called
Bus state is: 0
Set Net Indication Callback called
Bus state is: 0
Set Net Indication Callback called
Bus state is: 0
Set Net Indication Callback called
Bus state is: 0
Set Net Indication Callback called
Bus state is: 0
Set Net Indication Callback called
Bus state is: 0
Set Net Indication Callback called
Bus state is: 0
Set Net Indication Callback called
Bus state is: 0
Set Net Indication Callback called
Bus state is: 0
Set Net Indication Callback called
Bus state is: 0
Set Net Indication Callback called
Bus state is: 0
Set Net Indication Callback called
Bus state is: 0
Set Net Indication Callback called
Bus state is: 0
Set Net Indication Callback called
Bus state is: 0
Set Net Indication Callback called
Bus state is: 0
Set Net Indication Callback called
Bus state is: 0
Set Net Indication Callback called
Bus state is: 0
Set Net Indication Callback called
Bus state is: 0
Set Net Indication Callback called
Bus state is: 0
Set Net Indication Callback called
Bus state is: 0
Set Net Indication Callback called
Bus state is: 0
Set Net Indication Callback called
Bus state is: 0
Set Net Indication Callback called
Bus state is: 0
Set Net Indication Callback called
Bus state is: 0
Set Net Indication Callback called
Bus state is: 0
Set Net Indication Callback called
Bus state is: 0
Set Net Indication Callback called
Bus state is: 0
Set Net Indication Callback called
Bus state is: 0
Set Net Indication Callback called
Bus state is: 0
Set Net Indication Callback called
Bus state is: 0
Set Net Indication Callback called
Bus state is: 0
Set Net Indication Callback called
Bus state is: 0
Set Net Indication Callback called
Bus state is: 0
Set Net Indication Callback called
Bus state is: 0
Set Net Indication Callback called
Bus state is: 0
Set Net Indication Callback called
Bus state is: 0
Set Net Indication Callback called
Bus state is: 0
Set Net Indication Callback called
Bus state is: 0
Set Net Indication Callback called
Bus state is: 0
Set Net Indication Callback called
Bus state is: 0
Set Net Indication Callback called
Bus state is: 0
Set Net Indication Callback called
Bus state is: 0
Set Net Indication Callback called
Bus state is: 0
Set Net Indication Callback called
Bus state is: 0
Set Net Indication Callback called
Bus state is: 0
Set Net Indication Callback called
Bus state is: 0
Set Net Indication Callback called
Bus state is: 0
Set Net Indication Callback called
Bus state is: 0
Set Net Indication Callback called
Bus state is: 0
Set Net Indication Callback called
Bus state is: 0
Set Net Indication Callback called
Bus state is: 0
Set Net Indication Callback called
Bus state is: 0
Set Net Indication Callback called
Bus state is: 0
Set Net Indication Callback called
Bus state is: 0
Set Net Indication Callback called
Bus state is: 0
Set Net Indication Callback called
Bus state is: 0
Set Net Indication Callback called
Bus state is: 0
Set Net Indication Callback called
Bus state is: 0
Set Net Indication Callback called
Bus state is: 0
Set Net Indication Callback called
Bus state is: 0
Set Net Indication Callback called
Bus state is: 0
Set Net Indication Callback called
Bus state is: 0
Set Net Indication Callback called
Bus state is: 0
Set Net Indication Callback called
Bus state is: 0
Set Net Indication Callback called
Bus state is: 0
Set Net Indication Callback called
Bus state is: 0
Set Net Indication Callback called
Bus state is: 0
Set Net Indication Callback called
Bus state is: 0
Set Net Indication Callback called
Bus state is: 0
Set Net Indication Callback called
Bus state is: 0
Set Net Indication Callback called
Bus state is: 0
Set Net Indication Callback called
Bus state is: 0
Set Net Indication Callback called
Bus state is: 0
Set Net Indication Callback called
Bus state is: 0
Set Net Indication Callback called
Bus state is: 0
Set Net Indication Callback called
Bus state is: 0
Set Net Indication Callback called
Bus state is: 0
Set Net Indication Callback called
Bus state is: 0
Set Net Indication Callback called
Bus state is: 0
Set Net Indication Callback called
Bus state is: 0
Set Net Indication Callback called
Bus state is: 0
Set Net Indication Callback called
Bus state is: 0
Set Net Indication Callback called
Bus state is: 0
Set Net Indication Callback called
Bus state is: 0
Set Net Indication Callback called
Bus state is: 0
Set Net Indication Callback called
Bus state is: 0
Set Net Indication Callback called
Bus state is: 0
Set Net Indication Callback called
Bus state is: 0
Set Net Indication Callback called
Bus state is: 0
Set Net Indication Callback called
Bus state is: 0
Set Net Indication Callback called
Bus state is: 0
Set Net Indication Callback called
Bus state is: 0
Set Net Indication Callback called
Bus state is: 0
Set Net Indication Callback called
Bus state is: 0
Set Net Indication Callback called
Bus state is: 0
Set Net Indication Callback called
Bus state is: 0
Set Net Indication Callback called
Bus state is: 0
Set Net Indication Callback called
Bus state is: 0
Set Net Indication Callback called
Bus state is: 0
Set Net Indication Callback called
Bus state is: 0
Set Net Indication Callback called
Bus state is: 0
Set Net Indication Callback called
Bus state is: 0
Set Net Indication Callback called
Bus state is: 0
Set Net Indication Callback called
Bus state is: 0
Set Net Indication Callback called
Bus state is: 0
Set Net Indication Callback called
Bus state is: 0
Set Net Indication Callback called
Bus state is: 0
Set Net Indication Callback called
Bus state is: 0
Set Net Indication Callback called
Bus state is: 0
Set Net Indication Callback called
Bus state is: 0
Set Net Indication Callback called
Bus state is: 0
Set Net Indication Callback called
Bus state is: 0
Set Net Indication Callback called
Bus state is: 0
Set Net Indication Callback called
Bus state is: 0
Set Net Indication Callback called
Bus state is: 0
Set Net Indication Callback called
Bus state is: 0
Set Net Indication Callback called
Bus state is: 0
Set Net Indication Callback called
Bus state is: 0
Set Net Indication Callback called
Bus state is: 0
Set Net Indication Callback called
Bus state is: 0
Set Net Indication Callback called
Bus state is: 0
Set Net Indication Callback called
Bus state is: 0
Set Net Indication Callback called
Bus state is: 0
Set Net Indication Callback called
Bus state is: 0
Set Net Indication Callback called
Bus state is: 0
Set Net Indication Callback called
Bus state is: 0
Set Net Indication Callback called
Bus state is: 0
Set Net Indication Callback called
Bus state is: 0
Set Net Indication Callback called
Bus state is: 0
Set Net Indication Callback called
Bus state is: 0
Set Net Indication Callback called
Bus state is: 0
Set Net Indication Callback called
Bus state is: 0
Set Net Indication Callback called
Bus state is: 0
Set Net Indication Callback called
Bus state is: 0
Set Net Indication Callback called
Bus state is: 0
Set Net Indication Callback called
Bus state is: 0
Set Net Indication Callback called
Bus state is: 0
Set Net Indication Callback called
Bus state is: 0
Set Net Indication Callback called
Bus state is: 0
Set Net Indication Callback called
Bus state is: 0
Set Net Indication Callback called
Bus state is: 0
Set Net Indication Callback called
Bus state is: 0
Set Net Indication Callback called
Bus state is: 0
Set Net Indication Callback called
Bus state is: 0
Set Net Indication Callback called
Bus state is: 0
Set Net Indication Callback called
Bus state is: 0
Set Net Indication Callback called
Bus state is: 0
Set Net Indication Callback called
Bus state is: 0
Set Net Indication Callback called
Bus state is: 0
Set Net Indication Callback called
Bus state is: 0
Set Net Indication Callback called
Bus state is: 0
Set Net Indication Callback called
Bus state is: 0
Set Net Indication Callback called
Bus state is: 0
Set Net Indication Callback called
Bus state is: 0
Set Net Indication Callback called
Bus state is: 0
Set Net Indication Callback called
Bus state is: 0
Set Net Indication Callback called
Bus state is: 0
Set Net Indication Callback called
Bus state is: 0
Set Net Indication Callback called
Bus state is: 0
Set Net Indication Callback called
Bus state is: 0
Set Net Indication Callback called
Bus state is: 0
Set Net Indication Callback called
Bus state is: 0
Set Net Indication Callback called
Bus state is: 0
Set Net Indication Callback called
Bus state is: 0
Set Net Indication Callback called
Bus state is: 0
Set Net Indication Callback called
Bus state is: 0
Set Net Indication Callback called
Bus state is: 0
Set Net Indication Callback called
Bus state is: 0
Set Net Indication Callback called
Bus state is: 0
Set Net Indication Callback called
Bus state is: 0
Set Net Indication Callback called
Bus state is: 0
Set Net Indication Callback called
Bus state is: 0
Set Net Indication Callback called
Bus state is: 0
Set Net Indication Callback called
Bus state is: 0
Set Net Indication Callback called
Bus state is: 0
Set Net Indication Callback called
Bus state is: 0
Set Net Indication Callback called
Bus state is: 0
Set Net Indication Callback called
Bus state is: 0
Set Net Indication Callback called
Bus state is: 0
Set Net Indication Callback called
Bus state is: 0
Set Net Indication Callback called
Bus state is: 0
Set Net Indication Callback called
Bus state is: 0
Set Net Indication Callback called
Bus state is: 0
Set Net Indication Callback called
Bus state is: 0
Set Net Indication Callback called
Bus state is: 0
Set Net Indication Callback called
Bus state is: 0
Set Net Indication Callback called
Bus state is: 0
Set Net Indication Callback called
Bus state is: 0
Set Net Indication Callback called
Bus state is: 0
Set Net Indication Callback called
Bus state is: 0
Set Net Indication Callback called
Bus state is: 0
Set Net Indication Callback called
Bus state is: 0
Set Net Indication Callback called
Bus state is: 0
Set Net Indication Callback called
Bus state is: 0
Set Net Indication Callback called
Bus state is: 0
Set Net Indication Callback called
Bus state is: 0
Set Net Indication Callback called
Bus state is: 0
Set Net Indication Callback called
Bus state is: 0
Set Net Indication Callback called
Bus state is: 0
Set Net Indication Callback called
Bus state is: 0
Set Net Indication Callback called
Bus state is: 0
Set Net Indication Callback called
Bus state is: 0
Set Net Indication Callback called
Bus state is: 0
Set Net Indication Callback called
Bus state is: 0
Set Net Indication Callback called
Bus state is: 0
Set Net Indication Callback called
Bus state is: 0
Set Net Indication Callback called
Bus state is: 0
Set Net Indication Callback called
Bus state is: 0
Set Net Indication Callback called
Bus state is: 0
Set Net Indication Callback called
Bus state is: 0
Set Net Indication Callback called
Bus state is: 0
Set Net Indication Callback called
Bus state is: 0
Set Net Indication Callback called
Bus state is: 0
Set Net Indication Callback called
Bus state is: 0
Set Net Indication Callback called
Bus state is: 0
Set Net Indication Callback called
Bus state is: 0
Set Net Indication Callback called
Bus state is: 0
Set Net Indication Callback called
Bus state is: 0
Set Net Indication Callback called
Bus state is: 0
Set Net Indication Callback called
Bus state is: 0
Set Net Indication Callback called
Bus state is: 0
Set Net Indication Callback called
Bus state is: 0
Set Net Indication Callback called
Bus state is: 0
Set Net Indication Callback called
Bus state is: 0
Set Net Indication Callback called
Bus state is: 0
Set Net Indication Callback called
Bus state is: 0
Set Net Indication Callback called
Bus state is: 0
Set Net Indication Callback called
Bus state is: 0
Set Net Indication Callback called
Bus state is: 0
Set Net Indication Callback called
Bus state is: 0
Set Net Indication Callback called
Bus state is: 0
Set Net Indication Callback called
Bus state is: 0
Set Net Indication Callback called
Bus state is: 0
Set Net Indication Callback called
Bus state is: 0
Set Net Indication Callback called
Bus state is: 0
Set Net Indication Callback called
Bus state is: 0
Set Net Indication Callback called
Bus state is: 0
Set Net Indication Callback called
Bus state is: 0
Set Net Indication Callback called
Bus state is: 0
Set Net Indication Callback called
Bus state is: 0
Set Net Indication Callback called
Bus state is: 0
Set Net Indication Callback called
Bus state is: 0
Set Net Indication Callback called
Bus state is: 0
Set Net Indication Callback called
Bus state is: 0
Set Net Indication Callback called
Bus state is: 0
Set Net Indication Callback called
Bus state is: 0
Set Net Indication Callback called
Bus state is: 0
Set Net Indication Callback called
Bus state is: 0
Set Net Indication Callback called
Bus state is: 0
Set Net Indication Callback called
Bus state is: 0
Set Net Indication Callback called
Bus state is: 0
Set Net Indication Callback called
Bus state is: 0
Set Net Indication Callback called
Bus state is: 0
Set Net Indication Callback called
Bus state is: 0
Set Net Indication Callback called
Bus state is: 0
Set Net Indication Callback called
Bus state is: 0
Set Net Indication Callback called
Bus state is: 0
Set Net Indication Callback called
Bus state is: 0
Set Net Indication Callback called
Bus state is: 0
Set Net Indication Callback called
Bus state is: 0
Set Net Indication Callback called
Bus state is: 0
Set Net Indication Callback called
Bus state is: 0
Set Net Indication Callback called
Bus state is: 0
Set Net Indication Callback called
Bus state is: 0
Set Net Indication Callback called
Bus state is: 0
Set Net Indication Callback called
Bus state is: 0
Set Net Indication Callback called
Bus state is: 0
Set Net Indication Callback called
Bus state is: 0
Set Net Indication Callback called
Bus state is: 0
Set Net Indication Callback called
Bus state is: 0
Set Net Indication Callback called
Bus state is: 0
Set Net Indication Callback called
Bus state is: 0
Set Net Indication Callback called
Bus state is: 0
Set Net Indication Callback called
Bus state is: 0
Set Net Indication Callback called
Bus state is: 0
Set Net Indication Callback called
Bus state is: 0
Set Net Indication Callback called
Bus state is: 0
Set Net Indication Callback called
Bus state is: 0
Set Net Indication Callback called
Bus state is: 0
Set Net Indication Callback called
Bus state is: 0
Set Net Indication Callback called
Bus state is: 0
Set Net Indication Callback called
Bus state is: 0
Set Net Indication Callback called
Bus state is: 0
Set Net Indication Callback called
Bus state is: 0
Set Net Indication Callback called
Bus state is: 0
Set Net Indication Callback called
Bus state is: 0
Set Net Indication Callback called
Bus state is: 0
Set Net Indication Callback called
Bus state is: 0
Set Net Indication Callback called
Bus state is: 0
Set Net Indication Callback called
Bus state is: 0
Set Net Indication Callback called
Bus state is: 0
Set Net Indication Callback called
Bus state is: 0
Set Net Indication Callback called
Bus state is: 0
Set Net Indication Callback called
Bus state is: 0
Set Net Indication Callback called
Bus state is: 0
Set Net Indication Callback called
Bus state is: 0
Set Net Indication Callback called
Bus state is: 0
Set Net Indication Callback called
Bus state is: 0
Set Net Indication Callback called
Bus state is: 0
Set Net Indication Callback called
Bus state is: 0
Set Net Indication Callback called
Bus state is: 0
Set Net Indication Callback called
Bus state is: 0
Set Net Indication Callback called
Bus state is: 0
Set Net Indication Callback called
Bus state is: 0
Set Net Indication Callback called
Bus state is: 0
Set Net Indication Callback called
Bus state is: 0
Set Net Indication Callback called
Bus state is: 0
Set Net Indication Callback called
Bus state is: 0
Set Net Indication Callback called
Bus state is: 0
Set Net Indication Callback called
Bus state is: 0
Set Net Indication Callback called
Bus state is: 0
Set Net Indication Callback called
Bus state is: 0
Set Net Indication Callback called
Bus state is: 0
Set Net Indication Callback called
Bus state is: 0
Set Net Indication Callback called
Bus state is: 0
Set Net Indication Callback called
Bus state is: 0
Set Net Indication Callback called
Bus state is: 0
Set Net Indication Callback called
Bus state is: 0
Set Net Indication Callback called
Bus state is: 0
Set Net Indication Callback called
Bus state is: 0
Set Net Indication Callback called
Bus state is: 0
Set Net Indication Callback called
Bus state is: 0
Set Net Indication Callback called
Bus state is: 0
Set Net Indication Callback called
Bus state is: 0
Set Net Indication Callback called
Bus state is: 0
Set Net Indication Callback called
Bus state is: 0
Set Net Indication Callback called
Bus state is: 0
Set Net Indication Callback called
Bus state is: 0
Set Net Indication Callback called
Bus state is: 0
Set Net Indication Callback called
Bus state is: 0
Set Net Indication Callback called
Bus state is: 0
Set Net Indication Callback called
Bus state is: 0
Set Net Indication Callback called
Bus state is: 0
Set Net Indication Callback called
Bus state is: 0
Set Net Indication Callback called
Bus state is: 0
Set Net Indication Callback called
Bus state is: 0
Set Net Indication Callback called
Bus state is: 0
Set Net Indication Callback called
Bus state is: 0
Set Net Indication Callback called
Bus state is: 0
Set Net Indication Callback called
Bus state is: 0
Set Net Indication Callback called
Bus state is: 0
Set Net Indication Callback called
Bus state is: 0
Set Net Indication Callback called
Bus state is: 0
Set Net Indication Callback called
Bus state is: 0
Set Net Indication Callback called
Bus state is: 0
Set Net Indication Callback called
Bus state is: 0
Set Net Indication Callback called
Bus state is: 0
Set Net Indication Callback called
Bus state is: 0
Set Net Indication Callback called
Bus state is: 0
Set Net Indication Callback called
Bus state is: 0
Set Net Indication Callback called
Bus state is: 0
Set Net Indication Callback called
Bus state is: 0
Set Net Indication Callback called
Bus state is: 0
Set Net Indication Callback called
Bus state is: 0
Set Net Indication Callback called
Bus state is: 0
Set Net Indication Callback called
Bus state is: 0
Set Net Indication Callback called
Bus state is: 0
Set Net Indication Callback called
Bus state is: 0
Set Net Indication Callback called
Bus state is: 0
Set Net Indication Callback called
Bus state is: 0
Set Net Indication Callback called
Bus state is: 0
Set Net Indication Callback called
Bus state is: 0
Set Net Indication Callback called
Bus state is: 0
Set Net Indication Callback called
Bus state is: 0
Set Net Indication Callback called
Bus state is: 0
Set Net Indication Callback called
Bus state is: 0
Set Net Indication Callback called
Bus state is: 0
Set Net Indication Callback called
Bus state is: 0
Set Net Indication Callback called
Bus state is: 0
Set Net Indication Callback called
Bus state is: 0
Set Net Indication Callback called
Bus state is: 0
Set Net Indication Callback called
Bus state is: 0
Set Net Indication Callback called
Bus state is: 0
Set Net Indication Callback called
Bus state is: 0
Set Net Indication Callback called
Bus state is: 0
Set Net Indication Callback called
Bus state is: 0
Set Net Indication Callback called
Bus state is: 0
Set Net Indication Callback called
Bus state is: 0
Set Net Indication Callback called
Bus state is: 0
Set Net Indication Callback called
Bus state is: 0
Set Net Indication Callback called
Bus state is: 0
Set Net Indication Callback called
Bus state is: 0
Set Net Indication Callback called
Bus state is: 0
Set Net Indication Callback called
Bus state is: 0
Set Net Indication Callback called
Bus state is: 0
Set Net Indication Callback called
Bus state is: 0
Set Net Indication Callback called
Bus state is: 0
Set Net Indication Callback called
Bus state is: 0
Set Net Indication Callback called
Bus state is: 0
Set Net Indication Callback called
Bus state is: 0
Set Net Indication Callback called
Bus state is: 0
Set Net Indication Callback called
Bus state is: 0
Set Net Indication Callback called
Bus state is: 0
Set Net Indication Callback called
Bus state is: 0
Set Net Indication Callback called
Bus state is: 0
Set Net Indication Callback called
Bus state is: 0
Set Net Indication Callback called
Bus state is: 0
Set Net Indication Callback called
Bus state is: 0
Set Net Indication Callback called
Bus state is: 0
Set Net Indication Callback called
Bus state is: 0
Set Net Indication Callback called
Bus state is: 0
Set Net Indication Callback called
Bus state is: 0
Set Net Indication Callback called
Bus state is: 0
Set Net Indication Callback called
Bus state is: 0
Set Net Indication Callback called
Bus state is: 0
Set Net Indication Callback called
Bus state is: 0
Set Net Indication Callback called
Bus state is: 0
Set Net Indication Callback called
Bus state is: 0
Set Net Indication Callback called
Bus state is: 0
Set Net Indication Callback called
Bus state is: 0
Set Net Indication Callback called
Bus state is: 0
Set Net Indication Callback called
Bus state is: 0
Set Net Indication Callback called
Bus state is: 0
Set Net Indication Callback called
Bus state is: 0
Set Net Indication Callback called
Bus state is: 0
Set Net Indication Callback called
Bus state is: 0
Set Net Indication Callback called
Bus state is: 0
Set Net Indication Callback called
Bus state is: 0
Set Net Indication Callback called
Bus state is: 0
Set Net Indication Callback called
Bus state is: 0
Set Net Indication Callback called
Bus state is: 0
Set Net Indication Callback called
Bus state is: 0
Set Net Indication Callback called
Bus state is: 0
Set Net Indication Callback called
Bus state is: 0
Set Net Indication Callback called
Bus state is: 0
Set Net Indication Callback called
Bus state is: 0
Set Net Indication Callback called
Bus state is: 0
Set Net Indication Callback called
Bus state is: 0
Set Net Indication Callback called
Bus state is: 0
Set Net Indication Callback called
Bus state is: 0
Set Net Indication Callback called
Bus state is: 0
Set Net Indication Callback called
Bus state is: 0
Set Net Indication Callback called
Bus state is: 0
Set Net Indication Callback called
Bus state is: 0
Set Net Indication Callback called
Bus state is: 0
Set Net Indication Callback called
Bus state is: 0
Set Net Indication Callback called
Bus state is: 0
Set Net Indication Callback called
Bus state is: 0
Set Net Indication Callback called
Bus state is: 0
Set Net Indication Callback called
Bus state is: 0
Set Net Indication Callback called
Bus state is: 0
Set Net Indication Callback called
Bus state is: 0
Set Net Indication Callback called
Bus state is: 0
Set Net Indication Callback called
Bus state is: 0
Set Net Indication Callback called
Bus state is: 0
Set Net Indication Callback called
Bus state is: 0
Set Net Indication Callback called
Bus state is: 0
Set Net Indication Callback called
Bus state is: 0
Set Net Indication Callback called
Bus state is: 0
Set Net Indication Callback called
Bus state is: 0
Set Net Indication Callback called
Bus state is: 0
Set Net Indication Callback called
Bus state is: 0
Set Net Indication Callback called
Bus state is: 0
Set Net Indication Callback called
Bus state is: 0
Set Net Indication Callback called
Bus state is: 0
Set Net Indication Callback called
Bus state is: 0
Set Net Indication Callback called
Bus state is: 0
Set Net Indication Callback called
Bus state is: 0
Set Net Indication Callback called
Bus state is: 0
Set Net Indication Callback called
Bus state is: 0
Set Net Indication Callback called
Bus state is: 0
Set Net Indication Callback called
Bus state is: 0
Set Net Indication Callback called
Bus state is: 0
Set Net Indication Callback called
Bus state is: 0
Set Net Indication Callback called
Bus state is: 0
Set Net Indication Callback called
Bus state is: 0
Set Net Indication Callback called
Bus state is: 0
Set Net Indication Callback called
Bus state is: 0
Set Net Indication Callback called
Bus state is: 0
Set Net Indication Callback called
Bus state is: 0
Set Net Indication Callback called
Bus state is: 0
Set Net Indication Callback called
Bus state is: 0
Set Net Indication Callback called
Bus state is: 0
Set Net Indication Callback called
Bus state is: 0
Set Net Indication Callback called
Bus state is: 0
Set Net Indication Callback called
Bus state is: 0
Set Net Indication Callback called
Bus state is: 0
Set Net Indication Callback called
Bus state is: 0
Set Net Indication Callback called
Bus state is: 0
Set Net Indication Callback called
Bus state is: 0
Set Net Indication Callback called
Bus state is: 0
Set Net Indication Callback called
Bus state is: 0
Set Net Indication Callback called
Bus state is: 0
Set Net Indication Callback called
Bus state is: 0
Set Net Indication Callback called
Bus state is: 0
Set Net Indication Callback called
Bus state is: 0
Set Net Indication Callback called
Bus state is: 0
Set Net Indication Callback called
Bus state is: 0
Set Net Indication Callback called
Bus state is: 0
Set Net Indication Callback called
Bus state is: 0
Set Net Indication Callback called
Bus state is: 0
Set Net Indication Callback called
Bus state is: 0
Set Net Indication Callback called
Bus state is: 0
Set Net Indication Callback called
Bus state is: 0
Set Net Indication Callback called
Bus state is: 0
Set Net Indication Callback called
Bus state is: 0
Set Net Indication Callback called
Bus state is: 0
Set Net Indication Callback called
Bus state is: 0
Set Net Indication Callback called
Bus state is: 0
Set Net Indication Callback called
Bus state is: 0
Set Net Indication Callback called
Bus state is: 0
Set Net Indication Callback called
Bus state is: 0
Set Net Indication Callback called
Bus state is: 0
Set Net Indication Callback called
Bus state is: 0
Set Net Indication Callback called
Bus state is: 0
Set Net Indication Callback called
Bus state is: 0
Set Net Indication Callback called
Bus state is: 0
Set Net Indication Callback called
Bus state is: 0
Set Net Indication Callback called
Bus state is: 0
Set Net Indication Callback called
Bus state is: 0
Set Net Indication Callback called
Bus state is: 0
Set Net Indication Callback called
Bus state is: 0
Set Net Indication Callback called
Bus state is: 0
Set Net Indication Callback called
Bus state is: 0
Set Net Indication Callback called
Bus state is: 0
Set Net Indication Callback called
Bus state is: 0
Set Net Indication Callback called
Bus state is: 0
Set Net Indication Callback called
Bus state is: 0
Set Net Indication Callback called
Bus state is: 0
Set Net Indication Callback called
Bus state is: 0
Set Net Indication Callback called
Bus state is: 0
Set Net Indication Callback called
Bus state is: 0
Set Net Indication Callback called
Bus state is: 0
Set Net Indication Callback called
Bus state is: 0
Set Net Indication Callback called
Bus state is: 0
Set Net Indication Callback called
Bus state is: 0
Set Net Indication Callback called
Bus state is: 0
Set Net Indication Callback called
Bus state is: 0
Set Net Indication Callback called
Bus state is: 0
Set Net Indication Callback called
Bus state is: 0
Set Net Indication Callback called
Bus state is: 0
Set Net Indication Callback called
Bus state is: 0
Set Net Indication Callback called
Bus state is: 0
Set Net Indication Callback called
Bus state is: 0
Set Net Indication Callback called
Bus state is: 0
Set Net Indication Callback called
Bus state is: 0
Set Net Indication Callback called
Bus state is: 0
Set Net Indication Callback called
Bus state is: 0
Set Net Indication Callback called
Bus state is: 0
Set Net Indication Callback called
Bus state is: 0
Set Net Indication Callback called
Bus state is: 0
Set Net Indication Callback called
Bus state is: 0
Set Net Indication Callback called
Bus state is: 0
Set Net Indication Callback called
Bus state is: 0
Set Net Indication Callback called
Bus state is: 0
Set Net Indication Callback called
Bus state is: 0
Set Net Indication Callback called
Bus state is: 0
Set Net Indication Callback called
Bus state is: 0
Set Net Indication Callback called
Bus state is: 0
Set Net Indication Callback called
Bus state is: 0
Set Net Indication Callback called
Bus state is: 0
Set Net Indication Callback called
Bus state is: 0
Set Net Indication Callback called
Bus state is: 0
Set Net Indication Callback called
Bus state is: 0
Set Net Indication Callback called
Bus state is: 0
Set Net Indication Callback called
Bus state is: 0
Set Net Indication Callback called
Bus state is: 0
Set Net Indication Callback called
Bus state is: 0
Set Net Indication Callback called
Bus state is: 0
Set Net Indication Callback called
Bus state is: 0
Set Net Indication Callback called
Bus state is: 0
Set Net Indication Callback called
Bus state is: 0
Set Net Indication Callback called
Bus state is: 0
Set Net Indication Callback called
Bus state is: 0
Set Net Indication Callback called
Bus state is: 0
Set Net Indication Callback called
Bus state is: 0
Set Net Indication Callback called
Bus state is: 0
Set Net Indication Callback called
Bus state is: 0
Set Net Indication Callback called
Bus state is: 0
Set Net Indication Callback called
Bus state is: 0
Set Net Indication Callback called
Bus state is: 0
Set Net Indication Callback called
Bus state is: 0
Set Net Indication Callback called
Bus state is: 0
Set Net Indication Callback called
Bus state is: 0
Set Net Indication Callback called
Bus state is: 0
Set Net Indication Callback called
Bus state is: 0
Set Net Indication Callback called
Bus state is: 0
Set Net Indication Callback called
Bus state is: 0
Set Net Indication Callback called
Bus state is: 0
Set Net Indication Callback called
Bus state is: 0
Set Net Indication Callback called
Bus state is: 0
Set Net Indication Callback called
Bus state is: 0
Set Net Indication Callback called
Bus state is: 0
Set Net Indication Callback called
Bus state is: 0
Set Net Indication Callback called
Bus state is: 0
Set Net Indication Callback called
Bus state is: 0
Set Net Indication Callback called
Bus state is: 0
Set Net Indication Callback called
Bus state is: 0
Set Net Indication Callback called
Bus state is: 0
Set Net Indication Callback called
Bus state is: 0
Set Net Indication Callback called
Bus state is: 0
Set Net Indication Callback called
Bus state is: 0
Set Net Indication Callback called
Bus state is: 0
Set Net Indication Callback called
Bus state is: 0
Set Net Indication Callback called
Bus state is: 0
Set Net Indication Callback called
Bus state is: 0
Set Net Indication Callback called
Bus state is: 0
Set Net Indication Callback called
Bus state is: 0
Set Net Indication Callback called
Bus state is: 0
Set Net Indication Callback called
Bus state is: 0
Set Net Indication Callback called
Bus state is: 0
Set Net Indication Callback called
Bus state is: 0
Set Net Indication Callback called
Bus state is: 0
Set Net Indication Callback called
Bus state is: 0
Set Net Indication Callback called
Bus state is: 0
Set Net Indication Callback called
Bus state is: 0
Set Net Indication Callback called
Bus state is: 0
Set Net Indication Callback called
Bus state is: 0
Set Net Indication Callback called
Bus state is: 0
Set Net Indication Callback called
Bus state is: 0
Set Net Indication Callback called
Bus state is: 0
Set Net Indication Callback called
Bus state is: 0
Set Net Indication Callback called
Bus state is: 0
Set Net Indication Callback called
Bus state is: 0
Set Net Indication Callback called
Bus state is: 0
Set Net Indication Callback called
Bus state is: 0
Set Net Indication Callback called
Bus state is: 0
Set Net Indication Callback called
Bus state is: 0
Set Net Indication Callback called
Bus state is: 0
Set Net Indication Callback called
Bus state is: 0
Set Net Indication Callback called
Bus state is: 0
Set Net Indication Callback called
Bus state is: 0
Set Net Indication Callback called
Bus state is: 0
Set Net Indication Callback called
Bus state is: 0
Set Net Indication Callback called
Bus state is: 0
Set Net Indication Callback called
Bus state is: 0
Set Net Indication Callback called
Bus state is: 0
Set Net Indication Callback called
Bus state is: 0
Set Net Indication Callback called
Bus state is: 0
Set Net Indication Callback called
Bus state is: 0
Set Net Indication Callback called
Bus state is: 0
Set Net Indication Callback called
Bus state is: 0
Set Net Indication Callback called
Bus state is: 0
Set Net Indication Callback called
Bus state is: 0
Set Net Indication Callback called
Bus state is: 0
Set Net Indication Callback called
Bus state is: 0
Set Net Indication Callback called
Bus state is: 0
Set Net Indication Callback called
Bus state is: 0
Set Net Indication Callback called
Bus state is: 0
Set Net Indication Callback called
Bus state is: 0
Set Net Indication Callback called
Bus state is: 0
Set Net Indication Callback called
Bus state is: 0
Set Net Indication Callback called
Bus state is: 0
Set Net Indication Callback called
Bus state is: 0
Set Net Indication Callback called
Bus state is: 0
Set Net Indication Callback called
Bus state is: 0
Set Net Indication Callback called
Bus state is: 0
Set Net Indication Callback called
Bus state is: 0
Set Net Indication Callback called
Bus state is: 0
Set Net Indication Callback called
Bus state is: 0
Set Net Indication Callback called
Bus state is: 0
Set Net Indication Callback called
Bus state is: 0
Set Net Indication Callback called
Bus state is: 0
Set Net Indication Callback called
Bus state is: 0
Set Net Indication Callback called
Bus state is: 0
Set Net Indication Callback called
Bus state is: 0
Set Net Indication Callback called
Bus state is: 0
Set Net Indication Callback called
Bus state is: 0
Set Net Indication Callback called
Bus state is: 0
Set Net Indication Callback called
Bus state is: 0
Set Net Indication Callback called
Bus state is: 0
Set Net Indication Callback called
Bus state is: 0
Set Net Indication Callback called
Bus state is: 0
Set Net Indication Callback called
Bus state is: 0
Set Net Indication Callback called
Bus state is: 0
Set Net Indication Callback called
Bus state is: 0
Set Net Indication Callback called
Bus state is: 0
Set Net Indication Callback called
Bus state is: 0
Set Net Indication Callback called
Bus state is: 0
Set Net Indication Callback called
Bus state is: 0
Set Net Indication Callback called
Bus state is: 0
Set Net Indication Callback called
Bus state is: 0
Set Net Indication Callback called
Bus state is: 0
Set Net Indication Callback called
Bus state is: 0
Set Net Indication Callback called
Bus state is: 0
Set Net Indication Callback called
Bus state is: 0
Set Net Indication Callback called
Bus state is: 0
Set Net Indication Callback called
Bus state is: 0
Set Net Indication Callback called
Bus state is: 0
Set Net Indication Callback called
Bus state is: 0
Set Net Indication Callback called
Bus state is: 0
Set Net Indication Callback called
Bus state is: 0
Set Net Indication Callback called
Bus state is: 0
Set Net Indication Callback called
Bus state is: 0
Set Net Indication Callback called
Bus state is: 0
Set Net Indication Callback called
Bus state is: 0
Set Net Indication Callback called
Bus state is: 0
Set Net Indication Callback called
Bus state is: 0
Set Net Indication Callback called
Bus state is: 0
Set Net Indication Callback called
Bus state is: 0
Set Net Indication Callback called
Bus state is: 0
Set Net Indication Callback called
Bus state is: 0
Set Net Indication Callback called
Bus state is: 0
Set Net Indication Callback called
Bus state is: 0
Set Net Indication Callback called
Bus state is: 0
Set Net Indication Callback called
Bus state is: 0
Set Net Indication Callback called
Bus state is: 0
Set Net Indication Callback called
Bus state is: 0
Set Net Indication Callback called
Bus state is: 0
Set Net Indication Callback called
Bus state is: 0
Set Net Indication Callback called
Bus state is: 0
Set Net Indication Callback called
Bus state is: 0
Set Net Indication Callback called
Bus state is: 0
Set Net Indication Callback called
Bus state is: 0
Set Net Indication Callback called
Bus state is: 0
Set Net Indication Callback called
Bus state is: 0
Set Net Indication Callback called
Bus state is: 0
Set Net Indication Callback called
Bus state is: 0
Set Net Indication Callback called
Bus state is: 0
Set Net Indication Callback called
Bus state is: 0
Set Net Indication Callback called
Bus state is: 0
Set Net Indication Callback called
Bus state is: 0
Set Net Indication Callback called
Bus state is: 0
Set Net Indication Callback called
Bus state is: 0
Set Net Indication Callback called
Bus state is: 0
Set Net Indication Callback called
Bus state is: 0
Set Net Indication Callback called
Bus state is: 0
Set Net Indication Callback called
Bus state is: 0
Set Net Indication Callback called
Bus state is: 0
Set Net Indication Callback called
Bus state is: 0
Set Net Indication Callback called
Bus state is: 0
Set Net Indication Callback called
Bus state is: 0
Set Net Indication Callback called
Bus state is: 0
Set Net Indication Callback called
Bus state is: 0
Set Net Indication Callback called
Bus state is: 0
Set Net Indication Callback called
Bus state is: 0
Set Net Indication Callback called
Bus state is: 0
Set Net Indication Callback called
Bus state is: 0
Set Net Indication Callback called
Bus state is: 0
Set Net Indication Callback called
Bus state is: 0
Set Net Indication Callback called
Bus state is: 0
Set Net Indication Callback called
Bus state is: 0
Set Net Indication Callback called
Bus state is: 0
Set Net Indication Callback called
Bus state is: 0
Set Net Indication Callback called
Bus state is: 0
Set Net Indication Callback called
Bus state is: 0
Set Net Indication Callback called
Bus state is: 0
Set Net Indication Callback called
Bus state is: 0
Set Net Indication Callback called
Bus state is: 0
Set Net Indication Callback called
Bus state is: 0
Set Net Indication Callback called
Bus state is: 0
Set Net Indication Callback called
Bus state is: 0
Set Net Indication Callback called
Bus state is: 0
Set Net Indication Callback called
Bus state is: 0
Set Net Indication Callback called
Bus state is: 0
Set Net Indication Callback called
Bus state is: 0
Set Net Indication Callback called
Bus state is: 0
Set Net Indication Callback called
Bus state is: 0
Set Net Indication Callback called
Bus state is: 0
Set Net Indication Callback called
Bus state is: 0
Set Net Indication Callback called
Bus state is: 0
Set Net Indication Callback called
Bus state is: 0
Set Net Indication Callback called
Bus state is: 0
Set Net Indication Callback called
Bus state is: 0
Set Net Indication Callback called
Bus state is: 0
Set Net Indication Callback called
Bus state is: 0
Set Net Indication Callback called
Bus state is: 0
Set Net Indication Callback called
Bus state is: 0
Set Net Indication Callback called
Bus state is: 0
Set Net Indication Callback called
Bus state is: 0
Set Net Indication Callback called
Bus state is: 0
Set Net Indication Callback called
Bus state is: 0
Set Net Indication Callback called
Bus state is: 0
Set Net Indication Callback called
Bus state is: 0
Set Net Indication Callback called
Bus state is: 0
Set Net Indication Callback called
Bus state is: 0
Set Net Indication Callback called
Bus state is: 0
Set Net Indication Callback called
Bus state is: 0
Set Net Indication Callback called
Bus state is: 0
Set Net Indication Callback called
Bus state is: 0
Set Net Indication Callback called
Bus state is: 0
Set Net Indication Callback called
Bus state is: 0
Set Net Indication Callback called
Bus state is: 0
Set Net Indication Callback called
Bus state is: 0
Set Net Indication Callback called
Bus state is: 0
Set Net Indication Callback called
Bus state is: 0
Set Net Indication Callback called
Bus state is: 0
Set Net Indication Callback called
Bus state is: 0
Set Net Indication Callback called
Bus state is: 0
Set Net Indication Callback called
Bus state is: 0
Set Net Indication Callback called
Bus state is: 0
Set Net Indication Callback called
Bus state is: 0
Set Net Indication Callback called
Bus state is: 0
Set Net Indication Callback called
Bus state is: 0
Set Net Indication Callback called
Bus state is: 0
Set Net Indication Callback called
Bus state is: 0
Set Net Indication Callback called
Bus state is: 0
Set Net Indication Callback called
Bus state is: 0
Set Net Indication Callback called
Bus state is: 0
Set Net Indication Callback called
Bus state is: 0
Set Net Indication Callback called
Bus state is: 0
Set Net Indication Callback called
Bus state is: 0
Set Net Indication Callback called
Bus state is: 0
Set Net Indication Callback called
Bus state is: 0
Set Net Indication Callback called
Bus state is: 0
Set Net Indication Callback called
Bus state is: 0
Set Net Indication Callback called
Bus state is: 0
Set Net Indication Callback called
Bus state is: 0
Set Net Indication Callback called
Bus state is: 0
Set Net Indication Callback called
Bus state is: 0
Set Net Indication Callback called
Bus state is: 0
Set Net Indication Callback called
Bus state is: 0
Set Net Indication Callback called
Bus state is: 0
Set Net Indication Callback called
Bus state is: 0
Set Net Indication Callback called
Bus state is: 0
Set Net Indication Callback called
Bus state is: 0
Set Net Indication Callback called
Bus state is: 0
Set Net Indication Callback called
Bus state is: 0
Set Net Indication Callback called
Bus state is: 0
Set Net Indication Callback called
Bus state is: 0
Set Net Indication Callback called
Bus state is: 0
Set Net Indication Callback called
Bus state is: 0
Set Net Indication Callback called
Bus state is: 0
Set Net Indication Callback called
Bus state is: 0
Set Net Indication Callback called
Bus state is: 0
Set Net Indication Callback called
Bus state is: 0
Set Net Indication Callback called
Bus state is: 0
Set Net Indication Callback called
Bus state is: 0
Set Net Indication Callback called
Bus state is: 0
Set Net Indication Callback called
Bus state is: 0
Set Net Indication Callback called
Bus state is: 0
Set Net Indication Callback called
Bus state is: 0
Set Net Indication Callback called
Bus state is: 0
Set Net Indication Callback called
Bus state is: 0
Set Net Indication Callback called
Bus state is: 0
Set Net Indication Callback called
Bus state is: 0
Set Net Indication Callback called
Bus state is: 0
Set Net Indication Callback called
Bus state is: 0
Set Net Indication Callback called
Bus state is: 0
Set Net Indication Callback called
Bus state is: 0
Set Net Indication Callback called
Bus state is: 0
Set Net Indication Callback called
Bus state is: 0
Set Net Indication Callback called
Bus state is: 0
Set Net Indication Callback called
Bus state is: 0
Set Net Indication Callback called
Bus state is: 0
Set Net Indication Callback called
Bus state is: 0
Set Net Indication Callback called
Bus state is: 0
Set Net Indication Callback called
Bus state is: 0
Set Net Indication Callback called
Bus state is: 0
Set Net Indication Callback called
Bus state is: 0
Set Net Indication Callback called
Bus state is: 0
Set Net Indication Callback called
Bus state is: 0
Set Net Indication Callback called
Bus state is: 0
Set Net Indication Callback called
Bus state is: 0
Set Net Indication Callback called
Bus state is: 0
Set Net Indication Callback called
Bus state is: 0
Set Net Indication Callback called
Bus state is: 0
Set Net Indication Callback called
Bus state is: 0
Set Net Indication Callback called
Bus state is: 0
Set Net Indication Callback called
Bus state is: 0
Set Net Indication Callback called
Bus state is: 0
Set Net Indication Callback called
Bus state is: 0
Set Net Indication Callback called
Bus state is: 0
Set Net Indication Callback called
Bus state is: 0
Set Net Indication Callback called
Bus state is: 0
Set Net Indication Callback called
Bus state is: 0
Set Net Indication Callback called
Bus state is: 0
Set Net Indication Callback called
Bus state is: 0
Set Net Indication Callback called
Bus state is: 0
Set Net Indication Callback called
Bus state is: 0
Set Net Indication Callback called
Bus state is: 0
Set Net Indication Callback called
Bus state is: 0
Set Net Indication Callback called
Bus state is: 0
Set Net Indication Callback called
Bus state is: 0
Set Net Indication Callback called
Bus state is: 0
Set Net Indication Callback called
Bus state is: 0
Set Net Indication Callback called
Bus state is: 0
Set Net Indication Callback called
Bus state is: 0
Set Net Indication Callback called
Bus state is: 0
Set Net Indication Callback called
Bus state is: 0
Set Net Indication Callback called
Bus state is: 0
Set Net Indication Callback called
Bus state is: 0
Set Net Indication Callback called
Bus state is: 0
Set Net Indication Callback called
Bus state is: 0
Set Net Indication Callback called
Bus state is: 0
Set Net Indication Callback called
Bus state is: 0
Set Net Indication Callback called
Bus state is: 0
Set Net Indication Callback called
Bus state is: 0
Set Net Indication Callback called
Bus state is: 0
Set Net Indication Callback called
Bus state is: 0
Set Net Indication Callback called
Bus state is: 0
Set Net Indication Callback called
Bus state is: 0
Set Net Indication Callback called
Bus state is: 0
Set Net Indication Callback called
Bus state is: 0
Set Net Indication Callback called
Bus state is: 0
Set Net Indication Callback called
Bus state is: 0
Set Net Indication Callback called
Bus state is: 0
Set Net Indication Callback called
Bus state is: 0
Set Net Indication Callback called
Bus state is: 0
Set Net Indication Callback called
Bus state is: 0
Set Net Indication Callback called
Bus state is: 0
Set Net Indication Callback called
Bus state is: 0
Set Net Indication Callback called
Bus state is: 0
Set Net Indication Callback called
Bus state is: 0
Set Net Indication Callback called
Bus state is: 0
Set Net Indication Callback called
Bus state is: 0
Set Net Indication Callback called
Bus state is: 0
Set Net Indication Callback called
Bus state is: 0
Set Net Indication Callback called
Bus state is: 0
Set Net Indication Callback called
Bus state is: 0
Set Net Indication Callback called
Bus state is: 0
Set Net Indication Callback called
Bus state is: 0
Set Net Indication Callback called
Bus state is: 0
Set Net Indication Callback called
Bus state is: 0
Set Net Indication Callback called
Bus state is: 0
Set Net Indication Callback called
Bus state is: 0
Set Net Indication Callback called
Bus state is: 0
Set Net Indication Callback called
Bus state is: 0
Set Net Indication Callback called
Bus state is: 0
Set Net Indication Callback called
Bus state is: 0
Set Net Indication Callback called
Bus state is: 0
Set Net Indication Callback called
Bus state is: 0
Set Net Indication Callback called
Bus state is: 0
Set Net Indication Callback called
Bus state is: 0
Set Net Indication Callback called
Bus state is: 0
Set Net Indication Callback called
Bus state is: 0
Set Net Indication Callback called
Bus state is: 0
Set Net Indication Callback called
Bus state is: 0
Set Net Indication Callback called
Bus state is: 0
Set Net Indication Callback called
Bus state is: 0
Set Net Indication Callback called
Bus state is: 0
Set Net Indication Callback called
Bus state is: 0
Set Net Indication Callback called
Bus state is: 0
Set Net Indication Callback called
Bus state is: 0
Set Net Indication Callback called
Bus state is: 0
Set Net Indication Callback called
Bus state is: 0
Set Net Indication Callback called
Bus state is: 0
Set Net Indication Callback called
Bus state is: 0
Set Net Indication Callback called
Bus state is: 0
Set Net Indication Callback called
Bus state is: 0
Set Net Indication Callback called
Bus state is: 0
Set Net Indication Callback called
Bus state is: 0
Set Net Indication Callback called
Bus state is: 0
Set Net Indication Callback called
Bus state is: 0
Set Net Indication Callback called
Bus state is: 0
Set Net Indication Callback called
Bus state is: 0
Set Net Indication Callback called
Bus state is: 0
Set Net Indication Callback called
Bus state is: 0
Set Net Indication Callback called
Bus state is: 0
Set Net Indication Callback called
Bus state is: 0
Set Net Indication Callback called
Bus state is: 0
Set Net Indication Callback called
Bus state is: 0
Set Net Indication Callback called
Bus state is: 0
Set Net Indication Callback called
Bus state is: 0
Set Net Indication Callback called
Bus state is: 0
Set Net Indication Callback called
Bus state is: 0
Set Net Indication Callback called
Bus state is: 0
Set Net Indication Callback called
Bus state is: 0
Set Net Indication Callback called
Bus state is: 0
Set Net Indication Callback called
Bus state is: 0
Set Net Indication Callback called
Bus state is: 0
Set Net Indication Callback called
Bus state is: 0
Set Net Indication Callback called
Bus state is: 0
Set Net Indication Callback called
Bus state is: 0
Set Net Indication Callback called
Bus state is: 0
Set Net Indication Callback called
Bus state is: 0
Set Net Indication Callback called
Bus state is: 0
Set Net Indication Callback called
Bus state is: 0
Set Net Indication Callback called
Bus state is: 0
Set Net Indication Callback called
Bus state is: 0
Set Net Indication Callback called
Bus state is: 0
Set Net Indication Callback called
Bus state is: 0
Set Net Indication Callback called
Bus state is: 0
Set Net Indication Callback called
Bus state is: 0
Set Net Indication Callback called
Bus state is: 0
Set Net Indication Callback called
Bus state is: 0
Set Net Indication Callback called
Bus state is: 0
Set Net Indication Callback called
Bus state is: 0
Set Net Indication Callback called
Bus state is: 0
Set Net Indication Callback called
Bus state is: 0
Set Net Indication Callback called
Bus state is: 0
Set Net Indication Callback called
Bus state is: 0
Set Net Indication Callback called
Bus state is: 0
Set Net Indication Callback called
Bus state is: 0
Set Net Indication Callback called
Bus state is: 0
Set Net Indication Callback called
Bus state is: 0
Set Net Indication Callback called
Bus state is: 0
Set Net Indication Callback called
Bus state is: 0
Set Net Indication Callback called
Bus state is: 0
Set Net Indication Callback called
Bus state is: 0
Set Net Indication Callback called
Bus state is: 0
Set Net Indication Callback called
Bus state is: 0
Set Net Indication Callback called
Bus state is: 0
Set Net Indication Callback called
Bus state is: 0
Set Net Indication Callback called
Bus state is: 0
Set Net Indication Callback called
Bus state is: 0
Set Net Indication Callback called
Bus state is: 0
Set Net Indication Callback called
Bus state is: 0
Set Net Indication Callback called
Bus state is: 0
Set Net Indication Callback called
Bus state is: 0
Set Net Indication Callback called
Bus state is: 0
Set Net Indication Callback called
Bus state is: 0
Set Net Indication Callback called
Bus state is: 0
Set Net Indication Callback called
Bus state is: 0
Set Net Indication Callback called
Bus state is: 0
Set Net Indication Callback called
Bus state is: 0
Set Net Indication Callback called
Bus state is: 0
Set Net Indication Callback called
Bus state is: 0
Set Net Indication Callback called
Bus state is: 0
Set Net Indication Callback called
Bus state is: 0
Set Net Indication Callback called
Bus state is: 0
Set Net Indication Callback called
Bus state is: 0
Set Net Indication Callback called
Bus state is: 0
Set Net Indication Callback called
Bus state is: 0
Set Net Indication Callback called
Bus state is: 0
Set Net Indication Callback called
Bus state is: 0
Set Net Indication Callback called
Bus state is: 0
Set Net Indication Callback called
Bus state is: 0
Set Net Indication Callback called
Bus state is: 0
Set Net Indication Callback called
Bus state is: 0
Set Net Indication Callback called
Bus state is: 0
Set Net Indication Callback called
Bus state is: 0
Set Net Indication Callback called
Bus state is: 0
Set Net Indication Callback called
Bus state is: 0
Set Net Indication Callback called
Bus state is: 0
Set Net Indication Callback called
Bus state is: 0
Set Net Indication Callback called
Bus state is: 0
Set Net Indication Callback called
Bus state is: 0
Set Net Indication Callback called
Bus state is: 0
Set Net Indication Callback called
Bus state is: 0
Set Net Indication Callback called
Bus state is: 0
Set Net Indication Callback called
Bus state is: 0
Set Net Indication Callback called
Bus state is: 0
Set Net Indication Callback called
Bus state is: 0
Set Net Indication Callback called
Bus state is: 0
Set Net Indication Callback called
Bus state is: 0
Set Net Indication Callback called
Bus state is: 0
Set Net Indication Callback called
Bus state is: 0
Set Net Indication Callback called
Bus state is: 0
Set Net Indication Callback called
Bus state is: 0
Set Net Indication Callback called
Bus state is: 0
Set Net Indication Callback called
Bus state is: 0
Set Net Indication Callback called
Bus state is: 0
Set Net Indication Callback called
Bus state is: 0
Set Net Indication Callback called
Bus state is: 0
Set Net Indication Callback called
Bus state is: 0
Set Net Indication Callback called
Bus state is: 0
Set Net Indication Callback called
Bus state is: 0
Set Net Indication Callback called
Bus state is: 0
Set Net Indication Callback called
Bus state is: 0
Set Net Indication Callback called
Bus state is: 0
Set Net Indication Callback called
Bus state is: 0
Set Net Indication Callback called
Bus state is: 0
Set Net Indication Callback called
Bus state is: 0
Set Net Indication Callback called
Bus state is: 0
Set Net Indication Callback called
Bus state is: 0
Set Net Indication Callback called
Bus state is: 0
Set Net Indication Callback called
Bus state is: 0
Set Net Indication Callback called
Bus state is: 0
Set Net Indication Callback called
Bus state is: 0
Set Net Indication Callback called
Bus state is: 0
Set Net Indication Callback called
Bus state is: 0
Set Net Indication Callback called
Bus state is: 0
Set Net Indication Callback called
Bus state is: 0
Set Net Indication Callback called
Bus state is: 0
Set Net Indication Callback called
Bus state is: 0
Set Net Indication Callback called
Bus state is: 0
Set Net Indication Callback called
Bus state is: 0
Set Net Indication Callback called
Bus state is: 0
Set Net Indication Callback called
Bus state is: 0
Set Net Indication Callback called
Bus state is: 0
Set Net Indication Callback called
Bus state is: 0
Set Net Indication Callback called
Bus state is: 0
Set Net Indication Callback called
Bus state is: 0
Set Net Indication Callback called
Bus state is: 0
Set Net Indication Callback called
Bus state is: 0
Set Net Indication Callback called
Bus state is: 0
Set Net Indication Callback called
Bus state is: 0
Set Net Indication Callback called
Bus state is: 0
Set Net Indication Callback called
Bus state is: 0
Set Net Indication Callback called
Bus state is: 0
Set Net Indication Callback called
Bus state is: 0
Set Net Indication Callback called
Bus state is: 0
Set Net Indication Callback called
Bus state is: 0
Set Net Indication Callback called
Bus state is: 0
Set Net Indication Callback called
Bus state is: 0
Set Net Indication Callback called
Bus state is: 0
Set Net Indication Callback called
Bus state is: 0
Set Net Indication Callback called
Bus state is: 0
Set Net Indication Callback called
Bus state is: 0
Set Net Indication Callback called
Bus state is: 0
Set Net Indication Callback called
Bus state is: 0
Set Net Indication Callback called
Bus state is: 0
Set Net Indication Callback called
Bus state is: 0
Set Net Indication Callback called
Bus state is: 0
Set Net Indication Callback called
Bus state is: 0
Set Net Indication Callback called
Bus state is: 0
Set Net Indication Callback called
Bus state is: 0
Set Net Indication Callback called
Bus state is: 0
Set Net Indication Callback called
Bus state is: 0
Set Net Indication Callback called
Bus state is: 0
Set Net Indication Callback called
Bus state is: 0
Set Net Indication Callback called
Bus state is: 0
Set Net Indication Callback called
Bus state is: 0
Set Net Indication Callback called
Bus state is: 0
Set Net Indication Callback called
Bus state is: 0
Set Net Indication Callback called
Bus state is: 0
Set Net Indication Callback called
Bus state is: 0
Set Net Indication Callback called
Bus state is: 0
Set Net Indication Callback called
Bus state is: 0
Set Net Indication Callback called
Bus state is: 0
Set Net Indication Callback called
Bus state is: 0
Set Net Indication Callback called
Bus state is: 0
Set Net Indication Callback called
Bus state is: 0
Set Net Indication Callback called
Bus state is: 0
Set Net Indication Callback called
Bus state is: 0
Set Net Indication Callback called
Bus state is: 0
Set Net Indication Callback called
Bus state is: 0
Set Net Indication Callback called
Bus state is: 0
Set Net Indication Callback called
Bus state is: 0
Set Net Indication Callback called
Bus state is: 0
Set Net Indication Callback called
Bus state is: 0
Set Net Indication Callback called
Bus state is: 0
Set Net Indication Callback called
Bus state is: 0
Set Net Indication Callback called
Bus state is: 0
Set Net Indication Callback called
Bus state is: 0
Set Net Indication Callback called
Bus state is: 0
Set Net Indication Callback called
Bus state is: 0
Set Net Indication Callback called
Bus state is: 0
Set Net Indication Callback called
Bus state is: 0
Set Net Indication Callback called
Bus state is: 0
Set Net Indication Callback called
Bus state is: 0
Set Net Indication Callback called
Bus state is: 0
Set Net Indication Callback called
Bus state is: 0
Set Net Indication Callback called
Bus state is: 0
Set Net Indication Callback called
Bus state is: 0
Set Net Indication Callback called
Bus state is: 0
Set Net Indication Callback called
Bus state is: 0
Set Net Indication Callback called
Bus state is: 0
Set Net Indication Callback called
Bus state is: 0
Set Net Indication Callback called
Bus state is: 0
Set Net Indication Callback called
Bus state is: 0
Set Net Indication Callback called
Bus state is: 0
Set Net Indication Callback called
Bus state is: 0
Set Net Indication Callback called
Bus state is: 0
Set Net Indication Callback called
Bus state is: 0
Set Net Indication Callback called
Bus state is: 0
Set Net Indication Callback called
Bus state is: 0
Set Net Indication Callback called
Bus state is: 0
Set Net Indication Callback called
Bus state is: 0
Set Net Indication Callback called
Bus state is: 0
Set Net Indication Callback called
Bus state is: 0
Set Net Indication Callback called
Bus state is: 0
Set Net Indication Callback called
Bus state is: 0
Set Net Indication Callback called
Bus state is: 0
Set Net Indication Callback called
Bus state is: 0
Set Net Indication Callback called
Bus state is: 0
Set Net Indication Callback called
Bus state is: 0
Set Net Indication Callback called
Bus state is: 0
Set Net Indication Callback called
Bus state is: 0
Set Net Indication Callback called
Bus state is: 0
Set Net Indication Callback called
Bus state is: 0
Set Net Indication Callback called
Bus state is: 0
Set Net Indication Callback called
Bus state is: 0
Set Net Indication Callback called
Bus state is: 0
Set Net Indication Callback called
Bus state is: 0
Set Net Indication Callback called
Bus state is: 0
Set Net Indication Callback called
Bus state is: 0
Set Net Indication Callback called
Bus state is: 0
Set Net Indication Callback called
Bus state is: 0
Set Net Indication Callback called
Bus state is: 0
Set Net Indication Callback called
Bus state is: 0
Set Net Indication Callback called
Bus state is: 0
Set Net Indication Callback called
Bus state is: 0
Set Net Indication Callback called
Bus state is: 0
Set Net Indication Callback called
Bus state is: 0
Set Net Indication Callback called
Bus state is: 0
Set Net Indication Callback called
Bus state is: 0
Set Net Indication Callback called
Bus state is: 0
Set Net Indication Callback called
Bus state is: 0
Set Net Indication Callback called
Bus state is: 0
Set Net Indication Callback called
Bus state is: 0
Set Net Indication Callback called
Bus state is: 0
Set Net Indication Callback called
Bus state is: 0
Set Net Indication Callback called
Bus state is: 0
Set Net Indication Callback called
Bus state is: 0
Set Net Indication Callback called
Bus state is: 0
Set Net Indication Callback called
Bus state is: 0
Set Net Indication Callback called
Bus state is: 0
Set Net Indication Callback called
Bus state is: 0
Set Net Indication Callback called
Bus state is: 0
Set Net Indication Callback called
Bus state is: 0
Set Net Indication Callback called
Bus state is: 0
Set Net Indication Callback called
Bus state is: 0
Set Net Indication Callback called
Bus state is: 0
Set Net Indication Callback called
Bus state is: 0
Set Net Indication Callback called
Bus state is: 0
Set Net Indication Callback called
Bus state is: 0
Set Net Indication Callback called
Bus state is: 0
Set Net Indication Callback called
Bus state is: 0
Set Net Indication Callback called
Bus state is: 0
Set Net Indication Callback called
Bus state is: 0
Set Net Indication Callback called
Bus state is: 0
Set Net Indication Callback called
Bus state is: 0
Set Net Indication Callback called
Bus state is: 0
Set Net Indication Callback called
Bus state is: 0
Set Net Indication Callback called
Bus state is: 0
Set Net Indication Callback called
Bus state is: 0
Set Net Indication Callback called
Bus state is: 0
Set Net Indication Callback called
Bus state is: 0
Set Net Indication Callback called
Bus state is: 0
Set Net Indication Callback called
Bus state is: 0
Set Net Indication Callback called
Bus state is: 0
Set Net Indication Callback called
Bus state is: 0
Set Net Indication Callback called
Bus state is: 0
Set Net Indication Callback called
Bus state is: 0
Set Net Indication Callback called
Bus state is: 0
Set Net Indication Callback called
Bus state is: 0
Set Net Indication Callback called
Bus state is: 0
Set Net Indication Callback called
Bus state is: 0
Set Net Indication Callback called
Bus state is: 0
Set Net Indication Callback called
Bus state is: 0
Set Net Indication Callback called
Bus state is: 0
Set Net Indication Callback called
Bus state is: 0
Set Net Indication Callback called
Bus state is: 0
Set Net Indication Callback called
Bus state is: 0
Set Net Indication Callback called
Bus state is: 0
Set Net Indication Callback called
Bus state is: 0
Set Net Indication Callback called
Bus state is: 0
Set Net Indication Callback called
Bus state is: 0
Set Net Indication Callback called
Bus state is: 0
Set Net Indication Callback called
Bus state is: 0
Set Net Indication Callback called
Bus state is: 0
Set Net Indication Callback called
Bus state is: 0
Set Net Indication Callback called
Bus state is: 0
Set Net Indication Callback called
Bus state is: 0
Set Net Indication Callback called
Bus state is: 0
Set Net Indication Callback called
Bus state is: 0
Set Net Indication Callback called
Bus state is: 0
Set Net Indication Callback called
Bus state is: 0
Set Net Indication Callback called
Bus state is: 0
Set Net Indication Callback called
Bus state is: 0
Set Net Indication Callback called
Bus state is: 0
Set Net Indication Callback called
Bus state is: 0
Set Net Indication Callback called
Bus state is: 0
Set Net Indication Callback called
Bus state is: 0
Set Net Indication Callback called
Bus state is: 0
Set Net Indication Callback called
Bus state is: 0
Set Net Indication Callback called
Bus state is: 0
Set Net Indication Callback called
Bus state is: 0
Set Net Indication Callback called
Bus state is: 0
Set Net Indication Callback called
Bus state is: 0
Set Net Indication Callback called
Bus state is: 0
Set Net Indication Callback called
Bus state is: 0
Set Net Indication Callback called
Bus state is: 0
Set Net Indication Callback called
Bus state is: 0
Set Net Indication Callback called
Bus state is: 0
Set Net Indication Callback called
Bus state is: 0
Set Net Indication Callback called
Bus state is: 0
Set Net Indication Callback called
Bus state is: 0
Set Net Indication Callback called
Bus state is: 0
Set Net Indication Callback called
Bus state is: 0
Set Net Indication Callback called
Bus state is: 0
Set Net Indication Callback called
Bus state is: 0
Set Net Indication Callback called
Bus state is: 0
Set Net Indication Callback called
Bus state is: 0
Set Net Indication Callback called
Bus state is: 0
Set Net Indication Callback called
Bus state is: 0
Set Net Indication Callback called
Bus state is: 0
Set Net Indication Callback called
Bus state is: 0
Set Net Indication Callback called
Bus state is: 0
Set Net Indication Callback called
Bus state is: 0
Set Net Indication Callback called
Bus state is: 0
Set Net Indication Callback called
Bus state is: 0
Set Net Indication Callback called
Bus state is: 0
Set Net Indication Callback called
Bus state is: 0
Set Net Indication Callback called
Bus state is: 0
Set Net Indication Callback called
Bus state is: 0
Set Net Indication Callback called
Bus state is: 0
Set Net Indication Callback called
Bus state is: 0
Set Net Indication Callback called
Bus state is: 0
Set Net Indication Callback called
Bus state is: 0
Set Net Indication Callback called
Bus state is: 0
Set Net Indication Callback called
Bus state is: 0
Set Net Indication Callback called
Bus state is: 0
Set Net Indication Callback called
Bus state is: 0
Set Net Indication Callback called
Bus state is: 0
Set Net Indication Callback called
Bus state is: 0
Set Net Indication Callback called
Bus state is: 0
Set Net Indication Callback called
Bus state is: 0
Set Net Indication Callback called
Bus state is: 0
Set Net Indication Callback called
Bus state is: 0
Set Net Indication Callback called
Bus state is: 0
Set Net Indication Callback called
Bus state is: 0
Set Net Indication Callback called
Bus state is: 0
Set Net Indication Callback called
Bus state is: 0
Set Net Indication Callback called
Bus state is: 0
Set Net Indication Callback called
Bus state is: 0
Set Net Indication Callback called
Bus state is: 0
Set Net Indication Callback called
Bus state is: 0
Set Net Indication Callback called
Bus state is: 0
Set Net Indication Callback called
Bus state is: 0
Set Net Indication Callback called
Bus state is: 0
Set Net Indication Callback called
Bus state is: 0
Set Net Indication Callback called
Bus state is: 0
Set Net Indication Callback called
Bus state is: 0
Set Net Indication Callback called
Bus state is: 0
Set Net Indication Callback called
Bus state is: 0
Set Net Indication Callback called
Bus state is: 0
Set Net Indication Callback called
Bus state is: 0
Set Net Indication Callback called
Bus state is: 0
Set Net Indication Callback called
Bus state is: 0
Set Net Indication Callback called
Bus state is: 0
Set Net Indication Callback called
Bus state is: 0
Set Net Indication Callback called
Bus state is: 0
Set Net Indication Callback called
Bus state is: 0
Set Net Indication Callback called
Bus state is: 0
Set Net Indication Callback called
Bus state is: 0
Set Net Indication Callback called
Bus state is: 0
Set Net Indication Callback called
Bus state is: 0
Set Net Indication Callback called
Bus state is: 0
Set Net Indication Callback called
Bus state is: 0
Set Net Indication Callback called
Bus state is: 0
Set Net Indication Callback called
Bus state is: 0
Set Net Indication Callback called
Bus state is: 0
Set Net Indication Callback called
Bus state is: 0
Set Net Indication Callback called
Bus state is: 0
Set Net Indication Callback called
Bus state is: 0
Set Net Indication Callback called
Bus state is: 0
Set Net Indication Callback called
Bus state is: 0
Set Net Indication Callback called
Bus state is: 0
Set Net Indication Callback called
Bus state is: 0
Set Net Indication Callback called
Bus state is: 0
Set Net Indication Callback called
Bus state is: 0
Set Net Indication Callback called
Bus state is: 0
Set Net Indication Callback called
Bus state is: 0
Set Net Indication Callback called
Bus state is: 0
Set Net Indication Callback called
Bus state is: 0
Set Net Indication Callback called
Bus state is: 0
Set Net Indication Callback called
Bus state is: 0
Set Net Indication Callback called
Bus state is: 0
Set Net Indication Callback called
Bus state is: 0
Set Net Indication Callback called
Bus state is: 0
Set Net Indication Callback called
Bus state is: 0
Set Net Indication Callback called
Bus state is: 0
Set Net Indication Callback called
Bus state is: 0
Set Net Indication Callback called
Bus state is: 0
Set Net Indication Callback called
Bus state is: 0
Set Net Indication Callback called
Bus state is: 0
Set Net Indication Callback called
Bus state is: 0
Set Net Indication Callback called
Bus state is: 0
Set Net Indication Callback called
Bus state is: 0
Set Net Indication Callback called
Bus state is: 0
Set Net Indication Callback called
Bus state is: 0
Set Net Indication Callback called
Bus state is: 0
Set Net Indication Callback called
Bus state is: 0
Set Net Indication Callback called
Bus state is: 0
Set Net Indication Callback called
Bus state is: 0
Set Net Indication Callback called
Bus state is: 0
Set Net Indication Callback called
Bus state is: 0
Set Net Indication Callback called
Bus state is: 0
Set Net Indication Callback called
Bus state is: 0
Set Net Indication Callback called
Bus state is: 0
Set Net Indication Callback called
Bus state is: 0
Set Net Indication Callback called
Bus state is: 0
Set Net Indication Callback called
Bus state is: 0
Set Net Indication Callback called
Bus state is: 0
Set Net Indication Callback called
Bus state is: 0
Set Net Indication Callback called
Bus state is: 0
Set Net Indication Callback called
Bus state is: 0
Set Net Indication Callback called
Bus state is: 0
Set Net Indication Callback called
Bus state is: 0
Set Net Indication Callback called
Bus state is: 0
Set Net Indication Callback called
Bus state is: 0
Set Net Indication Callback called
Bus state is: 0
Set Net Indication Callback called
Bus state is: 0
Set Net Indication Callback called
Bus state is: 0
Set Net Indication Callback called
Bus state is: 0
Set Net Indication Callback called
Bus state is: 0
Set Net Indication Callback called
Bus state is: 0
Set Net Indication Callback called
Bus state is: 0
Set Net Indication Callback called
Bus state is: 0
Set Net Indication Callback called
Bus state is: 0
Set Net Indication Callback called
Bus state is: 0
Set Net Indication Callback called
Bus state is: 0
Set Net Indication Callback called
Bus state is: 0
Set Net Indication Callback called
Bus state is: 0
Set Net Indication Callback called
Bus state is: 0
Set Net Indication Callback called
Bus state is: 0
Set Net Indication Callback called
Bus state is: 0
Set Net Indication Callback called
Bus state is: 0
Set Net Indication Callback called
Bus state is: 0
Set Net Indication Callback called
Bus state is: 0
Set Net Indication Callback called
Bus state is: 0
Set Net Indication Callback called
Bus state is: 0
Set Net Indication Callback called
Bus state is: 0
Set Net Indication Callback called
Bus state is: 0
Set Net Indication Callback called
Bus state is: 0
Set Net Indication Callback called
Bus state is: 0
Set Net Indication Callback called
Bus state is: 0
Set Net Indication Callback called
Bus state is: 0
Set Net Indication Callback called
Bus state is: 0
Set Net Indication Callback called
Bus state is: 0
Set Net Indication Callback called
Bus state is: 0
Set Net Indication Callback called
Bus state is: 0
Set Net Indication Callback called
Bus state is: 0
Set Net Indication Callback called
Bus state is: 0
Set Net Indication Callback called
Bus state is: 0
Set Net Indication Callback called
Bus state is: 0
Set Net Indication Callback called
Bus state is: 0
Set Net Indication Callback called
Bus state is: 0
Set Net Indication Callback called
Bus state is: 0
Set Net Indication Callback called
Bus state is: 0
Set Net Indication Callback called
Bus state is: 0
Set Net Indication Callback called
Bus state is: 0
Set Net Indication Callback called
Bus state is: 0
Set Net Indication Callback called
Bus state is: 0
Set Net Indication Callback called
Bus state is: 0
Set Net Indication Callback called
Bus state is: 0
Set Net Indication Callback called
Bus state is: 0
Set Net Indication Callback called
Bus state is: 0
Set Net Indication Callback called
Bus state is: 0
Set Net Indication Callback called
Bus state is: 0
Set Net Indication Callback called
Bus state is: 0
Set Net Indication Callback called
Bus state is: 0
Set Net Indication Callback called
Bus state is: 0
Set Net Indication Callback called
Bus state is: 0
Set Net Indication Callback called
Bus state is: 0
Set Net Indication Callback called
Bus state is: 0
Set Net Indication Callback called
Bus state is: 0
Set Net Indication Callback called
Bus state is: 0
Set Net Indication Callback called
Bus state is: 0
Set Net Indication Callback called
Bus state is: 0
Set Net Indication Callback called
Bus state is: 0
Set Net Indication Callback called
Bus state is: 0
Set Net Indication Callback called
Bus state is: 0
Set Net Indication Callback called
Bus state is: 0
Set Net Indication Callback called
Bus state is: 0
Set Net Indication Callback called
Bus state is: 0
Set Net Indication Callback called
Bus state is: 0
Set Net Indication Callback called
Bus state is: 0
Set Net Indication Callback called
Bus state is: 0
Set Net Indication Callback called
Bus state is: 0
Set Net Indication Callback called
Bus state is: 0
Set Net Indication Callback called
Bus state is: 0
Set Net Indication Callback called
Bus state is: 0
Set Net Indication Callback called
Bus state is: 0
Set Net Indication Callback called
Bus state is: 0
Set Net Indication Callback called
Bus state is: 0
Set Net Indication Callback called
Bus state is: 0
Set Net Indication Callback called
Bus state is: 0
Set Net Indication Callback called
Bus state is: 0
Set Net Indication Callback called
Bus state is: 0
Set Net Indication Callback called
Bus state is: 0
Set Net Indication Callback called
Bus state is: 0
Set Net Indication Callback called
Bus state is: 0
Set Net Indication Callback called
Bus state is: 0
Set Net Indication Callback called
Bus state is: 0
Set Net Indication Callback called
Bus state is: 0
Set Net Indication Callback called
Bus state is: 0
Set Net Indication Callback called
Bus state is: 0
Set Net Indication Callback called
Bus state is: 0
Set Net Indication Callback called
Bus state is: 0
Set Net Indication Callback called
Bus state is: 0
Set Net Indication Callback called
Bus state is: 0
Set Net Indication Callback called
Bus state is: 0
Set Net Indication Callback called
Bus state is: 0
Set Net Indication Callback called
Bus state is: 0
Set Net Indication Callback called
Bus state is: 0
Set Net Indication Callback called
Bus state is: 0
Set Net Indication Callback called
Bus state is: 0
Set Net Indication Callback called
Bus state is: 0
Set Net Indication Callback called
Bus state is: 0
Set Net Indication Callback called
Bus state is: 0
Set Net Indication Callback called
Bus state is: 0
Set Net Indication Callback called
Bus state is: 0
Set Net Indication Callback called
Bus state is: 0
Set Net Indication Callback called
Bus state is: 0
Set Net Indication Callback called
Bus state is: 0
Set Net Indication Callback called
Bus state is: 0
Set Net Indication Callback called
Bus state is: 0
Set Net Indication Callback called
Bus state is: 0
Set Net Indication Callback called
Bus state is: 0
Set Net Indication Callback called
Bus state is: 0
Set Net Indication Callback called
Bus state is: 0
Set Net Indication Callback called
Bus state is: 0
Set Net Indication Callback called
Bus state is: 0
Set Net Indication Callback called
Bus state is: 0
Set Net Indication Callback called
Bus state is: 0
Set Net Indication Callback called
Bus state is: 0
Set Net Indication Callback called
Bus state is: 0
Set Net Indication Callback called
Bus state is: 0
Set Net Indication Callback called
Bus state is: 0
Set Net Indication Callback called
Bus state is: 0
Set Net Indication Callback called
Bus state is: 0
Set Net Indication Callback called
Bus state is: 0
Set Net Indication Callback called
Bus state is: 0
Set Net Indication Callback called
Bus state is: 0
Set Net Indication Callback called
Bus state is: 0
Set Net Indication Callback called
Bus state is: 0
Set Net Indication Callback called
Bus state is: 0
Set Net Indication Callback called
Bus state is: 0
Set Net Indication Callback called
Bus state is: 0
Set Net Indication Callback called
Bus state is: 0
Set Net Indication Callback called
Bus state is: 0
Set Net Indication Callback called
Bus state is: 0
Set Net Indication Callback called
Bus state is: 0
Set Net Indication Callback called
Bus state is: 0
Set Net Indication Callback called
Bus state is: 0
Set Net Indication Callback called
Bus state is: 0
Set Net Indication Callback called
Bus state is: 0
Set Net Indication Callback called
Bus state is: 0
Set Net Indication Callback called
Bus state is: 0
Set Net Indication Callback called
Bus state is: 0
Set Net Indication Callback called
Bus state is: 0
Set Net Indication Callback called
Bus state is: 0
Set Net Indication Callback called
Bus state is: 0
Set Net Indication Callback called
Bus state is: 0
Set Net Indication Callback called
Bus state is: 0
Set Net Indication Callback called
Bus state is: 0
Set Net Indication Callback called
Bus state is: 0
Set Net Indication Callback called
Bus state is: 0
Set Net Indication Callback called
Bus state is: 0
Set Net Indication Callback called
Bus state is: 0
Set Net Indication Callback called
Bus state is: 0
Set Net Indication Callback called
Bus state is: 0
Set Net Indication Callback called
Bus state is: 0
Set Net Indication Callback called
Bus state is: 0
Set Net Indication Callback called
Bus state is: 0
Set Net Indication Callback called
Bus state is: 0
Set Net Indication Callback called
Bus state is: 0
Set Net Indication Callback called
Bus state is: 0
Set Net Indication Callback called
Bus state is: 0
Set Net Indication Callback called
Bus state is: 0
Set Net Indication Callback called
Bus state is: 0
Set Net Indication Callback called
Bus state is: 0
Set Net Indication Callback called
Bus state is: 0
Set Net Indication Callback called
Bus state is: 0
Set Net Indication Callback called
Bus state is: 0
Set Net Indication Callback called
Bus state is: 0
Set Net Indication Callback called
Bus state is: 0
Set Net Indication Callback called
Bus state is: 0
Set Net Indication Callback called
Bus state is: 0
Set Net Indication Callback called
Bus state is: 0
Set Net Indication Callback called
Bus state is: 0
Set Net Indication Callback called
Bus state is: 0
Set Net Indication Callback called
Bus state is: 0
Set Net Indication Callback called
Bus state is: 0
Set Net Indication Callback called
Bus state is: 0
Set Net Indication Callback called
Bus state is: 0
Set Net Indication Callback called
Bus state is: 0
Set Net Indication Callback called
Bus state is: 0
Set Net Indication Callback called
Bus state is: 0
Set Net Indication Callback called
Bus state is: 0
Set Net Indication Callback called
Bus state is: 0
Set Net Indication Callback called
Bus state is: 0
Set Net Indication Callback called
Bus state is: 0
Set Net Indication Callback called
Bus state is: 0
Set Net Indication Callback called
Bus state is: 0
Set Net Indication Callback called
Bus state is: 0
Set Net Indication Callback called
Bus state is: 0
Set Net Indication Callback called
Bus state is: 0
Set Net Indication Callback called
Bus state is: 0
Set Net Indication Callback called
Bus state is: 0
Set Net Indication Callback called
Bus state is: 0
Set Net Indication Callback called
Bus state is: 0
Set Net Indication Callback called
Bus state is: 0
Set Net Indication Callback called
Bus state is: 0
Set Net Indication Callback called
Bus state is: 0
Set Net Indication Callback called
Bus state is: 0
Set Net Indication Callback called
Bus state is: 0
Set Net Indication Callback called
Bus state is: 0
Set Net Indication Callback called
Bus state is: 0
Set Net Indication Callback called
Bus state is: 0
Set Net Indication Callback called
Bus state is: 0
Set Net Indication Callback called
Bus state is: 0
Set Net Indication Callback called
Bus state is: 0
Set Net Indication Callback called
Bus state is: 0
Set Net Indication Callback called
Bus state is: 0
Set Net Indication Callback called
Bus state is: 0
Set Net Indication Callback called
Bus state is: 0
Set Net Indication Callback called
Bus state is: 0
Set Net Indication Callback called
Bus state is: 0
Set Net Indication Callback called
Bus state is: 0
Set Net Indication Callback called
Bus state is: 0
Set Net Indication Callback called
Bus state is: 0
Set Net Indication Callback called
Bus state is: 0
Set Net Indication Callback called
Bus state is: 0
Set Net Indication Callback called
Bus state is: 0
Set Net Indication Callback called
Bus state is: 0
Set Net Indication Callback called
Bus state is: 0
Set Net Indication Callback called
Bus state is: 0
Set Net Indication Callback called
Bus state is: 0
Set Net Indication Callback called
Bus state is: 0
Set Net Indication Callback called
Bus state is: 0
Set Net Indication Callback called
Bus state is: 0
Set Net Indication Callback called
Bus state is: 0
Set Net Indication Callback called
Bus state is: 0
Set Net Indication Callback called
Bus state is: 0
Set Net Indication Callback called
Bus state is: 0
Set Net Indication Callback called
Bus state is: 0
Set Net Indication Callback called
Bus state is: 0
Set Net Indication Callback called
Bus state is: 0
Set Net Indication Callback called
Bus state is: 0
Set Net Indication Callback called
Bus state is: 0
Set Net Indication Callback called
Bus state is: 0
Set Net Indication Callback called
Bus state is: 0
Set Net Indication Callback called
Bus state is: 0
Set Net Indication Callback called
Bus state is: 0
Set Net Indication Callback called
Bus state is: 0
Set Net Indication Callback called
Bus state is: 0
Set Net Indication Callback called
Bus state is: 0
Set Net Indication Callback called
Bus state is: 0
Set Net Indication Callback called
Bus state is: 0
Set Net Indication Callback called
Bus state is: 0
Set Net Indication Callback called
Bus state is: 0
Set Net Indication Callback called
Bus state is: 0
Set Net Indication Callback called
Bus state is: 0
Set Net Indication Callback called
Bus state is: 0
Set Net Indication Callback called
Bus state is: 0
Set Net Indication Callback called
Bus state is: 0
Set Net Indication Callback called
Bus state is: 0
Set Net Indication Callback called
Bus state is: 0
Set Net Indication Callback called
Bus state is: 0
Set Net Indication Callback called
Bus state is: 0
Set Net Indication Callback called
Bus state is: 0
Set Net Indication Callback called
Bus state is: 0
Set Net Indication Callback called
Bus state is: 0
Set Net Indication Callback called
Bus state is: 0
Set Net Indication Callback called
Bus state is: 0
Set Net Indication Callback called
Bus state is: 0
Set Net Indication Callback called
Bus state is: 0
Set Net Indication Callback called
Bus state is: 0
Set Net Indication Callback called
Bus state is: 0
Set Net Indication Callback called
Bus state is: 0
Set Net Indication Callback called
Bus state is: 0
Set Net Indication Callback called
Bus state is: 0
Set Net Indication Callback called
Bus state is: 0
Set Net Indication Callback called
Bus state is: 0
Set Net Indication Callback called
Bus state is: 0
Set Net Indication Callback called
Bus state is: 0
Set Net Indication Callback called
Bus state is: 0
Set Net Indication Callback called
Bus state is: 0
Set Net Indication Callback called
Bus state is: 0
Set Net Indication Callback called
Bus state is: 0
Set Net Indication Callback called
Bus state is: 0
Set Net Indication Callback called
Bus state is: 0
Set Net Indication Callback called
Bus state is: 0
Set Net Indication Callback called
Bus state is: 0
Set Net Indication Callback called
Bus state is: 0
Set Net Indication Callback called
Bus state is: 0
Set Net Indication Callback called
Bus state is: 0
Set Net Indication Callback called
Bus state is: 0
Set Net Indication Callback called
Bus state is: 0
Set Net Indication Callback called
Bus state is: 0
Set Net Indication Callback called
Bus state is: 0
Set Net Indication Callback called
Bus state is: 0
Set Net Indication Callback called
Bus state is: 0
Set Net Indication Callback called
Bus state is: 0
Set Net Indication Callback called
Bus state is: 0
Set Net Indication Callback called
Bus state is: 0
Set Net Indication Callback called
Bus state is: 0
Set Net Indication Callback called
Bus state is: 0
Set Net Indication Callback called
Bus state is: 0
Set Net Indication Callback called
Bus state is: 0
Set Net Indication Callback called
Bus state is: 0
Set Net Indication Callback called
Bus state is: 0
Set Net Indication Callback called
Bus state is: 0
Set Net Indication Callback called
Bus state is: 0
Set Net Indication Callback called
Bus state is: 0
Set Net Indication Callback called
Bus state is: 0
Set Net Indication Callback called
Bus state is: 0
Set Net Indication Callback called
Bus state is: 0
Set Net Indication Callback called
Bus state is: 0
Set Net Indication Callback called
Bus state is: 0
Set Net Indication Callback called
Bus state is: 0
Set Net Indication Callback called
Bus state is: 0
Set Net Indication Callback called
Bus state is: 0
Set Net Indication Callback called
Bus state is: 0
Set Net Indication Callback called
Bus state is: 0
Set Net Indication Callback called
Bus state is: 0
Set Net Indication Callback called
Bus state is: 0
Set Net Indication Callback called
Bus state is: 0
Set Net Indication Callback called
Bus state is: 0
Set Net Indication Callback called
Bus state is: 0
Set Net Indication Callback called
Bus state is: 0
Set Net Indication Callback called
Bus state is: 0
Set Net Indication Callback called
Bus state is: 0
Set Net Indication Callback called
Bus state is: 0
Set Net Indication Callback called
Bus state is: 0
Set Net Indication Callback called
Bus state is: 0
Set Net Indication Callback called
Bus state is: 0
Set Net Indication Callback called
Bus state is: 0
Set Net Indication Callback called
Bus state is: 0
Set Net Indication Callback called
Bus state is: 0
Set Net Indication Callback called
Bus state is: 0
Set Net Indication Callback called
Bus state is: 0
Set Net Indication Callback called
Bus state is: 0
Set Net Indication Callback called
Bus state is: 0
Set Net Indication Callback called
Bus state is: 0
Set Net Indication Callback called
Bus state is: 0
Set Net Indication Callback called
Bus state is: 0
Set Net Indication Callback called
Bus state is: 0
Set Net Indication Callback called
Bus state is: 0
Set Net Indication Callback called
Bus state is: 0
Set Net Indication Callback called
Bus state is: 0
Set Net Indication Callback called
Bus state is: 0
Set Net Indication Callback called
Bus state is: 0
Set Net Indication Callback called
Bus state is: 0
Set Net Indication Callback called
Bus state is: 0
Set Net Indication Callback called
Bus state is: 0
Set Net Indication Callback called
Bus state is: 0
Set Net Indication Callback called
Bus state is: 0
Set Net Indication Callback called
Bus state is: 0
Set Net Indication Callback called
Bus state is: 0
Set Net Indication Callback called
Bus state is: 0
Set Net Indication Callback called
Bus state is: 0
Set Net Indication Callback called
Bus state is: 0
Set Net Indication Callback called
Bus state is: 0
Set Net Indication Callback called
Bus state is: 0
Set Net Indication Callback called
Bus state is: 0
Set Net Indication Callback called
Bus state is: 0
Set Net Indication Callback called
Bus state is: 0
Set Net Indication Callback called
Bus state is: 0
Set Net Indication Callback called
Bus state is: 0
Set Net Indication Callback called
Bus state is: 0
Set Net Indication Callback called
Bus state is: 0
Set Net Indication Callback called
Bus state is: 0
Set Net Indication Callback called
Bus state is: 0
Set Net Indication Callback called
Bus state is: 0
Set Net Indication Callback called
Bus state is: 0
Set Net Indication Callback called
Bus state is: 0
Set Net Indication Callback called
Bus state is: 0
Set Net Indication Callback called
Bus state is: 0
Set Net Indication Callback called
Bus state is: 0
Set Net Indication Callback called
Bus state is: 0
Set Net Indication Callback called
Bus state is: 0
Set Net Indication Callback called
Bus state is: 0
Set Net Indication Callback called
Bus state is: 0
Set Net Indication Callback called
Bus state is: 0
Set Net Indication Callback called
Bus state is: 0
Set Net Indication Callback called
Bus state is: 0
Set Net Indication Callback called
Bus state is: 0
Set Net Indication Callback called
Bus state is: 0
Set Net Indication Callback called
Bus state is: 0
Set Net Indication Callback called
Bus state is: 0
Set Net Indication Callback called
Bus state is: 0
Set Net Indication Callback called
Bus state is: 0
Set Net Indication Callback called
Bus state is: 0
Set Net Indication Callback called
Bus state is: 0
Set Net Indication Callback called
Bus state is: 0
Set Net Indication Callback called
Bus state is: 0
Set Net Indication Callback called
Bus state is: 0
Set Net Indication Callback called
Bus state is: 0
Set Net Indication Callback called
Bus state is: 0
Set Net Indication Callback called
Bus state is: 0
Set Net Indication Callback called
Bus state is: 0
Set Net Indication Callback called
Bus state is: 0
Set Net Indication Callback called
Bus state is: 0
Set Net Indication Callback called
Bus state is: 0
Set Net Indication Callback called
Bus state is: 0
Set Net Indication Callback called
Bus state is: 0
Set Net Indication Callback called
Bus state is: 0
Set Net Indication Callback called
Bus state is: 0
Set Net Indication Callback called
Bus state is: 0
Set Net Indication Callback called
Bus state is: 0
Set Net Indication Callback called
Bus state is: 0
Set Net Indication Callback called
Bus state is: 0
Set Net Indication Callback called
Bus state is: 0
Set Net Indication Callback called
Bus state is: 0
Set Net Indication Callback called
Bus state is: 0
Set Net Indication Callback called
Bus state is: 0
Set Net Indication Callback called
Bus state is: 0
Set Net Indication Callback called
Bus state is: 0
Set Net Indication Callback called
Bus state is: 0
Set Net Indication Callback called
Bus state is: 0
Set Net Indication Callback called
Bus state is: 0
Set Net Indication Callback called
Bus state is: 0
Set Net Indication Callback called
Bus state is: 0
Set Net Indication Callback called
Bus state is: 0
Set Net Indication Callback called
Bus state is: 0
Set Net Indication Callback called
Bus state is: 0
Set Net Indication Callback called
Bus state is: 0
Set Net Indication Callback called
Bus state is: 0
Set Net Indication Callback called
Bus state is: 0
Set Net Indication Callback called
Bus state is: 0
Set Net Indication Callback called
Bus state is: 0
Set Net Indication Callback called
Bus state is: 0
Set Net Indication Callback called
Bus state is: 0
Set Net Indication Callback called
Bus state is: 0
Set Net Indication Callback called
Bus state is: 0
Set Net Indication Callback called
Bus state is: 0
Set Net Indication Callback called
Bus state is: 0
Set Net Indication Callback called
Bus state is: 0
Set Net Indication Callback called
Bus state is: 0
Set Net Indication Callback called
Bus state is: 0
Set Net Indication Callback called
Bus state is: 0
Set Net Indication Callback called
Bus state is: 0
Set Net Indication Callback called
Bus state is: 0
Set Net Indication Callback called
Bus state is: 0
Set Net Indication Callback called
Bus state is: 0
Set Net Indication Callback called
Bus state is: 0
Set Net Indication Callback called
Bus state is: 0
Set Net Indication Callback called
Bus state is: 0
Set Net Indication Callback called
Bus state is: 0
Set Net Indication Callback called
Bus state is: 0
Set Net Indication Callback called
Bus state is: 0
Set Net Indication Callback called
Bus state is: 0
Set Net Indication Callback called
Bus state is: 0
Set Net Indication Callback called
Bus state is: 0
Set Net Indication Callback called
Bus state is: 0
Set Net Indication Callback called
Bus state is: 0
Set Net Indication Callback called
Bus state is: 0
Set Net Indication Callback called
Bus state is: 0
Set Net Indication Callback called
Bus state is: 0
Set Net Indication Callback called
Bus state is: 0
Set Net Indication Callback called
Bus state is: 0
Set Net Indication Callback called
Bus state is: 0
Set Net Indication Callback called
Bus state is: 0
Set Net Indication Callback called
Bus state is: 0
Set Net Indication Callback called
Bus state is: 0
Set Net Indication Callback called
Bus state is: 0
Set Net Indication Callback called
Bus state is: 0
Set Net Indication Callback called
Bus state is: 0
Set Net Indication Callback called
Bus state is: 0
Set Net Indication Callback called
Bus state is: 0
Set Net Indication Callback called
Bus state is: 0
Set Net Indication Callback called
Bus state is: 0
Set Net Indication Callback called
Bus state is: 0
Set Net Indication Callback called
Bus state is: 0
Set Net Indication Callback called
Bus state is: 0
Set Net Indication Callback called
Bus state is: 0
Set Net Indication Callback called
Bus state is: 0
Set Net Indication Callback called
Bus state is: 0
Set Net Indication Callback called
Bus state is: 0
Set Net Indication Callback called
Bus state is: 0
Set Net Indication Callback called
Bus state is: 0
Set Net Indication Callback called
Bus state is: 0
Set Net Indication Callback called
Bus state is: 0
Set Net Indication Callback called
Bus state is: 0
Set Net Indication Callback called
Bus state is: 0
Set Net Indication Callback called
Bus state is: 0
Set Net Indication Callback called
Bus state is: 0
Set Net Indication Callback called
Bus state is: 0
Set Net Indication Callback called
Bus state is: 0
Set Net Indication Callback called
Bus state is: 0
Set Net Indication Callback called
Bus state is: 0
Set Net Indication Callback called
Bus state is: 0
Set Net Indication Callback called
Bus state is: 0
Set Net Indication Callback called
Bus state is: 0
Set Net Indication Callback called
Bus state is: 0
Set Net Indication Callback called
Bus state is: 0
Set Net Indication Callback called
Bus state is: 0
Set Net Indication Callback called
Bus state is: 0
Set Net Indication Callback called
Bus state is: 0
Set Net Indication Callback called
Bus state is: 0
Set Net Indication Callback called
Bus state is: 0
Set Net Indication Callback called
Bus state is: 0
Set Net Indication Callback called
Bus state is: 0
Set Net Indication Callback called
Bus state is: 0
Set Net Indication Callback called
Bus state is: 0
Set Net Indication Callback called
Bus state is: 0
Set Net Indication Callback called
Bus state is: 0
Set Net Indication Callback called
Bus state is: 0
Set Net Indication Callback called
Bus state is: 0
Set Net Indication Callback called
Bus state is: 0
Set Net Indication Callback called
Bus state is: 0
Set Net Indication Callback called
Bus state is: 0
Set Net Indication Callback called
Bus state is: 0
Set Net Indication Callback called
Bus state is: 0
Set Net Indication Callback called
Bus state is: 0
Set Net Indication Callback called
Bus state is: 0
Set Net Indication Callback called
Bus state is: 0
Set Net Indication Callback called
Bus state is: 0
Set Net Indication Callback called
Bus state is: 0
Set Net Indication Callback called
Bus state is: 0
Set Net Indication Callback called
Bus state is: 0
Set Net Indication Callback called
Bus state is: 0
Set Net Indication Callback called
Bus state is: 0
Set Net Indication Callback called
Bus state is: 0
Set Net Indication Callback called
Bus state is: 0
Set Net Indication Callback called
Bus state is: 0
Set Net Indication Callback called
Bus state is: 0
Set Net Indication Callback called
Bus state is: 0
Set Net Indication Callback called
Bus state is: 0
Set Net Indication Callback called
Bus state is: 0
Set Net Indication Callback called
Bus state is: 0
Set Net Indication Callback called
Bus state is: 0
Set Net Indication Callback called
Bus state is: 0
Set Net Indication Callback called
Bus state is: 0
Set Net Indication Callback called
Bus state is: 0
Set Net Indication Callback called
Bus state is: 0
Set Net Indication Callback called
Bus state is: 0
Set Net Indication Callback called
Bus state is: 0
Set Net Indication Callback called
Bus state is: 0
Set Net Indication Callback called
Bus state is: 0
Set Net Indication Callback called
Bus state is: 0
Set Net Indication Callback called
Bus state is: 0
Set Net Indication Callback called
Bus state is: 0
Set Net Indication Callback called
Bus state is: 0
Set Net Indication Callback called
Bus state is: 0
Set Net Indication Callback called
Bus state is: 0
Set Net Indication Callback called
Bus state is: 0
Set Net Indication Callback called
Bus state is: 0
Set Net Indication Callback called
Bus state is: 0
Set Net Indication Callback called
Bus state is: 0
Set Net Indication Callback called
Bus state is: 0
Set Net Indication Callback called
Bus state is: 0
Set Net Indication Callback called
Bus state is: 0
Set Net Indication Callback called
Bus state is: 0
Set Net Indication Callback called
Bus state is: 0
Set Net Indication Callback called
Bus state is: 0
Set Net Indication Callback called
Bus state is: 0
Set Net Indication Callback called
Bus state is: 0
Set Net Indication Callback called
Bus state is: 0
Set Net Indication Callback called
Bus state is: 0
Set Net Indication Callback called
Bus state is: 0
Set Net Indication Callback called
Bus state is: 0
Set Net Indication Callback called
Bus state is: 0
Set Net Indication Callback called
Bus state is: 0
Set Net Indication Callback called
Bus state is: 0
Set Net Indication Callback called
Bus state is: 0
Set Net Indication Callback called
Bus state is: 0
Set Net Indication Callback called
Bus state is: 0
Set Net Indication Callback called
Bus state is: 0
Set Net Indication Callback called
Bus state is: 0
Set Net Indication Callback called
Bus state is: 0
Set Net Indication Callback called
Bus state is: 0
Set Net Indication Callback called
Bus state is: 0
Set Net Indication Callback called
Bus state is: 0
Set Net Indication Callback called
Bus state is: 0
Set Net Indication Callback called
Bus state is: 0
Set Net Indication Callback called
Bus state is: 0
Set Net Indication Callback called
Bus state is: 0
Set Net Indication Callback called
Bus state is: 0
Set Net Indication Callback called
Bus state is: 0
Set Net Indication Callback called
Bus state is: 0
Set Net Indication Callback called
Bus state is: 0
Set Net Indication Callback called
Bus state is: 0
Set Net Indication Callback called
Bus state is: 0
Set Net Indication Callback called
Bus state is: 0
Set Net Indication Callback called
Bus state is: 0
Set Net Indication Callback called
Bus state is: 0
Set Net Indication Callback called
Bus state is: 0
Set Net Indication Callback called
Bus state is: 0
Set Net Indication Callback called
Bus state is: 0
Set Net Indication Callback called
Bus state is: 0
Set Net Indication Callback called
Bus state is: 0
Set Net Indication Callback called
Bus state is: 0
Set Net Indication Callback called
Bus state is: 0
Set Net Indication Callback called
Bus state is: 0
Set Net Indication Callback called
Bus state is: 0
Set Net Indication Callback called
Bus state is: 0
Set Net Indication Callback called
Bus state is: 0
Set Net Indication Callback called
Bus state is: 0
Set Net Indication Callback called
Bus state is: 0
Set Net Indication Callback called
Bus state is: 0
Set Net Indication Callback called
Bus state is: 0
Set Net Indication Callback called
Bus state is: 0
Set Net Indication Callback called
Bus state is: 0
Set Net Indication Callback called
Bus state is: 0
Set Net Indication Callback called
Bus state is: 0
Set Net Indication Callback called
Bus state is: 0
Set Net Indication Callback called
Bus state is: 0
Set Net Indication Callback called
Bus state is: 0
Set Net Indication Callback called
Bus state is: 0
Set Net Indication Callback called
Bus state is: 0
Set Net Indication Callback called
Bus state is: 0
Set Net Indication Callback called
Bus state is: 0
Set Net Indication Callback called
Bus state is: 0
Set Net Indication Callback called
Bus state is: 0
Set Net Indication Callback called
Bus state is: 0
Set Net Indication Callback called
Bus state is: 0
Set Net Indication Callback called
Bus state is: 0
Set Net Indication Callback called
Bus state is: 0
Set Net Indication Callback called
Bus state is: 0
Set Net Indication Callback called
Bus state is: 0
Set Net Indication Callback called
Bus state is: 0
Set Net Indication Callback called
Bus state is: 0
Set Net Indication Callback called
Bus state is: 0
Set Net Indication Callback called
Bus state is: 0
Set Net Indication Callback called
Bus state is: 0
Set Net Indication Callback called
Bus state is: 0
Set Net Indication Callback called
Bus state is: 0
Set Net Indication Callback called
Bus state is: 0
Set Net Indication Callback called
Bus state is: 0
Set Net Indication Callback called
Bus state is: 0
Set Net Indication Callback called
Bus state is: 0
Set Net Indication Callback called
Bus state is: 0
Set Net Indication Callback called
Bus state is: 0
Set Net Indication Callback called
Bus state is: 0
Set Net Indication Callback called
Bus state is: 0
Set Net Indication Callback called
Bus state is: 0
Set Net Indication Callback called
Bus state is: 0
Set Net Indication Callback called
Bus state is: 0
Set Net Indication Callback called
Bus state is: 0
Set Net Indication Callback called
Bus state is: 0
Set Net Indication Callback called
Bus state is: 0
Set Net Indication Callback called
Bus state is: 0
Set Net Indication Callback called
Bus state is: 0
Set Net Indication Callback called
Bus state is: 0
Set Net Indication Callback called
Bus state is: 0
Set Net Indication Callback called
Bus state is: 0
Set Net Indication Callback called
Bus state is: 0
Set Net Indication Callback called
Bus state is: 0
Set Net Indication Callback called
Bus state is: 0
Set Net Indication Callback called
Bus state is: 0
Set Net Indication Callback called
Bus state is: 0
Set Net Indication Callback called
Bus state is: 0
Set Net Indication Callback called
Bus state is: 0
Set Net Indication Callback called
Bus state is: 0
Set Net Indication Callback called
Bus state is: 0
Set Net Indication Callback called
Bus state is: 0
Set Net Indication Callback called
Bus state is: 0
Set Net Indication Callback called
Bus state is: 0
Set Net Indication Callback called
Bus state is: 0
Set Net Indication Callback called
Bus state is: 0
Set Net Indication Callback called
Bus state is: 0
Set Net Indication Callback called
Bus state is: 0
Set Net Indication Callback called
Bus state is: 0
Set Net Indication Callback called
Bus state is: 0
Set Net Indication Callback called
Bus state is: 0
Set Net Indication Callback called
Bus state is: 0
Set Net Indication Callback called
Bus state is: 0
Set Net Indication Callback called
Bus state is: 0
Set Net Indication Callback called
Bus state is: 0
Set Net Indication Callback called
Bus state is: 0
Set Net Indication Callback called
Bus state is: 0
Set Net Indication Callback called
Bus state is: 0
Set Net Indication Callback called
Bus state is: 0
Set Net Indication Callback called
Bus state is: 0
Set Net Indication Callback called
Bus state is: 0
Set Net Indication Callback called
Bus state is: 0
Set Net Indication Callback called
Bus state is: 0
Set Net Indication Callback called
Bus state is: 0
Set Net Indication Callback called
Bus state is: 0
Set Net Indication Callback called
Bus state is: 0
Set Net Indication Callback called
Bus state is: 0
Set Net Indication Callback called
Bus state is: 0
Set Net Indication Callback called
Bus state is: 0
Set Net Indication Callback called
Bus state is: 0
Set Net Indication Callback called
Bus state is: 0
Set Net Indication Callback called
Bus state is: 0
Set Net Indication Callback called
Bus state is: 0
Set Net Indication Callback called
Bus state is: 0
Set Net Indication Callback called
Bus state is: 0
Set Net Indication Callback called
Bus state is: 0
Set Net Indication Callback called
Bus state is: 0
Set Net Indication Callback called
Bus state is: 0
Set Net Indication Callback called
Bus state is: 0
Set Net Indication Callback called
Bus state is: 0
Set Net Indication Callback called
Bus state is: 0
Set Net Indication Callback called
Bus state is: 0
Set Net Indication Callback called
Bus state is: 0
Set Net Indication Callback called
Bus state is: 0
Set Net Indication Callback called
Bus state is: 0
Set Net Indication Callback called
Bus state is: 0
Set Net Indication Callback called
Bus state is: 0
Set Net Indication Callback called
Bus state is: 0
Set Net Indication Callback called
Bus state is: 0
Set Net Indication Callback called
Bus state is: 0
Set Net Indication Callback called
Bus state is: 0
Set Net Indication Callback called
Bus state is: 0
Set Net Indication Callback called
Bus state is: 0
Set Net Indication Callback called
Bus state is: 0
Set Net Indication Callback called
Bus state is: 0
Set Net Indication Callback called
Bus state is: 0
Set Net Indication Callback called
Bus state is: 0
Set Net Indication Callback called
Bus state is: 0
Set Net Indication Callback called
Bus state is: 0
Set Net Indication Callback called
Bus state is: 0
Set Net Indication Callback called
Bus state is: 0
Set Net Indication Callback called
Bus state is: 0
Set Net Indication Callback called
Bus state is: 0
Set Net Indication Callback called
Bus state is: 0
Set Net Indication Callback called
Bus state is: 0
Set Net Indication Callback called
Bus state is: 0
Set Net Indication Callback called
Bus state is: 0
Set Net Indication Callback called
Bus state is: 0
Set Net Indication Callback called
Bus state is: 0
Set Net Indication Callback called
Bus state is: 0
Set Net Indication Callback called
Bus state is: 0
Set Net Indication Callback called
Bus state is: 0
Set Net Indication Callback called
Bus state is: 0
Set Net Indication Callback called
Bus state is: 0
Set Net Indication Callback called
Bus state is: 0
Set Net Indication Callback called
Bus state is: 0
Set Net Indication Callback called
Bus state is: 0
Set Net Indication Callback called
Bus state is: 0
Set Net Indication Callback called
Bus state is: 0
Set Net Indication Callback called
Bus state is: 0
Set Net Indication Callback called
Bus state is: 0
Set Net Indication Callback called
Bus state is: 0
Set Net Indication Callback called
Bus state is: 0
Set Net Indication Callback called
Bus state is: 0
Set Net Indication Callback called
Bus state is: 0
Set Net Indication Callback called
Bus state is: 0
Set Net Indication Callback called
Bus state is: 0
Set Net Indication Callback called
Bus state is: 0
Set Net Indication Callback called
Bus state is: 0
Set Net Indication Callback called
Bus state is: 0
Set Net Indication Callback called
Bus state is: 0
Set Net Indication Callback called
Bus state is: 0
Set Net Indication Callback called
Bus state is: 0
Set Net Indication Callback called
Bus state is: 0
Set Net Indication Callback called
Bus state is: 0
Set Net Indication Callback called
Bus state is: 0
Set Net Indication Callback called
Bus state is: 0
Set Net Indication Callback called
Bus state is: 0
Set Net Indication Callback called
Bus state is: 0
Set Net Indication Callback called
Bus state is: 0
Set Net Indication Callback called
Bus state is: 0
Set Net Indication Callback called
Bus state is: 0
Set Net Indication Callback called
Bus state is: 0
Set Net Indication Callback called
Bus state is: 0
Set Net Indication Callback called
Bus state is: 0
Set Net Indication Callback called
Bus state is: 0
Set Net Indication Callback called
Bus state is: 0
Set Net Indication Callback called
Bus state is: 0
Set Net Indication Callback called
Bus state is: 0
Set Net Indication Callback called
Bus state is: 0
Set Net Indication Callback called
Bus state is: 0
Set Net Indication Callback called
Bus state is: 0
Set Net Indication Callback called
Bus state is: 0
Set Net Indication Callback called
Bus state is: 0
Set Net Indication Callback called
Bus state is: 0
Set Net Indication Callback called
Bus state is: 0
Set Net Indication Callback called
Bus state is: 0
Set Net Indication Callback called
Bus state is: 0
Set Net Indication Callback called
Bus state is: 0
Set Net Indication Callback called
Bus state is: 0
Set Net Indication Callback called
Bus state is: 0
Set Net Indication Callback called
Bus state is: 0
Set Net Indication Callback called
Bus state is: 0
Set Net Indication Callback called
Bus state is: 0
Set Net Indication Callback called
Bus state is: 0
Set Net Indication Callback called
Bus state is: 0
Set Net Indication Callback called
Bus state is: 0
Set Net Indication Callback called
Bus state is: 0
Set Net Indication Callback called
Bus state is: 0
Set Net Indication Callback called
Bus state is: 0
Set Net Indication Callback called
Bus state is: 0
Set Net Indication Callback called
Bus state is: 0
Set Net Indication Callback called
Bus state is: 0
Set Net Indication Callback called
Bus state is: 0
Set Net Indication Callback called
Bus state is: 0
Set Net Indication Callback called
Bus state is: 0
Set Net Indication Callback called
Bus state is: 0
Set Net Indication Callback called
Bus state is: 0
Set Net Indication Callback called
Bus state is: 0
Set Net Indication Callback called
Bus state is: 0
Set Net Indication Callback called
Bus state is: 0
Set Net Indication Callback called
Bus state is: 0
Set Net Indication Callback called
Bus state is: 0
Set Net Indication Callback called
Bus state is: 0
Set Net Indication Callback called
Bus state is: 0
Set Net Indication Callback called
Bus state is: 0
Set Net Indication Callback called
Bus state is: 0
Set Net Indication Callback called
Bus state is: 0
Set Net Indication Callback called
Bus state is: 0
Set Net Indication Callback called
Bus state is: 0
Set Net Indication Callback called
Bus state is: 0
Set Net Indication Callback called
Bus state is: 0
Set Net Indication Callback called
Bus state is: 0
Set Net Indication Callback called
Bus state is: 0
Set Net Indication Callback called
Bus state is: 0
Set Net Indication Callback called
Bus state is: 0
Set Net Indication Callback called
Bus state is: 0
Set Net Indication Callback called
Bus state is: 0
Set Net Indication Callback called
Bus state is: 0
Set Net Indication Callback called
Bus state is: 0
Set Net Indication Callback called
Bus state is: 0
Set Net Indication Callback called
Bus state is: 0
Set Net Indication Callback called
Bus state is: 0
Set Net Indication Callback called
Bus state is: 0
Set Net Indication Callback called
Bus state is: 0
Set Net Indication Callback called
Bus state is: 0
Set Net Indication Callback called
Bus state is: 0
Set Net Indication Callback called
Bus state is: 0
Set Net Indication Callback called
Bus state is: 0
Set Net Indication Callback called
Bus state is: 0
Set Net Indication Callback called
Bus state is: 0
Set Net Indication Callback called
Bus state is: 0
Set Net Indication Callback called
Bus state is: 0
Set Net Indication Callback called
Bus state is: 0
Set Net Indication Callback called
Bus state is: 0
Set Net Indication Callback called
Bus state is: 0
Set Net Indication Callback called
Bus state is: 0
Set Net Indication Callback called
Bus state is: 0
Set Net Indication Callback called
Bus state is: 0
Set Net Indication Callback called
Bus state is: 0
Set Net Indication Callback called
Bus state is: 0
Set Net Indication Callback called
Bus state is: 0
Set Net Indication Callback called
Bus state is: 0
Set Net Indication Callback called
Bus state is: 0
Set Net Indication Callback called
Bus state is: 0
Set Net Indication Callback called
Bus state is: 0
Set Net Indication Callback called
Bus state is: 0
Set Net Indication Callback called
Bus state is: 0
Set Net Indication Callback called
Bus state is: 0
Set Net Indication Callback called
Bus state is: 0
Set Net Indication Callback called
Bus state is: 0
Set Net Indication Callback called
Bus state is: 0
Set Net Indication Callback called
Bus state is: 0
Set Net Indication Callback called
Bus state is: 0
Set Net Indication Callback called
Bus state is: 0
Set Net Indication Callback called
Bus state is: 0
Set Net Indication Callback called
Bus state is: 0
Set Net Indication Callback called
Bus state is: 0
Set Net Indication Callback called
Bus state is: 0
Set Net Indication Callback called
Bus state is: 0
Set Net Indication Callback called
Bus state is: 0
Set Net Indication Callback called
Bus state is: 0
Set Net Indication Callback called
Bus state is: 0
Set Net Indication Callback called
Bus state is: 0
Set Net Indication Callback called
Bus state is: 0
Set Net Indication Callback called
Bus state is: 0
Set Net Indication Callback called
Bus state is: 0
Set Net Indication Callback called
Bus state is: 0
Set Net Indication Callback called
Bus state is: 0
Set Net Indication Callback called
Bus state is: 0
Set Net Indication Callback called
Bus state is: 0
Set Net Indication Callback called
Bus state is: 0
Set Net Indication Callback called
Bus state is: 0
Set Net Indication Callback called
Bus state is: 0
Set Net Indication Callback called
Bus state is: 0
Set Net Indication Callback called
Bus state is: 0
Set Net Indication Callback called
Bus state is: 0
Set Net Indication Callback called
Bus state is: 0
Set Net Indication Callback called
Bus state is: 0
Set Net Indication Callback called
Bus state is: 0
Set Net Indication Callback called
Bus state is: 0
Set Net Indication Callback called
Bus state is: 0
Set Net Indication Callback called
Bus state is: 0
Set Net Indication Callback called
Bus state is: 0
Set Net Indication Callback called
Bus state is: 0
Set Net Indication Callback called
Bus state is: 0
Set Net Indication Callback called
Bus state is: 0
Set Net Indication Callback called
Bus state is: 0
Set Net Indication Callback called
Bus state is: 0
Set Net Indication Callback called
Bus state is: 0
Set Net Indication Callback called
Bus state is: 0
Set Net Indication Callback called
Bus state is: 0
Set Net Indication Callback called
Bus state is: 0
Set Net Indication Callback called
Bus state is: 0
Set Net Indication Callback called
Bus state is: 0
Set Net Indication Callback called
Bus state is: 0
Set Net Indication Callback called
Bus state is: 0
Set Net Indication Callback called
Bus state is: 0
Set Net Indication Callback called
Bus state is: 0
Set Net Indication Callback called
Bus state is: 0
Set Net Indication Callback called
Bus state is: 0
Set Net Indication Callback called
Bus state is: 0
Set Net Indication Callback called
Bus state is: 0
Set Net Indication Callback called
Bus state is: 0
Set Net Indication Callback called
Bus state is: 0
Set Net Indication Callback called
Bus state is: 0
Set Net Indication Callback called
Bus state is: 0
Set Net Indication Callback called
Bus state is: 0
Set Net Indication Callback called
Bus state is: 0
Set Net Indication Callback called
Bus state is: 0
Set Net Indication Callback called
Bus state is: 0
Set Net Indication Callback called
Bus state is: 0
Set Net Indication Callback called
Bus state is: 0
Set Net Indication Callback called
Bus state is: 0
Set Net Indication Callback called
Bus state is: 0
Set Net Indication Callback called
Bus state is: 0
Set Net Indication Callback called
Bus state is: 0
Set Net Indication Callback called
Bus state is: 0
Set Net Indication Callback called
Bus state is: 0
Set Net Indication Callback called
Bus state is: 0
Set Net Indication Callback called
Bus state is: 0
Set Net Indication Callback called
Bus state is: 0
Set Net Indication Callback called
Bus state is: 0
Set Net Indication Callback called
Bus state is: 0
Set Net Indication Callback called
Bus state is: 0
Set Net Indication Callback called
Bus state is: 0
Set Net Indication Callback called
Bus state is: 0
Set Net Indication Callback called
Bus state is: 0
Set Net Indication Callback called
Bus state is: 0
Set Net Indication Callback called
Bus state is: 0
Set Net Indication Callback called
Bus state is: 0
Set Net Indication Callback called
Bus state is: 0
Set Net Indication Callback called
Bus state is: 0
Set Net Indication Callback called
Bus state is: 0
Set Net Indication Callback called
Bus state is: 0
Set Net Indication Callback called
Bus state is: 0
Set Net Indication Callback called
Bus state is: 0
Set Net Indication Callback called
Bus state is: 0
Set Net Indication Callback called
Bus state is: 0
Set Net Indication Callback called
Bus state is: 0
Set Net Indication Callback called
Bus state is: 0
Set Net Indication Callback called
Bus state is: 0
Set Net Indication Callback called
Bus state is: 0
Set Net Indication Callback called
Bus state is: 0
Set Net Indication Callback called
Bus state is: 0
Set Net Indication Callback called
Bus state is: 0
Set Net Indication Callback called
Bus state is: 0
Set Net Indication Callback called
Bus state is: 0
Set Net Indication Callback called
Bus state is: 0
Set Net Indication Callback called
Bus state is: 0
Set Net Indication Callback called
Bus state is: 0
Set Net Indication Callback called
Bus state is: 0
Set Net Indication Callback called
Bus state is: 0
Set Net Indication Callback called
Bus state is: 0
Set Net Indication Callback called
Bus state is: 0
Set Net Indication Callback called
Bus state is: 0
Set Net Indication Callback called
Bus state is: 0
Set Net Indication Callback called
Bus state is: 0
Set Net Indication Callback called
Bus state is: 0
Set Net Indication Callback called
Bus state is: 0
Set Net Indication Callback called
Bus state is: 0
Set Net Indication Callback called
Bus state is: 0
Set Net Indication Callback called
Bus state is: 0
Set Net Indication Callback called
Bus state is: 0
Set Net Indication Callback called
Bus state is: 0
Set Net Indication Callback called
Bus state is: 0
Set Net Indication Callback called
Bus state is: 0
Set Net Indication Callback called
Bus state is: 0
Set Net Indication Callback called
Bus state is: 0
Set Net Indication Callback called
Bus state is: 0
Set Net Indication Callback called
Bus state is: 0
Set Net Indication Callback called
Bus state is: 0
Set Net Indication Callback called
Bus state is: 0
Set Net Indication Callback called
Bus state is: 0
Set Net Indication Callback called
Bus state is: 0
Set Net Indication Callback called
Bus state is: 0
Set Net Indication Callback called
Bus state is: 0
Set Net Indication Callback called
Bus state is: 0
Set Net Indication Callback called
Bus state is: 0
Set Net Indication Callback called
Bus state is: 0
Set Net Indication Callback called
Bus state is: 0
Set Net Indication Callback called
Bus state is: 0
Set Net Indication Callback called
Bus state is: 0
Set Net Indication Callback called
Bus state is: 0
Set Net Indication Callback called
Bus state is: 0
Set Net Indication Callback called
Bus state is: 0
Set Net Indication Callback called
Bus state is: 0
Set Net Indication Callback called
Bus state is: 0
Set Net Indication Callback called
Bus state is: 0
Set Net Indication Callback called
Bus state is: 0
Set Net Indication Callback called
Bus state is: 0
Set Net Indication Callback called
Bus state is: 0
Set Net Indication Callback called
Bus state is: 0
Set Net Indication Callback called
Bus state is: 0
Set Net Indication Callback called
Bus state is: 0
Set Net Indication Callback called
Bus state is: 0
Set Net Indication Callback called
Bus state is: 0
Set Net Indication Callback called
Bus state is: 0
Set Net Indication Callback called
Bus state is: 0
Set Net Indication Callback called
Bus state is: 0
Set Net Indication Callback called
Bus state is: 0
Set Net Indication Callback called
Bus state is: 0
Set Net Indication Callback called
Bus state is: 0
Set Net Indication Callback called
Bus state is: 0
Set Net Indication Callback called
Bus state is: 0
Set Net Indication Callback called
Bus state is: 0
Set Net Indication Callback called
Bus state is: 0
Set Net Indication Callback called
Bus state is: 0
Set Net Indication Callback called
Bus state is: 0
Set Net Indication Callback called
Bus state is: 0
Set Net Indication Callback called
Bus state is: 0
Set Net Indication Callback called
Bus state is: 0
Set Net Indication Callback called
Bus state is: 0
Set Net Indication Callback called
Bus state is: 0
Set Net Indication Callback called
Bus state is: 0
Set Net Indication Callback called
Bus state is: 0
Set Net Indication Callback called
Bus state is: 0
Set Net Indication Callback called
Bus state is: 0
Set Net Indication Callback called
Bus state is: 0
Set Net Indication Callback called
Bus state is: 0
Set Net Indication Callback called
Bus state is: 0
Set Net Indication Callback called
Bus state is: 0
Set Net Indication Callback called
Bus state is: 0
Set Net Indication Callback called
Bus state is: 0
Set Net Indication Callback called
Bus state is: 0
Set Net Indication Callback called
Bus state is: 0
Set Net Indication Callback called
Bus state is: 0
Set Net Indication Callback called
Bus state is: 0
Set Net Indication Callback called
Bus state is: 0
Set Net Indication Callback called
Bus state is: 0
Set Net Indication Callback called
Bus state is: 0
Set Net Indication Callback called
Bus state is: 0
Set Net Indication Callback called
Bus state is: 0
Set Net Indication Callback called
Bus state is: 0
Set Net Indication Callback called
Bus state is: 0
Set Net Indication Callback called
Bus state is: 0
Set Net Indication Callback called
Bus state is: 0
Set Net Indication Callback called
Bus state is: 0
Set Net Indication Callback called
Bus state is: 0
Set Net Indication Callback called
Bus state is: 0
Set Net Indication Callback called
Bus state is: 0
Set Net Indication Callback called
Bus state is: 0
Set Net Indication Callback called
Bus state is: 0
Set Net Indication Callback called
Bus state is: 0
Set Net Indication Callback called
Bus state is: 0
Set Net Indication Callback called
Bus state is: 0
Set Net Indication Callback called
Bus state is: 0
Set Net Indication Callback called
Bus state is: 0
Set Net Indication Callback called
Bus state is: 0
Set Net Indication Callback called
Bus state is: 0
Set Net Indication Callback called
Bus state is: 0
Set Net Indication Callback called
Bus state is: 0
Set Net Indication Callback called
Bus state is: 0
Set Net Indication Callback called
Bus state is: 0
Set Net Indication Callback called
Bus state is: 0
Set Net Indication Callback called
Bus state is: 0
Set Net Indication Callback called
Bus state is: 0
Set Net Indication Callback called
Bus state is: 0
Set Net Indication Callback called
Bus state is: 0
Set Net Indication Callback called
Bus state is: 0
Set Net Indication Callback called
Bus state is: 0
Set Net Indication Callback called
Bus state is: 0
Set Net Indication Callback called
Bus state is: 0
Set Net Indication Callback called
Bus state is: 0
Set Net Indication Callback called
Bus state is: 0
Set Net Indication Callback called
Bus state is: 0
Set Net Indication Callback called
Bus state is: 0
Set Net Indication Callback called
Bus state is: 0
Set Net Indication Callback called
Bus state is: 0
Set Net Indication Callback called
Bus state is: 0
Set Net Indication Callback called
Bus state is: 0
Set Net Indication Callback called
Bus state is: 0
Set Net Indication Callback called
Bus state is: 0
Set Net Indication Callback called
Bus state is: 0
Set Net Indication Callback called
Bus state is: 0
Set Net Indication Callback called
Bus state is: 0
Set Net Indication Callback called
Bus state is: 0
Set Net Indication Callback called
Bus state is: 0
Set Net Indication Callback called
Bus state is: 0
Set Net Indication Callback called
Bus state is: 0
Set Net Indication Callback called
Bus state is: 0
Set Net Indication Callback called
Bus state is: 0
Set Net Indication Callback called
Bus state is: 0
Set Net Indication Callback called
Bus state is: 0
Set Net Indication Callback called
Bus state is: 0
Set Net Indication Callback called
Bus state is: 0
Set Net Indication Callback called
Bus state is: 0
Set Net Indication Callback called
Bus state is: 0
Set Net Indication Callback called
Bus state is: 0
Set Net Indication Callback called
Bus state is: 0
Set Net Indication Callback called
Bus state is: 0
Set Net Indication Callback called
Bus state is: 0
Set Net Indication Callback called
Bus state is: 0
Set Net Indication Callback called
Bus state is: 0
Set Net Indication Callback called
Bus state is: 0
Set Net Indication Callback called
Bus state is: 0
Set Net Indication Callback called
Bus state is: 0
Set Net Indication Callback called
Bus state is: 0
Set Net Indication Callback called
Bus state is: 0
Set Net Indication Callback called
Bus state is: 0
Set Net Indication Callback called
Bus state is: 0
Set Net Indication Callback called
Bus state is: 0
Set Net Indication Callback called
Bus state is: 0
Set Net Indication Callback called
Bus state is: 0
Set Net Indication Callback called
Bus state is: 0
Set Net Indication Callback called
Bus state is: 0
Set Net Indication Callback called
Bus state is: 0
Set Net Indication Callback called
Bus state is: 0
Set Net Indication Callback called
Bus state is: 0
Set Net Indication Callback called
Bus state is: 0
Set Net Indication Callback called
Bus state is: 0
Set Net Indication Callback called
Bus state is: 0
Set Net Indication Callback called
Bus state is: 0
Set Net Indication Callback called
Bus state is: 0
Set Net Indication Callback called
Bus state is: 0
Set Net Indication Callback called
Bus state is: 0
Set Net Indication Callback called
Bus state is: 0
Set Net Indication Callback called
Bus state is: 0
Set Net Indication Callback called
Bus state is: 0
Set Net Indication Callback called
Bus state is: 0
Set Net Indication Callback called
Bus state is: 0
Set Net Indication Callback called
Bus state is: 0
Set Net Indication Callback called
Bus state is: 0
Set Net Indication Callback called
Bus state is: 0
Set Net Indication Callback called
Bus state is: 0
Set Net Indication Callback called
Bus state is: 0
Set Net Indication Callback called
Bus state is: 0
Set Net Indication Callback called
Bus state is: 0
Set Net Indication Callback called
Bus state is: 0
Set Net Indication Callback called
Bus state is: 0
Set Net Indication Callback called
Bus state is: 0
Set Net Indication Callback called
Bus state is: 0
Set Net Indication Callback called
Bus state is: 0
Set Net Indication Callback called
Bus state is: 0
Set Net Indication Callback called
Bus state is: 0
Set Net Indication Callback called
Bus state is: 0
Set Net Indication Callback called
Bus state is: 0
Set Net Indication Callback called
Bus state is: 0
Set Net Indication Callback called
Bus state is: 0
Set Net Indication Callback called
Bus state is: 0
Set Net Indication Callback called
Bus state is: 0
Set Net Indication Callback called
Bus state is: 0
Set Net Indication Callback called
Bus state is: 0
Set Net Indication Callback called
Bus state is: 0
Set Net Indication Callback called
Bus state is: 0
Set Net Indication Callback called
Bus state is: 0
Set Net Indication Callback called
Bus state is: 0
Set Net Indication Callback called
Bus state is: 0
Set Net Indication Callback called
Bus state is: 0
Set Net Indication Callback called
Bus state is: 0
Set Net Indication Callback called
Bus state is: 0
Set Net Indication Callback called
Bus state is: 0
Set Net Indication Callback called
Bus state is: 0
Set Net Indication Callback called
Bus state is: 0
Set Net Indication Callback called
Bus state is: 0
Set Net Indication Callback called
Bus state is: 0
Set Net Indication Callback called
Bus state is: 0
Set Net Indication Callback called
Bus state is: 0
Set Net Indication Callback called
Bus state is: 0
Set Net Indication Callback called
Bus state is: 0
Set Net Indication Callback called
Bus state is: 0
Set Net Indication Callback called
Bus state is: 0
Set Net Indication Callback called
Bus state is: 0
Set Net Indication Callback called
Bus state is: 0
Set Net Indication Callback called
Bus state is: 0
Set Net Indication Callback called
Bus state is: 0
Set Net Indication Callback called
Bus state is: 0
Set Net Indication Callback called
Bus state is: 0
Set Net Indication Callback called
Bus state is: 0
Set Net Indication Callback called
Bus state is: 0
Set Net Indication Callback called
Bus state is: 0
Set Net Indication Callback called
Bus state is: 0
Set Net Indication Callback called
Bus state is: 0
Set Net Indication Callback called
Bus state is: 0
Set Net Indication Callback called
Bus state is: 0
Set Net Indication Callback called
Bus state is: 0
Set Net Indication Callback called
Bus state is: 0
Set Net Indication Callback called
Bus state is: 0
Set Net Indication Callback called
Bus state is: 0
Set Net Indication Callback called
Bus state is: 0
Set Net Indication Callback called
Bus state is: 0
Set Net Indication Callback called
Bus state is: 0
Set Net Indication Callback called
Bus state is: 0
Set Net Indication Callback called
Bus state is: 0
Set Net Indication Callback called
Bus state is: 0
Set Net Indication Callback called
Bus state is: 0
Set Net Indication Callback called
Bus state is: 0
Set Net Indication Callback called
Bus state is: 0
Set Net Indication Callback called
Bus state is: 0
Set Net Indication Callback called
Bus state is: 0
Set Net Indication Callback called
Bus state is: 0
Set Net Indication Callback called
Bus state is: 0
Set Net Indication Callback called
Bus state is: 0
Set Net Indication Callback called
Bus state is: 0
Set Net Indication Callback called
Bus state is: 0
Set Net Indication Callback called
Bus state is: 0
Set Net Indication Callback called
Bus state is: 0
Set Net Indication Callback called
Bus state is: 0
Set Net Indication Callback called
Bus state is: 0
Set Net Indication Callback called
Bus state is: 0
Set Net Indication Callback called
Bus state is: 0
Set Net Indication Callback called
Bus state is: 0
Set Net Indication Callback called
Bus state is: 0
Set Net Indication Callback called
Bus state is: 0
Set Net Indication Callback called
Bus state is: 0
Set Net Indication Callback called
Bus state is: 0
Set Net Indication Callback called
Bus state is: 0
Set Net Indication Callback called
Bus state is: 0
Set Net Indication Callback called
Bus state is: 0
Set Net Indication Callback called
Bus state is: 0
Set Net Indication Callback called
Bus state is: 0
Set Net Indication Callback called
Bus state is: 0
Set Net Indication Callback called
Bus state is: 0
Set Net Indication Callback called
Bus state is: 0
Set Net Indication Callback called
Bus state is: 0
Set Net Indication Callback called
Bus state is: 0
Set Net Indication Callback called
Bus state is: 0
Set Net Indication Callback called
Bus state is: 0
Set Net Indication Callback called
Bus state is: 0
Set Net Indication Callback called
Bus state is: 0
Set Net Indication Callback called
Bus state is: 0
Set Net Indication Callback called
Bus state is: 0
Set Net Indication Callback called
Bus state is: 0
Set Net Indication Callback called
Bus state is: 0
Set Net Indication Callback called
Bus state is: 0
Set Net Indication Callback called
Bus state is: 0
Set Net Indication Callback called
Bus state is: 0
Set Net Indication Callback called
Bus state is: 0
Set Net Indication Callback called
Bus state is: 0
Set Net Indication Callback called
Bus state is: 0
Set Net Indication Callback called
Bus state is: 0
Set Net Indication Callback called
Bus state is: 0
Set Net Indication Callback called
Bus state is: 0
Set Net Indication Callback called
Bus state is: 0
Set Net Indication Callback called
Bus state is: 0
Set Net Indication Callback called
Bus state is: 0
Set Net Indication Callback called
Bus state is: 0
Set Net Indication Callback called
Bus state is: 0
Set Net Indication Callback called
Bus state is: 0
Set Net Indication Callback called
Bus state is: 0
Set Net Indication Callback called
Bus state is: 0
Set Net Indication Callback called
Bus state is: 0
Set Net Indication Callback called
Bus state is: 0
Set Net Indication Callback called
Bus state is: 0
Set Net Indication Callback called
Bus state is: 0
Set Net Indication Callback called
Bus state is: 0
Set Net Indication Callback called
Bus state is: 0
Set Net Indication Callback called
Bus state is: 0
Set Net Indication Callback called
Bus state is: 0
Set Net Indication Callback called
Bus state is: 0
Set Net Indication Callback called
Bus state is: 0
Set Net Indication Callback called
Bus state is: 0
Set Net Indication Callback called
Bus state is: 0
Set Net Indication Callback called
Bus state is: 0
Set Net Indication Callback called
Bus state is: 0
Set Net Indication Callback called
Bus state is: 0
Set Net Indication Callback called
Bus state is: 0
Set Net Indication Callback called
Bus state is: 0
Set Net Indication Callback called
Bus state is: 0
Set Net Indication Callback called
Bus state is: 0
Set Net Indication Callback called
Bus state is: 0
Set Net Indication Callback called
Bus state is: 0
Set Net Indication Callback called
Bus state is: 0
Set Net Indication Callback called
Bus state is: 0
Set Net Indication Callback called
Bus state is: 0
Set Net Indication Callback called
Bus state is: 0
Set Net Indication Callback called
Bus state is: 0
Set Net Indication Callback called
Bus state is: 0
Set Net Indication Callback called
Bus state is: 0
Set Net Indication Callback called
Bus state is: 0
Set Net Indication Callback called
Bus state is: 0
Set Net Indication Callback called
Bus state is: 0
Set Net Indication Callback called
Bus state is: 0
Set Net Indication Callback called
Bus state is: 0
Set Net Indication Callback called
Bus state is: 0
Set Net Indication Callback called
Bus state is: 0
Set Net Indication Callback called
Bus state is: 0
Set Net Indication Callback called
Bus state is: 0
Set Net Indication Callback called
Bus state is: 0
Set Net Indication Callback called
Bus state is: 0
Set Net Indication Callback called
Bus state is: 0
Set Net Indication Callback called
Bus state is: 0
Set Net Indication Callback called
Bus state is: 0
Set Net Indication Callback called
Bus state is: 0
Set Net Indication Callback called
Bus state is: 0
Set Net Indication Callback called
Bus state is: 0
Set Net Indication Callback called
Bus state is: 0
Set Net Indication Callback called
Bus state is: 0
Set Net Indication Callback called
Bus state is: 0
Set Net Indication Callback called
Bus state is: 0
Set Net Indication Callback called
Bus state is: 0
Set Net Indication Callback called
Bus state is: 0
Set Net Indication Callback called
Bus state is: 0
Set Net Indication Callback called
Bus state is: 0
Set Net Indication Callback called
Bus state is: 0
Set Net Indication Callback called
Bus state is: 0
Set Net Indication Callback called
Bus state is: 0
Set Net Indication Callback called
Bus state is: 0
Set Net Indication Callback called
Bus state is: 0
Set Net Indication Callback called
Bus state is: 0
Set Net Indication Callback called
Bus state is: 0
Set Net Indication Callback called
Bus state is: 0
Set Net Indication Callback called
Bus state is: 0
Set Net Indication Callback called
Bus state is: 0
Set Net Indication Callback called
Bus state is: 0
Set Net Indication Callback called
Bus state is: 0
Set Net Indication Callback called
Bus state is: 0
Set Net Indication Callback called
Bus state is: 0
Set Net Indication Callback called
Bus state is: 0
Set Net Indication Callback called
Bus state is: 0
Set Net Indication Callback called
Bus state is: 0
Set Net Indication Callback called
Bus state is: 0
Set Net Indication Callback called
Bus state is: 0
Set Net Indication Callback called
Bus state is: 0
Set Net Indication Callback called
Bus state is: 0
Set Net Indication Callback called
Bus state is: 0
Set Net Indication Callback called
Bus state is: 0
Set Net Indication Callback called
Bus state is: 0
Set Net Indication Callback called
Bus state is: 0
Set Net Indication Callback called
Bus state is: 0
Set Net Indication Callback called
Bus state is: 0
Set Net Indication Callback called
Bus state is: 0
Set Net Indication Callback called
Bus state is: 0
Set Net Indication Callback called
Bus state is: 0
Set Net Indication Callback called
Bus state is: 0
Set Net Indication Callback called
Bus state is: 0
Set Net Indication Callback called
Bus state is: 0
Set Net Indication Callback called
Bus state is: 0
Set Net Indication Callback called
Bus state is: 0
Set Net Indication Callback called
Bus state is: 0
Set Net Indication Callback called
Bus state is: 0
Set Net Indication Callback called
Bus state is: 0
Set Net Indication Callback called
Bus state is: 0
Set Net Indication Callback called
Bus state is: 0
Set Net Indication Callback called
Bus state is: 0
Set Net Indication Callback called
Bus state is: 0
Set Net Indication Callback called
Bus state is: 0
Set Net Indication Callback called
Bus state is: 0
Set Net Indication Callback called
Bus state is: 0
Set Net Indication Callback called
Bus state is: 0
Set Net Indication Callback called
Bus state is: 0
Set Net Indication Callback called
Bus state is: 0
Set Net Indication Callback called
Bus state is: 0
Set Net Indication Callback called
Bus state is: 0
Set Net Indication Callback called
Bus state is: 0
Set Net Indication Callback called
Bus state is: 0
Set Net Indication Callback called
Bus state is: 0
Set Net Indication Callback called
Bus state is: 0
Set Net Indication Callback called
Bus state is: 0
Set Net Indication Callback called
Bus state is: 0
Set Net Indication Callback called
Bus state is: 0
Set Net Indication Callback called
Bus state is: 0
Set Net Indication Callback called
Bus state is: 0
Set Net Indication Callback called
Bus state is: 0
Set Net Indication Callback called
Bus state is: 0
Set Net Indication Callback called
Bus state is: 0
Set Net Indication Callback called
Bus state is: 0
Set Net Indication Callback called
Bus state is: 0
Set Net Indication Callback called
Bus state is: 0
Set Net Indication Callback called
Bus state is: 0
Set Net Indication Callback called
Bus state is: 0
Set Net Indication Callback called
Bus state is: 0
Set Net Indication Callback called
Bus state is: 0
Set Net Indication Callback called
Bus state is: 0
Set Net Indication Callback called
Bus state is: 0
Set Net Indication Callback called
Bus state is: 0
Set Net Indication Callback called
Bus state is: 0
Set Net Indication Callback called
Bus state is: 0
Set Net Indication Callback called
Bus state is: 0
Set Net Indication Callback called
Bus state is: 0
Set Net Indication Callback called
Bus state is: 0
Set Net Indication Callback called
Bus state is: 0
Set Net Indication Callback called
Bus state is: 0
Set Net Indication Callback called
Bus state is: 0
Set Net Indication Callback called
Bus state is: 0
Set Net Indication Callback called
Bus state is: 0
Set Net Indication Callback called
Bus state is: 0
Set Net Indication Callback called
Bus state is: 0
Set Net Indication Callback called
Bus state is: 0
Set Net Indication Callback called
Bus state is: 0
Set Net Indication Callback called
Bus state is: 0
Set Net Indication Callback called
Bus state is: 0
Set Net Indication Callback called
Bus state is: 0
Set Net Indication Callback called
Bus state is: 0
Set Net Indication Callback called
Bus state is: 0
Set Net Indication Callback called
Bus state is: 0
Set Net Indication Callback called
Bus state is: 0
Set Net Indication Callback called
Bus state is: 0
Set Net Indication Callback called
Bus state is: 0
Set Net Indication Callback called
Bus state is: 0
Set Net Indication Callback called
Bus state is: 0
Set Net Indication Callback called
Bus state is: 0
Set Net Indication Callback called
Bus state is: 0
Set Net Indication Callback called
Bus state is: 0
Set Net Indication Callback called
Bus state is: 0
Set Net Indication Callback called
Bus state is: 0
Set Net Indication Callback called
Bus state is: 0
Set Net Indication Callback called
Bus state is: 0
Set Net Indication Callback called
Bus state is: 0
Set Net Indication Callback called
Bus state is: 0
Set Net Indication Callback called
Bus state is: 0
Set Net Indication Callback called
Bus state is: 0
Set Net Indication Callback called
Bus state is: 0
Set Net Indication Callback called
Bus state is: 0
Set Net Indication Callback called
Bus state is: 0
Set Net Indication Callback called
Bus state is: 0
Set Net Indication Callback called
Bus state is: 0
Set Net Indication Callback called
Bus state is: 0
Set Net Indication Callback called
Bus state is: 0
Set Net Indication Callback called
Bus state is: 0
Set Net Indication Callback called
Bus state is: 0
Set Net Indication Callback called
Bus state is: 0
Set Net Indication Callback called
Bus state is: 0
Set Net Indication Callback called
Bus state is: 0
Set Net Indication Callback called
Bus state is: 0
Set Net Indication Callback called
Bus state is: 0
Set Net Indication Callback called
Bus state is: 0
Set Net Indication Callback called
Bus state is: 0
Set Net Indication Callback called
Bus state is: 0
Set Net Indication Callback called
Bus state is: 0
Set Net Indication Callback called
Bus state is: 0
Set Net Indication Callback called
Bus state is: 0
Set Net Indication Callback called
Bus state is: 0
Set Net Indication Callback called
Bus state is: 0
Set Net Indication Callback called
Bus state is: 0
Set Net Indication Callback called
Bus state is: 0
Set Net Indication Callback called
Bus state is: 0
Set Net Indication Callback called
Bus state is: 0
Set Net Indication Callback called
Bus state is: 0
Set Net Indication Callback called
Bus state is: 0
Set Net Indication Callback called
Bus state is: 0
Set Net Indication Callback called
Bus state is: 0
Set Net Indication Callback called
Bus state is: 0
Set Net Indication Callback called
Bus state is: 0
Set Net Indication Callback called
Bus state is: 0
Set Net Indication Callback called
Bus state is: 0
Set Net Indication Callback called
Bus state is: 0
Set Net Indication Callback called
Bus state is: 0
Set Net Indication Callback called
Bus state is: 0
Set Net Indication Callback called
Bus state is: 0
Set Net Indication Callback called
Bus state is: 0
Set Net Indication Callback called
Bus state is: 0
Set Net Indication Callback called
Bus state is: 0
Set Net Indication Callback called
Bus state is: 0
Set Net Indication Callback called
Bus state is: 0
Set Net Indication Callback called
Bus state is: 0
Set Net Indication Callback called
Bus state is: 0
Set Net Indication Callback called
Bus state is: 0
Set Net Indication Callback called
Bus state is: 0
Set Net Indication Callback called
Bus state is: 0
Set Net Indication Callback called
Bus state is: 0
Set Net Indication Callback called
Bus state is: 0
Set Net Indication Callback called
Bus state is: 0
Set Net Indication Callback called
Bus state is: 0
Set Net Indication Callback called
Bus state is: 0
Set Net Indication Callback called
Bus state is: 0
Set Net Indication Callback called
Bus state is: 0
Set Net Indication Callback called
Bus state is: 0
Set Net Indication Callback called
Bus state is: 0
Set Net Indication Callback called
Bus state is: 0
Set Net Indication Callback called
Bus state is: 0
Set Net Indication Callback called
Bus state is: 0
Set Net Indication Callback called
Bus state is: 0
Set Net Indication Callback called
Bus state is: 0
Set Net Indication Callback called
Bus state is: 0
Set Net Indication Callback called
Bus state is: 0
Set Net Indication Callback called
Bus state is: 0
Set Net Indication Callback called
Bus state is: 0
Set Net Indication Callback called
Bus state is: 0
Set Net Indication Callback called
Bus state is: 0
Set Net Indication Callback called
Bus state is: 0
Set Net Indication Callback called
Bus state is: 0
Set Net Indication Callback called
Bus state is: 0
Set Net Indication Callback called
Bus state is: 0
Set Net Indication Callback called
Bus state is: 0
Set Net Indication Callback called
Bus state is: 0
Set Net Indication Callback called
Bus state is: 0
Set Net Indication Callback called
Bus state is: 0
Set Net Indication Callback called
Bus state is: 0
Set Net Indication Callback called
Bus state is: 0
Set Net Indication Callback called
Bus state is: 0
Set Net Indication Callback called
Bus state is: 0
Set Net Indication Callback called
Bus state is: 0
Set Net Indication Callback called
Bus state is: 0
Set Net Indication Callback called
Bus state is: 0
Set Net Indication Callback called
Bus state is: 0
Set Net Indication Callback called
Bus state is: 0
Set Net Indication Callback called
Bus state is: 0
Set Net Indication Callback called
Bus state is: 0
Set Net Indication Callback called
Bus state is: 0
Set Net Indication Callback called
Bus state is: 0
Set Net Indication Callback called
Bus state is: 0
Set Net Indication Callback called
Bus state is: 0
Set Net Indication Callback called
Bus state is: 0
Set Net Indication Callback called
Bus state is: 0
Set Net Indication Callback called
Bus state is: 0
Set Net Indication Callback called
Bus state is: 0
Set Net Indication Callback called
Bus state is: 0
Set Net Indication Callback called
Bus state is: 0
Set Net Indication Callback called
Bus state is: 0
Set Net Indication Callback called
Bus state is: 0
Set Net Indication Callback called
Bus state is: 0
Set Net Indication Callback called
Bus state is: 0
Set Net Indication Callback called
Bus state is: 0
Set Net Indication Callback called
Bus state is: 0
Set Net Indication Callback called
Bus state is: 0
Set Net Indication Callback called
Bus state is: 0
Set Net Indication Callback called
Bus state is: 0
Set Net Indication Callback called
Bus state is: 0
Set Net Indication Callback called
Bus state is: 0
Set Net Indication Callback called
Bus state is: 0
Set Net Indication Callback called
Bus state is: 0
Set Net Indication Callback called
Bus state is: 0
Set Net Indication Callback called
Bus state is: 0
Set Net Indication Callback called
Bus state is: 0
Set Net Indication Callback called
Bus state is: 0
Set Net Indication Callback called
Bus state is: 0
Set Net Indication Callback called
Bus state is: 0
Set Net Indication Callback called
Bus state is: 0
Set Net Indication Callback called
Bus state is: 0
Set Net Indication Callback called
Bus state is: 0
Set Net Indication Callback called
Bus state is: 0
Set Net Indication Callback called
Bus state is: 0
Set Net Indication Callback called
Bus state is: 0
Set Net Indication Callback called
Bus state is: 0
Set Net Indication Callback called
Bus state is: 0
Set Net Indication Callback called
Bus state is: 0
Set Net Indication Callback called
Bus state is: 0
Set Net Indication Callback called
Bus state is: 0
Set Net Indication Callback called
Bus state is: 0
Set Net Indication Callback called
Bus state is: 0
Set Net Indication Callback called
Bus state is: 0
Set Net Indication Callback called
Bus state is: 0
Set Net Indication Callback called
Bus state is: 0
Set Net Indication Callback called
Bus state is: 0
Set Net Indication Callback called
Bus state is: 0
Set Net Indication Callback called
Bus state is: 0
Set Net Indication Callback called
Bus state is: 0
Set Net Indication Callback called
Bus state is: 0
Set Net Indication Callback called
Bus state is: 0
Set Net Indication Callback called
Bus state is: 0
Set Net Indication Callback called
Bus state is: 0
Set Net Indication Callback called
Bus state is: 0
Set Net Indication Callback called
Bus state is: 0
Set Net Indication Callback called
Bus state is: 0
Set Net Indication Callback called
Bus state is: 0
Set Net Indication Callback called
Bus state is: 0
Set Net Indication Callback called
Bus state is: 0
Set Net Indication Callback called
Bus state is: 0
Set Net Indication Callback called
Bus state is: 0
Set Net Indication Callback called
Bus state is: 0
Set Net Indication Callback called
Bus state is: 0
Set Net Indication Callback called
Bus state is: 0
Set Net Indication Callback called
Bus state is: 0
Set Net Indication Callback called
Bus state is: 0
Set Net Indication Callback called
Bus state is: 0
Set Net Indication Callback called
Bus state is: 0
Set Net Indication Callback called
Bus state is: 0
Set Net Indication Callback called
Bus state is: 0
Set Net Indication Callback called
Bus state is: 0
Set Net Indication Callback called
Bus state is: 0
Set Net Indication Callback called
Bus state is: 0
Set Net Indication Callback called
Bus state is: 0
Set Net Indication Callback called
Bus state is: 0
Set Net Indication Callback called
Bus state is: 0
Set Net Indication Callback called
Bus state is: 0
Set Net Indication Callback called
Bus state is: 0
Set Net Indication Callback called
Bus state is: 0
Set Net Indication Callback called
Bus state is: 0
Set Net Indication Callback called
Bus state is: 0
Set Net Indication Callback called
Bus state is: 0
Set Net Indication Callback called
Bus state is: 0
Set Net Indication Callback called
Bus state is: 0
Set Net Indication Callback called
Bus state is: 0
Set Net Indication Callback called
Bus state is: 0
Set Net Indication Callback called
Bus state is: 0
Set Net Indication Callback called
Bus state is: 0
Set Net Indication Callback called
Bus state is: 0
Set Net Indication Callback called
Bus state is: 0
Set Net Indication Callback called
Bus state is: 0
Set Net Indication Callback called
Bus state is: 0
Set Net Indication Callback called
Bus state is: 0
Set Net Indication Callback called
Bus state is: 0
Set Net Indication Callback called
Bus state is: 0
Set Net Indication Callback called
Bus state is: 0
Set Net Indication Callback called
Bus state is: 0
Set Net Indication Callback called
Bus state is: 0
Set Net Indication Callback called
Bus state is: 0
Set Net Indication Callback called
Bus state is: 0
Set Net Indication Callback called
Bus state is: 0
Set Net Indication Callback called
Bus state is: 0
Set Net Indication Callback called
Bus state is: 0
Set Net Indication Callback called
Bus state is: 0
Set Net Indication Callback called
Bus state is: 0
Set Net Indication Callback called
Bus state is: 0
Set Net Indication Callback called
Bus state is: 0
Set Net Indication Callback called
Bus state is: 0
Set Net Indication Callback called
Bus state is: 0
Set Net Indication Callback called
Bus state is: 0
Set Net Indication Callback called
Bus state is: 0
Set Net Indication Callback called
Bus state is: 0
Set Net Indication Callback called
Bus state is: 0
Set Net Indication Callback called
Bus state is: 0
Set Net Indication Callback called
Bus state is: 0
Set Net Indication Callback called
Bus state is: 0
Set Net Indication Callback called
Bus state is: 0
Set Net Indication Callback called
Bus state is: 0
Set Net Indication Callback called
Bus state is: 0
Set Net Indication Callback called
Bus state is: 0
Set Net Indication Callback called
Bus state is: 0
Set Net Indication Callback called
Bus state is: 0
Set Net Indication Callback called
Bus state is: 0
Set Net Indication Callback called
Bus state is: 0
Set Net Indication Callback called
Bus state is: 0
Set Net Indication Callback called
Bus state is: 0
Set Net Indication Callback called
Bus state is: 0
Set Net Indication Callback called
Bus state is: 0
Set Net Indication Callback called
Bus state is: 0
Set Net Indication Callback called
Bus state is: 0
Set Net Indication Callback called
Bus state is: 0
Set Net Indication Callback called
Bus state is: 0
Set Net Indication Callback called
Bus state is: 0
Set Net Indication Callback called
Bus state is: 0
Set Net Indication Callback called
Bus state is: 0
Set Net Indication Callback called
Bus state is: 0
Set Net Indication Callback called
Bus state is: 0
Set Net Indication Callback called
Bus state is: 0
Set Net Indication Callback called
Bus state is: 0
Set Net Indication Callback called
Bus state is: 0
Set Net Indication Callback called
Bus state is: 0
Set Net Indication Callback called
Bus state is: 0
Set Net Indication Callback called
Bus state is: 0
Set Net Indication Callback called
Bus state is: 0
Set Net Indication Callback called
Bus state is: 0
Set Net Indication Callback called
Bus state is: 0
Set Net Indication Callback called
Bus state is: 0
Set Net Indication Callback called
Bus state is: 0
Set Net Indication Callback called
Bus state is: 0
Set Net Indication Callback called
Bus state is: 0
Set Net Indication Callback called
Bus state is: 0
Set Net Indication Callback called
Bus state is: 0
Set Net Indication Callback called
Bus state is: 0
Set Net Indication Callback called
Bus state is: 0
Set Net Indication Callback called
Bus state is: 0
Set Net Indication Callback called
Bus state is: 0
Set Net Indication Callback called
Bus state is: 0
Set Net Indication Callback called
Bus state is: 0
Set Net Indication Callback called
Bus state is: 0
Set Net Indication Callback called
Bus state is: 0
Set Net Indication Callback called
Bus state is: 0
Set Net Indication Callback called
Bus state is: 0
Set Net Indication Callback called
Bus state is: 0
Set Net Indication Callback called
Bus state is: 0
Set Net Indication Callback called
Bus state is: 0
Set Net Indication Callback called
Bus state is: 0
Set Net Indication Callback called
Bus state is: 0
Set Net Indication Callback called
Bus state is: 0
Set Net Indication Callback called
Bus state is: 0
Set Net Indication Callback called
Bus state is: 0
Set Net Indication Callback called
Bus state is: 0
Set Net Indication Callback called
Bus state is: 0
Set Net Indication Callback called
Bus state is: 0
Set Net Indication Callback called
Bus state is: 0
Set Net Indication Callback called
Bus state is: 0
Set Net Indication Callback called
Bus state is: 0
Set Net Indication Callback called
Bus state is: 0
Set Net Indication Callback called
Bus state is: 0
Set Net Indication Callback called
Bus state is: 0
Set Net Indication Callback called
Bus state is: 0
Set Net Indication Callback called
Bus state is: 0
Set Net Indication Callback called
Bus state is: 0
Set Net Indication Callback called
Bus state is: 0
Set Net Indication Callback called
Bus state is: 0
Set Net Indication Callback called
Bus state is: 0
Set Net Indication Callback called
Bus state is: 0
Set Net Indication Callback called
Bus state is: 0
Set Net Indication Callback called
Bus state is: 0
Set Net Indication Callback called
Bus state is: 0
Set Net Indication Callback called
Bus state is: 0
Set Net Indication Callback called
Bus state is: 0
Set Net Indication Callback called
Bus state is: 0
Set Net Indication Callback called
Bus state is: 0
Set Net Indication Callback called
Bus state is: 0
Set Net Indication Callback called
Bus state is: 0
Set Net Indication Callback called
Bus state is: 0
Set Net Indication Callback called
Bus state is: 0
Set Net Indication Callback called
Bus state is: 0
Set Net Indication Callback called
Bus state is: 0
Set Net Indication Callback called
Bus state is: 0
Set Net Indication Callback called
Bus state is: 0
Set Net Indication Callback called
Bus state is: 0
Set Net Indication Callback called
Bus state is: 0
Set Net Indication Callback called
Bus state is: 0
Set Net Indication Callback called
Bus state is: 0
Set Net Indication Callback called
Bus state is: 0
Set Net Indication Callback called
Bus state is: 0
Set Net Indication Callback called
Bus state is: 0
Set Net Indication Callback called
Bus state is: 0
Set Net Indication Callback called
Bus state is: 0
Set Net Indication Callback called
Bus state is: 0
Set Net Indication Callback called
Bus state is: 0
Set Net Indication Callback called
Bus state is: 0
Set Net Indication Callback called
Bus state is: 0
Set Net Indication Callback called
Bus state is: 0
Set Net Indication Callback called
Bus state is: 0
Set Net Indication Callback called
Bus state is: 0
Set Net Indication Callback called
Bus state is: 0
Set Net Indication Callback called
Bus state is: 0
Set Net Indication Callback called
Bus state is: 0
Set Net Indication Callback called
Bus state is: 0
Set Net Indication Callback called
Bus state is: 0
Set Net Indication Callback called
Bus state is: 0
Set Net Indication Callback called
Bus state is: 0
Set Net Indication Callback called
Bus state is: 0
Set Net Indication Callback called
Bus state is: 0
Set Net Indication Callback called
Bus state is: 0
Set Net Indication Callback called
Bus state is: 0
Set Net Indication Callback called
Bus state is: 0
Set Net Indication Callback called
Bus state is: 0
Set Net Indication Callback called
Bus state is: 0
Set Net Indication Callback called
Bus state is: 0
Set Net Indication Callback called
Bus state is: 0
Set Net Indication Callback called
Bus state is: 0
Set Net Indication Callback called
Bus state is: 0
Set Net Indication Callback called
Bus state is: 0
Set Net Indication Callback called
Bus state is: 0
Set Net Indication Callback called
Bus state is: 0
Set Net Indication Callback called
Bus state is: 0
Set Net Indication Callback called
Bus state is: 0
Set Net Indication Callback called
Bus state is: 0
Set Net Indication Callback called
Bus state is: 0
Set Net Indication Callback called
Bus state is: 0
Set Net Indication Callback called
Bus state is: 0
Set Net Indication Callback called
Bus state is: 0
Set Net Indication Callback called
Bus state is: 0
Set Net Indication Callback called
Bus state is: 0
Set Net Indication Callback called
Bus state is: 0
Set Net Indication Callback called
Bus state is: 0
Set Net Indication Callback called
Bus state is: 0
Set Net Indication Callback called
Bus state is: 0
Set Net Indication Callback called
Bus state is: 0
Set Net Indication Callback called
Bus state is: 0
Set Net Indication Callback called
Bus state is: 0
Set Net Indication Callback called
Bus state is: 0
Set Net Indication Callback called
Bus state is: 0
Set Net Indication Callback called
Bus state is: 0
Set Net Indication Callback called
Bus state is: 0
Set Net Indication Callback called
Bus state is: 0
Set Net Indication Callback called
Bus state is: 0
Set Net Indication Callback called
Bus state is: 0
Set Net Indication Callback called
Bus state is: 0
Set Net Indication Callback called
Bus state is: 0
Set Net Indication Callback called
Bus state is: 0
Set Net Indication Callback called
Bus state is: 0
Set Net Indication Callback called
Bus state is: 0
Set Net Indication Callback called
Bus state is: 0
Set Net Indication Callback called
Bus state is: 0
Set Net Indication Callback called
Bus state is: 0
Set Net Indication Callback called
Bus state is: 0
Set Net Indication Callback called
Bus state is: 0
Set Net Indication Callback called
Bus state is: 0
Set Net Indication Callback called
Bus state is: 0
Set Net Indication Callback called
Bus state is: 0
Set Net Indication Callback called
Bus state is: 0
Set Net Indication Callback called
Bus state is: 0
Set Net Indication Callback called
Bus state is: 0
Set Net Indication Callback called
Bus state is: 0
Set Net Indication Callback called
Bus state is: 0
Set Net Indication Callback called
Bus state is: 0
Set Net Indication Callback called
Bus state is: 0
Set Net Indication Callback called
Bus state is: 0
Set Net Indication Callback called
Bus state is: 0
Set Net Indication Callback called
Bus state is: 0
Set Net Indication Callback called
Bus state is: 0
Set Net Indication Callback called
Bus state is: 0
Set Net Indication Callback called
Bus state is: 0
Set Net Indication Callback called
Bus state is: 0
Set Net Indication Callback called
Bus state is: 0
Set Net Indication Callback called
Bus state is: 0
Set Net Indication Callback called
Bus state is: 0
Set Net Indication Callback called
Bus state is: 0
Set Net Indication Callback called
Bus state is: 0
Set Net Indication Callback called
Bus state is: 0
Set Net Indication Callback called
Bus state is: 0
Set Net Indication Callback called
Bus state is: 0
Set Net Indication Callback called
Bus state is: 0
Set Net Indication Callback called
Bus state is: 0
Set Net Indication Callback called
Bus state is: 0
Set Net Indication Callback called
Bus state is: 0
Set Net Indication Callback called
Bus state is: 0
Set Net Indication Callback called
Bus state is: 0
Set Net Indication Callback called
Bus state is: 0
Set Net Indication Callback called
Bus state is: 0
Set Net Indication Callback called
Bus state is: 0
Set Net Indication Callback called
Bus state is: 0
Set Net Indication Callback called
Bus state is: 0
Set Net Indication Callback called
Bus state is: 0
Set Net Indication Callback called
Bus state is: 0
Set Net Indication Callback called
Bus state is: 0
Set Net Indication Callback called
Bus state is: 0
Set Net Indication Callback called
Bus state is: 0
Set Net Indication Callback called
Bus state is: 0
Set Net Indication Callback called
Bus state is: 0
Set Net Indication Callback called
Bus state is: 0
Set Net Indication Callback called
Bus state is: 0
Set Net Indication Callback called
Bus state is: 0
Set Net Indication Callback called
Bus state is: 0
Set Net Indication Callback called
Bus state is: 0
Set Net Indication Callback called
Bus state is: 0
Set Net Indication Callback called
Bus state is: 0
Set Net Indication Callback called
Bus state is: 0
Set Net Indication Callback called
Bus state is: 0
Set Net Indication Callback called
Bus state is: 0
Set Net Indication Callback called
Bus state is: 0
Set Net Indication Callback called
Bus state is: 0
Set Net Indication Callback called
Bus state is: 0
Set Net Indication Callback called
Bus state is: 0
Set Net Indication Callback called
Bus state is: 0
Set Net Indication Callback called
Bus state is: 0
Set Net Indication Callback called
Bus state is: 0
Set Net Indication Callback called
Bus state is: 0
Set Net Indication Callback called
Bus state is: 0
Set Net Indication Callback called
Bus state is: 0
Set Net Indication Callback called
Bus state is: 0
Set Net Indication Callback called
Bus state is: 0
Set Net Indication Callback called
Bus state is: 0
Set Net Indication Callback called
Bus state is: 0
Set Net Indication Callback called
Bus state is: 0
Set Net Indication Callback called
Bus state is: 0
Set Net Indication Callback called
Bus state is: 0
Set Net Indication Callback called
Bus state is: 0
Set Net Indication Callback called
Bus state is: 0
Set Net Indication Callback called
Bus state is: 0
Set Net Indication Callback called
Bus state is: 0
Set Net Indication Callback called
Bus state is: 0
Set Net Indication Callback called
Bus state is: 0
Set Net Indication Callback called
Bus state is: 0
Set Net Indication Callback called
Bus state is: 0
Set Net Indication Callback called
Bus state is: 0
Set Net Indication Callback called
Bus state is: 0
Set Net Indication Callback called
Bus state is: 0
Set Net Indication Callback called
Bus state is: 0
Set Net Indication Callback called
Bus state is: 0
Set Net Indication Callback called
Bus state is: 0
Set Net Indication Callback called
Bus state is: 0
Set Net Indication Callback called
Bus state is: 0
Set Net Indication Callback called
Bus state is: 0
Set Net Indication Callback called
Bus state is: 0
Set Net Indication Callback called
Bus state is: 0
Set Net Indication Callback called
Bus state is: 0
Set Net Indication Callback called
Bus state is: 0
Set Net Indication Callback called
Bus state is: 0
Set Net Indication Callback called
Bus state is: 0
Set Net Indication Callback called
Bus state is: 0
Set Net Indication Callback called
Bus state is: 0
Set Net Indication Callback called
Bus state is: 0
Set Net Indication Callback called
Bus state is: 0
Set Net Indication Callback called
Bus state is: 0
Set Net Indication Callback called
Bus state is: 0
Set Net Indication Callback called
Bus state is: 0
Set Net Indication Callback called
Bus state is: 0
Set Net Indication Callback called
Bus state is: 0
Set Net Indication Callback called
Bus state is: 0
Set Net Indication Callback called
Bus state is: 0
Set Net Indication Callback called
Bus state is: 0
Set Net Indication Callback called
Bus state is: 0
Set Net Indication Callback called
Bus state is: 0
Set Net Indication Callback called
Bus state is: 0
Set Net Indication Callback called
Bus state is: 0
Set Net Indication Callback called
Bus state is: 0
Set Net Indication Callback called
Bus state is: 0
Set Net Indication Callback called
Bus state is: 0
Set Net Indication Callback called
Bus state is: 0
Set Net Indication Callback called
Bus state is: 0
Set Net Indication Callback called
Bus state is: 0
Set Net Indication Callback called
Bus state is: 0
Set Net Indication Callback called
Bus state is: 0
Set Net Indication Callback called
Bus state is: 0
Set Net Indication Callback called
Bus state is: 0
Set Net Indication Callback called
Bus state is: 0
Set Net Indication Callback called
Bus state is: 0
Set Net Indication Callback called
Bus state is: 0
Set Net Indication Callback called
Bus state is: 0
Set Net Indication Callback called
Bus state is: 0
Set Net Indication Callback called
Bus state is: 0
Set Net Indication Callback called
Bus state is: 0
Set Net Indication Callback called
Bus state is: 0
Set Net Indication Callback called
Bus state is: 0
Set Net Indication Callback called
Bus state is: 0
Set Net Indication Callback called
Bus state is: 0
Set Net Indication Callback called
Bus state is: 0
Set Net Indication Callback called
Bus state is: 0
Set Net Indication Callback called
Bus state is: 0
Set Net Indication Callback called
Bus state is: 0
Set Net Indication Callback called
Bus state is: 0
Set Net Indication Callback called
Bus state is: 0
Set Net Indication Callback called
Bus state is: 0
Set Net Indication Callback called
Bus state is: 0
Set Net Indication Callback called
Bus state is: 0
Set Net Indication Callback called
Bus state is: 0
Set Net Indication Callback called
Bus state is: 0
Set Net Indication Callback called
Bus state is: 0
Set Net Indication Callback called
Bus state is: 0
Set Net Indication Callback called
Bus state is: 0
Set Net Indication Callback called
Bus state is: 0
Set Net Indication Callback called
Bus state is: 0
Set Net Indication Callback called
Bus state is: 0
Set Net Indication Callback called
Bus state is: 0
Set Net Indication Callback called
Bus state is: 0
Set Net Indication Callback called
Bus state is: 0
Set Net Indication Callback called
Bus state is: 0
Set Net Indication Callback called
Bus state is: 0
Set Net Indication Callback called
Bus state is: 0
Set Net Indication Callback called
Bus state is: 0
Set Net Indication Callback called
Bus state is: 0
Set Net Indication Callback called
Bus state is: 0
Set Net Indication Callback called
Bus state is: 0
Set Net Indication Callback called
Bus state is: 0
Set Net Indication Callback called
Bus state is: 0
Set Net Indication Callback called
Bus state is: 0
Set Net Indication Callback called
Bus state is: 0
Set Net Indication Callback called
Bus state is: 0
Set Net Indication Callback called
Bus state is: 0
Set Net Indication Callback called
Bus state is: 0
Set Net Indication Callback called
Bus state is: 0
Set Net Indication Callback called
Bus state is: 0
Set Net Indication Callback called
Bus state is: 0
Set Net Indication Callback called
Bus state is: 0
Set Net Indication Callback called
Bus state is: 0
Set Net Indication Callback called
Bus state is: 0
Set Net Indication Callback called
Bus state is: 0
Set Net Indication Callback called
Bus state is: 0
Set Net Indication Callback called
Bus state is: 0
Set Net Indication Callback called
Bus state is: 0
Set Net Indication Callback called
Bus state is: 0
Set Net Indication Callback called
Bus state is: 0
Set Net Indication Callback called
Bus state is: 0
Set Net Indication Callback called
Bus state is: 0
Set Net Indication Callback called
Bus state is: 0
Set Net Indication Callback called
Bus state is: 0
Set Net Indication Callback called
Bus state is: 0
Set Net Indication Callback called
Bus state is: 0
Set Net Indication Callback called
Bus state is: 0
Set Net Indication Callback called
Bus state is: 0
Set Net Indication Callback called
Bus state is: 0
Set Net Indication Callback called
Bus state is: 0
Set Net Indication Callback called
Bus state is: 0
Set Net Indication Callback called
Bus state is: 0
Set Net Indication Callback called
Bus state is: 0
Set Net Indication Callback called
Bus state is: 0
Set Net Indication Callback called
Bus state is: 0
Set Net Indication Callback called
Bus state is: 0
Set Net Indication Callback called
Bus state is: 0
Set Net Indication Callback called
Bus state is: 0
Set Net Indication Callback called
Bus state is: 0
Set Net Indication Callback called
Bus state is: 0
Set Net Indication Callback called
Bus state is: 0
Set Net Indication Callback called
Bus state is: 0
Set Net Indication Callback called
Bus state is: 0
Set Net Indication Callback called
Bus state is: 0
Set Net Indication Callback called
Bus state is: 0
Set Net Indication Callback called
Bus state is: 0
Set Net Indication Callback called
Bus state is: 0
Set Net Indication Callback called
Bus state is: 0
Set Net Indication Callback called
Bus state is: 0
Set Net Indication Callback called
Bus state is: 0
Set Net Indication Callback called
Bus state is: 0
Set Net Indication Callback called
Bus state is: 0
Set Net Indication Callback called
Bus state is: 0
Set Net Indication Callback called
Bus state is: 0
Set Net Indication Callback called
Bus state is: 0
Set Net Indication Callback called
Bus state is: 0
Set Net Indication Callback called
Bus state is: 0
Set Net Indication Callback called
Bus state is: 0
Set Net Indication Callback called
Bus state is: 0
Set Net Indication Callback called
Bus state is: 0
Set Net Indication Callback called
Bus state is: 0
Set Net Indication Callback called
Bus state is: 0
Set Net Indication Callback called
Bus state is: 0
Set Net Indication Callback called
Bus state is: 0
Set Net Indication Callback called
Bus state is: 0
Set Net Indication Callback called
Bus state is: 0
Set Net Indication Callback called
Bus state is: 0
Set Net Indication Callback called
Bus state is: 0
Set Net Indication Callback called
Bus state is: 0
Set Net Indication Callback called
Bus state is: 0
Set Net Indication Callback called
Bus state is: 0
Set Net Indication Callback called
Bus state is: 0
Set Net Indication Callback called
Bus state is: 0
Set Net Indication Callback called
Bus state is: 0
Set Net Indication Callback called
Bus state is: 0
Set Net Indication Callback called
Bus state is: 0
Set Net Indication Callback called
Bus state is: 0
Set Net Indication Callback called
Bus state is: 0
Set Net Indication Callback called
Bus state is: 0
Set Net Indication Callback called
Bus state is: 0
Set Net Indication Callback called
Bus state is: 0
Set Net Indication Callback called
Bus state is: 0
Set Net Indication Callback called
Bus state is: 0
Set Net Indication Callback called
Bus state is: 0
Set Net Indication Callback called
Bus state is: 0
Set Net Indication Callback called
Bus state is: 0
Set Net Indication Callback called
Bus state is: 0
Set Net Indication Callback called
Bus state is: 0
Set Net Indication Callback called
Bus state is: 0
Set Net Indication Callback called
Bus state is: 0
Set Net Indication Callback called
Bus state is: 0
Set Net Indication Callback called
Bus state is: 0
Set Net Indication Callback called
Bus state is: 0
Set Net Indication Callback called
Bus state is: 0
Set Net Indication Callback called
Bus state is: 0
Set Net Indication Callback called
Bus state is: 0
Set Net Indication Callback called
Bus state is: 0
Set Net Indication Callback called
Bus state is: 0
Set Net Indication Callback called
Bus state is: 0
Set Net Indication Callback called
Bus state is: 0
Set Net Indication Callback called
Bus state is: 0
Set Net Indication Callback called
Bus state is: 0
Set Net Indication Callback called
Bus state is: 0
Set Net Indication Callback called
Bus state is: 0
Set Net Indication Callback called
Bus state is: 0
Set Net Indication Callback called
Bus state is: 0
Set Net Indication Callback called
Bus state is: 0
Set Net Indication Callback called
Bus state is: 0
Set Net Indication Callback called
Bus state is: 0
Set Net Indication Callback called
Bus state is: 0
Set Net Indication Callback called
Bus state is: 0
Set Net Indication Callback called
Bus state is: 0
Set Net Indication Callback called
Bus state is: 0
Set Net Indication Callback called
Bus state is: 0
Set Net Indication Callback called
Bus state is: 0
Set Net Indication Callback called
Bus state is: 0
Set Net Indication Callback called
Bus state is: 0
Set Net Indication Callback called
Bus state is: 0
Set Net Indication Callback called
Bus state is: 0
Set Net Indication Callback called
Bus state is: 0
Set Net Indication Callback called
Bus state is: 0
Set Net Indication Callback called
Bus state is: 0
Set Net Indication Callback called
Bus state is: 0
Set Net Indication Callback called
Bus state is: 0
Set Net Indication Callback called
Bus state is: 0
Set Net Indication Callback called
Bus state is: 0
Set Net Indication Callback called
Bus state is: 0
Set Net Indication Callback called
Bus state is: 0
Set Net Indication Callback called
Bus state is: 0
Set Net Indication Callback called
Bus state is: 0
Set Net Indication Callback called
Bus state is: 0
Set Net Indication Callback called
Bus state is: 0
Set Net Indication Callback called
Bus state is: 0
Set Net Indication Callback called
Bus state is: 0
Set Net Indication Callback called
Bus state is: 0
Set Net Indication Callback called
Bus state is: 0
Set Net Indication Callback called
Bus state is: 0
Set Net Indication Callback called
Bus state is: 0
Set Net Indication Callback called
Bus state is: 0
Set Net Indication Callback called
Bus state is: 0
Set Net Indication Callback called
Bus state is: 0
Set Net Indication Callback called
Bus state is: 0
Set Net Indication Callback called
Bus state is: 0
Set Net Indication Callback called
Bus state is: 0
Set Net Indication Callback called
Bus state is: 0
Set Net Indication Callback called
Bus state is: 0
Set Net Indication Callback called
Bus state is: 0
Set Net Indication Callback called
Bus state is: 0
Set Net Indication Callback called
Bus state is: 0
Set Net Indication Callback called
Bus state is: 0
Set Net Indication Callback called
Bus state is: 0
Set Net Indication Callback called
Bus state is: 0
Set Net Indication Callback called
Bus state is: 0
Set Net Indication Callback called
Bus state is: 0
Set Net Indication Callback called
Bus state is: 0
Set Net Indication Callback called
Bus state is: 0
Set Net Indication Callback called
Bus state is: 0
Set Net Indication Callback called
Bus state is: 0
Set Net Indication Callback called
Bus state is: 0
Set Net Indication Callback called
Bus state is: 0
Set Net Indication Callback called
Bus state is: 0
Set Net Indication Callback called
Bus state is: 0
Set Net Indication Callback called
Bus state is: 0
Set Net Indication Callback called
Bus state is: 0
Set Net Indication Callback called
Bus state is: 0
Set Net Indication Callback called
Bus state is: 0
Set Net Indication Callback called
Bus state is: 0
Set Net Indication Callback called
Bus state is: 0
Set Net Indication Callback called
Bus state is: 0
Set Net Indication Callback called
Bus state is: 0
Set Net Indication Callback called
Bus state is: 0
Set Net Indication Callback called
Bus state is: 0
Set Net Indication Callback called
Bus state is: 0
Set Net Indication Callback called
Bus state is: 0
Set Net Indication Callback called
Bus state is: 0
Set Net Indication Callback called
Bus state is: 0
Set Net Indication Callback called
Bus state is: 0
Set Net Indication Callback called
Bus state is: 0
Set Net Indication Callback called
Bus state is: 0
Set Net Indication Callback called
Bus state is: 0
Set Net Indication Callback called
Bus state is: 0
Set Net Indication Callback called
Bus state is: 0
Set Net Indication Callback called
Bus state is: 0
Set Net Indication Callback called
Bus state is: 0
Set Net Indication Callback called
Bus state is: 0
Set Net Indication Callback called
Bus state is: 0
Set Net Indication Callback called
Bus state is: 0
Set Net Indication Callback called
Bus state is: 0
Set Net Indication Callback called
Bus state is: 0
Set Net Indication Callback called
Bus state is: 0
Set Net Indication Callback called
Bus state is: 0
Set Net Indication Callback called
Bus state is: 0
Set Net Indication Callback called
Bus state is: 0
Set Net Indication Callback called
Bus state is: 0
Set Net Indication Callback called
Bus state is: 0
Set Net Indication Callback called
Bus state is: 0
Set Net Indication Callback called
Bus state is: 0
Set Net Indication Callback called
Bus state is: 0
Set Net Indication Callback called
Bus state is: 0
Set Net Indication Callback called
Bus state is: 0
Set Net Indication Callback called
Bus state is: 0
Set Net Indication Callback called
Bus state is: 0
Set Net Indication Callback called
Bus state is: 0
Set Net Indication Callback called
Bus state is: 0
Set Net Indication Callback called
Bus state is: 0
Set Net Indication Callback called
Bus state is: 0
Set Net Indication Callback called
Bus state is: 0
Set Net Indication Callback called
Bus state is: 0
Set Net Indication Callback called
Bus state is: 0
Set Net Indication Callback called
Bus state is: 0
Set Net Indication Callback called
Bus state is: 0
Set Net Indication Callback called
Bus state is: 0
Set Net Indication Callback called
Bus state is: 0
Set Net Indication Callback called
Bus state is: 0
Set Net Indication Callback called
Bus state is: 0
Set Net Indication Callback called
Bus state is: 0
Set Net Indication Callback called
Bus state is: 0
Set Net Indication Callback called
Bus state is: 0
Set Net Indication Callback called
Bus state is: 0
Set Net Indication Callback called
Bus state is: 0
Set Net Indication Callback called
Bus state is: 0
Set Net Indication Callback called
Bus state is: 0
Set Net Indication Callback called
Bus state is: 0
Set Net Indication Callback called
Bus state is: 0
Set Net Indication Callback called
Bus state is: 0
Set Net Indication Callback called
Bus state is: 0
Set Net Indication Callback called
Bus state is: 0
Set Net Indication Callback called
Bus state is: 0
Set Net Indication Callback called
Bus state is: 0
Set Net Indication Callback called
Bus state is: 0
Set Net Indication Callback called
Bus state is: 0
Set Net Indication Callback called
Bus state is: 0
Set Net Indication Callback called
Bus state is: 0
Set Net Indication Callback called
Bus state is: 0
Set Net Indication Callback called
Bus state is: 0
Set Net Indication Callback called
Bus state is: 0
Set Net Indication Callback called
Bus state is: 0
Set Net Indication Callback called
Bus state is: 0
Set Net Indication Callback called
Bus state is: 0
Set Net Indication Callback called
Bus state is: 0
Set Net Indication Callback called
Bus state is: 0
Set Net Indication Callback called
Bus state is: 0
Set Net Indication Callback called
Bus state is: 0
Set Net Indication Callback called
Bus state is: 0
Set Net Indication Callback called
Bus state is: 0
Set Net Indication Callback called
Bus state is: 0
Set Net Indication Callback called
Bus state is: 0
Set Net Indication Callback called
Bus state is: 0
Set Net Indication Callback called
Bus state is: 0
Set Net Indication Callback called
Bus state is: 0
Set Net Indication Callback called
Bus state is: 0
Set Net Indication Callback called
Bus state is: 0
Set Net Indication Callback called
Bus state is: 0
Set Net Indication Callback called
Bus state is: 0
Set Net Indication Callback called
Bus state is: 0
Set Net Indication Callback called
Bus state is: 0
Set Net Indication Callback called
Bus state is: 0
Set Net Indication Callback called
Bus state is: 0
Set Net Indication Callback called
Bus state is: 0
Set Net Indication Callback called
Bus state is: 0
Set Net Indication Callback called
Bus state is: 0
Set Net Indication Callback called
Bus state is: 0
Set Net Indication Callback called
Bus state is: 0
Set Net Indication Callback called
Bus state is: 0
Set Net Indication Callback called
Bus state is: 0
Set Net Indication Callback called
Bus state is: 0
Set Net Indication Callback called
Bus state is: 0
Set Net Indication Callback called
Bus state is: 0
Set Net Indication Callback called
Bus state is: 0
Set Net Indication Callback called
Bus state is: 0
Set Net Indication Callback called
Bus state is: 0
Set Net Indication Callback called
Bus state is: 0
Set Net Indication Callback called
Bus state is: 0
Set Net Indication Callback called
Bus state is: 0
Set Net Indication Callback called
Bus state is: 0
Set Net Indication Callback called
Bus state is: 0
Set Net Indication Callback called
Bus state is: 0
Set Net Indication Callback called
Bus state is: 0
Set Net Indication Callback called
Bus state is: 0
Set Net Indication Callback called
Bus state is: 0
Set Net Indication Callback called
Bus state is: 0
Set Net Indication Callback called
Bus state is: 0
Set Net Indication Callback called
Bus state is: 0
Set Net Indication Callback called
Bus state is: 0
Set Net Indication Callback called
Bus state is: 0
Set Net Indication Callback called
Bus state is: 0
Set Net Indication Callback called
Bus state is: 0
Set Net Indication Callback called
Bus state is: 0
Set Net Indication Callback called
Bus state is: 0
Set Net Indication Callback called
Bus state is: 0
Set Net Indication Callback called
Bus state is: 0
Set Net Indication Callback called
Bus state is: 0
Set Net Indication Callback called
Bus state is: 0
Set Net Indication Callback called
Bus state is: 0
Set Net Indication Callback called
Bus state is: 0
Set Net Indication Callback called
Bus state is: 0
Set Net Indication Callback called
Bus state is: 0
Set Net Indication Callback called
Bus state is: 0
Set Net Indication Callback called
Bus state is: 0
Set Net Indication Callback called
Bus state is: 0
Set Net Indication Callback called
Bus state is: 0
Set Net Indication Callback called
Bus state is: 0
Set Net Indication Callback called
Bus state is: 0
Set Net Indication Callback called
Bus state is: 0
Set Net Indication Callback called
Bus state is: 0
Set Net Indication Callback called
Bus state is: 0
Set Net Indication Callback called
Bus state is: 0
Set Net Indication Callback called
Bus state is: 0
Set Net Indication Callback called
Bus state is: 0
Set Net Indication Callback called
Bus state is: 0
Set Net Indication Callback called
Bus state is: 0
Set Net Indication Callback called
Bus state is: 0
Set Net Indication Callback called
Bus state is: 0
Set Net Indication Callback called
Bus state is: 0
Set Net Indication Callback called
Bus state is: 0
Set Net Indication Callback called
Bus state is: 0
Set Net Indication Callback called
Bus state is: 0
Set Net Indication Callback called
Bus state is: 0
Set Net Indication Callback called
Bus state is: 0
Set Net Indication Callback called
Bus state is: 0
Set Net Indication Callback called
Bus state is: 0
Set Net Indication Callback called
Bus state is: 0
Set Net Indication Callback called
Bus state is: 0
Set Net Indication Callback called
Bus state is: 0
Set Net Indication Callback called
Bus state is: 0
Set Net Indication Callback called
Bus state is: 0
Set Net Indication Callback called
Bus state is: 0
Set Net Indication Callback called
Bus state is: 0
Set Net Indication Callback called
Bus state is: 0
Set Net Indication Callback called
Bus state is: 0
Set Net Indication Callback called
Bus state is: 0
Set Net Indication Callback called
Bus state is: 0
Set Net Indication Callback called
Bus state is: 0
Set Net Indication Callback called
Bus state is: 0
Set Net Indication Callback called
Bus state is: 0
Set Net Indication Callback called
Bus state is: 0
Set Net Indication Callback called
Bus state is: 0
Set Net Indication Callback called
Bus state is: 0
Set Net Indication Callback called
Bus state is: 0
Set Net Indication Callback called
Bus state is: 0
Set Net Indication Callback called
Bus state is: 0
Set Net Indication Callback called
Bus state is: 0
Set Net Indication Callback called
Bus state is: 0
Set Net Indication Callback called
Bus state is: 0
Set Net Indication Callback called
Bus state is: 0
Set Net Indication Callback called
Bus state is: 0
Set Net Indication Callback called
Bus state is: 0
Set Net Indication Callback called
Bus state is: 0
Set Net Indication Callback called
Bus state is: 0
Set Net Indication Callback called
Bus state is: 0
Set Net Indication Callback called
Bus state is: 0
Set Net Indication Callback called
Bus state is: 0
Set Net Indication Callback called
Bus state is: 0
Set Net Indication Callback called
Bus state is: 0
Set Net Indication Callback called
Bus state is: 0
Set Net Indication Callback called
Bus state is: 0
Set Net Indication Callback called
Bus state is: 0
Set Net Indication Callback called
Bus state is: 0
Set Net Indication Callback called
Bus state is: 0
Set Net Indication Callback called
Bus state is: 0
Set Net Indication Callback called
Bus state is: 0
Set Net Indication Callback called
Bus state is: 0
Set Net Indication Callback called
Bus state is: 0
Set Net Indication Callback called
Bus state is: 0
Set Net Indication Callback called
Bus state is: 0
Set Net Indication Callback called
Bus state is: 0
Set Net Indication Callback called
Bus state is: 0
Set Net Indication Callback called
Bus state is: 0
Set Net Indication Callback called
Bus state is: 0
Set Net Indication Callback called
Bus state is: 0
Set Net Indication Callback called
Bus state is: 0
Set Net Indication Callback called
Bus state is: 0
Set Net Indication Callback called
Bus state is: 0
Set Net Indication Callback called
Bus state is: 0
Set Net Indication Callback called
Bus state is: 0
Set Net Indication Callback called
Bus state is: 0
Set Net Indication Callback called
Bus state is: 0
Set Net Indication Callback called
Bus state is: 0
Set Net Indication Callback called
Bus state is: 0
Set Net Indication Callback called
Bus state is: 0
Set Net Indication Callback called
Bus state is: 0
Set Net Indication Callback called
Bus state is: 0
Set Net Indication Callback called
Bus state is: 0
Set Net Indication Callback called
Bus state is: 0
Set Net Indication Callback called
Bus state is: 0
Set Net Indication Callback called
Bus state is: 0
Set Net Indication Callback called
Bus state is: 0
Set Net Indication Callback called
Bus state is: 0
Set Net Indication Callback called
Bus state is: 0
Set Net Indication Callback called
Bus state is: 0
Set Net Indication Callback called
Bus state is: 0
Set Net Indication Callback called
Bus state is: 0
Set Net Indication Callback called
Bus state is: 0
Set Net Indication Callback called
Bus state is: 0
Set Net Indication Callback called
Bus state is: 0
Set Net Indication Callback called
Bus state is: 0
Set Net Indication Callback called
Bus state is: 0
Set Net Indication Callback called
Bus state is: 0
Set Net Indication Callback called
Bus state is: 0
Set Net Indication Callback called
Bus state is: 0
Set Net Indication Callback called
Bus state is: 0
Set Net Indication Callback called
Bus state is: 0
Set Net Indication Callback called
Bus state is: 0
Set Net Indication Callback called
Bus state is: 0
Set Net Indication Callback called
Bus state is: 0
Set Net Indication Callback called
Bus state is: 0
Set Net Indication Callback called
Bus state is: 0
Set Net Indication Callback called
Bus state is: 0
Set Net Indication Callback called
Bus state is: 0
Set Net Indication Callback called
Bus state is: 0
Set Net Indication Callback called
Bus state is: 0
Set Net Indication Callback called
Bus state is: 0
Set Net Indication Callback called
Bus state is: 0
Set Net Indication Callback called
Bus state is: 0
Set Net Indication Callback called
Bus state is: 0
Set Net Indication Callback called
Bus state is: 0
Set Net Indication Callback called
Bus state is: 0
Set Net Indication Callback called
Bus state is: 0
Set Net Indication Callback called
Bus state is: 0
Set Net Indication Callback called
Bus state is: 0
Set Net Indication Callback called
Bus state is: 0
Set Net Indication Callback called
Bus state is: 0
Set Net Indication Callback called
Bus state is: 0
Set Net Indication Callback called
Bus state is: 0
Set Net Indication Callback called
Bus state is: 0
Set Net Indication Callback called
Bus state is: 0
Set Net Indication Callback called
Bus state is: 0
Set Net Indication Callback called
Bus state is: 0
Set Net Indication Callback called
Bus state is: 0
Set Net Indication Callback called
Bus state is: 0
Set Net Indication Callback called
Bus state is: 0
Set Net Indication Callback called
Bus state is: 0
Set Net Indication Callback called
Bus state is: 0
Set Net Indication Callback called
Bus state is: 0
Set Net Indication Callback called
Bus state is: 0
Set Net Indication Callback called
Bus state is: 0
Set Net Indication Callback called
Bus state is: 0
Set Net Indication Callback called
Bus state is: 0
Set Net Indication Callback called
Bus state is: 0
Set Net Indication Callback called
Bus state is: 0
Set Net Indication Callback called
Bus state is: 0
Set Net Indication Callback called
Bus state is: 0
Set Net Indication Callback called
Bus state is: 0
Set Net Indication Callback called
Bus state is: 0
Set Net Indication Callback called
Bus state is: 0
Set Net Indication Callback called
Bus state is: 0
Set Net Indication Callback called
Bus state is: 0
Set Net Indication Callback called
Bus state is: 0
Set Net Indication Callback called
Bus state is: 0
Set Net Indication Callback called
Bus state is: 0
Set Net Indication Callback called
Bus state is: 0
Set Net Indication Callback called
Bus state is: 0
Set Net Indication Callback called
Bus state is: 0
Set Net Indication Callback called
Bus state is: 0
Set Net Indication Callback called
Bus state is: 0
Set Net Indication Callback called
Bus state is: 0
Set Net Indication Callback called
Bus state is: 0
Set Net Indication Callback called
Bus state is: 0
Set Net Indication Callback called
Bus state is: 0
Set Net Indication Callback called
Bus state is: 0
Set Net Indication Callback called
Bus state is: 0
Set Net Indication Callback called
Bus state is: 0
Set Net Indication Callback called
Bus state is: 0
Set Net Indication Callback called
Bus state is: 0
Set Net Indication Callback called
Bus state is: 0
Set Net Indication Callback called
Bus state is: 0
Set Net Indication Callback called
Bus state is: 0
Set Net Indication Callback called
Bus state is: 0
Set Net Indication Callback called
Bus state is: 0
Set Net Indication Callback called
Bus state is: 0
Set Net Indication Callback called
Bus state is: 0
Set Net Indication Callback called
Bus state is: 0
Set Net Indication Callback called
Bus state is: 0
Set Net Indication Callback called
Bus state is: 0
Set Net Indication Callback called
Bus state is: 0
Set Net Indication Callback called
Bus state is: 0
Set Net Indication Callback called
Bus state is: 0
Set Net Indication Callback called
Bus state is: 0
Set Net Indication Callback called
Bus state is: 0
Set Net Indication Callback called
Bus state is: 0
Set Net Indication Callback called
Bus state is: 0
Set Net Indication Callback called
Bus state is: 0
Set Net Indication Callback called
Bus state is: 0
Set Net Indication Callback called
Bus state is: 0
Set Net Indication Callback called
Bus state is: 0
Set Net Indication Callback called
Bus state is: 0
Set Net Indication Callback called
Bus state is: 0
Set Net Indication Callback called
Bus state is: 0
Set Net Indication Callback called
Bus state is: 0
Set Net Indication Callback called
Bus state is: 0
Set Net Indication Callback called
Bus state is: 0
Set Net Indication Callback called
Bus state is: 0
Set Net Indication Callback called
Bus state is: 0
Set Net Indication Callback called
Bus state is: 0
Set Net Indication Callback called
Bus state is: 0
Set Net Indication Callback called
Bus state is: 0
Set Net Indication Callback called
Bus state is: 0
Set Net Indication Callback called
Bus state is: 0
Set Net Indication Callback called
Bus state is: 0
Set Net Indication Callback called
Bus state is: 0
Set Net Indication Callback called
Bus state is: 0
Set Net Indication Callback called
Bus state is: 0
Set Net Indication Callback called
Bus state is: 0
Set Net Indication Callback called
Bus state is: 0
Set Net Indication Callback called
Bus state is: 0
Set Net Indication Callback called
Bus state is: 0
Set Net Indication Callback called
Bus state is: 0
Set Net Indication Callback called
Bus state is: 0
Set Net Indication Callback called
Bus state is: 0
Set Net Indication Callback called
Bus state is: 0
Set Net Indication Callback called
Bus state is: 0
Set Net Indication Callback called
Bus state is: 0
Set Net Indication Callback called
Bus state is: 0
Set Net Indication Callback called
Bus state is: 0
Set Net Indication Callback called
Bus state is: 0
Set Net Indication Callback called
Bus state is: 0
Set Net Indication Callback called
Bus state is: 0
Set Net Indication Callback called
Bus state is: 0
Set Net Indication Callback called
Bus state is: 0
Set Net Indication Callback called
Bus state is: 0
Set Net Indication Callback called
Bus state is: 0
Set Net Indication Callback called
Bus state is: 0
Set Net Indication Callback called
Bus state is: 0
Set Net Indication Callback called
Bus state is: 0
Set Net Indication Callback called
Bus state is: 0
Set Net Indication Callback called
Bus state is: 0
Set Net Indication Callback called
Bus state is: 0
Set Net Indication Callback called
Bus state is: 0
Set Net Indication Callback called
Bus state is: 0
Set Net Indication Callback called
Bus state is: 0
Set Net Indication Callback called
Bus state is: 0
Set Net Indication Callback called
Bus state is: 0
Set Net Indication Callback called
Bus state is: 0
Set Net Indication Callback called
Bus state is: 0
Set Net Indication Callback called
Bus state is: 0
Set Net Indication Callback called
Bus state is: 0
Set Net Indication Callback called
Bus state is: 0
Set Net Indication Callback called
Bus state is: 0
Set Net Indication Callback called
Bus state is: 0
Set Net Indication Callback called
Bus state is: 0
Set Net Indication Callback called
Bus state is: 0
Set Net Indication Callback called
Bus state is: 0
Set Net Indication Callback called
Bus state is: 0
Set Net Indication Callback called
Bus state is: 0
Set Net Indication Callback called
Bus state is: 0
Set Net Indication Callback called
Bus state is: 0
Set Net Indication Callback called
Bus state is: 0
Set Net Indication Callback called
Bus state is: 0
Set Net Indication Callback called
Bus state is: 0
Set Net Indication Callback called
Bus state is: 0
Set Net Indication Callback called
Bus state is: 0
Set Net Indication Callback called
Bus state is: 0
Set Net Indication Callback called
Bus state is: 0
Set Net Indication Callback called
Bus state is: 0
Set Net Indication Callback called
Bus state is: 0
Set Net Indication Callback called
Bus state is: 0
Set Net Indication Callback called
Bus state is: 0
Set Net Indication Callback called
Bus state is: 0
Set Net Indication Callback called
Bus state is: 0
Set Net Indication Callback called
Bus state is: 0
Set Net Indication Callback called
Bus state is: 0
Set Net Indication Callback called
Bus state is: 0
Set Net Indication Callback called
Bus state is: 0
Set Net Indication Callback called
Bus state is: 0
Set Net Indication Callback called
Bus state is: 0
Set Net Indication Callback called
Bus state is: 0
Set Net Indication Callback called
Bus state is: 0
Set Net Indication Callback called
Bus state is: 0
Set Net Indication Callback called
Bus state is: 0
Set Net Indication Callback called
Bus state is: 0
Set Net Indication Callback called
Bus state is: 0
Set Net Indication Callback called
Bus state is: 0
Set Net Indication Callback called
Bus state is: 0
Set Net Indication Callback called
Bus state is: 0
Set Net Indication Callback called
Bus state is: 0
Set Net Indication Callback called
Bus state is: 0
Set Net Indication Callback called
Bus state is: 0
Set Net Indication Callback called
Bus state is: 0
Set Net Indication Callback called
Bus state is: 0
Set Net Indication Callback called
Bus state is: 0
Set Net Indication Callback called
Bus state is: 0
Set Net Indication Callback called
Bus state is: 0
Set Net Indication Callback called
Bus state is: 0
Set Net Indication Callback called
Bus state is: 0
Set Net Indication Callback called
Bus state is: 0
Set Net Indication Callback called
Bus state is: 0
Set Net Indication Callback called
Bus state is: 0
Set Net Indication Callback called
Bus state is: 0
Set Net Indication Callback called
Bus state is: 0
Set Net Indication Callback called
Bus state is: 0
Set Net Indication Callback called
Bus state is: 0
Set Net Indication Callback called
Bus state is: 0
Set Net Indication Callback called
Bus state is: 0
Set Net Indication Callback called
Bus state is: 0
Set Net Indication Callback called
Bus state is: 0
Set Net Indication Callback called
Bus state is: 0
Set Net Indication Callback called
Bus state is: 0
Set Net Indication Callback called
Bus state is: 0
Set Net Indication Callback called
Bus state is: 0
Set Net Indication Callback called
Bus state is: 0
Set Net Indication Callback called
Bus state is: 0
Set Net Indication Callback called
Bus state is: 0
Set Net Indication Callback called
Bus state is: 0
Set Net Indication Callback called
Bus state is: 0
Set Net Indication Callback called
Bus state is: 0
Set Net Indication Callback called
Bus state is: 0
Set Net Indication Callback called
Bus state is: 0
Set Net Indication Callback called
Bus state is: 0
Set Net Indication Callback called
Bus state is: 0
Set Net Indication Callback called
Bus state is: 0
Set Net Indication Callback called
Bus state is: 0
Set Net Indication Callback called
Bus state is: 0
Set Net Indication Callback called
Bus state is: 0
Set Net Indication Callback called
Bus state is: 0
Set Net Indication Callback called
Bus state is: 0
Set Net Indication Callback called
Bus state is: 0
Set Net Indication Callback called
Bus state is: 0
Set Net Indication Callback called
Bus state is: 0
Set Net Indication Callback called
Bus state is: 0
Set Net Indication Callback called
Bus state is: 0
Set Net Indication Callback called
Bus state is: 0
Set Net Indication Callback called
Bus state is: 0
Set Net Indication Callback called
Bus state is: 0
Set Net Indication Callback called
Bus state is: 0
Set Net Indication Callback called
Bus state is: 0
Set Net Indication Callback called
Bus state is: 0
Set Net Indication Callback called
Bus state is: 0
Set Net Indication Callback called
Bus state is: 0
Set Net Indication Callback called
Bus state is: 0
Set Net Indication Callback called
Bus state is: 0
Set Net Indication Callback called
Bus state is: 0
Set Net Indication Callback called
Bus state is: 0
Set Net Indication Callback called
Bus state is: 0
Set Net Indication Callback called
Bus state is: 0
Set Net Indication Callback called
Bus state is: 0
Set Net Indication Callback called
Bus state is: 0
Set Net Indication Callback called
Bus state is: 0
Set Net Indication Callback called
Bus state is: 0
Set Net Indication Callback called
Bus state is: 0
Set Net Indication Callback called
Bus state is: 0
Set Net Indication Callback called
Bus state is: 0
Set Net Indication Callback called
Bus state is: 0
Set Net Indication Callback called
Bus state is: 0
Set Net Indication Callback called
Bus state is: 0
Set Net Indication Callback called
Bus state is: 0
Set Net Indication Callback called
Bus state is: 0
Set Net Indication Callback called
Bus state is: 0
Set Net Indication Callback called
Bus state is: 0
Set Net Indication Callback called
Bus state is: 0
Set Net Indication Callback called
Bus state is: 0
Set Net Indication Callback called
Bus state is: 0
Set Net Indication Callback called
Bus state is: 0
Set Net Indication Callback called
Bus state is: 0
Set Net Indication Callback called
Bus state is: 0
Set Net Indication Callback called
Bus state is: 0
Set Net Indication Callback called
Bus state is: 0
Set Net Indication Callback called
Bus state is: 0
Set Net Indication Callback called
Bus state is: 0
Set Net Indication Callback called
Bus state is: 0
Set Net Indication Callback called
Bus state is: 0
Set Net Indication Callback called
Bus state is: 0
Set Net Indication Callback called
Bus state is: 0
Set Net Indication Callback called
Bus state is: 0
Set Net Indication Callback called
Bus state is: 0
Set Net Indication Callback called
Bus state is: 0
Set Net Indication Callback called
Bus state is: 0
Set Net Indication Callback called
Bus state is: 0
Set Net Indication Callback called
Bus state is: 0
Set Net Indication Callback called
Bus state is: 0
Set Net Indication Callback called
Bus state is: 0
Set Net Indication Callback called
Bus state is: 0
Set Net Indication Callback called
Bus state is: 0
Set Net Indication Callback called
Bus state is: 0
Set Net Indication Callback called
Bus state is: 0
Set Net Indication Callback called
Bus state is: 0
Set Net Indication Callback called
Bus state is: 0
Set Net Indication Callback called
Bus state is: 0
Set Net Indication Callback called
Bus state is: 0
Set Net Indication Callback called
Bus state is: 0
Set Net Indication Callback called
Bus state is: 0
Set Net Indication Callback called
Bus state is: 0
Set Net Indication Callback called
Bus state is: 0
Set Net Indication Callback called
Bus state is: 0
Set Net Indication Callback called
Bus state is: 0
Set Net Indication Callback called
Bus state is: 0
Set Net Indication Callback called
Bus state is: 0
Set Net Indication Callback called
Bus state is: 0
Set Net Indication Callback called
Bus state is: 0
Set Net Indication Callback called
Bus state is: 0
Set Net Indication Callback called
Bus state is: 0
Set Net Indication Callback called
Bus state is: 0
Set Net Indication Callback called
Bus state is: 0
Set Net Indication Callback called
Bus state is: 0
Set Net Indication Callback called
Bus state is: 0
Set Net Indication Callback called
Bus state is: 0
Set Net Indication Callback called
Bus state is: 0
Set Net Indication Callback called
Bus state is: 0
Set Net Indication Callback called
Bus state is: 0
Set Net Indication Callback called
Bus state is: 0
Set Net Indication Callback called
Bus state is: 0
Set Net Indication Callback called
Bus state is: 0
Set Net Indication Callback called
Bus state is: 0
Set Net Indication Callback called
Bus state is: 0
Set Net Indication Callback called
Bus state is: 0
Set Net Indication Callback called
Bus state is: 0
Set Net Indication Callback called
Bus state is: 0
Set Net Indication Callback called
Bus state is: 0
Set Net Indication Callback called
Bus state is: 0
Set Net Indication Callback called
Bus state is: 0
Set Net Indication Callback called
Bus state is: 0
Set Net Indication Callback called
Bus state is: 0
Set Net Indication Callback called
Bus state is: 0
Set Net Indication Callback called
Bus state is: 0
Set Net Indication Callback called
Bus state is: 0
Set Net Indication Callback called
Bus state is: 0
Set Net Indication Callback called
Bus state is: 0
Set Net Indication Callback called
Bus state is: 0
Set Net Indication Callback called
Bus state is: 0
Set Net Indication Callback called
Bus state is: 0
Set Net Indication Callback called
Bus state is: 0
Set Net Indication Callback called
Bus state is: 0
Set Net Indication Callback called
Bus state is: 0
Set Net Indication Callback called
Bus state is: 0
Set Net Indication Callback called
Bus state is: 0
Set Net Indication Callback called
Bus state is: 0
Set Net Indication Callback called
Bus state is: 0
Set Net Indication Callback called
Bus state is: 0
Set Net Indication Callback called
Bus state is: 0
Set Net Indication Callback called
Bus state is: 0
Set Net Indication Callback called
Bus state is: 0
Set Net Indication Callback called
Bus state is: 0
Set Net Indication Callback called
Bus state is: 0
Set Net Indication Callback called
Bus state is: 0
Set Net Indication Callback called
Bus state is: 0
Set Net Indication Callback called
Bus state is: 0
Set Net Indication Callback called
Bus state is: 0
Set Net Indication Callback called
Bus state is: 0
Set Net Indication Callback called
Bus state is: 0
Set Net Indication Callback called
Bus state is: 0
Set Net Indication Callback called
Bus state is: 0
Set Net Indication Callback called
Bus state is: 0
Set Net Indication Callback called
Bus state is: 0
Set Net Indication Callback called
Bus state is: 0
Set Net Indication Callback called
Bus state is: 0
Set Net Indication Callback called
Bus state is: 0
Set Net Indication Callback called
Bus state is: 0
Set Net Indication Callback called
Bus state is: 0
Set Net Indication Callback called
Bus state is: 0
Set Net Indication Callback called
Bus state is: 0
Set Net Indication Callback called
Bus state is: 0
Set Net Indication Callback called
Bus state is: 0
Set Net Indication Callback called
Bus state is: 0
Set Net Indication Callback called
Bus state is: 0
Set Net Indication Callback called
Bus state is: 0
Set Net Indication Callback called
Bus state is: 0
Set Net Indication Callback called
Bus state is: 0
Set Net Indication Callback called
Bus state is: 0
Set Net Indication Callback called
Bus state is: 0
Set Net Indication Callback called
Bus state is: 0
Set Net Indication Callback called
Bus state is: 0
Set Net Indication Callback called
Bus state is: 0
Set Net Indication Callback called
Bus state is: 0
Set Net Indication Callback called
Bus state is: 0
Set Net Indication Callback called
Bus state is: 0
Set Net Indication Callback called
Bus state is: 0
Set Net Indication Callback called
Bus state is: 0
Set Net Indication Callback called
Bus state is: 0
Set Net Indication Callback called
Bus state is: 0
Set Net Indication Callback called
Bus state is: 0
Set Net Indication Callback called
Bus state is: 0
Set Net Indication Callback called
Bus state is: 0
Set Net Indication Callback called
Bus state is: 0
Set Net Indication Callback called
Bus state is: 0
Set Net Indication Callback called
Bus state is: 0
Set Net Indication Callback called
Bus state is: 0
Set Net Indication Callback called
Bus state is: 0
Set Net Indication Callback called
Bus state is: 0
Set Net Indication Callback called
Bus state is: 0
Set Net Indication Callback called
Bus state is: 0
Set Net Indication Callback called
Bus state is: 0
Set Net Indication Callback called
Bus state is: 0
Set Net Indication Callback called
Bus state is: 0
Set Net Indication Callback called
Bus state is: 0
Set Net Indication Callback called
Bus state is: 0
Set Net Indication Callback called
Bus state is: 0
Set Net Indication Callback called
Bus state is: 0
Set Net Indication Callback called
Bus state is: 0
Set Net Indication Callback called
Bus state is: 0
Set Net Indication Callback called
Bus state is: 0
Set Net Indication Callback called
Bus state is: 0
Set Net Indication Callback called
Bus state is: 0
Set Net Indication Callback called
Bus state is: 0
Set Net Indication Callback called
Bus state is: 0
Set Net Indication Callback called
Bus state is: 0
Set Net Indication Callback called
Bus state is: 0
Set Net Indication Callback called
Bus state is: 0
Set Net Indication Callback called
Bus state is: 0
Set Net Indication Callback called
Bus state is: 0
Set Net Indication Callback called
Bus state is: 0
Set Net Indication Callback called
Bus state is: 0
Set Net Indication Callback called
Bus state is: 0
Set Net Indication Callback called
Bus state is: 0
Set Net Indication Callback called
Bus state is: 0
Set Net Indication Callback called
Bus state is: 0
Set Net Indication Callback called
Bus state is: 0
Set Net Indication Callback called
Bus state is: 0
Set Net Indication Callback called
Bus state is: 0
Set Net Indication Callback called
Bus state is: 0
Set Net Indication Callback called
Bus state is: 0
Set Net Indication Callback called
Bus state is: 0
Set Net Indication Callback called
Bus state is: 0
Set Net Indication Callback called
Bus state is: 0
Set Net Indication Callback called
Bus state is: 0
Set Net Indication Callback called
Bus state is: 0
Set Net Indication Callback called
Bus state is: 0
Set Net Indication Callback called
Bus state is: 0
Set Net Indication Callback called
Bus state is: 0
Set Net Indication Callback called
Bus state is: 0
Set Net Indication Callback called
Bus state is: 0
Set Net Indication Callback called
Bus state is: 0
Set Net Indication Callback called
Bus state is: 0
Set Net Indication Callback called
Bus state is: 0
Set Net Indication Callback called
Bus state is: 0
Set Net Indication Callback called
Bus state is: 0
Set Net Indication Callback called
Bus state is: 0
Set Net Indication Callback called
Bus state is: 0
Set Net Indication Callback called
Bus state is: 0
Set Net Indication Callback called
Bus state is: 0
Set Net Indication Callback called
Bus state is: 0
Set Net Indication Callback called
Bus state is: 0
Set Net Indication Callback called
Bus state is: 0
Set Net Indication Callback called
Bus state is: 0
Set Net Indication Callback called
Bus state is: 0
Set Net Indication Callback called
Bus state is: 0
Set Net Indication Callback called
Bus state is: 0
Set Net Indication Callback called
Bus state is: 0
Set Net Indication Callback called
Bus state is: 0
Set Net Indication Callback called
Bus state is: 0
Set Net Indication Callback called
Bus state is: 0
Set Net Indication Callback called
Bus state is: 0
Set Net Indication Callback called
Bus state is: 0
Set Net Indication Callback called
Bus state is: 0
Set Net Indication Callback called
Bus state is: 0
Set Net Indication Callback called
Bus state is: 0
Set Net Indication Callback called
Bus state is: 0
Set Net Indication Callback called
Bus state is: 0
Set Net Indication Callback called
Bus state is: 0
Set Net Indication Callback called
Bus state is: 0
Set Net Indication Callback called
Bus state is: 0
Set Net Indication Callback called
Bus state is: 0
Set Net Indication Callback called
Bus state is: 0
Set Net Indication Callback called
Bus state is: 0
Set Net Indication Callback called
Bus state is: 0
Set Net Indication Callback called
Bus state is: 0
Set Net Indication Callback called
Bus state is: 0
Set Net Indication Callback called
Bus state is: 0
Set Net Indication Callback called
Bus state is: 0
Set Net Indication Callback called
Bus state is: 0
Set Net Indication Callback called
Bus state is: 0
Set Net Indication Callback called
Bus state is: 0
Set Net Indication Callback called
Bus state is: 0
Set Net Indication Callback called
Bus state is: 0
Set Net Indication Callback called
Bus state is: 0
Set Net Indication Callback called
Bus state is: 0
Set Net Indication Callback called
Bus state is: 0
Set Net Indication Callback called
Bus state is: 0
Set Net Indication Callback called
Bus state is: 0
Set Net Indication Callback called
Bus state is: 0
Set Net Indication Callback called
Bus state is: 0
Set Net Indication Callback called
Bus state is: 0
Set Net Indication Callback called
Bus state is: 0
Set Net Indication Callback called
Bus state is: 0
Set Net Indication Callback called
Bus state is: 0
Set Net Indication Callback called
Bus state is: 0
Set Net Indication Callback called
Bus state is: 0
Set Net Indication Callback called
Bus state is: 0
Set Net Indication Callback called
Bus state is: 0
Set Net Indication Callback called
Bus state is: 0
Set Net Indication Callback called
Bus state is: 0
Set Net Indication Callback called
Bus state is: 0
Set Net Indication Callback called
Bus state is: 0
Set Net Indication Callback called
Bus state is: 0
Set Net Indication Callback called
Bus state is: 0
Set Net Indication Callback called
Bus state is: 0
Set Net Indication Callback called
Bus state is: 0
Set Net Indication Callback called
Bus state is: 0
Set Net Indication Callback called
Bus state is: 0
Set Net Indication Callback called
Bus state is: 0
Set Net Indication Callback called
Bus state is: 0
Set Net Indication Callback called
Bus state is: 0
Set Net Indication Callback called
Bus state is: 0
Set Net Indication Callback called
Bus state is: 0
Set Net Indication Callback called
Bus state is: 0
Set Net Indication Callback called
Bus state is: 0
Set Net Indication Callback called
Bus state is: 0
Set Net Indication Callback called
Bus state is: 0
Set Net Indication Callback called
Bus state is: 0
Set Net Indication Callback called
Bus state is: 0
Set Net Indication Callback called
Bus state is: 0
Set Net Indication Callback called
Bus state is: 0
Set Net Indication Callback called
Bus state is: 0
Set Net Indication Callback called
Bus state is: 0
Set Net Indication Callback called
Bus state is: 0
Set Net Indication Callback called
Bus state is: 0
Set Net Indication Callback called
Bus state is: 0
Set Net Indication Callback called
Bus state is: 0
Set Net Indication Callback called
Bus state is: 0
Set Net Indication Callback called
Bus state is: 0
Set Net Indication Callback called
Bus state is: 0
Set Net Indication Callback called
Bus state is: 0
Set Net Indication Callback called
Bus state is: 0
Set Net Indication Callback called
Bus state is: 0
Set Net Indication Callback called
Bus state is: 0
Set Net Indication Callback called
Bus state is: 0
Set Net Indication Callback called
Bus state is: 0
Set Net Indication Callback called
Bus state is: 0
Set Net Indication Callback called
Bus state is: 0
Set Net Indication Callback called
Bus state is: 0
Set Net Indication Callback called
Bus state is: 0
Set Net Indication Callback called
Bus state is: 0
Set Net Indication Callback called
Bus state is: 0
Set Net Indication Callback called
Bus state is: 0
Set Net Indication Callback called
Bus state is: 0
Set Net Indication Callback called
Bus state is: 0
Set Net Indication Callback called
Bus state is: 0
Set Net Indication Callback called
Bus state is: 0
Set Net Indication Callback called
Bus state is: 0
Set Net Indication Callback called
Bus state is: 0
Set Net Indication Callback called
Bus state is: 0
Set Net Indication Callback called
Bus state is: 0
Set Net Indication Callback called
Bus state is: 0
Set Net Indication Callback called
Bus state is: 0
Set Net Indication Callback called
Bus state is: 0
Set Net Indication Callback called
Bus state is: 0
Set Net Indication Callback called
Bus state is: 0
Set Net Indication Callback called
Bus state is: 0
Set Net Indication Callback called
Bus state is: 0
Set Net Indication Callback called
Bus state is: 0
Set Net Indication Callback called
Bus state is: 0
Set Net Indication Callback called
Bus state is: 0
Set Net Indication Callback called
Bus state is: 0
Set Net Indication Callback called
Bus state is: 0
Set Net Indication Callback called
Bus state is: 0
Set Net Indication Callback called
Bus state is: 0
Set Net Indication Callback called
Bus state is: 0
Set Net Indication Callback called
Bus state is: 0
Set Net Indication Callback called
Bus state is: 0
Set Net Indication Callback called
Bus state is: 0
Set Net Indication Callback called
Bus state is: 0
Set Net Indication Callback called
Bus state is: 0
Set Net Indication Callback called
Bus state is: 0
Set Net Indication Callback called
Bus state is: 0
Set Net Indication Callback called
Bus state is: 0
Set Net Indication Callback called
Bus state is: 0
Set Net Indication Callback called
Bus state is: 0
Set Net Indication Callback called
Bus state is: 0
Set Net Indication Callback called
Bus state is: 0
Set Net Indication Callback called
Bus state is: 0
Set Net Indication Callback called
Bus state is: 0
Set Net Indication Callback called
Bus state is: 0
Set Net Indication Callback called
Bus state is: 0
Set Net Indication Callback called
Bus state is: 0
Set Net Indication Callback called
Bus state is: 0
Set Net Indication Callback called
Bus state is: 0
Set Net Indication Callback called
Bus state is: 0
Set Net Indication Callback called
Bus state is: 0
Set Net Indication Callback called
Bus state is: 0
Set Net Indication Callback called
Bus state is: 0
Set Net Indication Callback called
Bus state is: 0
Set Net Indication Callback called
Bus state is: 0
Set Net Indication Callback called
Bus state is: 0
Set Net Indication Callback called
Bus state is: 0
Set Net Indication Callback called
Bus state is: 0
Set Net Indication Callback called
Bus state is: 0
Set Net Indication Callback called
Bus state is: 0
Set Net Indication Callback called
Bus state is: 0
Set Net Indication Callback called
Bus state is: 0
Set Net Indication Callback called
Bus state is: 0
Set Net Indication Callback called
Bus state is: 0
Set Net Indication Callback called
Bus state is: 0
Set Net Indication Callback called
Bus state is: 0
Set Net Indication Callback called
Bus state is: 0
Set Net Indication Callback called
Bus state is: 0
Set Net Indication Callback called
Bus state is: 0
Set Net Indication Callback called
Bus state is: 0
Set Net Indication Callback called
Bus state is: 0
Set Net Indication Callback called
Bus state is: 0
Set Net Indication Callback called
Bus state is: 0
Set Net Indication Callback called
Bus state is: 0
Set Net Indication Callback called
Bus state is: 0
Set Net Indication Callback called
Bus state is: 0
Set Net Indication Callback called
Bus state is: 0
Set Net Indication Callback called
Bus state is: 0
Set Net Indication Callback called
Bus state is: 0
Set Net Indication Callback called
Bus state is: 0
Set Net Indication Callback called
Bus state is: 0
Set Net Indication Callback called
Bus state is: 0
Set Net Indication Callback called
Bus state is: 0
Set Net Indication Callback called
Bus state is: 0
Set Net Indication Callback called
Bus state is: 0
Set Net Indication Callback called
Bus state is: 0
Set Net Indication Callback called
Bus state is: 0
Set Net Indication Callback called
Bus state is: 0
Set Net Indication Callback called
Bus state is: 0
Set Net Indication Callback called
Bus state is: 0
Set Net Indication Callback called
Bus state is: 0
Set Net Indication Callback called
Bus state is: 0
Set Net Indication Callback called
Bus state is: 0
Set Net Indication Callback called
Bus state is: 0
Set Net Indication Callback called
Bus state is: 0
Set Net Indication Callback called
Bus state is: 0
Set Net Indication Callback called
Bus state is: 0
Set Net Indication Callback called
Bus state is: 0
Set Net Indication Callback called
Bus state is: 0
Set Net Indication Callback called
Bus state is: 0
Set Net Indication Callback called
Bus state is: 0
Set Net Indication Callback called
Bus state is: 0
Set Net Indication Callback called
Bus state is: 0
Set Net Indication Callback called
Bus state is: 0
Set Net Indication Callback called
Bus state is: 0
Set Net Indication Callback called
Bus state is: 0
Set Net Indication Callback called
Bus state is: 0
Set Net Indication Callback called
Bus state is: 0
Set Net Indication Callback called
Bus state is: 0
Set Net Indication Callback called
Bus state is: 0
Set Net Indication Callback called
Bus state is: 0
Set Net Indication Callback called
Bus state is: 0
Set Net Indication Callback called
Bus state is: 0
Set Net Indication Callback called
Bus state is: 0
Set Net Indication Callback called
Bus state is: 0
Set Net Indication Callback called
Bus state is: 0
Set Net Indication Callback called
Bus state is: 0
Set Net Indication Callback called
Bus state is: 0
Set Net Indication Callback called
Bus state is: 0
Set Net Indication Callback called
Bus state is: 0
Set Net Indication Callback called
Bus state is: 0
Set Net Indication Callback called
Bus state is: 0
Set Net Indication Callback called
Bus state is: 0
Set Net Indication Callback called
Bus state is: 0
Set Net Indication Callback called
Bus state is: 0
Set Net Indication Callback called
Bus state is: 0
Set Net Indication Callback called
Bus state is: 0
Set Net Indication Callback called
Bus state is: 0
Set Net Indication Callback called
Bus state is: 0
Set Net Indication Callback called
Bus state is: 0
Set Net Indication Callback called
Bus state is: 0
Set Net Indication Callback called
Bus state is: 0
Set Net Indication Callback called
Bus state is: 0
Set Net Indication Callback called
Bus state is: 0
Set Net Indication Callback called
Bus state is: 0
Set Net Indication Callback called
Bus state is: 0
Set Net Indication Callback called
Bus state is: 0
Set Net Indication Callback called
Bus state is: 0
Set Net Indication Callback called
Bus state is: 0
Set Net Indication Callback called
Bus state is: 0
Set Net Indication Callback called
Bus state is: 0
Set Net Indication Callback called
Bus state is: 0
Set Net Indication Callback called
Bus state is: 0
Set Net Indication Callback called
Bus state is: 0
Set Net Indication Callback called
Bus state is: 0
Set Net Indication Callback called
Bus state is: 0
Set Net Indication Callback called
Bus state is: 0
Set Net Indication Callback called
Bus state is: 0
Set Net Indication Callback called
Bus state is: 0
Set Net Indication Callback called
Bus state is: 0
Set Net Indication Callback called
Bus state is: 0
Set Net Indication Callback called
Bus state is: 0
Set Net Indication Callback called
Bus state is: 0
Set Net Indication Callback called
Bus state is: 0
Set Net Indication Callback called
Bus state is: 0
Set Net Indication Callback called
Bus state is: 0
Set Net Indication Callback called
Bus state is: 0
Set Net Indication Callback called
Bus state is: 0
Set Net Indication Callback called
Bus state is: 0
Set Net Indication Callback called
Bus state is: 0
Set Net Indication Callback called
Bus state is: 0
Set Net Indication Callback called
Bus state is: 0
Set Net Indication Callback called
Bus state is: 0
Set Net Indication Callback called
Bus state is: 0
Set Net Indication Callback called
Bus state is: 0
Set Net Indication Callback called
Bus state is: 0
Set Net Indication Callback called
Bus state is: 0
Set Net Indication Callback called
Bus state is: 0
Set Net Indication Callback called
Bus state is: 0
Set Net Indication Callback called
Bus state is: 0
Set Net Indication Callback called
Bus state is: 0
Set Net Indication Callback called
Bus state is: 0
Set Net Indication Callback called
Bus state is: 0
Set Net Indication Callback called
Bus state is: 0
Set Net Indication Callback called
Bus state is: 0
Set Net Indication Callback called
Bus state is: 0
Set Net Indication Callback called
Bus state is: 0
Set Net Indication Callback called
Bus state is: 0
Set Net Indication Callback called
Bus state is: 0
Set Net Indication Callback called
Bus state is: 0
Set Net Indication Callback called
Bus state is: 0
Set Net Indication Callback called
Bus state is: 0
Set Net Indication Callback called
Bus state is: 0
Set Net Indication Callback called
Bus state is: 0
Set Net Indication Callback called
Bus state is: 0
Set Net Indication Callback called
Bus state is: 0
Set Net Indication Callback called
Bus state is: 0
Set Net Indication Callback called
Bus state is: 0
Set Net Indication Callback called
Bus state is: 0
Set Net Indication Callback called
Bus state is: 0
Set Net Indication Callback called
Bus state is: 0
Set Net Indication Callback called
Bus state is: 0
Set Net Indication Callback called
Bus state is: 0
Set Net Indication Callback called
Bus state is: 0
Set Net Indication Callback called
Bus state is: 0
Set Net Indication Callback called
Bus state is: 0
Set Net Indication Callback called
Bus state is: 0
Set Net Indication Callback called
Bus state is: 0
Set Net Indication Callback called
Bus state is: 0
Set Net Indication Callback called
Bus state is: 0
Set Net Indication Callback called
Bus state is: 0
Set Net Indication Callback called
Bus state is: 0
Set Net Indication Callback called
Bus state is: 0
Set Net Indication Callback called
Bus state is: 0
Set Net Indication Callback called
Bus state is: 0
Set Net Indication Callback called
Bus state is: 0
Set Net Indication Callback called
Bus state is: 0
Set Net Indication Callback called
Bus state is: 0
Set Net Indication Callback called
Bus state is: 0
Set Net Indication Callback called
Bus state is: 0
Set Net Indication Callback called
Bus state is: 0
Set Net Indication Callback called
Bus state is: 0
Set Net Indication Callback called
Bus state is: 0
Set Net Indication Callback called
Bus state is: 0
Set Net Indication Callback called
Bus state is: 0
Set Net Indication Callback called
Bus state is: 0
Set Net Indication Callback called
Bus state is: 0
Set Net Indication Callback called
Bus state is: 0
Set Net Indication Callback called
Bus state is: 0
Set Net Indication Callback called
Bus state is: 0
Set Net Indication Callback called
Bus state is: 0
Set Net Indication Callback called
Bus state is: 0
Set Net Indication Callback called
Bus state is: 0
Set Net Indication Callback called
Bus state is: 0
Set Net Indication Callback called
Bus state is: 0
Set Net Indication Callback called
Bus state is: 0
Set Net Indication Callback called
Bus state is: 0
Set Net Indication Callback called
Bus state is: 0
Set Net Indication Callback called
Bus state is: 0
Set Net Indication Callback called
Bus state is: 0
Set Net Indication Callback called
Bus state is: 0
Set Net Indication Callback called
Bus state is: 0
Set Net Indication Callback called
Bus state is: 0
Set Net Indication Callback called
Bus state is: 0
Set Net Indication Callback called
Bus state is: 0
Set Net Indication Callback called
Bus state is: 0
Set Net Indication Callback called
Bus state is: 0
Set Net Indication Callback called
Bus state is: 0
Set Net Indication Callback called
Bus state is: 0
Set Net Indication Callback called
Bus state is: 0
Set Net Indication Callback called
Bus state is: 0
Set Net Indication Callback called
Bus state is: 0
Set Net Indication Callback called
Bus state is: 0
Set Net Indication Callback called
Bus state is: 0
Set Net Indication Callback called
Bus state is: 0
Set Net Indication Callback called
Bus state is: 0
Set Net Indication Callback called
Bus state is: 0
Set Net Indication Callback called
Bus state is: 0
Set Net Indication Callback called
Bus state is: 0
Set Net Indication Callback called
Bus state is: 0
Set Net Indication Callback called
Bus state is: 0
Set Net Indication Callback called
Bus state is: 0
Set Net Indication Callback called
Bus state is: 0
Set Net Indication Callback called
Bus state is: 0
Set Net Indication Callback called
Bus state is: 0
Set Net Indication Callback called
Bus state is: 0
Set Net Indication Callback called
Bus state is: 0
Set Net Indication Callback called
Bus state is: 0
Set Net Indication Callback called
Bus state is: 0
Set Net Indication Callback called
Bus state is: 0
Set Net Indication Callback called
Bus state is: 0
Set Net Indication Callback called
Bus state is: 0
Set Net Indication Callback called
Bus state is: 0
Set Net Indication Callback called
Bus state is: 0
Set Net Indication Callback called
Bus state is: 0
Set Net Indication Callback called
Bus state is: 0
Set Net Indication Callback called
Bus state is: 0
Set Net Indication Callback called
Bus state is: 0
Set Net Indication Callback called
Bus state is: 0
Set Net Indication Callback called
Bus state is: 0
Set Net Indication Callback called
Bus state is: 0
Set Net Indication Callback called
Bus state is: 0
Set Net Indication Callback called
Bus state is: 0
Set Net Indication Callback called
Bus state is: 0
Set Net Indication Callback called
Bus state is: 0
Set Net Indication Callback called
Bus state is: 0
Set Net Indication Callback called
Bus state is: 0
Set Net Indication Callback called
Bus state is: 0
Set Net Indication Callback called
Bus state is: 0
Set Net Indication Callback called
Bus state is: 0
Set Net Indication Callback called
Bus state is: 0
Set Net Indication Callback called
Bus state is: 0
Set Net Indication Callback called
Bus state is: 0
Set Net Indication Callback called
Bus state is: 0
Set Net Indication Callback called
Bus state is: 0
Set Net Indication Callback called
Bus state is: 0
Set Net Indication Callback called
Bus state is: 0
Set Net Indication Callback called
Bus state is: 0
Set Net Indication Callback called
Bus state is: 0
Set Net Indication Callback called
Bus state is: 0
Set Net Indication Callback called
Bus state is: 0
Set Net Indication Callback called
Bus state is: 0
Set Net Indication Callback called
Bus state is: 0
Set Net Indication Callback called
Bus state is: 0
Set Net Indication Callback called
Bus state is: 0
Set Net Indication Callback called
Bus state is: 0
Set Net Indication Callback called
Bus state is: 0
Set Net Indication Callback called
Bus state is: 0
Set Net Indication Callback called
Bus state is: 0
Set Net Indication Callback called
Bus state is: 0
Set Net Indication Callback called
Bus state is: 0
Set Net Indication Callback called
Bus state is: 0
Set Net Indication Callback called
Bus state is: 0
Set Net Indication Callback called
Bus state is: 0
Set Net Indication Callback called
Bus state is: 0
Set Net Indication Callback called
Bus state is: 0
Set Net Indication Callback called
Bus state is: 0
Set Net Indication Callback called
Bus state is: 0
Set Net Indication Callback called
Bus state is: 0
Set Net Indication Callback called
Bus state is: 0
Set Net Indication Callback called
Bus state is: 0
Set Net Indication Callback called
Bus state is: 0
Set Net Indication Callback called
Bus state is: 0
Set Net Indication Callback called
Bus state is: 0
Set Net Indication Callback called
Bus state is: 0
Set Net Indication Callback called
Bus state is: 0
Set Net Indication Callback called
Bus state is: 0
Set Net Indication Callback called
Bus state is: 0
Set Net Indication Callback called
Bus state is: 0
Set Net Indication Callback called
Bus state is: 0
Set Net Indication Callback called
Bus state is: 0
Set Net Indication Callback called
Bus state is: 0
Set Net Indication Callback called
Bus state is: 0
Set Net Indication Callback called
Bus state is: 0
Set Net Indication Callback called
Bus state is: 0
Set Net Indication Callback called
Bus state is: 0
Set Net Indication Callback called
Bus state is: 0
Set Net Indication Callback called
Bus state is: 0
Set Net Indication Callback called
Bus state is: 0
Set Net Indication Callback called
Bus state is: 0
Set Net Indication Callback called
Bus state is: 0
Set Net Indication Callback called
Bus state is: 0
Set Net Indication Callback called
Bus state is: 0
Set Net Indication Callback called
Bus state is: 0
Set Net Indication Callback called
Bus state is: 0
Set Net Indication Callback called
Bus state is: 0
Set Net Indication Callback called
Bus state is: 0
Set Net Indication Callback called
Bus state is: 0
Set Net Indication Callback called
Bus state is: 0
Set Net Indication Callback called
Bus state is: 0
Set Net Indication Callback called
Bus state is: 0
Set Net Indication Callback called
Bus state is: 0
Set Net Indication Callback called
Bus state is: 0
Set Net Indication Callback called
Bus state is: 0
Set Net Indication Callback called
Bus state is: 0
Set Net Indication Callback called
Bus state is: 0
Set Net Indication Callback called
Bus state is: 0
Set Net Indication Callback called
Bus state is: 0
Set Net Indication Callback called
Bus state is: 0
Set Net Indication Callback called
Bus state is: 0
Set Net Indication Callback called
Bus state is: 0
Set Net Indication Callback called
Bus state is: 0
Set Net Indication Callback called
Bus state is: 0
Set Net Indication Callback called
Bus state is: 0
Set Net Indication Callback called
Bus state is: 0
Set Net Indication Callback called
Bus state is: 0
Set Net Indication Callback called
Bus state is: 0
Set Net Indication Callback called
Bus state is: 0
Set Net Indication Callback called
Bus state is: 0
Set Net Indication Callback called
Bus state is: 0
Set Net Indication Callback called
Bus state is: 0
Set Net Indication Callback called
Bus state is: 0
Set Net Indication Callback called
Bus state is: 0
Set Net Indication Callback called
Bus state is: 0
Set Net Indication Callback called
Bus state is: 0
Set Net Indication Callback called
Bus state is: 0
Set Net Indication Callback called
Bus state is: 0
Set Net Indication Callback called
Bus state is: 0
Set Net Indication Callback called
Bus state is: 0
Set Net Indication Callback called
Bus state is: 0
Set Net Indication Callback called
Bus state is: 0
Set Net Indication Callback called
Bus state is: 0
Set Net Indication Callback called
Bus state is: 0
Set Net Indication Callback called
Bus state is: 0
Set Net Indication Callback called
Bus state is: 0
Set Net Indication Callback called
Bus state is: 0
Set Net Indication Callback called
Bus state is: 0
Set Net Indication Callback called
Bus state is: 0
Set Net Indication Callback called
Bus state is: 0
Set Net Indication Callback called
Bus state is: 0
Set Net Indication Callback called
Bus state is: 0
Set Net Indication Callback called
Bus state is: 0
Set Net Indication Callback called
Bus state is: 0
Set Net Indication Callback called
Bus state is: 0
Set Net Indication Callback called
Bus state is: 0
Set Net Indication Callback called
Bus state is: 0
Set Net Indication Callback called
Bus state is: 0
Set Net Indication Callback called
Bus state is: 0
Set Net Indication Callback called
Bus state is: 0
Set Net Indication Callback called
Bus state is: 0
Set Net Indication Callback called
Bus state is: 0
Set Net Indication Callback called
Bus state is: 0
Set Net Indication Callback called
Bus state is: 0
Set Net Indication Callback called
Bus state is: 0
Set Net Indication Callback called
Bus state is: 0
Set Net Indication Callback called
Bus state is: 0
Set Net Indication Callback called
Bus state is: 0
Set Net Indication Callback called
Bus state is: 0
Set Net Indication Callback called
Bus state is: 0
Set Net Indication Callback called
Bus state is: 0
Set Net Indication Callback called
Bus state is: 0
Set Net Indication Callback called
Bus state is: 0
Set Net Indication Callback called
Bus state is: 0
Set Net Indication Callback called
Bus state is: 0
Set Net Indication Callback called
Bus state is: 0
Set Net Indication Callback called
Bus state is: 0
Set Net Indication Callback called
Bus state is: 0
Set Net Indication Callback called
Bus state is: 0
Set Net Indication Callback called
Bus state is: 0
Set Net Indication Callback called
Bus state is: 0
Set Net Indication Callback called
Bus state is: 0
Set Net Indication Callback called
Bus state is: 0
Set Net Indication Callback called
Bus state is: 0
Set Net Indication Callback called
Bus state is: 0
Set Net Indication Callback called
Bus state is: 0
Set Net Indication Callback called
Bus state is: 0
Set Net Indication Callback called
Bus state is: 0
Set Net Indication Callback called
Bus state is: 0
Set Net Indication Callback called
Bus state is: 0
Set Net Indication Callback called
Bus state is: 0
Set Net Indication Callback called
Bus state is: 0
Set Net Indication Callback called
Bus state is: 0
Set Net Indication Callback called
Bus state is: 0
Set Net Indication Callback called
Bus state is: 0
Set Net Indication Callback called
Bus state is: 0
Set Net Indication Callback called
Bus state is: 0
Set Net Indication Callback called
Bus state is: 0
Set Net Indication Callback called
Bus state is: 0
Set Net Indication Callback called
Bus state is: 0
Set Net Indication Callback called
Bus state is: 0
Set Net Indication Callback called
Bus state is: 0
Set Net Indication Callback called
Bus state is: 0
Set Net Indication Callback called
Bus state is: 0
Set Net Indication Callback called
Bus state is: 0
Set Net Indication Callback called
Bus state is: 0
Set Net Indication Callback called
Bus state is: 0
Set Net Indication Callback called
Bus state is: 0
Set Net Indication Callback called
Bus state is: 0
Set Net Indication Callback called
Bus state is: 0
Set Net Indication Callback called
Bus state is: 0
Set Net Indication Callback called
Bus state is: 0
Set Net Indication Callback called
Bus state is: 0
Set Net Indication Callback called
Bus state is: 0
Set Net Indication Callback called
Bus state is: 0
Set Net Indication Callback called
Bus state is: 0
Set Net Indication Callback called
Bus state is: 0
Set Net Indication Callback called
Bus state is: 0
Set Net Indication Callback called
Bus state is: 0
Set Net Indication Callback called
Bus state is: 0
Set Net Indication Callback called
Bus state is: 0
Set Net Indication Callback called
Bus state is: 0
Set Net Indication Callback called
Bus state is: 0
Set Net Indication Callback called
Bus state is: 0
Set Net Indication Callback called
Bus state is: 0
Set Net Indication Callback called
Bus state is: 0
Set Net Indication Callback called
Bus state is: 0
Set Net Indication Callback called
Bus state is: 0
Set Net Indication Callback called
Bus state is: 0
Set Net Indication Callback called
Bus state is: 0
Set Net Indication Callback called
Bus state is: 0
Set Net Indication Callback called
Bus state is: 0
Set Net Indication Callback called
Bus state is: 0
Set Net Indication Callback called
Bus state is: 0
Set Net Indication Callback called
Bus state is: 0
Set Net Indication Callback called
Bus state is: 0
Set Net Indication Callback called
Bus state is: 0
Set Net Indication Callback called
Bus state is: 0
Set Net Indication Callback called
Bus state is: 0
Set Net Indication Callback called
Bus state is: 0
Set Net Indication Callback called
Bus state is: 0
Set Net Indication Callback called
Bus state is: 0
Set Net Indication Callback called
Bus state is: 0
Set Net Indication Callback called
Bus state is: 0
Set Net Indication Callback called
Bus state is: 0
Set Net Indication Callback called
Bus state is: 0
Set Net Indication Callback called
Bus state is: 0
Set Net Indication Callback called
Bus state is: 0
Set Net Indication Callback called
Bus state is: 0
Set Net Indication Callback called
Bus state is: 0
Set Net Indication Callback called
Bus state is: 0
Set Net Indication Callback called
Bus state is: 0
Set Net Indication Callback called
Bus state is: 0
Set Net Indication Callback called
Bus state is: 0
Set Net Indication Callback called
Bus state is: 0
Set Net Indication Callback called
Bus state is: 0
Set Net Indication Callback called
Bus state is: 0
Set Net Indication Callback called
Bus state is: 0
Set Net Indication Callback called
Bus state is: 0
Set Net Indication Callback called
Bus state is: 0
Set Net Indication Callback called
Bus state is: 0
Set Net Indication Callback called
Bus state is: 0
Set Net Indication Callback called
Bus state is: 0
Set Net Indication Callback called
Bus state is: 0
Set Net Indication Callback called
Bus state is: 0
Set Net Indication Callback called
Bus state is: 0
Set Net Indication Callback called
Bus state is: 0
Set Net Indication Callback called
Bus state is: 0
Set Net Indication Callback called
Bus state is: 0
Set Net Indication Callback called
Bus state is: 0
Set Net Indication Callback called
Bus state is: 0
Set Net Indication Callback called
Bus state is: 0
Set Net Indication Callback called
Bus state is: 0
Set Net Indication Callback called
Bus state is: 0
Set Net Indication Callback called
Bus state is: 0
Set Net Indication Callback called
Bus state is: 0
Set Net Indication Callback called
Bus state is: 0
Set Net Indication Callback called
Bus state is: 0
Set Net Indication Callback called
Bus state is: 0
Set Net Indication Callback called
Bus state is: 0
Set Net Indication Callback called
Bus state is: 0
Set Net Indication Callback called
Bus state is: 0
Set Net Indication Callback called
Bus state is: 0
Set Net Indication Callback called
Bus state is: 0
Set Net Indication Callback called
Bus state is: 0
Set Net Indication Callback called
Bus state is: 0
Set Net Indication Callback called
Bus state is: 0
Set Net Indication Callback called
Bus state is: 0
Set Net Indication Callback called
Bus state is: 0
Set Net Indication Callback called
Bus state is: 0
Set Net Indication Callback called
Bus state is: 0
Set Net Indication Callback called
Bus state is: 0
Set Net Indication Callback called
Bus state is: 0
Set Net Indication Callback called
Bus state is: 0
Set Net Indication Callback called
Bus state is: 0
Set Net Indication Callback called
Bus state is: 0
Set Net Indication Callback called
Bus state is: 0
Set Net Indication Callback called
Bus state is: 0
Set Net Indication Callback called
Bus state is: 0
Set Net Indication Callback called
Bus state is: 0
Set Net Indication Callback called
Bus state is: 0
Set Net Indication Callback called
Bus state is: 0
Set Net Indication Callback called
Bus state is: 0
Set Net Indication Callback called
Bus state is: 0
Set Net Indication Callback called
Bus state is: 0
Set Net Indication Callback called
Bus state is: 0
Set Net Indication Callback called
Bus state is: 0
Set Net Indication Callback called
Bus state is: 0
Set Net Indication Callback called
Bus state is: 0
Set Net Indication Callback called
Bus state is: 0
Set Net Indication Callback called
Bus state is: 0
Set Net Indication Callback called
Bus state is: 0
Set Net Indication Callback called
Bus state is: 0
Set Net Indication Callback called
Bus state is: 0
Set Net Indication Callback called
Bus state is: 0
Set Net Indication Callback called
Bus state is: 0
Set Net Indication Callback called
Bus state is: 0
Set Net Indication Callback called
Bus state is: 0
Set Net Indication Callback called
Bus state is: 0
Set Net Indication Callback called
Bus state is: 0
Set Net Indication Callback called
Bus state is: 0
Set Net Indication Callback called
Bus state is: 0
Set Net Indication Callback called
Bus state is: 0
Set Net Indication Callback called
Bus state is: 0
Set Net Indication Callback called
Bus state is: 0
Set Net Indication Callback called
Bus state is: 0
Set Net Indication Callback called
Bus state is: 0
Set Net Indication Callback called
Bus state is: 0
Set Net Indication Callback called
Bus state is: 0
Set Net Indication Callback called
Bus state is: 0
Set Net Indication Callback called
Bus state is: 0
Set Net Indication Callback called
Bus state is: 0
Set Net Indication Callback called
Bus state is: 0
Set Net Indication Callback called
Bus state is: 0
Set Net Indication Callback called
Bus state is: 0
Set Net Indication Callback called
Bus state is: 0
Set Net Indication Callback called
Bus state is: 0
Set Net Indication Callback called
Bus state is: 0
Set Net Indication Callback called
Bus state is: 0
Set Net Indication Callback called
Bus state is: 0
Set Net Indication Callback called
Bus state is: 0
Set Net Indication Callback called
Bus state is: 0
Set Net Indication Callback called
Bus state is: 0
Set Net Indication Callback called
Bus state is: 0
Set Net Indication Callback called
Bus state is: 0
Set Net Indication Callback called
Bus state is: 0
Set Net Indication Callback called
Bus state is: 0
Set Net Indication Callback called
Bus state is: 0
Set Net Indication Callback called
Bus state is: 0
Set Net Indication Callback called
Bus state is: 0
Set Net Indication Callback called
Bus state is: 0
Set Net Indication Callback called
Bus state is: 0
Set Net Indication Callback called
Bus state is: 0
Set Net Indication Callback called
Bus state is: 0
Set Net Indication Callback called
Bus state is: 0
Set Net Indication Callback called
Bus state is: 0
Set Net Indication Callback called
Bus state is: 0
Set Net Indication Callback called
Bus state is: 0
Set Net Indication Callback called
Bus state is: 0
Set Net Indication Callback called
Bus state is: 0
Set Net Indication Callback called
Bus state is: 0
Set Net Indication Callback called
Bus state is: 0
Set Net Indication Callback called
Bus state is: 0
Set Net Indication Callback called
Bus state is: 0
Set Net Indication Callback called
Bus state is: 0
Set Net Indication Callback called
Bus state is: 0
Set Net Indication Callback called
Bus state is: 0
Set Net Indication Callback called
Bus state is: 0
Set Net Indication Callback called
Bus state is: 0
Set Net Indication Callback called
Bus state is: 0
Set Net Indication Callback called
Bus state is: 0
Set Net Indication Callback called
Bus state is: 0
Set Net Indication Callback called
Bus state is: 0
Set Net Indication Callback called
Bus state is: 0
Set Net Indication Callback called
Bus state is: 0
Set Net Indication Callback called
Bus state is: 0
Set Net Indication Callback called
Bus state is: 0
Set Net Indication Callback called
Bus state is: 0
Set Net Indication Callback called
Bus state is: 0
Set Net Indication Callback called
Bus state is: 0
Set Net Indication Callback called
Bus state is: 0
Set Net Indication Callback called
Bus state is: 0
Set Net Indication Callback called
Bus state is: 0
Set Net Indication Callback called
Bus state is: 0
Set Net Indication Callback called
Bus state is: 0
Set Net Indication Callback called
Bus state is: 0
Set Net Indication Callback called
Bus state is: 0
Set Net Indication Callback called
Bus state is: 0
Set Net Indication Callback called
Bus state is: 0
Set Net Indication Callback called
Bus state is: 0
Set Net Indication Callback called
Bus state is: 0
Set Net Indication Callback called
Bus state is: 0
Set Net Indication Callback called
Bus state is: 0
Set Net Indication Callback called
Bus state is: 0
Set Net Indication Callback called
Bus state is: 0
Set Net Indication Callback called
Bus state is: 0
Set Net Indication Callback called
Bus state is: 0
Set Net Indication Callback called
Bus state is: 0
Set Net Indication Callback called
Bus state is: 0
Set Net Indication Callback called
Bus state is: 0
Set Net Indication Callback called
Bus state is: 0
Set Net Indication Callback called
Bus state is: 0
Set Net Indication Callback called
Bus state is: 0
Set Net Indication Callback called
Bus state is: 0
Set Net Indication Callback called
Bus state is: 0
Set Net Indication Callback called
Bus state is: 0
Set Net Indication Callback called
Bus state is: 0
Set Net Indication Callback called
Bus state is: 0
Set Net Indication Callback called
Bus state is: 0
Set Net Indication Callback called
Bus state is: 0
Set Net Indication Callback called
Bus state is: 0
Set Net Indication Callback called
Bus state is: 0
Set Net Indication Callback called
Bus state is: 0
Set Net Indication Callback called
Bus state is: 0
Set Net Indication Callback called
Bus state is: 0
Set Net Indication Callback called
Bus state is: 0
Set Net Indication Callback called
Bus state is: 0
Set Net Indication Callback called
Bus state is: 0
Set Net Indication Callback called
Bus state is: 0
Set Net Indication Callback called
Bus state is: 0
Set Net Indication Callback called
Bus state is: 0
Set Net Indication Callback called
Bus state is: 0
Set Net Indication Callback called
Bus state is: 0
Set Net Indication Callback called
Bus state is: 0
Set Net Indication Callback called
Bus state is: 0
Set Net Indication Callback called
Bus state is: 0
Set Net Indication Callback called
Bus state is: 0
Set Net Indication Callback called
Bus state is: 0
Set Net Indication Callback called
Bus state is: 0
Set Net Indication Callback called
Bus state is: 0
Set Net Indication Callback called
Bus state is: 0
Set Net Indication Callback called
Bus state is: 0
Set Net Indication Callback called
Bus state is: 0
Set Net Indication Callback called
Bus state is: 0
Set Net Indication Callback called
Bus state is: 0
Set Net Indication Callback called
Bus state is: 0
Set Net Indication Callback called
Bus state is: 0
Set Net Indication Callback called
Bus state is: 0
Set Net Indication Callback called
Bus state is: 0
Set Net Indication Callback called
Bus state is: 0
Set Net Indication Callback called
Bus state is: 0
Set Net Indication Callback called
Bus state is: 0
Set Net Indication Callback called
Bus state is: 0
Set Net Indication Callback called
Bus state is: 0
Set Net Indication Callback called
Bus state is: 0
Set Net Indication Callback called
Bus state is: 0
Set Net Indication Callback called
Bus state is: 0
Set Net Indication Callback called
Bus state is: 0
Set Net Indication Callback called
Bus state is: 0
Set Net Indication Callback called
Bus state is: 0
Set Net Indication Callback called
Bus state is: 0
Set Net Indication Callback called
Bus state is: 0
Set Net Indication Callback called
Bus state is: 0
Set Net Indication Callback called
Bus state is: 0
Set Net Indication Callback called
Bus state is: 0
Set Net Indication Callback called
Bus state is: 0
Set Net Indication Callback called
Bus state is: 0
Set Net Indication Callback called
Bus state is: 0
Set Net Indication Callback called
Bus state is: 0
Set Net Indication Callback called
Bus state is: 0
Set Net Indication Callback called
Bus state is: 0
Set Net Indication Callback called
Bus state is: 0
Set Net Indication Callback called
Bus state is: 0
Set Net Indication Callback called
Bus state is: 0
Set Net Indication Callback called
Bus state is: 0
Set Net Indication Callback called
Bus state is: 0
Set Net Indication Callback called
Bus state is: 0
Set Net Indication Callback called
Bus state is: 0
Set Net Indication Callback called
Bus state is: 0
Set Net Indication Callback called
Bus state is: 0
Set Net Indication Callback called
Bus state is: 0
Set Net Indication Callback called
Bus state is: 0
Set Net Indication Callback called
Bus state is: 0
Set Net Indication Callback called
Bus state is: 0
Set Net Indication Callback called
Bus state is: 0
Set Net Indication Callback called
Bus state is: 0
Set Net Indication Callback called
Bus state is: 0
Set Net Indication Callback called
Bus state is: 0
Set Net Indication Callback called
Bus state is: 0
Set Net Indication Callback called
Bus state is: 0
Set Net Indication Callback called
Bus state is: 0
Set Net Indication Callback called
Bus state is: 0
Set Net Indication Callback called
Bus state is: 0
Set Net Indication Callback called
Bus state is: 0
Set Net Indication Callback called
Bus state is: 0
Set Net Indication Callback called
Bus state is: 0
Set Net Indication Callback called
Bus state is: 0
Set Net Indication Callback called
Bus state is: 0
Set Net Indication Callback called
Bus state is: 0
Set Net Indication Callback called
Bus state is: 0
Set Net Indication Callback called
Bus state is: 0
Set Net Indication Callback called
Bus state is: 0
Set Net Indication Callback called
Bus state is: 0
Set Net Indication Callback called
Bus state is: 0
Set Net Indication Callback called
Bus state is: 0
Set Net Indication Callback called
Bus state is: 0
Set Net Indication Callback called
Bus state is: 0
Set Net Indication Callback called
Bus state is: 0
Set Net Indication Callback called
Bus state is: 0
Set Net Indication Callback called
Bus state is: 0
Set Net Indication Callback called
Bus state is: 0
Set Net Indication Callback called
Bus state is: 0
Set Net Indication Callback called
Bus state is: 0
Set Net Indication Callback called
Bus state is: 0
Set Net Indication Callback called
Bus state is: 0
Set Net Indication Callback called
Bus state is: 0
Set Net Indication Callback called
Bus state is: 0
Set Net Indication Callback called
Bus state is: 0
Set Net Indication Callback called
Bus state is: 0
Set Net Indication Callback called
Bus state is: 0
Set Net Indication Callback called
Bus state is: 0
Set Net Indication Callback called
Bus state is: 0
Set Net Indication Callback called
Bus state is: 0
Set Net Indication Callback called
Bus state is: 0
Set Net Indication Callback called
Bus state is: 0
Set Net Indication Callback called
Bus state is: 0
Set Net Indication Callback called
Bus state is: 0
Set Net Indication Callback called
Bus state is: 0
Set Net Indication Callback called
Bus state is: 0
Set Net Indication Callback called
Bus state is: 0
Set Net Indication Callback called
Bus state is: 0
Set Net Indication Callback called
Bus state is: 0
Set Net Indication Callback called
Bus state is: 0
Set Net Indication Callback called
Bus state is: 0
Set Net Indication Callback called
Bus state is: 0
Set Net Indication Callback called
Bus state is: 0
Set Net Indication Callback called
Bus state is: 0
Set Net Indication Callback called
Bus state is: 0
Set Net Indication Callback called
Bus state is: 0
Set Net Indication Callback called
Bus state is: 0
Set Net Indication Callback called
Bus state is: 0
Set Net Indication Callback called
Bus state is: 0
Set Net Indication Callback called
Bus state is: 0
Set Net Indication Callback called
Bus state is: 0
Set Net Indication Callback called
Bus state is: 0
Set Net Indication Callback called
Bus state is: 0
Set Net Indication Callback called
Bus state is: 0
Set Net Indication Callback called
Bus state is: 0
Set Net Indication Callback called
Bus state is: 0
Set Net Indication Callback called
Bus state is: 0
Set Net Indication Callback called
Bus state is: 0
Set Net Indication Callback called
Bus state is: 0
Set Net Indication Callback called
Bus state is: 0
Set Net Indication Callback called
Bus state is: 0
Set Net Indication Callback called
Bus state is: 0
Set Net Indication Callback called
Bus state is: 0
Set Net Indication Callback called
Bus state is: 0
Set Net Indication Callback called
Bus state is: 0
Set Net Indication Callback called
Bus state is: 0
Set Net Indication Callback called
Bus state is: 0
Set Net Indication Callback called
Bus state is: 0
Set Net Indication Callback called
Bus state is: 0
Set Net Indication Callback called
Bus state is: 0
Set Net Indication Callback called
Bus state is: 0
Set Net Indication Callback called
Bus state is: 0
Set Net Indication Callback called
Bus state is: 0
Set Net Indication Callback called
Bus state is: 0
Set Net Indication Callback called
Bus state is: 0
Set Net Indication Callback called
Bus state is: 0
Set Net Indication Callback called
Bus state is: 0
Set Net Indication Callback called
Bus state is: 0
Set Net Indication Callback called
Bus state is: 0
Set Net Indication Callback called
Bus state is: 0
Set Net Indication Callback called
Bus state is: 0
Set Net Indication Callback called
Bus state is: 0
Set Net Indication Callback called
Bus state is: 0
Set Net Indication Callback called
Bus state is: 0
Set Net Indication Callback called
Bus state is: 0
Set Net Indication Callback called
Bus state is: 0
Set Net Indication Callback called
Bus state is: 0
Set Net Indication Callback called
Bus state is: 0
Set Net Indication Callback called
Bus state is: 0
Set Net Indication Callback called
Bus state is: 0
Set Net Indication Callback called
Bus state is: 0
Set Net Indication Callback called
Bus state is: 0
Set Net Indication Callback called
Bus state is: 0
Set Net Indication Callback called
Bus state is: 0
Set Net Indication Callback called
Bus state is: 0
Set Net Indication Callback called
Bus state is: 0
Set Net Indication Callback called
Bus state is: 0
Set Net Indication Callback called
Bus state is: 0
Set Net Indication Callback called
Bus state is: 0
Set Net Indication Callback called
Bus state is: 0
Set Net Indication Callback called
Bus state is: 0
Set Net Indication Callback called
Bus state is: 0
Set Net Indication Callback called
Bus state is: 0
Set Net Indication Callback called
Bus state is: 0
Set Net Indication Callback called
Bus state is: 0
Set Net Indication Callback called
Bus state is: 0
Set Net Indication Callback called
Bus state is: 0
Set Net Indication Callback called
Bus state is: 0
Set Net Indication Callback called
Bus state is: 0
Set Net Indication Callback called
Bus state is: 0
Set Net Indication Callback called
Bus state is: 0
Set Net Indication Callback called
Bus state is: 0
Set Net Indication Callback called
Bus state is: 0
Set Net Indication Callback called
Bus state is: 0
Set Net Indication Callback called
Bus state is: 0
Set Net Indication Callback called
Bus state is: 0
Set Net Indication Callback called
Bus state is: 0
Set Net Indication Callback called
Bus state is: 0
Set Net Indication Callback called
Bus state is: 0
Set Net Indication Callback called
Bus state is: 0
Set Net Indication Callback called
Bus state is: 0
Set Net Indication Callback called
Bus state is: 0
Set Net Indication Callback called
Bus state is: 0
Set Net Indication Callback called
Bus state is: 0
Set Net Indication Callback called
Bus state is: 0
Set Net Indication Callback called
Bus state is: 0
Set Net Indication Callback called
Bus state is: 0
Set Net Indication Callback called
Bus state is: 0
Set Net Indication Callback called
Bus state is: 0
Set Net Indication Callback called
Bus state is: 0
Set Net Indication Callback called
Bus state is: 0
Set Net Indication Callback called
Bus state is: 0
Set Net Indication Callback called
Bus state is: 0
Set Net Indication Callback called
Bus state is: 0
Set Net Indication Callback called
Bus state is: 0
Set Net Indication Callback called
Bus state is: 0
Set Net Indication Callback called
Bus state is: 0
Set Net Indication Callback called
Bus state is: 0
Set Net Indication Callback called
Bus state is: 0
Set Net Indication Callback called
Bus state is: 0
Set Net Indication Callback called
Bus state is: 0
Set Net Indication Callback called
Bus state is: 0
Set Net Indication Callback called
Bus state is: 0
Set Net Indication Callback called
Bus state is: 0
Set Net Indication Callback called
Bus state is: 0
Set Net Indication Callback called
Bus state is: 0
Set Net Indication Callback called
Bus state is: 0
Set Net Indication Callback called
Bus state is: 0
Set Net Indication Callback called
Bus state is: 0
Set Net Indication Callback called
Bus state is: 0
Set Net Indication Callback called
Bus state is: 0
Set Net Indication Callback called
Bus state is: 0
Set Net Indication Callback called
Bus state is: 0
Set Net Indication Callback called
Bus state is: 0
Set Net Indication Callback called
Bus state is: 0
Set Net Indication Callback called
Bus state is: 0
Set Net Indication Callback called
Bus state is: 0
Set Net Indication Callback called
Bus state is: 0
Set Net Indication Callback called
Bus state is: 0
Set Net Indication Callback called
Bus state is: 0
Set Net Indication Callback called
Bus state is: 0
Set Net Indication Callback called
Bus state is: 0
Set Net Indication Callback called
Bus state is: 0
Set Net Indication Callback called
Bus state is: 0
Set Net Indication Callback called
Bus state is: 0
Set Net Indication Callback called
Bus state is: 0
Set Net Indication Callback called
Bus state is: 0
Set Net Indication Callback called
Bus state is: 0
Set Net Indication Callback called
Bus state is: 0
Set Net Indication Callback called
Bus state is: 0
Set Net Indication Callback called
Bus state is: 0
Set Net Indication Callback called
Bus state is: 0
Set Net Indication Callback called
Bus state is: 0
Set Net Indication Callback called
Bus state is: 0
Set Net Indication Callback called
Bus state is: 0
Set Net Indication Callback called
Bus state is: 0
Set Net Indication Callback called
Bus state is: 0
Set Net Indication Callback called
Bus state is: 0
Set Net Indication Callback called
Bus state is: 0
Set Net Indication Callback called
Bus state is: 0
Set Net Indication Callback called
Bus state is: 0
Set Net Indication Callback called
Bus state is: 0
Set Net Indication Callback called
Bus state is: 0
Set Net Indication Callback called
Bus state is: 0
Set Net Indication Callback called
Bus state is: 0
Set Net Indication Callback called
Bus state is: 0
Set Net Indication Callback called
Bus state is: 0
Set Net Indication Callback called
Bus state is: 0
Set Net Indication Callback called
Bus state is: 0
Set Net Indication Callback called
Bus state is: 0
Set Net Indication Callback called
Bus state is: 0
Set Net Indication Callback called
Bus state is: 0
Set Net Indication Callback called
Bus state is: 0
Set Net Indication Callback called
Bus state is: 0
Set Net Indication Callback called
Bus state is: 0
Set Net Indication Callback called
Bus state is: 0
Set Net Indication Callback called
Bus state is: 0
Set Net Indication Callback called
Bus state is: 0
Set Net Indication Callback called
Bus state is: 0
Set Net Indication Callback called
Bus state is: 0
Set Net Indication Callback called
Bus state is: 0
Set Net Indication Callback called
Bus state is: 0
Set Net Indication Callback called
Bus state is: 0
Set Net Indication Callback called
Bus state is: 0
Set Net Indication Callback called
Bus state is: 0
Set Net Indication Callback called
Bus state is: 0
Set Net Indication Callback called
Bus state is: 0
Set Net Indication Callback called
Bus state is: 0
Set Net Indication Callback called
Bus state is: 0
Set Net Indication Callback called
Bus state is: 0
Set Net Indication Callback called
Bus state is: 0
Set Net Indication Callback called
Bus state is: 0
Set Net Indication Callback called
Bus state is: 0
Set Net Indication Callback called
Bus state is: 0
Set Net Indication Callback called
Bus state is: 0
Set Net Indication Callback called
Bus state is: 0
Set Net Indication Callback called
Bus state is: 0
Set Net Indication Callback called
Bus state is: 0
Set Net Indication Callback called
Bus state is: 0
Set Net Indication Callback called
Bus state is: 0
Set Net Indication Callback called
Bus state is: 0
Set Net Indication Callback called
Bus state is: 0
Set Net Indication Callback called
Bus state is: 0
Set Net Indication Callback called
Bus state is: 0
Set Net Indication Callback called
Bus state is: 0
Set Net Indication Callback called
Bus state is: 0
Set Net Indication Callback called
Bus state is: 0
Set Net Indication Callback called
Bus state is: 0
Set Net Indication Callback called
Bus state is: 0
Set Net Indication Callback called
Bus state is: 0
Set Net Indication Callback called
Bus state is: 0
Set Net Indication Callback called
Bus state is: 0
Set Net Indication Callback called
Bus state is: 0
Set Net Indication Callback called
Bus state is: 0
Set Net Indication Callback called
Bus state is: 0
Set Net Indication Callback called
Bus state is: 0
Set Net Indication Callback called
Bus state is: 0
Set Net Indication Callback called
Bus state is: 0
Set Net Indication Callback called
Bus state is: 0
Set Net Indication Callback called
Bus state is: 0
Set Net Indication Callback called
Bus state is: 0
Set Net Indication Callback called
Bus state is: 0
Set Net Indication Callback called
Bus state is: 0
Set Net Indication Callback called
Bus state is: 0
Set Net Indication Callback called
Bus state is: 0
Set Net Indication Callback called
Bus state is: 0
Set Net Indication Callback called
Bus state is: 0
Set Net Indication Callback called
Bus state is: 0
Set Net Indication Callback called
Bus state is: 0
Set Net Indication Callback called
Bus state is: 0
Set Net Indication Callback called
Bus state is: 0
Set Net Indication Callback called
Bus state is: 0
Set Net Indication Callback called
Bus state is: 0
Set Net Indication Callback called
Bus state is: 0
Set Net Indication Callback called
Bus state is: 0
Set Net Indication Callback called
Bus state is: 0
Set Net Indication Callback called
Bus state is: 0
Set Net Indication Callback called
Bus state is: 0
Set Net Indication Callback called
Bus state is: 0
Set Net Indication Callback called
Bus state is: 0
Set Net Indication Callback called
Bus state is: 0
Set Net Indication Callback called
Bus state is: 0
Set Net Indication Callback called
Bus state is: 0
Set Net Indication Callback called
Bus state is: 0
Set Net Indication Callback called
Bus state is: 0
Set Net Indication Callback called
Bus state is: 0
Set Net Indication Callback called
Bus state is: 0
Set Net Indication Callback called
Bus state is: 0
Set Net Indication Callback called
Bus state is: 0
Set Net Indication Callback called
Bus state is: 0
Set Net Indication Callback called
Bus state is: 0
Set Net Indication Callback called
Bus state is: 0
Set Net Indication Callback called
Bus state is: 0
Set Net Indication Callback called
Bus state is: 0
Set Net Indication Callback called
Bus state is: 0
Set Net Indication Callback called
Bus state is: 0
Set Net Indication Callback called
Bus state is: 0
Set Net Indication Callback called
Bus state is: 0
Set Net Indication Callback called
Bus state is: 0
Set Net Indication Callback called
Bus state is: 0
Set Net Indication Callback called
Bus state is: 0
Set Net Indication Callback called
Bus state is: 0
Set Net Indication Callback called
Bus state is: 0
Set Net Indication Callback called
Bus state is: 0
Set Net Indication Callback called
Bus state is: 0
Set Net Indication Callback called
Bus state is: 0
Set Net Indication Callback called
Bus state is: 0
Set Net Indication Callback called
Bus state is: 0
Set Net Indication Callback called
Bus state is: 0
Set Net Indication Callback called
Bus state is: 0
Set Net Indication Callback called
Bus state is: 0
Set Net Indication Callback called
Bus state is: 0
Set Net Indication Callback called
Bus state is: 0
Set Net Indication Callback called
Bus state is: 0
Set Net Indication Callback called
Bus state is: 0
Set Net Indication Callback called
Bus state is: 0
Set Net Indication Callback called
Bus state is: 0
Set Net Indication Callback called
Bus state is: 0
Set Net Indication Callback called
Bus state is: 0
Set Net Indication Callback called
Bus state is: 0
Set Net Indication Callback called
Bus state is: 0
Set Net Indication Callback called
Bus state is: 0
Set Net Indication Callback called
Bus state is: 0
Set Net Indication Callback called
Bus state is: 0
Set Net Indication Callback called
Bus state is: 0
Set Net Indication Callback called
Bus state is: 0
Set Net Indication Callback called
Bus state is: 0
Set Net Indication Callback called
Bus state is: 0
Set Net Indication Callback called
Bus state is: 0
Set Net Indication Callback called
Bus state is: 0
Set Net Indication Callback called
Bus state is: 0
Set Net Indication Callback called
Bus state is: 0
Set Net Indication Callback called
Bus state is: 0
Set Net Indication Callback called
Bus state is: 0
Set Net Indication Callback called
Bus state is: 0
Set Net Indication Callback called
Bus state is: 0
Set Net Indication Callback called
Bus state is: 0
Set Net Indication Callback called
Bus state is: 0
Set Net Indication Callback called
Bus state is: 0
Set Net Indication Callback called
Bus state is: 0
Set Net Indication Callback called
Bus state is: 0
Set Net Indication Callback called
Bus state is: 0
Set Net Indication Callback called
Bus state is: 0
Set Net Indication Callback called
Bus state is: 0
Set Net Indication Callback called
Bus state is: 0
Set Net Indication Callback called
Bus state is: 0
Set Net Indication Callback called
Bus state is: 0
Set Net Indication Callback called
Bus state is: 0
Set Net Indication Callback called
Bus state is: 0
Set Net Indication Callback called
Bus state is: 0
Set Net Indication Callback called
Bus state is: 0
Set Net Indication Callback called
Bus state is: 0
Set Net Indication Callback called
Bus state is: 0
Set Net Indication Callback called
Bus state is: 0
Set Net Indication Callback called
Bus state is: 0
Set Net Indication Callback called
Bus state is: 0
Set Net Indication Callback called
Bus state is: 0
Set Net Indication Callback called
Bus state is: 0
Set Net Indication Callback called
Bus state is: 0
Set Net Indication Callback called
Bus state is: 0
Set Net Indication Callback called
Bus state is: 0
Set Net Indication Callback called
Bus state is: 0
Set Net Indication Callback called
Bus state is: 0
Set Net Indication Callback called
Bus state is: 0
Set Net Indication Callback called
Bus state is: 0
Set Net Indication Callback called
Bus state is: 0
Set Net Indication Callback called
Bus state is: 0
Set Net Indication Callback called
Bus state is: 0
Set Net Indication Callback called
Bus state is: 0
Set Net Indication Callback called
Bus state is: 0
Set Net Indication Callback called
Bus state is: 0
Set Net Indication Callback called
Bus state is: 0
Set Net Indication Callback called
Bus state is: 0
Set Net Indication Callback called
Bus state is: 0
Set Net Indication Callback called
Bus state is: 0
Set Net Indication Callback called
Bus state is: 0
Set Net Indication Callback called
Bus state is: 0
Set Net Indication Callback called
Bus state is: 0
Set Net Indication Callback called
Bus state is: 0
Set Net Indication Callback called
Bus state is: 0
Set Net Indication Callback called
Bus state is: 0
Set Net Indication Callback called
Bus state is: 0
Set Net Indication Callback called
Bus state is: 0
Set Net Indication Callback called
Bus state is: 0
Set Net Indication Callback called
Bus state is: 0
Set Net Indication Callback called
Bus state is: 0
Set Net Indication Callback called
Bus state is: 0
Set Net Indication Callback called
Bus state is: 0
Set Net Indication Callback called
Bus state is: 0
Set Net Indication Callback called
Bus state is: 0
Set Net Indication Callback called
Bus state is: 0
Set Net Indication Callback called
Bus state is: 0
Set Net Indication Callback called
Bus state is: 0
Set Net Indication Callback called
Bus state is: 0
Set Net Indication Callback called
Bus state is: 0
Set Net Indication Callback called
Bus state is: 0
Set Net Indication Callback called
Bus state is: 0
Set Net Indication Callback called
Bus state is: 0
Set Net Indication Callback called
Bus state is: 0
Set Net Indication Callback called
Bus state is: 0
Set Net Indication Callback called
Bus state is: 0
Set Net Indication Callback called
Bus state is: 0
Set Net Indication Callback called
Bus state is: 0
Set Net Indication Callback called
Bus state is: 0
Set Net Indication Callback called
Bus state is: 0
Set Net Indication Callback called
Bus state is: 0
Set Net Indication Callback called
Bus state is: 0
Set Net Indication Callback called
Bus state is: 0
Set Net Indication Callback called
Bus state is: 0
Set Net Indication Callback called
Bus state is: 0
Set Net Indication Callback called
Bus state is: 0
Set Net Indication Callback called
Bus state is: 0
Set Net Indication Callback called
Bus state is: 0
Set Net Indication Callback called
Bus state is: 0
Set Net Indication Callback called
Bus state is: 0
Set Net Indication Callback called
Bus state is: 0
Set Net Indication Callback called
Bus state is: 0
Set Net Indication Callback called
Bus state is: 0
Set Net Indication Callback called
Bus state is: 0
Set Net Indication Callback called
Bus state is: 0
Set Net Indication Callback called
Bus state is: 0
Set Net Indication Callback called
Bus state is: 0
Set Net Indication Callback called
Bus state is: 0
Set Net Indication Callback called
Bus state is: 0
Set Net Indication Callback called
Bus state is: 0
Set Net Indication Callback called
Bus state is: 0
Set Net Indication Callback called
Bus state is: 0
Set Net Indication Callback called
Bus state is: 0
Set Net Indication Callback called
Bus state is: 0
Set Net Indication Callback called
Bus state is: 0
Set Net Indication Callback called
Bus state is: 0
Set Net Indication Callback called
Bus state is: 0
Set Net Indication Callback called
Bus state is: 0
Set Net Indication Callback called
Bus state is: 0
Set Net Indication Callback called
Bus state is: 0
Set Net Indication Callback called
Bus state is: 0
Set Net Indication Callback called
Bus state is: 0
Set Net Indication Callback called
Bus state is: 0
Set Net Indication Callback called
Bus state is: 0
Set Net Indication Callback called
Bus state is: 0
Set Net Indication Callback called
Bus state is: 0
Set Net Indication Callback called
Bus state is: 0
Set Net Indication Callback called
Bus state is: 0
Set Net Indication Callback called
Bus state is: 0
Set Net Indication Callback called
Bus state is: 0
Set Net Indication Callback called
Bus state is: 0
Set Net Indication Callback called
Bus state is: 0
Set Net Indication Callback called
Bus state is: 0
Set Net Indication Callback called
Bus state is: 0
Set Net Indication Callback called
Bus state is: 0
Set Net Indication Callback called
Bus state is: 0
Set Net Indication Callback called
Bus state is: 0
Set Net Indication Callback called
Bus state is: 0
Set Net Indication Callback called
Bus state is: 0
Set Net Indication Callback called
Bus state is: 0
Set Net Indication Callback called
Bus state is: 0
Set Net Indication Callback called
Bus state is: 0
Set Net Indication Callback called
Bus state is: 0
Set Net Indication Callback called
Bus state is: 0
Set Net Indication Callback called
Bus state is: 0
Set Net Indication Callback called
Bus state is: 0
Set Net Indication Callback called
Bus state is: 0
Set Net Indication Callback called
Bus state is: 0
Set Net Indication Callback called
Bus state is: 0
Set Net Indication Callback called
Bus state is: 0
Set Net Indication Callback called
Bus state is: 0
Set Net Indication Callback called
Bus state is: 0
Set Net Indication Callback called
Bus state is: 0
Set Net Indication Callback called
Bus state is: 0
Set Net Indication Callback called
Bus state is: 0
Set Net Indication Callback called
Bus state is: 0
Set Net Indication Callback called
Bus state is: 0
Set Net Indication Callback called
Bus state is: 0
Set Net Indication Callback called
Bus state is: 0
Set Net Indication Callback called
Bus state is: 0
Set Net Indication Callback called
Bus state is: 0
Set Net Indication Callback called
Bus state is: 0
Set Net Indication Callback called
Bus state is: 0
Set Net Indication Callback called
Bus state is: 0
Set Net Indication Callback called
Bus state is: 0
Set Net Indication Callback called
Bus state is: 0
Set Net Indication Callback called
Bus state is: 0
Set Net Indication Callback called
Bus state is: 0
Set Net Indication Callback called
Bus state is: 0
Set Net Indication Callback called
Bus state is: 0
Set Net Indication Callback called
Bus state is: 0
Set Net Indication Callback called
Bus state is: 0
Set Net Indication Callback called
Bus state is: 0
Set Net Indication Callback called
Bus state is: 0
Set Net Indication Callback called
Bus state is: 0
Set Net Indication Callback called
Bus state is: 0
Set Net Indication Callback called
Bus state is: 0
Set Net Indication Callback called
Bus state is: 0
Set Net Indication Callback called
Bus state is: 0
Set Net Indication Callback called
Bus state is: 0
Set Net Indication Callback called
Bus state is: 0
Set Net Indication Callback called
Bus state is: 0
Set Net Indication Callback called
Bus state is: 0
Set Net Indication Callback called
Bus state is: 0
Set Net Indication Callback called
Bus state is: 0
Set Net Indication Callback called
Bus state is: 0
Set Net Indication Callback called
Bus state is: 0
Set Net Indication Callback called
Bus state is: 0
Set Net Indication Callback called
Bus state is: 0
Set Net Indication Callback called
Bus state is: 0
Set Net Indication Callback called
Bus state is: 0
Set Net Indication Callback called
Bus state is: 0
Set Net Indication Callback called
Bus state is: 0
Set Net Indication Callback called
Bus state is: 0
Set Net Indication Callback called
Bus state is: 0
Set Net Indication Callback called
Bus state is: 0
Set Net Indication Callback called
Bus state is: 0
Set Net Indication Callback called
Bus state is: 0
Set Net Indication Callback called
Bus state is: 0
Set Net Indication Callback called
Bus state is: 0
Set Net Indication Callback called
Bus state is: 0
Set Net Indication Callback called
Bus state is: 0
Set Net Indication Callback called
Bus state is: 0
Set Net Indication Callback called
Bus state is: 0
Set Net Indication Callback called
Bus state is: 0
Set Net Indication Callback called
Bus state is: 0
Set Net Indication Callback called
Bus state is: 0
Set Net Indication Callback called
Bus state is: 0
Set Net Indication Callback called
Bus state is: 0
Set Net Indication Callback called
Bus state is: 0
Set Net Indication Callback called
Bus state is: 0
Set Net Indication Callback called
Bus state is: 0
Set Net Indication Callback called
Bus state is: 0
Set Net Indication Callback called
Bus state is: 0
Set Net Indication Callback called
Bus state is: 0
Set Net Indication Callback called
Bus state is: 0
Set Net Indication Callback called
Bus state is: 0
Set Net Indication Callback called
Bus state is: 0
Set Net Indication Callback called
Bus state is: 0
Set Net Indication Callback called
Bus state is: 0
Set Net Indication Callback called
Bus state is: 0
Set Net Indication Callback called
Bus state is: 0
Set Net Indication Callback called
Bus state is: 0
Set Net Indication Callback called
Bus state is: 0
Set Net Indication Callback called
Bus state is: 0
Set Net Indication Callback called
Bus state is: 0
Set Net Indication Callback called
Bus state is: 0
Set Net Indication Callback called
Bus state is: 0
Set Net Indication Callback called
Bus state is: 0
Set Net Indication Callback called
Bus state is: 0
Set Net Indication Callback called
Bus state is: 0
Set Net Indication Callback called
Bus state is: 0
Set Net Indication Callback called
Bus state is: 0
Set Net Indication Callback called
Bus state is: 0
Set Net Indication Callback called
Bus state is: 0
Set Net Indication Callback called
Bus state is: 0
Set Net Indication Callback called
Bus state is: 0
Set Net Indication Callback called
Bus state is: 0
Set Net Indication Callback called
Bus state is: 0
Set Net Indication Callback called
Bus state is: 0
Set Net Indication Callback called
Bus state is: 0
Set Net Indication Callback called
Bus state is: 0
Set Net Indication Callback called
Bus state is: 0
Set Net Indication Callback called
Bus state is: 0
Set Net Indication Callback called
Bus state is: 0
Set Net Indication Callback called
Bus state is: 0
Set Net Indication Callback called
Bus state is: 0
Set Net Indication Callback called
Bus state is: 0
Set Net Indication Callback called
Bus state is: 0
Set Net Indication Callback called
Bus state is: 0
Set Net Indication Callback called
Bus state is: 0
Set Net Indication Callback called
Bus state is: 0
Set Net Indication Callback called
Bus state is: 0
Set Net Indication Callback called
Bus state is: 0
Set Net Indication Callback called
Bus state is: 0
Set Net Indication Callback called
Bus state is: 0
Set Net Indication Callback called
Bus state is: 0
Set Net Indication Callback called
Bus state is: 0
Set Net Indication Callback called
Bus state is: 0
Set Net Indication Callback called
Bus state is: 0
Set Net Indication Callback called
Bus state is: 0
Set Net Indication Callback called
Bus state is: 0
Set Net Indication Callback called
Bus state is: 0
Set Net Indication Callback called
Bus state is: 0
Set Net Indication Callback called
Bus state is: 0
Set Net Indication Callback called
Bus state is: 0
Set Net Indication Callback called
Bus state is: 0
Set Net Indication Callback called
Bus state is: 0
Set Net Indication Callback called
Bus state is: 0
Set Net Indication Callback called
Bus state is: 0
Set Net Indication Callback called
Bus state is: 0
Set Net Indication Callback called
Bus state is: 0
Set Net Indication Callback called
Bus state is: 0
Set Net Indication Callback called
Bus state is: 0
Set Net Indication Callback called
Bus state is: 0
Set Net Indication Callback called
Bus state is: 0
Set Net Indication Callback called
Bus state is: 0
Set Net Indication Callback called
Bus state is: 0
Set Net Indication Callback called
Bus state is: 0
Set Net Indication Callback called
Bus state is: 0
Set Net Indication Callback called
Bus state is: 0
Set Net Indication Callback called
Bus state is: 0
Set Net Indication Callback called
Bus state is: 0
Set Net Indication Callback called
Bus state is: 0
Set Net Indication Callback called
Bus state is: 0
Set Net Indication Callback called
Bus state is: 0
Set Net Indication Callback called
Bus state is: 0
Set Net Indication Callback called
Bus state is: 0
Set Net Indication Callback called
Bus state is: 0
Set Net Indication Callback called
Bus state is: 0
Set Net Indication Callback called
Bus state is: 0
Set Net Indication Callback called
Bus state is: 0
Set Net Indication Callback called
Bus state is: 0
Set Net Indication Callback called
Bus state is: 0
Set Net Indication Callback called
Bus state is: 0
Set Net Indication Callback called
Bus state is: 0
Set Net Indication Callback called
Bus state is: 0
Set Net Indication Callback called
Bus state is: 0
Set Net Indication Callback called
Bus state is: 0
Set Net Indication Callback called
Bus state is: 0
Set Net Indication Callback called
Bus state is: 0
Set Net Indication Callback called
Bus state is: 0
Set Net Indication Callback called
Bus state is: 0
Set Net Indication Callback called
Bus state is: 0
Set Net Indication Callback called
Bus state is: 0
Set Net Indication Callback called
Bus state is: 0
Set Net Indication Callback called
Bus state is: 0
Set Net Indication Callback called
Bus state is: 0
Set Net Indication Callback called
Bus state is: 0
Set Net Indication Callback called
Bus state is: 0
Set Net Indication Callback called
Bus state is: 0
Set Net Indication Callback called
Bus state is: 0
Set Net Indication Callback called
Bus state is: 0
Set Net Indication Callback called
Bus state is: 0
Set Net Indication Callback called
Bus state is: 0
Set Net Indication Callback called
Bus state is: 0
Set Net Indication Callback called
Bus state is: 0
Set Net Indication Callback called
Bus state is: 0
Set Net Indication Callback called
Bus state is: 0
Set Net Indication Callback called
Bus state is: 0
Set Net Indication Callback called
Bus state is: 0
Set Net Indication Callback called
Bus state is: 0
Set Net Indication Callback called
Bus state is: 0
Set Net Indication Callback called
Bus state is: 0
Set Net Indication Callback called
Bus state is: 0
Set Net Indication Callback called
Bus state is: 0
Set Net Indication Callback called
Bus state is: 0
Set Net Indication Callback called
Bus state is: 0
Set Net Indication Callback called
Bus state is: 0
Set Net Indication Callback called
Bus state is: 0
Set Net Indication Callback called
Bus state is: 0
Set Net Indication Callback called
Bus state is: 0
Set Net Indication Callback called
Bus state is: 0
Set Net Indication Callback called
Bus state is: 0
Set Net Indication Callback called
Bus state is: 0
Set Net Indication Callback called
Bus state is: 0
Set Net Indication Callback called
Bus state is: 0
Set Net Indication Callback called
Bus state is: 0
Set Net Indication Callback called
Bus state is: 0
Set Net Indication Callback called
Bus state is: 0
Set Net Indication Callback called
Bus state is: 0
Set Net Indication Callback called
Bus state is: 0
Set Net Indication Callback called
Bus state is: 0
Set Net Indication Callback called
Bus state is: 0
Set Net Indication Callback called
Bus state is: 0
Set Net Indication Callback called
Bus state is: 0
Set Net Indication Callback called
Bus state is: 0
Set Net Indication Callback called
Bus state is: 0
Set Net Indication Callback called
Bus state is: 0
Set Net Indication Callback called
Bus state is: 0
Set Net Indication Callback called
Bus state is: 0
Set Net Indication Callback called
Bus state is: 0
Set Net Indication Callback called
Bus state is: 0
Set Net Indication Callback called
Bus state is: 0
Set Net Indication Callback called
Bus state is: 0
Set Net Indication Callback called
Bus state is: 0
Set Net Indication Callback called
Bus state is: 0
Set Net Indication Callback called
Bus state is: 0
Set Net Indication Callback called
Bus state is: 0
Set Net Indication Callback called
Bus state is: 0
Set Net Indication Callback called
Bus state is: 0
Set Net Indication Callback called
Bus state is: 0
Set Net Indication Callback called
Bus state is: 0
Set Net Indication Callback called
Bus state is: 0
Set Net Indication Callback called
Bus state is: 0
Set Net Indication Callback called
Bus state is: 0
Set Net Indication Callback called
Bus state is: 0
Set Net Indication Callback called
Bus state is: 0
Set Net Indication Callback called
Bus state is: 0
Set Net Indication Callback called
Bus state is: 0
Set Net Indication Callback called
Bus state is: 0
Set Net Indication Callback called
Bus state is: 0
Set Net Indication Callback called
Bus state is: 0
Set Net Indication Callback called
Bus state is: 0
Set Net Indication Callback called
Bus state is: 0
Set Net Indication Callback called
Bus state is: 0
Set Net Indication Callback called
Bus state is: 0
Set Net Indication Callback called
Bus state is: 0
Set Net Indication Callback called
Bus state is: 0
Set Net Indication Callback called
Bus state is: 0
Set Net Indication Callback called
Bus state is: 0
Set Net Indication Callback called
Bus state is: 0
Set Net Indication Callback called
Bus state is: 0
Set Net Indication Callback called
Bus state is: 0
Set Net Indication Callback called
Bus state is: 0
Set Net Indication Callback called
Bus state is: 0
Set Net Indication Callback called
Bus state is: 0
Set Net Indication Callback called
Bus state is: 0
Set Net Indication Callback called
Bus state is: 0
Set Net Indication Callback called
Bus state is: 0
Set Net Indication Callback called
Bus state is: 0
Set Net Indication Callback called
Bus state is: 0
Set Net Indication Callback called
Bus state is: 0
Set Net Indication Callback called
Bus state is: 0
Set Net Indication Callback called
Bus state is: 0
Set Net Indication Callback called
Bus state is: 0
Set Net Indication Callback called
Bus state is: 0
Set Net Indication Callback called
Bus state is: 0
Set Net Indication Callback called
Bus state is: 0
Set Net Indication Callback called
Bus state is: 0
Set Net Indication Callback called
Bus state is: 0
Set Net Indication Callback called
Bus state is: 0
Set Net Indication Callback called
Bus state is: 0
Set Net Indication Callback called
Bus state is: 0
Set Net Indication Callback called
Bus state is: 0
Set Net Indication Callback called
Bus state is: 0
Set Net Indication Callback called
Bus state is: 0
Set Net Indication Callback called
Bus state is: 0
Set Net Indication Callback called
Bus state is: 0
Set Net Indication Callback called
Bus state is: 0
Set Net Indication Callback called
Bus state is: 0
Set Net Indication Callback called
Bus state is: 0
Set Net Indication Callback called
Bus state is: 0
Set Net Indication Callback called
Bus state is: 0
Set Net Indication Callback called
Bus state is: 0
Set Net Indication Callback called
Bus state is: 0
Set Net Indication Callback called
Bus state is: 0
Set Net Indication Callback called
Bus state is: 0
Set Net Indication Callback called
Bus state is: 0
Set Net Indication Callback called
Bus state is: 0
Set Net Indication Callback called
Bus state is: 0
Set Net Indication Callback called
Bus state is: 0
Set Net Indication Callback called
Bus state is: 0
Set Net Indication Callback called
Bus state is: 0
Set Net Indication Callback called
Bus state is: 0
Set Net Indication Callback called
Bus state is: 0
Set Net Indication Callback called
Bus state is: 0
Set Net Indication Callback called
Bus state is: 0
Set Net Indication Callback called
Bus state is: 0
Set Net Indication Callback called
Bus state is: 0
Set Net Indication Callback called
Bus state is: 0
Set Net Indication Callback called
Bus state is: 0
Set Net Indication Callback called
Bus state is: 0
Set Net Indication Callback called
Bus state is: 0
Set Net Indication Callback called
Bus state is: 0
Set Net Indication Callback called
Bus state is: 0
Set Net Indication Callback called
Bus state is: 0
Set Net Indication Callback called
Bus state is: 0
Set Net Indication Callback called
Bus state is: 0
Set Net Indication Callback called
Bus state is: 0
Set Net Indication Callback called
Bus state is: 0
Set Net Indication Callback called
Bus state is: 0
Set Net Indication Callback called
Bus state is: 0
Set Net Indication Callback called
Bus state is: 0
Set Net Indication Callback called
Bus state is: 0
Set Net Indication Callback called
Bus state is: 0
Set Net Indication Callback called
Bus state is: 0
Set Net Indication Callback called
Bus state is: 0
Set Net Indication Callback called
Bus state is: 0
Set Net Indication Callback called
Bus state is: 0
Set Net Indication Callback called
Bus state is: 0
Set Net Indication Callback called
Bus state is: 0
Set Net Indication Callback called
Bus state is: 0
Set Net Indication Callback called
Bus state is: 0
Set Net Indication Callback called
Bus state is: 0
Set Net Indication Callback called
Bus state is: 0
Set Net Indication Callback called
Bus state is: 0
Set Net Indication Callback called
Bus state is: 0
Set Net Indication Callback called
Bus state is: 0
Set Net Indication Callback called
Bus state is: 0
Set Net Indication Callback called
Bus state is: 0
Set Net Indication Callback called
Bus state is: 0
Set Net Indication Callback called
Bus state is: 0
Set Net Indication Callback called
Bus state is: 0
Set Net Indication Callback called
Bus state is: 0
Set Net Indication Callback called
Bus state is: 0
Set Net Indication Callback called
Bus state is: 0
Set Net Indication Callback called
Bus state is: 0
Set Net Indication Callback called
Bus state is: 0
Set Net Indication Callback called
Bus state is: 0
Set Net Indication Callback called
Bus state is: 0
Set Net Indication Callback called
Bus state is: 0
Set Net Indication Callback called
Bus state is: 0
Set Net Indication Callback called
Bus state is: 0
Set Net Indication Callback called
Bus state is: 0
Set Net Indication Callback called
Bus state is: 0
Set Net Indication Callback called
Bus state is: 0
Set Net Indication Callback called
Bus state is: 0
Set Net Indication Callback called
Bus state is: 0
Set Net Indication Callback called
Bus state is: 0
Set Net Indication Callback called
Bus state is: 0
Set Net Indication Callback called
Bus state is: 0
Set Net Indication Callback called
Bus state is: 0
Set Net Indication Callback called
Bus state is: 0
Set Net Indication Callback called
Bus state is: 0
Set Net Indication Callback called
Bus state is: 0
Set Net Indication Callback called
Bus state is: 0
Set Net Indication Callback called
Bus state is: 0
Set Net Indication Callback called
Bus state is: 0
Set Net Indication Callback called
Bus state is: 0
Set Net Indication Callback called
Bus state is: 0
Set Net Indication Callback called
Bus state is: 0
Set Net Indication Callback called
Bus state is: 0
Set Net Indication Callback called
Bus state is: 0
Set Net Indication Callback called
Bus state is: 0
Set Net Indication Callback called
Bus state is: 0
Set Net Indication Callback called
Bus state is: 0
Set Net Indication Callback called
Bus state is: 0
Set Net Indication Callback called
Bus state is: 0
Set Net Indication Callback called
Bus state is: 0
Set Net Indication Callback called
Bus state is: 0
Set Net Indication Callback called
Bus state is: 0
Set Net Indication Callback called
Bus state is: 0
Set Net Indication Callback called
Bus state is: 0
Set Net Indication Callback called
Bus state is: 0
Set Net Indication Callback called
Bus state is: 0
Set Net Indication Callback called
Bus state is: 0
Set Net Indication Callback called
Bus state is: 0
Set Net Indication Callback called
Bus state is: 0
Set Net Indication Callback called
Bus state is: 0
Set Net Indication Callback called
Bus state is: 0
Set Net Indication Callback called
Bus state is: 0
Set Net Indication Callback called
Bus state is: 0
Set Net Indication Callback called
Bus state is: 0
Set Net Indication Callback called
Bus state is: 0
Set Net Indication Callback called
Bus state is: 0
Set Net Indication Callback called
Bus state is: 0
Set Net Indication Callback called
Bus state is: 0
Set Net Indication Callback called
Bus state is: 0
Set Net Indication Callback called
Bus state is: 0
Set Net Indication Callback called
Bus state is: 0
Set Net Indication Callback called
Bus state is: 0
Set Net Indication Callback called
Bus state is: 0
Set Net Indication Callback called
Bus state is: 0
Set Net Indication Callback called
Bus state is: 0
Set Net Indication Callback called
Bus state is: 0
Set Net Indication Callback called
Bus state is: 0
Set Net Indication Callback called
Bus state is: 0
Set Net Indication Callback called
Bus state is: 0
Set Net Indication Callback called
Bus state is: 0
Set Net Indication Callback called
Bus state is: 0
Set Net Indication Callback called
Bus state is: 0
Set Net Indication Callback called
Bus state is: 0
Set Net Indication Callback called
Bus state is: 0
Set Net Indication Callback called
Bus state is: 0
Set Net Indication Callback called
Bus state is: 0
Set Net Indication Callback called
Bus state is: 0
Set Net Indication Callback called
Bus state is: 0
Set Net Indication Callback called
Bus state is: 0
Set Net Indication Callback called
Bus state is: 0
Set Net Indication Callback called
Bus state is: 0
Set Net Indication Callback called
Bus state is: 0
Set Net Indication Callback called
Bus state is: 0
Set Net Indication Callback called
Bus state is: 0
Set Net Indication Callback called
Bus state is: 0
Set Net Indication Callback called
Bus state is: 0
Set Net Indication Callback called
Bus state is: 0
Set Net Indication Callback called
Bus state is: 0
Set Net Indication Callback called
Bus state is: 0
Set Net Indication Callback called
Bus state is: 0
Set Net Indication Callback called
Bus state is: 0
Set Net Indication Callback called
Bus state is: 0
Set Net Indication Callback called
Bus state is: 0
Set Net Indication Callback called
Bus state is: 0
Set Net Indication Callback called
Bus state is: 0
Set Net Indication Callback called
Bus state is: 0
Set Net Indication Callback called
Bus state is: 0
Set Net Indication Callback called
Bus state is: 0
Set Net Indication Callback called
Bus state is: 0
Set Net Indication Callback called
Bus state is: 0
Set Net Indication Callback called
Bus state is: 0
Set Net Indication Callback called
Bus state is: 0
Set Net Indication Callback called
Bus state is: 0
Set Net Indication Callback called
Bus state is: 0
Set Net Indication Callback called
Bus state is: 0
Set Net Indication Callback called
Bus state is: 0
Set Net Indication Callback called
Bus state is: 0
Set Net Indication Callback called
Bus state is: 0
Set Net Indication Callback called
Bus state is: 0
Set Net Indication Callback called
Bus state is: 0
Set Net Indication Callback called
Bus state is: 0
Set Net Indication Callback called
Bus state is: 0
Set Net Indication Callback called
Bus state is: 0
Set Net Indication Callback called
Bus state is: 0
Set Net Indication Callback called
Bus state is: 0
Set Net Indication Callback called
Bus state is: 0
Set Net Indication Callback called
Bus state is: 0
Set Net Indication Callback called
Bus state is: 0
Set Net Indication Callback called
Bus state is: 0
Set Net Indication Callback called
Bus state is: 0
Set Net Indication Callback called
Bus state is: 0
Set Net Indication Callback called
Bus state is: 0
Set Net Indication Callback called
Bus state is: 0
Set Net Indication Callback called
Bus state is: 0
Set Net Indication Callback called
Bus state is: 0
Set Net Indication Callback called
Bus state is: 0
Set Net Indication Callback called
Bus state is: 0
Set Net Indication Callback called
Bus state is: 0
Set Net Indication Callback called
Bus state is: 0
Set Net Indication Callback called
Bus state is: 0
Set Net Indication Callback called
Bus state is: 0
Set Net Indication Callback called
Bus state is: 0
Set Net Indication Callback called
Bus state is: 0
Set Net Indication Callback called
Bus state is: 0
Set Net Indication Callback called
Bus state is: 0
Set Net Indication Callback called
Bus state is: 0
Set Net Indication Callback called
Bus state is: 0
Set Net Indication Callback called
Bus state is: 0
Set Net Indication Callback called
Bus state is: 0
Set Net Indication Callback called
Bus state is: 0
Set Net Indication Callback called
Bus state is: 0
Set Net Indication Callback called
Bus state is: 0
Set Net Indication Callback called
Bus state is: 0
Set Net Indication Callback called
Bus state is: 0
Set Net Indication Callback called
Bus state is: 0
Set Net Indication Callback called
Bus state is: 0
Set Net Indication Callback called
Bus state is: 0
Set Net Indication Callback called
Bus state is: 0
Set Net Indication Callback called
Bus state is: 0
Set Net Indication Callback called
Bus state is: 0
Set Net Indication Callback called
Bus state is: 0
Set Net Indication Callback called
Bus state is: 0
Set Net Indication Callback called
Bus state is: 0
Set Net Indication Callback called
Bus state is: 0
Set Net Indication Callback called
Bus state is: 0
Set Net Indication Callback called
Bus state is: 0
Set Net Indication Callback called
Bus state is: 0
Set Net Indication Callback called
Bus state is: 0
Set Net Indication Callback called
Bus state is: 0
Set Net Indication Callback called
Bus state is: 0
Set Net Indication Callback called
Bus state is: 0
Set Net Indication Callback called
Bus state is: 0
Set Net Indication Callback called
Bus state is: 0
Set Net Indication Callback called
Bus state is: 0
Set Net Indication Callback called
Bus state is: 0
Set Net Indication Callback called
Bus state is: 0
Set Net Indication Callback called
Bus state is: 0
Set Net Indication Callback called
Bus state is: 0
Set Net Indication Callback called
Bus state is: 0
Set Net Indication Callback called
Bus state is: 0
Set Net Indication Callback called
Bus state is: 0
Set Net Indication Callback called
Bus state is: 0
Set Net Indication Callback called
Bus state is: 0
Set Net Indication Callback called
Bus state is: 0
Set Net Indication Callback called
Bus state is: 0
Set Net Indication Callback called
Bus state is: 0
Set Net Indication Callback called
Bus state is: 0
Set Net Indication Callback called
Bus state is: 0
Set Net Indication Callback called
Bus state is: 0
Set Net Indication Callback called
Bus state is: 0
Set Net Indication Callback called
Bus state is: 0
Set Net Indication Callback called
Bus state is: 0
Set Net Indication Callback called
Bus state is: 0
Set Net Indication Callback called
Bus state is: 0
Set Net Indication Callback called
Bus state is: 0
Set Net Indication Callback called
Bus state is: 0
Set Net Indication Callback called
Bus state is: 0
Set Net Indication Callback called
Bus state is: 0
Set Net Indication Callback called
Bus state is: 0
Set Net Indication Callback called
Bus state is: 0
Set Net Indication Callback called
Bus state is: 0
Set Net Indication Callback called
Bus state is: 0
Set Net Indication Callback called
Bus state is: 0
Set Net Indication Callback called
Bus state is: 0
Set Net Indication Callback called
Bus state is: 0
Set Net Indication Callback called
Bus state is: 0
Set Net Indication Callback called
Bus state is: 0
Set Net Indication Callback called
Bus state is: 0
Set Net Indication Callback called
Bus state is: 0
Set Net Indication Callback called
Bus state is: 0
Set Net Indication Callback called
Bus state is: 0
Set Net Indication Callback called
Bus state is: 0
Set Net Indication Callback called
Bus state is: 0
Set Net Indication Callback called
Bus state is: 0
Set Net Indication Callback called
Bus state is: 0
Set Net Indication Callback called
Bus state is: 0
Set Net Indication Callback called
Bus state is: 0
Set Net Indication Callback called
Bus state is: 0
Set Net Indication Callback called
Bus state is: 0
Set Net Indication Callback called
Bus state is: 0
Set Net Indication Callback called
Bus state is: 0
Set Net Indication Callback called
Bus state is: 0
Set Net Indication Callback called
Bus state is: 0
Set Net Indication Callback called
Bus state is: 0
Set Net Indication Callback called
Bus state is: 0
Set Net Indication Callback called
Bus state is: 0
Set Net Indication Callback called
Bus state is: 0
Set Net Indication Callback called
Bus state is: 0
Set Net Indication Callback called
Bus state is: 0
Set Net Indication Callback called
Bus state is: 0
Set Net Indication Callback called
Bus state is: 0
Set Net Indication Callback called
Bus state is: 0
Set Net Indication Callback called
Bus state is: 0
Set Net Indication Callback called
Bus state is: 0
Set Net Indication Callback called
Bus state is: 0
Set Net Indication Callback called
Bus state is: 0
Set Net Indication Callback called
Bus state is: 0
Set Net Indication Callback called
Bus state is: 0
Set Net Indication Callback called
Bus state is: 0
Set Net Indication Callback called
Bus state is: 0
Set Net Indication Callback called
Bus state is: 0
Set Net Indication Callback called
Bus state is: 0
Set Net Indication Callback called
Bus state is: 0
Set Net Indication Callback called
Bus state is: 0
Set Net Indication Callback called
Bus state is: 0
Set Net Indication Callback called
Bus state is: 0
Set Net Indication Callback called
Bus state is: 0
Set Net Indication Callback called
Bus state is: 0
Set Net Indication Callback called
Bus state is: 0
Set Net Indication Callback called
Bus state is: 0
Set Net Indication Callback called
Bus state is: 0
Set Net Indication Callback called
Bus state is: 0
Set Net Indication Callback called
Bus state is: 0
Set Net Indication Callback called
Bus state is: 0
Set Net Indication Callback called
Bus state is: 0
Set Net Indication Callback called
Bus state is: 0
Set Net Indication Callback called
Bus state is: 0
Set Net Indication Callback called
Bus state is: 0
Set Net Indication Callback called
Bus state is: 0
Set Net Indication Callback called
Bus state is: 0
Set Net Indication Callback called
Bus state is: 0
Set Net Indication Callback called
Bus state is: 0
Set Net Indication Callback called
Bus state is: 0
Set Net Indication Callback called
Bus state is: 0
Set Net Indication Callback called
Bus state is: 0
Set Net Indication Callback called
Bus state is: 0
Set Net Indication Callback called
Bus state is: 0
Set Net Indication Callback called
Bus state is: 0
Set Net Indication Callback called
Bus state is: 0
Set Net Indication Callback called
Bus state is: 0
Set Net Indication Callback called
Bus state is: 0
Set Net Indication Callback called
Bus state is: 0
Set Net Indication Callback called
Bus state is: 0
Set Net Indication Callback called
Bus state is: 0
Set Net Indication Callback called
Bus state is: 0
Set Net Indication Callback called
Bus state is: 0
Set Net Indication Callback called
Bus state is: 0
Set Net Indication Callback called
Bus state is: 0
Set Net Indication Callback called
Bus state is: 0
Set Net Indication Callback called
Bus state is: 0
Set Net Indication Callback called
Bus state is: 0
Set Net Indication Callback called
Bus state is: 0
Set Net Indication Callback called
Bus state is: 0
Set Net Indication Callback called
Bus state is: 0
Set Net Indication Callback called
Bus state is: 0
Set Net Indication Callback called
Bus state is: 0
Set Net Indication Callback called
Bus state is: 0
Set Net Indication Callback called
Bus state is: 0
Set Net Indication Callback called
Bus state is: 0
Set Net Indication Callback called
Bus state is: 0
Set Net Indication Callback called
Bus state is: 0
Set Net Indication Callback called
Bus state is: 0
Set Net Indication Callback called
Bus state is: 0
Set Net Indication Callback called
Bus state is: 0
Set Net Indication Callback called
Bus state is: 0
Set Net Indication Callback called
Bus state is: 0
Set Net Indication Callback called
Bus state is: 0
Set Net Indication Callback called
Bus state is: 0
Set Net Indication Callback called
Bus state is: 0
Set Net Indication Callback called
Bus state is: 0
Set Net Indication Callback called
Bus state is: 0
Set Net Indication Callback called
Bus state is: 0
Set Net Indication Callback called
Bus state is: 0
Set Net Indication Callback called
Bus state is: 0
Set Net Indication Callback called
Bus state is: 0
Set Net Indication Callback called
Bus state is: 0
Set Net Indication Callback called
Bus state is: 0
Set Net Indication Callback called
Bus state is: 0
Set Net Indication Callback called
Bus state is: 0
Set Net Indication Callback called
Bus state is: 0
Set Net Indication Callback called
Bus state is: 0
Set Net Indication Callback called
Bus state is: 0
Set Net Indication Callback called
Bus state is: 0
Set Net Indication Callback called
Bus state is: 0
Set Net Indication Callback called
Bus state is: 0
Set Net Indication Callback called
Bus state is: 0
Set Net Indication Callback called
Bus state is: 0
Set Net Indication Callback called
Bus state is: 0
Set Net Indication Callback called
Bus state is: 0
Set Net Indication Callback called
Bus state is: 0
Set Net Indication Callback called
Bus state is: 0
Set Net Indication Callback called
Bus state is: 0
Set Net Indication Callback called
Bus state is: 0
Set Net Indication Callback called
Bus state is: 0
Set Net Indication Callback called
Bus state is: 0
Set Net Indication Callback called
Bus state is: 0
Set Net Indication Callback called
Bus state is: 0
Set Net Indication Callback called
Bus state is: 0
Set Net Indication Callback called
Bus state is: 0
Set Net Indication Callback called
Bus state is: 0
Set Net Indication Callback called
Bus state is: 0
Set Net Indication Callback called
Bus state is: 0
Set Net Indication Callback called
Bus state is: 0
Set Net Indication Callback called
Bus state is: 0
Set Net Indication Callback called
Bus state is: 0
Set Net Indication Callback called
Bus state is: 0
Set Net Indication Callback called
Bus state is: 0
Set Net Indication Callback called
Bus state is: 0
Set Net Indication Callback called
Bus state is: 0
Set Net Indication Callback called
Bus state is: 0
Set Net Indication Callback called
Bus state is: 0
Set Net Indication Callback called
Bus state is: 0
Set Net Indication Callback called
Bus state is: 0
Set Net Indication Callback called
Bus state is: 0
Set Net Indication Callback called
Bus state is: 0
Set Net Indication Callback called
Bus state is: 0
Set Net Indication Callback called
Bus state is: 0
Set Net Indication Callback called
Bus state is: 0
Set Net Indication Callback called
Bus state is: 0
Set Net Indication Callback called
Bus state is: 0
Set Net Indication Callback called
Bus state is: 0
Set Net Indication Callback called
Bus state is: 0
Set Net Indication Callback called
Bus state is: 0
Set Net Indication Callback called
Bus state is: 0
Set Net Indication Callback called
Bus state is: 0
Set Net Indication Callback called
Bus state is: 0
Set Net Indication Callback called
Bus state is: 0
Set Net Indication Callback called
Bus state is: 0
Set Net Indication Callback called
Bus state is: 0
Set Net Indication Callback called
Bus state is: 0
Set Net Indication Callback called
Bus state is: 0
Set Net Indication Callback called
Bus state is: 0
Set Net Indication Callback called
Bus state is: 0
Set Net Indication Callback called
Bus state is: 0
Set Net Indication Callback called
Bus state is: 0
Set Net Indication Callback called
Bus state is: 0
Set Net Indication Callback called
Bus state is: 0
Set Net Indication Callback called
Bus state is: 0
Set Net Indication Callback called
Bus state is: 0
Set Net Indication Callback called
Bus state is: 0
Set Net Indication Callback called
Bus state is: 0
Set Net Indication Callback called
Bus state is: 0
Set Net Indication Callback called
Bus state is: 0
Set Net Indication Callback called
Bus state is: 0
Set Net Indication Callback called
Bus state is: 0
Set Net Indication Callback called
Bus state is: 0
Set Net Indication Callback called
Bus state is: 0
Set Net Indication Callback called
Bus state is: 0
Set Net Indication Callback called
Bus state is: 0
Set Net Indication Callback called
Bus state is: 0
Set Net Indication Callback called
Bus state is: 0
Set Net Indication Callback called
Bus state is: 0
Set Net Indication Callback called
Bus state is: 0
Set Net Indication Callback called
Bus state is: 0
Set Net Indication Callback called
Bus state is: 0
Set Net Indication Callback called
Bus state is: 0
Set Net Indication Callback called
Bus state is: 0
Set Net Indication Callback called
Bus state is: 0
Set Net Indication Callback called
Bus state is: 0
Set Net Indication Callback called
Bus state is: 0
Set Net Indication Callback called
Bus state is: 0
Set Net Indication Callback called
Bus state is: 0
Set Net Indication Callback called
Bus state is: 0
Set Net Indication Callback called
Bus state is: 0
Set Net Indication Callback called
Bus state is: 0
Set Net Indication Callback called
Bus state is: 0
Set Net Indication Callback called
Bus state is: 0
Set Net Indication Callback called
Bus state is: 0
Set Net Indication Callback called
Bus state is: 0
Set Net Indication Callback called
Bus state is: 0
Set Net Indication Callback called
Bus state is: 0
Set Net Indication Callback called
Bus state is: 0
Set Net Indication Callback called
Bus state is: 0
Set Net Indication Callback called
Bus state is: 0
Set Net Indication Callback called
Bus state is: 0
Set Net Indication Callback called
Bus state is: 0
Set Net Indication Callback called
Bus state is: 0
Set Net Indication Callback called
Bus state is: 0
Set Net Indication Callback called
Bus state is: 0
Set Net Indication Callback called
Bus state is: 0
Set Net Indication Callback called
Bus state is: 0
Set Net Indication Callback called
Bus state is: 0
Set Net Indication Callback called
Bus state is: 0
Set Net Indication Callback called
Bus state is: 0
Set Net Indication Callback called
Bus state is: 0
Set Net Indication Callback called
Bus state is: 0
Set Net Indication Callback called
Bus state is: 0
Set Net Indication Callback called
Bus state is: 0
Set Net Indication Callback called
Bus state is: 0
Set Net Indication Callback called
Bus state is: 0
Set Net Indication Callback called
Bus state is: 0
Set Net Indication Callback called
Bus state is: 0
Set Net Indication Callback called
Bus state is: 0
Set Net Indication Callback called
Bus state is: 0
Set Net Indication Callback called
Bus state is: 0
Set Net Indication Callback called
Bus state is: 0
Set Net Indication Callback called
Bus state is: 0
Set Net Indication Callback called
Bus state is: 0
Set Net Indication Callback called
Bus state is: 0
Set Net Indication Callback called
Bus state is: 0
Set Net Indication Callback called
Bus state is: 0
Set Net Indication Callback called
Bus state is: 0
Set Net Indication Callback called
Bus state is: 0
Set Net Indication Callback called
Bus state is: 0
Set Net Indication Callback called
Bus state is: 0
Set Net Indication Callback called
Bus state is: 0
Set Net Indication Callback called
Bus state is: 0
Set Net Indication Callback called
Bus state is: 0
Set Net Indication Callback called
Bus state is: 0
Set Net Indication Callback called
Bus state is: 0
Set Net Indication Callback called
Bus state is: 0
Set Net Indication Callback called
Bus state is: 0
Set Net Indication Callback called
Bus state is: 0
Set Net Indication Callback called
Bus state is: 0
Set Net Indication Callback called
Bus state is: 0
Set Net Indication Callback called
Bus state is: 0
Set Net Indication Callback called
Bus state is: 0
Set Net Indication Callback called
Bus state is: 0
Set Net Indication Callback called
Bus state is: 0
Set Net Indication Callback called
Bus state is: 0
Set Net Indication Callback called
Bus state is: 0
Set Net Indication Callback called
Bus state is: 0
Set Net Indication Callback called
Bus state is: 0
Set Net Indication Callback called
Bus state is: 0
Set Net Indication Callback called
Bus state is: 0
Set Net Indication Callback called
Bus state is: 0
Set Net Indication Callback called
Bus state is: 0
Set Net Indication Callback called
Bus state is: 0
Set Net Indication Callback called
Bus state is: 0
Set Net Indication Callback called
Bus state is: 0
Set Net Indication Callback called
Bus state is: 0
Set Net Indication Callback called
Bus state is: 0
Set Net Indication Callback called
Bus state is: 0
Set Net Indication Callback called
Bus state is: 0
Set Net Indication Callback called
Bus state is: 0
Set Net Indication Callback called
Bus state is: 0
Set Net Indication Callback called
Bus state is: 0
Set Net Indication Callback called
Bus state is: 0
Set Net Indication Callback called
Bus state is: 0
Set Net Indication Callback called
Bus state is: 0
Set Net Indication Callback called
Bus state is: 0
Set Net Indication Callback called
Bus state is: 0
Set Net Indication Callback called
Bus state is: 0
Set Net Indication Callback called
Bus state is: 0
Set Net Indication Callback called
Bus state is: 0
Set Net Indication Callback called
Bus state is: 0
Set Net Indication Callback called
Bus state is: 0
Set Net Indication Callback called
Bus state is: 0
Set Net Indication Callback called
Bus state is: 0
Set Net Indication Callback called
Bus state is: 0
Set Net Indication Callback called
Bus state is: 0
Set Net Indication Callback called
Bus state is: 0
Set Net Indication Callback called
Bus state is: 0
Set Net Indication Callback called
Bus state is: 0
Set Net Indication Callback called
Bus state is: 0
Set Net Indication Callback called
Bus state is: 0
Set Net Indication Callback called
Bus state is: 0
Set Net Indication Callback called
Bus state is: 0
Set Net Indication Callback called
Bus state is: 0
Set Net Indication Callback called
Bus state is: 0
Set Net Indication Callback called
Bus state is: 0
Set Net Indication Callback called
Bus state is: 0
Set Net Indication Callback called
Bus state is: 0
Set Net Indication Callback called
Bus state is: 0
Set Net Indication Callback called
Bus state is: 0
Set Net Indication Callback called
Bus state is: 0
Set Net Indication Callback called
Bus state is: 0
Set Net Indication Callback called
Bus state is: 0
Set Net Indication Callback called
Bus state is: 0
Set Net Indication Callback called
Bus state is: 0
Set Net Indication Callback called
Bus state is: 0
Set Net Indication Callback called
Bus state is: 0
Set Net Indication Callback called
Bus state is: 0
Set Net Indication Callback called
Bus state is: 0
Set Net Indication Callback called
Bus state is: 0
Set Net Indication Callback called
Bus state is: 0
Set Net Indication Callback called
Bus state is: 0
Set Net Indication Callback called
Bus state is: 0
Set Net Indication Callback called
Bus state is: 0
Set Net Indication Callback called
Bus state is: 0
Set Net Indication Callback called
Bus state is: 0
Set Net Indication Callback called
Bus state is: 0
Set Net Indication Callback called
Bus state is: 0
Set Net Indication Callback called
Bus state is: 0
Set Net Indication Callback called
Bus state is: 0
Set Net Indication Callback called
Bus state is: 0
Set Net Indication Callback called
Bus state is: 0
Set Net Indication Callback called
Bus state is: 0
Set Net Indication Callback called
Bus state is: 0
Set Net Indication Callback called
Bus state is: 0
Set Net Indication Callback called
Bus state is: 0
Set Net Indication Callback called
Bus state is: 0
Set Net Indication Callback called
Bus state is: 0
Set Net Indication Callback called
Bus state is: 0
Set Net Indication Callback called
Bus state is: 0
Set Net Indication Callback called
Bus state is: 0
Set Net Indication Callback called
Bus state is: 0
Set Net Indication Callback called
Bus state is: 0
Set Net Indication Callback called
Bus state is: 0
Set Net Indication Callback called
Bus state is: 0
Set Net Indication Callback called
Bus state is: 0
Set Net Indication Callback called
Bus state is: 0
Set Net Indication Callback called
Bus state is: 0
Set Net Indication Callback called
Bus state is: 0
Set Net Indication Callback called
Bus state is: 0
Set Net Indication Callback called
Bus state is: 0
Set Net Indication Callback called
Bus state is: 0
Set Net Indication Callback called
Bus state is: 0
Set Net Indication Callback called
Bus state is: 0
Set Net Indication Callback called
Bus state is: 0
Set Net Indication Callback called
Bus state is: 0
Set Net Indication Callback called
Bus state is: 0
Set Net Indication Callback called
Bus state is: 0
Set Net Indication Callback called
Bus state is: 0
Set Net Indication Callback called
Bus state is: 0
Set Net Indication Callback called
Bus state is: 0
Set Net Indication Callback called
Bus state is: 0
Set Net Indication Callback called
Bus state is: 0
Set Net Indication Callback called
Bus state is: 0
Set Net Indication Callback called
Bus state is: 0
Set Net Indication Callback called
Bus state is: 0
Set Net Indication Callback called
Bus state is: 0
Set Net Indication Callback called
Bus state is: 0
Set Net Indication Callback called
Bus state is: 0
Set Net Indication Callback called
Bus state is: 0
Set Net Indication Callback called
Bus state is: 0
Set Net Indication Callback called
Bus state is: 0
Set Net Indication Callback called
Bus state is: 0
Set Net Indication Callback called
Bus state is: 0
Set Net Indication Callback called
Bus state is: 0
Set Net Indication Callback called
Bus state is: 0
Set Net Indication Callback called
Bus state is: 0
Set Net Indication Callback called
Bus state is: 0
Set Net Indication Callback called
Bus state is: 0
Set Net Indication Callback called
Bus state is: 0
Set Net Indication Callback called
Bus state is: 0
Set Net Indication Callback called
Bus state is: 0
Set Net Indication Callback called
Bus state is: 0
Set Net Indication Callback called
Bus state is: 0
Set Net Indication Callback called
Bus state is: 0
Set Net Indication Callback called
Bus state is: 0
Set Net Indication Callback called
Bus state is: 0
Set Net Indication Callback called
Bus state is: 0
Set Net Indication Callback called
Bus state is: 0
Set Net Indication Callback called
Bus state is: 0
Set Net Indication Callback called
Bus state is: 0
Set Net Indication Callback called
Bus state is: 0
Set Net Indication Callback called
Bus state is: 0
Set Net Indication Callback called
Bus state is: 0
Set Net Indication Callback called
Bus state is: 0
Set Net Indication Callback called
Bus state is: 0
Set Net Indication Callback called
Bus state is: 0
Set Net Indication Callback called
Bus state is: 0
Set Net Indication Callback called
Bus state is: 0
Set Net Indication Callback called
Bus state is: 0
Set Net Indication Callback called
Bus state is: 0
Set Net Indication Callback called
Bus state is: 0
Set Net Indication Callback called
Bus state is: 0
Set Net Indication Callback called
Bus state is: 0
Set Net Indication Callback called
Bus state is: 0
Set Net Indication Callback called
Bus state is: 0
Set Net Indication Callback called
Bus state is: 0
Set Net Indication Callback called
Bus state is: 0
Set Net Indication Callback called
Bus state is: 0
Set Net Indication Callback called
Bus state is: 0
Set Net Indication Callback called
Bus state is: 0
Set Net Indication Callback called
Bus state is: 0
Set Net Indication Callback called
Bus state is: 0
Set Net Indication Callback called
Bus state is: 0
Set Net Indication Callback called
Bus state is: 0
Set Net Indication Callback called
Bus state is: 0
Set Net Indication Callback called
Bus state is: 0
Set Net Indication Callback called
Bus state is: 0
Set Net Indication Callback called
Bus state is: 0
Set Net Indication Callback called
Bus state is: 0
Set Net Indication Callback called
Bus state is: 0
Set Net Indication Callback called
Bus state is: 0
Set Net Indication Callback called
Bus state is: 0
Set Net Indication Callback called
Bus state is: 0
Set Net Indication Callback called
Bus state is: 0
Set Net Indication Callback called
Bus state is: 0
Set Net Indication Callback called
Bus state is: 0
Set Net Indication Callback called
Bus state is: 0
Set Net Indication Callback called
Bus state is: 0
Set Net Indication Callback called
Bus state is: 0
Set Net Indication Callback called
Bus state is: 0
Set Net Indication Callback called
Bus state is: 0
Set Net Indication Callback called
Bus state is: 0
Set Net Indication Callback called
Bus state is: 0
Set Net Indication Callback called
Bus state is: 0
Set Net Indication Callback called
Bus state is: 0
Set Net Indication Callback called
Bus state is: 0
Set Net Indication Callback called
Bus state is: 0
Set Net Indication Callback called
Bus state is: 0
Set Net Indication Callback called
Bus state is: 0
Set Net Indication Callback called
Bus state is: 0
Set Net Indication Callback called
Bus state is: 0
Set Net Indication Callback called
Bus state is: 0
Set Net Indication Callback called
Bus state is: 0
Set Net Indication Callback called
Bus state is: 0
Set Net Indication Callback called
Bus state is: 0
Set Net Indication Callback called
Bus state is: 0
Set Net Indication Callback called
Bus state is: 0
Set Net Indication Callback called
Bus state is: 0
Set Net Indication Callback called
Bus state is: 0
Set Net Indication Callback called
Bus state is: 0
Set Net Indication Callback called
Bus state is: 0
Set Net Indication Callback called
Bus state is: 0
Set Net Indication Callback called
Bus state is: 0
Set Net Indication Callback called
Bus state is: 0
Set Net Indication Callback called
Bus state is: 0
Set Net Indication Callback called
Bus state is: 0
Set Net Indication Callback called
Bus state is: 0
Set Net Indication Callback called
Bus state is: 0
Set Net Indication Callback called
Bus state is: 0
Set Net Indication Callback called
Bus state is: 0
Set Net Indication Callback called
Bus state is: 0
Set Net Indication Callback called
Bus state is: 0
Set Net Indication Callback called
Bus state is: 0
Set Net Indication Callback called
Bus state is: 0
Set Net Indication Callback called
Bus state is: 0
Set Net Indication Callback called
Bus state is: 0
Set Net Indication Callback called
Bus state is: 0
Set Net Indication Callback called
Bus state is: 0
Set Net Indication Callback called
Bus state is: 0
Set Net Indication Callback called
Bus state is: 0
Set Net Indication Callback called
Bus state is: 0
Set Net Indication Callback called
Bus state is: 0
Set Net Indication Callback called
Bus state is: 0
Set Net Indication Callback called
Bus state is: 0
Set Net Indication Callback called
Bus state is: 0
Set Net Indication Callback called
Bus state is: 0
Set Net Indication Callback called
Bus state is: 0
Set Net Indication Callback called
Bus state is: 0
Set Net Indication Callback called
Bus state is: 0
Set Net Indication Callback called
Bus state is: 0
Set Net Indication Callback called
Bus state is: 0
Set Net Indication Callback called
Bus state is: 0
Set Net Indication Callback called
Bus state is: 0
Set Net Indication Callback called
Bus state is: 0
Set Net Indication Callback called
Bus state is: 0
Set Net Indication Callback called
Bus state is: 0
Set Net Indication Callback called
Bus state is: 0
Set Net Indication Callback called
Bus state is: 0
Set Net Indication Callback called
Bus state is: 0
Set Net Indication Callback called
Bus state is: 0
Set Net Indication Callback called
Bus state is: 0
Set Net Indication Callback called
Bus state is: 0
Set Net Indication Callback called
Bus state is: 0
Set Net Indication Callback called
Bus state is: 0
Set Net Indication Callback called
Bus state is: 0
Set Net Indication Callback called
Bus state is: 0
Set Net Indication Callback called
Bus state is: 0
Set Net Indication Callback called
Bus state is: 0
Set Net Indication Callback called
Bus state is: 0
Set Net Indication Callback called
Bus state is: 0
Set Net Indication Callback called
Bus state is: 0
Set Net Indication Callback called
Bus state is: 0
Set Net Indication Callback called
Bus state is: 0
Set Net Indication Callback called
Bus state is: 0
Set Net Indication Callback called
Bus state is: 0
Set Net Indication Callback called
Bus state is: 0
Set Net Indication Callback called
Bus state is: 0
Set Net Indication Callback called
Bus state is: 0
Set Net Indication Callback called
Bus state is: 0
Set Net Indication Callback called
Bus state is: 0
Set Net Indication Callback called
Bus state is: 0
Set Net Indication Callback called
Bus state is: 0
Set Net Indication Callback called
Bus state is: 0
Set Net Indication Callback called
Bus state is: 0
Set Net Indication Callback called
Bus state is: 0
Set Net Indication Callback called
Bus state is: 0
Set Net Indication Callback called
Bus state is: 0
Set Net Indication Callback called
Bus state is: 0
Set Net Indication Callback called
Bus state is: 0
Set Net Indication Callback called
Bus state is: 0
Set Net Indication Callback called
Bus state is: 0
Set Net Indication Callback called
Bus state is: 0
Set Net Indication Callback called
Bus state is: 0
Set Net Indication Callback called
Bus state is: 0
Set Net Indication Callback called
Bus state is: 0
Set Net Indication Callback called
Bus state is: 0
Set Net Indication Callback called
Bus state is: 0
Set Net Indication Callback called
Bus state is: 0
Set Net Indication Callback called
Bus state is: 0
Set Net Indication Callback called
Bus state is: 0
Set Net Indication Callback called
Bus state is: 0
Set Net Indication Callback called
Bus state is: 0
Set Net Indication Callback called
Bus state is: 0
Set Net Indication Callback called
Bus state is: 0
Set Net Indication Callback called
Bus state is: 0
Set Net Indication Callback called
Bus state is: 0
Set Net Indication Callback called
Bus state is: 0
Set Net Indication Callback called
Bus state is: 0
Set Net Indication Callback called
Bus state is: 0
Set Net Indication Callback called
Bus state is: 0
Set Net Indication Callback called
Bus state is: 0
Set Net Indication Callback called
Bus state is: 0
Set Net Indication Callback called
Bus state is: 0
Set Net Indication Callback called
Bus state is: 0
Set Net Indication Callback called
Bus state is: 0
Set Net Indication Callback called
Bus state is: 0
Set Net Indication Callback called
Bus state is: 0
Set Net Indication Callback called
Bus state is: 0
Set Net Indication Callback called
Bus state is: 0
Set Net Indication Callback called
Bus state is: 0
Set Net Indication Callback called
Bus state is: 0
Set Net Indication Callback called
Bus state is: 0
Set Net Indication Callback called
Bus state is: 0
Set Net Indication Callback called
Bus state is: 0
Set Net Indication Callback called
Bus state is: 0
Set Net Indication Callback called
Bus state is: 0
Set Net Indication Callback called
Bus state is: 0
Set Net Indication Callback called
Bus state is: 0
Set Net Indication Callback called
Bus state is: 0
Set Net Indication Callback called
Bus state is: 0
Set Net Indication Callback called
Bus state is: 0
Set Net Indication Callback called
Bus state is: 0
Set Net Indication Callback called
Bus state is: 0
Set Net Indication Callback called
Bus state is: 0
Set Net Indication Callback called
Bus state is: 0
Set Net Indication Callback called
Bus state is: 0
Set Net Indication Callback called
Bus state is: 0
Set Net Indication Callback called
Bus state is: 0
Set Net Indication Callback called
Bus state is: 0
Set Net Indication Callback called
Bus state is: 0
Set Net Indication Callback called
Bus state is: 0
Set Net Indication Callback called
Bus state is: 0
Set Net Indication Callback called
Bus state is: 0
Set Net Indication Callback called
Bus state is: 0
Set Net Indication Callback called
Bus state is: 0
Set Net Indication Callback called
Bus state is: 0
Set Net Indication Callback called
Bus state is: 0
Set Net Indication Callback called
Bus state is: 0
Set Net Indication Callback called
Bus state is: 0
Set Net Indication Callback called
Bus state is: 0
Set Net Indication Callback called
Bus state is: 0
Set Net Indication Callback called
Bus state is: 0
Set Net Indication Callback called
Bus state is: 0
Set Net Indication Callback called
Bus state is: 0
Set Net Indication Callback called
Bus state is: 0
Set Net Indication Callback called
Bus state is: 0
Set Net Indication Callback called
Bus state is: 0
Set Net Indication Callback called
Bus state is: 0
Set Net Indication Callback called
Bus state is: 0
Set Net Indication Callback called
Bus state is: 0
Set Net Indication Callback called
Bus state is: 0
Set Net Indication Callback called
Bus state is: 0
Set Net Indication Callback called
Bus state is: 0
Set Net Indication Callback called
Bus state is: 0
Set Net Indication Callback called
Bus state is: 0
Set Net Indication Callback called
Bus state is: 0
Set Net Indication Callback called
Bus state is: 0
Set Net Indication Callback called
Bus state is: 0
Set Net Indication Callback called
Bus state is: 0
Set Net Indication Callback called
Bus state is: 0
Set Net Indication Callback called
Bus state is: 0
Set Net Indication Callback called
Bus state is: 0
Set Net Indication Callback called
Bus state is: 0
Set Net Indication Callback called
Bus state is: 0
Set Net Indication Callback called
Bus state is: 0
Set Net Indication Callback called
Bus state is: 0
Set Net Indication Callback called
Bus state is: 0
Set Net Indication Callback called
Bus state is: 0
Set Net Indication Callback called
Bus state is: 0
Set Net Indication Callback called
Bus state is: 0
Set Net Indication Callback called
Bus state is: 0
Set Net Indication Callback called
Bus state is: 0
Set Net Indication Callback called
Bus state is: 0
Set Net Indication Callback called
Bus state is: 0
Set Net Indication Callback called
Bus state is: 0
Set Net Indication Callback called
Bus state is: 0
Set Net Indication Callback called
Bus state is: 0
Set Net Indication Callback called
Bus state is: 0
Set Net Indication Callback called
Bus state is: 0
Set Net Indication Callback called
Bus state is: 0
Set Net Indication Callback called
Bus state is: 0
Set Net Indication Callback called
Bus state is: 0
Set Net Indication Callback called
Bus state is: 0
Set Net Indication Callback called
Bus state is: 0
Set Net Indication Callback called
Bus state is: 0
Set Net Indication Callback called
Bus state is: 0
Set Net Indication Callback called
Bus state is: 0
Set Net Indication Callback called
Bus state is: 0
Set Net Indication Callback called
Bus state is: 0
Set Net Indication Callback called
Bus state is: 0
Set Net Indication Callback called
Bus state is: 0
Set Net Indication Callback called
Bus state is: 0
Set Net Indication Callback called
Bus state is: 0
Set Net Indication Callback called
Bus state is: 0
Set Net Indication Callback called
Bus state is: 0
Set Net Indication Callback called
Bus state is: 0
Set Net Indication Callback called
Bus state is: 0
Set Net Indication Callback called
Bus state is: 0
Set Net Indication Callback called
Bus state is: 0
Set Net Indication Callback called
Bus state is: 0
Set Net Indication Callback called
Bus state is: 0
Set Net Indication Callback called
Bus state is: 0
Set Net Indication Callback called
Bus state is: 0
Set Net Indication Callback called
Bus state is: 0
Set Net Indication Callback called
Bus state is: 0
Set Net Indication Callback called
Bus state is: 0
Set Net Indication Callback called
Bus state is: 0
Set Net Indication Callback called
Bus state is: 0
Set Net Indication Callback called
Bus state is: 0
Set Net Indication Callback called
Bus state is: 0
Set Net Indication Callback called
Bus state is: 0
Set Net Indication Callback called
Bus state is: 0
Set Net Indication Callback called
Bus state is: 0
Set Net Indication Callback called
Bus state is: 0
Set Net Indication Callback called
Bus state is: 0
Set Net Indication Callback called
Bus state is: 0
Set Net Indication Callback called
Bus state is: 0
Set Net Indication Callback called
Bus state is: 0
Set Net Indication Callback called
Bus state is: 0
Set Net Indication Callback called
Bus state is: 0
Set Net Indication Callback called
Bus state is: 0
Set Net Indication Callback called
Bus state is: 0
Set Net Indication Callback called
Bus state is: 0
Set Net Indication Callback called
Bus state is: 0
Set Net Indication Callback called
Bus state is: 0
Set Net Indication Callback called
Bus state is: 0
Set Net Indication Callback called
Bus state is: 0
Set Net Indication Callback called
Bus state is: 0
Set Net Indication Callback called
Bus state is: 0
Set Net Indication Callback called
Bus state is: 0
Set Net Indication Callback called
Bus state is: 0
Set Net Indication Callback called
Bus state is: 0
Set Net Indication Callback called
Bus state is: 0
Set Net Indication Callback called
Bus state is: 0
Set Net Indication Callback called
Bus state is: 0
Set Net Indication Callback called
Bus state is: 0
Set Net Indication Callback called
Bus state is: 0
Set Net Indication Callback called
Bus state is: 0
Set Net Indication Callback called
Bus state is: 0
Set Net Indication Callback called
Bus state is: 0
Set Net Indication Callback called
Bus state is: 0
Set Net Indication Callback called
Bus state is: 0
Set Net Indication Callback called
Bus state is: 0
Set Net Indication Callback called
Bus state is: 0
Set Net Indication Callback called
Bus state is: 0
Set Net Indication Callback called
Bus state is: 0
Set Net Indication Callback called
Bus state is: 0
Set Net Indication Callback called
Bus state is: 0
Set Net Indication Callback called
Bus state is: 0
Set Net Indication Callback called
Bus state is: 0
Set Net Indication Callback called
Bus state is: 0
Set Net Indication Callback called
Bus state is: 0
Set Net Indication Callback called
Bus state is: 0
Set Net Indication Callback called
Bus state is: 0
Set Net Indication Callback called
Bus state is: 0
Set Net Indication Callback called
Bus state is: 0
Set Net Indication Callback called
Bus state is: 0
Set Net Indication Callback called
Bus state is: 0
Set Net Indication Callback called
Bus state is: 0
Set Net Indication Callback called
Bus state is: 0
Set Net Indication Callback called
Bus state is: 0
Set Net Indication Callback called
Bus state is: 0
Set Net Indication Callback called
Bus state is: 0
Set Net Indication Callback called
Bus state is: 0
Set Net Indication Callback called
Bus state is: 0
Set Net Indication Callback called
Bus state is: 0
Set Net Indication Callback called
Bus state is: 0
Set Net Indication Callback called
Bus state is: 0
Set Net Indication Callback called
Bus state is: 0
Set Net Indication Callback called
Bus state is: 0
Set Net Indication Callback called
Bus state is: 0
Set Net Indication Callback called
Bus state is: 0
Set Net Indication Callback called
Bus state is: 0
Set Net Indication Callback called
Bus state is: 0
Set Net Indication Callback called
Bus state is: 0
Set Net Indication Callback called
Bus state is: 0
Set Net Indication Callback called
Bus state is: 0
Set Net Indication Callback called
Bus state is: 0
Set Net Indication Callback called
Bus state is: 0
Set Net Indication Callback called
Bus state is: 0
Set Net Indication Callback called
Bus state is: 0
Set Net Indication Callback called
Bus state is: 0
Set Net Indication Callback called
Bus state is: 0
Set Net Indication Callback called
Bus state is: 0
Set Net Indication Callback called
Bus state is: 0
Set Net Indication Callback called
Bus state is: 0
Set Net Indication Callback called
Bus state is: 0
Set Net Indication Callback called
Bus state is: 0
Set Net Indication Callback called
Bus state is: 0
Set Net Indication Callback called
Bus state is: 0
Set Net Indication Callback called
Bus state is: 0
Set Net Indication Callback called
Bus state is: 0
Set Net Indication Callback called
Bus state is: 0
Set Net Indication Callback called
Bus state is: 0
Set Net Indication Callback called
Bus state is: 0
Set Net Indication Callback called
Bus state is: 0
Set Net Indication Callback called
Bus state is: 0
Set Net Indication Callback called
Bus state is: 0
Set Net Indication Callback called
Bus state is: 0
Set Net Indication Callback called
Bus state is: 0
Set Net Indication Callback called
Bus state is: 0
Set Net Indication Callback called
Bus state is: 0
Set Net Indication Callback called
Bus state is: 0
Set Net Indication Callback called
Bus state is: 0
Set Net Indication Callback called
Bus state is: 0
Set Net Indication Callback called
Bus state is: 0
Set Net Indication Callback called
Bus state is: 0
Set Net Indication Callback called
Bus state is: 0
Set Net Indication Callback called
Bus state is: 0
Set Net Indication Callback called
Bus state is: 0
Set Net Indication Callback called
Bus state is: 0
Set Net Indication Callback called
Bus state is: 0
Set Net Indication Callback called
Bus state is: 0
Set Net Indication Callback called
Bus state is: 0
Set Net Indication Callback called
Bus state is: 0
Set Net Indication Callback called
Bus state is: 0
Set Net Indication Callback called
Bus state is: 0
Set Net Indication Callback called
Bus state is: 0
Set Net Indication Callback called
Bus state is: 0
Set Net Indication Callback called
Bus state is: 0
Set Net Indication Callback called
Bus state is: 0
Set Net Indication Callback called
Bus state is: 0
Set Net Indication Callback called
Bus state is: 0
Set Net Indication Callback called
Bus state is: 0
Set Net Indication Callback called
Bus state is: 0
Set Net Indication Callback called
Bus state is: 0
Set Net Indication Callback called
Bus state is: 0
Set Net Indication Callback called
Bus state is: 0
Set Net Indication Callback called
Bus state is: 0
Set Net Indication Callback called
Bus state is: 0
Set Net Indication Callback called
Bus state is: 0
Set Net Indication Callback called
Bus state is: 0
Set Net Indication Callback called
Bus state is: 0
Set Net Indication Callback called
Bus state is: 0
Set Net Indication Callback called
Bus state is: 0
Set Net Indication Callback called
Bus state is: 0
Set Net Indication Callback called
Bus state is: 0
Set Net Indication Callback called
Bus state is: 0
Set Net Indication Callback called
Bus state is: 0
Set Net Indication Callback called
Bus state is: 0
Set Net Indication Callback called
Bus state is: 0
Set Net Indication Callback called
Bus state is: 0
Set Net Indication Callback called
Bus state is: 0
Set Net Indication Callback called
Bus state is: 0
Set Net Indication Callback called
Bus state is: 0
Set Net Indication Callback called
Bus state is: 0
Set Net Indication Callback called
Bus state is: 0
Set Net Indication Callback called
Bus state is: 0
Set Net Indication Callback called
Bus state is: 0
Set Net Indication Callback called
Bus state is: 0
Set Net Indication Callback called
Bus state is: 0
Set Net Indication Callback called
Bus state is: 0
Set Net Indication Callback called
Bus state is: 0
Set Net Indication Callback called
Bus state is: 0
Set Net Indication Callback called
Bus state is: 0
Set Net Indication Callback called
Bus state is: 0
Set Net Indication Callback called
Bus state is: 0
Set Net Indication Callback called
Bus state is: 0
Set Net Indication Callback called
Bus state is: 0
Set Net Indication Callback called
Bus state is: 0
Set Net Indication Callback called
Bus state is: 0
Set Net Indication Callback called
Bus state is: 0
Set Net Indication Callback called
Bus state is: 0
Set Net Indication Callback called
Bus state is: 0
Set Net Indication Callback called
Bus state is: 0
Set Net Indication Callback called
Bus state is: 0
Set Net Indication Callback called
Bus state is: 0
Set Net Indication Callback called
Bus state is: 0
Set Net Indication Callback called
Bus state is: 0
Set Net Indication Callback called
Bus state is: 0
Set Net Indication Callback called
Bus state is: 0
Set Net Indication Callback called
Bus state is: 0
Set Net Indication Callback called
Bus state is: 0
Set Net Indication Callback called
Bus state is: 0
Set Net Indication Callback called
Bus state is: 0
Set Net Indication Callback called
Bus state is: 0
Set Net Indication Callback called
Bus state is: 0
Set Net Indication Callback called
Bus state is: 0
Set Net Indication Callback called
Bus state is: 0
Set Net Indication Callback called
Bus state is: 0
Set Net Indication Callback called
Bus state is: 0
Set Net Indication Callback called
Bus state is: 0
Set Net Indication Callback called
Bus state is: 0
Set Net Indication Callback called
Bus state is: 0
Set Net Indication Callback called
Bus state is: 0
Set Net Indication Callback called
Bus state is: 0
Set Net Indication Callback called
Bus state is: 0
Set Net Indication Callback called
Bus state is: 0
Set Net Indication Callback called
Bus state is: 0
Set Net Indication Callback called
Bus state is: 0
Set Net Indication Callback called
Bus state is: 0
Set Net Indication Callback called
Bus state is: 0
Set Net Indication Callback called
Bus state is: 0
Set Net Indication Callback called
Bus state is: 0
Set Net Indication Callback called
Bus state is: 0
Set Net Indication Callback called
Bus state is: 0
Set Net Indication Callback called
Bus state is: 0
Set Net Indication Callback called
Bus state is: 0
Set Net Indication Callback called
Bus state is: 0
Set Net Indication Callback called
Bus state is: 0
Set Net Indication Callback called
Bus state is: 0
Set Net Indication Callback called
Bus state is: 0
Set Net Indication Callback called
Bus state is: 0
Set Net Indication Callback called
Bus state is: 0
Set Net Indication Callback called
Bus state is: 0
Set Net Indication Callback called
Bus state is: 0
Set Net Indication Callback called
Bus state is: 0
Set Net Indication Callback called
Bus state is: 0
Set Net Indication Callback called
Bus state is: 0
Set Net Indication Callback called
Bus state is: 0
Set Net Indication Callback called
Bus state is: 0
Set Net Indication Callback called
Bus state is: 0
Set Net Indication Callback called
Bus state is: 0
Set Net Indication Callback called
Bus state is: 0
Set Net Indication Callback called
Bus state is: 0
Set Net Indication Callback called
Bus state is: 0
Set Net Indication Callback called
Bus state is: 0
Set Net Indication Callback called
Bus state is: 0
Set Net Indication Callback called
Bus state is: 0
Set Net Indication Callback called
Bus state is: 0
Set Net Indication Callback called
Bus state is: 0
Set Net Indication Callback called
Bus state is: 0
Set Net Indication Callback called
Bus state is: 0
Set Net Indication Callback called
Bus state is: 0
Set Net Indication Callback called
Bus state is: 0
Set Net Indication Callback called
Bus state is: 0
Set Net Indication Callback called
Bus state is: 0
Set Net Indication Callback called
Bus state is: 0
Set Net Indication Callback called
Bus state is: 0
Set Net Indication Callback called
Bus state is: 0
Set Net Indication Callback called
Bus state is: 0
Set Net Indication Callback called
Bus state is: 0
Set Net Indication Callback called
Bus state is: 0
Set Net Indication Callback called
Bus state is: 0
Set Net Indication Callback called
Bus state is: 0
Set Net Indication Callback called
Bus state is: 0
Set Net Indication Callback called
Bus state is: 0
Set Net Indication Callback called
Bus state is: 0
Set Net Indication Callback called
Bus state is: 0
Set Net Indication Callback called
Bus state is: 0
Set Net Indication Callback called
Bus state is: 0
Set Net Indication Callback called
Bus state is: 0
Set Net Indication Callback called
Bus state is: 0
Set Net Indication Callback called
Bus state is: 0
Set Net Indication Callback called
Bus state is: 0
Set Net Indication Callback called
Bus state is: 0
Set Net Indication Callback called
Bus state is: 0
Set Net Indication Callback called
Bus state is: 0
Set Net Indication Callback called
Bus state is: 0
Set Net Indication Callback called
Bus state is: 0
Set Net Indication Callback called
Bus state is: 0
Set Net Indication Callback called
Bus state is: 0
Set Net Indication Callback called
Bus state is: 0
Set Net Indication Callback called
Bus state is: 0
Set Net Indication Callback called
Bus state is: 0
Set Net Indication Callback called
Bus state is: 0
Set Net Indication Callback called
Bus state is: 0
Set Net Indication Callback called
Bus state is: 0
Set Net Indication Callback called
Bus state is: 0
Set Net Indication Callback called
Bus state is: 0
Set Net Indication Callback called
Bus state is: 0
Set Net Indication Callback called
Bus state is: 0
Set Net Indication Callback called
Bus state is: 0
Set Net Indication Callback called
Bus state is: 0
Set Net Indication Callback called
Bus state is: 0
Set Net Indication Callback called
Bus state is: 0
Set Net Indication Callback called
Bus state is: 0
Set Net Indication Callback called
Bus state is: 0
Set Net Indication Callback called
Bus state is: 0
Set Net Indication Callback called
Bus state is: 0
Set Net Indication Callback called
Bus state is: 0
Set Net Indication Callback called
Bus state is: 0
Set Net Indication Callback called
Bus state is: 0
Set Net Indication Callback called
Bus state is: 0
Set Net Indication Callback called
Bus state is: 0
Set Net Indication Callback called
Bus state is: 0
Set Net Indication Callback called
Bus state is: 0
Set Net Indication Callback called
Bus state is: 0
Set Net Indication Callback called
Bus state is: 0
Set Net Indication Callback called
Bus state is: 0
Set Net Indication Callback called
Bus state is: 0
Set Net Indication Callback called
Bus state is: 0
Set Net Indication Callback called
Bus state is: 0
Set Net Indication Callback called
Bus state is: 0
Set Net Indication Callback called
Bus state is: 0
Set Net Indication Callback called
Bus state is: 0
Set Net Indication Callback called
Bus state is: 0
Set Net Indication Callback called
Bus state is: 0
Set Net Indication Callback called
Bus state is: 0
Set Net Indication Callback called
Bus state is: 0
Set Net Indication Callback called
Bus state is: 0
Set Net Indication Callback called
Bus state is: 0
Set Net Indication Callback called
Bus state is: 0
Set Net Indication Callback called
Bus state is: 0
Set Net Indication Callback called
Bus state is: 0
Set Net Indication Callback called
Bus state is: 0
Set Net Indication Callback called
Bus state is: 0
Set Net Indication Callback called
Bus state is: 0
Set Net Indication Callback called
Bus state is: 0
Set Net Indication Callback called
Bus state is: 0
Set Net Indication Callback called
Bus state is: 0
Set Net Indication Callback called
Bus state is: 0
Set Net Indication Callback called
Bus state is: 0
Set Net Indication Callback called
Bus state is: 0
Set Net Indication Callback called
Bus state is: 0
Set Net Indication Callback called
Bus state is: 0
Set Net Indication Callback called
Bus state is: 0
Set Net Indication Callback called
Bus state is: 0
Set Net Indication Callback called
Bus state is: 0
Set Net Indication Callback called
Bus state is: 0
Set Net Indication Callback called
Bus state is: 0
Set Net Indication Callback called
Bus state is: 0
Set Net Indication Callback called
Bus state is: 0
Set Net Indication Callback called
Bus state is: 0
Set Net Indication Callback called
Bus state is: 0
Set Net Indication Callback called
Bus state is: 0
Set Net Indication Callback called
Bus state is: 0
Set Net Indication Callback called
Bus state is: 0
Set Net Indication Callback called
Bus state is: 0
Set Net Indication Callback called
Bus state is: 0
Set Net Indication Callback called
Bus state is: 0
Set Net Indication Callback called
Bus state is: 0
Set Net Indication Callback called
Bus state is: 0
Set Net Indication Callback called
Bus state is: 0
Set Net Indication Callback called
Bus state is: 0
Set Net Indication Callback called
Bus state is: 0
Set Net Indication Callback called
Bus state is: 0
Set Net Indication Callback called
Bus state is: 0
Set Net Indication Callback called
Bus state is: 0
Set Net Indication Callback called
Bus state is: 0
Set Net Indication Callback called
Bus state is: 0
Set Net Indication Callback called
Bus state is: 0
Set Net Indication Callback called
Bus state is: 0
Set Net Indication Callback called
Bus state is: 0
Set Net Indication Callback called
Bus state is: 0
Set Net Indication Callback called
Bus state is: 0
Set Net Indication Callback called
Bus state is: 0
Set Net Indication Callback called
Bus state is: 0
Set Net Indication Callback called
Bus state is: 0
Set Net Indication Callback called
Bus state is: 0
Set Net Indication Callback called
Bus state is: 0
Set Net Indication Callback called
Bus state is: 0
Set Net Indication Callback called
Bus state is: 0
Set Net Indication Callback called
Bus state is: 0
Set Net Indication Callback called
Bus state is: 0
Set Net Indication Callback called
Bus state is: 0
Set Net Indication Callback called
Bus state is: 0
Set Net Indication Callback called
Bus state is: 0
Set Net Indication Callback called
Bus state is: 0
Set Net Indication Callback called
Bus state is: 0
Set Net Indication Callback called
Bus state is: 0
Set Net Indication Callback called
Bus state is: 0
Set Net Indication Callback called
Bus state is: 0
Set Net Indication Callback called
Bus state is: 0
Set Net Indication Callback called
Bus state is: 0
Set Net Indication Callback called
Bus state is: 0
Set Net Indication Callback called
Bus state is: 0
Set Net Indication Callback called
Bus state is: 0
Set Net Indication Callback called
Bus state is: 0
Set Net Indication Callback called
Bus state is: 0
Set Net Indication Callback called
Bus state is: 0
Set Net Indication Callback called
Bus state is: 0
Set Net Indication Callback called
Bus state is: 0
Set Net Indication Callback called
Bus state is: 0
Set Net Indication Callback called
Bus state is: 0
Set Net Indication Callback called
Bus state is: 0
Set Net Indication Callback called
Bus state is: 0
Set Net Indication Callback called
Bus state is: 0
Set Net Indication Callback called
Bus state is: 0
Set Net Indication Callback called
Bus state is: 0
Set Net Indication Callback called
Bus state is: 0
Set Net Indication Callback called
Bus state is: 0
Set Net Indication Callback called
Bus state is: 0
Set Net Indication Callback called
Bus state is: 0
Set Net Indication Callback called
Bus state is: 0
Set Net Indication Callback called
Bus state is: 0
Set Net Indication Callback called
Bus state is: 0
Set Net Indication Callback called
Bus state is: 0
Set Net Indication Callback called
Bus state is: 0
Set Net Indication Callback called
Bus state is: 0
Set Net Indication Callback called
Bus state is: 0
Set Net Indication Callback called
Bus state is: 0
Set Net Indication Callback called
Bus state is: 0
Set Net Indication Callback called
Bus state is: 0
Set Net Indication Callback called
Bus state is: 0
Set Net Indication Callback called
Bus state is: 0
Set Net Indication Callback called
Bus state is: 0
Set Net Indication Callback called
Bus state is: 0
Set Net Indication Callback called
Bus state is: 0
Set Net Indication Callback called
Bus state is: 0
Set Net Indication Callback called
Bus state is: 0
Set Net Indication Callback called
Bus state is: 0
Set Net Indication Callback called
Bus state is: 0
Set Net Indication Callback called
Bus state is: 0
Set Net Indication Callback called
Bus state is: 0
Set Net Indication Callback called
Bus state is: 0
Set Net Indication Callback called
Bus state is: 0
Set Net Indication Callback called
Bus state is: 0
Set Net Indication Callback called
Bus state is: 0
Set Net Indication Callback called
Bus state is: 0
Set Net Indication Callback called
Bus state is: 0
Set Net Indication Callback called
Bus state is: 0
Set Net Indication Callback called
Bus state is: 0
Set Net Indication Callback called
Bus state is: 0
Set Net Indication Callback called
Bus state is: 0
Set Net Indication Callback called
Bus state is: 0
Set Net Indication Callback called
Bus state is: 0
Set Net Indication Callback called
Bus state is: 0
Set Net Indication Callback called
Bus state is: 0
Set Net Indication Callback called
Bus state is: 0
Set Net Indication Callback called
Bus state is: 0
Set Net Indication Callback called
Bus state is: 0
Set Net Indication Callback called
Bus state is: 0
Set Net Indication Callback called
Bus state is: 0
Set Net Indication Callback called
Bus state is: 0
Set Net Indication Callback called
Bus state is: 0
Set Net Indication Callback called
Bus state is: 0
Set Net Indication Callback called
Bus state is: 0
Set Net Indication Callback called
Bus state is: 0
Set Net Indication Callback called
Bus state is: 0
Set Net Indication Callback called
Bus state is: 0
Set Net Indication Callback called
Bus state is: 0
Set Net Indication Callback called
Bus state is: 0
Set Net Indication Callback called
Bus state is: 0
Set Net Indication Callback called
Bus state is: 0
Set Net Indication Callback called
Bus state is: 0
Set Net Indication Callback called
Bus state is: 0
Set Net Indication Callback called
Bus state is: 0
Set Net Indication Callback called
Bus state is: 0
Set Net Indication Callback called
Bus state is: 0
Set Net Indication Callback called
Bus state is: 0
Set Net Indication Callback called
Bus state is: 0
Set Net Indication Callback called
Bus state is: 0
Set Net Indication Callback called
Bus state is: 0
Set Net Indication Callback called
Bus state is: 0
Set Net Indication Callback called
Bus state is: 0
Set Net Indication Callback called
Bus state is: 0
Set Net Indication Callback called
Bus state is: 0
Set Net Indication Callback called
Bus state is: 0
Set Net Indication Callback called
Bus state is: 0
Set Net Indication Callback called
Bus state is: 0
Set Net Indication Callback called
Bus state is: 0
Set Net Indication Callback called
Bus state is: 0
Set Net Indication Callback called
Bus state is: 0
Set Net Indication Callback called
Bus state is: 0
Set Net Indication Callback called
Bus state is: 0
Set Net Indication Callback called
Bus state is: 0
Set Net Indication Callback called
Bus state is: 0
Set Net Indication Callback called
Bus state is: 0
Set Net Indication Callback called
Bus state is: 0
Set Net Indication Callback called
Bus state is: 0
Set Net Indication Callback called
Bus state is: 0
Set Net Indication Callback called
Bus state is: 0
Set Net Indication Callback called
Bus state is: 0
Set Net Indication Callback called
Bus state is: 0
Set Net Indication Callback called
Bus state is: 0
Set Net Indication Callback called
Bus state is: 0
Set Net Indication Callback called
Bus state is: 0
Set Net Indication Callback called
Bus state is: 0
Set Net Indication Callback called
Bus state is: 0
Set Net Indication Callback called
Bus state is: 0
Set Net Indication Callback called
Bus state is: 0
Set Net Indication Callback called
Bus state is: 0
Set Net Indication Callback called
Bus state is: 0
Set Net Indication Callback called
Bus state is: 0
Set Net Indication Callback called
Bus state is: 0
Set Net Indication Callback called
Bus state is: 0
Set Net Indication Callback called
Bus state is: 0
Set Net Indication Callback called
Bus state is: 0
Set Net Indication Callback called
Bus state is: 0
Set Net Indication Callback called
Bus state is: 0
Set Net Indication Callback called
Bus state is: 0
Set Net Indication Callback called
Bus state is: 0
Set Net Indication Callback called
Bus state is: 0
Set Net Indication Callback called
Bus state is: 0
Set Net Indication Callback called
Bus state is: 0
Set Net Indication Callback called
Bus state is: 0
Set Net Indication Callback called
Bus state is: 0
Set Net Indication Callback called
Bus state is: 0
Set Net Indication Callback called
Bus state is: 0
Set Net Indication Callback called
Bus state is: 0
Set Net Indication Callback called
Bus state is: 0
Set Net Indication Callback called
Bus state is: 0
Set Net Indication Callback called
Bus state is: 0
Set Net Indication Callback called
Bus state is: 0
Set Net Indication Callback called
Bus state is: 0
Set Net Indication Callback called
Bus state is: 0
Set Net Indication Callback called
Bus state is: 0
Set Net Indication Callback called
Bus state is: 0
Set Net Indication Callback called
Bus state is: 0
Set Net Indication Callback called
Bus state is: 0
Set Net Indication Callback called
Bus state is: 0
Set Net Indication Callback called
Bus state is: 0
Set Net Indication Callback called
Bus state is: 0
Set Net Indication Callback called
Bus state is: 0
Set Net Indication Callback called
Bus state is: 0
Set Net Indication Callback called
Bus state is: 0
Set Net Indication Callback called
Bus state is: 0
Set Net Indication Callback called
Bus state is: 0
Set Net Indication Callback called
Bus state is: 0
Set Net Indication Callback called
Bus state is: 0
Set Net Indication Callback called
Bus state is: 0
Set Net Indication Callback called
Bus state is: 0
Set Net Indication Callback called
Bus state is: 0
Set Net Indication Callback called
Bus state is: 0
Set Net Indication Callback called
Bus state is: 0
Set Net Indication Callback called
Bus state is: 0
Set Net Indication Callback called
Bus state is: 0
Set Net Indication Callback called
Bus state is: 0
Set Net Indication Callback called
Bus state is: 0
Set Net Indication Callback called
Bus state is: 0
Set Net Indication Callback called
Bus state is: 0
Set Net Indication Callback called
Bus state is: 0
Set Net Indication Callback called
Bus state is: 0
Set Net Indication Callback called
Bus state is: 0
Set Net Indication Callback called
Bus state is: 0
Set Net Indication Callback called
Bus state is: 0
Set Net Indication Callback called
Bus state is: 0
Set Net Indication Callback called
Bus state is: 0
Set Net Indication Callback called
Bus state is: 0
Set Net Indication Callback called
Bus state is: 0
Set Net Indication Callback called
Bus state is: 0
Set Net Indication Callback called
Bus state is: 0
Set Net Indication Callback called
Bus state is: 0
Set Net Indication Callback called
Bus state is: 0
Set Net Indication Callback called
Bus state is: 0
Set Net Indication Callback called
Bus state is: 0
Set Net Indication Callback called
Bus state is: 0
Set Net Indication Callback called
Bus state is: 0
Set Net Indication Callback called
Bus state is: 0
Set Net Indication Callback called
Bus state is: 0
Set Net Indication Callback called
Bus state is: 0
Set Net Indication Callback called
Bus state is: 0
Set Net Indication Callback called
Bus state is: 0
Set Net Indication Callback called
Bus state is: 0
Set Net Indication Callback called
Bus state is: 0
Set Net Indication Callback called
Bus state is: 0
Set Net Indication Callback called
Bus state is: 0
Set Net Indication Callback called
Bus state is: 0
Set Net Indication Callback called
Bus state is: 0
Set Net Indication Callback called
Bus state is: 0
Set Net Indication Callback called
Bus state is: 0
Set Net Indication Callback called
Bus state is: 0
Set Net Indication Callback called
Bus state is: 0
Set Net Indication Callback called
Bus state is: 0
Set Net Indication Callback called
Bus state is: 0
Set Net Indication Callback called
Bus state is: 0
Set Net Indication Callback called
Bus state is: 0
Set Net Indication Callback called
Bus state is: 0
Set Net Indication Callback called
Bus state is: 0
Set Net Indication Callback called
Bus state is: 0
Set Net Indication Callback called
Bus state is: 0
Set Net Indication Callback called
Bus state is: 0
Set Net Indication Callback called
Bus state is: 0
Set Net Indication Callback called
Bus state is: 0
Set Net Indication Callback called
Bus state is: 0
Set Net Indication Callback called
Bus state is: 0
Set Net Indication Callback called
Bus state is: 0
Set Net Indication Callback called
Bus state is: 0
Set Net Indication Callback called
Bus state is: 0
Set Net Indication Callback called
Bus state is: 0
Set Net Indication Callback called
Bus state is: 0
Set Net Indication Callback called
Bus state is: 0
Set Net Indication Callback called
Bus state is: 0
Set Net Indication Callback called
Bus state is: 0
Set Net Indication Callback called
Bus state is: 0
Set Net Indication Callback called
Bus state is: 0
Set Net Indication Callback called
Bus state is: 0
Set Net Indication Callback called
Bus state is: 0
Set Net Indication Callback called
Bus state is: 0
Set Net Indication Callback called
Bus state is: 0
Set Net Indication Callback called
Bus state is: 0
Set Net Indication Callback called
Bus state is: 0
Set Net Indication Callback called
Bus state is: 0
Set Net Indication Callback called
Bus state is: 0
Set Net Indication Callback called
Bus state is: 0
Set Net Indication Callback called
Bus state is: 0
Set Net Indication Callback called
Bus state is: 0
Set Net Indication Callback called
Bus state is: 0
Set Net Indication Callback called
Bus state is: 0
Set Net Indication Callback called
Bus state is: 0
Set Net Indication Callback called
Bus state is: 0
Set Net Indication Callback called
Bus state is: 0
Set Net Indication Callback called
Bus state is: 0
Set Net Indication Callback called
Bus state is: 0
Set Net Indication Callback called
Bus state is: 0
Set Net Indication Callback called
Bus state is: 0
Set Net Indication Callback called
Bus state is: 0
Set Net Indication Callback called
Bus state is: 0
Set Net Indication Callback called
Bus state is: 0
Set Net Indication Callback called
Bus state is: 0
Set Net Indication Callback called
Bus state is: 0
Set Net Indication Callback called
Bus state is: 0
Set Net Indication Callback called
Bus state is: 0
Set Net Indication Callback called
Bus state is: 0
Set Net Indication Callback called
Bus state is: 0
Set Net Indication Callback called
Bus state is: 0
Set Net Indication Callback called
Bus state is: 0
Set Net Indication Callback called
Bus state is: 0
Set Net Indication Callback called
Bus state is: 0
Set Net Indication Callback called
Bus state is: 0
Set Net Indication Callback called
Bus state is: 0
Set Net Indication Callback called
Bus state is: 0
Set Net Indication Callback called
Bus state is: 0
Set Net Indication Callback called
Bus state is: 0
Set Net Indication Callback called
Bus state is: 0
Set Net Indication Callback called
Bus state is: 0
Set Net Indication Callback called
Bus state is: 0
Set Net Indication Callback called
Bus state is: 0
Set Net Indication Callback called
Bus state is: 0
Set Net Indication Callback called
Bus state is: 0
Set Net Indication Callback called
Bus state is: 0
Set Net Indication Callback called
Bus state is: 0
Set Net Indication Callback called
Bus state is: 0
Set Net Indication Callback called
Bus state is: 0
Set Net Indication Callback called
Bus state is: 0
Set Net Indication Callback called
Bus state is: 0
Set Net Indication Callback called
Bus state is: 0
Set Net Indication Callback called
Bus state is: 0
Set Net Indication Callback called
Bus state is: 0
Set Net Indication Callback called
Bus state is: 0
Set Net Indication Callback called
Bus state is: 0
Set Net Indication Callback called
Bus state is: 0
Set Net Indication Callback called
Bus state is: 0
Set Net Indication Callback called
Bus state is: 0
Set Net Indication Callback called
Bus state is: 0
Set Net Indication Callback called
Bus state is: 0
Set Net Indication Callback called
Bus state is: 0
Set Net Indication Callback called
Bus state is: 0
Set Net Indication Callback called
Bus state is: 0
Set Net Indication Callback called
Bus state is: 0
Set Net Indication Callback called
Bus state is: 0
Set Net Indication Callback called
Bus state is: 0
Set Net Indication Callback called
Bus state is: 0
Set Net Indication Callback called
Bus state is: 0
Set Net Indication Callback called
Bus state is: 0
Set Net Indication Callback called
Bus state is: 0
Set Net Indication Callback called
Bus state is: 0
Set Net Indication Callback called
Bus state is: 0
Set Net Indication Callback called
Bus state is: 0
Set Net Indication Callback called
Bus state is: 0
Set Net Indication Callback called
Bus state is: 0
Set Net Indication Callback called
Bus state is: 0
Set Net Indication Callback called
Bus state is: 0
Set Net Indication Callback called
Bus state is: 0
Set Net Indication Callback called
Bus state is: 0
Set Net Indication Callback called
Bus state is: 0
Set Net Indication Callback called
Bus state is: 0
Set Net Indication Callback called
Bus state is: 0
Set Net Indication Callback called
Bus state is: 0
Set Net Indication Callback called
Bus state is: 0
Set Net Indication Callback called
Bus state is: 0
Set Net Indication Callback called
Bus state is: 0
Set Net Indication Callback called
Bus state is: 0
Set Net Indication Callback called
Bus state is: 0
Set Net Indication Callback called
Bus state is: 0
Set Net Indication Callback called
Bus state is: 0
Set Net Indication Callback called
Bus state is: 0
Set Net Indication Callback called
Bus state is: 0
Set Net Indication Callback called
Bus state is: 0
Set Net Indication Callback called
Bus state is: 0
Set Net Indication Callback called
Bus state is: 0
Set Net Indication Callback called
Bus state is: 0
Set Net Indication Callback called
Bus state is: 0
Set Net Indication Callback called
Bus state is: 0
Set Net Indication Callback called
Bus state is: 0
Set Net Indication Callback called
Bus state is: 0
Set Net Indication Callback called
Bus state is: 0
Set Net Indication Callback called
Bus state is: 0
Set Net Indication Callback called
Bus state is: 0
Set Net Indication Callback called
Bus state is: 0
Set Net Indication Callback called
Bus state is: 0
Set Net Indication Callback called
Bus state is: 0
Set Net Indication Callback called
Bus state is: 0
Set Net Indication Callback called
Bus state is: 0
Set Net Indication Callback called
Bus state is: 0
Set Net Indication Callback called
Bus state is: 0
Set Net Indication Callback called
Bus state is: 0
Set Net Indication Callback called
Bus state is: 0
Set Net Indication Callback called
Bus state is: 0
Set Net Indication Callback called
Bus state is: 0
Set Net Indication Callback called
Bus state is: 0
Set Net Indication Callback called
Bus state is: 0
Set Net Indication Callback called
Bus state is: 0
Set Net Indication Callback called
Bus state is: 0
Set Net Indication Callback called
Bus state is: 0
Set Net Indication Callback called
Bus state is: 0
Set Net Indication Callback called
Bus state is: 0
Set Net Indication Callback called
Bus state is: 0
Set Net Indication Callback called
Bus state is: 0
Set Net Indication Callback called
Bus state is: 0
Set Net Indication Callback called
Bus state is: 0
Set Net Indication Callback called
Bus state is: 0
Set Net Indication Callback called
Bus state is: 0
Set Net Indication Callback called
Bus state is: 0
Set Net Indication Callback called
Bus state is: 0
Set Net Indication Callback called
Bus state is: 0
Set Net Indication Callback called
Bus state is: 0
Set Net Indication Callback called
Bus state is: 0
Set Net Indication Callback called
Bus state is: 0
Set Net Indication Callback called
Bus state is: 0
Set Net Indication Callback called
Bus state is: 0
Set Net Indication Callback called
Bus state is: 0
Set Net Indication Callback called
Bus state is: 0
Set Net Indication Callback called
Bus state is: 0
Set Net Indication Callback called
Bus state is: 0
Set Net Indication Callback called
Bus state is: 0
Set Net Indication Callback called
Bus state is: 0
Set Net Indication Callback called
Bus state is: 0
Set Net Indication Callback called
Bus state is: 0
Set Net Indication Callback called
Bus state is: 0
Set Net Indication Callback called
Bus state is: 0
Set Net Indication Callback called
Bus state is: 0
Set Net Indication Callback called
Bus state is: 0
Set Net Indication Callback called
Bus state is: 0
Set Net Indication Callback called
Bus state is: 0
Set Net Indication Callback called
Bus state is: 0
Set Net Indication Callback called
Bus state is: 0
Set Net Indication Callback called
Bus state is: 0
Set Net Indication Callback called
Bus state is: 0
Set Net Indication Callback called
Bus state is: 0
Set Net Indication Callback called
Bus state is: 0
Set Net Indication Callback called
Bus state is: 0
Set Net Indication Callback called
Bus state is: 0
Set Net Indication Callback called
Bus state is: 0
Set Net Indication Callback called
Bus state is: 0
Set Net Indication Callback called
Bus state is: 0
Set Net Indication Callback called
Bus state is: 0
Set Net Indication Callback called
Bus state is: 0
Set Net Indication Callback called
Bus state is: 0
Set Net Indication Callback called
Bus state is: 0
Set Net Indication Callback called
Bus state is: 0
Set Net Indication Callback called
Bus state is: 0
Set Net Indication Callback called
Bus state is: 0
Set Net Indication Callback called
Bus state is: 0
Set Net Indication Callback called
Bus state is: 0
Set Net Indication Callback called
Bus state is: 0
Set Net Indication Callback called
Bus state is: 0
Set Net Indication Callback called
Bus state is: 0
Set Net Indication Callback called
Bus state is: 0
Set Net Indication Callback called
Bus state is: 0
Set Net Indication Callback called
Bus state is: 0
Set Net Indication Callback called
Bus state is: 0
Set Net Indication Callback called
Bus state is: 0
Set Net Indication Callback called
Bus state is: 0
Set Net Indication Callback called
Bus state is: 0
Set Net Indication Callback called
Bus state is: 0
Set Net Indication Callback called
Bus state is: 0
Set Net Indication Callback called
Bus state is: 0
Set Net Indication Callback called
Bus state is: 0
Set Net Indication Callback called
Bus state is: 0
Set Net Indication Callback called
Bus state is: 0
Set Net Indication Callback called
Bus state is: 0
Set Net Indication Callback called
Bus state is: 0
Set Net Indication Callback called
Bus state is: 0
Set Net Indication Callback called
Bus state is: 0
Set Net Indication Callback called
Bus state is: 0
Set Net Indication Callback called
Bus state is: 0
Set Net Indication Callback called
Bus state is: 0
Set Net Indication Callback called
Bus state is: 0
Set Net Indication Callback called
Bus state is: 0
Set Net Indication Callback called
Bus state is: 0
Set Net Indication Callback called
Bus state is: 0
Set Net Indication Callback called
Bus state is: 0
Set Net Indication Callback called
Bus state is: 0
Set Net Indication Callback called
Bus state is: 0
Set Net Indication Callback called
Bus state is: 0
Set Net Indication Callback called
Bus state is: 0
Set Net Indication Callback called
Bus state is: 0
Set Net Indication Callback called
Bus state is: 0
Set Net Indication Callback called
Bus state is: 0
Set Net Indication Callback called
Bus state is: 0
Set Net Indication Callback called
Bus state is: 0
Set Net Indication Callback called
Bus state is: 0
Set Net Indication Callback called
Bus state is: 0
Set Net Indication Callback called
Bus state is: 0
Set Net Indication Callback called
Bus state is: 0
Set Net Indication Callback called
Bus state is: 0
Set Net Indication Callback called
Bus state is: 0
Set Net Indication Callback called
Bus state is: 0
Set Net Indication Callback called
Bus state is: 0
Set Net Indication Callback called
Bus state is: 0
Set Net Indication Callback called
Bus state is: 0
Set Net Indication Callback called
Bus state is: 0
Set Net Indication Callback called
Bus state is: 0
Set Net Indication Callback called
Bus state is: 0
Set Net Indication Callback called
Bus state is: 0
Set Net Indication Callback called
Bus state is: 0
Set Net Indication Callback called
Bus state is: 0
Set Net Indication Callback called
Bus state is: 0
Set Net Indication Callback called
Bus state is: 0
Set Net Indication Callback called
Bus state is: 0
Set Net Indication Callback called
Bus state is: 0
Set Net Indication Callback called
Bus state is: 0
Set Net Indication Callback called
Bus state is: 0
Set Net Indication Callback called
Bus state is: 0
Set Net Indication Callback called
Bus state is: 0
Set Net Indication Callback called
Bus state is: 0
Set Net Indication Callback called
Bus state is: 0
Set Net Indication Callback called
Bus state is: 0
Set Net Indication Callback called
Bus state is: 0
Set Net Indication Callback called
Bus state is: 0
Set Net Indication Callback called
Bus state is: 0
Set Net Indication Callback called
Bus state is: 0
Set Net Indication Callback called
Bus state is: 0
Set Net Indication Callback called
Bus state is: 0
Set Net Indication Callback called
Bus state is: 0
Set Net Indication Callback called
Bus state is: 0
Set Net Indication Callback called
Bus state is: 0
Set Net Indication Callback called
Bus state is: 0
Set Net Indication Callback called
Bus state is: 0
Set Net Indication Callback called
Bus state is: 0
Set Net Indication Callback called
Bus state is: 0
Set Net Indication Callback called
Bus state is: 0
Set Net Indication Callback called
Bus state is: 0
Set Net Indication Callback called
Bus state is: 0
Set Net Indication Callback called
Bus state is: 0
Set Net Indication Callback called
Bus state is: 0
Set Net Indication Callback called
Bus state is: 0
Set Net Indication Callback called
Bus state is: 0
Set Net Indication Callback called
Bus state is: 0
Set Net Indication Callback called
Bus state is: 0
Set Net Indication Callback called
Bus state is: 0
Set Net Indication Callback called
Bus state is: 0
Set Net Indication Callback called
Bus state is: 0
Set Net Indication Callback called
Bus state is: 0
Set Net Indication Callback called
Bus state is: 0
Set Net Indication Callback called
Bus state is: 0
Set Net Indication Callback called
Bus state is: 0
Set Net Indication Callback called
Bus state is: 0
Set Net Indication Callback called
Bus state is: 0
Set Net Indication Callback called
Bus state is: 0
Set Net Indication Callback called
Bus state is: 0
Set Net Indication Callback called
Bus state is: 0
Set Net Indication Callback called
Bus state is: 0
Set Net Indication Callback called
Bus state is: 0
Set Net Indication Callback called
Bus state is: 0
Set Net Indication Callback called
Bus state is: 0
Set Net Indication Callback called
Bus state is: 0
Set Net Indication Callback called
Bus state is: 0
Set Net Indication Callback called
Bus state is: 0
Set Net Indication Callback called
Bus state is: 0
Set Net Indication Callback called
Bus state is: 0
Set Net Indication Callback called
Bus state is: 0
Set Net Indication Callback called
Bus state is: 0
Set Net Indication Callback called
Bus state is: 0
Set Net Indication Callback called
Bus state is: 0
Set Net Indication Callback called
Bus state is: 0
Set Net Indication Callback called
Bus state is: 0
Set Net Indication Callback called
Bus state is: 0
Set Net Indication Callback called
Bus state is: 0
Set Net Indication Callback called
Bus state is: 0
Set Net Indication Callback called
Bus state is: 0
Set Net Indication Callback called
Bus state is: 0
Set Net Indication Callback called
Bus state is: 0
Set Net Indication Callback called
Bus state is: 0
Set Net Indication Callback called
Bus state is: 0
Set Net Indication Callback called
Bus state is: 0
Set Net Indication Callback called
Bus state is: 0
Set Net Indication Callback called
Bus state is: 0
Set Net Indication Callback called
Bus state is: 0
Set Net Indication Callback called
Bus state is: 0
Set Net Indication Callback called
Bus state is: 0
Set Net Indication Callback called
Bus state is: 0
Set Net Indication Callback called
Bus state is: 0
Set Net Indication Callback called
Bus state is: 0
Set Net Indication Callback called
Bus state is: 0
Set Net Indication Callback called
Bus state is: 0
Set Net Indication Callback called
Bus state is: 0
Set Net Indication Callback called
Bus state is: 0
Set Net Indication Callback called
Bus state is: 0
Set Net Indication Callback called
Bus state is: 0
Set Net Indication Callback called
Bus state is: 0
Set Net Indication Callback called
Bus state is: 0
Set Net Indication Callback called
Bus state is: 0
Set Net Indication Callback called
Bus state is: 0
Set Net Indication Callback called
Bus state is: 0
Set Net Indication Callback called
Bus state is: 0
Set Net Indication Callback called
Bus state is: 0
Set Net Indication Callback called
Bus state is: 0
Set Net Indication Callback called
Bus state is: 0
Set Net Indication Callback called
Bus state is: 0
Set Net Indication Callback called
Bus state is: 0
Set Net Indication Callback called
Bus state is: 0
Set Net Indication Callback called
Bus state is: 0
Set Net Indication Callback called
Bus state is: 0
Set Net Indication Callback called
Bus state is: 0
Set Net Indication Callback called
Bus state is: 0
Set Net Indication Callback called
Bus state is: 0
Set Net Indication Callback called
Bus state is: 0
Set Net Indication Callback called
Bus state is: 0
Set Net Indication Callback called
Bus state is: 0
Set Net Indication Callback called
Bus state is: 0
Set Net Indication Callback called
Bus state is: 0
Set Net Indication Callback called
Bus state is: 0
Set Net Indication Callback called
Bus state is: 0
Set Net Indication Callback called
Bus state is: 0
Set Net Indication Callback called
Bus state is: 0
Set Net Indication Callback called
Bus state is: 0
Set Net Indication Callback called
Bus state is: 0
Set Net Indication Callback called
Bus state is: 0
Set Net Indication Callback called
Bus state is: 0
Set Net Indication Callback called
Bus state is: 0
Set Net Indication Callback called
Bus state is: 0
Set Net Indication Callback called
Bus state is: 0
Set Net Indication Callback called
Bus state is: 0
Set Net Indication Callback called
Bus state is: 0
Set Net Indication Callback called
Bus state is: 0
Set Net Indication Callback called
Bus state is: 0
Set Net Indication Callback called
Bus state is: 0
Set Net Indication Callback called
Bus state is: 0
Set Net Indication Callback called
Bus state is: 0
Set Net Indication Callback called
Bus state is: 0
Set Net Indication Callback called
Bus state is: 0
Set Net Indication Callback called
Bus state is: 0
Set Net Indication Callback called
Bus state is: 0
Set Net Indication Callback called
Bus state is: 0
Set Net Indication Callback called
Bus state is: 0
Set Net Indication Callback called
Bus state is: 0
Set Net Indication Callback called
Bus state is: 0
Set Net Indication Callback called
Bus state is: 0
Set Net Indication Callback called
Bus state is: 0
Set Net Indication Callback called
Bus state is: 0
Set Net Indication Callback called
Bus state is: 0
Set Net Indication Callback called
Bus state is: 0
Set Net Indication Callback called
Bus state is: 0
Set Net Indication Callback called
Bus state is: 0
Set Net Indication Callback called
Bus state is: 0
Set Net Indication Callback called
Bus state is: 0
Set Net Indication Callback called
Bus state is: 0
Set Net Indication Callback called
Bus state is: 0
Set Net Indication Callback called
Bus state is: 0
Set Net Indication Callback called
Bus state is: 0
Set Net Indication Callback called
Bus state is: 0
Set Net Indication Callback called
Bus state is: 0
Set Net Indication Callback called
Bus state is: 0
Set Net Indication Callback called
Bus state is: 0
Set Net Indication Callback called
Bus state is: 0
Set Net Indication Callback called
Bus state is: 0
Set Net Indication Callback called
Bus state is: 0
Set Net Indication Callback called
Bus state is: 0
Set Net Indication Callback called
Bus state is: 0
Set Net Indication Callback called
Bus state is: 0
Set Net Indication Callback called
Bus state is: 0
Set Net Indication Callback called
Bus state is: 0
Set Net Indication Callback called
Bus state is: 0
Set Net Indication Callback called
Bus state is: 0
Set Net Indication Callback called
Bus state is: 0
Set Net Indication Callback called
Bus state is: 0
Set Net Indication Callback called
Bus state is: 0
Set Net Indication Callback called
Bus state is: 0
Set Net Indication Callback called
Bus state is: 0
Set Net Indication Callback called
Bus state is: 0
Set Net Indication Callback called
Bus state is: 0
Set Net Indication Callback called
Bus state is: 0
Set Net Indication Callback called
Bus state is: 0
Set Net Indication Callback called
Bus state is: 0
Set Net Indication Callback called
Bus state is: 0
Set Net Indication Callback called
Bus state is: 0
Set Net Indication Callback called
Bus state is: 0
Set Net Indication Callback called
Bus state is: 0
Set Net Indication Callback called
Bus state is: 0
Set Net Indication Callback called
Bus state is: 0
Set Net Indication Callback called
Bus state is: 0
Set Net Indication Callback called
Bus state is: 0
Set Net Indication Callback called
Bus state is: 0
Set Net Indication Callback called
Bus state is: 0
Set Net Indication Callback called
Bus state is: 0
Set Net Indication Callback called
Bus state is: 0
Set Net Indication Callback called
Bus state is: 0
Set Net Indication Callback called
Bus state is: 0
Set Net Indication Callback called
Bus state is: 0
Set Net Indication Callback called
Bus state is: 0
Set Net Indication Callback called
Bus state is: 0
Set Net Indication Callback called
Bus state is: 0
Set Net Indication Callback called
Bus state is: 0
Set Net Indication Callback called
Bus state is: 0
Set Net Indication Callback called
Bus state is: 0
Set Net Indication Callback called
Bus state is: 0
Set Net Indication Callback called
Bus state is: 0
Set Net Indication Callback called
Bus state is: 0
Set Net Indication Callback called
Bus state is: 0
Set Net Indication Callback called
Bus state is: 0
Set Net Indication Callback called
Bus state is: 0
Set Net Indication Callback called
Bus state is: 0
Set Net Indication Callback called
Bus state is: 0
Set Net Indication Callback called
Bus state is: 0
Set Net Indication Callback called
Bus state is: 0
Set Net Indication Callback called
Bus state is: 0
Set Net Indication Callback called
Bus state is: 0
Set Net Indication Callback called
Bus state is: 0
Set Net Indication Callback called
Bus state is: 0
Set Net Indication Callback called
Bus state is: 0
Set Net Indication Callback called
Bus state is: 0
Set Net Indication Callback called
Bus state is: 0
Set Net Indication Callback called
Bus state is: 0
Set Net Indication Callback called
Bus state is: 0
Set Net Indication Callback called
Bus state is: 0
Set Net Indication Callback called
Bus state is: 0
Set Net Indication Callback called
Bus state is: 0
Set Net Indication Callback called
Bus state is: 0
Set Net Indication Callback called
Bus state is: 0
Set Net Indication Callback called
Bus state is: 0
Set Net Indication Callback called
Bus state is: 0
Set Net Indication Callback called
Bus state is: 0
Set Net Indication Callback called
Bus state is: 0
Set Net Indication Callback called
Bus state is: 0
Set Net Indication Callback called
Bus state is: 0
Set Net Indication Callback called
Bus state is: 0
Set Net Indication Callback called
Bus state is: 0
Set Net Indication Callback called
Bus state is: 0
Set Net Indication Callback called
Bus state is: 0
Set Net Indication Callback called
Bus state is: 0
Set Net Indication Callback called
Bus state is: 0
Set Net Indication Callback called
Bus state is: 0
Set Net Indication Callback called
Bus state is: 0
Set Net Indication Callback called
Bus state is: 0
Set Net Indication Callback called
Bus state is: 0
Set Net Indication Callback called
Bus state is: 0
Set Net Indication Callback called
Bus state is: 0
Set Net Indication Callback called
Bus state is: 0
Set Net Indication Callback called
Bus state is: 0
Set Net Indication Callback called
Bus state is: 0
Set Net Indication Callback called
Bus state is: 0
Set Net Indication Callback called
Bus state is: 0
Set Net Indication Callback called
Bus state is: 0
Set Net Indication Callback called
Bus state is: 0
Set Net Indication Callback called
Bus state is: 0
Set Net Indication Callback called
Bus state is: 0
Set Net Indication Callback called
Bus state is: 0
Set Net Indication Callback called
Bus state is: 0
Set Net Indication Callback called
Bus state is: 0
Set Net Indication Callback called
Bus state is: 0
Set Net Indication Callback called
Bus state is: 0
Set Net Indication Callback called
Bus state is: 0
Set Net Indication Callback called
Bus state is: 0
Set Net Indication Callback called
Bus state is: 0
Set Net Indication Callback called
Bus state is: 0
Set Net Indication Callback called
Bus state is: 0
Set Net Indication Callback called
Bus state is: 0
Set Net Indication Callback called
Bus state is: 0
Set Net Indication Callback called
Bus state is: 0
Set Net Indication Callback called
Bus state is: 0
Set Net Indication Callback called
Bus state is: 0
Set Net Indication Callback called
Bus state is: 0
Set Net Indication Callback called
Bus state is: 0
Set Net Indication Callback called
Bus state is: 0
Set Net Indication Callback called
Bus state is: 0
Set Net Indication Callback called
Bus state is: 0
Set Net Indication Callback called
Bus state is: 0
Set Net Indication Callback called
Bus state is: 0
Set Net Indication Callback called
Bus state is: 0
Set Net Indication Callback called
Bus state is: 0
Set Net Indication Callback called
Bus state is: 0
Set Net Indication Callback called
Bus state is: 0
Set Net Indication Callback called
Bus state is: 0
Set Net Indication Callback called
Bus state is: 0
Set Net Indication Callback called
Bus state is: 0
Set Net Indication Callback called
Bus state is: 0
Set Net Indication Callback called
Bus state is: 0
Set Net Indication Callback called
Bus state is: 0
Set Net Indication Callback called
Bus state is: 0
Set Net Indication Callback called
Bus state is: 0
Set Net Indication Callback called
Bus state is: 0
Set Net Indication Callback called
Bus state is: 0
Set Net Indication Callback called
Bus state is: 0
Set Net Indication Callback called
Bus state is: 0
Set Net Indication Callback called
Bus state is: 0
Set Net Indication Callback called
Bus state is: 0
Set Net Indication Callback called
Bus state is: 0
Set Net Indication Callback called
Bus state is: 0
Set Net Indication Callback called
Bus state is: 0
Set Net Indication Callback called
Bus state is: 0
Set Net Indication Callback called
Bus state is: 0
Set Net Indication Callback called
Bus state is: 0
Set Net Indication Callback called
Bus state is: 0
Set Net Indication Callback called
Bus state is: 0
Set Net Indication Callback called
Bus state is: 0
Set Net Indication Callback called
Bus state is: 0
Set Net Indication Callback called
Bus state is: 0
Set Net Indication Callback called
Bus state is: 0
Set Net Indication Callback called
Bus state is: 0
Set Net Indication Callback called
Bus state is: 0
Set Net Indication Callback called
Bus state is: 0
Set Net Indication Callback called
Bus state is: 0
Set Net Indication Callback called
Bus state is: 0
Set Net Indication Callback called
Bus state is: 0
Set Net Indication Callback called
Bus state is: 0
Set Net Indication Callback called
Bus state is: 0
Set Net Indication Callback called
Bus state is: 0
Set Net Indication Callback called
Bus state is: 0
Set Net Indication Callback called
Bus state is: 0
Set Net Indication Callback called
Bus state is: 0
Set Net Indication Callback called
Bus state is: 0
Set Net Indication Callback called
Bus state is: 0
Set Net Indication Callback called
Bus state is: 0
Set Net Indication Callback called
Bus state is: 0
Set Net Indication Callback called
Bus state is: 0
Set Net Indication Callback called
Bus state is: 0
Set Net Indication Callback called
Bus state is: 0
Set Net Indication Callback called
Bus state is: 0
Set Net Indication Callback called
Bus state is: 0
Set Net Indication Callback called
Bus state is: 0
Set Net Indication Callback called
Bus state is: 0
Set Net Indication Callback called
Bus state is: 0
Set Net Indication Callback called
Bus state is: 0
Set Net Indication Callback called
Bus state is: 0
Set Net Indication Callback called
Bus state is: 0
Set Net Indication Callback called
Bus state is: 0
Set Net Indication Callback called
Bus state is: 0
Set Net Indication Callback called
Bus state is: 0
Set Net Indication Callback called
Bus state is: 0
Set Net Indication Callback called
Bus state is: 0
Set Net Indication Callback called
Bus state is: 0
Set Net Indication Callback called
Bus state is: 0
Set Net Indication Callback called
Bus state is: 0
Set Net Indication Callback called
Bus state is: 0
Set Net Indication Callback called
Bus state is: 0
Set Net Indication Callback called
Bus state is: 0
Set Net Indication Callback called
Bus state is: 0
Set Net Indication Callback called
Bus state is: 0
Set Net Indication Callback called
Bus state is: 0
Set Net Indication Callback called
Bus state is: 0
Set Net Indication Callback called
Bus state is: 0
Set Net Indication Callback called
Bus state is: 0
Set Net Indication Callback called
Bus state is: 0
Set Net Indication Callback called
Bus state is: 0
Set Net Indication Callback called
Bus state is: 0
Set Net Indication Callback called
Bus state is: 0
Set Net Indication Callback called
Bus state is: 0
Set Net Indication Callback called
Bus state is: 0
Set Net Indication Callback called
Bus state is: 0
Set Net Indication Callback called
Bus state is: 0
Set Net Indication Callback called
Bus state is: 0
Set Net Indication Callback called
Bus state is: 0
Set Net Indication Callback called
Bus state is: 0
Set Net Indication Callback called
Bus state is: 0
Set Net Indication Callback called
Bus state is: 0
Set Net Indication Callback called
Bus state is: 0
Set Net Indication Callback called
Bus state is: 0
Set Net Indication Callback called
Bus state is: 0
Set Net Indication Callback called
Bus state is: 0
Set Net Indication Callback called
Bus state is: 0
Set Net Indication Callback called
Bus state is: 0
Set Net Indication Callback called
Bus state is: 0
Set Net Indication Callback called
Bus state is: 0
Set Net Indication Callback called
Bus state is: 0
Set Net Indication Callback called
Bus state is: 0
Set Net Indication Callback called
Bus state is: 0
Set Net Indication Callback called
Bus state is: 0
Set Net Indication Callback called
Bus state is: 0
Set Net Indication Callback called
Bus state is: 0
Set Net Indication Callback called
Bus state is: 0
Set Net Indication Callback called
Bus state is: 0
Set Net Indication Callback called
Bus state is: 0
Set Net Indication Callback called
Bus state is: 0
Set Net Indication Callback called
Bus state is: 0
Set Net Indication Callback called
Bus state is: 0
Set Net Indication Callback called
Bus state is: 0
Set Net Indication Callback called
Bus state is: 0
Set Net Indication Callback called
Bus state is: 0
Set Net Indication Callback called
Bus state is: 0
Set Net Indication Callback called
Bus state is: 0
Set Net Indication Callback called
Bus state is: 0
Set Net Indication Callback called
Bus state is: 0
Set Net Indication Callback called
Bus state is: 0
Set Net Indication Callback called
Bus state is: 0
Set Net Indication Callback called
Bus state is: 0
Set Net Indication Callback called
Bus state is: 0
Set Net Indication Callback called
Bus state is: 0
Set Net Indication Callback called
Bus state is: 0
Set Net Indication Callback called
Bus state is: 0
Set Net Indication Callback called
Bus state is: 0
Set Net Indication Callback called
Bus state is: 0
Set Net Indication Callback called
Bus state is: 0
Set Net Indication Callback called
Bus state is: 0
Set Net Indication Callback called
Bus state is: 0
Set Net Indication Callback called
Bus state is: 0
Set Net Indication Callback called
Bus state is: 0
Set Net Indication Callback called
Bus state is: 0
Set Net Indication Callback called
Bus state is: 0
Set Net Indication Callback called
Bus state is: 0
Set Net Indication Callback called
Bus state is: 0
Set Net Indication Callback called
Bus state is: 0
Set Net Indication Callback called
Bus state is: 0
Set Net Indication Callback called
Bus state is: 0
Set Net Indication Callback called
Bus state is: 0
Set Net Indication Callback called
Bus state is: 0
Set Net Indication Callback called
Bus state is: 0
Set Net Indication Callback called
Bus state is: 0
Set Net Indication Callback called
Bus state is: 0
Set Net Indication Callback called
Bus state is: 0
Set Net Indication Callback called
Bus state is: 0
Set Net Indication Callback called
Bus state is: 0
Set Net Indication Callback called
Bus state is: 0
Set Net Indication Callback called
Bus state is: 0
Set Net Indication Callback called
Bus state is: 0
Set Net Indication Callback called
Bus state is: 0
Set Net Indication Callback called
Bus state is: 0
Set Net Indication Callback called
Bus state is: 0
Set Net Indication Callback called
Bus state is: 0
Set Net Indication Callback called
Bus state is: 0
Set Net Indication Callback called
Bus state is: 0
Set Net Indication Callback called
Bus state is: 0
Set Net Indication Callback called
Bus state is: 0
Set Net Indication Callback called
Bus state is: 0
Set Net Indication Callback called
Bus state is: 0
Set Net Indication Callback called
Bus state is: 0
Set Net Indication Callback called
Bus state is: 0
Set Net Indication Callback called
Bus state is: 0
Set Net Indication Callback called
Bus state is: 0
Set Net Indication Callback called
Bus state is: 0
Set Net Indication Callback called
Bus state is: 0
Set Net Indication Callback called
Bus state is: 0
Set Net Indication Callback called
Bus state is: 0
Set Net Indication Callback called
Bus state is: 0
Set Net Indication Callback called
Bus state is: 0
Set Net Indication Callback called
Bus state is: 0
Set Net Indication Callback called
Bus state is: 0
Set Net Indication Callback called
Bus state is: 0
Set Net Indication Callback called
Bus state is: 0
Set Net Indication Callback called
Bus state is: 0
Set Net Indication Callback called
Bus state is: 0
Set Net Indication Callback called
Bus state is: 0
Set Net Indication Callback called
Bus state is: 0
Set Net Indication Callback called
Bus state is: 0
Set Net Indication Callback called
Bus state is: 0
Set Net Indication Callback called
Bus state is: 0
Set Net Indication Callback called
Bus state is: 0
Set Net Indication Callback called
Bus state is: 0
Set Net Indication Callback called
Bus state is: 0
Set Net Indication Callback called
Bus state is: 0
Set Net Indication Callback called
Bus state is: 0
Set Net Indication Callback called
Bus state is: 0
Set Net Indication Callback called
Bus state is: 0
Set Net Indication Callback called
Bus state is: 0
Set Net Indication Callback called
Bus state is: 0
Set Net Indication Callback called
Bus state is: 0
Set Net Indication Callback called
Bus state is: 0
Set Net Indication Callback called
Bus state is: 0
Set Net Indication Callback called
Bus state is: 0
Set Net Indication Callback called
Bus state is: 0
Set Net Indication Callback called
Bus state is: 0
Set Net Indication Callback called
Bus state is: 0
Set Net Indication Callback called
Bus state is: 0
Set Net Indication Callback called
Bus state is: 0
Set Net Indication Callback called
Bus state is: 0
Set Net Indication Callback called
Bus state is: 0
Set Net Indication Callback called
Bus state is: 0
Set Net Indication Callback called
Bus state is: 0
Set Net Indication Callback called
Bus state is: 0
Set Net Indication Callback called
Bus state is: 0
Set Net Indication Callback called
Bus state is: 0
Set Net Indication Callback called
Bus state is: 0
Set Net Indication Callback called
Bus state is: 0
Set Net Indication Callback called
Bus state is: 0
Set Net Indication Callback called
Bus state is: 0
Set Net Indication Callback called
Bus state is: 0
Set Net Indication Callback called
Bus state is: 0
Set Net Indication Callback called
Bus state is: 0
Set Net Indication Callback called
Bus state is: 0
Set Net Indication Callback called
Bus state is: 0
Set Net Indication Callback called
Bus state is: 0
Set Net Indication Callback called
Bus state is: 0
Set Net Indication Callback called
Bus state is: 0
Set Net Indication Callback called
Bus state is: 0
Set Net Indication Callback called
Bus state is: 0
Set Net Indication Callback called
Bus state is: 0
Set Net Indication Callback called
Bus state is: 0
Set Net Indication Callback called
Bus state is: 0
Set Net Indication Callback called
Bus state is: 0
Set Net Indication Callback called
Bus state is: 0
Set Net Indication Callback called
Bus state is: 0
Set Net Indication Callback called
Bus state is: 0
Set Net Indication Callback called
Bus state is: 0
Set Net Indication Callback called
Bus state is: 0
Set Net Indication Callback called
Bus state is: 0
Set Net Indication Callback called
Bus state is: 0
Set Net Indication Callback called
Bus state is: 0
Set Net Indication Callback called
Bus state is: 0
Set Net Indication Callback called
Bus state is: 0
Set Net Indication Callback called
Bus state is: 0
Set Net Indication Callback called
Bus state is: 0
Set Net Indication Callback called
Bus state is: 0
Set Net Indication Callback called
Bus state is: 0
Set Net Indication Callback called
Bus state is: 0
Set Net Indication Callback called
Bus state is: 0
Set Net Indication Callback called
Bus state is: 0
Set Net Indication Callback called
Bus state is: 0
Set Net Indication Callback called
Bus state is: 0
Set Net Indication Callback called
Bus state is: 0
Set Net Indication Callback called
Bus state is: 0
Set Net Indication Callback called
Bus state is: 0
Set Net Indication Callback called
Bus state is: 0
Set Net Indication Callback called
Bus state is: 0
Set Net Indication Callback called
Bus state is: 0
Set Net Indication Callback called
Bus state is: 0
Set Net Indication Callback called
Bus state is: 0
Set Net Indication Callback called
Bus state is: 0
Set Net Indication Callback called
Bus state is: 0
Set Net Indication Callback called
Bus state is: 0
Set Net Indication Callback called
Bus state is: 0
Set Net Indication Callback called
Bus state is: 0
Set Net Indication Callback called
Bus state is: 0
Set Net Indication Callback called
Bus state is: 0
Set Net Indication Callback called
Bus state is: 0
Set Net Indication Callback called
Bus state is: 0
Set Net Indication Callback called
Bus state is: 0
Set Net Indication Callback called
Bus state is: 0
Set Net Indication Callback called
Bus state is: 0
Set Net Indication Callback called
Bus state is: 0
Set Net Indication Callback called
Bus state is: 0
Set Net Indication Callback called
Bus state is: 0
Set Net Indication Callback called
Bus state is: 0
Set Net Indication Callback called
Bus state is: 0
Set Net Indication Callback called
Bus state is: 0
Set Net Indication Callback called
Bus state is: 0
Set Net Indication Callback called
Bus state is: 0
Set Net Indication Callback called
Bus state is: 0
Set Net Indication Callback called
Bus state is: 0
Set Net Indication Callback called
Bus state is: 0
Set Net Indication Callback called
Bus state is: 0
Set Net Indication Callback called
Bus state is: 0
Set Net Indication Callback called
Bus state is: 0
Set Net Indication Callback called
Bus state is: 0
Set Net Indication Callback called
Bus state is: 0
Set Net Indication Callback called
Bus state is: 0
Set Net Indication Callback called
Bus state is: 0
Set Net Indication Callback called
Bus state is: 0
Set Net Indication Callback called
Bus state is: 0
Set Net Indication Callback called
Bus state is: 0
Set Net Indication Callback called
Bus state is: 0
Set Net Indication Callback called
Bus state is: 0
Set Net Indication Callback called
Bus state is: 0
Set Net Indication Callback called
Bus state is: 0
Set Net Indication Callback called
Bus state is: 0
Set Net Indication Callback called
Bus state is: 0
Set Net Indication Callback called
Bus state is: 0
Set Net Indication Callback called
Bus state is: 0
Set Net Indication Callback called
Bus state is: 0
Set Net Indication Callback called
Bus state is: 0
Set Net Indication Callback called
Bus state is: 0
Set Net Indication Callback called
Bus state is: 0
Set Net Indication Callback called
Bus state is: 0
Set Net Indication Callback called
Bus state is: 0
Set Net Indication Callback called
Bus state is: 0
Set Net Indication Callback called
Bus state is: 0
Set Net Indication Callback called
Bus state is: 0
Set Net Indication Callback called
Bus state is: 0
Set Net Indication Callback called
Bus state is: 0
Set Net Indication Callback called
Bus state is: 0
Set Net Indication Callback called
Bus state is: 0
Set Net Indication Callback called
Bus state is: 0
Set Net Indication Callback called
Bus state is: 0
Set Net Indication Callback called
Bus state is: 0
Set Net Indication Callback called
Bus state is: 0
Set Net Indication Callback called
Bus state is: 0
Set Net Indication Callback called
Bus state is: 0
Set Net Indication Callback called
Bus state is: 0
Set Net Indication Callback called
Bus state is: 0
Set Net Indication Callback called
Bus state is: 0
Set Net Indication Callback called
Bus state is: 0
Set Net Indication Callback called
Bus state is: 0
Set Net Indication Callback called
Bus state is: 0
Set Net Indication Callback called
Bus state is: 0
Set Net Indication Callback called
Bus state is: 0
Set Net Indication Callback called
Bus state is: 0
Set Net Indication Callback called
Bus state is: 0
Set Net Indication Callback called
Bus state is: 0
Set Net Indication Callback called
Bus state is: 0
Set Net Indication Callback called
Bus state is: 0
Set Net Indication Callback called
Bus state is: 0
Set Net Indication Callback called
Bus state is: 0
Set Net Indication Callback called
Bus state is: 0
Set Net Indication Callback called
Bus state is: 0
Set Net Indication Callback called
Bus state is: 0
Set Net Indication Callback called
Bus state is: 0
Set Net Indication Callback called
Bus state is: 0
Set Net Indication Callback called
Bus state is: 0
Set Net Indication Callback called
Bus state is: 0
Set Net Indication Callback called
Bus state is: 0
Set Net Indication Callback called
Bus state is: 0
Set Net Indication Callback called
Bus state is: 0
Set Net Indication Callback called
Bus state is: 0
Set Net Indication Callback called
Bus state is: 0
Set Net Indication Callback called
Bus state is: 0
Set Net Indication Callback called
Bus state is: 0
Set Net Indication Callback called
Bus state is: 0
Set Net Indication Callback called
Bus state is: 0
Set Net Indication Callback called
Bus state is: 0
Set Net Indication Callback called
Bus state is: 0
Set Net Indication Callback called
Bus state is: 0
Set Net Indication Callback called
Bus state is: 0
Set Net Indication Callback called
Bus state is: 0
Set Net Indication Callback called
Bus state is: 0
Set Net Indication Callback called
Bus state is: 0
Set Net Indication Callback called
Bus state is: 0
Set Net Indication Callback called
Bus state is: 0
Set Net Indication Callback called
Bus state is: 0
Set Net Indication Callback called
Bus state is: 0
Set Net Indication Callback called
Bus state is: 0
Set Net Indication Callback called
Bus state is: 0
Set Net Indication Callback called
Bus state is: 0
Set Net Indication Callback called
Bus state is: 0
Set Net Indication Callback called
Bus state is: 0
Set Net Indication Callback called
Bus state is: 0
Set Net Indication Callback called
Bus state is: 0
Set Net Indication Callback called
Bus state is: 0
Set Net Indication Callback called
Bus state is: 0
Set Net Indication Callback called
Bus state is: 0
Set Net Indication Callback called
Bus state is: 0
Set Net Indication Callback called
Bus state is: 0
Set Net Indication Callback called
Bus state is: 0
Set Net Indication Callback called
Bus state is: 0
Set Net Indication Callback called
Bus state is: 0
Set Net Indication Callback called
Bus state is: 0
Set Net Indication Callback called
Bus state is: 0
Set Net Indication Callback called
Bus state is: 0
Set Net Indication Callback called
Bus state is: 0
Set Net Indication Callback called
Bus state is: 0
Set Net Indication Callback called
Bus state is: 0
Set Net Indication Callback called
Bus state is: 0
Set Net Indication Callback called
Bus state is: 0
Set Net Indication Callback called
Bus state is: 0
Set Net Indication Callback called
Bus state is: 0
Set Net Indication Callback called
Bus state is: 0
Set Net Indication Callback called
Bus state is: 0
Set Net Indication Callback called
Bus state is: 0
Set Net Indication Callback called
Bus state is: 0
Set Net Indication Callback called
Bus state is: 0
Set Net Indication Callback called
Bus state is: 0
Set Net Indication Callback called
Bus state is: 0
Set Net Indication Callback called
Bus state is: 0
Set Net Indication Callback called
Bus state is: 0
Set Net Indication Callback called
Bus state is: 0
Set Net Indication Callback called
Bus state is: 0
Set Net Indication Callback called
Bus state is: 0
Set Net Indication Callback called
Bus state is: 0
Set Net Indication Callback called
Bus state is: 0
Set Net Indication Callback called
Bus state is: 0
Set Net Indication Callback called
Bus state is: 0
Set Net Indication Callback called
Bus state is: 0
Set Net Indication Callback called
Bus state is: 0
Set Net Indication Callback called
Bus state is: 0
Set Net Indication Callback called
Bus state is: 0
Set Net Indication Callback called
Bus state is: 0
Set Net Indication Callback called
Bus state is: 0
Set Net Indication Callback called
Bus state is: 0
Set Net Indication Callback called
Bus state is: 0
Set Net Indication Callback called
Bus state is: 0
Set Net Indication Callback called
Bus state is: 0
Set Net Indication Callback called
Bus state is: 0
Set Net Indication Callback called
Bus state is: 0
Set Net Indication Callback called
Bus state is: 0
Set Net Indication Callback called
Bus state is: 0
Set Net Indication Callback called
Bus state is: 0
Set Net Indication Callback called
Bus state is: 0
Set Net Indication Callback called
Bus state is: 0
Set Net Indication Callback called
Bus state is: 0
Set Net Indication Callback called
Bus state is: 0
Set Net Indication Callback called
Bus state is: 0
Set Net Indication Callback called
Bus state is: 0
Set Net Indication Callback called
Bus state is: 0
Set Net Indication Callback called
Bus state is: 0
Set Net Indication Callback called
Bus state is: 0
Set Net Indication Callback called
Bus state is: 0
Set Net Indication Callback called
Bus state is: 0
Set Net Indication Callback called
Bus state is: 0
Set Net Indication Callback called
Bus state is: 0
Set Net Indication Callback called
Bus state is: 0
Set Net Indication Callback called
Bus state is: 0
Set Net Indication Callback called
Bus state is: 0
Set Net Indication Callback called
Bus state is: 0
Set Net Indication Callback called
Bus state is: 0
Set Net Indication Callback called
Bus state is: 0
Set Net Indication Callback called
Bus state is: 0
Set Net Indication Callback called
Bus state is: 0
Set Net Indication Callback called
Bus state is: 0
Set Net Indication Callback called
Bus state is: 0
Set Net Indication Callback called
Bus state is: 0
Set Net Indication Callback called
Bus state is: 0
Set Net Indication Callback called
Bus state is: 0
Set Net Indication Callback called
Bus state is: 0
Set Net Indication Callback called
Bus state is: 0
Set Net Indication Callback called
Bus state is: 0
Set Net Indication Callback called
Bus state is: 0
Set Net Indication Callback called
Bus state is: 0
Set Net Indication Callback called
Bus state is: 0
Set Net Indication Callback called
Bus state is: 0
Set Net Indication Callback called
Bus state is: 0
Set Net Indication Callback called
Bus state is: 0
Set Net Indication Callback called
Bus state is: 0
Set Net Indication Callback called
Bus state is: 0
Set Net Indication Callback called
Bus state is: 0
Set Net Indication Callback called
Bus state is: 0
Set Net Indication Callback called
Bus state is: 0
Set Net Indication Callback called
Bus state is: 0
Set Net Indication Callback called
Bus state is: 0
Set Net Indication Callback called
Bus state is: 0
Set Net Indication Callback called
Bus state is: 0
Set Net Indication Callback called
Bus state is: 0
Set Net Indication Callback called
Bus state is: 0
Set Net Indication Callback called
Bus state is: 0
Set Net Indication Callback called
Bus state is: 0
Set Net Indication Callback called
Bus state is: 0
Set Net Indication Callback called
Bus state is: 0
Set Net Indication Callback called
Bus state is: 0
Set Net Indication Callback called
Bus state is: 0
Set Net Indication Callback called
Bus state is: 0
Set Net Indication Callback called
Bus state is: 0
Set Net Indication Callback called
Bus state is: 0
Set Net Indication Callback called
Bus state is: 0
Set Net Indication Callback called
Bus state is: 0
Set Net Indication Callback called
Bus state is: 0
Set Net Indication Callback called
Bus state is: 0
Set Net Indication Callback called
Bus state is: 0
Set Net Indication Callback called
Bus state is: 0
Set Net Indication Callback called
Bus state is: 0
Set Net Indication Callback called
Bus state is: 0
Set Net Indication Callback called
Bus state is: 0
Set Net Indication Callback called
Bus state is: 0
Set Net Indication Callback called
Bus state is: 0
Set Net Indication Callback called
Bus state is: 0
Set Net Indication Callback called
Bus state is: 0
Set Net Indication Callback called
Bus state is: 0
Set Net Indication Callback called
Bus state is: 0
Set Net Indication Callback called
Bus state is: 0
Set Net Indication Callback called
Bus state is: 0
Set Net Indication Callback called
Bus state is: 0
Set Net Indication Callback called
Bus state is: 0
Set Net Indication Callback called
Bus state is: 0
Set Net Indication Callback called
Bus state is: 0
Set Net Indication Callback called
Bus state is: 0
Set Net Indication Callback called
Bus state is: 0
Set Net Indication Callback called
Bus state is: 0
Set Net Indication Callback called
Bus state is: 0
Set Net Indication Callback called
Bus state is: 0
Set Net Indication Callback called
Bus state is: 0
Set Net Indication Callback called
Bus state is: 0
Set Net Indication Callback called
Bus state is: 0
Set Net Indication Callback called
Bus state is: 0
Set Net Indication Callback called
Bus state is: 0
Set Net Indication Callback called
Bus state is: 0
Set Net Indication Callback called
Bus state is: 0
Set Net Indication Callback called
Bus state is: 0
Set Net Indication Callback called
Bus state is: 0
Set Net Indication Callback called
Bus state is: 0
Set Net Indication Callback called
Bus state is: 0
Set Net Indication Callback called
Bus state is: 0
Set Net Indication Callback called
Bus state is: 0
Set Net Indication Callback called
Bus state is: 0
Set Net Indication Callback called
Bus state is: 0
Set Net Indication Callback called
Bus state is: 0
Set Net Indication Callback called
Bus state is: 0
Set Net Indication Callback called
Bus state is: 0
Set Net Indication Callback called
Bus state is: 0
Set Net Indication Callback called
Bus state is: 0
Set Net Indication Callback called
Bus state is: 0
Set Net Indication Callback called
Bus state is: 0
Set Net Indication Callback called
Bus state is: 0
Set Net Indication Callback called
Bus state is: 0
Set Net Indication Callback called
Bus state is: 0
Set Net Indication Callback called
Bus state is: 0
Set Net Indication Callback called
Bus state is: 0
Set Net Indication Callback called
Bus state is: 0
Set Net Indication Callback called
Bus state is: 0
Set Net Indication Callback called
Bus state is: 0
Set Net Indication Callback called
Bus state is: 0
Set Net Indication Callback called
Bus state is: 0
Set Net Indication Callback called
Bus state is: 0
Set Net Indication Callback called
Bus state is: 0
Set Net Indication Callback called
Bus state is: 0
Set Net Indication Callback called
Bus state is: 0
Set Net Indication Callback called
Bus state is: 0
Set Net Indication Callback called
Bus state is: 0
Set Net Indication Callback called
Bus state is: 0
Set Net Indication Callback called
Bus state is: 0
Set Net Indication Callback called
Bus state is: 0
Set Net Indication Callback called
Bus state is: 0
Set Net Indication Callback called
Bus state is: 0
Set Net Indication Callback called
Bus state is: 0
Set Net Indication Callback called
Bus state is: 0
Set Net Indication Callback called
Bus state is: 0
Set Net Indication Callback called
Bus state is: 0
Set Net Indication Callback called
Bus state is: 0
Set Net Indication Callback called
Bus state is: 0
Set Net Indication Callback called
Bus state is: 0
Set Net Indication Callback called
Bus state is: 0
Set Net Indication Callback called
Bus state is: 0
Set Net Indication Callback called
Bus state is: 0
Set Net Indication Callback called
Bus state is: 0
Set Net Indication Callback called
Bus state is: 0
Set Net Indication Callback called
Bus state is: 0
Set Net Indication Callback called
Bus state is: 0
Set Net Indication Callback called
Bus state is: 0
Set Net Indication Callback called
Bus state is: 0
Set Net Indication Callback called
Bus state is: 0
Set Net Indication Callback called
Bus state is: 0
Set Net Indication Callback called
Bus state is: 0
Set Net Indication Callback called
Bus state is: 0
Set Net Indication Callback called
Bus state is: 0
Set Net Indication Callback called
Bus state is: 0
Set Net Indication Callback called
Bus state is: 0
Set Net Indication Callback called
Bus state is: 0
Set Net Indication Callback called
Bus state is: 0
Set Net Indication Callback called
Bus state is: 0
Set Net Indication Callback called
Bus state is: 0
Set Net Indication Callback called
Bus state is: 0
Set Net Indication Callback called
Bus state is: 0
Set Net Indication Callback called
Bus state is: 0
Set Net Indication Callback called
Bus state is: 0
Set Net Indication Callback called
Bus state is: 0
Set Net Indication Callback called
Bus state is: 0
Set Net Indication Callback called
Bus state is: 0
Set Net Indication Callback called
Bus state is: 0
Set Net Indication Callback called
Bus state is: 0
Set Net Indication Callback called
Bus state is: 0
Set Net Indication Callback called
Bus state is: 0
Set Net Indication Callback called
Bus state is: 0
Set Net Indication Callback called
Bus state is: 0
Set Net Indication Callback called
Bus state is: 0
Set Net Indication Callback called
Bus state is: 0
Set Net Indication Callback called
Bus state is: 0
Set Net Indication Callback called
Bus state is: 0
Set Net Indication Callback called
Bus state is: 0
Set Net Indication Callback called
Bus state is: 0
Set Net Indication Callback called
Bus state is: 0
Set Net Indication Callback called
Bus state is: 0
Set Net Indication Callback called
Bus state is: 0
Set Net Indication Callback called
Bus state is: 0
Set Net Indication Callback called
Bus state is: 0
Set Net Indication Callback called
Bus state is: 0
Set Net Indication Callback called
Bus state is: 0
Set Net Indication Callback called
Bus state is: 0
Set Net Indication Callback called
Bus state is: 0
Set Net Indication Callback called
Bus state is: 0
Set Net Indication Callback called
Bus state is: 0
Set Net Indication Callback called
Bus state is: 0
Set Net Indication Callback called
Bus state is: 0
Set Net Indication Callback called
Bus state is: 0
Set Net Indication Callback called
Bus state is: 0
Set Net Indication Callback called
Bus state is: 0
Set Net Indication Callback called
Bus state is: 0
Set Net Indication Callback called
Bus state is: 0
Set Net Indication Callback called
Bus state is: 0
Set Net Indication Callback called
Bus state is: 0
Set Net Indication Callback called
Bus state is: 0
Set Net Indication Callback called
Bus state is: 0
Set Net Indication Callback called
Bus state is: 0
Set Net Indication Callback called
Bus state is: 0
Set Net Indication Callback called
Bus state is: 0
Set Net Indication Callback called
Bus state is: 0
Set Net Indication Callback called
Bus state is: 0
Set Net Indication Callback called
Bus state is: 0
Set Net Indication Callback called
Bus state is: 0
Set Net Indication Callback called
Bus state is: 0
Set Net Indication Callback called
Bus state is: 0
Set Net Indication Callback called
Bus state is: 0
Set Net Indication Callback called
Bus state is: 0
Set Net Indication Callback called
Bus state is: 0
Set Net Indication Callback called
Bus state is: 0
Set Net Indication Callback called
Bus state is: 0
Set Net Indication Callback called
Bus state is: 0
Set Net Indication Callback called
Bus state is: 0
Set Net Indication Callback called
Bus state is: 0
Set Net Indication Callback called
Bus state is: 0
Set Net Indication Callback called
Bus state is: 0
Set Net Indication Callback called
Bus state is: 0
Set Net Indication Callback called
Bus state is: 0
Set Net Indication Callback called
Bus state is: 0
Set Net Indication Callback called
Bus state is: 0
Set Net Indication Callback called
Bus state is: 0
Set Net Indication Callback called
Bus state is: 0
Set Net Indication Callback called
Bus state is: 0
Set Net Indication Callback called
Bus state is: 0
Set Net Indication Callback called
Bus state is: 0
Set Net Indication Callback called
Bus state is: 0
Set Net Indication Callback called
Bus state is: 0
Set Net Indication Callback called
Bus state is: 0
Set Net Indication Callback called
Bus state is: 0
Set Net Indication Callback called
Bus state is: 0
Set Net Indication Callback called
Bus state is: 0
Set Net Indication Callback called
Bus state is: 0
Set Net Indication Callback called
Bus state is: 0
Set Net Indication Callback called
Bus state is: 0
Set Net Indication Callback called
Bus state is: 0
Set Net Indication Callback called
Bus state is: 0
Set Net Indication Callback called
Bus state is: 0
Set Net Indication Callback called
Bus state is: 0
Set Net Indication Callback called
Bus state is: 0
Set Net Indication Callback called
Bus state is: 0
Set Net Indication Callback called
Bus state is: 0
Set Net Indication Callback called
Bus state is: 0
Set Net Indication Callback called
Bus state is: 0
Set Net Indication Callback called
Bus state is: 0
Set Net Indication Callback called
Bus state is: 0
Set Net Indication Callback called
Bus state is: 0
Set Net Indication Callback called
Bus state is: 0
Set Net Indication Callback called
Bus state is: 0
Set Net Indication Callback called
Bus state is: 0
Set Net Indication Callback called
Bus state is: 0
Set Net Indication Callback called
Bus state is: 0
Set Net Indication Callback called
Bus state is: 0
Set Net Indication Callback called
Bus state is: 0
Set Net Indication Callback called
Bus state is: 0
Set Net Indication Callback called
Bus state is: 0
Set Net Indication Callback called
Bus state is: 0
Set Net Indication Callback called
Bus state is: 0
Set Net Indication Callback called
Bus state is: 0
Set Net Indication Callback called
Bus state is: 0
Set Net Indication Callback called
Bus state is: 0
Set Net Indication Callback called
Bus state is: 0
Set Net Indication Callback called
Bus state is: 0
Set Net Indication Callback called
Bus state is: 0
Set Net Indication Callback called
Bus state is: 0
Set Net Indication Callback called
Bus state is: 0
Set Net Indication Callback called
Bus state is: 0
Set Net Indication Callback called
Bus state is: 0
Set Net Indication Callback called
Bus state is: 0
Set Net Indication Callback called
Bus state is: 0
Set Net Indication Callback called
Bus state is: 0
Set Net Indication Callback called
Bus state is: 0
Set Net Indication Callback called
Bus state is: 0
Set Net Indication Callback called
Bus state is: 0
Set Net Indication Callback called
Bus state is: 0
Set Net Indication Callback called
Bus state is: 0
Set Net Indication Callback called
Bus state is: 0
Set Net Indication Callback called
Bus state is: 0
Set Net Indication Callback called
Bus state is: 0
Set Net Indication Callback called
Bus state is: 0
Set Net Indication Callback called
Bus state is: 0
Set Net Indication Callback called
Bus state is: 0
Set Net Indication Callback called
Bus state is: 0
Set Net Indication Callback called
Bus state is: 0
Set Net Indication Callback called
Bus state is: 0
Set Net Indication Callback called
Bus state is: 0
Set Net Indication Callback called
Bus state is: 0
Set Net Indication Callback called
Bus state is: 0
Set Net Indication Callback called
Bus state is: 0
Set Net Indication Callback called
Bus state is: 0
Set Net Indication Callback called
Bus state is: 0
Set Net Indication Callback called
Bus state is: 0
Set Net Indication Callback called
Bus state is: 0
Set Net Indication Callback called
Bus state is: 0
Set Net Indication Callback called
Bus state is: 0
Set Net Indication Callback called
Bus state is: 0
Set Net Indication Callback called
Bus state is: 0
Set Net Indication Callback called
Bus state is: 0
Set Net Indication Callback called
Bus state is: 0
Set Net Indication Callback called
Bus state is: 0
Set Net Indication Callback called
Bus state is: 0
Set Net Indication Callback called
Bus state is: 0
Set Net Indication Callback called
Bus state is: 0
Set Net Indication Callback called
Bus state is: 0
Set Net Indication Callback called
Bus state is: 0
Set Net Indication Callback called
Bus state is: 0
Set Net Indication Callback called
Bus state is: 0
Set Net Indication Callback called
Bus state is: 0
Set Net Indication Callback called
Bus state is: 0
Set Net Indication Callback called
Bus state is: 0
Set Net Indication Callback called
Bus state is: 0
Set Net Indication Callback called
Bus state is: 0
Set Net Indication Callback called
Bus state is: 0
Set Net Indication Callback called
Bus state is: 0
Set Net Indication Callback called
Bus state is: 0
Set Net Indication Callback called
Bus state is: 0
Set Net Indication Callback called
Bus state is: 0
Set Net Indication Callback called
Bus state is: 0
Set Net Indication Callback called
Bus state is: 0
Set Net Indication Callback called
Bus state is: 0
Set Net Indication Callback called
Bus state is: 0
Set Net Indication Callback called
Bus state is: 0
Set Net Indication Callback called
Bus state is: 0
Set Net Indication Callback called
Bus state is: 0
Set Net Indication Callback called
Bus state is: 0
Set Net Indication Callback called
Bus state is: 0
Set Net Indication Callback called
Bus state is: 0
Set Net Indication Callback called
Bus state is: 0
Set Net Indication Callback called
Bus state is: 0
Set Net Indication Callback called
Bus state is: 0
Set Net Indication Callback called
Bus state is: 0
Set Net Indication Callback called
Bus state is: 0
Set Net Indication Callback called
Bus state is: 0
Set Net Indication Callback called
Bus state is: 0
Set Net Indication Callback called
Bus state is: 0
Set Net Indication Callback called
Bus state is: 0
Set Net Indication Callback called
Bus state is: 0
Set Net Indication Callback called
Bus state is: 0
Set Net Indication Callback called
Bus state is: 0
Set Net Indication Callback called
Bus state is: 0
Set Net Indication Callback called
Bus state is: 0
Set Net Indication Callback called
Bus state is: 0
Set Net Indication Callback called
Bus state is: 0
Set Net Indication Callback called
Bus state is: 0
Set Net Indication Callback called
Bus state is: 0
Set Net Indication Callback called
Bus state is: 0
Set Net Indication Callback called
Bus state is: 0
Set Net Indication Callback called
Bus state is: 0
Set Net Indication Callback called
Bus state is: 0
Set Net Indication Callback called
Bus state is: 0
Set Net Indication Callback called
Bus state is: 0
Set Net Indication Callback called
Bus state is: 0
Set Net Indication Callback called
Bus state is: 0
Set Net Indication Callback called
Bus state is: 0
Set Net Indication Callback called
Bus state is: 0
Set Net Indication Callback called
Bus state is: 0
Set Net Indication Callback called
Bus state is: 0
Set Net Indication Callback called
Bus state is: 0
Set Net Indication Callback called
Bus state is: 0
Set Net Indication Callback called
Bus state is: 0
Set Net Indication Callback called
Bus state is: 0
Set Net Indication Callback called
Bus state is: 0
Set Net Indication Callback called
Bus state is: 0
Set Net Indication Callback called
Bus state is: 0
Set Net Indication Callback called
Bus state is: 0
Set Net Indication Callback called
Bus state is: 0
Set Net Indication Callback called
Bus state is: 0
Set Net Indication Callback called
Bus state is: 0
Set Net Indication Callback called
Bus state is: 0
Set Net Indication Callback called
Bus state is: 0
Set Net Indication Callback called
Bus state is: 0
Set Net Indication Callback called
Bus state is: 0
Set Net Indication Callback called
Bus state is: 0
Set Net Indication Callback called
Bus state is: 0
Set Net Indication Callback called
Bus state is: 0
Set Net Indication Callback called
Bus state is: 0
Set Net Indication Callback called
Bus state is: 0
Set Net Indication Callback called
Bus state is: 0
Set Net Indication Callback called
Bus state is: 0
Set Net Indication Callback called
Bus state is: 0
Set Net Indication Callback called
Bus state is: 0
Set Net Indication Callback called
Bus state is: 0
Set Net Indication Callback called
Bus state is: 0
Set Net Indication Callback called
Bus state is: 0
Set Net Indication Callback called
Bus state is: 0
Set Net Indication Callback called
Bus state is: 0
Set Net Indication Callback called
Bus state is: 0
Set Net Indication Callback called
Bus state is: 0
Set Net Indication Callback called
Bus state is: 0
Set Net Indication Callback called
Bus state is: 0
Set Net Indication Callback called
Bus state is: 0
Set Net Indication Callback called
Bus state is: 0
Set Net Indication Callback called
Bus state is: 0
Set Net Indication Callback called
Bus state is: 0
Set Net Indication Callback called
Bus state is: 0
Set Net Indication Callback called
Bus state is: 0
Set Net Indication Callback called
Bus state is: 0
Set Net Indication Callback called
Bus state is: 0
Set Net Indication Callback called
Bus state is: 0
Set Net Indication Callback called
Bus state is: 0
Set Net Indication Callback called
Bus state is: 0
Set Net Indication Callback called
Bus state is: 0
Set Net Indication Callback called
Bus state is: 0
Set Net Indication Callback called
Bus state is: 0
Set Net Indication Callback called
Bus state is: 0
Set Net Indication Callback called
Bus state is: 0
Set Net Indication Callback called
Bus state is: 0
Set Net Indication Callback called
Bus state is: 0
Set Net Indication Callback called
Bus state is: 0
Set Net Indication Callback called
Bus state is: 0
Set Net Indication Callback called
Bus state is: 0
Set Net Indication Callback called
Bus state is: 0
Set Net Indication Callback called
Bus state is: 0
Set Net Indication Callback called
Bus state is: 0
Set Net Indication Callback called
Bus state is: 0
Set Net Indication Callback called
Bus state is: 0
Set Net Indication Callback called
Bus state is: 0
Set Net Indication Callback called
Bus state is: 0
Set Net Indication Callback called
Bus state is: 0
Set Net Indication Callback called
Bus state is: 0
Set Net Indication Callback called
Bus state is: 0
Set Net Indication Callback called
Bus state is: 0
Set Net Indication Callback called
Bus state is: 0
Set Net Indication Callback called
Bus state is: 0
Set Net Indication Callback called
Bus state is: 0
Set Net Indication Callback called
Bus state is: 0
Set Net Indication Callback called
Bus state is: 0
Set Net Indication Callback called
Bus state is: 0
Set Net Indication Callback called
Bus state is: 0
Set Net Indication Callback called
Bus state is: 0
Set Net Indication Callback called
Bus state is: 0
Set Net Indication Callback called
Bus state is: 0
Set Net Indication Callback called
Bus state is: 0
Set Net Indication Callback called
Bus state is: 0
Set Net Indication Callback called
Bus state is: 0
Set Net Indication Callback called
Bus state is: 0
Set Net Indication Callback called
Bus state is: 0
Set Net Indication Callback called
Bus state is: 0
Set Net Indication Callback called
Bus state is: 0
Set Net Indication Callback called
Bus state is: 0
Set Net Indication Callback called
Bus state is: 0
Set Net Indication Callback called
Bus state is: 0
Set Net Indication Callback called
Bus state is: 0
Set Net Indication Callback called
Bus state is: 0
Set Net Indication Callback called
Bus state is: 0
Set Net Indication Callback called
Bus state is: 0
Set Net Indication Callback called
Bus state is: 0
Set Net Indication Callback called
Bus state is: 0
Set Net Indication Callback called
Bus state is: 0
Set Net Indication Callback called
Bus state is: 0
Set Net Indication Callback called
Bus state is: 0
Set Net Indication Callback called
Bus state is: 0
Set Net Indication Callback called
Bus state is: 0
Set Net Indication Callback called
Bus state is: 0
Set Net Indication Callback called
Bus state is: 0
Set Net Indication Callback called
Bus state is: 0
Set Net Indication Callback called
Bus state is: 0
Set Net Indication Callback called
Bus state is: 0
Set Net Indication Callback called
Bus state is: 0
Set Net Indication Callback called
Bus state is: 0
Set Net Indication Callback called
Bus state is: 0
Set Net Indication Callback called
Bus state is: 0
Set Net Indication Callback called
Bus state is: 0
Set Net Indication Callback called
Bus state is: 0
Set Net Indication Callback called
Bus state is: 0
Set Net Indication Callback called
Bus state is: 0
Set Net Indication Callback called
Bus state is: 0
Set Net Indication Callback called
Bus state is: 0
Set Net Indication Callback called
Bus state is: 0
Set Net Indication Callback called
Bus state is: 0
Set Net Indication Callback called
Bus state is: 0
Set Net Indication Callback called
Bus state is: 0
Set Net Indication Callback called
Bus state is: 0
Set Net Indication Callback called
Bus state is: 0
Set Net Indication Callback called
Bus state is: 0
Set Net Indication Callback called
Bus state is: 0
Set Net Indication Callback called
Bus state is: 0
Set Net Indication Callback called
Bus state is: 0
Set Net Indication Callback called
Bus state is: 0
Set Net Indication Callback called
Bus state is: 0
Set Net Indication Callback called
Bus state is: 0
Set Net Indication Callback called
Bus state is: 0
Set Net Indication Callback called
Bus state is: 0
Set Net Indication Callback called
Bus state is: 0
Set Net Indication Callback called
Bus state is: 0
Set Net Indication Callback called
Bus state is: 0
Set Net Indication Callback called
Bus state is: 0
Set Net Indication Callback called
Bus state is: 0
Set Net Indication Callback called
Bus state is: 0
Set Net Indication Callback called
Bus state is: 0
Set Net Indication Callback called
Bus state is: 0
Set Net Indication Callback called
Bus state is: 0
Set Net Indication Callback called
Bus state is: 0
Set Net Indication Callback called
Bus state is: 0
Set Net Indication Callback called
Bus state is: 0
Set Net Indication Callback called
Bus state is: 0
Set Net Indication Callback called
Bus state is: 0
Set Net Indication Callback called
Bus state is: 0
Set Net Indication Callback called
Bus state is: 0
Set Net Indication Callback called
Bus state is: 0
Set Net Indication Callback called
Bus state is: 0
Set Net Indication Callback called
Bus state is: 0
Set Net Indication Callback called
Bus state is: 0
Set Net Indication Callback called
Bus state is: 0
Set Net Indication Callback called
Bus state is: 0
Set Net Indication Callback called
Bus state is: 0
Set Net Indication Callback called
Bus state is: 0
Set Net Indication Callback called
Bus state is: 0
Set Net Indication Callback called
Bus state is: 0
Set Net Indication Callback called
Bus state is: 0
Set Net Indication Callback called
Bus state is: 0
Set Net Indication Callback called
Bus state is: 0
Set Net Indication Callback called
Bus state is: 0
Set Net Indication Callback called
Bus state is: 0
Set Net Indication Callback called
Bus state is: 0
Set Net Indication Callback called
Bus state is: 0
Set Net Indication Callback called
Bus state is: 0
Set Net Indication Callback called
Bus state is: 0
Set Net Indication Callback called
Bus state is: 0
Set Net Indication Callback called
Bus state is: 0
Set Net Indication Callback called
Bus state is: 0
Set Net Indication Callback called
Bus state is: 0
Set Net Indication Callback called
Bus state is: 0
Set Net Indication Callback called
Bus state is: 0
Set Net Indication Callback called
Bus state is: 0
Set Net Indication Callback called
Bus state is: 0
Set Net Indication Callback called
Bus state is: 0
Set Net Indication Callback called
Bus state is: 0
Set Net Indication Callback called
Bus state is: 0
Set Net Indication Callback called
Bus state is: 0
Set Net Indication Callback called
Bus state is: 0
Set Net Indication Callback called
Bus state is: 0
Set Net Indication Callback called
Bus state is: 0
Set Net Indication Callback called
Bus state is: 0
Set Net Indication Callback called
Bus state is: 0
Set Net Indication Callback called
Bus state is: 0
Set Net Indication Callback called
Bus state is: 0
Set Net Indication Callback called
Bus state is: 0
Set Net Indication Callback called
Bus state is: 0
Set Net Indication Callback called
Bus state is: 0
Set Net Indication Callback called
Bus state is: 0
Set Net Indication Callback called
Bus state is: 0
Set Net Indication Callback called
Bus state is: 0
Set Net Indication Callback called
Bus state is: 0
Set Net Indication Callback called
Bus state is: 0
Set Net Indication Callback called
Bus state is: 0
Set Net Indication Callback called
Bus state is: 0
Set Net Indication Callback called
Bus state is: 0
Set Net Indication Callback called
Bus state is: 0
Set Net Indication Callback called
Bus state is: 0
Set Net Indication Callback called
Bus state is: 0
Set Net Indication Callback called
Bus state is: 0
Set Net Indication Callback called
Bus state is: 0
Set Net Indication Callback called
Bus state is: 0
Set Net Indication Callback called
Bus state is: 0
Set Net Indication Callback called
Bus state is: 0
Set Net Indication Callback called
Bus state is: 0
Set Net Indication Callback called
Bus state is: 0
Set Net Indication Callback called
Bus state is: 0
Set Net Indication Callback called
Bus state is: 0
Set Net Indication Callback called
Bus state is: 0
Set Net Indication Callback called
Bus state is: 0
Set Net Indication Callback called
Bus state is: 0
Set Net Indication Callback called
Bus state is: 0
Set Net Indication Callback called
Bus state is: 0
Set Net Indication Callback called
Bus state is: 0
Set Net Indication Callback called
Bus state is: 0
Set Net Indication Callback called
Bus state is: 0
Set Net Indication Callback called
Bus state is: 0
Set Net Indication Callback called
Bus state is: 0
Set Net Indication Callback called
Bus state is: 0
Set Net Indication Callback called
Bus state is: 0
Set Net Indication Callback called
Bus state is: 0
Set Net Indication Callback called
Bus state is: 0
Set Net Indication Callback called
Bus state is: 0
Set Net Indication Callback called
Bus state is: 0
Set Net Indication Callback called
Bus state is: 0
Set Net Indication Callback called
Bus state is: 0
Set Net Indication Callback called
Bus state is: 0
Set Net Indication Callback called
Bus state is: 0
Set Net Indication Callback called
Bus state is: 0
Set Net Indication Callback called
Bus state is: 0
Set Net Indication Callback called
Bus state is: 0
Set Net Indication Callback called
Bus state is: 0
Set Net Indication Callback called
Bus state is: 0
Set Net Indication Callback called
Bus state is: 0
Set Net Indication Callback called
Bus state is: 0
Set Net Indication Callback called
Bus state is: 0
Set Net Indication Callback called
Bus state is: 0
Set Net Indication Callback called
Bus state is: 0
Set Net Indication Callback called
Bus state is: 0
Set Net Indication Callback called
Bus state is: 0
Set Net Indication Callback called
Bus state is: 0
Set Net Indication Callback called
Bus state is: 0
Set Net Indication Callback called
Bus state is: 0
Set Net Indication Callback called
Bus state is: 0
Set Net Indication Callback called
Bus state is: 0
Set Net Indication Callback called
Bus state is: 0
Set Net Indication Callback called
Bus state is: 0
Set Net Indication Callback called
Bus state is: 0
Set Net Indication Callback called
Bus state is: 0
Set Net Indication Callback called
Bus state is: 0
Set Net Indication Callback called
Bus state is: 0
Set Net Indication Callback called
Bus state is: 0
Set Net Indication Callback called
Bus state is: 0
Set Net Indication Callback called
Bus state is: 0
Set Net Indication Callback called
Bus state is: 0
Set Net Indication Callback called
Bus state is: 0
Set Net Indication Callback called
Bus state is: 0
Set Net Indication Callback called
Bus state is: 0
Set Net Indication Callback called
Bus state is: 0
Set Net Indication Callback called
Bus state is: 0
Set Net Indication Callback called
Bus state is: 0
Set Net Indication Callback called
Bus state is: 0
Set Net Indication Callback called
Bus state is: 0
Set Net Indication Callback called
Bus state is: 0
Set Net Indication Callback called
Bus state is: 0
Set Net Indication Callback called
Bus state is: 0
Set Net Indication Callback called
Bus state is: 0
Set Net Indication Callback called
Bus state is: 0
Set Net Indication Callback called
Bus state is: 0
Set Net Indication Callback called
Bus state is: 0
Set Net Indication Callback called
Bus state is: 0
Set Net Indication Callback called
Bus state is: 0
Set Net Indication Callback called
Bus state is: 0
Set Net Indication Callback called
Bus state is: 0
Set Net Indication Callback called
Bus state is: 0
Set Net Indication Callback called
Bus state is: 0
Set Net Indication Callback called
Bus state is: 0
Set Net Indication Callback called
Bus state is: 0
Set Net Indication Callback called
Bus state is: 0
Set Net Indication Callback called
Bus state is: 0
Set Net Indication Callback called
Bus state is: 0
Set Net Indication Callback called
Bus state is: 0
Set Net Indication Callback called
Bus state is: 0
Set Net Indication Callback called
Bus state is: 0
Set Net Indication Callback called
Bus state is: 0
Set Net Indication Callback called
Bus state is: 0
Set Net Indication Callback called
Bus state is: 0
Set Net Indication Callback called
Bus state is: 0
Set Net Indication Callback called
Bus state is: 0
Set Net Indication Callback called
Bus state is: 0
Set Net Indication Callback called
Bus state is: 0
Set Net Indication Callback called
Bus state is: 0
Set Net Indication Callback called
Bus state is: 0
Set Net Indication Callback called
Bus state is: 0
Set Net Indication Callback called
Bus state is: 0
Set Net Indication Callback called
Bus state is: 0
Set Net Indication Callback called
Bus state is: 0
Set Net Indication Callback called
Bus state is: 0
Set Net Indication Callback called
Bus state is: 0
Set Net Indication Callback called
Bus state is: 0
Set Net Indication Callback called
Bus state is: 0
Set Net Indication Callback called
Bus state is: 0
Set Net Indication Callback called
Bus state is: 0
Set Net Indication Callback called
Bus state is: 0
Set Net Indication Callback called
Bus state is: 0
Set Net Indication Callback called
Bus state is: 0
Set Net Indication Callback called
Bus state is: 0
Set Net Indication Callback called
Bus state is: 0
Set Net Indication Callback called
Bus state is: 0
Set Net Indication Callback called
Bus state is: 0
Set Net Indication Callback called
Bus state is: 0
Set Net Indication Callback called
Bus state is: 0
Set Net Indication Callback called
Bus state is: 0
Set Net Indication Callback called
Bus state is: 0
Set Net Indication Callback called
Bus state is: 0
Set Net Indication Callback called
Bus state is: 0
Set Net Indication Callback called
Bus state is: 0
Set Net Indication Callback called
Bus state is: 0
Set Net Indication Callback called
Bus state is: 0
Set Net Indication Callback called
Bus state is: 0
Set Net Indication Callback called
Bus state is: 0
Set Net Indication Callback called
Bus state is: 0
Set Net Indication Callback called
Bus state is: 0
Set Net Indication Callback called
Bus state is: 0
Set Net Indication Callback called
Bus state is: 0
Set Net Indication Callback called
Bus state is: 0
Set Net Indication Callback called
Bus state is: 0
Set Net Indication Callback called
Bus state is: 0
Set Net Indication Callback called
Bus state is: 0
Set Net Indication Callback called
Bus state is: 0
Set Net Indication Callback called
Bus state is: 0
Set Net Indication Callback called
Bus state is: 0
Set Net Indication Callback called
Bus state is: 0
Set Net Indication Callback called
Bus state is: 0
Set Net Indication Callback called
Bus state is: 0
Set Net Indication Callback called
Bus state is: 0
Set Net Indication Callback called
Bus state is: 0
Set Net Indication Callback called
Bus state is: 0
Set Net Indication Callback called
Bus state is: 0
Set Net Indication Callback called
Bus state is: 0
Set Net Indication Callback called
Bus state is: 0
Set Net Indication Callback called
Bus state is: 0
Set Net Indication Callback called
Bus state is: 0
Set Net Indication Callback called
Bus state is: 0
Set Net Indication Callback called
Bus state is: 0
Set Net Indication Callback called
Bus state is: 0
Set Net Indication Callback called
Bus state is: 0
Set Net Indication Callback called
Bus state is: 0
Set Net Indication Callback called
Bus state is: 0
Set Net Indication Callback called
Bus state is: 0
Set Net Indication Callback called
Bus state is: 0
Set Net Indication Callback called
Bus state is: 0
Set Net Indication Callback called
Bus state is: 0
Set Net Indication Callback called
Bus state is: 0
Set Net Indication Callback called
Bus state is: 0
Set Net Indication Callback called
Bus state is: 0
Set Net Indication Callback called
Bus state is: 0
Set Net Indication Callback called
Bus state is: 0
Set Net Indication Callback called
Bus state is: 0
Set Net Indication Callback called
Bus state is: 0
Set Net Indication Callback called
Bus state is: 0
Set Net Indication Callback called
Bus state is: 0
Set Net Indication Callback called
Bus state is: 0
Set Net Indication Callback called
Bus state is: 0
Set Net Indication Callback called
Bus state is: 0
Set Net Indication Callback called
Bus state is: 0
Set Net Indication Callback called
Bus state is: 0
Set Net Indication Callback called
Bus state is: 0
Set Net Indication Callback called
Bus state is: 0
Set Net Indication Callback called
Bus state is: 0
Set Net Indication Callback called
Bus state is: 0
Set Net Indication Callback called
Bus state is: 0
Set Net Indication Callback called
Bus state is: 0
Set Net Indication Callback called
Bus state is: 0
Set Net Indication Callback called
Bus state is: 0
Set Net Indication Callback called
Bus state is: 0
Set Net Indication Callback called
Bus state is: 0
Set Net Indication Callback called
Bus state is: 0
Set Net Indication Callback called
Bus state is: 0
Set Net Indication Callback called
Bus state is: 0
Set Net Indication Callback called
Bus state is: 0
Set Net Indication Callback called
Bus state is: 0
Set Net Indication Callback called
Bus state is: 0
Set Net Indication Callback called
Bus state is: 0
Set Net Indication Callback called
Bus state is: 0
Set Net Indication Callback called
Bus state is: 0
Set Net Indication Callback called
Bus state is: 0
Set Net Indication Callback called
Bus state is: 0
Set Net Indication Callback called
Bus state is: 0
Set Net Indication Callback called
Bus state is: 0
Set Net Indication Callback called
Bus state is: 0
Set Net Indication Callback called
Bus state is: 0
Set Net Indication Callback called
Bus state is: 0
Set Net Indication Callback called
Bus state is: 0
Set Net Indication Callback called
Bus state is: 0
Set Net Indication Callback called
Bus state is: 0
Set Net Indication Callback called
Bus state is: 0
Set Net Indication Callback called
Bus state is: 0
Set Net Indication Callback called
Bus state is: 0
Set Net Indication Callback called
Bus state is: 0
Set Net Indication Callback called
Bus state is: 0
Set Net Indication Callback called
Bus state is: 0
Set Net Indication Callback called
Bus state is: 0
Set Net Indication Callback called
Bus state is: 0
Set Net Indication Callback called
Bus state is: 0
Set Net Indication Callback called
Bus state is: 0
Set Net Indication Callback called
Bus state is: 0
Set Net Indication Callback called
Bus state is: 0
Set Net Indication Callback called
Bus state is: 0
Set Net Indication Callback called
Bus state is: 0
Set Net Indication Callback called
Bus state is: 0
Set Net Indication Callback called
Bus state is: 0
Set Net Indication Callback called
Bus state is: 0
Set Net Indication Callback called
Bus state is: 0
Set Net Indication Callback called
Bus state is: 0
Set Net Indication Callback called
Bus state is: 0
Set Net Indication Callback called
Bus state is: 0
Set Net Indication Callback called
Bus state is: 0
Set Net Indication Callback called
Bus state is: 0
Set Net Indication Callback called
Bus state is: 0
Set Net Indication Callback called
Bus state is: 0
Set Net Indication Callback called
Bus state is: 0
Set Net Indication Callback called
Bus state is: 0
Set Net Indication Callback called
Bus state is: 0
Set Net Indication Callback called
Bus state is: 0
Set Net Indication Callback called
Bus state is: 0
Set Net Indication Callback called
Bus state is: 0
Set Net Indication Callback called
Bus state is: 0
Set Net Indication Callback called
Bus state is: 0
Set Net Indication Callback called
Bus state is: 0
Set Net Indication Callback called
Bus state is: 0
Set Net Indication Callback called
Bus state is: 0
Set Net Indication Callback called
Bus state is: 0
Set Net Indication Callback called
Bus state is: 0
Set Net Indication Callback called
Bus state is: 0
Set Net Indication Callback called
Bus state is: 0
Set Net Indication Callback called
Bus state is: 0
Set Net Indication Callback called
Bus state is: 0
Set Net Indication Callback called
Bus state is: 0
Set Net Indication Callback called
Bus state is: 0
Set Net Indication Callback called
Bus state is: 0
Set Net Indication Callback called
Bus state is: 0
Set Net Indication Callback called
Bus state is: 0
Set Net Indication Callback called
Bus state is: 0
Set Net Indication Callback called
Bus state is: 0
Set Net Indication Callback called
Bus state is: 0
Set Net Indication Callback called
Bus state is: 0
Set Net Indication Callback called
Bus state is: 0
Set Net Indication Callback called
Bus state is: 0
Set Net Indication Callback called
Bus state is: 0
Set Net Indication Callback called
Bus state is: 0
Set Net Indication Callback called
Bus state is: 0
Set Net Indication Callback called
Bus state is: 0
Set Net Indication Callback called
Bus state is: 0
Set Net Indication Callback called
Bus state is: 0
Set Net Indication Callback called
Bus state is: 0
Set Net Indication Callback called
Bus state is: 0
Set Net Indication Callback called
Bus state is: 0
Set Net Indication Callback called
Bus state is: 0
Set Net Indication Callback called
Bus state is: 0
Set Net Indication Callback called
Bus state is: 0
Set Net Indication Callback called
Bus state is: 0
Set Net Indication Callback called
Bus state is: 0
Set Net Indication Callback called
Bus state is: 0
Set Net Indication Callback called
Bus state is: 0
Set Net Indication Callback called
Bus state is: 0
Set Net Indication Callback called
Bus state is: 0
Set Net Indication Callback called
Bus state is: 0
Set Net Indication Callback called
Bus state is: 0
Set Net Indication Callback called
Bus state is: 0
Set Net Indication Callback called
Bus state is: 0
Set Net Indication Callback called
Bus state is: 0
Set Net Indication Callback called
Bus state is: 0
Set Net Indication Callback called
Bus state is: 0
Set Net Indication Callback called
Bus state is: 0
Set Net Indication Callback called
Bus state is: 0
Set Net Indication Callback called
Bus state is: 0
Set Net Indication Callback called
Bus state is: 0
Set Net Indication Callback called
Bus state is: 0
Set Net Indication Callback called
Bus state is: 0
Set Net Indication Callback called
Bus state is: 0
Set Net Indication Callback called
Bus state is: 0
Set Net Indication Callback called
Bus state is: 0
Set Net Indication Callback called
Bus state is: 0
Set Net Indication Callback called
Bus state is: 0
Set Net Indication Callback called
Bus state is: 0
Set Net Indication Callback called
Bus state is: 0
Set Net Indication Callback called
Bus state is: 0
Set Net Indication Callback called
Bus state is: 0
Set Net Indication Callback called
Bus state is: 0
Set Net Indication Callback called
Bus state is: 0
Set Net Indication Callback called
Bus state is: 0
Set Net Indication Callback called
Bus state is: 0
Set Net Indication Callback called
Bus state is: 0
Set Net Indication Callback called
Bus state is: 0
Set Net Indication Callback called
Bus state is: 0
Set Net Indication Callback called
Bus state is: 0
Set Net Indication Callback called
Bus state is: 0
Set Net Indication Callback called
Bus state is: 0
Set Net Indication Callback called
Bus state is: 0
Set Net Indication Callback called
Bus state is: 0
Set Net Indication Callback called
Bus state is: 0
Set Net Indication Callback called
Bus state is: 0
Set Net Indication Callback called
Bus state is: 0
Set Net Indication Callback called
Bus state is: 0
Set Net Indication Callback called
Bus state is: 0
Set Net Indication Callback called
Bus state is: 0
Set Net Indication Callback called
Bus state is: 0
Set Net Indication Callback called
Bus state is: 0
Set Net Indication Callback called
Bus state is: 0
Set Net Indication Callback called
Bus state is: 0
Set Net Indication Callback called
Bus state is: 0
Set Net Indication Callback called
Bus state is: 0
Set Net Indication Callback called
Bus state is: 0
Set Net Indication Callback called
Bus state is: 0
Set Net Indication Callback called
Bus state is: 0
Set Net Indication Callback called
Bus state is: 0
Set Net Indication Callback called
Bus state is: 0
Set Net Indication Callback called
Bus state is: 0
Set Net Indication Callback called
Bus state is: 0
Set Net Indication Callback called
Bus state is: 0
Set Net Indication Callback called
Bus state is: 0
Set Net Indication Callback called
Bus state is: 0
Set Net Indication Callback called
Bus state is: 0
Set Net Indication Callback called
Bus state is: 0
Set Net Indication Callback called
Bus state is: 0
Set Net Indication Callback called
Bus state is: 0
Set Net Indication Callback called
Bus state is: 0
Set Net Indication Callback called
Bus state is: 0
Set Net Indication Callback called
Bus state is: 0
Set Net Indication Callback called
Bus state is: 0
Set Net Indication Callback called
Bus state is: 0
Set Net Indication Callback called
Bus state is: 0
Set Net Indication Callback called
Bus state is: 0
Set Net Indication Callback called
Bus state is: 0
Set Net Indication Callback called
Bus state is: 0
Set Net Indication Callback called
Bus state is: 0
Set Net Indication Callback called
Bus state is: 0
Set Net Indication Callback called
Bus state is: 0
Set Net Indication Callback called
Bus state is: 0
Set Net Indication Callback called
Bus state is: 0
Set Net Indication Callback called
Bus state is: 0
Set Net Indication Callback called
Bus state is: 0
Set Net Indication Callback called
Bus state is: 0
Set Net Indication Callback called
Bus state is: 0
Set Net Indication Callback called
Bus state is: 0
Set Net Indication Callback called
Bus state is: 0
Set Net Indication Callback called
Bus state is: 0
Set Net Indication Callback called
Bus state is: 0
Set Net Indication Callback called
Bus state is: 0
Set Net Indication Callback called
Bus state is: 0
Set Net Indication Callback called
Bus state is: 0
Set Net Indication Callback called
Bus state is: 0
Set Net Indication Callback called
Bus state is: 0
Set Net Indication Callback called
Bus state is: 0
Set Net Indication Callback called
Bus state is: 0
Set Net Indication Callback called
Bus state is: 0
Set Net Indication Callback called
Bus state is: 0
Set Net Indication Callback called
Bus state is: 0
Set Net Indication Callback called
Bus state is: 0
Set Net Indication Callback called
Bus state is: 0
Set Net Indication Callback called
Bus state is: 0
Set Net Indication Callback called
Bus state is: 0
Set Net Indication Callback called
Bus state is: 0
Set Net Indication Callback called
Bus state is: 0
Set Net Indication Callback called
Bus state is: 0
Set Net Indication Callback called
Bus state is: 0
Set Net Indication Callback called
Bus state is: 0
Set Net Indication Callback called
Bus state is: 0
Set Net Indication Callback called
Bus state is: 0
Set Net Indication Callback called
Bus state is: 0
Set Net Indication Callback called
Bus state is: 0
Set Net Indication Callback called
Bus state is: 0
Set Net Indication Callback called
Bus state is: 0
Set Net Indication Callback called
Bus state is: 0
Set Net Indication Callback called
Bus state is: 0
Set Net Indication Callback called
Bus state is: 0
Set Net Indication Callback called
Bus state is: 0
Set Net Indication Callback called
Bus state is: 0
Set Net Indication Callback called
Bus state is: 0
Set Net Indication Callback called
Bus state is: 0
Set Net Indication Callback called
Bus state is: 0
Set Net Indication Callback called
Bus state is: 0
Set Net Indication Callback called
Bus state is: 0
Set Net Indication Callback called
Bus state is: 0
Set Net Indication Callback called
Bus state is: 0
Set Net Indication Callback called
Bus state is: 0
Set Net Indication Callback called
Bus state is: 0
Set Net Indication Callback called
Bus state is: 0
Set Net Indication Callback called
Bus state is: 0
Set Net Indication Callback called
Bus state is: 0
Set Net Indication Callback called
Bus state is: 0
Set Net Indication Callback called
Bus state is: 0
Set Net Indication Callback called
Bus state is: 0
Set Net Indication Callback called
Bus state is: 0
Set Net Indication Callback called
Bus state is: 0
Set Net Indication Callback called
Bus state is: 0
Set Net Indication Callback called
Bus state is: 0
Set Net Indication Callback called
Bus state is: 0
Set Net Indication Callback called
Bus state is: 0
Set Net Indication Callback called
Bus state is: 0
Set Net Indication Callback called
Bus state is: 0
Set Net Indication Callback called
Bus state is: 0
Set Net Indication Callback called
Bus state is: 0
Set Net Indication Callback called
Bus state is: 0
Set Net Indication Callback called
Bus state is: 0
Set Net Indication Callback called
Bus state is: 0
Set Net Indication Callback called
Bus state is: 0
Set Net Indication Callback called
Bus state is: 0
Set Net Indication Callback called
Bus state is: 0
Set Net Indication Callback called
Bus state is: 0
Set Net Indication Callback called
Bus state is: 0
Set Net Indication Callback called
Bus state is: 0
Set Net Indication Callback called
Bus state is: 0
Set Net Indication Callback called
Bus state is: 0
Set Net Indication Callback called
Bus state is: 0
Set Net Indication Callback called
Bus state is: 0
Set Net Indication Callback called
Bus state is: 0
Set Net Indication Callback called
Bus state is: 0
Set Net Indication Callback called
Bus state is: 0
Set Net Indication Callback called
Bus state is: 0
Set Net Indication Callback called
Bus state is: 0
Set Net Indication Callback called
Bus state is: 0
Set Net Indication Callback called
Bus state is: 0
Set Net Indication Callback called
Bus state is: 0
Set Net Indication Callback called
Bus state is: 0
Set Net Indication Callback called
Bus state is: 0
Set Net Indication Callback called
Bus state is: 0
Set Net Indication Callback called
Bus state is: 0
Set Net Indication Callback called
Bus state is: 0
Set Net Indication Callback called
Bus state is: 0
Set Net Indication Callback called
Bus state is: 0
Set Net Indication Callback called
Bus state is: 0
Set Net Indication Callback called
Bus state is: 0
Set Net Indication Callback called
Bus state is: 0
Set Net Indication Callback called
Bus state is: 0
Set Net Indication Callback called
Bus state is: 0
Set Net Indication Callback called
Bus state is: 0
Set Net Indication Callback called
Bus state is: 0
Set Net Indication Callback called
Bus state is: 0
Set Net Indication Callback called
Bus state is: 0
Set Net Indication Callback called
Bus state is: 0
Set Net Indication Callback called
Bus state is: 0
Set Net Indication Callback called
Bus state is: 0
Set Net Indication Callback called
Bus state is: 0
Set Net Indication Callback called
Bus state is: 0
Set Net Indication Callback called
Bus state is: 0
Set Net Indication Callback called
Bus state is: 0
Set Net Indication Callback called
Bus state is: 0
Set Net Indication Callback called
Bus state is: 0
Set Net Indication Callback called
Bus state is: 0
Set Net Indication Callback called
Bus state is: 0
Set Net Indication Callback called
Bus state is: 0
Set Net Indication Callback called
Bus state is: 0
Set Net Indication Callback called
Bus state is: 0
Set Net Indication Callback called
Bus state is: 0
Set Net Indication Callback called
Bus state is: 0
Set Net Indication Callback called
Bus state is: 0
Set Net Indication Callback called
Bus state is: 0
Set Net Indication Callback called
Bus state is: 0
Set Net Indication Callback called
Bus state is: 0
Set Net Indication Callback called
Bus state is: 0
Set Net Indication Callback called
Bus state is: 0
Set Net Indication Callback called
Bus state is: 0
Set Net Indication Callback called
Bus state is: 0
Set Net Indication Callback called
Bus state is: 0
Set Net Indication Callback called
Bus state is: 0
Set Net Indication Callback called
Bus state is: 0
Set Net Indication Callback called
Bus state is: 0
Set Net Indication Callback called
Bus state is: 0
Set Net Indication Callback called
Bus state is: 0
Set Net Indication Callback called
Bus state is: 0
Set Net Indication Callback called
Bus state is: 0
Set Net Indication Callback called
Bus state is: 0
Set Net Indication Callback called
Bus state is: 0
Set Net Indication Callback called
Bus state is: 0
Set Net Indication Callback called
Bus state is: 0
Set Net Indication Callback called
Bus state is: 0
Set Net Indication Callback called
Bus state is: 0
Set Net Indication Callback called
Bus state is: 0
Set Net Indication Callback called
Bus state is: 0
Set Net Indication Callback called
Bus state is: 0
Set Net Indication Callback called
Bus state is: 0
Set Net Indication Callback called
Bus state is: 0
Set Net Indication Callback called
Bus state is: 0
Set Net Indication Callback called
Bus state is: 0
Set Net Indication Callback called
Bus state is: 0
Set Net Indication Callback called
Bus state is: 0
Set Net Indication Callback called
Bus state is: 0
Set Net Indication Callback called
Bus state is: 0
Set Net Indication Callback called
Bus state is: 0
Set Net Indication Callback called
Bus state is: 0
Set Net Indication Callback called
Bus state is: 0
Set Net Indication Callback called
Bus state is: 0
Set Net Indication Callback called
Bus state is: 0
Set Net Indication Callback called
Bus state is: 0
Set Net Indication Callback called
Bus state is: 0
Set Net Indication Callback called
Bus state is: 0
Set Net Indication Callback called
Bus state is: 0
Set Net Indication Callback called
Bus state is: 0
Set Net Indication Callback called
Bus state is: 0
Set Net Indication Callback called
Bus state is: 0
Set Net Indication Callback called
Bus state is: 0
Set Net Indication Callback called
Bus state is: 0
Set Net Indication Callback called
Bus state is: 0
Set Net Indication Callback called
Bus state is: 0
Set Net Indication Callback called
Bus state is: 0
Set Net Indication Callback called
Bus state is: 0
Set Net Indication Callback called
Bus state is: 0
Set Net Indication Callback called
Bus state is: 0
Set Net Indication Callback called
Bus state is: 0
Set Net Indication Callback called
Bus state is: 0
Set Net Indication Callback called
Bus state is: 0
Set Net Indication Callback called
Bus state is: 0
Set Net Indication Callback called
Bus state is: 0
Set Net Indication Callback called
Bus state is: 0
Set Net Indication Callback called
Bus state is: 0
Set Net Indication Callback called
Bus state is: 0
Set Net Indication Callback called
Bus state is: 0
Set Net Indication Callback called
Bus state is: 0
Set Net Indication Callback called
Bus state is: 0
Set Net Indication Callback called
Bus state is: 0
Set Net Indication Callback called
Bus state is: 0
Set Net Indication Callback called
Bus state is: 0
Set Net Indication Callback called
Bus state is: 0
Set Net Indication Callback called
Bus state is: 0
Set Net Indication Callback called
Bus state is: 0
Set Net Indication Callback called
Bus state is: 0
Set Net Indication Callback called
Bus state is: 0
Set Net Indication Callback called
Bus state is: 0
Set Net Indication Callback called
Bus state is: 0
Set Net Indication Callback called
Bus state is: 0
Set Net Indication Callback called
Bus state is: 0
Set Net Indication Callback called
Bus state is: 0
Set Net Indication Callback called
Bus state is: 0
Set Net Indication Callback called
Bus state is: 0
Set Net Indication Callback called
Bus state is: 0
Set Net Indication Callback called
Bus state is: 0
Set Net Indication Callback called
Bus state is: 0
Set Net Indication Callback called
Bus state is: 0
Set Net Indication Callback called
Bus state is: 0
Set Net Indication Callback called
Bus state is: 0
Set Net Indication Callback called
Bus state is: 0
Set Net Indication Callback called
Bus state is: 0
Set Net Indication Callback called
Bus state is: 0
Set Net Indication Callback called
Bus state is: 0
Set Net Indication Callback called
Bus state is: 0
Set Net Indication Callback called
Bus state is: 0
Set Net Indication Callback called
Bus state is: 0
Set Net Indication Callback called
Bus state is: 0
Set Net Indication Callback called
Bus state is: 0
Set Net Indication Callback called
Bus state is: 0
Set Net Indication Callback called
Bus state is: 0
Set Net Indication Callback called
Bus state is: 0
Set Net Indication Callback called
Bus state is: 0
Set Net Indication Callback called
Bus state is: 0
Set Net Indication Callback called
Bus state is: 0
Set Net Indication Callback called
Bus state is: 0
Set Net Indication Callback called
Bus state is: 0
Set Net Indication Callback called
Bus state is: 0
Set Net Indication Callback called
Bus state is: 0
Set Net Indication Callback called
Bus state is: 0
Set Net Indication Callback called
Bus state is: 0
Set Net Indication Callback called
Bus state is: 0
Set Net Indication Callback called
Bus state is: 0
Set Net Indication Callback called
Bus state is: 0
Set Net Indication Callback called
Bus state is: 0
Set Net Indication Callback called
Bus state is: 0
Set Net Indication Callback called
Bus state is: 0
Set Net Indication Callback called
Bus state is: 0
Set Net Indication Callback called
Bus state is: 0
Set Net Indication Callback called
Bus state is: 0
Set Net Indication Callback called
Bus state is: 0
Set Net Indication Callback called
Bus state is: 0
Set Net Indication Callback called
Bus state is: 0
Set Net Indication Callback called
Bus state is: 0
Set Net Indication Callback called
Bus state is: 0
Set Net Indication Callback called
Bus state is: 0
Set Net Indication Callback called
Bus state is: 0
Set Net Indication Callback called
Bus state is: 0
Set Net Indication Callback called
Bus state is: 0
Set Net Indication Callback called
Bus state is: 0
Set Net Indication Callback called
Bus state is: 0
Set Net Indication Callback called
Bus state is: 0
Set Net Indication Callback called
Bus state is: 0
Set Net Indication Callback called
Bus state is: 0
Set Net Indication Callback called
Bus state is: 0
Set Net Indication Callback called
Bus state is: 0
Set Net Indication Callback called
Bus state is: 0
Set Net Indication Callback called
Bus state is: 0
Set Net Indication Callback called
Bus state is: 0
Set Net Indication Callback called
Bus state is: 0
Set Net Indication Callback called
Bus state is: 0
Set Net Indication Callback called
Bus state is: 0
Set Net Indication Callback called
Bus state is: 0
Set Net Indication Callback called
Bus state is: 0
Set Net Indication Callback called
Bus state is: 0
Set Net Indication Callback called
Bus state is: 0
Set Net Indication Callback called
Bus state is: 0
Set Net Indication Callback called
Bus state is: 0
Set Net Indication Callback called
Bus state is: 0
Set Net Indication Callback called
Bus state is: 0
Set Net Indication Callback called
Bus state is: 0
Set Net Indication Callback called
Bus state is: 0
Set Net Indication Callback called
Bus state is: 0
Set Net Indication Callback called
Bus state is: 0
Set Net Indication Callback called
Bus state is: 0
Set Net Indication Callback called
Bus state is: 0
Set Net Indication Callback called
Bus state is: 0
Set Net Indication Callback called
Bus state is: 0
Set Net Indication Callback called
Bus state is: 0
Set Net Indication Callback called
Bus state is: 0
Set Net Indication Callback called
Bus state is: 0
Set Net Indication Callback called
Bus state is: 0
Set Net Indication Callback called
Bus state is: 0
Set Net Indication Callback called
Bus state is: 0
Set Net Indication Callback called
Bus state is: 0
Set Net Indication Callback called
Bus state is: 0
Set Net Indication Callback called
Bus state is: 0
Set Net Indication Callback called
Bus state is: 0
Set Net Indication Callback called
Bus state is: 0
Set Net Indication Callback called
Bus state is: 0
Set Net Indication Callback called
Bus state is: 0
Set Net Indication Callback called
Bus state is: 0
Set Net Indication Callback called
Bus state is: 0
Set Net Indication Callback called
Bus state is: 0
Set Net Indication Callback called
Bus state is: 0
Set Net Indication Callback called
Bus state is: 0
Set Net Indication Callback called
Bus state is: 0
Set Net Indication Callback called
Bus state is: 0
Set Net Indication Callback called
Bus state is: 0
Set Net Indication Callback called
Bus state is: 0
Set Net Indication Callback called
Bus state is: 0
Set Net Indication Callback called
Bus state is: 0
Set Net Indication Callback called
Bus state is: 0
Set Net Indication Callback called
Bus state is: 0
Set Net Indication Callback called
Bus state is: 0
Set Net Indication Callback called
Bus state is: 0
Set Net Indication Callback called
Bus state is: 0
Set Net Indication Callback called
Bus state is: 0
Set Net Indication Callback called
Bus state is: 0
Set Net Indication Callback called
Bus state is: 0
Set Net Indication Callback called
Bus state is: 0
Set Net Indication Callback called
Bus state is: 0
Set Net Indication Callback called
Bus state is: 0
Set Net Indication Callback called
Bus state is: 0
Set Net Indication Callback called
Bus state is: 0
Set Net Indication Callback called
Bus state is: 0
Set Net Indication Callback called
Bus state is: 0
Set Net Indication Callback called
Bus state is: 0
Set Net Indication Callback called
Bus state is: 0
Set Net Indication Callback called
Bus state is: 0
Set Net Indication Callback called
Bus state is: 0
Set Net Indication Callback called
Bus state is: 0
Set Net Indication Callback called
Bus state is: 0
Set Net Indication Callback called
Bus state is: 0
Set Net Indication Callback called
Bus state is: 0
Set Net Indication Callback called
Bus state is: 0
Set Net Indication Callback called
Bus state is: 0
Set Net Indication Callback called
Bus state is: 0
Set Net Indication Callback called
Bus state is: 0
Set Net Indication Callback called
Bus state is: 0
Set Net Indication Callback called
Bus state is: 0
Set Net Indication Callback called
Bus state is: 0
Set Net Indication Callback called
Bus state is: 0
Set Net Indication Callback called
Bus state is: 0
Set Net Indication Callback called
Bus state is: 0
Set Net Indication Callback called
Bus state is: 0
Set Net Indication Callback called
Bus state is: 0
Set Net Indication Callback called
Bus state is: 0
Set Net Indication Callback called
Bus state is: 0
Set Net Indication Callback called
Bus state is: 0
Set Net Indication Callback called
Bus state is: 0
Set Net Indication Callback called
Bus state is: 0
Set Net Indication Callback called
Bus state is: 0
Set Net Indication Callback called
Bus state is: 0
Set Net Indication Callback called
Bus state is: 0
Set Net Indication Callback called
Bus state is: 0
Set Net Indication Callback called
Bus state is: 0
Set Net Indication Callback called
Bus state is: 0
Set Net Indication Callback called
Bus state is: 0
Set Net Indication Callback called
Bus state is: 0
Set Net Indication Callback called
Bus state is: 0
Set Net Indication Callback called
Bus state is: 0
Set Net Indication Callback called
Bus state is: 0
Set Net Indication Callback called
Bus state is: 0
Set Net Indication Callback called
Bus state is: 0
Set Net Indication Callback called
Bus state is: 0
Set Net Indication Callback called
Bus state is: 0
Set Net Indication Callback called
Bus state is: 0
Set Net Indication Callback called
Bus state is: 0
Set Net Indication Callback called
Bus state is: 0
Set Net Indication Callback called
Bus state is: 0
Set Net Indication Callback called
Bus state is: 0
Set Net Indication Callback called
Bus state is: 0
Set Net Indication Callback called
Bus state is: 0
Set Net Indication Callback called
Bus state is: 0
Set Net Indication Callback called
Bus state is: 0
Set Net Indication Callback called
Bus state is: 0
Set Net Indication Callback called
Bus state is: 0
Set Net Indication Callback called
Bus state is: 0
Set Net Indication Callback called
Bus state is: 0
Set Net Indication Callback called
Bus state is: 0
Set Net Indication Callback called
Bus state is: 0
Set Net Indication Callback called
Bus state is: 0
Set Net Indication Callback called
Bus state is: 0
Set Net Indication Callback called
Bus state is: 0
Set Net Indication Callback called
Bus state is: 0
Set Net Indication Callback called
Bus state is: 0
Set Net Indication Callback called
Bus state is: 0
Set Net Indication Callback called
Bus state is: 0
Set Net Indication Callback called
Bus state is: 0
Set Net Indication Callback called
Bus state is: 0
Set Net Indication Callback called
Bus state is: 0
Set Net Indication Callback called
Bus state is: 0
Set Net Indication Callback called
Bus state is: 0
Set Net Indication Callback called
Bus state is: 0
Set Net Indication Callback called
Bus state is: 0
Set Net Indication Callback called
Bus state is: 0
Set Net Indication Callback called
Bus state is: 0
Set Net Indication Callback called
Bus state is: 0
Set Net Indication Callback called
Bus state is: 0
Set Net Indication Callback called
Bus state is: 0
Set Net Indication Callback called
Bus state is: 0
Set Net Indication Callback called
Bus state is: 0
Set Net Indication Callback called
Bus state is: 0
Set Net Indication Callback called
Bus state is: 0
Set Net Indication Callback called
Bus state is: 0
Set Net Indication Callback called
Bus state is: 0
Set Net Indication Callback called
Bus state is: 0
Set Net Indication Callback called
Bus state is: 0
Set Net Indication Callback called
Bus state is: 0
Set Net Indication Callback called
Bus state is: 0
Set Net Indication Callback called
Bus state is: 0
Set Net Indication Callback called
Bus state is: 0
Set Net Indication Callback called
Bus state is: 0
Set Net Indication Callback called
Bus state is: 0
Set Net Indication Callback called
Bus state is: 0
Set Net Indication Callback called
Bus state is: 0
Set Net Indication Callback called
Bus state is: 0
Set Net Indication Callback called
Bus state is: 0
Set Net Indication Callback called
Bus state is: 0
Set Net Indication Callback called
Bus state is: 0
Set Net Indication Callback called
Bus state is: 0
Set Net Indication Callback called
Bus state is: 0
Set Net Indication Callback called
Bus state is: 0
Set Net Indication Callback called
Bus state is: 0
Set Net Indication Callback called
Bus state is: 0
Set Net Indication Callback called
Bus state is: 0
Set Net Indication Callback called
Bus state is: 0
Set Net Indication Callback called
Bus state is: 0
Set Net Indication Callback called
Bus state is: 0
Set Net Indication Callback called
Bus state is: 0
Set Net Indication Callback called
Bus state is: 0
Set Net Indication Callback called
Bus state is: 0
Set Net Indication Callback called
Bus state is: 0
Set Net Indication Callback called
Bus state is: 0
Set Net Indication Callback called
Bus state is: 0
Set Net Indication Callback called
Bus state is: 0
Set Net Indication Callback called
Bus state is: 0
Set Net Indication Callback called
Bus state is: 0
Set Net Indication Callback called
Bus state is: 0
Set Net Indication Callback called
Bus state is: 0
Set Net Indication Callback called
Bus state is: 0
Set Net Indication Callback called
Bus state is: 0
Set Net Indication Callback called
Bus state is: 0
Set Net Indication Callback called
Bus state is: 0
Set Net Indication Callback called
Bus state is: 0
Set Net Indication Callback called
Bus state is: 0
Set Net Indication Callback called
Bus state is: 0
Set Net Indication Callback called
Bus state is: 0
Set Net Indication Callback called
Bus state is: 0
Set Net Indication Callback called
Bus state is: 0
Set Net Indication Callback called
Bus state is: 0
Set Net Indication Callback called
Bus state is: 0
Set Net Indication Callback called
Bus state is: 0
Set Net Indication Callback called
Bus state is: 0
Set Net Indication Callback called
Bus state is: 0
Set Net Indication Callback called
Bus state is: 0
Set Net Indication Callback called
Bus state is: 0
Set Net Indication Callback called
Bus state is: 0
Set Net Indication Callback called
Bus state is: 0
Set Net Indication Callback called
Bus state is: 0
Set Net Indication Callback called
Bus state is: 0
Set Net Indication Callback called
Bus state is: 0
Set Net Indication Callback called
Bus state is: 0
Set Net Indication Callback called
Bus state is: 0
Set Net Indication Callback called
Bus state is: 0
Set Net Indication Callback called
Bus state is: 0
Set Net Indication Callback called
Bus state is: 0
Set Net Indication Callback called
Bus state is: 0
Set Net Indication Callback called
Bus state is: 0
Set Net Indication Callback called
Bus state is: 0
Set Net Indication Callback called
Bus state is: 0
Set Net Indication Callback called
Bus state is: 0
Set Net Indication Callback called
Bus state is: 0
Set Net Indication Callback called
Bus state is: 0
Set Net Indication Callback called
Bus state is: 0
Set Net Indication Callback called
Bus state is: 0
Set Net Indication Callback called
Bus state is: 0
Set Net Indication Callback called
Bus state is: 0
Set Net Indication Callback called
Bus state is: 0
Set Net Indication Callback called
Bus state is: 0
Set Net Indication Callback called
Bus state is: 0
Set Net Indication Callback called
Bus state is: 0
Set Net Indication Callback called
Bus state is: 0
Set Net Indication Callback called
Bus state is: 0
Set Net Indication Callback called
Bus state is: 0
Set Net Indication Callback called
Bus state is: 0
Set Net Indication Callback called
Bus state is: 0
Set Net Indication Callback called
Bus state is: 0
Set Net Indication Callback called
Bus state is: 0
Set Net Indication Callback called
Bus state is: 0
Set Net Indication Callback called
Bus state is: 0
Set Net Indication Callback called
Bus state is: 0
Set Net Indication Callback called
Bus state is: 0
Set Net Indication Callback called
Bus state is: 0
Set Net Indication Callback called
Bus state is: 0
Set Net Indication Callback called
Bus state is: 0
Set Net Indication Callback called
Bus state is: 0
Set Net Indication Callback called
Bus state is: 0
Set Net Indication Callback called
Bus state is: 0
Set Net Indication Callback called
Bus state is: 0
Set Net Indication Callback called
Bus state is: 0
Set Net Indication Callback called
Bus state is: 0
Set Net Indication Callback called
Bus state is: 0
Set Net Indication Callback called
Bus state is: 0
Set Net Indication Callback called
Bus state is: 0
Set Net Indication Callback called
Bus state is: 0
Set Net Indication Callback called
Bus state is: 0
Set Net Indication Callback called
Bus state is: 0
Set Net Indication Callback called
Bus state is: 0
Set Net Indication Callback called
Bus state is: 0
Set Net Indication Callback called
Bus state is: 0
Set Net Indication Callback called
Bus state is: 0
Set Net Indication Callback called
Bus state is: 0
Set Net Indication Callback called
Bus state is: 0
Set Net Indication Callback called
Bus state is: 0
Set Net Indication Callback called
Bus state is: 0
Set Net Indication Callback called
Bus state is: 0
Set Net Indication Callback called
Bus state is: 0
Set Net Indication Callback called
Bus state is: 0
Set Net Indication Callback called
Bus state is: 0
Set Net Indication Callback called
Bus state is: 0
Set Net Indication Callback called
Bus state is: 0
Set Net Indication Callback called
Bus state is: 0
Set Net Indication Callback called
Bus state is: 0
Set Net Indication Callback called
Bus state is: 0
Set Net Indication Callback called
Bus state is: 0
Set Net Indication Callback called
Bus state is: 0
Set Net Indication Callback called
Bus state is: 0
Set Net Indication Callback called
Bus state is: 0
Set Net Indication Callback called
Bus state is: 0
Set Net Indication Callback called
Bus state is: 0
Set Net Indication Callback called
Bus state is: 0
Set Net Indication Callback called
Bus state is: 0
Set Net Indication Callback called
Bus state is: 0
Set Net Indication Callback called
Bus state is: 0
Set Net Indication Callback called
Bus state is: 0
Set Net Indication Callback called
Bus state is: 0
Set Net Indication Callback called
Bus state is: 0
Set Net Indication Callback called
Bus state is: 0
Set Net Indication Callback called
Bus state is: 0
Set Net Indication Callback called
Bus state is: 0
Set Net Indication Callback called
Bus state is: 0
Set Net Indication Callback called
Bus state is: 0
Set Net Indication Callback called
Bus state is: 0
Set Net Indication Callback called
Bus state is: 0
Set Net Indication Callback called
Bus state is: 0
Set Net Indication Callback called
Bus state is: 0
Set Net Indication Callback called
Bus state is: 0
Set Net Indication Callback called
Bus state is: 0
Set Net Indication Callback called
Bus state is: 0
Set Net Indication Callback called
Bus state is: 0
Set Net Indication Callback called
Bus state is: 0
Set Net Indication Callback called
Bus state is: 0
Set Net Indication Callback called
Bus state is: 0
Set Net Indication Callback called
Bus state is: 0
Set Net Indication Callback called
Bus state is: 0
Set Net Indication Callback called
Bus state is: 0
Set Net Indication Callback called
Bus state is: 0
Set Net Indication Callback called
Bus state is: 0
Set Net Indication Callback called
Bus state is: 0
Set Net Indication Callback called
Bus state is: 0
Set Net Indication Callback called
Bus state is: 0
Set Net Indication Callback called
Bus state is: 0
Set Net Indication Callback called
Bus state is: 0
Set Net Indication Callback called
Bus state is: 0
Set Net Indication Callback called
Bus state is: 0
Set Net Indication Callback called
Bus state is: 0
Set Net Indication Callback called
Bus state is: 0
Set Net Indication Callback called
Bus state is: 0
Set Net Indication Callback called
Bus state is: 0
Set Net Indication Callback called
Bus state is: 0
Set Net Indication Callback called
Bus state is: 0
Set Net Indication Callback called
Bus state is: 0
Set Net Indication Callback called
Bus state is: 0
Set Net Indication Callback called
Bus state is: 0
Set Net Indication Callback called
Bus state is: 0
Set Net Indication Callback called
Bus state is: 0
Set Net Indication Callback called
Bus state is: 0
Set Net Indication Callback called
Bus state is: 0
Set Net Indication Callback called
Bus state is: 0
Set Net Indication Callback called
Bus state is: 0
Set Net Indication Callback called
Bus state is: 0
Set Net Indication Callback called
Bus state is: 0
Set Net Indication Callback called
Bus state is: 0
Set Net Indication Callback called
Bus state is: 0
Set Net Indication Callback called
Bus state is: 0
Set Net Indication Callback called
Bus state is: 0
Set Net Indication Callback called
Bus state is: 0
Set Net Indication Callback called
Bus state is: 0
Set Net Indication Callback called
Bus state is: 0
Set Net Indication Callback called
Bus state is: 0
Set Net Indication Callback called
Bus state is: 0
Set Net Indication Callback called
Bus state is: 0
Set Net Indication Callback called
Bus state is: 0
Set Net Indication Callback called
Bus state is: 0
Set Net Indication Callback called
Bus state is: 0
Set Net Indication Callback called
Bus state is: 0
Set Net Indication Callback called
Bus state is: 0
Set Net Indication Callback called
Bus state is: 0
Set Net Indication Callback called
Bus state is: 0
Set Net Indication Callback called
Bus state is: 0
Set Net Indication Callback called
Bus state is: 0
Set Net Indication Callback called
Bus state is: 0
Set Net Indication Callback called
Bus state is: 0
Set Net Indication Callback called
Bus state is: 0
Set Net Indication Callback called
Bus state is: 0
Set Net Indication Callback called
Bus state is: 0
Set Net Indication Callback called
Bus state is: 0
Set Net Indication Callback called
Bus state is: 0
Set Net Indication Callback called
Bus state is: 0
Set Net Indication Callback called
Bus state is: 0
Set Net Indication Callback called
Bus state is: 0
Set Net Indication Callback called
Bus state is: 0
Set Net Indication Callback called
Bus state is: 0
Set Net Indication Callback called
Bus state is: 0
Set Net Indication Callback called
Bus state is: 0
Set Net Indication Callback called
Bus state is: 0
Set Net Indication Callback called
Bus state is: 0
Set Net Indication Callback called
Bus state is: 0
Set Net Indication Callback called
Bus state is: 0
Set Net Indication Callback called
Bus state is: 0
Set Net Indication Callback called
Bus state is: 0
Set Net Indication Callback called
Bus state is: 0
Set Net Indication Callback called
Bus state is: 0
Set Net Indication Callback called
Bus state is: 0
Set Net Indication Callback called
Bus state is: 0
Set Net Indication Callback called
Bus state is: 0
Set Net Indication Callback called
Bus state is: 0
Set Net Indication Callback called
Bus state is: 0
Set Net Indication Callback called
Bus state is: 0
Set Net Indication Callback called
Bus state is: 0
Set Net Indication Callback called
Bus state is: 0
Set Net Indication Callback called
Bus state is: 0
Set Net Indication Callback called
Bus state is: 0
Set Net Indication Callback called
Bus state is: 0
Set Net Indication Callback called
Bus state is: 0
Set Net Indication Callback called
Bus state is: 0
Set Net Indication Callback called
Bus state is: 0
Set Net Indication Callback called
Bus state is: 0
Set Net Indication Callback called
Bus state is: 0
Set Net Indication Callback called
Bus state is: 0
Set Net Indication Callback called
Bus state is: 0
Set Net Indication Callback called
Bus state is: 0
Set Net Indication Callback called
Bus state is: 0
Set Net Indication Callback called
Bus state is: 0
Set Net Indication Callback called
Bus state is: 0
Set Net Indication Callback called
Bus state is: 0
Set Net Indication Callback called
Bus state is: 0
Set Net Indication Callback called
Bus state is: 0
Set Net Indication Callback called
Bus state is: 0
Set Net Indication Callback called
Bus state is: 0
Set Net Indication Callback called
Bus state is: 0
Set Net Indication Callback called
Bus state is: 0
Set Net Indication Callback called
Bus state is: 0
Set Net Indication Callback called
Bus state is: 0
Set Net Indication Callback called
Bus state is: 0
Set Net Indication Callback called
Bus state is: 0
Set Net Indication Callback called
Bus state is: 0
Set Net Indication Callback called
Bus state is: 0
Set Net Indication Callback called
Bus state is: 0
Set Net Indication Callback called
Bus state is: 0
Set Net Indication Callback called
Bus state is: 0
Set Net Indication Callback called
Bus state is: 0
Set Net Indication Callback called
Bus state is: 0
Set Net Indication Callback called
Bus state is: 0
Set Net Indication Callback called
Bus state is: 0
Set Net Indication Callback called
Bus state is: 0
Set Net Indication Callback called
Bus state is: 0
Set Net Indication Callback called
Bus state is: 0
Set Net Indication Callback called
Bus state is: 0
Set Net Indication Callback called
Bus state is: 0
Set Net Indication Callback called
Bus state is: 0
Set Net Indication Callback called
Bus state is: 0
Set Net Indication Callback called
Bus state is: 0
Set Net Indication Callback called
Bus state is: 0
Set Net Indication Callback called
Bus state is: 0
Set Net Indication Callback called
Bus state is: 0
Set Net Indication Callback called
Bus state is: 0
Set Net Indication Callback called
Bus state is: 0
Set Net Indication Callback called
Bus state is: 0
Set Net Indication Callback called
Bus state is: 0
Set Net Indication Callback called
Bus state is: 0
Set Net Indication Callback called
Bus state is: 0
Set Net Indication Callback called
Bus state is: 0
Set Net Indication Callback called
Bus state is: 0
Set Net Indication Callback called
Bus state is: 0
Set Net Indication Callback called
Bus state is: 0
Set Net Indication Callback called
Bus state is: 0
Set Net Indication Callback called
Bus state is: 0
Set Net Indication Callback called
Bus state is: 0
Set Net Indication Callback called
Bus state is: 0
Set Net Indication Callback called
Bus state is: 0
Set Net Indication Callback called
Bus state is: 0
Set Net Indication Callback called
Bus state is: 0
Set Net Indication Callback called
Bus state is: 0
Set Net Indication Callback called
Bus state is: 0
Set Net Indication Callback called
Bus state is: 0
Set Net Indication Callback called
Bus state is: 0
Set Net Indication Callback called
Bus state is: 0
Set Net Indication Callback called
Bus state is: 0
Set Net Indication Callback called
Bus state is: 0
Set Net Indication Callback called
Bus state is: 0
Set Net Indication Callback called
Bus state is: 0
Set Net Indication Callback called
Bus state is: 0
Set Net Indication Callback called
Bus state is: 0
Set Net Indication Callback called
Bus state is: 0
Set Net Indication Callback called
Bus state is: 0
Set Net Indication Callback called
Bus state is: 0
Set Net Indication Callback called
Bus state is: 0
Set Net Indication Callback called
Bus state is: 0
Set Net Indication Callback called
Bus state is: 0
Set Net Indication Callback called
Bus state is: 0
Set Net Indication Callback called
Bus state is: 0
Set Net Indication Callback called
Bus state is: 0
Set Net Indication Callback called
Bus state is: 0
Set Net Indication Callback called
Bus state is: 0
Set Net Indication Callback called
Bus state is: 0
Set Net Indication Callback called
Bus state is: 0
Set Net Indication Callback called
Bus state is: 0
Set Net Indication Callback called
Bus state is: 0
Set Net Indication Callback called
Bus state is: 0
Set Net Indication Callback called
Bus state is: 0
Set Net Indication Callback called
Bus state is: 0
Set Net Indication Callback called
Bus state is: 0
Set Net Indication Callback called
Bus state is: 0
Set Net Indication Callback called
Bus state is: 0
Set Net Indication Callback called
Bus state is: 0
Set Net Indication Callback called
Bus state is: 0
Set Net Indication Callback called
Bus state is: 0
Set Net Indication Callback called
Bus state is: 0
Set Net Indication Callback called
Bus state is: 0
Set Net Indication Callback called
Bus state is: 0
Set Net Indication Callback called
Bus state is: 0
Set Net Indication Callback called
Bus state is: 0
Set Net Indication Callback called
Bus state is: 0
Set Net Indication Callback called
Bus state is: 0
Set Net Indication Callback called
Bus state is: 0
Set Net Indication Callback called
Bus state is: 0
Set Net Indication Callback called
Bus state is: 0
Set Net Indication Callback called
Bus state is: 0
Set Net Indication Callback called
Bus state is: 0
Set Net Indication Callback called
Bus state is: 0
Set Net Indication Callback called
Bus state is: 0
Set Net Indication Callback called
Bus state is: 0
Set Net Indication Callback called
Bus state is: 0
Set Net Indication Callback called
Bus state is: 0
Set Net Indication Callback called
Bus state is: 0
Set Net Indication Callback called
Bus state is: 0
Set Net Indication Callback called
Bus state is: 0
Set Net Indication Callback called
Bus state is: 0
Set Net Indication Callback called
Bus state is: 0
Set Net Indication Callback called
Bus state is: 0
Set Net Indication Callback called
Bus state is: 0
Set Net Indication Callback called
Bus state is: 0
Set Net Indication Callback called
Bus state is: 0
Set Net Indication Callback called
Bus state is: 0
Set Net Indication Callback called
Bus state is: 0
Set Net Indication Callback called
Bus state is: 0
Set Net Indication Callback called
Bus state is: 0
Set Net Indication Callback called
Bus state is: 0
Set Net Indication Callback called
Bus state is: 0
Set Net Indication Callback called
Bus state is: 0
Set Net Indication Callback called
Bus state is: 0
Set Net Indication Callback called
Bus state is: 0
Set Net Indication Callback called
Bus state is: 0
Set Net Indication Callback called
Bus state is: 0
Set Net Indication Callback called
Bus state is: 0
Set Net Indication Callback called
Bus state is: 0
Set Net Indication Callback called
Bus state is: 0
Set Net Indication Callback called
Bus state is: 0
Set Net Indication Callback called
Bus state is: 0
Set Net Indication Callback called
Bus state is: 0
Set Net Indication Callback called
Bus state is: 0
Set Net Indication Callback called
Bus state is: 0
Set Net Indication Callback called
Bus state is: 0
Set Net Indication Callback called
Bus state is: 0
Set Net Indication Callback called
Bus state is: 0
Set Net Indication Callback called
Bus state is: 0
Set Net Indication Callback called
Bus state is: 0
Set Net Indication Callback called
Bus state is: 0
Set Net Indication Callback called
Bus state is: 0
Set Net Indication Callback called
Bus state is: 0
Set Net Indication Callback called
Bus state is: 0
Set Net Indication Callback called
Bus state is: 0
Set Net Indication Callback called
Bus state is: 0
Set Net Indication Callback called
Bus state is: 0
Set Net Indication Callback called
Bus state is: 0
Set Net Indication Callback called
Bus state is: 0
Set Net Indication Callback called
Bus state is: 0
Set Net Indication Callback called
Bus state is: 0
Set Net Indication Callback called
Bus state is: 0
Set Net Indication Callback called
Bus state is: 0
Set Net Indication Callback called
Bus state is: 0
Set Net Indication Callback called
Bus state is: 0
Set Net Indication Callback called
Bus state is: 0
Set Net Indication Callback called
Bus state is: 0
Set Net Indication Callback called
Bus state is: 0
Set Net Indication Callback called
Bus state is: 0
Set Net Indication Callback called
Bus state is: 0
Set Net Indication Callback called
Bus state is: 0
Set Net Indication Callback called
Bus state is: 0
Set Net Indication Callback called
Bus state is: 0
Set Net Indication Callback called
Bus state is: 0
Set Net Indication Callback called
Bus state is: 0
Set Net Indication Callback called
Bus state is: 0
Set Net Indication Callback called
Bus state is: 0
Set Net Indication Callback called
Bus state is: 0
Set Net Indication Callback called
Bus state is: 0
Set Net Indication Callback called
Bus state is: 0
Set Net Indication Callback called
Bus state is: 0
Set Net Indication Callback called
Bus state is: 0
Set Net Indication Callback called
Bus state is: 0
Set Net Indication Callback called
Bus state is: 0
Set Net Indication Callback called
Bus state is: 0
Set Net Indication Callback called
Bus state is: 0
Set Net Indication Callback called
Bus state is: 0
Set Net Indication Callback called
Bus state is: 0
Set Net Indication Callback called
Bus state is: 0
Set Net Indication Callback called
Bus state is: 0
Set Net Indication Callback called
Bus state is: 0
Set Net Indication Callback called
Bus state is: 0
Set Net Indication Callback called
Bus state is: 0
Set Net Indication Callback called
Bus state is: 0
Set Net Indication Callback called
Bus state is: 0
Set Net Indication Callback called
Bus state is: 0
Set Net Indication Callback called
Bus state is: 0
Set Net Indication Callback called
Bus state is: 0
Set Net Indication Callback called
Bus state is: 0
Set Net Indication Callback called
Bus state is: 0
Set Net Indication Callback called
Bus state is: 0
Set Net Indication Callback called
Bus state is: 0
Set Net Indication Callback called
Bus state is: 0
Set Net Indication Callback called
Bus state is: 0
Set Net Indication Callback called
Bus state is: 0
Set Net Indication Callback called
Bus state is: 0
Set Net Indication Callback called
Bus state is: 0
Set Net Indication Callback called
Bus state is: 0
Set Net Indication Callback called
Bus state is: 0
Set Net Indication Callback called
Bus state is: 0
Set Net Indication Callback called
Bus state is: 0
Set Net Indication Callback called
Bus state is: 0
Set Net Indication Callback called
Bus state is: 0
Set Net Indication Callback called
Bus state is: 0
Set Net Indication Callback called
Bus state is: 0
Set Net Indication Callback called
Bus state is: 0
Set Net Indication Callback called
Bus state is: 0
Set Net Indication Callback called
Bus state is: 0
Set Net Indication Callback called
Bus state is: 0
Set Net Indication Callback called
Bus state is: 0
Set Net Indication Callback called
Bus state is: 0
Set Net Indication Callback called
Bus state is: 0
Set Net Indication Callback called
Bus state is: 0
Set Net Indication Callback called
Bus state is: 0
Set Net Indication Callback called
Bus state is: 0
Set Net Indication Callback called
Bus state is: 0
Set Net Indication Callback called
Bus state is: 0
Set Net Indication Callback called
Bus state is: 0
Set Net Indication Callback called
Bus state is: 0
Set Net Indication Callback called
Bus state is: 0
Set Net Indication Callback called
Bus state is: 0
Set Net Indication Callback called
Bus state is: 0
Set Net Indication Callback called
Bus state is: 0
Set Net Indication Callback called
Bus state is: 0
Set Net Indication Callback called
Bus state is: 0
Set Net Indication Callback called
Bus state is: 0
Set Net Indication Callback called
Bus state is: 0
Set Net Indication Callback called
Bus state is: 0
Set Net Indication Callback called
Bus state is: 0
Set Net Indication Callback called
Bus state is: 0
Set Net Indication Callback called
Bus state is: 0
Set Net Indication Callback called
Bus state is: 0
Set Net Indication Callback called
Bus state is: 0
Set Net Indication Callback called
Bus state is: 0
Set Net Indication Callback called
Bus state is: 0
Set Net Indication Callback called
Bus state is: 0
Set Net Indication Callback called
Bus state is: 0
Set Net Indication Callback called
Bus state is: 0
Set Net Indication Callback called
Bus state is: 0
Set Net Indication Callback called
Bus state is: 0
Set Net Indication Callback called
Bus state is: 0
Set Net Indication Callback called
Bus state is: 0
Set Net Indication Callback called
Bus state is: 0
Set Net Indication Callback called
Bus state is: 0
Set Net Indication Callback called
Bus state is: 0
Set Net Indication Callback called
Bus state is: 0
Set Net Indication Callback called
Bus state is: 0
Set Net Indication Callback called
Bus state is: 0
Set Net Indication Callback called
Bus state is: 0
Set Net Indication Callback called
Bus state is: 0
Set Net Indication Callback called
Bus state is: 0
Set Net Indication Callback called
Bus state is: 0
Set Net Indication Callback called
Bus state is: 0
Set Net Indication Callback called
Bus state is: 0
Set Net Indication Callback called
Bus state is: 0
Set Net Indication Callback called
Bus state is: 0
Set Net Indication Callback called
Bus state is: 0
Set Net Indication Callback called
Bus state is: 0
Set Net Indication Callback called
Bus state is: 0
Set Net Indication Callback called
Bus state is: 0
Set Net Indication Callback called
Bus state is: 0
Set Net Indication Callback called
Bus state is: 0
Set Net Indication Callback called
Bus state is: 0
Set Net Indication Callback called
Bus state is: 0
Set Net Indication Callback called
Bus state is: 0
Set Net Indication Callback called
Bus state is: 0
Set Net Indication Callback called
Bus state is: 0
Set Net Indication Callback called
Bus state is: 0
Set Net Indication Callback called
Bus state is: 0
Set Net Indication Callback called
Bus state is: 0
Set Net Indication Callback called
Bus state is: 0
Set Net Indication Callback called
Bus state is: 0
Set Net Indication Callback called
Bus state is: 0
Set Net Indication Callback called
Bus state is: 0
Set Net Indication Callback called
Bus state is: 0
Set Net Indication Callback called
Bus state is: 0
Set Net Indication Callback called
Bus state is: 0
Set Net Indication Callback called
Bus state is: 0
Set Net Indication Callback called
Bus state is: 0
Set Net Indication Callback called
Bus state is: 0
Set Net Indication Callback called
Bus state is: 0
Set Net Indication Callback called
Bus state is: 0
Set Net Indication Callback called
Bus state is: 0
Set Net Indication Callback called
Bus state is: 0
Set Net Indication Callback called
Bus state is: 0
Set Net Indication Callback called
Bus state is: 0
Set Net Indication Callback called
Bus state is: 0
Set Net Indication Callback called
Bus state is: 0
Set Net Indication Callback called
Bus state is: 0
Set Net Indication Callback called
Bus state is: 0
Set Net Indication Callback called
Bus state is: 0
Set Net Indication Callback called
Bus state is: 0
Set Net Indication Callback called
Bus state is: 0
Set Net Indication Callback called
Bus state is: 0
Set Net Indication Callback called
Bus state is: 0
Set Net Indication Callback called
Bus state is: 0
Set Net Indication Callback called
Bus state is: 0
Set Net Indication Callback called
Bus state is: 0
Set Net Indication Callback called
Bus state is: 0
Set Net Indication Callback called
Bus state is: 0
Set Net Indication Callback called
Bus state is: 0
Set Net Indication Callback called
Bus state is: 0
Set Net Indication Callback called
Bus state is: 0
Set Net Indication Callback called
Bus state is: 0
Set Net Indication Callback called
Bus state is: 0
Set Net Indication Callback called
Bus state is: 0
Set Net Indication Callback called
Bus state is: 0
Set Net Indication Callback called
Bus state is: 0
Set Net Indication Callback called
Bus state is: 0
Set Net Indication Callback called
Bus state is: 0
Set Net Indication Callback called
Bus state is: 0
Set Net Indication Callback called
Bus state is: 0
Set Net Indication Callback called
Bus state is: 0
Set Net Indication Callback called
Bus state is: 0
Set Net Indication Callback called
Bus state is: 0
Set Net Indication Callback called
Bus state is: 0
Set Net Indication Callback called
Bus state is: 0
Set Net Indication Callback called
Bus state is: 0
Set Net Indication Callback called
Bus state is: 0
Set Net Indication Callback called
Bus state is: 0
Set Net Indication Callback called
Bus state is: 0
Set Net Indication Callback called
Bus state is: 0
Set Net Indication Callback called
Bus state is: 0
Set Net Indication Callback called
Bus state is: 0
Set Net Indication Callback called
Bus state is: 0
Set Net Indication Callback called
Bus state is: 0
Set Net Indication Callback called
Bus state is: 0
Set Net Indication Callback called
Bus state is: 0
Set Net Indication Callback called
Bus state is: 0
Set Net Indication Callback called
Bus state is: 0
Set Net Indication Callback called
Bus state is: 0
Set Net Indication Callback called
Bus state is: 0
Set Net Indication Callback called
Bus state is: 0
Set Net Indication Callback called
Bus state is: 0
Set Net Indication Callback called
Bus state is: 0
Set Net Indication Callback called
Bus state is: 0
Set Net Indication Callback called
Bus state is: 0
Set Net Indication Callback called
Bus state is: 0
Set Net Indication Callback called
Bus state is: 0
Set Net Indication Callback called
Bus state is: 0
Set Net Indication Callback called
Bus state is: 0
Set Net Indication Callback called
Bus state is: 0
Set Net Indication Callback called
Bus state is: 0
Set Net Indication Callback called
Bus state is: 0
Set Net Indication Callback called
Bus state is: 0
Set Net Indication Callback called
Bus state is: 0
Set Net Indication Callback called
Bus state is: 0
Set Net Indication Callback called
Bus state is: 0
Set Net Indication Callback called
Bus state is: 0
Set Net Indication Callback called
Bus state is: 0
Set Net Indication Callback called
Bus state is: 0
Set Net Indication Callback called
Bus state is: 0
Set Net Indication Callback called
Bus state is: 0
Set Net Indication Callback called
Bus state is: 0
Set Net Indication Callback called
Bus state is: 0
Set Net Indication Callback called
Bus state is: 0
Set Net Indication Callback called
Bus state is: 0
Set Net Indication Callback called
Bus state is: 0
Set Net Indication Callback called
Bus state is: 0
Set Net Indication Callback called
Bus state is: 0
Set Net Indication Callback called
Bus state is: 0
Set Net Indication Callback called
Bus state is: 0
Set Net Indication Callback called
Bus state is: 0
Set Net Indication Callback called
Bus state is: 0
Set Net Indication Callback called
Bus state is: 0
Set Net Indication Callback called
Bus state is: 0
Set Net Indication Callback called
Bus state is: 0
Set Net Indication Callback called
Bus state is: 0
Set Net Indication Callback called
Bus state is: 0
Set Net Indication Callback called
Bus state is: 0
Set Net Indication Callback called
Bus state is: 0
Set Net Indication Callback called
Bus state is: 0
Set Net Indication Callback called
Bus state is: 0
Set Net Indication Callback called
Bus state is: 0
Set Net Indication Callback called
Bus state is: 0
Set Net Indication Callback called
Bus state is: 0
Set Net Indication Callback called
Bus state is: 0
Set Net Indication Callback called
Bus state is: 0
Set Net Indication Callback called
Bus state is: 0
Set Net Indication Callback called
Bus state is: 0
Set Net Indication Callback called
Bus state is: 0
Set Net Indication Callback called
Bus state is: 0
Set Net Indication Callback called
Bus state is: 0
Set Net Indication Callback called
Bus state is: 0
Set Net Indication Callback called
Bus state is: 0
Set Net Indication Callback called
Bus state is: 0
Set Net Indication Callback called
Bus state is: 0
Set Net Indication Callback called
Bus state is: 0
Set Net Indication Callback called
Bus state is: 0
Set Net Indication Callback called
Bus state is: 0
Set Net Indication Callback called
Bus state is: 0
Set Net Indication Callback called
Bus state is: 0
Set Net Indication Callback called
Bus state is: 0
Set Net Indication Callback called
Bus state is: 0
Set Net Indication Callback called
Bus state is: 0
Set Net Indication Callback called
Bus state is: 0
Set Net Indication Callback called
Bus state is: 0
Set Net Indication Callback called
Bus state is: 0
Set Net Indication Callback called
Bus state is: 0
Set Net Indication Callback called
Bus state is: 0
Set Net Indication Callback called
Bus state is: 0
Set Net Indication Callback called
Bus state is: 0
Set Net Indication Callback called
Bus state is: 0
Set Net Indication Callback called
Bus state is: 0
Set Net Indication Callback called
Bus state is: 0
Set Net Indication Callback called
Bus state is: 0
Set Net Indication Callback called
Bus state is: 0
Set Net Indication Callback called
Bus state is: 0
Set Net Indication Callback called
Bus state is: 0
Set Net Indication Callback called
Bus state is: 0
Set Net Indication Callback called
Bus state is: 0
Set Net Indication Callback called
Bus state is: 0
Set Net Indication Callback called
Bus state is: 0
Set Net Indication Callback called
Bus state is: 0
Set Net Indication Callback called
Bus state is: 0
Set Net Indication Callback called
Bus state is: 0
Set Net Indication Callback called
Bus state is: 0
Set Net Indication Callback called
Bus state is: 0
Set Net Indication Callback called
Bus state is: 0
Set Net Indication Callback called
Bus state is: 0
Set Net Indication Callback called
Bus state is: 0
Set Net Indication Callback called
Bus state is: 0
Set Net Indication Callback called
Bus state is: 0
Set Net Indication Callback called
Bus state is: 0
Set Net Indication Callback called
Bus state is: 0
Set Net Indication Callback called
Bus state is: 0
Set Net Indication Callback called
Bus state is: 0
Set Net Indication Callback called
Bus state is: 0
Set Net Indication Callback called
Bus state is: 0
Set Net Indication Callback called
Bus state is: 0
Set Net Indication Callback called
Bus state is: 0
Set Net Indication Callback called
Bus state is: 0
Set Net Indication Callback called
Bus state is: 0
Set Net Indication Callback called
Bus state is: 0
Set Net Indication Callback called
Bus state is: 0
Set Net Indication Callback called
Bus state is: 0
Set Net Indication Callback called
Bus state is: 0
Set Net Indication Callback called
Bus state is: 0
Set Net Indication Callback called
Bus state is: 0
Set Net Indication Callback called
Bus state is: 0
Set Net Indication Callback called
Bus state is: 0
Set Net Indication Callback called
Bus state is: 0
Set Net Indication Callback called
Bus state is: 0
Set Net Indication Callback called
Bus state is: 0
Set Net Indication Callback called
Bus state is: 0
Set Net Indication Callback called
Bus state is: 0
Set Net Indication Callback called
Bus state is: 0
Set Net Indication Callback called
Bus state is: 0
Set Net Indication Callback called
Bus state is: 0
Set Net Indication Callback called
Bus state is: 0
Set Net Indication Callback called
Bus state is: 0
Set Net Indication Callback called
Bus state is: 0
Set Net Indication Callback called
Bus state is: 0
Set Net Indication Callback called
Bus state is: 0
Set Net Indication Callback called
Bus state is: 0
Set Net Indication Callback called
Bus state is: 0
Set Net Indication Callback called
Bus state is: 0
Set Net Indication Callback called
Bus state is: 0
Set Net Indication Callback called
Bus state is: 0
Set Net Indication Callback called
Bus state is: 0
Set Net Indication Callback called
Bus state is: 0
Set Net Indication Callback called
Bus state is: 0
Set Net Indication Callback called
Bus state is: 0
Set Net Indication Callback called
Bus state is: 0
Set Net Indication Callback called
Bus state is: 0
Set Net Indication Callback called
Bus state is: 0
Set Net Indication Callback called
Bus state is: 0
Set Net Indication Callback called
Bus state is: 0
Set Net Indication Callback called
Bus state is: 0
Set Net Indication Callback called
Bus state is: 0
Set Net Indication Callback called
Bus state is: 0
Set Net Indication Callback called
Bus state is: 0
Set Net Indication Callback called
Bus state is: 0
Set Net Indication Callback called
Bus state is: 0
Set Net Indication Callback called
Bus state is: 0
Set Net Indication Callback called
Bus state is: 0
Set Net Indication Callback called
Bus state is: 0
Set Net Indication Callback called
Bus state is: 0
Set Net Indication Callback called
Bus state is: 0
Set Net Indication Callback called
Bus state is: 0
Set Net Indication Callback called
Bus state is: 0
Set Net Indication Callback called
Bus state is: 0
Set Net Indication Callback called
Bus state is: 0
Set Net Indication Callback called
Bus state is: 0
Set Net Indication Callback called
Bus state is: 0
Set Net Indication Callback called
Bus state is: 0
Set Net Indication Callback called
Bus state is: 0
Set Net Indication Callback called
Bus state is: 0
Set Net Indication Callback called
Bus state is: 0
Set Net Indication Callback called
Bus state is: 0
Set Net Indication Callback called
Bus state is: 0
Set Net Indication Callback called
Bus state is: 0
Set Net Indication Callback called
Bus state is: 0
Set Net Indication Callback called
Bus state is: 0
Set Net Indication Callback called
Bus state is: 0
Set Net Indication Callback called
Bus state is: 0
Set Net Indication Callback called
Bus state is: 0
Set Net Indication Callback called
Bus state is: 0
Set Net Indication Callback called
Bus state is: 0
Set Net Indication Callback called
Bus state is: 0
Set Net Indication Callback called
Bus state is: 0
Set Net Indication Callback called
Bus state is: 0
Set Net Indication Callback called
Bus state is: 0
Set Net Indication Callback called
Bus state is: 0
Set Net Indication Callback called
Bus state is: 0
Set Net Indication Callback called
Bus state is: 0
Set Net Indication Callback called
Bus state is: 0
Set Net Indication Callback called
Bus state is: 0
Set Net Indication Callback called
Bus state is: 0
Set Net Indication Callback called
Bus state is: 0
Set Net Indication Callback called
Bus state is: 0
Set Net Indication Callback called
Bus state is: 0
Set Net Indication Callback called
Bus state is: 0
Set Net Indication Callback called
Bus state is: 0
Set Net Indication Callback called
Bus state is: 0
Set Net Indication Callback called
Bus state is: 0
Set Net Indication Callback called
Bus state is: 0
Set Net Indication Callback called
Bus state is: 0
Set Net Indication Callback called
Bus state is: 0
Set Net Indication Callback called
Bus state is: 0
Set Net Indication Callback called
Bus state is: 0
Set Net Indication Callback called
Bus state is: 0
Set Net Indication Callback called
Bus state is: 0
Set Net Indication Callback called
Bus state is: 0
Set Net Indication Callback called
Bus state is: 0
Set Net Indication Callback called
Bus state is: 0
Set Net Indication Callback called
Bus state is: 0
Set Net Indication Callback called
Bus state is: 0
Set Net Indication Callback called
Bus state is: 0
Set Net Indication Callback called
Bus state is: 0
Set Net Indication Callback called
Bus state is: 0
Set Net Indication Callback called
Bus state is: 0
Set Net Indication Callback called
Bus state is: 0
Set Net Indication Callback called
Bus state is: 0
Set Net Indication Callback called
Bus state is: 0
Set Net Indication Callback called
Bus state is: 0
Set Net Indication Callback called
Bus state is: 0
Set Net Indication Callback called
Bus state is: 0
Set Net Indication Callback called
Bus state is: 0
Set Net Indication Callback called
Bus state is: 0
Set Net Indication Callback called
Bus state is: 0
Set Net Indication Callback called
Bus state is: 0
Set Net Indication Callback called
Bus state is: 0
Set Net Indication Callback called
Bus state is: 0
Set Net Indication Callback called
Bus state is: 0
Set Net Indication Callback called
Bus state is: 0
Set Net Indication Callback called
Bus state is: 0
Set Net Indication Callback called
Bus state is: 0
Set Net Indication Callback called
Bus state is: 0
Set Net Indication Callback called
Bus state is: 0
Set Net Indication Callback called
Bus state is: 0
Set Net Indication Callback called
Bus state is: 0
Set Net Indication Callback called
Bus state is: 0
Set Net Indication Callback called
Bus state is: 0
Set Net Indication Callback called
Bus state is: 0
Set Net Indication Callback called
Bus state is: 0
Set Net Indication Callback called
Bus state is: 0
Set Net Indication Callback called
Bus state is: 0
Set Net Indication Callback called
Bus state is: 0
Set Net Indication Callback called
Bus state is: 0
Set Net Indication Callback called
Bus state is: 0
Set Net Indication Callback called
Bus state is: 0
Set Net Indication Callback called
Bus state is: 0
Set Net Indication Callback called
Bus state is: 0
Set Net Indication Callback called
Bus state is: 0
Set Net Indication Callback called
Bus state is: 0
Set Net Indication Callback called
Bus state is: 0
Set Net Indication Callback called
Bus state is: 0
Set Net Indication Callback called
Bus state is: 0
Set Net Indication Callback called
Bus state is: 0
Set Net Indication Callback called
Bus state is: 0
Set Net Indication Callback called
Bus state is: 0
Set Net Indication Callback called
Bus state is: 0
Set Net Indication Callback called
Bus state is: 0
Set Net Indication Callback called
Bus state is: 0
Set Net Indication Callback called
Bus state is: 0
Set Net Indication Callback called
Bus state is: 0
Set Net Indication Callback called
Bus state is: 0
Set Net Indication Callback called
Bus state is: 0
Set Net Indication Callback called
Bus state is: 0
Set Net Indication Callback called
Bus state is: 0
Set Net Indication Callback called
Bus state is: 0
Set Net Indication Callback called
Bus state is: 0
Set Net Indication Callback called
Bus state is: 0
Set Net Indication Callback called
Bus state is: 0
Set Net Indication Callback called
Bus state is: 0
Set Net Indication Callback called
Bus state is: 0
Set Net Indication Callback called
Bus state is: 0
Set Net Indication Callback called
Bus state is: 0
Set Net Indication Callback called
Bus state is: 0
Set Net Indication Callback called
Bus state is: 0
Set Net Indication Callback called
Bus state is: 0
Set Net Indication Callback called
Bus state is: 0
Set Net Indication Callback called
Bus state is: 0
Set Net Indication Callback called
Bus state is: 0
Set Net Indication Callback called
Bus state is: 0
Set Net Indication Callback called
Bus state is: 0
Set Net Indication Callback called
Bus state is: 0
Set Net Indication Callback called
Bus state is: 0
Set Net Indication Callback called
Bus state is: 0
Set Net Indication Callback called
Bus state is: 0
Set Net Indication Callback called
Bus state is: 0
Set Net Indication Callback called
Bus state is: 0
Set Net Indication Callback called
Bus state is: 0
Set Net Indication Callback called
Bus state is: 0
Set Net Indication Callback called
Bus state is: 0
Set Net Indication Callback called
Bus state is: 0
Set Net Indication Callback called
Bus state is: 0
Set Net Indication Callback called
Bus state is: 0
Set Net Indication Callback called
Bus state is: 0
Set Net Indication Callback called
Bus state is: 0
Set Net Indication Callback called
Bus state is: 0
Set Net Indication Callback called
Bus state is: 0
Set Net Indication Callback called
Bus state is: 0
Set Net Indication Callback called
Bus state is: 0
Set Net Indication Callback called
Bus state is: 0
Set Net Indication Callback called
Bus state is: 0
Set Net Indication Callback called
Bus state is: 0
Set Net Indication Callback called
Bus state is: 0
Set Net Indication Callback called
Bus state is: 0
Set Net Indication Callback called
Bus state is: 0
Set Net Indication Callback called
Bus state is: 0
Set Net Indication Callback called
Bus state is: 0
Set Net Indication Callback called
Bus state is: 0
Set Net Indication Callback called
Bus state is: 0
Set Net Indication Callback called
Bus state is: 0
Set Net Indication Callback called
Bus state is: 0
Set Net Indication Callback called
Bus state is: 0
Set Net Indication Callback called
Bus state is: 0
Set Net Indication Callback called
Bus state is: 0
Set Net Indication Callback called
Bus state is: 0
Set Net Indication Callback called
Bus state is: 0
Set Net Indication Callback called
Bus state is: 0
Set Net Indication Callback called
Bus state is: 0
Set Net Indication Callback called
Bus state is: 0
Set Net Indication Callback called
Bus state is: 0
Set Net Indication Callback called
Bus state is: 0
Set Net Indication Callback called
Bus state is: 0
Set Net Indication Callback called
Bus state is: 0
Set Net Indication Callback called
Bus state is: 0
Set Net Indication Callback called
Bus state is: 0
Set Net Indication Callback called
Bus state is: 0
Set Net Indication Callback called
Bus state is: 0
Set Net Indication Callback called
Bus state is: 0
Set Net Indication Callback called
Bus state is: 0
Set Net Indication Callback called
Bus state is: 0
Set Net Indication Callback called
Bus state is: 0
Set Net Indication Callback called
Bus state is: 0
Set Net Indication Callback called
Bus state is: 0
Set Net Indication Callback called
Bus state is: 0
Set Net Indication Callback called
Bus state is: 0
Set Net Indication Callback called
Bus state is: 0
Set Net Indication Callback called
Bus state is: 0
Set Net Indication Callback called
Bus state is: 0
Set Net Indication Callback called
Bus state is: 0
Set Net Indication Callback called
Bus state is: 0
Set Net Indication Callback called
Bus state is: 0
Set Net Indication Callback called
Bus state is: 0
Set Net Indication Callback called
Bus state is: 0
Set Net Indication Callback called
Bus state is: 0
Set Net Indication Callback called
Bus state is: 0
Set Net Indication Callback called
Bus state is: 0
Set Net Indication Callback called
Bus state is: 0
Set Net Indication Callback called
Bus state is: 0
Set Net Indication Callback called
Bus state is: 0
Set Net Indication Callback called
Bus state is: 0
Set Net Indication Callback called
Bus state is: 0
Set Net Indication Callback called
Bus state is: 0
Set Net Indication Callback called
Bus state is: 0
Set Net Indication Callback called
Bus state is: 0
Set Net Indication Callback called
Bus state is: 0
Set Net Indication Callback called
Bus state is: 0
Set Net Indication Callback called
Bus state is: 0
Set Net Indication Callback called
Bus state is: 0
Set Net Indication Callback called
Bus state is: 0
Set Net Indication Callback called
Bus state is: 0
Set Net Indication Callback called
Bus state is: 0
Set Net Indication Callback called
Bus state is: 0
Set Net Indication Callback called
Bus state is: 0
Set Net Indication Callback called
Bus state is: 0
Set Net Indication Callback called
Bus state is: 0
Set Net Indication Callback called
Bus state is: 0
Set Net Indication Callback called
Bus state is: 0
Set Net Indication Callback called
Bus state is: 0
Set Net Indication Callback called
Bus state is: 0
Set Net Indication Callback called
Bus state is: 0
Set Net Indication Callback called
Bus state is: 0
Set Net Indication Callback called
Bus state is: 0
Set Net Indication Callback called
Bus state is: 0
Set Net Indication Callback called
Bus state is: 0
Set Net Indication Callback called
Bus state is: 0
Set Net Indication Callback called
Bus state is: 0
Set Net Indication Callback called
Bus state is: 0
Set Net Indication Callback called
Bus state is: 0
Set Net Indication Callback called
Bus state is: 0
Set Net Indication Callback called
Bus state is: 0
Set Net Indication Callback called
Bus state is: 0
Set Net Indication Callback called
Bus state is: 0
Set Net Indication Callback called
Bus state is: 0
Set Net Indication Callback called
Bus state is: 0
Set Net Indication Callback called
Bus state is: 0
Set Net Indication Callback called
Bus state is: 0
Set Net Indication Callback called
Bus state is: 0
Set Net Indication Callback called
Bus state is: 0
Set Net Indication Callback called
Bus state is: 0
Set Net Indication Callback called
Bus state is: 0
Set Net Indication Callback called
Bus state is: 0
Set Net Indication Callback called
Bus state is: 0
Set Net Indication Callback called
Bus state is: 0
Set Net Indication Callback called
Bus state is: 0
Set Net Indication Callback called
Bus state is: 0
Set Net Indication Callback called
Bus state is: 0
Set Net Indication Callback called
Bus state is: 0
Set Net Indication Callback called
Bus state is: 0
Set Net Indication Callback called
Bus state is: 0
Set Net Indication Callback called
Bus state is: 0
Set Net Indication Callback called
Bus state is: 0
Set Net Indication Callback called
Bus state is: 0
Set Net Indication Callback called
Bus state is: 0
Set Net Indication Callback called
Bus state is: 0
Set Net Indication Callback called
Bus state is: 0
Set Net Indication Callback called
Bus state is: 0
Set Net Indication Callback called
Bus state is: 0
Set Net Indication Callback called
Bus state is: 0
Set Net Indication Callback called
Bus state is: 0
Set Net Indication Callback called
Bus state is: 0
Set Net Indication Callback called
Bus state is: 0
Set Net Indication Callback called
Bus state is: 0
Set Net Indication Callback called
Bus state is: 0
Set Net Indication Callback called
Bus state is: 0
Set Net Indication Callback called
Bus state is: 0
Set Net Indication Callback called
Bus state is: 0
Set Net Indication Callback called
Bus state is: 0
Set Net Indication Callback called
Bus state is: 0
Set Net Indication Callback called
Bus state is: 0
Set Net Indication Callback called
Bus state is: 0
Set Net Indication Callback called
Bus state is: 0
Set Net Indication Callback called
Bus state is: 0
Set Net Indication Callback called
Bus state is: 0
Set Net Indication Callback called
Bus state is: 0
Set Net Indication Callback called
Bus state is: 0
Set Net Indication Callback called
Bus state is: 0
Set Net Indication Callback called
Bus state is: 0
Set Net Indication Callback called
Bus state is: 0
Set Net Indication Callback called
Bus state is: 0
Set Net Indication Callback called
Bus state is: 0
Set Net Indication Callback called
Bus state is: 0
Set Net Indication Callback called
Bus state is: 0
Set Net Indication Callback called
Bus state is: 0
Set Net Indication Callback called
Bus state is: 0
Set Net Indication Callback called
Bus state is: 0
Set Net Indication Callback called
Bus state is: 0
Set Net Indication Callback called
Bus state is: 0
Set Net Indication Callback called
Bus state is: 0
Set Net Indication Callback called
Bus state is: 0
Set Net Indication Callback called
Bus state is: 0
Set Net Indication Callback called
Bus state is: 0
Set Net Indication Callback called
Bus state is: 0
Set Net Indication Callback called
Bus state is: 0
Set Net Indication Callback called
Bus state is: 0
Set Net Indication Callback called
Bus state is: 0
Set Net Indication Callback called
Bus state is: 0
Set Net Indication Callback called
Bus state is: 0
Set Net Indication Callback called
Bus state is: 0
Set Net Indication Callback called
Bus state is: 0
Set Net Indication Callback called
Bus state is: 0
Set Net Indication Callback called
Bus state is: 0
Set Net Indication Callback called
Bus state is: 0
Set Net Indication Callback called
Bus state is: 0
Set Net Indication Callback called
Bus state is: 0
Set Net Indication Callback called
Bus state is: 0
Set Net Indication Callback called
Bus state is: 0
Set Net Indication Callback called
Bus state is: 0
Set Net Indication Callback called
Bus state is: 0
Set Net Indication Callback called
Bus state is: 0
Set Net Indication Callback called
Bus state is: 0
Set Net Indication Callback called
Bus state is: 0
Set Net Indication Callback called
Bus state is: 0
Set Net Indication Callback called
Bus state is: 0
Set Net Indication Callback called
Bus state is: 0
Set Net Indication Callback called
Bus state is: 0
Set Net Indication Callback called
Bus state is: 0
Set Net Indication Callback called
Bus state is: 0
Set Net Indication Callback called
Bus state is: 0
Set Net Indication Callback called
Bus state is: 0
Set Net Indication Callback called
Bus state is: 0
Set Net Indication Callback called
Bus state is: 0
Set Net Indication Callback called
Bus state is: 0
Set Net Indication Callback called
Bus state is: 0
Set Net Indication Callback called
Bus state is: 0
Set Net Indication Callback called
Bus state is: 0
Set Net Indication Callback called
Bus state is: 0
Set Net Indication Callback called
Bus state is: 0
Set Net Indication Callback called
Bus state is: 0
Set Net Indication Callback called
Bus state is: 0
Set Net Indication Callback called
Bus state is: 0
Set Net Indication Callback called
Bus state is: 0
Set Net Indication Callback called
Bus state is: 0
Set Net Indication Callback called
Bus state is: 0
Set Net Indication Callback called
Bus state is: 0
Set Net Indication Callback called
Bus state is: 0
Set Net Indication Callback called
Bus state is: 0
Set Net Indication Callback called
Bus state is: 0
Set Net Indication Callback called
Bus state is: 0
Set Net Indication Callback called
Bus state is: 0
Set Net Indication Callback called
Bus state is: 0
Set Net Indication Callback called
Bus state is: 0
Set Net Indication Callback called
Bus state is: 0
Set Net Indication Callback called
Bus state is: 0
Set Net Indication Callback called
Bus state is: 0
Set Net Indication Callback called
Bus state is: 0
Set Net Indication Callback called
Bus state is: 0
Set Net Indication Callback called
Bus state is: 0
Set Net Indication Callback called
Bus state is: 0
Set Net Indication Callback called
Bus state is: 0
Set Net Indication Callback called
Bus state is: 0
Set Net Indication Callback called
Bus state is: 0
Set Net Indication Callback called
Bus state is: 0
Set Net Indication Callback called
Bus state is: 0
Set Net Indication Callback called
Bus state is: 0
Set Net Indication Callback called
Bus state is: 0
Set Net Indication Callback called
Bus state is: 0
Set Net Indication Callback called
Bus state is: 0
Set Net Indication Callback called
Bus state is: 0
Set Net Indication Callback called
Bus state is: 0
Set Net Indication Callback called
Bus state is: 0
Set Net Indication Callback called
Bus state is: 0
Set Net Indication Callback called
Bus state is: 0
Set Net Indication Callback called
Bus state is: 0
Set Net Indication Callback called
Bus state is: 0
Set Net Indication Callback called
Bus state is: 0
Set Net Indication Callback called
Bus state is: 0
Set Net Indication Callback called
Bus state is: 0
Set Net Indication Callback called
Bus state is: 0
Set Net Indication Callback called
Bus state is: 0
Set Net Indication Callback called
Bus state is: 0
Set Net Indication Callback called
Bus state is: 0
Set Net Indication Callback called
Bus state is: 0
Set Net Indication Callback called
Bus state is: 0
Set Net Indication Callback called
Bus state is: 0
Set Net Indication Callback called
Bus state is: 0
Set Net Indication Callback called
Bus state is: 0
Set Net Indication Callback called
Bus state is: 0
Set Net Indication Callback called
Bus state is: 0
Set Net Indication Callback called
Bus state is: 0
Set Net Indication Callback called
Bus state is: 0
Set Net Indication Callback called
Bus state is: 0
Set Net Indication Callback called
Bus state is: 0
Set Net Indication Callback called
Bus state is: 0
Set Net Indication Callback called
Bus state is: 0
Set Net Indication Callback called
Bus state is: 0
Set Net Indication Callback called
Bus state is: 0
Set Net Indication Callback called
Bus state is: 0
Set Net Indication Callback called
Bus state is: 0
Set Net Indication Callback called
Bus state is: 0
Set Net Indication Callback called
Bus state is: 0
Set Net Indication Callback called
Bus state is: 0
Set Net Indication Callback called
Bus state is: 0
Set Net Indication Callback called
Bus state is: 0
Set Net Indication Callback called
Bus state is: 0
Set Net Indication Callback called
Bus state is: 0
Set Net Indication Callback called
Bus state is: 0
Set Net Indication Callback called
Bus state is: 0
Set Net Indication Callback called
Bus state is: 0
Set Net Indication Callback called
Bus state is: 0
Set Net Indication Callback called
Bus state is: 0
Set Net Indication Callback called
Bus state is: 0
Set Net Indication Callback called
Bus state is: 0
Set Net Indication Callback called
Bus state is: 0
Set Net Indication Callback called
Bus state is: 0
Set Net Indication Callback called
Bus state is: 0
Set Net Indication Callback called
Bus state is: 0
Set Net Indication Callback called
Bus state is: 0
Set Net Indication Callback called
Bus state is: 0
Set Net Indication Callback called
Bus state is: 0
Set Net Indication Callback called
Bus state is: 0
Set Net Indication Callback called
Bus state is: 0
Set Net Indication Callback called
Bus state is: 0
Set Net Indication Callback called
Bus state is: 0
Set Net Indication Callback called
Bus state is: 0
Set Net Indication Callback called
Bus state is: 0
Set Net Indication Callback called
Bus state is: 0
Set Net Indication Callback called
Bus state is: 0
Set Net Indication Callback called
Bus state is: 0
Set Net Indication Callback called
Bus state is: 0
Set Net Indication Callback called
Bus state is: 0
Set Net Indication Callback called
Bus state is: 0
Set Net Indication Callback called
Bus state is: 0
Set Net Indication Callback called
Bus state is: 0
Set Net Indication Callback called
Bus state is: 0
Set Net Indication Callback called
Bus state is: 0
Set Net Indication Callback called
Bus state is: 0
Set Net Indication Callback called
Bus state is: 0
Set Net Indication Callback called
Bus state is: 0
Set Net Indication Callback called
Bus state is: 0
Set Net Indication Callback called
Bus state is: 0
Set Net Indication Callback called
Bus state is: 0
Set Net Indication Callback called
Bus state is: 0
Set Net Indication Callback called
Bus state is: 0
Set Net Indication Callback called
Bus state is: 0
Set Net Indication Callback called
Bus state is: 0
Set Net Indication Callback called
Bus state is: 0
Set Net Indication Callback called
Bus state is: 0
Set Net Indication Callback called
Bus state is: 0
Set Net Indication Callback called
Bus state is: 0
Set Net Indication Callback called
Bus state is: 0
Set Net Indication Callback called
Bus state is: 0
Set Net Indication Callback called
Bus state is: 0
Set Net Indication Callback called
Bus state is: 0
Set Net Indication Callback called
Bus state is: 0
Set Net Indication Callback called
Bus state is: 0
Set Net Indication Callback called
Bus state is: 0
Set Net Indication Callback called
Bus state is: 0
Set Net Indication Callback called
Bus state is: 0
Set Net Indication Callback called
Bus state is: 0
Set Net Indication Callback called
Bus state is: 0
Set Net Indication Callback called
Bus state is: 0
Set Net Indication Callback called
Bus state is: 0
Set Net Indication Callback called
Bus state is: 0
Set Net Indication Callback called
Bus state is: 0
Set Net Indication Callback called
Bus state is: 0
Set Net Indication Callback called
Bus state is: 0
Set Net Indication Callback called
Bus state is: 0
Set Net Indication Callback called
Bus state is: 0
Set Net Indication Callback called
Bus state is: 0
Set Net Indication Callback called
Bus state is: 0
Set Net Indication Callback called
Bus state is: 0
Set Net Indication Callback called
Bus state is: 0
Set Net Indication Callback called
Bus state is: 0
Set Net Indication Callback called
Bus state is: 0
Set Net Indication Callback called
Bus state is: 0
Set Net Indication Callback called
Bus state is: 0
Set Net Indication Callback called
Bus state is: 0
Set Net Indication Callback called
Bus state is: 0
Set Net Indication Callback called
Bus state is: 0
Set Net Indication Callback called
Bus state is: 0
Set Net Indication Callback called
Bus state is: 0
Set Net Indication Callback called
Bus state is: 0
Set Net Indication Callback called
Bus state is: 0
Set Net Indication Callback called
Bus state is: 0
Set Net Indication Callback called
Bus state is: 0
Set Net Indication Callback called
Bus state is: 0
Set Net Indication Callback called
Bus state is: 0
Set Net Indication Callback called
Bus state is: 0
Set Net Indication Callback called
Bus state is: 0
Set Net Indication Callback called
Bus state is: 0
Set Net Indication Callback called
Bus state is: 0
Set Net Indication Callback called
Bus state is: 0
Set Net Indication Callback called
Bus state is: 0
Set Net Indication Callback called
Bus state is: 0
Set Net Indication Callback called
Bus state is: 0
Set Net Indication Callback called
Bus state is: 0
Set Net Indication Callback called
Bus state is: 0
Set Net Indication Callback called
Bus state is: 0
Set Net Indication Callback called
Bus state is: 0
Set Net Indication Callback called
Bus state is: 0
Set Net Indication Callback called
Bus state is: 0
Set Net Indication Callback called
Bus state is: 0
Set Net Indication Callback called
Bus state is: 0
Set Net Indication Callback called
Bus state is: 0
Set Net Indication Callback called
Bus state is: 0
Set Net Indication Callback called
Bus state is: 0
Set Net Indication Callback called
Bus state is: 0
Set Net Indication Callback called
Bus state is: 0
Set Net Indication Callback called
Bus state is: 0
Set Net Indication Callback called
Bus state is: 0
Set Net Indication Callback called
Bus state is: 0
Set Net Indication Callback called
Bus state is: 0
Set Net Indication Callback called
Bus state is: 0
Set Net Indication Callback called
Bus state is: 0
Set Net Indication Callback called
Bus state is: 0
Set Net Indication Callback called
Bus state is: 0
Set Net Indication Callback called
Bus state is: 0
Set Net Indication Callback called
Bus state is: 0
Set Net Indication Callback called
Bus state is: 0
Set Net Indication Callback called
Bus state is: 0
Set Net Indication Callback called
Bus state is: 0
Set Net Indication Callback called
Bus state is: 0
Set Net Indication Callback called
Bus state is: 0
Set Net Indication Callback called
Bus state is: 0
Set Net Indication Callback called
Bus state is: 0
Set Net Indication Callback called
Bus state is: 0
Set Net Indication Callback called
Bus state is: 0
Set Net Indication Callback called
Bus state is: 0
Set Net Indication Callback called
Bus state is: 0
Set Net Indication Callback called
Bus state is: 0
Set Net Indication Callback called
Bus state is: 0
Set Net Indication Callback called
Bus state is: 0
Set Net Indication Callback called
Bus state is: 0
Set Net Indication Callback called
Bus state is: 0
Set Net Indication Callback called
Bus state is: 0
Set Net Indication Callback called
Bus state is: 0
Set Net Indication Callback called
Bus state is: 0
Set Net Indication Callback called
Bus state is: 0
Set Net Indication Callback called
Bus state is: 0
Set Net Indication Callback called
Bus state is: 0
Set Net Indication Callback called
Bus state is: 0
Set Net Indication Callback called
Bus state is: 0
Set Net Indication Callback called
Bus state is: 0
Set Net Indication Callback called
Bus state is: 0
Set Net Indication Callback called
Bus state is: 0
Set Net Indication Callback called
Bus state is: 0
Set Net Indication Callback called
Bus state is: 0
Set Net Indication Callback called
Bus state is: 0
Set Net Indication Callback called
Bus state is: 0
Set Net Indication Callback called
Bus state is: 0
Set Net Indication Callback called
Bus state is: 0
Set Net Indication Callback called
Bus state is: 0
Set Net Indication Callback called
Bus state is: 0
Set Net Indication Callback called
Bus state is: 0
Set Net Indication Callback called
Bus state is: 0
Set Net Indication Callback called
Bus state is: 0
Set Net Indication Callback called
Bus state is: 0
Set Net Indication Callback called
Bus state is: 0
Set Net Indication Callback called
Bus state is: 0
Set Net Indication Callback called
Bus state is: 0
Set Net Indication Callback called
Bus state is: 0
Set Net Indication Callback called
Bus state is: 0
Set Net Indication Callback called
Bus state is: 0
Set Net Indication Callback called
Bus state is: 0
Set Net Indication Callback called
Bus state is: 0
Set Net Indication Callback called
Bus state is: 0
Set Net Indication Callback called
Bus state is: 0
Set Net Indication Callback called
Bus state is: 0
Set Net Indication Callback called
Bus state is: 0
Set Net Indication Callback called
Bus state is: 0
Set Net Indication Callback called
Bus state is: 0
Set Net Indication Callback called
Bus state is: 0
Set Net Indication Callback called
Bus state is: 0
Set Net Indication Callback called
Bus state is: 0
Set Net Indication Callback called
Bus state is: 0
Set Net Indication Callback called
Bus state is: 0
Set Net Indication Callback called
Bus state is: 0
Set Net Indication Callback called
Bus state is: 0
Set Net Indication Callback called
Bus state is: 0
Set Net Indication Callback called
Bus state is: 0
Set Net Indication Callback called
Bus state is: 0
Set Net Indication Callback called
Bus state is: 0
Set Net Indication Callback called
Bus state is: 0
Set Net Indication Callback called
Bus state is: 0
Set Net Indication Callback called
Bus state is: 0
Set Net Indication Callback called
Bus state is: 0
Set Net Indication Callback called
Bus state is: 0
Set Net Indication Callback called
Bus state is: 0
Set Net Indication Callback called
Bus state is: 0
Set Net Indication Callback called
Bus state is: 0
Set Net Indication Callback called
Bus state is: 0
Set Net Indication Callback called
Bus state is: 0
Set Net Indication Callback called
Bus state is: 0
Set Net Indication Callback called
Bus state is: 0
Set Net Indication Callback called
Bus state is: 0
Set Net Indication Callback called
Bus state is: 0
Set Net Indication Callback called
Bus state is: 0
Set Net Indication Callback called
Bus state is: 0
Set Net Indication Callback called
Bus state is: 0
Set Net Indication Callback called
Bus state is: 0
Set Net Indication Callback called
Bus state is: 0
Set Net Indication Callback called
Bus state is: 0
Set Net Indication Callback called
Bus state is: 0
Set Net Indication Callback called
Bus state is: 0
Set Net Indication Callback called
Bus state is: 0
Set Net Indication Callback called
Bus state is: 0
Set Net Indication Callback called
Bus state is: 0
Set Net Indication Callback called
Bus state is: 0
Set Net Indication Callback called
Bus state is: 0
Set Net Indication Callback called
Bus state is: 0
Set Net Indication Callback called
Bus state is: 0
Set Net Indication Callback called
Bus state is: 0
Set Net Indication Callback called
Bus state is: 0
Set Net Indication Callback called
Bus state is: 0
Set Net Indication Callback called
Bus state is: 0
Set Net Indication Callback called
Bus state is: 0
Set Net Indication Callback called
Bus state is: 0
Set Net Indication Callback called
Bus state is: 0
Set Net Indication Callback called
Bus state is: 0
Set Net Indication Callback called
Bus state is: 0
Set Net Indication Callback called
Bus state is: 0
Set Net Indication Callback called
Bus state is: 0
Set Net Indication Callback called
Bus state is: 0
Set Net Indication Callback called
Bus state is: 0
Set Net Indication Callback called
Bus state is: 0
Set Net Indication Callback called
Bus state is: 0
Set Net Indication Callback called
Bus state is: 0
Set Net Indication Callback called
Bus state is: 0
Set Net Indication Callback called
Bus state is: 0
Set Net Indication Callback called
Bus state is: 0
Set Net Indication Callback called
Bus state is: 0
Set Net Indication Callback called
Bus state is: 0
Set Net Indication Callback called
Bus state is: 0
Set Net Indication Callback called
Bus state is: 0
Set Net Indication Callback called
Bus state is: 0
Set Net Indication Callback called
Bus state is: 0
Set Net Indication Callback called
Bus state is: 0
Set Net Indication Callback called
Bus state is: 0
Set Net Indication Callback called
Bus state is: 0
Set Net Indication Callback called
Bus state is: 0
Set Net Indication Callback called
Bus state is: 0
Set Net Indication Callback called
Bus state is: 0
Set Net Indication Callback called
Bus state is: 0
Set Net Indication Callback called
Bus state is: 0
Set Net Indication Callback called
Bus state is: 0
Set Net Indication Callback called
Bus state is: 0
Set Net Indication Callback called
Bus state is: 0
Set Net Indication Callback called
Bus state is: 0
Set Net Indication Callback called
Bus state is: 0
Set Net Indication Callback called
Bus state is: 0
Set Net Indication Callback called
Bus state is: 0
Set Net Indication Callback called
Bus state is: 0
Set Net Indication Callback called
Bus state is: 0
Set Net Indication Callback called
Bus state is: 0
Set Net Indication Callback called
Bus state is: 0
Set Net Indication Callback called
Bus state is: 0
Set Net Indication Callback called
Bus state is: 0
Set Net Indication Callback called
Bus state is: 0
Set Net Indication Callback called
Bus state is: 0
Set Net Indication Callback called
Bus state is: 0
Set Net Indication Callback called
Bus state is: 0
Set Net Indication Callback called
Bus state is: 0
Set Net Indication Callback called
Bus state is: 0
Set Net Indication Callback called
Bus state is: 0
Set Net Indication Callback called
Bus state is: 0
Set Net Indication Callback called
Bus state is: 0
Set Net Indication Callback called
Bus state is: 0
Set Net Indication Callback called
Bus state is: 0
Set Net Indication Callback called
Bus state is: 0
Set Net Indication Callback called
Bus state is: 0
Set Net Indication Callback called
Bus state is: 0
Set Net Indication Callback called
Bus state is: 0
Set Net Indication Callback called
Bus state is: 0
Set Net Indication Callback called
Bus state is: 0
Set Net Indication Callback called
Bus state is: 0
Set Net Indication Callback called
Bus state is: 0
Set Net Indication Callback called
Bus state is: 0
Set Net Indication Callback called
Bus state is: 0
Set Net Indication Callback called
Bus state is: 0
Set Net Indication Callback called
Bus state is: 0
Set Net Indication Callback called
Bus state is: 0
Set Net Indication Callback called
Bus state is: 0
Set Net Indication Callback called
Bus state is: 0
Set Net Indication Callback called
Bus state is: 0
Set Net Indication Callback called
Bus state is: 0
Set Net Indication Callback called
Bus state is: 0
Set Net Indication Callback called
Bus state is: 0
Set Net Indication Callback called
Bus state is: 0
Set Net Indication Callback called
Bus state is: 0
Set Net Indication Callback called
Bus state is: 0
Set Net Indication Callback called
Bus state is: 0
Set Net Indication Callback called
Bus state is: 0
Set Net Indication Callback called
Bus state is: 0
Set Net Indication Callback called
Bus state is: 0
Set Net Indication Callback called
Bus state is: 0
Set Net Indication Callback called
Bus state is: 0
Set Net Indication Callback called
Bus state is: 0
Set Net Indication Callback called
Bus state is: 0
Set Net Indication Callback called
Bus state is: 0
Set Net Indication Callback called
Bus state is: 0
Set Net Indication Callback called
Bus state is: 0
Set Net Indication Callback called
Bus state is: 0
Set Net Indication Callback called
Bus state is: 0
Set Net Indication Callback called
Bus state is: 0
Set Net Indication Callback called
Bus state is: 0
Set Net Indication Callback called
Bus state is: 0
Set Net Indication Callback called
Bus state is: 0
Set Net Indication Callback called
Bus state is: 0
Set Net Indication Callback called
Bus state is: 0
Set Net Indication Callback called
Bus state is: 0
Set Net Indication Callback called
Bus state is: 0
Set Net Indication Callback called
Bus state is: 0
Set Net Indication Callback called
Bus state is: 0
Set Net Indication Callback called
Bus state is: 0
Set Net Indication Callback called
Bus state is: 0
Set Net Indication Callback called
Bus state is: 0
Set Net Indication Callback called
Bus state is: 0
Set Net Indication Callback called
Bus state is: 0
Set Net Indication Callback called
Bus state is: 0
Set Net Indication Callback called
Bus state is: 0
Set Net Indication Callback called
Bus state is: 0
Set Net Indication Callback called
Bus state is: 0
Set Net Indication Callback called
Bus state is: 0
Set Net Indication Callback called
Bus state is: 0
Set Net Indication Callback called
Bus state is: 0
Set Net Indication Callback called
Bus state is: 0
Set Net Indication Callback called
Bus state is: 0
Set Net Indication Callback called
Bus state is: 0
Set Net Indication Callback called
Bus state is: 0
Set Net Indication Callback called
Bus state is: 0
Set Net Indication Callback called
Bus state is: 0
Set Net Indication Callback called
Bus state is: 0
Set Net Indication Callback called
Bus state is: 0
Set Net Indication Callback called
Bus state is: 0
Set Net Indication Callback called
Bus state is: 0
Set Net Indication Callback called
Bus state is: 0
Set Net Indication Callback called
Bus state is: 0
Set Net Indication Callback called
Bus state is: 0
Set Net Indication Callback called
Bus state is: 0
Set Net Indication Callback called
Bus state is: 0
Set Net Indication Callback called
Bus state is: 0
Set Net Indication Callback called
Bus state is: 0
Set Net Indication Callback called
Bus state is: 0
Set Net Indication Callback called
Bus state is: 0
Set Net Indication Callback called
Bus state is: 0
Set Net Indication Callback called
Bus state is: 0
Set Net Indication Callback called
Bus state is: 0
Set Net Indication Callback called
Bus state is: 0
Set Net Indication Callback called
Bus state is: 0
Set Net Indication Callback called
Bus state is: 0
Set Net Indication Callback called
Bus state is: 0
Set Net Indication Callback called
Bus state is: 0
Set Net Indication Callback called
Bus state is: 0
Set Net Indication Callback called
Bus state is: 0
Set Net Indication Callback called
Bus state is: 0
Set Net Indication Callback called
Bus state is: 0
Set Net Indication Callback called
Bus state is: 0
Set Net Indication Callback called
Bus state is: 0
Set Net Indication Callback called
Bus state is: 0
Set Net Indication Callback called
Bus state is: 0
Set Net Indication Callback called
Bus state is: 0
Set Net Indication Callback called
Bus state is: 0
Set Net Indication Callback called
Bus state is: 0
Set Net Indication Callback called
Bus state is: 0
Set Net Indication Callback called
Bus state is: 0
Set Net Indication Callback called
Bus state is: 0
Set Net Indication Callback called
Bus state is: 0
Set Net Indication Callback called
Bus state is: 0
Set Net Indication Callback called
Bus state is: 0
Set Net Indication Callback called
Bus state is: 0
Set Net Indication Callback called
Bus state is: 0
Set Net Indication Callback called
Bus state is: 0
Set Net Indication Callback called
Bus state is: 0
Set Net Indication Callback called
Bus state is: 0
Set Net Indication Callback called
Bus state is: 0
Set Net Indication Callback called
Bus state is: 0
Set Net Indication Callback called
Bus state is: 0
Set Net Indication Callback called
Bus state is: 0
Set Net Indication Callback called
Bus state is: 0
Set Net Indication Callback called
Bus state is: 0
Set Net Indication Callback called
Bus state is: 0
Set Net Indication Callback called
Bus state is: 0
Set Net Indication Callback called
Bus state is: 0
Set Net Indication Callback called
Bus state is: 0
Set Net Indication Callback called
Bus state is: 0
Set Net Indication Callback called
Bus state is: 0
Set Net Indication Callback called
Bus state is: 0
Set Net Indication Callback called
Bus state is: 0
Set Net Indication Callback called
Bus state is: 0
Set Net Indication Callback called
Bus state is: 0
Set Net Indication Callback called
Bus state is: 0
Set Net Indication Callback called
Bus state is: 0
Set Net Indication Callback called
Bus state is: 0
Set Net Indication Callback called
Bus state is: 0
Set Net Indication Callback called
Bus state is: 0
Set Net Indication Callback called
Bus state is: 0
Set Net Indication Callback called
Bus state is: 0
Set Net Indication Callback called
Bus state is: 0
Set Net Indication Callback called
Bus state is: 0
Set Net Indication Callback called
Bus state is: 0
Set Net Indication Callback called
Bus state is: 0
Set Net Indication Callback called
Bus state is: 0
Set Net Indication Callback called
Bus state is: 0
Set Net Indication Callback called
Bus state is: 0
Set Net Indication Callback called
Bus state is: 0
Set Net Indication Callback called
Bus state is: 0
Set Net Indication Callback called
Bus state is: 0
Set Net Indication Callback called
Bus state is: 0
Set Net Indication Callback called
Bus state is: 0
Set Net Indication Callback called
Bus state is: 0
Set Net Indication Callback called
Bus state is: 0
Set Net Indication Callback called
Bus state is: 0
Set Net Indication Callback called
Bus state is: 0
Set Net Indication Callback called
Bus state is: 0
Set Net Indication Callback called
Bus state is: 0
Set Net Indication Callback called
Bus state is: 0
Set Net Indication Callback called
Bus state is: 0
Set Net Indication Callback called
Bus state is: 0
Set Net Indication Callback called
Bus state is: 0
Set Net Indication Callback called
Bus state is: 0
Set Net Indication Callback called
Bus state is: 0
Set Net Indication Callback called
Bus state is: 0
Set Net Indication Callback called
Bus state is: 0
Set Net Indication Callback called
Bus state is: 0
Set Net Indication Callback called
Bus state is: 0
Set Net Indication Callback called
Bus state is: 0
Set Net Indication Callback called
Bus state is: 0
Set Net Indication Callback called
Bus state is: 0
Set Net Indication Callback called
Bus state is: 0
Set Net Indication Callback called
Bus state is: 0
Set Net Indication Callback called
Bus state is: 0
Set Net Indication Callback called
Bus state is: 0
Set Net Indication Callback called
Bus state is: 0
Set Net Indication Callback called
Bus state is: 0
Set Net Indication Callback called
Bus state is: 0
Set Net Indication Callback called
Bus state is: 0
Set Net Indication Callback called
Bus state is: 0
Set Net Indication Callback called
Bus state is: 0
Set Net Indication Callback called
Bus state is: 0
Set Net Indication Callback called
Bus state is: 0
Set Net Indication Callback called
Bus state is: 0
Set Net Indication Callback called
Bus state is: 0
Set Net Indication Callback called
Bus state is: 0
Set Net Indication Callback called
Bus state is: 0
Set Net Indication Callback called
Bus state is: 0
Set Net Indication Callback called
Bus state is: 0
Set Net Indication Callback called
Bus state is: 0
Set Net Indication Callback called
Bus state is: 0
Set Net Indication Callback called
Bus state is: 0
Set Net Indication Callback called
Bus state is: 0
Set Net Indication Callback called
Bus state is: 0
Set Net Indication Callback called
Bus state is: 0
Set Net Indication Callback called
Bus state is: 0
Set Net Indication Callback called
Bus state is: 0
Set Net Indication Callback called
Bus state is: 0
Set Net Indication Callback called
Bus state is: 0
Set Net Indication Callback called
Bus state is: 0
Set Net Indication Callback called
Bus state is: 0
Set Net Indication Callback called
Bus state is: 0
Set Net Indication Callback called
Bus state is: 0
Set Net Indication Callback called
Bus state is: 0
Set Net Indication Callback called
Bus state is: 0
Set Net Indication Callback called
Bus state is: 0
Set Net Indication Callback called
Bus state is: 0
Set Net Indication Callback called
Bus state is: 0
Set Net Indication Callback called
Bus state is: 0
Set Net Indication Callback called
Bus state is: 0
Set Net Indication Callback called
Bus state is: 0
Set Net Indication Callback called
Bus state is: 0
Set Net Indication Callback called
Bus state is: 0
Set Net Indication Callback called
Bus state is: 0
Set Net Indication Callback called
Bus state is: 0
Set Net Indication Callback called
Bus state is: 0
Set Net Indication Callback called
Bus state is: 0
Set Net Indication Callback called
Bus state is: 0
Set Net Indication Callback called
Bus state is: 0
Set Net Indication Callback called
Bus state is: 0
Set Net Indication Callback called
Bus state is: 0
Set Net Indication Callback called
Bus state is: 0
Set Net Indication Callback called
Bus state is: 0
Set Net Indication Callback called
Bus state is: 0
Set Net Indication Callback called
Bus state is: 0
Set Net Indication Callback called
Bus state is: 0
Set Net Indication Callback called
Bus state is: 0
Set Net Indication Callback called
Bus state is: 0
Set Net Indication Callback called
Bus state is: 0
Set Net Indication Callback called
Bus state is: 0
Set Net Indication Callback called
Bus state is: 0
Set Net Indication Callback called
Bus state is: 0
Set Net Indication Callback called
Bus state is: 0
Set Net Indication Callback called
Bus state is: 0
Set Net Indication Callback called
Bus state is: 0
Set Net Indication Callback called
Bus state is: 0
Set Net Indication Callback called
Bus state is: 0
Set Net Indication Callback called
Bus state is: 0
Set Net Indication Callback called
Bus state is: 0
Set Net Indication Callback called
Bus state is: 0
Set Net Indication Callback called
Bus state is: 0
Set Net Indication Callback called
Bus state is: 0
Set Net Indication Callback called
Bus state is: 0
Set Net Indication Callback called
Bus state is: 0
Set Net Indication Callback called
Bus state is: 0
Set Net Indication Callback called
Bus state is: 0
Set Net Indication Callback called
Bus state is: 0
Set Net Indication Callback called
Bus state is: 0
Set Net Indication Callback called
Bus state is: 0
Set Net Indication Callback called
Bus state is: 0
Set Net Indication Callback called
Bus state is: 0
Set Net Indication Callback called
Bus state is: 0
Set Net Indication Callback called
Bus state is: 0
Set Net Indication Callback called
Bus state is: 0
Set Net Indication Callback called
Bus state is: 0
Set Net Indication Callback called
Bus state is: 0
Set Net Indication Callback called
Bus state is: 0
Set Net Indication Callback called
Bus state is: 0
Set Net Indication Callback called
Bus state is: 0
Set Net Indication Callback called
Bus state is: 0
Set Net Indication Callback called
Bus state is: 0
Set Net Indication Callback called
Bus state is: 0
Set Net Indication Callback called
Bus state is: 0
Set Net Indication Callback called
Bus state is: 0
Set Net Indication Callback called
Bus state is: 0
Set Net Indication Callback called
Bus state is: 0
Set Net Indication Callback called
Bus state is: 0
Set Net Indication Callback called
Bus state is: 0
Set Net Indication Callback called
Bus state is: 0
Set Net Indication Callback called
Bus state is: 0
Set Net Indication Callback called
Bus state is: 0
Set Net Indication Callback called
Bus state is: 0
Set Net Indication Callback called
Bus state is: 0
Set Net Indication Callback called
Bus state is: 0
Set Net Indication Callback called
Bus state is: 0
Set Net Indication Callback called
Bus state is: 0
Set Net Indication Callback called
Bus state is: 0
Set Net Indication Callback called
Bus state is: 0
Set Net Indication Callback called
Bus state is: 0
Set Net Indication Callback called
Bus state is: 0
Set Net Indication Callback called
Bus state is: 0
Set Net Indication Callback called
Bus state is: 0
Set Net Indication Callback called
Bus state is: 0
Set Net Indication Callback called
Bus state is: 0
Set Net Indication Callback called
Bus state is: 0
Set Net Indication Callback called
Bus state is: 0
Set Net Indication Callback called
Bus state is: 0
Set Net Indication Callback called
Bus state is: 0
Set Net Indication Callback called
Bus state is: 0
Set Net Indication Callback called
Bus state is: 0
Set Net Indication Callback called
Bus state is: 0
Set Net Indication Callback called
Bus state is: 0
Set Net Indication Callback called
Bus state is: 0
Set Net Indication Callback called
Bus state is: 0
Set Net Indication Callback called
Bus state is: 0
Set Net Indication Callback called
Bus state is: 0
Set Net Indication Callback called
Bus state is: 0
Set Net Indication Callback called
Bus state is: 0
Set Net Indication Callback called
Bus state is: 0
Set Net Indication Callback called
Bus state is: 0
Set Net Indication Callback called
Bus state is: 0
Set Net Indication Callback called
Bus state is: 0
Set Net Indication Callback called
Bus state is: 0
Set Net Indication Callback called
Bus state is: 0
Set Net Indication Callback called
Bus state is: 0
Set Net Indication Callback called
Bus state is: 0
Set Net Indication Callback called
Bus state is: 0
Set Net Indication Callback called
Bus state is: 0
Set Net Indication Callback called
Bus state is: 0
Set Net Indication Callback called
Bus state is: 0
Set Net Indication Callback called
Bus state is: 0
Set Net Indication Callback called
Bus state is: 0
Set Net Indication Callback called
Bus state is: 0
Set Net Indication Callback called
Bus state is: 0
Set Net Indication Callback called
Bus state is: 0
Set Net Indication Callback called
Bus state is: 0
Set Net Indication Callback called
Bus state is: 0
Set Net Indication Callback called
Bus state is: 0
Set Net Indication Callback called
Bus state is: 0
Set Net Indication Callback called
Bus state is: 0
Set Net Indication Callback called
Bus state is: 0
Set Net Indication Callback called
Bus state is: 0
Set Net Indication Callback called
Bus state is: 0
Set Net Indication Callback called
Bus state is: 0
Set Net Indication Callback called
Bus state is: 0
Set Net Indication Callback called
Bus state is: 0
Set Net Indication Callback called
Bus state is: 0
Set Net Indication Callback called
Bus state is: 0
Set Net Indication Callback called
Bus state is: 0
Set Net Indication Callback called
Bus state is: 0
Set Net Indication Callback called
Bus state is: 0
Set Net Indication Callback called
Bus state is: 0
Set Net Indication Callback called
Bus state is: 0
Set Net Indication Callback called
Bus state is: 0
Set Net Indication Callback called
Bus state is: 0
Set Net Indication Callback called
Bus state is: 0
Set Net Indication Callback called
Bus state is: 0
Set Net Indication Callback called
Bus state is: 0
Set Net Indication Callback called
Bus state is: 0
Set Net Indication Callback called
Bus state is: 0
Set Net Indication Callback called
Bus state is: 0
Set Net Indication Callback called
Bus state is: 0
Set Net Indication Callback called
Bus state is: 0
Set Net Indication Callback called
Bus state is: 0
Set Net Indication Callback called
Bus state is: 0
Set Net Indication Callback called
Bus state is: 0
Set Net Indication Callback called
Bus state is: 0
Set Net Indication Callback called
Bus state is: 0
Set Net Indication Callback called
Bus state is: 0
Set Net Indication Callback called
Bus state is: 0
Set Net Indication Callback called
Bus state is: 0
Set Net Indication Callback called
Bus state is: 0
Set Net Indication Callback called
Bus state is: 0
Set Net Indication Callback called
Bus state is: 0
Set Net Indication Callback called
Bus state is: 0
Set Net Indication Callback called
Bus state is: 0
Set Net Indication Callback called
Bus state is: 0
Set Net Indication Callback called
Bus state is: 0
Set Net Indication Callback called
Bus state is: 0
Set Net Indication Callback called
Bus state is: 0
Set Net Indication Callback called
Bus state is: 0
Set Net Indication Callback called
Bus state is: 0
Set Net Indication Callback called
Bus state is: 0
Set Net Indication Callback called
Bus state is: 0
Set Net Indication Callback called
Bus state is: 0
Set Net Indication Callback called
Bus state is: 0
Set Net Indication Callback called
Bus state is: 0
Set Net Indication Callback called
Bus state is: 0
Set Net Indication Callback called
Bus state is: 0
Set Net Indication Callback called
Bus state is: 0
Set Net Indication Callback called
Bus state is: 0
Set Net Indication Callback called
Bus state is: 0
Set Net Indication Callback called
Bus state is: 0
Set Net Indication Callback called
Bus state is: 0
Set Net Indication Callback called
Bus state is: 0
Set Net Indication Callback called
Bus state is: 0
Set Net Indication Callback called
Bus state is: 0
Set Net Indication Callback called
Bus state is: 0
Set Net Indication Callback called
Bus state is: 0
Set Net Indication Callback called
Bus state is: 0
Set Net Indication Callback called
Bus state is: 0
Set Net Indication Callback called
Bus state is: 0
Set Net Indication Callback called
Bus state is: 0
Set Net Indication Callback called
Bus state is: 0
Set Net Indication Callback called
Bus state is: 0
Set Net Indication Callback called
Bus state is: 0
Set Net Indication Callback called
Bus state is: 0
Set Net Indication Callback called
Bus state is: 0
Set Net Indication Callback called
Bus state is: 0
Set Net Indication Callback called
Bus state is: 0
Set Net Indication Callback called
Bus state is: 0
Set Net Indication Callback called
Bus state is: 0
Set Net Indication Callback called
Bus state is: 0
Set Net Indication Callback called
Bus state is: 0
Set Net Indication Callback called
Bus state is: 0
Set Net Indication Callback called
Bus state is: 0
Set Net Indication Callback called
Bus state is: 0
Set Net Indication Callback called
Bus state is: 0
Set Net Indication Callback called
Bus state is: 0
Set Net Indication Callback called
Bus state is: 0
Set Net Indication Callback called
Bus state is: 0
Set Net Indication Callback called
Bus state is: 0
Set Net Indication Callback called
Bus state is: 0
Set Net Indication Callback called
Bus state is: 0
Set Net Indication Callback called
Bus state is: 0
Set Net Indication Callback called
Bus state is: 0
Set Net Indication Callback called
Bus state is: 0
Set Net Indication Callback called
Bus state is: 0
Set Net Indication Callback called
Bus state is: 0
Set Net Indication Callback called
Bus state is: 0
Set Net Indication Callback called
Bus state is: 0
Set Net Indication Callback called
Bus state is: 0
Set Net Indication Callback called
Bus state is: 0
Set Net Indication Callback called
Bus state is: 0
Set Net Indication Callback called
Bus state is: 0
Set Net Indication Callback called
Bus state is: 0
Set Net Indication Callback called
Bus state is: 0
Set Net Indication Callback called
Bus state is: 0
Set Net Indication Callback called
Bus state is: 0
Set Net Indication Callback called
Bus state is: 0
Set Net Indication Callback called
Bus state is: 0
Set Net Indication Callback called
Bus state is: 0
Set Net Indication Callback called
Bus state is: 0
Set Net Indication Callback called
Bus state is: 0
Set Net Indication Callback called
Bus state is: 0
Set Net Indication Callback called
Bus state is: 0
Set Net Indication Callback called
Bus state is: 0
Set Net Indication Callback called
Bus state is: 0
Set Net Indication Callback called
Bus state is: 0
Set Net Indication Callback called
Bus state is: 0
Set Net Indication Callback called
Bus state is: 0
Set Net Indication Callback called
Bus state is: 0
Set Net Indication Callback called
Bus state is: 0
Set Net Indication Callback called
Bus state is: 0
Set Net Indication Callback called
Bus state is: 0
Set Net Indication Callback called
Bus state is: 0
Set Net Indication Callback called
Bus state is: 0
Set Net Indication Callback called
Bus state is: 0
Set Net Indication Callback called
Bus state is: 0
Set Net Indication Callback called
Bus state is: 0
Set Net Indication Callback called
Bus state is: 0
Set Net Indication Callback called
Bus state is: 0
Set Net Indication Callback called
Bus state is: 0
Set Net Indication Callback called
Bus state is: 0
Set Net Indication Callback called
Bus state is: 0
Set Net Indication Callback called
Bus state is: 0
Set Net Indication Callback called
Bus state is: 0
Set Net Indication Callback called
Bus state is: 0
Set Net Indication Callback called
Bus state is: 0
Set Net Indication Callback called
Bus state is: 0
Set Net Indication Callback called
Bus state is: 0
Set Net Indication Callback called
Bus state is: 0
Set Net Indication Callback called
Bus state is: 0
Set Net Indication Callback called
Bus state is: 0
Set Net Indication Callback called
Bus state is: 0
Set Net Indication Callback called
Bus state is: 0
Set Net Indication Callback called
Bus state is: 0
Set Net Indication Callback called
Bus state is: 0
Set Net Indication Callback called
Bus state is: 0
Set Net Indication Callback called
Bus state is: 0
Set Net Indication Callback called
Bus state is: 0
Set Net Indication Callback called
Bus state is: 0
Set Net Indication Callback called
Bus state is: 0
Set Net Indication Callback called
Bus state is: 0
Set Net Indication Callback called
Bus state is: 0
Set Net Indication Callback called
Bus state is: 0
Set Net Indication Callback called
Bus state is: 0
Set Net Indication Callback called
Bus state is: 0
Set Net Indication Callback called
Bus state is: 0
Set Net Indication Callback called
Bus state is: 0
Set Net Indication Callback called
Bus state is: 0
Set Net Indication Callback called
Bus state is: 0
Set Net Indication Callback called
Bus state is: 0
Set Net Indication Callback called
Bus state is: 0
Set Net Indication Callback called
Bus state is: 0
Set Net Indication Callback called
Bus state is: 0
Set Net Indication Callback called
Bus state is: 0
Set Net Indication Callback called
Bus state is: 0
Set Net Indication Callback called
Bus state is: 0
Set Net Indication Callback called
Bus state is: 0
Set Net Indication Callback called
Bus state is: 0
Set Net Indication Callback called
Bus state is: 0
Set Net Indication Callback called
Bus state is: 0
Set Net Indication Callback called
Bus state is: 0
Set Net Indication Callback called
Bus state is: 0
Set Net Indication Callback called
Bus state is: 0
Set Net Indication Callback called
Bus state is: 0
Set Net Indication Callback called
Bus state is: 0
Set Net Indication Callback called
Bus state is: 0
Set Net Indication Callback called
Bus state is: 0
Set Net Indication Callback called
Bus state is: 0
Set Net Indication Callback called
Bus state is: 0
Set Net Indication Callback called
Bus state is: 0
Set Net Indication Callback called
Bus state is: 0
Set Net Indication Callback called
Bus state is: 0
Set Net Indication Callback called
Bus state is: 0
Set Net Indication Callback called
Bus state is: 0
Set Net Indication Callback called
Bus state is: 0
Set Net Indication Callback called
Bus state is: 0
Set Net Indication Callback called
Bus state is: 0
Set Net Indication Callback called
Bus state is: 0
Set Net Indication Callback called
Bus state is: 0
Set Net Indication Callback called
Bus state is: 0
Set Net Indication Callback called
Bus state is: 0
Set Net Indication Callback called
Bus state is: 0
Set Net Indication Callback called
Bus state is: 0
Set Net Indication Callback called
Bus state is: 0
Set Net Indication Callback called
Bus state is: 0
Set Net Indication Callback called
Bus state is: 0
Set Net Indication Callback called
Bus state is: 0
Set Net Indication Callback called
Bus state is: 0
Set Net Indication Callback called
Bus state is: 0
Set Net Indication Callback called
Bus state is: 0
Set Net Indication Callback called
Bus state is: 0
Set Net Indication Callback called
Bus state is: 0
Set Net Indication Callback called
Bus state is: 0
Set Net Indication Callback called
Bus state is: 0
Set Net Indication Callback called
Bus state is: 0
Set Net Indication Callback called
Bus state is: 0
Set Net Indication Callback called
Bus state is: 0
Set Net Indication Callback called
Bus state is: 0
Set Net Indication Callback called
Bus state is: 0
Set Net Indication Callback called
Bus state is: 0
Set Net Indication Callback called
Bus state is: 0
Set Net Indication Callback called
Bus state is: 0
Set Net Indication Callback called
Bus state is: 0
Set Net Indication Callback called
Bus state is: 0
Set Net Indication Callback called
Bus state is: 0
Set Net Indication Callback called
Bus state is: 0
Set Net Indication Callback called
Bus state is: 0
Set Net Indication Callback called
Bus state is: 0
Set Net Indication Callback called
Bus state is: 0
Set Net Indication Callback called
Bus state is: 0
Set Net Indication Callback called
Bus state is: 0
Set Net Indication Callback called
Bus state is: 0
Set Net Indication Callback called
Bus state is: 0
Set Net Indication Callback called
Bus state is: 0
Set Net Indication Callback called
Bus state is: 0
Set Net Indication Callback called
Bus state is: 0
Set Net Indication Callback called
Bus state is: 0
Set Net Indication Callback called
Bus state is: 0
Set Net Indication Callback called
Bus state is: 0
Set Net Indication Callback called
Bus state is: 0
Set Net Indication Callback called
Bus state is: 0
Set Net Indication Callback called
Bus state is: 0
Set Net Indication Callback called
Bus state is: 0
Set Net Indication Callback called
Bus state is: 0
Set Net Indication Callback called
Bus state is: 0
Set Net Indication Callback called
Bus state is: 0
Set Net Indication Callback called
Bus state is: 0
Set Net Indication Callback called
Bus state is: 0
Set Net Indication Callback called
Bus state is: 0
Set Net Indication Callback called
Bus state is: 0
Set Net Indication Callback called
Bus state is: 0
Set Net Indication Callback called
Bus state is: 0
Set Net Indication Callback called
Bus state is: 0
Set Net Indication Callback called
Bus state is: 0
Set Net Indication Callback called
Bus state is: 0
Set Net Indication Callback called
Bus state is: 0
Set Net Indication Callback called
Bus state is: 0
Set Net Indication Callback called
Bus state is: 0
Set Net Indication Callback called
Bus state is: 0
Set Net Indication Callback called
Bus state is: 0
Set Net Indication Callback called
Bus state is: 0
Set Net Indication Callback called
Bus state is: 0
Set Net Indication Callback called
Bus state is: 0
Set Net Indication Callback called
Bus state is: 0
Set Net Indication Callback called
Bus state is: 0
Set Net Indication Callback called
Bus state is: 0
Set Net Indication Callback called
Bus state is: 0
Set Net Indication Callback called
Bus state is: 0
Set Net Indication Callback called
Bus state is: 0
Set Net Indication Callback called
Bus state is: 0
Set Net Indication Callback called
Bus state is: 0
Set Net Indication Callback called
Bus state is: 0
Set Net Indication Callback called
Bus state is: 0
Set Net Indication Callback called
Bus state is: 0
Set Net Indication Callback called
Bus state is: 0
Set Net Indication Callback called
Bus state is: 0
Set Net Indication Callback called
Bus state is: 0
Set Net Indication Callback called
Bus state is: 0
Set Net Indication Callback called
Bus state is: 0
Set Net Indication Callback called
Bus state is: 0
Set Net Indication Callback called
Bus state is: 0
Set Net Indication Callback called
Bus state is: 0
Set Net Indication Callback called
Bus state is: 0
Set Net Indication Callback called
Bus state is: 0
Set Net Indication Callback called
Bus state is: 0
Set Net Indication Callback called
Bus state is: 0
Set Net Indication Callback called
Bus state is: 0
Set Net Indication Callback called
Bus state is: 0
Set Net Indication Callback called
Bus state is: 0
Set Net Indication Callback called
Bus state is: 0
Set Net Indication Callback called
Bus state is: 0
Set Net Indication Callback called
Bus state is: 0
Set Net Indication Callback called
Bus state is: 0
Set Net Indication Callback called
Bus state is: 0
Set Net Indication Callback called
Bus state is: 0
Set Net Indication Callback called
Bus state is: 0
Set Net Indication Callback called
Bus state is: 0
Set Net Indication Callback called
Bus state is: 0
Set Net Indication Callback called
Bus state is: 0
Set Net Indication Callback called
Bus state is: 0
Set Net Indication Callback called
Bus state is: 0
Set Net Indication Callback called
Bus state is: 0
Set Net Indication Callback called
Bus state is: 0
Set Net Indication Callback called
Bus state is: 0
Set Net Indication Callback called
Bus state is: 0
Set Net Indication Callback called
Bus state is: 0
Set Net Indication Callback called
Bus state is: 0
Set Net Indication Callback called
Bus state is: 0
Set Net Indication Callback called
Bus state is: 0
Set Net Indication Callback called
Bus state is: 0
Set Net Indication Callback called
Bus state is: 0
Set Net Indication Callback called
Bus state is: 0
Set Net Indication Callback called
Bus state is: 0
Set Net Indication Callback called
Bus state is: 0
Set Net Indication Callback called
Bus state is: 0
Set Net Indication Callback called
Bus state is: 0
Set Net Indication Callback called
Bus state is: 0
Set Net Indication Callback called
Bus state is: 0
Set Net Indication Callback called
Bus state is: 0
Set Net Indication Callback called
Bus state is: 0
Set Net Indication Callback called
Bus state is: 0
Set Net Indication Callback called
Bus state is: 0
Set Net Indication Callback called
Bus state is: 0
Set Net Indication Callback called
Bus state is: 0
Set Net Indication Callback called
Bus state is: 0
Set Net Indication Callback called
Bus state is: 0
Set Net Indication Callback called
Bus state is: 0
Set Net Indication Callback called
Bus state is: 0
Set Net Indication Callback called
Bus state is: 0
Set Net Indication Callback called
Bus state is: 0
Set Net Indication Callback called
Bus state is: 0
Set Net Indication Callback called
Bus state is: 0
Set Net Indication Callback called
Bus state is: 0
Set Net Indication Callback called
Bus state is: 0
Set Net Indication Callback called
Bus state is: 0
Set Net Indication Callback called
Bus state is: 0
Set Net Indication Callback called
Bus state is: 0
Set Net Indication Callback called
Bus state is: 0
Set Net Indication Callback called
Bus state is: 0
Set Net Indication Callback called
Bus state is: 0
Set Net Indication Callback called
Bus state is: 0
Set Net Indication Callback called
Bus state is: 0
Set Net Indication Callback called
Bus state is: 0
Set Net Indication Callback called
Bus state is: 0
Set Net Indication Callback called
Bus state is: 0
Set Net Indication Callback called
Bus state is: 0
Set Net Indication Callback called
Bus state is: 0
Set Net Indication Callback called
Bus state is: 0
Set Net Indication Callback called
Bus state is: 0
Set Net Indication Callback called
Bus state is: 0
Set Net Indication Callback called
Bus state is: 0
Set Net Indication Callback called
Bus state is: 0
Set Net Indication Callback called
Bus state is: 0
Set Net Indication Callback called
Bus state is: 0
Set Net Indication Callback called
Bus state is: 0
Set Net Indication Callback called
Bus state is: 0
Set Net Indication Callback called
Bus state is: 0
Set Net Indication Callback called
Bus state is: 0
Set Net Indication Callback called
Bus state is: 0
Set Net Indication Callback called
Bus state is: 0
Set Net Indication Callback called
Bus state is: 0
Set Net Indication Callback called
Bus state is: 0
Set Net Indication Callback called
Bus state is: 0
Set Net Indication Callback called
Bus state is: 0
Set Net Indication Callback called
Bus state is: 0
Set Net Indication Callback called
Bus state is: 0
Set Net Indication Callback called
Bus state is: 0
Set Net Indication Callback called
Bus state is: 0
Set Net Indication Callback called
Bus state is: 0
Set Net Indication Callback called
Bus state is: 0
Set Net Indication Callback called
Bus state is: 0
Set Net Indication Callback called
Bus state is: 0
Set Net Indication Callback called
Bus state is: 0
Set Net Indication Callback called
Bus state is: 0
Set Net Indication Callback called
Bus state is: 0
Set Net Indication Callback called
Bus state is: 0
Set Net Indication Callback called
Bus state is: 0
Set Net Indication Callback called
Bus state is: 0
Set Net Indication Callback called
Bus state is: 0
Set Net Indication Callback called
Bus state is: 0
Set Net Indication Callback called
Bus state is: 0
Set Net Indication Callback called
Bus state is: 0
Set Net Indication Callback called
Bus state is: 0
Set Net Indication Callback called
Bus state is: 0
Set Net Indication Callback called
Bus state is: 0
Set Net Indication Callback called
Bus state is: 0
Set Net Indication Callback called
Bus state is: 0
Set Net Indication Callback called
Bus state is: 0
Set Net Indication Callback called
Bus state is: 0
Set Net Indication Callback called
Bus state is: 0
Set Net Indication Callback called
Bus state is: 0
Set Net Indication Callback called
Bus state is: 0
Set Net Indication Callback called
Bus state is: 0
Set Net Indication Callback called
Bus state is: 0
Set Net Indication Callback called
Bus state is: 0
Set Net Indication Callback called
Bus state is: 0
Set Net Indication Callback called
Bus state is: 0
Set Net Indication Callback called
Bus state is: 0
Set Net Indication Callback called
Bus state is: 0
Set Net Indication Callback called
Bus state is: 0
Set Net Indication Callback called
Bus state is: 0
Set Net Indication Callback called
Bus state is: 0
Set Net Indication Callback called
Bus state is: 0
Set Net Indication Callback called
Bus state is: 0
Set Net Indication Callback called
Bus state is: 0
Set Net Indication Callback called
Bus state is: 0
Set Net Indication Callback called
Bus state is: 0
Set Net Indication Callback called
Bus state is: 0
Set Net Indication Callback called
Bus state is: 0
Set Net Indication Callback called
Bus state is: 0
Set Net Indication Callback called
Bus state is: 0
Set Net Indication Callback called
Bus state is: 0
Set Net Indication Callback called
Bus state is: 0
Set Net Indication Callback called
Bus state is: 0
Set Net Indication Callback called
Bus state is: 0
Set Net Indication Callback called
Bus state is: 0
Set Net Indication Callback called
Bus state is: 0
Set Net Indication Callback called
Bus state is: 0
Set Net Indication Callback called
Bus state is: 0
Set Net Indication Callback called
Bus state is: 0
Set Net Indication Callback called
Bus state is: 0
Set Net Indication Callback called
Bus state is: 0
Set Net Indication Callback called
Bus state is: 0
Set Net Indication Callback called
Bus state is: 0
Set Net Indication Callback called
Bus state is: 0
Set Net Indication Callback called
Bus state is: 0
Set Net Indication Callback called
Bus state is: 0
Set Net Indication Callback called
Bus state is: 0
Set Net Indication Callback called
Bus state is: 0
Set Net Indication Callback called
Bus state is: 0
Set Net Indication Callback called
Bus state is: 0
Set Net Indication Callback called
Bus state is: 0
Set Net Indication Callback called
Bus state is: 0
Set Net Indication Callback called
Bus state is: 0
Set Net Indication Callback called
Bus state is: 0
Set Net Indication Callback called
Bus state is: 0
Set Net Indication Callback called
Bus state is: 0
Set Net Indication Callback called
Bus state is: 0
Set Net Indication Callback called
Bus state is: 0
Set Net Indication Callback called
Bus state is: 0
Set Net Indication Callback called
Bus state is: 0
Set Net Indication Callback called
Bus state is: 0
Set Net Indication Callback called
Bus state is: 0
Set Net Indication Callback called
Bus state is: 0
Set Net Indication Callback called
Bus state is: 0
Set Net Indication Callback called
Bus state is: 0
Set Net Indication Callback called
Bus state is: 0
Set Net Indication Callback called
Bus state is: 0
Set Net Indication Callback called
Bus state is: 0
Set Net Indication Callback called
Bus state is: 0
Set Net Indication Callback called
Bus state is: 0
Set Net Indication Callback called
Bus state is: 0
Set Net Indication Callback called
Bus state is: 0
Set Net Indication Callback called
Bus state is: 0
Set Net Indication Callback called
Bus state is: 0
Set Net Indication Callback called
Bus state is: 0
Set Net Indication Callback called
Bus state is: 0
Set Net Indication Callback called
Bus state is: 0
Set Net Indication Callback called
Bus state is: 0
Set Net Indication Callback called
Bus state is: 0
Set Net Indication Callback called
Bus state is: 0
Set Net Indication Callback called
Bus state is: 0
Set Net Indication Callback called
Bus state is: 0
Set Net Indication Callback called
Bus state is: 0
Set Net Indication Callback called
Bus state is: 0
Set Net Indication Callback called
Bus state is: 0
Set Net Indication Callback called
Bus state is: 0
Set Net Indication Callback called
Bus state is: 0
Set Net Indication Callback called
Bus state is: 0
Set Net Indication Callback called
Bus state is: 0
Set Net Indication Callback called
Bus state is: 0
Set Net Indication Callback called
Bus state is: 0
Set Net Indication Callback called
Bus state is: 0
Set Net Indication Callback called
Bus state is: 0
Set Net Indication Callback called
Bus state is: 0
Set Net Indication Callback called
Bus state is: 0
Set Net Indication Callback called
Bus state is: 0
Set Net Indication Callback called
Bus state is: 0
Set Net Indication Callback called
Bus state is: 0
Set Net Indication Callback called
Bus state is: 0
Set Net Indication Callback called
Bus state is: 0
Set Net Indication Callback called
Bus state is: 0
Set Net Indication Callback called
Bus state is: 0
Set Net Indication Callback called
Bus state is: 0
Set Net Indication Callback called
Bus state is: 0
Set Net Indication Callback called
Bus state is: 0
Set Net Indication Callback called
Bus state is: 0
Set Net Indication Callback called
Bus state is: 0
Set Net Indication Callback called
Bus state is: 0
Set Net Indication Callback called
Bus state is: 0
Set Net Indication Callback called
Bus state is: 0
Set Net Indication Callback called
Bus state is: 0
Set Net Indication Callback called
Bus state is: 0
Set Net Indication Callback called
Bus state is: 0
Set Net Indication Callback called
Bus state is: 0
Set Net Indication Callback called
Bus state is: 0
Set Net Indication Callback called
Bus state is: 0
Set Net Indication Callback called
Bus state is: 0
Set Net Indication Callback called
Bus state is: 0
Set Net Indication Callback called
Bus state is: 0
Set Net Indication Callback called
Bus state is: 0
Set Net Indication Callback called
Bus state is: 0
Set Net Indication Callback called
Bus state is: 0
Set Net Indication Callback called
Bus state is: 0
Set Net Indication Callback called
Bus state is: 0
Set Net Indication Callback called
Bus state is: 0
Set Net Indication Callback called
Bus state is: 0
Set Net Indication Callback called
Bus state is: 0
Set Net Indication Callback called
Bus state is: 0
Set Net Indication Callback called
Bus state is: 0
Set Net Indication Callback called
Bus state is: 0
Set Net Indication Callback called
Bus state is: 0
Set Net Indication Callback called
Bus state is: 0
Set Net Indication Callback called
Bus state is: 0
Set Net Indication Callback called
Bus state is: 0
Set Net Indication Callback called
Bus state is: 0
Set Net Indication Callback called
Bus state is: 0
Set Net Indication Callback called
Bus state is: 0
Set Net Indication Callback called
Bus state is: 0
Set Net Indication Callback called
Bus state is: 0
Set Net Indication Callback called
Bus state is: 0
Set Net Indication Callback called
Bus state is: 0
Set Net Indication Callback called
Bus state is: 0
Set Net Indication Callback called
Bus state is: 0
Set Net Indication Callback called
Bus state is: 0
Set Net Indication Callback called
Bus state is: 0
Set Net Indication Callback called
Bus state is: 0
Set Net Indication Callback called
Bus state is: 0
Set Net Indication Callback called
Bus state is: 0
Set Net Indication Callback called
Bus state is: 0
Set Net Indication Callback called
Bus state is: 0
Set Net Indication Callback called
Bus state is: 0
Set Net Indication Callback called
Bus state is: 0
Set Net Indication Callback called
Bus state is: 0
Set Net Indication Callback called
Bus state is: 0
Set Net Indication Callback called
Bus state is: 0
Set Net Indication Callback called
Bus state is: 0
Set Net Indication Callback called
Bus state is: 0
Set Net Indication Callback called
Bus state is: 0
Set Net Indication Callback called
Bus state is: 0
Set Net Indication Callback called
Bus state is: 0
Set Net Indication Callback called
Bus state is: 0
Set Net Indication Callback called
Bus state is: 0
Set Net Indication Callback called
Bus state is: 0
Set Net Indication Callback called
Bus state is: 0
Set Net Indication Callback called
Bus state is: 0
Set Net Indication Callback called
Bus state is: 0
Set Net Indication Callback called
Bus state is: 0
Set Net Indication Callback called
Bus state is: 0
Set Net Indication Callback called
Bus state is: 0
Set Net Indication Callback called
Bus state is: 0
Set Net Indication Callback called
Bus state is: 0
Set Net Indication Callback called
Bus state is: 0
Set Net Indication Callback called
Bus state is: 0
Set Net Indication Callback called
Bus state is: 0
Set Net Indication Callback called
Bus state is: 0
Set Net Indication Callback called
Bus state is: 0
Set Net Indication Callback called
Bus state is: 0
Set Net Indication Callback called
Bus state is: 0
Set Net Indication Callback called
Bus state is: 0
Set Net Indication Callback called
Bus state is: 0
Set Net Indication Callback called
Bus state is: 0
Set Net Indication Callback called
Bus state is: 0
Set Net Indication Callback called
Bus state is: 0
Set Net Indication Callback called
Bus state is: 0
Set Net Indication Callback called
Bus state is: 0
Set Net Indication Callback called
Bus state is: 0
Set Net Indication Callback called
Bus state is: 0
Set Net Indication Callback called
Bus state is: 0
Set Net Indication Callback called
Bus state is: 0
Set Net Indication Callback called
Bus state is: 0
Set Net Indication Callback called
Bus state is: 0
Set Net Indication Callback called
Bus state is: 0
Set Net Indication Callback called
Bus state is: 0
Set Net Indication Callback called
Bus state is: 0
Set Net Indication Callback called
Bus state is: 0
Set Net Indication Callback called
Bus state is: 0
Set Net Indication Callback called
Bus state is: 0
Set Net Indication Callback called
Bus state is: 0
Set Net Indication Callback called
Bus state is: 0
Set Net Indication Callback called
Bus state is: 0
Set Net Indication Callback called
Bus state is: 0
Set Net Indication Callback called
Bus state is: 0
Set Net Indication Callback called
Bus state is: 0
Set Net Indication Callback called
Bus state is: 0
Set Net Indication Callback called
Bus state is: 0
Set Net Indication Callback called
Bus state is: 0
Set Net Indication Callback called
Bus state is: 0
Set Net Indication Callback called
Bus state is: 0
Set Net Indication Callback called
Bus state is: 0
Set Net Indication Callback called
Bus state is: 0
Set Net Indication Callback called
Bus state is: 0
Set Net Indication Callback called
Bus state is: 0
Set Net Indication Callback called
Bus state is: 0
Set Net Indication Callback called
Bus state is: 0
Set Net Indication Callback called
Bus state is: 0
Set Net Indication Callback called
Bus state is: 0
Set Net Indication Callback called
Bus state is: 0
Set Net Indication Callback called
Bus state is: 0
Set Net Indication Callback called
Bus state is: 0
Set Net Indication Callback called
Bus state is: 0
Set Net Indication Callback called
Bus state is: 0
Set Net Indication Callback called
Bus state is: 0
Set Net Indication Callback called
Bus state is: 0
Set Net Indication Callback called
Bus state is: 0
Set Net Indication Callback called
Bus state is: 0
Set Net Indication Callback called
Bus state is: 0
Set Net Indication Callback called
Bus state is: 0
Set Net Indication Callback called
Bus state is: 0
Set Net Indication Callback called
Bus state is: 0
Set Net Indication Callback called
Bus state is: 0
Set Net Indication Callback called
Bus state is: 0
Set Net Indication Callback called
Bus state is: 0
Set Net Indication Callback called
Bus state is: 0
Set Net Indication Callback called
Bus state is: 0
Set Net Indication Callback called
Bus state is: 0
Set Net Indication Callback called
Bus state is: 0
Set Net Indication Callback called
Bus state is: 0
Set Net Indication Callback called
Bus state is: 0
Set Net Indication Callback called
Bus state is: 0
Set Net Indication Callback called
Bus state is: 0
Set Net Indication Callback called
Bus state is: 0
Set Net Indication Callback called
Bus state is: 0
Set Net Indication Callback called
Bus state is: 0
Set Net Indication Callback called
Bus state is: 0
Set Net Indication Callback called
Bus state is: 0
Set Net Indication Callback called
Bus state is: 0
Set Net Indication Callback called
Bus state is: 0
Set Net Indication Callback called
Bus state is: 0
Set Net Indication Callback called
Bus state is: 0
Set Net Indication Callback called
Bus state is: 0
Set Net Indication Callback called
Bus state is: 0
Set Net Indication Callback called
Bus state is: 0
Set Net Indication Callback called
Bus state is: 0
Set Net Indication Callback called
Bus state is: 0
Set Net Indication Callback called
Bus state is: 0
Set Net Indication Callback called
Bus state is: 0
Set Net Indication Callback called
Bus state is: 0
Set Net Indication Callback called
Bus state is: 0
Set Net Indication Callback called
Bus state is: 0
Set Net Indication Callback called
Bus state is: 0
Set Net Indication Callback called
Bus state is: 0
Set Net Indication Callback called
Bus state is: 0
Set Net Indication Callback called
Bus state is: 0
Set Net Indication Callback called
Bus state is: 0
Set Net Indication Callback called
Bus state is: 0
Set Net Indication Callback called
Bus state is: 0
Set Net Indication Callback called
Bus state is: 0
Set Net Indication Callback called
Bus state is: 0
Set Net Indication Callback called
Bus state is: 0
Set Net Indication Callback called
Bus state is: 0
Set Net Indication Callback called
Bus state is: 0
Set Net Indication Callback called
Bus state is: 0
Set Net Indication Callback called
Bus state is: 0
Set Net Indication Callback called
Bus state is: 0
Set Net Indication Callback called
Bus state is: 0
Set Net Indication Callback called
Bus state is: 0
Set Net Indication Callback called
Bus state is: 0
Set Net Indication Callback called
Bus state is: 0
Set Net Indication Callback called
Bus state is: 0
Set Net Indication Callback called
Bus state is: 0
Set Net Indication Callback called
Bus state is: 0
Set Net Indication Callback called
Bus state is: 0
Set Net Indication Callback called
Bus state is: 0
Set Net Indication Callback called
Bus state is: 0
Set Net Indication Callback called
Bus state is: 0
Set Net Indication Callback called
Bus state is: 0
Set Net Indication Callback called
Bus state is: 0
Set Net Indication Callback called
Bus state is: 0
Set Net Indication Callback called
Bus state is: 0
Set Net Indication Callback called
Bus state is: 0
Set Net Indication Callback called
Bus state is: 0
Set Net Indication Callback called
Bus state is: 0
Set Net Indication Callback called
Bus state is: 0
Set Net Indication Callback called
Bus state is: 0
Set Net Indication Callback called
Bus state is: 0
Set Net Indication Callback called
Bus state is: 0
Set Net Indication Callback called
Bus state is: 0
Set Net Indication Callback called
Bus state is: 0
Set Net Indication Callback called
Bus state is: 0
Set Net Indication Callback called
Bus state is: 0
Set Net Indication Callback called
Bus state is: 0
Set Net Indication Callback called
Bus state is: 0
Set Net Indication Callback called
Bus state is: 0
Set Net Indication Callback called
Bus state is: 0
Set Net Indication Callback called
Bus state is: 0
Set Net Indication Callback called
Bus state is: 0
Set Net Indication Callback called
Bus state is: 0
Set Net Indication Callback called
Bus state is: 0
Set Net Indication Callback called
Bus state is: 0
Set Net Indication Callback called
Bus state is: 0
Set Net Indication Callback called
Bus state is: 0
Set Net Indication Callback called
Bus state is: 0
Set Net Indication Callback called
Bus state is: 0
Set Net Indication Callback called
Bus state is: 0
Set Net Indication Callback called
Bus state is: 0
Set Net Indication Callback called
Bus state is: 0
Set Net Indication Callback called
Bus state is: 0
Set Net Indication Callback called
Bus state is: 0
Set Net Indication Callback called
Bus state is: 0
Set Net Indication Callback called
Bus state is: 0
Set Net Indication Callback called
Bus state is: 0
Set Net Indication Callback called
Bus state is: 0
Set Net Indication Callback called
Bus state is: 0
Set Net Indication Callback called
Bus state is: 0
Set Net Indication Callback called
Bus state is: 0
Set Net Indication Callback called
Bus state is: 0
Set Net Indication Callback called
Bus state is: 0
Set Net Indication Callback called
Bus state is: 0
Set Net Indication Callback called
Bus state is: 0
Set Net Indication Callback called
Bus state is: 0
Set Net Indication Callback called
Bus state is: 0
Set Net Indication Callback called
Bus state is: 0
Set Net Indication Callback called
Bus state is: 0
Set Net Indication Callback called
Bus state is: 0
Set Net Indication Callback called
Bus state is: 0
Set Net Indication Callback called
Bus state is: 0
Set Net Indication Callback called
Bus state is: 0
Set Net Indication Callback called
Bus state is: 0
Set Net Indication Callback called
Bus state is: 0
Set Net Indication Callback called
Bus state is: 0
Set Net Indication Callback called
Bus state is: 0
Set Net Indication Callback called
Bus state is: 0
Set Net Indication Callback called
Bus state is: 0
Set Net Indication Callback called
Bus state is: 0
Set Net Indication Callback called
Bus state is: 0
Set Net Indication Callback called
Bus state is: 0
Set Net Indication Callback called
Bus state is: 0
Set Net Indication Callback called
Bus state is: 0
Set Net Indication Callback called
Bus state is: 0
Set Net Indication Callback called
Bus state is: 0
Set Net Indication Callback called
Bus state is: 0
Set Net Indication Callback called
Bus state is: 0
Set Net Indication Callback called
Bus state is: 0
Set Net Indication Callback called
Bus state is: 0
Set Net Indication Callback called
Bus state is: 0
Set Net Indication Callback called
Bus state is: 0
Set Net Indication Callback called
Bus state is: 0
Set Net Indication Callback called
Bus state is: 0
Set Net Indication Callback called
Bus state is: 0
Set Net Indication Callback called
Bus state is: 0
Set Net Indication Callback called
Bus state is: 0
Set Net Indication Callback called
Bus state is: 0
Set Net Indication Callback called
Bus state is: 0
Set Net Indication Callback called
Bus state is: 0
Set Net Indication Callback called
Bus state is: 0
Set Net Indication Callback called
Bus state is: 0
Set Net Indication Callback called
Bus state is: 0
Set Net Indication Callback called
Bus state is: 0
Set Net Indication Callback called
Bus state is: 0
Set Net Indication Callback called
Bus state is: 0
Set Net Indication Callback called
Bus state is: 0
Set Net Indication Callback called
Bus state is: 0
Set Net Indication Callback called
Bus state is: 0
Set Net Indication Callback called
Bus state is: 0
Set Net Indication Callback called
Bus state is: 0
Set Net Indication Callback called
Bus state is: 0
Set Net Indication Callback called
Bus state is: 0
Set Net Indication Callback called
Bus state is: 0
Set Net Indication Callback called
Bus state is: 0
Set Net Indication Callback called
Bus state is: 0
Set Net Indication Callback called
Bus state is: 0
Set Net Indication Callback called
Bus state is: 0
Set Net Indication Callback called
Bus state is: 0
Set Net Indication Callback called
Bus state is: 0
Set Net Indication Callback called
Bus state is: 0
Set Net Indication Callback called
Bus state is: 0
Set Net Indication Callback called
Bus state is: 0
Set Net Indication Callback called
Bus state is: 0
Set Net Indication Callback called
Bus state is: 0
Set Net Indication Callback called
Bus state is: 0
Set Net Indication Callback called
Bus state is: 0
Set Net Indication Callback called
Bus state is: 0
Set Net Indication Callback called
Bus state is: 0
Set Net Indication Callback called
Bus state is: 0
Set Net Indication Callback called
Bus state is: 0
Set Net Indication Callback called
Bus state is: 0
Set Net Indication Callback called
Bus state is: 0
Set Net Indication Callback called
Bus state is: 0
Set Net Indication Callback called
Bus state is: 0
Set Net Indication Callback called
Bus state is: 0
Set Net Indication Callback called
Bus state is: 0
Set Net Indication Callback called
Bus state is: 0
Set Net Indication Callback called
Bus state is: 0
Set Net Indication Callback called
Bus state is: 0
Set Net Indication Callback called
Bus state is: 0
Set Net Indication Callback called
Bus state is: 0
Set Net Indication Callback called
Bus state is: 0
Set Net Indication Callback called
Bus state is: 0
Set Net Indication Callback called
Bus state is: 0
Set Net Indication Callback called
Bus state is: 0
Set Net Indication Callback called
Bus state is: 0
Set Net Indication Callback called
Bus state is: 0
Set Net Indication Callback called
Bus state is: 0
Set Net Indication Callback called
Bus state is: 0
Set Net Indication Callback called
Bus state is: 0
Set Net Indication Callback called
Bus state is: 0
Set Net Indication Callback called
Bus state is: 0
Set Net Indication Callback called
Bus state is: 0
Set Net Indication Callback called
Bus state is: 0
Set Net Indication Callback called
Bus state is: 0
Set Net Indication Callback called
Bus state is: 0
Set Net Indication Callback called
Bus state is: 0
Set Net Indication Callback called
Bus state is: 0
Set Net Indication Callback called
Bus state is: 0
Set Net Indication Callback called
Bus state is: 0
Set Net Indication Callback called
Bus state is: 0
Set Net Indication Callback called
Bus state is: 0
Set Net Indication Callback called
Bus state is: 0
Set Net Indication Callback called
Bus state is: 0
Set Net Indication Callback called
Bus state is: 0
Set Net Indication Callback called
Bus state is: 0
Set Net Indication Callback called
Bus state is: 0
Set Net Indication Callback called
Bus state is: 0
Set Net Indication Callback called
Bus state is: 0
Set Net Indication Callback called
Bus state is: 0
Set Net Indication Callback called
Bus state is: 0
Set Net Indication Callback called
Bus state is: 0
Set Net Indication Callback called
Bus state is: 0
Set Net Indication Callback called
Bus state is: 0
Set Net Indication Callback called
Bus state is: 0
Set Net Indication Callback called
Bus state is: 0
Set Net Indication Callback called
Bus state is: 0
Set Net Indication Callback called
Bus state is: 0
Set Net Indication Callback called
Bus state is: 0
Set Net Indication Callback called
Bus state is: 0
Set Net Indication Callback called
Bus state is: 0
Set Net Indication Callback called
Bus state is: 0
Set Net Indication Callback called
Bus state is: 0
Set Net Indication Callback called
Bus state is: 0
Set Net Indication Callback called
Bus state is: 0
Set Net Indication Callback called
Bus state is: 0
Set Net Indication Callback called
Bus state is: 0
Set Net Indication Callback called
Bus state is: 0
Set Net Indication Callback called
Bus state is: 0
Set Net Indication Callback called
Bus state is: 0
Set Net Indication Callback called
Bus state is: 0
Set Net Indication Callback called
Bus state is: 0
Set Net Indication Callback called
Bus state is: 0
Set Net Indication Callback called
Bus state is: 0
Set Net Indication Callback called
Bus state is: 0
Set Net Indication Callback called
Bus state is: 0
Set Net Indication Callback called
Bus state is: 0
Set Net Indication Callback called
Bus state is: 0
Set Net Indication Callback called
Bus state is: 0
Set Net Indication Callback called
Bus state is: 0
Set Net Indication Callback called
Bus state is: 0
Set Net Indication Callback called
Bus state is: 0
Set Net Indication Callback called
Bus state is: 0
Set Net Indication Callback called
Bus state is: 0
Set Net Indication Callback called
Bus state is: 0
Set Net Indication Callback called
Bus state is: 0
Set Net Indication Callback called
Bus state is: 0
Set Net Indication Callback called
Bus state is: 0
Set Net Indication Callback called
Bus state is: 0
Set Net Indication Callback called
Bus state is: 0
Set Net Indication Callback called
Bus state is: 0
Set Net Indication Callback called
Bus state is: 0
Set Net Indication Callback called
Bus state is: 0
Set Net Indication Callback called
Bus state is: 0
Set Net Indication Callback called
Bus state is: 0
Set Net Indication Callback called
Bus state is: 0
Set Net Indication Callback called
Bus state is: 0
Set Net Indication Callback called
Bus state is: 0
Set Net Indication Callback called
Bus state is: 0
Set Net Indication Callback called
Bus state is: 0
Set Net Indication Callback called
Bus state is: 0
Set Net Indication Callback called
Bus state is: 0
Set Net Indication Callback called
Bus state is: 0
Set Net Indication Callback called
Bus state is: 0
Set Net Indication Callback called
Bus state is: 0
Set Net Indication Callback called
Bus state is: 0
Set Net Indication Callback called
Bus state is: 0
Set Net Indication Callback called
Bus state is: 0
Set Net Indication Callback called
Bus state is: 0
Set Net Indication Callback called
Bus state is: 0
Set Net Indication Callback called
Bus state is: 0
Set Net Indication Callback called
Bus state is: 0
Set Net Indication Callback called
Bus state is: 0
Set Net Indication Callback called
Bus state is: 0
Set Net Indication Callback called
Bus state is: 0
Set Net Indication Callback called
Bus state is: 0
Set Net Indication Callback called
Bus state is: 0
Set Net Indication Callback called
Bus state is: 0
Set Net Indication Callback called
Bus state is: 0
Set Net Indication Callback called
Bus state is: 0
Set Net Indication Callback called
Bus state is: 0
Set Net Indication Callback called
Bus state is: 0
Set Net Indication Callback called
Bus state is: 0
Set Net Indication Callback called
Bus state is: 0
Set Net Indication Callback called
Bus state is: 0
Set Net Indication Callback called
Bus state is: 0
Set Net Indication Callback called
Bus state is: 0
Set Net Indication Callback called
Bus state is: 0
Set Net Indication Callback called
Bus state is: 0
Set Net Indication Callback called
Bus state is: 0
Set Net Indication Callback called
Bus state is: 0
Set Net Indication Callback called
Bus state is: 0
Set Net Indication Callback called
Bus state is: 0
Set Net Indication Callback called
Bus state is: 0
Set Net Indication Callback called
Bus state is: 0
Set Net Indication Callback called
Bus state is: 0
Set Net Indication Callback called
Bus state is: 0
Set Net Indication Callback called
Bus state is: 0
Set Net Indication Callback called
Bus state is: 0
Set Net Indication Callback called
Bus state is: 0
Set Net Indication Callback called
Bus state is: 0
Set Net Indication Callback called
Bus state is: 0
Set Net Indication Callback called
Bus state is: 0
Set Net Indication Callback called
Bus state is: 0
Set Net Indication Callback called
Bus state is: 0
Set Net Indication Callback called
Bus state is: 0
Set Net Indication Callback called
Bus state is: 0
Set Net Indication Callback called
Bus state is: 0
Set Net Indication Callback called
Bus state is: 0
Set Net Indication Callback called
Bus state is: 0
Set Net Indication Callback called
Bus state is: 0
Set Net Indication Callback called
Bus state is: 0
Set Net Indication Callback called
Bus state is: 0
Set Net Indication Callback called
Bus state is: 0
Set Net Indication Callback called
Bus state is: 0
Set Net Indication Callback called
Bus state is: 0
Set Net Indication Callback called
Bus state is: 0
Set Net Indication Callback called
Bus state is: 0
Set Net Indication Callback called
Bus state is: 0
Set Net Indication Callback called
Bus state is: 0
Set Net Indication Callback called
Bus state is: 0
Set Net Indication Callback called
Bus state is: 0
Set Net Indication Callback called
Bus state is: 0
Set Net Indication Callback called
Bus state is: 0
Set Net Indication Callback called
Bus state is: 0
Set Net Indication Callback called
Bus state is: 0
Set Net Indication Callback called
Bus state is: 0
Set Net Indication Callback called
Bus state is: 0
Set Net Indication Callback called
Bus state is: 0
Set Net Indication Callback called
Bus state is: 0
Set Net Indication Callback called
Bus state is: 0
Set Net Indication Callback called
Bus state is: 0
Set Net Indication Callback called
Bus state is: 0
Set Net Indication Callback called
Bus state is: 0
Set Net Indication Callback called
Bus state is: 0
Set Net Indication Callback called
Bus state is: 0
Set Net Indication Callback called
Bus state is: 0
Set Net Indication Callback called
Bus state is: 0
Set Net Indication Callback called
Bus state is: 0
Set Net Indication Callback called
Bus state is: 0
Set Net Indication Callback called
Bus state is: 0
Set Net Indication Callback called
Bus state is: 0
Set Net Indication Callback called
Bus state is: 0
Set Net Indication Callback called
Bus state is: 0
Set Net Indication Callback called
Bus state is: 0
Set Net Indication Callback called
Bus state is: 0
Set Net Indication Callback called
Bus state is: 0
Set Net Indication Callback called
Bus state is: 0
Set Net Indication Callback called
Bus state is: 0
Set Net Indication Callback called
Bus state is: 0
Set Net Indication Callback called
Bus state is: 0
Set Net Indication Callback called
Bus state is: 0
Set Net Indication Callback called
Bus state is: 0
Set Net Indication Callback called
Bus state is: 0
Set Net Indication Callback called
Bus state is: 0
Set Net Indication Callback called
Bus state is: 0
Set Net Indication Callback called
Bus state is: 0
Set Net Indication Callback called
Bus state is: 0
Set Net Indication Callback called
Bus state is: 0
Set Net Indication Callback called
Bus state is: 0
Set Net Indication Callback called
Bus state is: 0
Set Net Indication Callback called
Bus state is: 0
Set Net Indication Callback called
Bus state is: 0
Set Net Indication Callback called
Bus state is: 0
Set Net Indication Callback called
Bus state is: 0
Set Net Indication Callback called
Bus state is: 0
Set Net Indication Callback called
Bus state is: 0
Set Net Indication Callback called
Bus state is: 0
Set Net Indication Callback called
Bus state is: 0
Set Net Indication Callback called
Bus state is: 0
Set Net Indication Callback called
Bus state is: 0
Set Net Indication Callback called
Bus state is: 0
Set Net Indication Callback called
Bus state is: 0
Set Net Indication Callback called
Bus state is: 0
Set Net Indication Callback called
Bus state is: 0
Set Net Indication Callback called
Bus state is: 0
Set Net Indication Callback called
Bus state is: 0
Set Net Indication Callback called
Bus state is: 0
Set Net Indication Callback called
Bus state is: 0
Set Net Indication Callback called
Bus state is: 0
Set Net Indication Callback called
Bus state is: 0
Set Net Indication Callback called
Bus state is: 0
Set Net Indication Callback called
Bus state is: 0
Set Net Indication Callback called
Bus state is: 0
Set Net Indication Callback called
Bus state is: 0
Set Net Indication Callback called
Bus state is: 0
Set Net Indication Callback called
Bus state is: 0
Set Net Indication Callback called
Bus state is: 0
Set Net Indication Callback called
Bus state is: 0
Set Net Indication Callback called
Bus state is: 0
Set Net Indication Callback called
Bus state is: 0
Set Net Indication Callback called
Bus state is: 0
Set Net Indication Callback called
Bus state is: 0
Set Net Indication Callback called
Bus state is: 0
Set Net Indication Callback called
Bus state is: 0
Set Net Indication Callback called
Bus state is: 0
Set Net Indication Callback called
Bus state is: 0
Set Net Indication Callback called
Bus state is: 0
Set Net Indication Callback called
Bus state is: 0
Set Net Indication Callback called
Bus state is: 0
Set Net Indication Callback called
Bus state is: 0
Set Net Indication Callback called
Bus state is: 0
Set Net Indication Callback called
Bus state is: 0
Set Net Indication Callback called
Bus state is: 0
Set Net Indication Callback called
Bus state is: 0
Set Net Indication Callback called
Bus state is: 0
Set Net Indication Callback called
Bus state is: 0
Set Net Indication Callback called
Bus state is: 0
Set Net Indication Callback called
Bus state is: 0
Set Net Indication Callback called
Bus state is: 0
Set Net Indication Callback called
Bus state is: 0
Set Net Indication Callback called
Bus state is: 0
Set Net Indication Callback called
Bus state is: 0
Set Net Indication Callback called
Bus state is: 0
Set Net Indication Callback called
Bus state is: 0
Set Net Indication Callback called
Bus state is: 0
Set Net Indication Callback called
Bus state is: 0
Set Net Indication Callback called
Bus state is: 0
Set Net Indication Callback called
Bus state is: 0
Set Net Indication Callback called
Bus state is: 0
Set Net Indication Callback called
Bus state is: 0
Set Net Indication Callback called
Bus state is: 0
Set Net Indication Callback called
Bus state is: 0
Set Net Indication Callback called
Bus state is: 0
Set Net Indication Callback called
Bus state is: 0
Set Net Indication Callback called
Bus state is: 0
Set Net Indication Callback called
Bus state is: 0
Set Net Indication Callback called
Bus state is: 0
Set Net Indication Callback called
Bus state is: 0
Set Net Indication Callback called
Bus state is: 0
Set Net Indication Callback called
Bus state is: 0
Set Net Indication Callback called
Bus state is: 0
Set Net Indication Callback called
Bus state is: 0
Set Net Indication Callback called
Bus state is: 0
Set Net Indication Callback called
Bus state is: 0
Set Net Indication Callback called
Bus state is: 0
Set Net Indication Callback called
Bus state is: 0
Set Net Indication Callback called
Bus state is: 0
Set Net Indication Callback called
Bus state is: 0
Set Net Indication Callback called
Bus state is: 0
Set Net Indication Callback called
Bus state is: 0
Set Net Indication Callback called
Bus state is: 0
Set Net Indication Callback called
Bus state is: 0
Set Net Indication Callback called
Bus state is: 0
Set Net Indication Callback called
Bus state is: 0
Set Net Indication Callback called
Bus state is: 0
Set Net Indication Callback called
Bus state is: 0
Set Net Indication Callback called
Bus state is: 0
Set Net Indication Callback called
Bus state is: 0
Set Net Indication Callback called
Bus state is: 0
Set Net Indication Callback called
Bus state is: 0
Set Net Indication Callback called
Bus state is: 0
Set Net Indication Callback called
Bus state is: 0
Set Net Indication Callback called
Bus state is: 0
Set Net Indication Callback called
Bus state is: 0
Set Net Indication Callback called
Bus state is: 0
Set Net Indication Callback called
Bus state is: 0
Set Net Indication Callback called
Bus state is: 0
Set Net Indication Callback called
Bus state is: 0
Set Net Indication Callback called
Bus state is: 0
Set Net Indication Callback called
Bus state is: 0
Set Net Indication Callback called
Bus state is: 0
Set Net Indication Callback called
Bus state is: 0
Set Net Indication Callback called
Bus state is: 0
Set Net Indication Callback called
Bus state is: 0
Set Net Indication Callback called
Bus state is: 0
Set Net Indication Callback called
Bus state is: 0
Set Net Indication Callback called
Bus state is: 0
Set Net Indication Callback called
Bus state is: 0
Set Net Indication Callback called
Bus state is: 0
Set Net Indication Callback called
Bus state is: 0
Set Net Indication Callback called
Bus state is: 0
Set Net Indication Callback called
Bus state is: 0
Set Net Indication Callback called
Bus state is: 0
Set Net Indication Callback called
Bus state is: 0
Set Net Indication Callback called
Bus state is: 0
Set Net Indication Callback called
Bus state is: 0
Set Net Indication Callback called
Bus state is: 0
Set Net Indication Callback called
Bus state is: 0
Set Net Indication Callback called
Bus state is: 0
Set Net Indication Callback called
Bus state is: 0
Set Net Indication Callback called
Bus state is: 0
Set Net Indication Callback called
Bus state is: 0
Set Net Indication Callback called
Bus state is: 0
Set Net Indication Callback called
Bus state is: 0
Set Net Indication Callback called
Bus state is: 0
Set Net Indication Callback called
Bus state is: 0
Set Net Indication Callback called
Bus state is: 0
Set Net Indication Callback called
Bus state is: 0
Set Net Indication Callback called
Bus state is: 0
Set Net Indication Callback called
Bus state is: 0
Set Net Indication Callback called
Bus state is: 0
Set Net Indication Callback called
Bus state is: 0
Set Net Indication Callback called
Bus state is: 0
Set Net Indication Callback called
Bus state is: 0
Set Net Indication Callback called
Bus state is: 0
Set Net Indication Callback called
Bus state is: 0
Set Net Indication Callback called
Bus state is: 0
Set Net Indication Callback called
Bus state is: 0
Set Net Indication Callback called
Bus state is: 0
Set Net Indication Callback called
Bus state is: 0
Set Net Indication Callback called
Bus state is: 0
Set Net Indication Callback called
Bus state is: 0
Set Net Indication Callback called
Bus state is: 0
Set Net Indication Callback called
Bus state is: 0
Set Net Indication Callback called
Bus state is: 0
Set Net Indication Callback called
Bus state is: 0
Set Net Indication Callback called
Bus state is: 0
Set Net Indication Callback called
Bus state is: 0
Set Net Indication Callback called
Bus state is: 0
Set Net Indication Callback called
Bus state is: 0
Set Net Indication Callback called
Bus state is: 0
Set Net Indication Callback called
Bus state is: 0
Set Net Indication Callback called
Bus state is: 0
Set Net Indication Callback called
Bus state is: 0
Set Net Indication Callback called
Bus state is: 0
Set Net Indication Callback called
Bus state is: 0
Set Net Indication Callback called
Bus state is: 0
Set Net Indication Callback called
Bus state is: 0
Set Net Indication Callback called
Bus state is: 0
Set Net Indication Callback called
Bus state is: 0
Set Net Indication Callback called
Bus state is: 0
Set Net Indication Callback called
Bus state is: 0
Set Net Indication Callback called
Bus state is: 0
Set Net Indication Callback called
Bus state is: 0
Set Net Indication Callback called
Bus state is: 0
Set Net Indication Callback called
Bus state is: 0
Set Net Indication Callback called
Bus state is: 0
Set Net Indication Callback called
Bus state is: 0
Set Net Indication Callback called
Bus state is: 0
Set Net Indication Callback called
Bus state is: 0
Set Net Indication Callback called
Bus state is: 0
Set Net Indication Callback called
Bus state is: 0
Set Net Indication Callback called
Bus state is: 0
Set Net Indication Callback called
Bus state is: 0
Set Net Indication Callback called
Bus state is: 0
Set Net Indication Callback called
Bus state is: 0
Set Net Indication Callback called
Bus state is: 0
Set Net Indication Callback called
Bus state is: 0
Set Net Indication Callback called
Bus state is: 0
Set Net Indication Callback called
Bus state is: 0
Set Net Indication Callback called
Bus state is: 0
Set Net Indication Callback called
Bus state is: 0
Set Net Indication Callback called
Bus state is: 0
Set Net Indication Callback called
Bus state is: 0
Set Net Indication Callback called
Bus state is: 0
Set Net Indication Callback called
Bus state is: 0
Set Net Indication Callback called
Bus state is: 0
Set Net Indication Callback called
Bus state is: 0
Set Net Indication Callback called
Bus state is: 0
Set Net Indication Callback called
Bus state is: 0
Set Net Indication Callback called
Bus state is: 0
Set Net Indication Callback called
Bus state is: 0
Set Net Indication Callback called
Bus state is: 0
Set Net Indication Callback called
Bus state is: 0
Set Net Indication Callback called
Bus state is: 0
Set Net Indication Callback called
Bus state is: 0
Set Net Indication Callback called
Bus state is: 0
Set Net Indication Callback called
Bus state is: 0
Set Net Indication Callback called
Bus state is: 0
Set Net Indication Callback called
Bus state is: 0
Set Net Indication Callback called
Bus state is: 0
Set Net Indication Callback called
Bus state is: 0
Set Net Indication Callback called
Bus state is: 0
Set Net Indication Callback called
Bus state is: 0
Set Net Indication Callback called
Bus state is: 0
Set Net Indication Callback called
Bus state is: 0
Set Net Indication Callback called
Bus state is: 0
Set Net Indication Callback called
Bus state is: 0
Set Net Indication Callback called
Bus state is: 0
Set Net Indication Callback called
Bus state is: 0
Set Net Indication Callback called
Bus state is: 0
Set Net Indication Callback called
Bus state is: 0
Set Net Indication Callback called
Bus state is: 0
Set Net Indication Callback called
Bus state is: 0
Set Net Indication Callback called
Bus state is: 0
Set Net Indication Callback called
Bus state is: 0
Set Net Indication Callback called
Bus state is: 0
Set Net Indication Callback called
Bus state is: 0
Set Net Indication Callback called
Bus state is: 0
Set Net Indication Callback called
Bus state is: 0
Set Net Indication Callback called
Bus state is: 0
Set Net Indication Callback called
Bus state is: 0
Set Net Indication Callback called
Bus state is: 0
Set Net Indication Callback called
Bus state is: 0
Set Net Indication Callback called
Bus state is: 0
Set Net Indication Callback called
Bus state is: 0
Set Net Indication Callback called
Bus state is: 0
Set Net Indication Callback called
Bus state is: 0
Set Net Indication Callback called
Bus state is: 0
Set Net Indication Callback called
Bus state is: 0
Set Net Indication Callback called
Bus state is: 0
Set Net Indication Callback called
Bus state is: 0
Set Net Indication Callback called
Bus state is: 0
Set Net Indication Callback called
Bus state is: 0
Set Net Indication Callback called
Bus state is: 0
Set Net Indication Callback called
Bus state is: 0
Set Net Indication Callback called
Bus state is: 0
Set Net Indication Callback called
Bus state is: 0
Set Net Indication Callback called
Bus state is: 0
Set Net Indication Callback called
Bus state is: 0
Set Net Indication Callback called
Bus state is: 0
Set Net Indication Callback called
Bus state is: 0
Set Net Indication Callback called
Bus state is: 0
Set Net Indication Callback called
Bus state is: 0
Set Net Indication Callback called
Bus state is: 0
Set Net Indication Callback called
Bus state is: 0
Set Net Indication Callback called
Bus state is: 0
Set Net Indication Callback called
Bus state is: 0
Set Net Indication Callback called
Bus state is: 0
Set Net Indication Callback called
Bus state is: 0
Set Net Indication Callback called
Bus state is: 0
Set Net Indication Callback called
Bus state is: 0
Set Net Indication Callback called
Bus state is: 0
Set Net Indication Callback called
Bus state is: 0
Set Net Indication Callback called
Bus state is: 0
Set Net Indication Callback called
Bus state is: 0
Set Net Indication Callback called
Bus state is: 0
Set Net Indication Callback called
Bus state is: 0
Set Net Indication Callback called
Bus state is: 0
Set Net Indication Callback called
Bus state is: 0
Set Net Indication Callback called
Bus state is: 0
Set Net Indication Callback called
Bus state is: 0
Set Net Indication Callback called
Bus state is: 0
Set Net Indication Callback called
Bus state is: 0
Set Net Indication Callback called
Bus state is: 0
Set Net Indication Callback called
Bus state is: 0
Set Net Indication Callback called
Bus state is: 0
Set Net Indication Callback called
Bus state is: 0
Set Net Indication Callback called
Bus state is: 0
Set Net Indication Callback called
Bus state is: 0
Set Net Indication Callback called
Bus state is: 0
Set Net Indication Callback called
Bus state is: 0
Set Net Indication Callback called
Bus state is: 0
Set Net Indication Callback called
Bus state is: 0
Set Net Indication Callback called
Bus state is: 0
Set Net Indication Callback called
Bus state is: 0
Set Net Indication Callback called
Bus state is: 0
Set Net Indication Callback called
Bus state is: 0
Set Net Indication Callback called
Bus state is: 0
Set Net Indication Callback called
Bus state is: 0
Set Net Indication Callback called
Bus state is: 0
Set Net Indication Callback called
Bus state is: 0
Set Net Indication Callback called
Bus state is: 0
Set Net Indication Callback called
Bus state is: 0
Set Net Indication Callback called
Bus state is: 0
Set Net Indication Callback called
Bus state is: 0
Set Net Indication Callback called
Bus state is: 0
Set Net Indication Callback called
Bus state is: 0
Set Net Indication Callback called
Bus state is: 0
Set Net Indication Callback called
Bus state is: 0
Set Net Indication Callback called
Bus state is: 0
Set Net Indication Callback called
Bus state is: 0
Set Net Indication Callback called
Bus state is: 0
Set Net Indication Callback called
Bus state is: 0
Set Net Indication Callback called
Bus state is: 0
Set Net Indication Callback called
Bus state is: 0
Set Net Indication Callback called
Bus state is: 0
Set Net Indication Callback called
Bus state is: 0
Set Net Indication Callback called
Bus state is: 0
Set Net Indication Callback called
Bus state is: 0
Set Net Indication Callback called
Bus state is: 0
Set Net Indication Callback called
Bus state is: 0
Set Net Indication Callback called
Bus state is: 0
Set Net Indication Callback called
Bus state is: 0
Set Net Indication Callback called
Bus state is: 0
Set Net Indication Callback called
Bus state is: 0
Set Net Indication Callback called
Bus state is: 0
Set Net Indication Callback called
Bus state is: 0
Set Net Indication Callback called
Bus state is: 0
Set Net Indication Callback called
Bus state is: 0
Set Net Indication Callback called
Bus state is: 0
Set Net Indication Callback called
Bus state is: 0
Set Net Indication Callback called
Bus state is: 0
Set Net Indication Callback called
Bus state is: 0
Set Net Indication Callback called
Bus state is: 0
Set Net Indication Callback called
Bus state is: 0
Set Net Indication Callback called
Bus state is: 0
Set Net Indication Callback called
Bus state is: 0
Set Net Indication Callback called
Bus state is: 0
Set Net Indication Callback called
Bus state is: 0
Set Net Indication Callback called
Bus state is: 0
Set Net Indication Callback called
Bus state is: 0
Set Net Indication Callback called
Bus state is: 0
Set Net Indication Callback called
Bus state is: 0
Set Net Indication Callback called
Bus state is: 0
Set Net Indication Callback called
Bus state is: 0
Set Net Indication Callback called
Bus state is: 0
Set Net Indication Callback called
Bus state is: 0
Set Net Indication Callback called
Bus state is: 0
Set Net Indication Callback called
Bus state is: 0
Set Net Indication Callback called
Bus state is: 0
Set Net Indication Callback called
Bus state is: 0
Set Net Indication Callback called
Bus state is: 0
Set Net Indication Callback called
Bus state is: 0
Set Net Indication Callback called
Bus state is: 0
Set Net Indication Callback called
Bus state is: 0
Set Net Indication Callback called
Bus state is: 0
Set Net Indication Callback called
Bus state is: 0
Set Net Indication Callback called
Bus state is: 0
Set Net Indication Callback called
Bus state is: 0
Set Net Indication Callback called
Bus state is: 0
Set Net Indication Callback called
Bus state is: 0
Set Net Indication Callback called
Bus state is: 0
Set Net Indication Callback called
Bus state is: 0
Set Net Indication Callback called
Bus state is: 0
Set Net Indication Callback called
Bus state is: 0
Set Net Indication Callback called
Bus state is: 0
Set Net Indication Callback called
Bus state is: 0
Set Net Indication Callback called
Bus state is: 0
Set Net Indication Callback called
Bus state is: 0
Set Net Indication Callback called
Bus state is: 0
Set Net Indication Callback called
Bus state is: 0
Set Net Indication Callback called
Bus state is: 0
Set Net Indication Callback called
Bus state is: 0
Set Net Indication Callback called
Bus state is: 0
Set Net Indication Callback called
Bus state is: 0
Set Net Indication Callback called
Bus state is: 0
Set Net Indication Callback called
Bus state is: 0
Set Net Indication Callback called
Bus state is: 0
Set Net Indication Callback called
Bus state is: 0
Set Net Indication Callback called
Bus state is: 0
Set Net Indication Callback called
Bus state is: 0
Set Net Indication Callback called
Bus state is: 0
Set Net Indication Callback called
Bus state is: 0
Set Net Indication Callback called
Bus state is: 0
Set Net Indication Callback called
Bus state is: 0
Set Net Indication Callback called
Bus state is: 0
Set Net Indication Callback called
Bus state is: 0
Set Net Indication Callback called
Bus state is: 0
Set Net Indication Callback called
Bus state is: 0
Set Net Indication Callback called
Bus state is: 0
Set Net Indication Callback called
Bus state is: 0
Set Net Indication Callback called
Bus state is: 0
Set Net Indication Callback called
Bus state is: 0
Set Net Indication Callback called
Bus state is: 0
Set Net Indication Callback called
Bus state is: 0
Set Net Indication Callback called
Bus state is: 0
Set Net Indication Callback called
Bus state is: 0
Set Net Indication Callback called
Bus state is: 0
Set Net Indication Callback called
Bus state is: 0
Set Net Indication Callback called
Bus state is: 0
Set Net Indication Callback called
Bus state is: 0
Set Net Indication Callback called
Bus state is: 0
Set Net Indication Callback called
Bus state is: 0
Set Net Indication Callback called
Bus state is: 0
Set Net Indication Callback called
Bus state is: 0
Set Net Indication Callback called
Bus state is: 0
Set Net Indication Callback called
Bus state is: 0
Set Net Indication Callback called
Bus state is: 0
Set Net Indication Callback called
Bus state is: 0
Set Net Indication Callback called
Bus state is: 0
Set Net Indication Callback called
Bus state is: 0
Set Net Indication Callback called
Bus state is: 0
Set Net Indication Callback called
Bus state is: 0
Set Net Indication Callback called
Bus state is: 0
Set Net Indication Callback called
Bus state is: 0
Set Net Indication Callback called
Bus state is: 0
Set Net Indication Callback called
Bus state is: 0
Set Net Indication Callback called
Bus state is: 0
Set Net Indication Callback called
Bus state is: 0
Set Net Indication Callback called
Bus state is: 0
Set Net Indication Callback called
Bus state is: 0
Set Net Indication Callback called
Bus state is: 0
Set Net Indication Callback called
Bus state is: 0
Set Net Indication Callback called
Bus state is: 0
Set Net Indication Callback called
Bus state is: 0
Set Net Indication Callback called
Bus state is: 0
Set Net Indication Callback called
Bus state is: 0
Set Net Indication Callback called
Bus state is: 0
Set Net Indication Callback called
Bus state is: 0
Set Net Indication Callback called
Bus state is: 0
Set Net Indication Callback called
Bus state is: 0
Set Net Indication Callback called
Bus state is: 0
Set Net Indication Callback called
Bus state is: 0
Set Net Indication Callback called
Bus state is: 0
Set Net Indication Callback called
Bus state is: 0
Set Net Indication Callback called
Bus state is: 0
Set Net Indication Callback called
Bus state is: 0
Set Net Indication Callback called
Bus state is: 0
Set Net Indication Callback called
Bus state is: 0
Set Net Indication Callback called
Bus state is: 0
Set Net Indication Callback called
Bus state is: 0
Set Net Indication Callback called
Bus state is: 0
Set Net Indication Callback called
Bus state is: 0
Set Net Indication Callback called
Bus state is: 0
Set Net Indication Callback called
Bus state is: 0
Set Net Indication Callback called
Bus state is: 0
Set Net Indication Callback called
Bus state is: 0
Set Net Indication Callback called
Bus state is: 0
Set Net Indication Callback called
Bus state is: 0
Set Net Indication Callback called
Bus state is: 0
Set Net Indication Callback called
Bus state is: 0
Set Net Indication Callback called
Bus state is: 0
Set Net Indication Callback called
Bus state is: 0
Set Net Indication Callback called
Bus state is: 0
Set Net Indication Callback called
Bus state is: 0
Set Net Indication Callback called
Bus state is: 0
Set Net Indication Callback called
Bus state is: 0
Set Net Indication Callback called
Bus state is: 0
Set Net Indication Callback called
Bus state is: 0
Set Net Indication Callback called
Bus state is: 0
Set Net Indication Callback called
Bus state is: 0
Set Net Indication Callback called
Bus state is: 0
Set Net Indication Callback called
Bus state is: 0
Set Net Indication Callback called
Bus state is: 0
Set Net Indication Callback called
Bus state is: 0
Set Net Indication Callback called
Bus state is: 0
Set Net Indication Callback called
Bus state is: 0
Set Net Indication Callback called
Bus state is: 0
Set Net Indication Callback called
Bus state is: 0
Set Net Indication Callback called
Bus state is: 0
Set Net Indication Callback called
Bus state is: 0
Set Net Indication Callback called
Bus state is: 0
Set Net Indication Callback called
Bus state is: 0
Set Net Indication Callback called
Bus state is: 0
Set Net Indication Callback called
Bus state is: 0
Set Net Indication Callback called
Bus state is: 0
Set Net Indication Callback called
Bus state is: 0
Set Net Indication Callback called
Bus state is: 0
Set Net Indication Callback called
Bus state is: 0
Set Net Indication Callback called
Bus state is: 0
Set Net Indication Callback called
Bus state is: 0
Set Net Indication Callback called
Bus state is: 0
Set Net Indication Callback called
Bus state is: 0
Set Net Indication Callback called
Bus state is: 0
Set Net Indication Callback called
Bus state is: 0
Set Net Indication Callback called
Bus state is: 0
Set Net Indication Callback called
Bus state is: 0
Set Net Indication Callback called
Bus state is: 0
Set Net Indication Callback called
Bus state is: 0
Set Net Indication Callback called
Bus state is: 0
Set Net Indication Callback called
Bus state is: 0
Set Net Indication Callback called
Bus state is: 0
Set Net Indication Callback called
Bus state is: 0
Set Net Indication Callback called
Bus state is: 0
Set Net Indication Callback called
Bus state is: 0
Set Net Indication Callback called
Bus state is: 0
Set Net Indication Callback called
Bus state is: 0
Set Net Indication Callback called
Bus state is: 0
Set Net Indication Callback called
Bus state is: 0
Set Net Indication Callback called
Bus state is: 0
Set Net Indication Callback called
Bus state is: 0
Set Net Indication Callback called
Bus state is: 0
Set Net Indication Callback called
Bus state is: 0
Set Net Indication Callback called
Bus state is: 0
Set Net Indication Callback called
Bus state is: 0
Set Net Indication Callback called
Bus state is: 0
Set Net Indication Callback called
Bus state is: 0
Set Net Indication Callback called
Bus state is: 0
Set Net Indication Callback called
Bus state is: 0
Set Net Indication Callback called
Bus state is: 0
Set Net Indication Callback called
Bus state is: 0
Set Net Indication Callback called
Bus state is: 0
Set Net Indication Callback called
Bus state is: 0
Set Net Indication Callback called
Bus state is: 0
Set Net Indication Callback called
Bus state is: 0
Set Net Indication Callback called
Bus state is: 0
Set Net Indication Callback called
Bus state is: 0
Set Net Indication Callback called
Bus state is: 0
Set Net Indication Callback called
Bus state is: 0
Set Net Indication Callback called
Bus state is: 0
Set Net Indication Callback called
Bus state is: 0
Set Net Indication Callback called
Bus state is: 0
Set Net Indication Callback called
Bus state is: 0
Set Net Indication Callback called
Bus state is: 0
Set Net Indication Callback called
Bus state is: 0
Set Net Indication Callback called
Bus state is: 0
Set Net Indication Callback called
Bus state is: 0
Set Net Indication Callback called
Bus state is: 0
Set Net Indication Callback called
Bus state is: 0
Set Net Indication Callback called
Bus state is: 0
Set Net Indication Callback called
Bus state is: 0
Set Net Indication Callback called
Bus state is: 0
Set Net Indication Callback called
Bus state is: 0
Set Net Indication Callback called
Bus state is: 0
Set Net Indication Callback called
Bus state is: 0
Set Net Indication Callback called
Bus state is: 0
Set Net Indication Callback called
Bus state is: 0
Set Net Indication Callback called
Bus state is: 0
Set Net Indication Callback called
Bus state is: 0
Set Net Indication Callback called
Bus state is: 0
Set Net Indication Callback called
Bus state is: 0
Set Net Indication Callback called
Bus state is: 0
Set Net Indication Callback called
Bus state is: 0
Set Net Indication Callback called
Bus state is: 0
Set Net Indication Callback called
Bus state is: 0
Set Net Indication Callback called
Bus state is: 0
Set Net Indication Callback called
Bus state is: 0
Set Net Indication Callback called
Bus state is: 0
Set Net Indication Callback called
Bus state is: 0
Set Net Indication Callback called
Bus state is: 0
Set Net Indication Callback called
Bus state is: 0
Set Net Indication Callback called
Bus state is: 0
Set Net Indication Callback called
Bus state is: 0
Set Net Indication Callback called
Bus state is: 0
Set Net Indication Callback called
Bus state is: 0
Set Net Indication Callback called
Bus state is: 0
Set Net Indication Callback called
Bus state is: 0
Set Net Indication Callback called
Bus state is: 0
Set Net Indication Callback called
Bus state is: 0
Set Net Indication Callback called
Bus state is: 0
Set Net Indication Callback called
Bus state is: 0
Set Net Indication Callback called
Bus state is: 0
Set Net Indication Callback called
Bus state is: 0
Set Net Indication Callback called
Bus state is: 0
Set Net Indication Callback called
Bus state is: 0
Set Net Indication Callback called
Bus state is: 0
Set Net Indication Callback called
Bus state is: 0
Set Net Indication Callback called
Bus state is: 0
Set Net Indication Callback called
Bus state is: 0
Set Net Indication Callback called
Bus state is: 0
Set Net Indication Callback called
Bus state is: 0
Set Net Indication Callback called
Bus state is: 0
Set Net Indication Callback called
Bus state is: 0
Set Net Indication Callback called
Bus state is: 0
Set Net Indication Callback called
Bus state is: 0
Set Net Indication Callback called
Bus state is: 0
Set Net Indication Callback called
Bus state is: 0
Set Net Indication Callback called
Bus state is: 0
Set Net Indication Callback called
Bus state is: 0
Set Net Indication Callback called
Bus state is: 0
Set Net Indication Callback called
Bus state is: 0
Set Net Indication Callback called
Bus state is: 0
Set Net Indication Callback called
Bus state is: 0
Set Net Indication Callback called
Bus state is: 0
Set Net Indication Callback called
Bus state is: 0
Set Net Indication Callback called
Bus state is: 0
Set Net Indication Callback called
Bus state is: 0
Set Net Indication Callback called
Bus state is: 0
Set Net Indication Callback called
Bus state is: 0
Set Net Indication Callback called
Bus state is: 0
Set Net Indication Callback called
Bus state is: 0
Set Net Indication Callback called
Bus state is: 0
Set Net Indication Callback called
Bus state is: 0
Set Net Indication Callback called
Bus state is: 0
Set Net Indication Callback called
Bus state is: 0
Set Net Indication Callback called
Bus state is: 0
Set Net Indication Callback called
Bus state is: 0
Set Net Indication Callback called
Bus state is: 0
Set Net Indication Callback called
Bus state is: 0
Set Net Indication Callback called
Bus state is: 0
Set Net Indication Callback called
Bus state is: 0
Set Net Indication Callback called
Bus state is: 0
Set Net Indication Callback called
Bus state is: 0
Set Net Indication Callback called
Bus state is: 0
Set Net Indication Callback called
Bus state is: 0
Set Net Indication Callback called
Bus state is: 0
Set Net Indication Callback called
Bus state is: 0
Set Net Indication Callback called
Bus state is: 0
Set Net Indication Callback called
Bus state is: 0
Set Net Indication Callback called
Bus state is: 0
Set Net Indication Callback called
Bus state is: 0
Set Net Indication Callback called
Bus state is: 0
Set Net Indication Callback called
Bus state is: 0
Set Net Indication Callback called
Bus state is: 0
Set Net Indication Callback called
Bus state is: 0
Set Net Indication Callback called
Bus state is: 0
Set Net Indication Callback called
Bus state is: 0
Set Net Indication Callback called
Bus state is: 0
Set Net Indication Callback called
Bus state is: 0
Set Net Indication Callback called
Bus state is: 0
Set Net Indication Callback called
Bus state is: 0
Set Net Indication Callback called
Bus state is: 0
Set Net Indication Callback called
Bus state is: 0
Set Net Indication Callback called
Bus state is: 0
Set Net Indication Callback called
Bus state is: 0
Set Net Indication Callback called
Bus state is: 0
Set Net Indication Callback called
Bus state is: 0
Set Net Indication Callback called
Bus state is: 0
Set Net Indication Callback called
Bus state is: 0
Set Net Indication Callback called
Bus state is: 0
Set Net Indication Callback called
Bus state is: 0
Set Net Indication Callback called
Bus state is: 0
Set Net Indication Callback called
Bus state is: 0
Set Net Indication Callback called
Bus state is: 0
Set Net Indication Callback called
Bus state is: 0
Set Net Indication Callback called
Bus state is: 0
Set Net Indication Callback called
Bus state is: 0
Set Net Indication Callback called
Bus state is: 0
Set Net Indication Callback called
Bus state is: 0
Set Net Indication Callback called
Bus state is: 0
Set Net Indication Callback called
Bus state is: 0
Set Net Indication Callback called
Bus state is: 0
Set Net Indication Callback called
Bus state is: 0
Set Net Indication Callback called
Bus state is: 0
Set Net Indication Callback called
Bus state is: 0
Set Net Indication Callback called
Bus state is: 0
Set Net Indication Callback called
Bus state is: 0
Set Net Indication Callback called
Bus state is: 0
Set Net Indication Callback called
Bus state is: 0
Set Net Indication Callback called
Bus state is: 0
Set Net Indication Callback called
Bus state is: 0
Set Net Indication Callback called
Bus state is: 0
Set Net Indication Callback called
Bus state is: 0
Set Net Indication Callback called
Bus state is: 0
Set Net Indication Callback called
Bus state is: 0
Set Net Indication Callback called
Bus state is: 0
Set Net Indication Callback called
Bus state is: 0
Set Net Indication Callback called
Bus state is: 0
Set Net Indication Callback called
Bus state is: 0
Set Net Indication Callback called
Bus state is: 0
Set Net Indication Callback called
Bus state is: 0
Set Net Indication Callback called
Bus state is: 0
Set Net Indication Callback called
Bus state is: 0
Set Net Indication Callback called
Bus state is: 0
Set Net Indication Callback called
Bus state is: 0
Set Net Indication Callback called
Bus state is: 0
Set Net Indication Callback called
Bus state is: 0
Set Net Indication Callback called
Bus state is: 0
Set Net Indication Callback called
Bus state is: 0
Set Net Indication Callback called
Bus state is: 0
Set Net Indication Callback called
Bus state is: 0
Set Net Indication Callback called
Bus state is: 0
Set Net Indication Callback called
Bus state is: 0
Set Net Indication Callback called
Bus state is: 0
Set Net Indication Callback called
Bus state is: 0
Set Net Indication Callback called
Bus state is: 0
Set Net Indication Callback called
Bus state is: 0
Set Net Indication Callback called
Bus state is: 0
Set Net Indication Callback called
Bus state is: 0
Set Net Indication Callback called
Bus state is: 0
Set Net Indication Callback called
Bus state is: 0
Set Net Indication Callback called
Bus state is: 0
Set Net Indication Callback called
Bus state is: 0
Set Net Indication Callback called
Bus state is: 0
Set Net Indication Callback called
Bus state is: 0
Set Net Indication Callback called
Bus state is: 0
Set Net Indication Callback called
Bus state is: 0
Set Net Indication Callback called
Bus state is: 0
Set Net Indication Callback called
Bus state is: 0
Set Net Indication Callback called
Bus state is: 0
Set Net Indication Callback called
Bus state is: 0
Set Net Indication Callback called
Bus state is: 0
Set Net Indication Callback called
Bus state is: 0
Set Net Indication Callback called
Bus state is: 0
Set Net Indication Callback called
Bus state is: 0
Set Net Indication Callback called
Bus state is: 0
Set Net Indication Callback called
Bus state is: 0
Set Net Indication Callback called
Bus state is: 0
Set Net Indication Callback called
Bus state is: 0
Set Net Indication Callback called
Bus state is: 0
Set Net Indication Callback called
Bus state is: 0
Set Net Indication Callback called
Bus state is: 0
Set Net Indication Callback called
Bus state is: 0
Set Net Indication Callback called
Bus state is: 0
Set Net Indication Callback called
Bus state is: 0
Set Net Indication Callback called
Bus state is: 0
Set Net Indication Callback called
Bus state is: 0
Set Net Indication Callback called
Bus state is: 0
Set Net Indication Callback called
Bus state is: 0
Set Net Indication Callback called
Bus state is: 0
Set Net Indication Callback called
Bus state is: 0
Set Net Indication Callback called
Bus state is: 0
Set Net Indication Callback called
Bus state is: 0
Set Net Indication Callback called
Bus state is: 0
Set Net Indication Callback called
Bus state is: 0
Set Net Indication Callback called
Bus state is: 0
Set Net Indication Callback called
Bus state is: 0
Set Net Indication Callback called
Bus state is: 0
Set Net Indication Callback called
Bus state is: 0
Set Net Indication Callback called
Bus state is: 0
Set Net Indication Callback called
Bus state is: 0
Set Net Indication Callback called
Bus state is: 0
Set Net Indication Callback called
Bus state is: 0
Set Net Indication Callback called
Bus state is: 0
Set Net Indication Callback called
Bus state is: 0
Set Net Indication Callback called
Bus state is: 0
Set Net Indication Callback called
Bus state is: 0
Set Net Indication Callback called
Bus state is: 0
Set Net Indication Callback called
Bus state is: 0
Set Net Indication Callback called
Bus state is: 0
Set Net Indication Callback called
Bus state is: 0
Set Net Indication Callback called
Bus state is: 0
Set Net Indication Callback called
Bus state is: 0
Set Net Indication Callback called
Bus state is: 0
Set Net Indication Callback called
Bus state is: 0
Set Net Indication Callback called
Bus state is: 0
Set Net Indication Callback called
Bus state is: 0
Set Net Indication Callback called
Bus state is: 0
Set Net Indication Callback called
Bus state is: 0
Set Net Indication Callback called
Bus state is: 0
Set Net Indication Callback called
Bus state is: 0
Set Net Indication Callback called
Bus state is: 0
Set Net Indication Callback called
Bus state is: 0
Set Net Indication Callback called
Bus state is: 0
Set Net Indication Callback called
Bus state is: 0
Set Net Indication Callback called
Bus state is: 0
Set Net Indication Callback called
Bus state is: 0
Set Net Indication Callback called
Bus state is: 0
Set Net Indication Callback called
Bus state is: 0
Set Net Indication Callback called
Bus state is: 0
Set Net Indication Callback called
Bus state is: 0
Set Net Indication Callback called
Bus state is: 0
Set Net Indication Callback called
Bus state is: 0
Set Net Indication Callback called
Bus state is: 0
Set Net Indication Callback called
Bus state is: 0
Set Net Indication Callback called
Bus state is: 0
Set Net Indication Callback called
Bus state is: 0
Set Net Indication Callback called
Bus state is: 0
Set Net Indication Callback called
Bus state is: 0
Set Net Indication Callback called
Bus state is: 0
Set Net Indication Callback called
Bus state is: 0
Set Net Indication Callback called
Bus state is: 0
Set Net Indication Callback called
Bus state is: 0
Set Net Indication Callback called
Bus state is: 0
Set Net Indication Callback called
Bus state is: 0
Set Net Indication Callback called
Bus state is: 0
Set Net Indication Callback called
Bus state is: 0
Set Net Indication Callback called
Bus state is: 0
Set Net Indication Callback called
Bus state is: 0
Set Net Indication Callback called
Bus state is: 0
Set Net Indication Callback called
Bus state is: 0
Set Net Indication Callback called
Bus state is: 0
Set Net Indication Callback called
Bus state is: 0
Set Net Indication Callback called
Bus state is: 0
Set Net Indication Callback called
Bus state is: 0
Set Net Indication Callback called
Bus state is: 0
Set Net Indication Callback called
Bus state is: 0
Set Net Indication Callback called
Bus state is: 0
Set Net Indication Callback called
Bus state is: 0
Set Net Indication Callback called
Bus state is: 0
Set Net Indication Callback called
Bus state is: 0
Set Net Indication Callback called
Bus state is: 0
Set Net Indication Callback called
Bus state is: 0
Set Net Indication Callback called
Bus state is: 0
Set Net Indication Callback called
Bus state is: 0
Set Net Indication Callback called
Bus state is: 0
Set Net Indication Callback called
Bus state is: 0
Set Net Indication Callback called
Bus state is: 0
Set Net Indication Callback called
Bus state is: 0
Set Net Indication Callback called
Bus state is: 0
Set Net Indication Callback called
Bus state is: 0
Set Net Indication Callback called
Bus state is: 0
Set Net Indication Callback called
Bus state is: 0
Set Net Indication Callback called
Bus state is: 0
Set Net Indication Callback called
Bus state is: 0
Set Net Indication Callback called
Bus state is: 0
Set Net Indication Callback called
Bus state is: 0
Set Net Indication Callback called
Bus state is: 0
Set Net Indication Callback called
Bus state is: 0
Set Net Indication Callback called
Bus state is: 0
Set Net Indication Callback called
Bus state is: 0
Set Net Indication Callback called
Bus state is: 0
Set Net Indication Callback called
Bus state is: 0
Set Net Indication Callback called
Bus state is: 0
Set Net Indication Callback called
Bus state is: 0
Set Net Indication Callback called
Bus state is: 0
Set Net Indication Callback called
Bus state is: 0
Set Net Indication Callback called
Bus state is: 0
Set Net Indication Callback called
Bus state is: 0
Set Net Indication Callback called
Bus state is: 0
Set Net Indication Callback called
Bus state is: 0
Set Net Indication Callback called
Bus state is: 0
Set Net Indication Callback called
Bus state is: 0
Set Net Indication Callback called
Bus state is: 0
Set Net Indication Callback called
Bus state is: 0
Set Net Indication Callback called
Bus state is: 0
Set Net Indication Callback called
Bus state is: 0
Set Net Indication Callback called
Bus state is: 0
Set Net Indication Callback called
Bus state is: 0
Set Net Indication Callback called
Bus state is: 0
Set Net Indication Callback called
Bus state is: 0
Set Net Indication Callback called
Bus state is: 0
Set Net Indication Callback called
Bus state is: 0
Set Net Indication Callback called
Bus state is: 0
Set Net Indication Callback called
Bus state is: 0
Set Net Indication Callback called
Bus state is: 0
Set Net Indication Callback called
Bus state is: 0
Set Net Indication Callback called
Bus state is: 0
Set Net Indication Callback called
Bus state is: 0
Set Net Indication Callback called
Bus state is: 0
Set Net Indication Callback called
Bus state is: 0
Set Net Indication Callback called
Bus state is: 0
Set Net Indication Callback called
Bus state is: 0
Set Net Indication Callback called
Bus state is: 0
Set Net Indication Callback called
Bus state is: 0
Set Net Indication Callback called
Bus state is: 0
Set Net Indication Callback called
Bus state is: 0
Set Net Indication Callback called
Bus state is: 0
Set Net Indication Callback called
Bus state is: 0
Set Net Indication Callback called
Bus state is: 0
Set Net Indication Callback called
Bus state is: 0
Set Net Indication Callback called
Bus state is: 0
Set Net Indication Callback called
Bus state is: 0
Set Net Indication Callback called
Bus state is: 0
Set Net Indication Callback called
Bus state is: 0
Set Net Indication Callback called
Bus state is: 0
Set Net Indication Callback called
Bus state is: 0
Set Net Indication Callback called
Bus state is: 0
Set Net Indication Callback called
Bus state is: 0
Set Net Indication Callback called
Bus state is: 0
Set Net Indication Callback called
Bus state is: 0
Set Net Indication Callback called
Bus state is: 0
Set Net Indication Callback called
Bus state is: 0
Set Net Indication Callback called
Bus state is: 0
Set Net Indication Callback called
Bus state is: 0
Set Net Indication Callback called
Bus state is: 0
Set Net Indication Callback called
Bus state is: 0
Set Net Indication Callback called
Bus state is: 0
Set Net Indication Callback called
Bus state is: 0
Set Net Indication Callback called
Bus state is: 0
Set Net Indication Callback called
Bus state is: 0
Set Net Indication Callback called
Bus state is: 0
Set Net Indication Callback called
Bus state is: 0
Set Net Indication Callback called
Bus state is: 0
Set Net Indication Callback called
Bus state is: 0
Set Net Indication Callback called
Bus state is: 0
Set Net Indication Callback called
Bus state is: 0
Set Net Indication Callback called
Bus state is: 0
Set Net Indication Callback called
Bus state is: 0
Set Net Indication Callback called
Bus state is: 0
Set Net Indication Callback called
Bus state is: 0
Set Net Indication Callback called
Bus state is: 0
Set Net Indication Callback called
Bus state is: 0
Set Net Indication Callback called
Bus state is: 0
Set Net Indication Callback called
Bus state is: 0
Set Net Indication Callback called
Bus state is: 0
Set Net Indication Callback called
Bus state is: 0
Set Net Indication Callback called
Bus state is: 0
Set Net Indication Callback called
Bus state is: 0
Set Net Indication Callback called
Bus state is: 0
Set Net Indication Callback called
Bus state is: 0
Set Net Indication Callback called
Bus state is: 0
Set Net Indication Callback called
Bus state is: 0
Set Net Indication Callback called
Bus state is: 0
Set Net Indication Callback called
Bus state is: 0
Set Net Indication Callback called
Bus state is: 0
Set Net Indication Callback called
Bus state is: 0
Set Net Indication Callback called
Bus state is: 0
Set Net Indication Callback called
Bus state is: 0
Set Net Indication Callback called
Bus state is: 0
Set Net Indication Callback called
Bus state is: 0
Set Net Indication Callback called
Bus state is: 0
Set Net Indication Callback called
Bus state is: 0
Set Net Indication Callback called
Bus state is: 0
Set Net Indication Callback called
Bus state is: 0
Set Net Indication Callback called
Bus state is: 0
Set Net Indication Callback called
Bus state is: 0
Set Net Indication Callback called
Bus state is: 0
Set Net Indication Callback called
Bus state is: 0
Set Net Indication Callback called
Bus state is: 0
Set Net Indication Callback called
Bus state is: 0
Set Net Indication Callback called
Bus state is: 0
Set Net Indication Callback called
Bus state is: 0
Set Net Indication Callback called
Bus state is: 0
Set Net Indication Callback called
Bus state is: 0
Set Net Indication Callback called
Bus state is: 0
Set Net Indication Callback called
Bus state is: 0
Set Net Indication Callback called
Bus state is: 0
Set Net Indication Callback called
Bus state is: 0
Set Net Indication Callback called
Bus state is: 0
Set Net Indication Callback called
Bus state is: 0
Set Net Indication Callback called
Bus state is: 0
Set Net Indication Callback called
Bus state is: 0
Set Net Indication Callback called
Bus state is: 0
Set Net Indication Callback called
Bus state is: 0
Set Net Indication Callback called
Bus state is: 0
Set Net Indication Callback called
Bus state is: 0
Set Net Indication Callback called
Bus state is: 0
Set Net Indication Callback called
Bus state is: 0
Set Net Indication Callback called
Bus state is: 0
Set Net Indication Callback called
Bus state is: 0
Set Net Indication Callback called
Bus state is: 0
Set Net Indication Callback called
Bus state is: 0
Set Net Indication Callback called
Bus state is: 0
Set Net Indication Callback called
Bus state is: 0
Set Net Indication Callback called
Bus state is: 0
Set Net Indication Callback called
Bus state is: 0
Set Net Indication Callback called
Bus state is: 0
Set Net Indication Callback called
Bus state is: 0
Set Net Indication Callback called
Bus state is: 0
Set Net Indication Callback called
Bus state is: 0
Set Net Indication Callback called
Bus state is: 0
Set Net Indication Callback called
Bus state is: 0
Set Net Indication Callback called
Bus state is: 0
Set Net Indication Callback called
Bus state is: 0
Set Net Indication Callback called
Bus state is: 0
Set Net Indication Callback called
Bus state is: 0
Set Net Indication Callback called
Bus state is: 0
Set Net Indication Callback called
Bus state is: 0
Set Net Indication Callback called
Bus state is: 0
Set Net Indication Callback called
Bus state is: 0
Set Net Indication Callback called
Bus state is: 0
Set Net Indication Callback called
Bus state is: 0
Set Net Indication Callback called
Bus state is: 0
Set Net Indication Callback called
Bus state is: 0
Set Net Indication Callback called
Bus state is: 0
Set Net Indication Callback called
Bus state is: 0
Set Net Indication Callback called
Bus state is: 0
Set Net Indication Callback called
Bus state is: 0
Set Net Indication Callback called
Bus state is: 0
Set Net Indication Callback called
Bus state is: 0
Set Net Indication Callback called
Bus state is: 0
Set Net Indication Callback called
Bus state is: 0
Set Net Indication Callback called
Bus state is: 0
Set Net Indication Callback called
Bus state is: 0
Set Net Indication Callback called
Bus state is: 0
Set Net Indication Callback called
Bus state is: 0
Set Net Indication Callback called
Bus state is: 0
Set Net Indication Callback called
Bus state is: 0
Set Net Indication Callback called
Bus state is: 0
Set Net Indication Callback called
Bus state is: 0
Set Net Indication Callback called
Bus state is: 0
Set Net Indication Callback called
Bus state is: 0
Set Net Indication Callback called
Bus state is: 0
Set Net Indication Callback called
Bus state is: 0
Set Net Indication Callback called
Bus state is: 0
Set Net Indication Callback called
Bus state is: 0
Set Net Indication Callback called
Bus state is: 0
Set Net Indication Callback called
Bus state is: 0
Set Net Indication Callback called
Bus state is: 0
Set Net Indication Callback called
Bus state is: 0
Set Net Indication Callback called
Bus state is: 0
Set Net Indication Callback called
Bus state is: 0
Set Net Indication Callback called
Bus state is: 0
Set Net Indication Callback called
Bus state is: 0
Set Net Indication Callback called
Bus state is: 0
Set Net Indication Callback called
Bus state is: 0
Set Net Indication Callback called
Bus state is: 0
Set Net Indication Callback called
Bus state is: 0
Set Net Indication Callback called
Bus state is: 0
Set Net Indication Callback called
Bus state is: 0
Set Net Indication Callback called
Bus state is: 0
Set Net Indication Callback called
Bus state is: 0
Set Net Indication Callback called
Bus state is: 0
Set Net Indication Callback called
Bus state is: 0
Set Net Indication Callback called
Bus state is: 0
Set Net Indication Callback called
Bus state is: 0
Set Net Indication Callback called
Bus state is: 0
Set Net Indication Callback called
Bus state is: 0
Set Net Indication Callback called
Bus state is: 0
Set Net Indication Callback called
Bus state is: 0
Set Net Indication Callback called
Bus state is: 0
Set Net Indication Callback called
Bus state is: 0
Set Net Indication Callback called
Bus state is: 0
Set Net Indication Callback called
Bus state is: 0
Set Net Indication Callback called
Bus state is: 0
Set Net Indication Callback called
Bus state is: 0
Set Net Indication Callback called
Bus state is: 0
Set Net Indication Callback called
Bus state is: 0
Set Net Indication Callback called
Bus state is: 0
Set Net Indication Callback called
Bus state is: 0
Set Net Indication Callback called
Bus state is: 0
Set Net Indication Callback called
Bus state is: 0
Set Net Indication Callback called
Bus state is: 0
Set Net Indication Callback called
Bus state is: 0
Set Net Indication Callback called
Bus state is: 0
Set Net Indication Callback called
Bus state is: 0
Set Net Indication Callback called
Bus state is: 0
Set Net Indication Callback called
Bus state is: 0
Set Net Indication Callback called
Bus state is: 0
Set Net Indication Callback called
Bus state is: 0
Set Net Indication Callback called
Bus state is: 0
Set Net Indication Callback called
Bus state is: 0
Set Net Indication Callback called
Bus state is: 0
Set Net Indication Callback called
Bus state is: 0
Set Net Indication Callback called
Bus state is: 0
Set Net Indication Callback called
Bus state is: 0
Set Net Indication Callback called
Bus state is: 0
Set Net Indication Callback called
Bus state is: 0
Set Net Indication Callback called
Bus state is: 0
Set Net Indication Callback called
Bus state is: 0
Set Net Indication Callback called
Bus state is: 0
Set Net Indication Callback called
Bus state is: 0
Set Net Indication Callback called
Bus state is: 0
Set Net Indication Callback called
Bus state is: 0
Set Net Indication Callback called
Bus state is: 0
Set Net Indication Callback called
Bus state is: 0
Set Net Indication Callback called
Bus state is: 0
Set Net Indication Callback called
Bus state is: 0
Set Net Indication Callback called
Bus state is: 0
Set Net Indication Callback called
Bus state is: 0
Set Net Indication Callback called
Bus state is: 0
Set Net Indication Callback called
Bus state is: 0
Set Net Indication Callback called
Bus state is: 0
Set Net Indication Callback called
Bus state is: 0
Set Net Indication Callback called
Bus state is: 0
Set Net Indication Callback called
Bus state is: 0
Set Net Indication Callback called
Bus state is: 0
Set Net Indication Callback called
Bus state is: 0
Set Net Indication Callback called
Bus state is: 0
Set Net Indication Callback called
Bus state is: 0
Set Net Indication Callback called
Bus state is: 0
Set Net Indication Callback called
Bus state is: 0
Set Net Indication Callback called
Bus state is: 0
Set Net Indication Callback called
Bus state is: 0
Set Net Indication Callback called
Bus state is: 0
Set Net Indication Callback called
Bus state is: 0
Set Net Indication Callback called
Bus state is: 0
Set Net Indication Callback called
Bus state is: 0
Set Net Indication Callback called
Bus state is: 0
Set Net Indication Callback called
Bus state is: 0
Set Net Indication Callback called
Bus state is: 0
Set Net Indication Callback called
Bus state is: 0
Set Net Indication Callback called
Bus state is: 0
Set Net Indication Callback called
Bus state is: 0
Set Net Indication Callback called
Bus state is: 0
Set Net Indication Callback called
Bus state is: 0
Set Net Indication Callback called
Bus state is: 0
Set Net Indication Callback called
Bus state is: 0
Set Net Indication Callback called
Bus state is: 0
Set Net Indication Callback called
Bus state is: 0
Set Net Indication Callback called
Bus state is: 0
Set Net Indication Callback called
Bus state is: 0
Set Net Indication Callback called
Bus state is: 0
Set Net Indication Callback called
Bus state is: 0
Set Net Indication Callback called
Bus state is: 0
Set Net Indication Callback called
Bus state is: 0
Set Net Indication Callback called
Bus state is: 0
Set Net Indication Callback called
Bus state is: 0
Set Net Indication Callback called
Bus state is: 0
Set Net Indication Callback called
Bus state is: 0
Set Net Indication Callback called
Bus state is: 0
Set Net Indication Callback called
Bus state is: 0
Set Net Indication Callback called
Bus state is: 0
Set Net Indication Callback called
Bus state is: 0
Set Net Indication Callback called
Bus state is: 0
Set Net Indication Callback called
Bus state is: 0
Set Net Indication Callback called
Bus state is: 0
Set Net Indication Callback called
Bus state is: 0
Set Net Indication Callback called
Bus state is: 0
Set Net Indication Callback called
Bus state is: 0
Set Net Indication Callback called
Bus state is: 0
Set Net Indication Callback called
Bus state is: 0
Set Net Indication Callback called
Bus state is: 0
Set Net Indication Callback called
Bus state is: 0
Set Net Indication Callback called
Bus state is: 0
Set Net Indication Callback called
Bus state is: 0
Set Net Indication Callback called
Bus state is: 0
Set Net Indication Callback called
Bus state is: 0
Set Net Indication Callback called
Bus state is: 0
Set Net Indication Callback called
Bus state is: 0
Set Net Indication Callback called
Bus state is: 0
Set Net Indication Callback called
Bus state is: 0
Set Net Indication Callback called
Bus state is: 0
Set Net Indication Callback called
Bus state is: 0
Set Net Indication Callback called
Bus state is: 0
Set Net Indication Callback called
Bus state is: 0
Set Net Indication Callback called
Bus state is: 0
Set Net Indication Callback called
Bus state is: 0
Set Net Indication Callback called
Bus state is: 0
Set Net Indication Callback called
Bus state is: 0
Set Net Indication Callback called
Bus state is: 0
Set Net Indication Callback called
Bus state is: 0
Set Net Indication Callback called
Bus state is: 0
Set Net Indication Callback called
Bus state is: 0
Set Net Indication Callback called
Bus state is: 0
Set Net Indication Callback called
Bus state is: 0
Set Net Indication Callback called
Bus state is: 0
Set Net Indication Callback called
Bus state is: 0
Set Net Indication Callback called
Bus state is: 0
Set Net Indication Callback called
Bus state is: 0
Set Net Indication Callback called
Bus state is: 0
Set Net Indication Callback called
Bus state is: 0
Set Net Indication Callback called
Bus state is: 0
Set Net Indication Callback called
Bus state is: 0
Set Net Indication Callback called
Bus state is: 0
Set Net Indication Callback called
Bus state is: 0
Set Net Indication Callback called
Bus state is: 0
Set Net Indication Callback called
Bus state is: 0
Set Net Indication Callback called
Bus state is: 0
Set Net Indication Callback called
Bus state is: 0
Set Net Indication Callback called
Bus state is: 0
Set Net Indication Callback called
Bus state is: 0
Set Net Indication Callback called
Bus state is: 0
Set Net Indication Callback called
Bus state is: 0
Set Net Indication Callback called
Bus state is: 0
Set Net Indication Callback called
Bus state is: 0
Set Net Indication Callback called
Bus state is: 0
Set Net Indication Callback called
Bus state is: 0
Set Net Indication Callback called
Bus state is: 0
Set Net Indication Callback called
Bus state is: 0
Set Net Indication Callback called
Bus state is: 0
Set Net Indication Callback called
Bus state is: 0
Set Net Indication Callback called
Bus state is: 0
Set Net Indication Callback called
Bus state is: 0
Set Net Indication Callback called
Bus state is: 0
Set Net Indication Callback called
Bus state is: 0
Set Net Indication Callback called
Bus state is: 0
Set Net Indication Callback called
Bus state is: 0
Set Net Indication Callback called
Bus state is: 0
Set Net Indication Callback called
Bus state is: 0
Set Net Indication Callback called
Bus state is: 0
Set Net Indication Callback called
Bus state is: 0
Set Net Indication Callback called
Bus state is: 0
Set Net Indication Callback called
Bus state is: 0
Set Net Indication Callback called
Bus state is: 0
Set Net Indication Callback called
Bus state is: 0
Set Net Indication Callback called
Bus state is: 0
Set Net Indication Callback called
Bus state is: 0
Set Net Indication Callback called
Bus state is: 0
Set Net Indication Callback called
Bus state is: 0
Set Net Indication Callback called
Bus state is: 0
Set Net Indication Callback called
Bus state is: 0
Set Net Indication Callback called
Bus state is: 0
Set Net Indication Callback called
Bus state is: 0
Set Net Indication Callback called
Bus state is: 0
Set Net Indication Callback called
Bus state is: 0
Set Net Indication Callback called
Bus state is: 0
Set Net Indication Callback called
Bus state is: 0
Set Net Indication Callback called
Bus state is: 0
Set Net Indication Callback called
Bus state is: 0
Set Net Indication Callback called
Bus state is: 0
Set Net Indication Callback called
Bus state is: 0
Set Net Indication Callback called
Bus state is: 0
Set Net Indication Callback called
Bus state is: 0
Set Net Indication Callback called
Bus state is: 0
Set Net Indication Callback called
Bus state is: 0
Set Net Indication Callback called
Bus state is: 0
Set Net Indication Callback called
Bus state is: 0
Set Net Indication Callback called
Bus state is: 0
Set Net Indication Callback called
Bus state is: 0
Set Net Indication Callback called
Bus state is: 0
Set Net Indication Callback called
Bus state is: 0
Set Net Indication Callback called
Bus state is: 0
Set Net Indication Callback called
Bus state is: 0
Set Net Indication Callback called
Bus state is: 0
Set Net Indication Callback called
Bus state is: 0
Set Net Indication Callback called
Bus state is: 0
Set Net Indication Callback called
Bus state is: 0
Set Net Indication Callback called
Bus state is: 0
Set Net Indication Callback called
Bus state is: 0
Set Net Indication Callback called
Bus state is: 0
Set Net Indication Callback called
Bus state is: 0
Set Net Indication Callback called
Bus state is: 0
Set Net Indication Callback called
Bus state is: 0
Set Net Indication Callback called
Bus state is: 0
Set Net Indication Callback called
Bus state is: 0
Set Net Indication Callback called
Bus state is: 0
Set Net Indication Callback called
Bus state is: 0
Set Net Indication Callback called
Bus state is: 0
Set Net Indication Callback called
Bus state is: 0
Set Net Indication Callback called
Bus state is: 0
Set Net Indication Callback called
Bus state is: 0
Set Net Indication Callback called
Bus state is: 0
Set Net Indication Callback called
Bus state is: 0
Set Net Indication Callback called
Bus state is: 0
Set Net Indication Callback called
Bus state is: 0
Set Net Indication Callback called
Bus state is: 0
Set Net Indication Callback called
Bus state is: 0
Set Net Indication Callback called
Bus state is: 0
Set Net Indication Callback called
Bus state is: 0
Set Net Indication Callback called
Bus state is: 0
Set Net Indication Callback called
Bus state is: 0
Set Net Indication Callback called
Bus state is: 0
Set Net Indication Callback called
Bus state is: 0
Set Net Indication Callback called
Bus state is: 0
Set Net Indication Callback called
Bus state is: 0
Set Net Indication Callback called
Bus state is: 0
Set Net Indication Callback called
Bus state is: 0
Set Net Indication Callback called
Bus state is: 0
Set Net Indication Callback called
Bus state is: 0
Set Net Indication Callback called
Bus state is: 0
Set Net Indication Callback called
Bus state is: 0
Set Net Indication Callback called
Bus state is: 0
Set Net Indication Callback called
Bus state is: 0
Set Net Indication Callback called
Bus state is: 0
Set Net Indication Callback called
Bus state is: 0
Set Net Indication Callback called
Bus state is: 0
Set Net Indication Callback called
Bus state is: 0
Set Net Indication Callback called
Bus state is: 0
Set Net Indication Callback called
Bus state is: 0
Set Net Indication Callback called
Bus state is: 0
Set Net Indication Callback called
Bus state is: 0
Set Net Indication Callback called
Bus state is: 0
Set Net Indication Callback called
Bus state is: 0
Set Net Indication Callback called
Bus state is: 0
Set Net Indication Callback called
Bus state is: 0
Set Net Indication Callback called
Bus state is: 0
Set Net Indication Callback called
Bus state is: 0
Set Net Indication Callback called
Bus state is: 0
Set Net Indication Callback called
Bus state is: 0
Set Net Indication Callback called
Bus state is: 0
Set Net Indication Callback called
Bus state is: 0
Set Net Indication Callback called
Bus state is: 0
Set Net Indication Callback called
Bus state is: 0
Set Net Indication Callback called
Bus state is: 0
Set Net Indication Callback called
Bus state is: 0
Set Net Indication Callback called
Bus state is: 0
Set Net Indication Callback called
Bus state is: 0
Set Net Indication Callback called
Bus state is: 0
Set Net Indication Callback called
Bus state is: 0
Set Net Indication Callback called
Bus state is: 0
Set Net Indication Callback called
Bus state is: 0
Set Net Indication Callback called
Bus state is: 0
Set Net Indication Callback called
Bus state is: 0
Set Net Indication Callback called
Bus state is: 0
Set Net Indication Callback called
Bus state is: 0
Set Net Indication Callback called
Bus state is: 0
Set Net Indication Callback called
Bus state is: 0
Set Net Indication Callback called
Bus state is: 0
Set Net Indication Callback called
Bus state is: 0
Set Net Indication Callback called
Bus state is: 0
Set Net Indication Callback called
Bus state is: 0
Set Net Indication Callback called
Bus state is: 0
Set Net Indication Callback called
Bus state is: 0
Set Net Indication Callback called
Bus state is: 0
Set Net Indication Callback called
Bus state is: 0
Set Net Indication Callback called
Bus state is: 0
Set Net Indication Callback called
Bus state is: 0
Set Net Indication Callback called
Bus state is: 0
Set Net Indication Callback called
Bus state is: 0
Set Net Indication Callback called
Bus state is: 0
Set Net Indication Callback called
Bus state is: 0
Set Net Indication Callback called
Bus state is: 0
Set Net Indication Callback called
Bus state is: 0
Set Net Indication Callback called
Bus state is: 0
Set Net Indication Callback called
Bus state is: 0
Set Net Indication Callback called
Bus state is: 0
Set Net Indication Callback called
Bus state is: 0
Set Net Indication Callback called
Bus state is: 0
Set Net Indication Callback called
Bus state is: 0
Set Net Indication Callback called
Bus state is: 0
Set Net Indication Callback called
Bus state is: 0
Set Net Indication Callback called
Bus state is: 0
Set Net Indication Callback called
Bus state is: 0
Set Net Indication Callback called
Bus state is: 0
Set Net Indication Callback called
Bus state is: 0
Set Net Indication Callback called
Bus state is: 0
Set Net Indication Callback called
Bus state is: 0
Set Net Indication Callback called
Bus state is: 0
Set Net Indication Callback called
Bus state is: 0
Set Net Indication Callback called
Bus state is: 0
Set Net Indication Callback called
Bus state is: 0
Set Net Indication Callback called
Bus state is: 0
Set Net Indication Callback called
Bus state is: 0
Set Net Indication Callback called
Bus state is: 0
Set Net Indication Callback called
Bus state is: 0
Set Net Indication Callback called
Bus state is: 0
Set Net Indication Callback called
Bus state is: 0
Set Net Indication Callback called
Bus state is: 0
Set Net Indication Callback called
Bus state is: 0
Set Net Indication Callback called
Bus state is: 0
Set Net Indication Callback called
Bus state is: 0
Set Net Indication Callback called
Bus state is: 0
Set Net Indication Callback called
Bus state is: 0
Set Net Indication Callback called
Bus state is: 0
Set Net Indication Callback called
Bus state is: 0
Set Net Indication Callback called
Bus state is: 0
Set Net Indication Callback called
Bus state is: 0
Set Net Indication Callback called
Bus state is: 0
Set Net Indication Callback called
Bus state is: 0
Set Net Indication Callback called
Bus state is: 0
Set Net Indication Callback called
Bus state is: 0
Set Net Indication Callback called
Bus state is: 0
Set Net Indication Callback called
Bus state is: 0
Set Net Indication Callback called
Bus state is: 0
Set Net Indication Callback called
Bus state is: 0
Set Net Indication Callback called
Bus state is: 0
Set Net Indication Callback called
Bus state is: 0
Set Net Indication Callback called
Bus state is: 0
Set Net Indication Callback called
Bus state is: 0
Set Net Indication Callback called
Bus state is: 0
Set Net Indication Callback called
Bus state is: 0
Set Net Indication Callback called
Bus state is: 0
Set Net Indication Callback called
Bus state is: 0
Set Net Indication Callback called
Bus state is: 0
Set Net Indication Callback called
Bus state is: 0
Set Net Indication Callback called
Bus state is: 0
Set Net Indication Callback called
Bus state is: 0
Set Net Indication Callback called
Bus state is: 0
Set Net Indication Callback called
Bus state is: 0
Set Net Indication Callback called
Bus state is: 0
Set Net Indication Callback called
Bus state is: 0
Set Net Indication Callback called
Bus state is: 0
Set Net Indication Callback called
Bus state is: 0
Set Net Indication Callback called
Bus state is: 0
Set Net Indication Callback called
Bus state is: 0
Set Net Indication Callback called
Bus state is: 0
Set Net Indication Callback called
Bus state is: 0
Set Net Indication Callback called
Bus state is: 0
Set Net Indication Callback called
Bus state is: 0
Set Net Indication Callback called
Bus state is: 0
Set Net Indication Callback called
Bus state is: 0
Set Net Indication Callback called
Bus state is: 0
Set Net Indication Callback called
Bus state is: 0
Set Net Indication Callback called
Bus state is: 0
Set Net Indication Callback called
Bus state is: 0
Set Net Indication Callback called
Bus state is: 0
Set Net Indication Callback called
Bus state is: 0
Set Net Indication Callback called
Bus state is: 0
Set Net Indication Callback called
Bus state is: 0
Set Net Indication Callback called
Bus state is: 0
Set Net Indication Callback called
Bus state is: 0
Set Net Indication Callback called
Bus state is: 0
Set Net Indication Callback called
Bus state is: 0
Set Net Indication Callback called
Bus state is: 0
Set Net Indication Callback called
Bus state is: 0
Set Net Indication Callback called
Bus state is: 0
Set Net Indication Callback called
Bus state is: 0
Set Net Indication Callback called
Bus state is: 0
Set Net Indication Callback called
Bus state is: 0
Set Net Indication Callback called
Bus state is: 0
Set Net Indication Callback called
Bus state is: 0
Set Net Indication Callback called
Bus state is: 0
Set Net Indication Callback called
Bus state is: 0
Set Net Indication Callback called
Bus state is: 0
Set Net Indication Callback called
Bus state is: 0
Set Net Indication Callback called
Bus state is: 0
Set Net Indication Callback called
Bus state is: 0
Set Net Indication Callback called
Bus state is: 0
Set Net Indication Callback called
Bus state is: 0
Set Net Indication Callback called
Bus state is: 0
Set Net Indication Callback called
Bus state is: 0
Set Net Indication Callback called
Bus state is: 0
Set Net Indication Callback called
Bus state is: 0
Set Net Indication Callback called
Bus state is: 0
Set Net Indication Callback called
Bus state is: 0
Set Net Indication Callback called
Bus state is: 0
Set Net Indication Callback called
Bus state is: 0
Set Net Indication Callback called
Bus state is: 0
Set Net Indication Callback called
Bus state is: 0
Set Net Indication Callback called
Bus state is: 0
Set Net Indication Callback called
Bus state is: 0
Set Net Indication Callback called
Bus state is: 0
Set Net Indication Callback called
Bus state is: 0
Set Net Indication Callback called
Bus state is: 0
Set Net Indication Callback called
Bus state is: 0
Set Net Indication Callback called
Bus state is: 0
Set Net Indication Callback called
Bus state is: 0
Set Net Indication Callback called
Bus state is: 0
Set Net Indication Callback called
Bus state is: 0
Set Net Indication Callback called
Bus state is: 0
Set Net Indication Callback called
Bus state is: 0
Set Net Indication Callback called
Bus state is: 0
Set Net Indication Callback called
Bus state is: 0
Set Net Indication Callback called
Bus state is: 0
Set Net Indication Callback called
Bus state is: 0
Set Net Indication Callback called
Bus state is: 0
Set Net Indication Callback called
Bus state is: 0
Set Net Indication Callback called
Bus state is: 0
Set Net Indication Callback called
Bus state is: 0
Set Net Indication Callback called
Bus state is: 0
Set Net Indication Callback called
Bus state is: 0
Set Net Indication Callback called
Bus state is: 0
Set Net Indication Callback called
Bus state is: 0
Set Net Indication Callback called
Bus state is: 0
Set Net Indication Callback called
Bus state is: 0
Set Net Indication Callback called
Bus state is: 0
Set Net Indication Callback called
Bus state is: 0
Set Net Indication Callback called
Bus state is: 0
Set Net Indication Callback called
Bus state is: 0
Set Net Indication Callback called
Bus state is: 0
Set Net Indication Callback called
Bus state is: 0
Set Net Indication Callback called
Bus state is: 0
Set Net Indication Callback called
Bus state is: 0
Set Net Indication Callback called
Bus state is: 0
Set Net Indication Callback called
Bus state is: 0
Set Net Indication Callback called
Bus state is: 0
Set Net Indication Callback called
Bus state is: 0
Set Net Indication Callback called
Bus state is: 0
Set Net Indication Callback called
Bus state is: 0
Set Net Indication Callback called
Bus state is: 0
Set Net Indication Callback called
Bus state is: 0
Set Net Indication Callback called
Bus state is: 0
Set Net Indication Callback called
Bus state is: 0
Set Net Indication Callback called
Bus state is: 0
Set Net Indication Callback called
Bus state is: 0
Set Net Indication Callback called
Bus state is: 0
Set Net Indication Callback called
Bus state is: 0
Set Net Indication Callback called
Bus state is: 0
Set Net Indication Callback called
Bus state is: 0
Set Net Indication Callback called
Bus state is: 0
Set Net Indication Callback called
Bus state is: 0
Set Net Indication Callback called
Bus state is: 0
Set Net Indication Callback called
Bus state is: 0
Set Net Indication Callback called
Bus state is: 0
Set Net Indication Callback called
Bus state is: 0
Set Net Indication Callback called
Bus state is: 0
Set Net Indication Callback called
Bus state is: 0
Set Net Indication Callback called
Bus state is: 0
Set Net Indication Callback called
Bus state is: 0
Set Net Indication Callback called
Bus state is: 0
Set Net Indication Callback called
Bus state is: 0
Set Net Indication Callback called
Bus state is: 0
Set Net Indication Callback called
Bus state is: 0
Set Net Indication Callback called
Bus state is: 0
Set Net Indication Callback called
Bus state is: 0
Set Net Indication Callback called
Bus state is: 0
Set Net Indication Callback called
Bus state is: 0
Set Net Indication Callback called
Bus state is: 0
Set Net Indication Callback called
Bus state is: 0
Set Net Indication Callback called
Bus state is: 0
Set Net Indication Callback called
Bus state is: 0
Set Net Indication Callback called
Bus state is: 0
Set Net Indication Callback called
Bus state is: 0
Set Net Indication Callback called
Bus state is: 0
Set Net Indication Callback called
Bus state is: 0
Set Net Indication Callback called
Bus state is: 0
Set Net Indication Callback called
Bus state is: 0
Set Net Indication Callback called
Bus state is: 0
Set Net Indication Callback called
Bus state is: 0
Set Net Indication Callback called
Bus state is: 0
Set Net Indication Callback called
Bus state is: 0
Set Net Indication Callback called
Bus state is: 0
Set Net Indication Callback called
Bus state is: 0
Set Net Indication Callback called
Bus state is: 0
Set Net Indication Callback called
Bus state is: 0
Set Net Indication Callback called
Bus state is: 0
Set Net Indication Callback called
Bus state is: 0
Set Net Indication Callback called
Bus state is: 0
Set Net Indication Callback called
Bus state is: 0
Set Net Indication Callback called
Bus state is: 0
Set Net Indication Callback called
Bus state is: 0
Set Net Indication Callback called
Bus state is: 0
Set Net Indication Callback called
Bus state is: 0
Set Net Indication Callback called
Bus state is: 0
Set Net Indication Callback called
Bus state is: 0
Set Net Indication Callback called
Bus state is: 0
Set Net Indication Callback called
Bus state is: 0
Set Net Indication Callback called
Bus state is: 0
Set Net Indication Callback called
Bus state is: 0
Set Net Indication Callback called
Bus state is: 0
Set Net Indication Callback called
Bus state is: 0
Set Net Indication Callback called
Bus state is: 0
Set Net Indication Callback called
Bus state is: 0
Set Net Indication Callback called
Bus state is: 0
Set Net Indication Callback called
Bus state is: 0
Set Net Indication Callback called
Bus state is: 0
Set Net Indication Callback called
Bus state is: 0
Set Net Indication Callback called
Bus state is: 0
Set Net Indication Callback called
Bus state is: 0
Set Net Indication Callback called
Bus state is: 0
Set Net Indication Callback called
Bus state is: 0
Set Net Indication Callback called
Bus state is: 0
Set Net Indication Callback called
Bus state is: 0
Set Net Indication Callback called
Bus state is: 0
Set Net Indication Callback called
Bus state is: 0
Set Net Indication Callback called
Bus state is: 0
Set Net Indication Callback called
Bus state is: 0
Set Net Indication Callback called
Bus state is: 0
Set Net Indication Callback called
Bus state is: 0
Set Net Indication Callback called
Bus state is: 0
Set Net Indication Callback called
Bus state is: 0
Set Net Indication Callback called
Bus state is: 0
Set Net Indication Callback called
Bus state is: 0
Set Net Indication Callback called
Bus state is: 0
Set Net Indication Callback called
Bus state is: 0
Set Net Indication Callback called
Bus state is: 0
Set Net Indication Callback called
Bus state is: 0
Set Net Indication Callback called
Bus state is: 0
Set Net Indication Callback called
Bus state is: 0
Set Net Indication Callback called
Bus state is: 0
Set Net Indication Callback called
Bus state is: 0
Set Net Indication Callback called
Bus state is: 0
Set Net Indication Callback called
Bus state is: 0
Set Net Indication Callback called
Bus state is: 0
Set Net Indication Callback called
Bus state is: 0
Set Net Indication Callback called
Bus state is: 0
Set Net Indication Callback called
Bus state is: 0
Set Net Indication Callback called
Bus state is: 0
Set Net Indication Callback called
Bus state is: 0
Set Net Indication Callback called
Bus state is: 0
Set Net Indication Callback called
Bus state is: 0
Set Net Indication Callback called
Bus state is: 0
Set Net Indication Callback called
Bus state is: 0
Set Net Indication Callback called
Bus state is: 0
Set Net Indication Callback called
Bus state is: 0
Set Net Indication Callback called
Bus state is: 0
Set Net Indication Callback called
Bus state is: 0
Set Net Indication Callback called
Bus state is: 0
Set Net Indication Callback called
Bus state is: 0
Set Net Indication Callback called
Bus state is: 0
Set Net Indication Callback called
Bus state is: 0
Set Net Indication Callback called
Bus state is: 0
Set Net Indication Callback called
Bus state is: 0
Set Net Indication Callback called
Bus state is: 0
Set Net Indication Callback called
Bus state is: 0
Set Net Indication Callback called
Bus state is: 0
Set Net Indication Callback called
Bus state is: 0
Set Net Indication Callback called
Bus state is: 0
Set Net Indication Callback called
Bus state is: 0
Set Net Indication Callback called
Bus state is: 0
Set Net Indication Callback called
Bus state is: 0
Set Net Indication Callback called
Bus state is: 0
Set Net Indication Callback called
Bus state is: 0
Set Net Indication Callback called
Bus state is: 0
Set Net Indication Callback called
Bus state is: 0
Set Net Indication Callback called
Bus state is: 0
Set Net Indication Callback called
Bus state is: 0
Set Net Indication Callback called
Bus state is: 0
Set Net Indication Callback called
Bus state is: 0
Set Net Indication Callback called
Bus state is: 0
Set Net Indication Callback called
Bus state is: 0
Set Net Indication Callback called
Bus state is: 0
Set Net Indication Callback called
Bus state is: 0
Set Net Indication Callback called
Bus state is: 0
Set Net Indication Callback called
Bus state is: 0
Set Net Indication Callback called
Bus state is: 0
Set Net Indication Callback called
Bus state is: 0
Set Net Indication Callback called
Bus state is: 0
Set Net Indication Callback called
Bus state is: 0
Set Net Indication Callback called
Bus state is: 0
Set Net Indication Callback called
Bus state is: 0
Set Net Indication Callback called
Bus state is: 0
Set Net Indication Callback called
Bus state is: 0
Set Net Indication Callback called
Bus state is: 0
Set Net Indication Callback called
Bus state is: 0
Set Net Indication Callback called
Bus state is: 0
Set Net Indication Callback called
Bus state is: 0
Set Net Indication Callback called
Bus state is: 0
Set Net Indication Callback called
Bus state is: 0
Set Net Indication Callback called
Bus state is: 0
Set Net Indication Callback called
Bus state is: 0
Set Net Indication Callback called
Bus state is: 0
Set Net Indication Callback called
Bus state is: 0
Set Net Indication Callback called
Bus state is: 0
Set Net Indication Callback called
Bus state is: 0
Set Net Indication Callback called
Bus state is: 0
Set Net Indication Callback called
Bus state is: 0
Set Net Indication Callback called
Bus state is: 0
Set Net Indication Callback called
Bus state is: 0
Set Net Indication Callback called
Bus state is: 0
Set Net Indication Callback called
Bus state is: 0
Set Net Indication Callback called
Bus state is: 0
Set Net Indication Callback called
Bus state is: 0
Set Net Indication Callback called
Bus state is: 0
Set Net Indication Callback called
Bus state is: 0
Set Net Indication Callback called
Bus state is: 0
Set Net Indication Callback called
Bus state is: 0
Set Net Indication Callback called
Bus state is: 0
Set Net Indication Callback called
Bus state is: 0
Set Net Indication Callback called
Bus state is: 0
Set Net Indication Callback called
Bus state is: 0
Set Net Indication Callback called
Bus state is: 0
Set Net Indication Callback called
Bus state is: 0
Set Net Indication Callback called
Bus state is: 0
Set Net Indication Callback called
Bus state is: 0
Set Net Indication Callback called
Bus state is: 0
Set Net Indication Callback called
Bus state is: 0
Set Net Indication Callback called
Bus state is: 0
Set Net Indication Callback called
Bus state is: 0
Set Net Indication Callback called
Bus state is: 0
Set Net Indication Callback called
Bus state is: 0
Set Net Indication Callback called
Bus state is: 0
Set Net Indication Callback called
Bus state is: 0
Set Net Indication Callback called
Bus state is: 0
Set Net Indication Callback called
Bus state is: 0
Set Net Indication Callback called
Bus state is: 0
Set Net Indication Callback called
Bus state is: 0
Set Net Indication Callback called
Bus state is: 0
Set Net Indication Callback called
Bus state is: 0
Set Net Indication Callback called
Bus state is: 0
Set Net Indication Callback called
Bus state is: 0
Set Net Indication Callback called
Bus state is: 0
Set Net Indication Callback called
Bus state is: 0
Set Net Indication Callback called
Bus state is: 0
Set Net Indication Callback called
Bus state is: 0
Set Net Indication Callback called
Bus state is: 0
Set Net Indication Callback called
Bus state is: 0
Set Net Indication Callback called
Bus state is: 0
Set Net Indication Callback called
Bus state is: 0
Set Net Indication Callback called
Bus state is: 0
Set Net Indication Callback called
Bus state is: 0
Set Net Indication Callback called
Bus state is: 0
Set Net Indication Callback called
Bus state is: 0
Set Net Indication Callback called
Bus state is: 0
Set Net Indication Callback called
Bus state is: 0
Set Net Indication Callback called
Bus state is: 0
Set Net Indication Callback called
Bus state is: 0
Set Net Indication Callback called
Bus state is: 0
Set Net Indication Callback called
Bus state is: 0
Set Net Indication Callback called
Bus state is: 0
Set Net Indication Callback called
Bus state is: 0
Set Net Indication Callback called
Bus state is: 0
Set Net Indication Callback called
Bus state is: 0
Set Net Indication Callback called
Bus state is: 0
Set Net Indication Callback called
Bus state is: 0
Set Net Indication Callback called
Bus state is: 0
Set Net Indication Callback called
Bus state is: 0
Set Net Indication Callback called
Bus state is: 0
Set Net Indication Callback called
Bus state is: 0
Set Net Indication Callback called
Bus state is: 0
Set Net Indication Callback called
Bus state is: 0
Set Net Indication Callback called
Bus state is: 0
Set Net Indication Callback called
Bus state is: 0
Set Net Indication Callback called
Bus state is: 0
Set Net Indication Callback called
Bus state is: 0
Set Net Indication Callback called
Bus state is: 0
Set Net Indication Callback called
Bus state is: 0
Set Net Indication Callback called
Bus state is: 0
Set Net Indication Callback called
Bus state is: 0
Set Net Indication Callback called
Bus state is: 0
Set Net Indication Callback called
Bus state is: 0
Set Net Indication Callback called
Bus state is: 0
Set Net Indication Callback called
Bus state is: 0
Set Net Indication Callback called
Bus state is: 0
Set Net Indication Callback called
Bus state is: 0
Set Net Indication Callback called
Bus state is: 0
Set Net Indication Callback called
Bus state is: 0
Set Net Indication Callback called
Bus state is: 0
Set Net Indication Callback called
Bus state is: 0
Set Net Indication Callback called
Bus state is: 0
Set Net Indication Callback called
Bus state is: 0
Set Net Indication Callback called
Bus state is: 0
Set Net Indication Callback called
Bus state is: 0
Set Net Indication Callback called
Bus state is: 0
Set Net Indication Callback called
Bus state is: 0
Set Net Indication Callback called
Bus state is: 0
Set Net Indication Callback called
Bus state is: 0
Set Net Indication Callback called
Bus state is: 0
Set Net Indication Callback called
Bus state is: 0
Set Net Indication Callback called
Bus state is: 0
Set Net Indication Callback called
Bus state is: 0
Set Net Indication Callback called
Bus state is: 0
Set Net Indication Callback called
Bus state is: 0
Set Net Indication Callback called
Bus state is: 0
Set Net Indication Callback called
Bus state is: 0
Set Net Indication Callback called
Bus state is: 0
Set Net Indication Callback called
Bus state is: 0
Set Net Indication Callback called
Bus state is: 0
Set Net Indication Callback called
Bus state is: 0
Set Net Indication Callback called
Bus state is: 0
Set Net Indication Callback called
Bus state is: 0
Set Net Indication Callback called
Bus state is: 0
Set Net Indication Callback called
Bus state is: 0
Set Net Indication Callback called
Bus state is: 0
Set Net Indication Callback called
Bus state is: 0
Set Net Indication Callback called
Bus state is: 0
Set Net Indication Callback called
Bus state is: 0
Set Net Indication Callback called
Bus state is: 0
Set Net Indication Callback called
Bus state is: 0
Set Net Indication Callback called
Bus state is: 0
Set Net Indication Callback called
Bus state is: 0
Set Net Indication Callback called
Bus state is: 0
Set Net Indication Callback called
Bus state is: 0
Set Net Indication Callback called
Bus state is: 0
Set Net Indication Callback called
Bus state is: 0
Set Net Indication Callback called
Bus state is: 0
Set Net Indication Callback called
Bus state is: 0
Set Net Indication Callback called
Bus state is: 0
Set Net Indication Callback called
Bus state is: 0
Set Net Indication Callback called
Bus state is: 0
Set Net Indication Callback called
Bus state is: 0
Set Net Indication Callback called
Bus state is: 0
Set Net Indication Callback called
Bus state is: 0
Set Net Indication Callback called
Bus state is: 0
Set Net Indication Callback called
Bus state is: 0
Set Net Indication Callback called
Bus state is: 0
Set Net Indication Callback called
Bus state is: 0
Set Net Indication Callback called
Bus state is: 0
Set Net Indication Callback called
Bus state is: 0
Set Net Indication Callback called
Bus state is: 0
Set Net Indication Callback called
Bus state is: 0
Set Net Indication Callback called
Bus state is: 0
Set Net Indication Callback called
Bus state is: 0
Set Net Indication Callback called
Bus state is: 0
Set Net Indication Callback called
Bus state is: 0
Set Net Indication Callback called
Bus state is: 0
Set Net Indication Callback called
Bus state is: 0
Set Net Indication Callback called
Bus state is: 0
Set Net Indication Callback called
Bus state is: 0
Set Net Indication Callback called
Bus state is: 0
Set Net Indication Callback called
Bus state is: 0
Set Net Indication Callback called
Bus state is: 0
Set Net Indication Callback called
Bus state is: 0
Set Net Indication Callback called
Bus state is: 0
Set Net Indication Callback called
Bus state is: 0
Set Net Indication Callback called
Bus state is: 0
Set Net Indication Callback called
Bus state is: 0
Set Net Indication Callback called
Bus state is: 0
Set Net Indication Callback called
Bus state is: 0
Set Net Indication Callback called
Bus state is: 0
Set Net Indication Callback called
Bus state is: 0
Set Net Indication Callback called
Bus state is: 0
Set Net Indication Callback called
Bus state is: 0
Set Net Indication Callback called
Bus state is: 0
Set Net Indication Callback called
Bus state is: 0
Set Net Indication Callback called
Bus state is: 0
Set Net Indication Callback called
Bus state is: 0
Set Net Indication Callback called
Bus state is: 0
Set Net Indication Callback called
Bus state is: 0
Set Net Indication Callback called
Bus state is: 0
Set Net Indication Callback called
Bus state is: 0
Set Net Indication Callback called
Bus state is: 0
Set Net Indication Callback called
Bus state is: 0
Set Net Indication Callback called
Bus state is: 0
Set Net Indication Callback called
Bus state is: 0
Set Net Indication Callback called
Bus state is: 0
Set Net Indication Callback called
Bus state is: 0
Set Net Indication Callback called
Bus state is: 0
Set Net Indication Callback called
Bus state is: 0
Set Net Indication Callback called
Bus state is: 0
Set Net Indication Callback called
Bus state is: 0
Set Net Indication Callback called
Bus state is: 0
Set Net Indication Callback called
Bus state is: 0
Set Net Indication Callback called
Bus state is: 0
Set Net Indication Callback called
Bus state is: 0
Set Net Indication Callback called
Bus state is: 0
Set Net Indication Callback called
Bus state is: 0
Set Net Indication Callback called
Bus state is: 0
Set Net Indication Callback called
Bus state is: 0
Set Net Indication Callback called
Bus state is: 0
Set Net Indication Callback called
Bus state is: 0
Set Net Indication Callback called
Bus state is: 0
Set Net Indication Callback called
Bus state is: 0
Set Net Indication Callback called
Bus state is: 0
Set Net Indication Callback called
Bus state is: 0
Set Net Indication Callback called
Bus state is: 0
Set Net Indication Callback called
Bus state is: 0
Set Net Indication Callback called
Bus state is: 0
Set Net Indication Callback called
Bus state is: 0
Set Net Indication Callback called
Bus state is: 0
Set Net Indication Callback called
Bus state is: 0
Set Net Indication Callback called
Bus state is: 0
Set Net Indication Callback called
Bus state is: 0
Set Net Indication Callback called
Bus state is: 0
Set Net Indication Callback called
Bus state is: 0
Set Net Indication Callback called
Bus state is: 0
Set Net Indication Callback called
Bus state is: 0
Set Net Indication Callback called
Bus state is: 0
Set Net Indication Callback called
Bus state is: 0
Set Net Indication Callback called
Bus state is: 0
Set Net Indication Callback called
Bus state is: 0
Set Net Indication Callback called
Bus state is: 0
Set Net Indication Callback called
Bus state is: 0
Set Net Indication Callback called
Bus state is: 0
Set Net Indication Callback called
Bus state is: 0
Set Net Indication Callback called
Bus state is: 0
Set Net Indication Callback called
Bus state is: 0
Set Net Indication Callback called
Bus state is: 0
Set Net Indication Callback called
Bus state is: 0
Set Net Indication Callback called
Bus state is: 0
Set Net Indication Callback called
Bus state is: 0
Set Net Indication Callback called
Bus state is: 0
Set Net Indication Callback called
Bus state is: 0
Set Net Indication Callback called
Bus state is: 0
Set Net Indication Callback called
Bus state is: 0
Set Net Indication Callback called
Bus state is: 0
Set Net Indication Callback called
Bus state is: 0
Set Net Indication Callback called
Bus state is: 0
Set Net Indication Callback called
Bus state is: 0
Set Net Indication Callback called
Bus state is: 0
Set Net Indication Callback called
Bus state is: 0
Set Net Indication Callback called
Bus state is: 0
Set Net Indication Callback called
Bus state is: 0
Set Net Indication Callback called
Bus state is: 0
Set Net Indication Callback called
Bus state is: 0
Set Net Indication Callback called
Bus state is: 0
Set Net Indication Callback called
Bus state is: 0
Set Net Indication Callback called
Bus state is: 0
Set Net Indication Callback called
Bus state is: 0
Set Net Indication Callback called
Bus state is: 0
Set Net Indication Callback called
Bus state is: 0
Set Net Indication Callback called
Bus state is: 0
Set Net Indication Callback called
Bus state is: 0
Set Net Indication Callback called
Bus state is: 0
Set Net Indication Callback called
Bus state is: 0
Set Net Indication Callback called
Bus state is: 0
Set Net Indication Callback called
Bus state is: 0
Set Net Indication Callback called
Bus state is: 0
Set Net Indication Callback called
Bus state is: 0
Set Net Indication Callback called
Bus state is: 0
Set Net Indication Callback called
Bus state is: 0
Set Net Indication Callback called
Bus state is: 0
Set Net Indication Callback called
Bus state is: 0
Set Net Indication Callback called
Bus state is: 0
Set Net Indication Callback called
Bus state is: 0
Set Net Indication Callback called
Bus state is: 0
Set Net Indication Callback called
Bus state is: 0
Set Net Indication Callback called
Bus state is: 0
Set Net Indication Callback called
Bus state is: 0
Set Net Indication Callback called
Bus state is: 0
Set Net Indication Callback called
Bus state is: 0
Set Net Indication Callback called
Bus state is: 0
Set Net Indication Callback called
Bus state is: 0
Set Net Indication Callback called
Bus state is: 0
Set Net Indication Callback called
Bus state is: 0
Set Net Indication Callback called
Bus state is: 0
Set Net Indication Callback called
Bus state is: 0
Set Net Indication Callback called
Bus state is: 0
Set Net Indication Callback called
Bus state is: 0
Set Net Indication Callback called
Bus state is: 0
Set Net Indication Callback called
Bus state is: 0
Set Net Indication Callback called
Bus state is: 0
Set Net Indication Callback called
Bus state is: 0
Set Net Indication Callback called
Bus state is: 0
Set Net Indication Callback called
Bus state is: 0
Set Net Indication Callback called
Bus state is: 0
Set Net Indication Callback called
Bus state is: 0
Set Net Indication Callback called
Bus state is: 0
Set Net Indication Callback called
Bus state is: 0
Set Net Indication Callback called
Bus state is: 0
Set Net Indication Callback called
Bus state is: 0
Set Net Indication Callback called
Bus state is: 0
Set Net Indication Callback called
Bus state is: 0
Set Net Indication Callback called
Bus state is: 0
Set Net Indication Callback called
Bus state is: 0
Set Net Indication Callback called
Bus state is: 0
Set Net Indication Callback called
Bus state is: 0
Set Net Indication Callback called
Bus state is: 0
Set Net Indication Callback called
Bus state is: 0
Set Net Indication Callback called
Bus state is: 0
Set Net Indication Callback called
Bus state is: 0
Set Net Indication Callback called
Bus state is: 0
Set Net Indication Callback called
Bus state is: 0
Set Net Indication Callback called
Bus state is: 0
Set Net Indication Callback called
Bus state is: 0
Set Net Indication Callback called
Bus state is: 0
Set Net Indication Callback called
Bus state is: 0
Set Net Indication Callback called
Bus state is: 0
Set Net Indication Callback called
Bus state is: 0
Set Net Indication Callback called
Bus state is: 0
Set Net Indication Callback called
Bus state is: 0
Set Net Indication Callback called
Bus state is: 0
Set Net Indication Callback called
Bus state is: 0
Set Net Indication Callback called
Bus state is: 0
Set Net Indication Callback called
Bus state is: 0
Set Net Indication Callback called
Bus state is: 0
Set Net Indication Callback called
Bus state is: 0
Set Net Indication Callback called
Bus state is: 0
Set Net Indication Callback called
Bus state is: 0
Set Net Indication Callback called
Bus state is: 0
Set Net Indication Callback called
Bus state is: 0
Set Net Indication Callback called
Bus state is: 0
Set Net Indication Callback called
Bus state is: 0
Set Net Indication Callback called
Bus state is: 0
Set Net Indication Callback called
Bus state is: 0
Set Net Indication Callback called
Bus state is: 0
Set Net Indication Callback called
Bus state is: 0
Set Net Indication Callback called
Bus state is: 0
Set Net Indication Callback called
Bus state is: 0
Set Net Indication Callback called
Bus state is: 0
Set Net Indication Callback called
Bus state is: 0
Set Net Indication Callback called
Bus state is: 0
Set Net Indication Callback called
Bus state is: 0
Set Net Indication Callback called
Bus state is: 0
Set Net Indication Callback called
Bus state is: 0
Set Net Indication Callback called
Bus state is: 0
Set Net Indication Callback called
Bus state is: 0
Set Net Indication Callback called
Bus state is: 0
Set Net Indication Callback called
Bus state is: 0
Set Net Indication Callback called
Bus state is: 0
Set Net Indication Callback called
Bus state is: 0
Set Net Indication Callback called
Bus state is: 0
Set Net Indication Callback called
Bus state is: 0
Set Net Indication Callback called
Bus state is: 0
Set Net Indication Callback called
Bus state is: 0
Set Net Indication Callback called
Bus state is: 0
Set Net Indication Callback called
Bus state is: 0
Set Net Indication Callback called
Bus state is: 0
Set Net Indication Callback called
Bus state is: 0
Set Net Indication Callback called
Bus state is: 0
Set Net Indication Callback called
Bus state is: 0
Set Net Indication Callback called
Bus state is: 0
Set Net Indication Callback called
Bus state is: 0
Set Net Indication Callback called
Bus state is: 0
Set Net Indication Callback called
Bus state is: 0
Set Net Indication Callback called
Bus state is: 0
Set Net Indication Callback called
Bus state is: 0
Set Net Indication Callback called
Bus state is: 0
Set Net Indication Callback called
Bus state is: 0
Set Net Indication Callback called
Bus state is: 0
Set Net Indication Callback called
Bus state is: 0
Set Net Indication Callback called
Bus state is: 0
Set Net Indication Callback called
Bus state is: 0
Set Net Indication Callback called
Bus state is: 0
Set Net Indication Callback called
Bus state is: 0
Set Net Indication Callback called
Bus state is: 0
Set Net Indication Callback called
Bus state is: 0
Set Net Indication Callback called
Bus state is: 0
Set Net Indication Callback called
Bus state is: 0
Set Net Indication Callback called
Bus state is: 0
Set Net Indication Callback called
Bus state is: 0
Set Net Indication Callback called
Bus state is: 0
Set Net Indication Callback called
Bus state is: 0
Set Net Indication Callback called
Bus state is: 0
Set Net Indication Callback called
Bus state is: 0
Set Net Indication Callback called
Bus state is: 0
Set Net Indication Callback called
Bus state is: 0
Set Net Indication Callback called
Bus state is: 0
Set Net Indication Callback called
Bus state is: 0
Set Net Indication Callback called
Bus state is: 0
Set Net Indication Callback called
Bus state is: 0
Set Net Indication Callback called
Bus state is: 0
Set Net Indication Callback called
Bus state is: 0
Set Net Indication Callback called
Bus state is: 0
Set Net Indication Callback called
Bus state is: 0
Set Net Indication Callback called
Bus state is: 0
Set Net Indication Callback called
Bus state is: 0
Set Net Indication Callback called
Bus state is: 0
Set Net Indication Callback called
Bus state is: 0
Set Net Indication Callback called
Bus state is: 0
Set Net Indication Callback called
Bus state is: 0
Set Net Indication Callback called
Bus state is: 0
Set Net Indication Callback called
Bus state is: 0
Set Net Indication Callback called
Bus state is: 0
Set Net Indication Callback called
Bus state is: 0
Set Net Indication Callback called
Bus state is: 0
Set Net Indication Callback called
Bus state is: 0
Set Net Indication Callback called
Bus state is: 0
Set Net Indication Callback called
Bus state is: 0
Set Net Indication Callback called
Bus state is: 0
Set Net Indication Callback called
Bus state is: 0
Set Net Indication Callback called
Bus state is: 0
Set Net Indication Callback called
Bus state is: 0
Set Net Indication Callback called
Bus state is: 0
Set Net Indication Callback called
Bus state is: 0
Set Net Indication Callback called
Bus state is: 0
Set Net Indication Callback called
Bus state is: 0
Set Net Indication Callback called
Bus state is: 0
Set Net Indication Callback called
Bus state is: 0
Set Net Indication Callback called
Bus state is: 0
Set Net Indication Callback called
Bus state is: 0
Set Net Indication Callback called
Bus state is: 0
Set Net Indication Callback called
Bus state is: 0
Set Net Indication Callback called
Bus state is: 0
Set Net Indication Callback called
Bus state is: 0
Set Net Indication Callback called
Bus state is: 0
Set Net Indication Callback called
Bus state is: 0
Set Net Indication Callback called
Bus state is: 0
Set Net Indication Callback called
Bus state is: 0
Set Net Indication Callback called
Bus state is: 0
Set Net Indication Callback called
Bus state is: 0
Set Net Indication Callback called
Bus state is: 0
Set Net Indication Callback called
Bus state is: 0
Set Net Indication Callback called
Bus state is: 0
Set Net Indication Callback called
Bus state is: 0
Set Net Indication Callback called
Bus state is: 0
Set Net Indication Callback called
Bus state is: 0
Set Net Indication Callback called
Bus state is: 0
Set Net Indication Callback called
Bus state is: 0
Set Net Indication Callback called
Bus state is: 0
Set Net Indication Callback called
Bus state is: 0
Set Net Indication Callback called
Bus state is: 0
Set Net Indication Callback called
Bus state is: 0
Set Net Indication Callback called
Bus state is: 0
Set Net Indication Callback called
Bus state is: 0
Set Net Indication Callback called
Bus state is: 0
Set Net Indication Callback called
Bus state is: 0
Set Net Indication Callback called
Bus state is: 0
Set Net Indication Callback called
Bus state is: 0
Set Net Indication Callback called
Bus state is: 0
Set Net Indication Callback called
Bus state is: 0
Set Net Indication Callback called
Bus state is: 0
Set Net Indication Callback called
Bus state is: 0
Set Net Indication Callback called
Bus state is: 0
Set Net Indication Callback called
Bus state is: 0
Set Net Indication Callback called
Bus state is: 0
Set Net Indication Callback called
Bus state is: 0
Set Net Indication Callback called
Bus state is: 0
Set Net Indication Callback called
Bus state is: 0
Set Net Indication Callback called
Bus state is: 0
Set Net Indication Callback called
Bus state is: 0
Set Net Indication Callback called
Bus state is: 0
Set Net Indication Callback called
Bus state is: 0
Set Net Indication Callback called
Bus state is: 0
Set Net Indication Callback called
Bus state is: 0
Set Net Indication Callback called
Bus state is: 0
Set Net Indication Callback called
Bus state is: 0
Set Net Indication Callback called
Bus state is: 0
Set Net Indication Callback called
Bus state is: 0
Set Net Indication Callback called
Bus state is: 0
Set Net Indication Callback called
Bus state is: 0
Set Net Indication Callback called
Bus state is: 0
Set Net Indication Callback called
Bus state is: 0
Set Net Indication Callback called
Bus state is: 0
Set Net Indication Callback called
Bus state is: 0
Set Net Indication Callback called
Bus state is: 0
Set Net Indication Callback called
Bus state is: 0
Set Net Indication Callback called
Bus state is: 0
Set Net Indication Callback called
Bus state is: 0
Set Net Indication Callback called
Bus state is: 0
Set Net Indication Callback called
Bus state is: 0
Set Net Indication Callback called
Bus state is: 0
Set Net Indication Callback called
Bus state is: 0
Set Net Indication Callback called
Bus state is: 0
Set Net Indication Callback called
Bus state is: 0
Set Net Indication Callback called
Bus state is: 0
Set Net Indication Callback called
Bus state is: 0
Set Net Indication Callback called
Bus state is: 0
Set Net Indication Callback called
Bus state is: 0
Set Net Indication Callback called
Bus state is: 0
Set Net Indication Callback called
Bus state is: 0
Set Net Indication Callback called
Bus state is: 0
Set Net Indication Callback called
Bus state is: 0
Set Net Indication Callback called
Bus state is: 0
Set Net Indication Callback called
Bus state is: 0
Set Net Indication Callback called
Bus state is: 0
Set Net Indication Callback called
Bus state is: 0
Set Net Indication Callback called
Bus state is: 0
Set Net Indication Callback called
Bus state is: 0
Set Net Indication Callback called
Bus state is: 0
Set Net Indication Callback called
Bus state is: 0
Set Net Indication Callback called
Bus state is: 0
Set Net Indication Callback called
Bus state is: 0
Set Net Indication Callback called
Bus state is: 0
Set Net Indication Callback called
Bus state is: 0
Set Net Indication Callback called
Bus state is: 0
Set Net Indication Callback called
Bus state is: 0
Set Net Indication Callback called
Bus state is: 0
Set Net Indication Callback called
Bus state is: 0
Set Net Indication Callback called
Bus state is: 0
Set Net Indication Callback called
Bus state is: 0
Set Net Indication Callback called
Bus state is: 0
Set Net Indication Callback called
Bus state is: 0
Set Net Indication Callback called
Bus state is: 0
Set Net Indication Callback called
Bus state is: 0
Set Net Indication Callback called
Bus state is: 0
Set Net Indication Callback called
Bus state is: 0
Set Net Indication Callback called
Bus state is: 0
Set Net Indication Callback called
Bus state is: 0
Set Net Indication Callback called
Bus state is: 0
Set Net Indication Callback called
Bus state is: 0
Set Net Indication Callback called
Bus state is: 0
Set Net Indication Callback called
Bus state is: 0
Set Net Indication Callback called
Bus state is: 0
Set Net Indication Callback called
Bus state is: 0
Set Net Indication Callback called
Bus state is: 0
Set Net Indication Callback called
Bus state is: 0
Set Net Indication Callback called
Bus state is: 0
Set Net Indication Callback called
Bus state is: 0
Set Net Indication Callback called
Bus state is: 0
Set Net Indication Callback called
Bus state is: 0
Set Net Indication Callback called
Bus state is: 0
Set Net Indication Callback called
Bus state is: 0
Set Net Indication Callback called
Bus state is: 0
Set Net Indication Callback called
Bus state is: 0
Set Net Indication Callback called
Bus state is: 0
Set Net Indication Callback called
Bus state is: 0
Set Net Indication Callback called
Bus state is: 0
Set Net Indication Callback called
Bus state is: 0
Set Net Indication Callback called
Bus state is: 0
Set Net Indication Callback called
Bus state is: 0
Set Net Indication Callback called
Bus state is: 0
Set Net Indication Callback called
Bus state is: 0
Set Net Indication Callback called
Bus state is: 0
Set Net Indication Callback called
Bus state is: 0
Set Net Indication Callback called
Bus state is: 0
Set Net Indication Callback called
Bus state is: 0
Set Net Indication Callback called
Bus state is: 0
Set Net Indication Callback called
Bus state is: 0
Set Net Indication Callback called
Bus state is: 0
Set Net Indication Callback called
Bus state is: 0
Set Net Indication Callback called
Bus state is: 0
Set Net Indication Callback called
Bus state is: 0
Set Net Indication Callback called
Bus state is: 0
Set Net Indication Callback called
Bus state is: 0
Set Net Indication Callback called
Bus state is: 0
Set Net Indication Callback called
Bus state is: 0
Set Net Indication Callback called
Bus state is: 0
Set Net Indication Callback called
Bus state is: 0
Set Net Indication Callback called
Bus state is: 0
Set Net Indication Callback called
Bus state is: 0
Set Net Indication Callback called
Bus state is: 0
Set Net Indication Callback called
Bus state is: 0
Set Net Indication Callback called
Bus state is: 0
Set Net Indication Callback called
Bus state is: 0
Set Net Indication Callback called
Bus state is: 0
Set Net Indication Callback called
Bus state is: 0
Set Net Indication Callback called
Bus state is: 0
Set Net Indication Callback called
Bus state is: 0
Set Net Indication Callback called
Bus state is: 0
Set Net Indication Callback called
Bus state is: 0
Set Net Indication Callback called
Bus state is: 0
Set Net Indication Callback called
Bus state is: 0
Set Net Indication Callback called
Bus state is: 0
Set Net Indication Callback called
Bus state is: 0
Set Net Indication Callback called
Bus state is: 0
Set Net Indication Callback called
Bus state is: 0
Set Net Indication Callback called
Bus state is: 0
Set Net Indication Callback called
Bus state is: 0
Set Net Indication Callback called
Bus state is: 0
Set Net Indication Callback called
Bus state is: 0
Set Net Indication Callback called
Bus state is: 0
Set Net Indication Callback called
Bus state is: 0
Set Net Indication Callback called
Bus state is: 0
Set Net Indication Callback called
Bus state is: 0
Set Net Indication Callback called
Bus state is: 0
Set Net Indication Callback called
Bus state is: 0
Set Net Indication Callback called
Bus state is: 0
Set Net Indication Callback called
Bus state is: 0
Set Net Indication Callback called
Bus state is: 0
Set Net Indication Callback called
Bus state is: 0
Set Net Indication Callback called
Bus state is: 0
Set Net Indication Callback called
Bus state is: 0
Set Net Indication Callback called
Bus state is: 0
Set Net Indication Callback called
Bus state is: 0
Set Net Indication Callback called
Bus state is: 0
Set Net Indication Callback called
Bus state is: 0
Set Net Indication Callback called
Bus state is: 0
Set Net Indication Callback called
Bus state is: 0
Set Net Indication Callback called
Bus state is: 0
Set Net Indication Callback called
Bus state is: 0
Set Net Indication Callback called
Bus state is: 0
Set Net Indication Callback called
Bus state is: 0
Set Net Indication Callback called
Bus state is: 0
Set Net Indication Callback called
Bus state is: 0
Set Net Indication Callback called
Bus state is: 0
Set Net Indication Callback called
Bus state is: 0
Set Net Indication Callback called
Bus state is: 0
Set Net Indication Callback called
Bus state is: 0
Set Net Indication Callback called
Bus state is: 0
Set Net Indication Callback called
Bus state is: 0
Set Net Indication Callback called
Bus state is: 0
Set Net Indication Callback called
Bus state is: 0
Set Net Indication Callback called
Bus state is: 0
Set Net Indication Callback called
Bus state is: 0
Set Net Indication Callback called
Bus state is: 0
Set Net Indication Callback called
Bus state is: 0
Set Net Indication Callback called
Bus state is: 0
Set Net Indication Callback called
Bus state is: 0
Set Net Indication Callback called
Bus state is: 0
Set Net Indication Callback called
Bus state is: 0
Set Net Indication Callback called
Bus state is: 0
Set Net Indication Callback called
Bus state is: 0
Set Net Indication Callback called
Bus state is: 0
Set Net Indication Callback called
Bus state is: 0
Set Net Indication Callback called
Bus state is: 0
Set Net Indication Callback called
Bus state is: 0
Set Net Indication Callback called
Bus state is: 0
Set Net Indication Callback called
Bus state is: 0
Set Net Indication Callback called
Bus state is: 0
Set Net Indication Callback called
Bus state is: 0
Set Net Indication Callback called
Bus state is: 0
Set Net Indication Callback called
Bus state is: 0
Set Net Indication Callback called
Bus state is: 0
Set Net Indication Callback called
Bus state is: 0
Set Net Indication Callback called
Bus state is: 0
Set Net Indication Callback called
Bus state is: 0
Set Net Indication Callback called
Bus state is: 0
Set Net Indication Callback called
Bus state is: 0
Set Net Indication Callback called
Bus state is: 0
Set Net Indication Callback called
Bus state is: 0
Set Net Indication Callback called
Bus state is: 0
Set Net Indication Callback called
Bus state is: 0
Set Net Indication Callback called
Bus state is: 0
Set Net Indication Callback called
Bus state is: 0
Set Net Indication Callback called
Bus state is: 0
Set Net Indication Callback called
Bus state is: 0
Set Net Indication Callback called
Bus state is: 0
Set Net Indication Callback called
Bus state is: 0
Set Net Indication Callback called
Bus state is: 0
Set Net Indication Callback called
Bus state is: 0
Set Net Indication Callback called
Bus state is: 0
Set Net Indication Callback called
Bus state is: 0
Set Net Indication Callback called
Bus state is: 0
Set Net Indication Callback called
Bus state is: 0
Set Net Indication Callback called
Bus state is: 0
Set Net Indication Callback called
Bus state is: 0
Set Net Indication Callback called
Bus state is: 0
Set Net Indication Callback called
Bus state is: 0
Set Net Indication Callback called
Bus state is: 0
Set Net Indication Callback called
Bus state is: 0
Set Net Indication Callback called
Bus state is: 0
Set Net Indication Callback called
Bus state is: 0
Set Net Indication Callback called
Bus state is: 0
Set Net Indication Callback called
Bus state is: 0
Set Net Indication Callback called
Bus state is: 0
Set Net Indication Callback called
Bus state is: 0
Set Net Indication Callback called
Bus state is: 0
Set Net Indication Callback called
Bus state is: 0
Set Net Indication Callback called
Bus state is: 0
Set Net Indication Callback called
Bus state is: 0
Set Net Indication Callback called
Bus state is: 0
Set Net Indication Callback called
Bus state is: 0
Set Net Indication Callback called
Bus state is: 0
Set Net Indication Callback called
Bus state is: 0
Set Net Indication Callback called
Bus state is: 0
Set Net Indication Callback called
Bus state is: 0
Set Net Indication Callback called
Bus state is: 0
Set Net Indication Callback called
Bus state is: 0
Set Net Indication Callback called
Bus state is: 0
Set Net Indication Callback called
Bus state is: 0
Set Net Indication Callback called
Bus state is: 0
Set Net Indication Callback called
Bus state is: 0
Set Net Indication Callback called
Bus state is: 0
Set Net Indication Callback called
Bus state is: 0
Set Net Indication Callback called
Bus state is: 0
Set Net Indication Callback called
Bus state is: 0
Set Net Indication Callback called
Bus state is: 0
Set Net Indication Callback called
Bus state is: 0
Set Net Indication Callback called
Bus state is: 0
Set Net Indication Callback called
Bus state is: 0
Set Net Indication Callback called
Bus state is: 0
Set Net Indication Callback called
Bus state is: 0
Set Net Indication Callback called
Bus state is: 0
Set Net Indication Callback called
Bus state is: 0
Set Net Indication Callback called
Bus state is: 0
Set Net Indication Callback called
Bus state is: 0
Set Net Indication Callback called
Bus state is: 0
Set Net Indication Callback called
Bus state is: 0
Set Net Indication Callback called
Bus state is: 0
Set Net Indication Callback called
Bus state is: 0
Set Net Indication Callback called
Bus state is: 0
Set Net Indication Callback called
Bus state is: 0
Set Net Indication Callback called
Bus state is: 0
Set Net Indication Callback called
Bus state is: 0
Set Net Indication Callback called
Bus state is: 0
Set Net Indication Callback called
Bus state is: 0
Set Net Indication Callback called
Bus state is: 0
Set Net Indication Callback called
Bus state is: 0
Set Net Indication Callback called
Bus state is: 0
Set Net Indication Callback called
Bus state is: 0
Set Net Indication Callback called
Bus state is: 0
Set Net Indication Callback called
Bus state is: 0
Set Net Indication Callback called
Bus state is: 0
Set Net Indication Callback called
Bus state is: 0
Set Net Indication Callback called
Bus state is: 0
Set Net Indication Callback called
Bus state is: 0
Set Net Indication Callback called
Bus state is: 0
Set Net Indication Callback called
Bus state is: 0
Set Net Indication Callback called
Bus state is: 0
Set Net Indication Callback called
Bus state is: 0
Set Net Indication Callback called
Bus state is: 0
Set Net Indication Callback called
Bus state is: 0
Set Net Indication Callback called
Bus state is: 0
Set Net Indication Callback called
Bus state is: 0
Set Net Indication Callback called
Bus state is: 0
Set Net Indication Callback called
Bus state is: 0
Set Net Indication Callback called
Bus state is: 0
Set Net Indication Callback called
Bus state is: 0
Set Net Indication Callback called
Bus state is: 0
Set Net Indication Callback called
Bus state is: 0
Set Net Indication Callback called
Bus state is: 0
Set Net Indication Callback called
Bus state is: 0
Set Net Indication Callback called
Bus state is: 0
Set Net Indication Callback called
Bus state is: 0
Set Net Indication Callback called
Bus state is: 0
Set Net Indication Callback called
Bus state is: 0
Set Net Indication Callback called
Bus state is: 0
Set Net Indication Callback called
Bus state is: 0
Set Net Indication Callback called
Bus state is: 0
Set Net Indication Callback called
Bus state is: 0
Set Net Indication Callback called
Bus state is: 0
Set Net Indication Callback called
Bus state is: 0
Set Net Indication Callback called
Bus state is: 0
Set Net Indication Callback called
Bus state is: 0
Set Net Indication Callback called
Bus state is: 0
Set Net Indication Callback called
Bus state is: 0
Set Net Indication Callback called
Bus state is: 0
Set Net Indication Callback called
Bus state is: 0
Set Net Indication Callback called
Bus state is: 0
Set Net Indication Callback called
Bus state is: 0
Set Net Indication Callback called
Bus state is: 0
Set Net Indication Callback called
Bus state is: 0
Set Net Indication Callback called
Bus state is: 0
Set Net Indication Callback called
Bus state is: 0
Set Net Indication Callback called
Bus state is: 0
Set Net Indication Callback called
Bus state is: 0
Set Net Indication Callback called
Bus state is: 0
Set Net Indication Callback called
Bus state is: 0
Set Net Indication Callback called
Bus state is: 0
Set Net Indication Callback called
Bus state is: 0
Set Net Indication Callback called
Bus state is: 0
Set Net Indication Callback called
Bus state is: 0
Set Net Indication Callback called
Bus state is: 0
Set Net Indication Callback called
Bus state is: 0
Set Net Indication Callback called
Bus state is: 0
Set Net Indication Callback called
Bus state is: 0
Set Net Indication Callback called
Bus state is: 0
Set Net Indication Callback called
Bus state is: 0
Set Net Indication Callback called
Bus state is: 0
Set Net Indication Callback called
Bus state is: 0
Set Net Indication Callback called
Bus state is: 0
Set Net Indication Callback called
Bus state is: 0
Set Net Indication Callback called
Bus state is: 0
Set Net Indication Callback called
Bus state is: 0
Set Net Indication Callback called
Bus state is: 0
Set Net Indication Callback called
Bus state is: 0
Set Net Indication Callback called
Bus state is: 0
Set Net Indication Callback called
Bus state is: 0
Set Net Indication Callback called
Bus state is: 0
Set Net Indication Callback called
Bus state is: 0
Set Net Indication Callback called
Bus state is: 0
Set Net Indication Callback called
Bus state is: 0
Set Net Indication Callback called
Bus state is: 0
Set Net Indication Callback called
Bus state is: 0
Set Net Indication Callback called
Bus state is: 0
Set Net Indication Callback called
Bus state is: 0
Set Net Indication Callback called
Bus state is: 0
Set Net Indication Callback called
Bus state is: 0
Set Net Indication Callback called
Bus state is: 0
Set Net Indication Callback called
Bus state is: 0
Set Net Indication Callback called
Bus state is: 0
Set Net Indication Callback called
Bus state is: 0
Set Net Indication Callback called
Bus state is: 0
Set Net Indication Callback called
Bus state is: 0
Set Net Indication Callback called
Bus state is: 0
Set Net Indication Callback called
Bus state is: 0
Set Net Indication Callback called
Bus state is: 0
Set Net Indication Callback called
Bus state is: 0
Set Net Indication Callback called
Bus state is: 0
Set Net Indication Callback called
Bus state is: 0
Set Net Indication Callback called
Bus state is: 0
Set Net Indication Callback called
Bus state is: 0
Set Net Indication Callback called
Bus state is: 0
Set Net Indication Callback called
Bus state is: 0
Set Net Indication Callback called
Bus state is: 0
Set Net Indication Callback called
Bus state is: 0
Set Net Indication Callback called
Bus state is: 0
Set Net Indication Callback called
Bus state is: 0
Set Net Indication Callback called
Bus state is: 0
Set Net Indication Callback called
Bus state is: 0
Set Net Indication Callback called
Bus state is: 0
Set Net Indication Callback called
Bus state is: 0
Set Net Indication Callback called
Bus state is: 0
Set Net Indication Callback called
Bus state is: 0
Set Net Indication Callback called
Bus state is: 0
Set Net Indication Callback called
Bus state is: 0
Set Net Indication Callback called
Bus state is: 0
Set Net Indication Callback called
Bus state is: 0
Set Net Indication Callback called
Bus state is: 0
Set Net Indication Callback called
Bus state is: 0
Set Net Indication Callback called
Bus state is: 0
Set Net Indication Callback called
Bus state is: 0
Set Net Indication Callback called
Bus state is: 0
Set Net Indication Callback called
Bus state is: 0
Set Net Indication Callback called
Bus state is: 0
Set Net Indication Callback called
Bus state is: 0
Set Net Indication Callback called
Bus state is: 0
Set Net Indication Callback called
Bus state is: 0
Set Net Indication Callback called
Bus state is: 0
Set Net Indication Callback called
Bus state is: 0
Set Net Indication Callback called
Bus state is: 0
Set Net Indication Callback called
Bus state is: 0
Set Net Indication Callback called
Bus state is: 0
Set Net Indication Callback called
Bus state is: 0
Set Net Indication Callback called
Bus state is: 0
Set Net Indication Callback called
Bus state is: 0
Set Net Indication Callback called
Bus state is: 0
Set Net Indication Callback called
Bus state is: 0
Set Net Indication Callback called
Bus state is: 0
Set Net Indication Callback called
Bus state is: 0
Set Net Indication Callback called
Bus state is: 0
Set Net Indication Callback called
Bus state is: 0
Set Net Indication Callback called
Bus state is: 0
Set Net Indication Callback called
Bus state is: 0
Set Net Indication Callback called
Bus state is: 0
Set Net Indication Callback called
Bus state is: 0
Set Net Indication Callback called
Bus state is: 0
Set Net Indication Callback called
Bus state is: 0
Set Net Indication Callback called
Bus state is: 0
Set Net Indication Callback called
Bus state is: 0
Set Net Indication Callback called
Bus state is: 0
Set Net Indication Callback called
Bus state is: 0
Set Net Indication Callback called
Bus state is: 0
Set Net Indication Callback called
Bus state is: 0
Set Net Indication Callback called
Bus state is: 0
Set Net Indication Callback called
Bus state is: 0
Set Net Indication Callback called
Bus state is: 0
Set Net Indication Callback called
Bus state is: 0
Set Net Indication Callback called
Bus state is: 0
Set Net Indication Callback called
Bus state is: 0
Set Net Indication Callback called
Bus state is: 0
Set Net Indication Callback called
Bus state is: 0
Set Net Indication Callback called
Bus state is: 0
Set Net Indication Callback called
Bus state is: 0
Set Net Indication Callback called
Bus state is: 0
Set Net Indication Callback called
Bus state is: 0
Set Net Indication Callback called
Bus state is: 0
Set Net Indication Callback called
Bus state is: 0
Set Net Indication Callback called
Bus state is: 0
Set Net Indication Callback called
Bus state is: 0
Set Net Indication Callback called
Bus state is: 0
Set Net Indication Callback called
Bus state is: 0
Set Net Indication Callback called
Bus state is: 0
Set Net Indication Callback called
Bus state is: 0
Set Net Indication Callback called
Bus state is: 0
Set Net Indication Callback called
Bus state is: 0
Set Net Indication Callback called
Bus state is: 0
Set Net Indication Callback called
Bus state is: 0
Set Net Indication Callback called
Bus state is: 0
Set Net Indication Callback called
Bus state is: 0
Set Net Indication Callback called
Bus state is: 0
Set Net Indication Callback called
Bus state is: 0
Set Net Indication Callback called
Bus state is: 0
Set Net Indication Callback called
Bus state is: 0
Set Net Indication Callback called
Bus state is: 0
Set Net Indication Callback called
Bus state is: 0
Set Net Indication Callback called
Bus state is: 0
Set Net Indication Callback called
Bus state is: 0
Set Net Indication Callback called
Bus state is: 0
Set Net Indication Callback called
Bus state is: 0
Set Net Indication Callback called
Bus state is: 0
Set Net Indication Callback called
Bus state is: 0
Set Net Indication Callback called
Bus state is: 0
Set Net Indication Callback called
Bus state is: 0
Set Net Indication Callback called
Bus state is: 0
Set Net Indication Callback called
Bus state is: 0
Set Net Indication Callback called
Bus state is: 0
Set Net Indication Callback called
Bus state is: 0
Set Net Indication Callback called
Bus state is: 0
Set Net Indication Callback called
Bus state is: 0
Set Net Indication Callback called
Bus state is: 0
Set Net Indication Callback called
Bus state is: 0
Set Net Indication Callback called
Bus state is: 0
Set Net Indication Callback called
Bus state is: 0
Set Net Indication Callback called
Bus state is: 0
Set Net Indication Callback called
Bus state is: 0
Set Net Indication Callback called
Bus state is: 0
Set Net Indication Callback called
Bus state is: 0
Set Net Indication Callback called
Bus state is: 0
Set Net Indication Callback called
Bus state is: 0
Set Net Indication Callback called
Bus state is: 0
Set Net Indication Callback called
Bus state is: 0
Set Net Indication Callback called
Bus state is: 0
Set Net Indication Callback called
Bus state is: 0
Set Net Indication Callback called
Bus state is: 0
Set Net Indication Callback called
Bus state is: 0
Set Net Indication Callback called
Bus state is: 0
Set Net Indication Callback called
Bus state is: 0
Set Net Indication Callback called
Bus state is: 0
Set Net Indication Callback called
Bus state is: 0
Set Net Indication Callback called
Bus state is: 0
Set Net Indication Callback called
Bus state is: 0
Set Net Indication Callback called
Bus state is: 0
Set Net Indication Callback called
Bus state is: 0
Set Net Indication Callback called
Bus state is: 0
Set Net Indication Callback called
Bus state is: 0
Set Net Indication Callback called
Bus state is: 0
Set Net Indication Callback called
Bus state is: 0
Set Net Indication Callback called
Bus state is: 0
Set Net Indication Callback called
Bus state is: 0
Set Net Indication Callback called
Bus state is: 0
Set Net Indication Callback called
Bus state is: 0
Set Net Indication Callback called
Bus state is: 0
Set Net Indication Callback called
Bus state is: 0
Set Net Indication Callback called
Bus state is: 0
Set Net Indication Callback called
Bus state is: 0
Set Net Indication Callback called
Bus state is: 0
Set Net Indication Callback called
Bus state is: 0
Set Net Indication Callback called
Bus state is: 0
Set Net Indication Callback called
Bus state is: 0
Set Net Indication Callback called
Bus state is: 0
Set Net Indication Callback called
Bus state is: 0
Set Net Indication Callback called
Bus state is: 0
Set Net Indication Callback called
Bus state is: 0
Set Net Indication Callback called
Bus state is: 0
Set Net Indication Callback called
Bus state is: 0
Set Net Indication Callback called
Bus state is: 0
Set Net Indication Callback called
Bus state is: 0
Set Net Indication Callback called
Bus state is: 0
Set Net Indication Callback called
Bus state is: 0
Set Net Indication Callback called
Bus state is: 0
Set Net Indication Callback called
Bus state is: 0
Set Net Indication Callback called
Bus state is: 0
Set Net Indication Callback called
Bus state is: 0
Set Net Indication Callback called
Bus state is: 0
Set Net Indication Callback called
Bus state is: 0
Set Net Indication Callback called
Bus state is: 0
Set Net Indication Callback called
Bus state is: 0
Set Net Indication Callback called
Bus state is: 0
Set Net Indication Callback called
Bus state is: 0
Set Net Indication Callback called
Bus state is: 0
Set Net Indication Callback called
Bus state is: 0
Set Net Indication Callback called
Bus state is: 0
Set Net Indication Callback called
Bus state is: 0
Set Net Indication Callback called
Bus state is: 0
Set Net Indication Callback called
Bus state is: 0
Set Net Indication Callback called
Bus state is: 0
Set Net Indication Callback called
Bus state is: 0
Set Net Indication Callback called
Bus state is: 0
Set Net Indication Callback called
Bus state is: 0
Set Net Indication Callback called
Bus state is: 0
Set Net Indication Callback called
Bus state is: 0
Set Net Indication Callback called
Bus state is: 0
Set Net Indication Callback called
Bus state is: 0
Set Net Indication Callback called
Bus state is: 0
Set Net Indication Callback called
Bus state is: 0
Set Net Indication Callback called
Bus state is: 0
Set Net Indication Callback called
Bus state is: 0
Set Net Indication Callback called
Bus state is: 0
Set Net Indication Callback called
Bus state is: 0
Set Net Indication Callback called
Bus state is: 0
Set Net Indication Callback called
Bus state is: 0
Set Net Indication Callback called
Bus state is: 0
Set Net Indication Callback called
Bus state is: 0
Set Net Indication Callback called
Bus state is: 0
Set Net Indication Callback called
Bus state is: 0
Set Net Indication Callback called
Bus state is: 0
Set Net Indication Callback called
Bus state is: 0
Set Net Indication Callback called
Bus state is: 0
Set Net Indication Callback called
Bus state is: 0
Set Net Indication Callback called
Bus state is: 0
Set Net Indication Callback called
Bus state is: 0
Set Net Indication Callback called
Bus state is: 0
Set Net Indication Callback called
Bus state is: 0
Set Net Indication Callback called
Bus state is: 0
Set Net Indication Callback called
Bus state is: 0
Set Net Indication Callback called
Bus state is: 0
Set Net Indication Callback called
Bus state is: 0
Set Net Indication Callback called
Bus state is: 0
Set Net Indication Callback called
Bus state is: 0
Set Net Indication Callback called
Bus state is: 0
Set Net Indication Callback called
Bus state is: 0
Set Net Indication Callback called
Bus state is: 0
Set Net Indication Callback called
Bus state is: 0
Set Net Indication Callback called
Bus state is: 0
Set Net Indication Callback called
Bus state is: 0
Set Net Indication Callback called
Bus state is: 0
Set Net Indication Callback called
Bus state is: 0
Set Net Indication Callback called
Bus state is: 0
Set Net Indication Callback called
Bus state is: 0
Set Net Indication Callback called
Bus state is: 0
Set Net Indication Callback called
Bus state is: 0
Set Net Indication Callback called
Bus state is: 0
Set Net Indication Callback called
Bus state is: 0
Set Net Indication Callback called
Bus state is: 0
Set Net Indication Callback called
Bus state is: 0
Set Net Indication Callback called
Bus state is: 0
Set Net Indication Callback called
Bus state is: 0
Set Net Indication Callback called
Bus state is: 0
Set Net Indication Callback called
Bus state is: 0
Set Net Indication Callback called
Bus state is: 0
Set Net Indication Callback called
Bus state is: 0
Set Net Indication Callback called
Bus state is: 0
Set Net Indication Callback called
Bus state is: 0
Set Net Indication Callback called
Bus state is: 0
Set Net Indication Callback called
Bus state is: 0
Set Net Indication Callback called
Bus state is: 0
Set Net Indication Callback called
Bus state is: 0
Set Net Indication Callback called
Bus state is: 0
Set Net Indication Callback called
Bus state is: 0
Set Net Indication Callback called
Bus state is: 0
Set Net Indication Callback called
Bus state is: 0
Set Net Indication Callback called
Bus state is: 0
Set Net Indication Callback called
Bus state is: 0
Set Net Indication Callback called
Bus state is: 0
Set Net Indication Callback called
Bus state is: 0
Set Net Indication Callback called
Bus state is: 0
Set Net Indication Callback called
Bus state is: 0
Set Net Indication Callback called
Bus state is: 0
Set Net Indication Callback called
Bus state is: 0
Set Net Indication Callback called
Bus state is: 0
Set Net Indication Callback called
Bus state is: 0
Set Net Indication Callback called
Bus state is: 0
Set Net Indication Callback called
Bus state is: 0
Set Net Indication Callback called
Bus state is: 0
Set Net Indication Callback called
Bus state is: 0
Set Net Indication Callback called
Bus state is: 0
Set Net Indication Callback called
Bus state is: 0
Set Net Indication Callback called
Bus state is: 0
Set Net Indication Callback called
Bus state is: 0
Set Net Indication Callback called
Bus state is: 0
Set Net Indication Callback called
Bus state is: 0
Set Net Indication Callback called
Bus state is: 0
Set Net Indication Callback called
Bus state is: 0
Set Net Indication Callback called
Bus state is: 0
Set Net Indication Callback called
Bus state is: 0
Set Net Indication Callback called
Bus state is: 0
Set Net Indication Callback called
Bus state is: 0
Set Net Indication Callback called
Bus state is: 0
Set Net Indication Callback called
Bus state is: 0
Set Net Indication Callback called
Bus state is: 0
Set Net Indication Callback called
Bus state is: 0
Set Net Indication Callback called
Bus state is: 0
Set Net Indication Callback called
Bus state is: 0
Set Net Indication Callback called
Bus state is: 0
Set Net Indication Callback called
Bus state is: 0
Set Net Indication Callback called
Bus state is: 0
Set Net Indication Callback called
Bus state is: 0
Set Net Indication Callback called
Bus state is: 0
Set Net Indication Callback called
Bus state is: 0
Set Net Indication Callback called
Bus state is: 0
Set Net Indication Callback called
Bus state is: 0
Set Net Indication Callback called
Bus state is: 0
Set Net Indication Callback called
Bus state is: 0
Set Net Indication Callback called
Bus state is: 0
Set Net Indication Callback called
Bus state is: 0
Set Net Indication Callback called
Bus state is: 0
Set Net Indication Callback called
Bus state is: 0
Set Net Indication Callback called
Bus state is: 0
Set Net Indication Callback called
Bus state is: 0
Set Net Indication Callback called
Bus state is: 0
Set Net Indication Callback called
Bus state is: 0
Set Net Indication Callback called
Bus state is: 0
Set Net Indication Callback called
Bus state is: 0
Set Net Indication Callback called
Bus state is: 0
Set Net Indication Callback called
Bus state is: 0
Set Net Indication Callback called
Bus state is: 0
Set Net Indication Callback called
Bus state is: 0
Set Net Indication Callback called
Bus state is: 0
Set Net Indication Callback called
Bus state is: 0
Set Net Indication Callback called
Bus state is: 0
Set Net Indication Callback called
Bus state is: 0
Set Net Indication Callback called
Bus state is: 0
Set Net Indication Callback called
Bus state is: 0
Set Net Indication Callback called
Bus state is: 0
Set Net Indication Callback called
Bus state is: 0
Set Net Indication Callback called
Bus state is: 0
Set Net Indication Callback called
Bus state is: 0
Set Net Indication Callback called
Bus state is: 0
Set Net Indication Callback called
Bus state is: 0
Set Net Indication Callback called
Bus state is: 0
Set Net Indication Callback called
Bus state is: 0
Set Net Indication Callback called
Bus state is: 0
Set Net Indication Callback called
Bus state is: 0
Set Net Indication Callback called
Bus state is: 0
Set Net Indication Callback called
Bus state is: 0
Set Net Indication Callback called
Bus state is: 0
Set Net Indication Callback called
Bus state is: 0
Set Net Indication Callback called
Bus state is: 0
Set Net Indication Callback called
Bus state is: 0
Set Net Indication Callback called
Bus state is: 0
Set Net Indication Callback called
Bus state is: 0
Set Net Indication Callback called
Bus state is: 0
Set Net Indication Callback called
Bus state is: 0
Set Net Indication Callback called
Bus state is: 0
Set Net Indication Callback called
Bus state is: 0
Set Net Indication Callback called
Bus state is: 0
Set Net Indication Callback called
Bus state is: 0
Set Net Indication Callback called
Bus state is: 0
Set Net Indication Callback called
Bus state is: 0
Set Net Indication Callback called
Bus state is: 0
Set Net Indication Callback called
Bus state is: 0
Set Net Indication Callback called
Bus state is: 0
Set Net Indication Callback called
Bus state is: 0
Set Net Indication Callback called
Bus state is: 0
Set Net Indication Callback called
Bus state is: 0
Set Net Indication Callback called
Bus state is: 0
Set Net Indication Callback called
Bus state is: 0
Set Net Indication Callback called
Bus state is: 0
Set Net Indication Callback called
Bus state is: 0
Set Net Indication Callback called
Bus state is: 0
Set Net Indication Callback called
Bus state is: 0
Set Net Indication Callback called
Bus state is: 0
Set Net Indication Callback called
Bus state is: 0
Set Net Indication Callback called
Bus state is: 0
Set Net Indication Callback called
Bus state is: 0
Set Net Indication Callback called
Bus state is: 0
Set Net Indication Callback called
Bus state is: 0
Set Net Indication Callback called
Bus state is: 0
Set Net Indication Callback called
Bus state is: 0
Set Net Indication Callback called
Bus state is: 0
Set Net Indication Callback called
Bus state is: 0
Set Net Indication Callback called
Bus state is: 0
Set Net Indication Callback called
Bus state is: 0
Set Net Indication Callback called
Bus state is: 0
Set Net Indication Callback called
Bus state is: 0
Set Net Indication Callback called
Bus state is: 0
Set Net Indication Callback called
Bus state is: 0
Set Net Indication Callback called
Bus state is: 0
Set Net Indication Callback called
Bus state is: 0
Set Net Indication Callback called
Bus state is: 0
Set Net Indication Callback called
Bus state is: 0
Set Net Indication Callback called
Bus state is: 0
Set Net Indication Callback called
Bus state is: 0
Set Net Indication Callback called
Bus state is: 0
Set Net Indication Callback called
Bus state is: 0
Set Net Indication Callback called
Bus state is: 0
Set Net Indication Callback called
Bus state is: 0
Set Net Indication Callback called
Bus state is: 0
Set Net Indication Callback called
Bus state is: 0
Set Net Indication Callback called
Bus state is: 0
Set Net Indication Callback called
Bus state is: 0
Set Net Indication Callback called
Bus state is: 0
Set Net Indication Callback called
Bus state is: 0
Set Net Indication Callback called
Bus state is: 0
Set Net Indication Callback called
Bus state is: 0
Set Net Indication Callback called
Bus state is: 0
Set Net Indication Callback called
Bus state is: 0
Set Net Indication Callback called
Bus state is: 0
Set Net Indication Callback called
Bus state is: 0
Set Net Indication Callback called
Bus state is: 0
Set Net Indication Callback called
Bus state is: 0
Set Net Indication Callback called
Bus state is: 0
Set Net Indication Callback called
Bus state is: 0
Set Net Indication Callback called
Bus state is: 0
Set Net Indication Callback called
Bus state is: 0
Set Net Indication Callback called
Bus state is: 0
Set Net Indication Callback called
Bus state is: 0
Set Net Indication Callback called
Bus state is: 0
Set Net Indication Callback called
Bus state is: 0
Set Net Indication Callback called
Bus state is: 0
Set Net Indication Callback called
Bus state is: 0
Set Net Indication Callback called
Bus state is: 0
Set Net Indication Callback called
Bus state is: 0
Set Net Indication Callback called
Bus state is: 0
Set Net Indication Callback called
Bus state is: 0
Set Net Indication Callback called
Bus state is: 0
Set Net Indication Callback called
Bus state is: 0
Set Net Indication Callback called
Bus state is: 0
Set Net Indication Callback called
Bus state is: 0
Set Net Indication Callback called
Bus state is: 0
Set Net Indication Callback called
Bus state is: 0
Set Net Indication Callback called
Bus state is: 0
Set Net Indication Callback called
Bus state is: 0
Set Net Indication Callback called
Bus state is: 0
Set Net Indication Callback called
Bus state is: 0
Set Net Indication Callback called
Bus state is: 0
Set Net Indication Callback called
Bus state is: 0
Set Net Indication Callback called
Bus state is: 0
Set Net Indication Callback called
Bus state is: 0
Set Net Indication Callback called
Bus state is: 0
Set Net Indication Callback called
Bus state is: 0
Set Net Indication Callback called
Bus state is: 0
Set Net Indication Callback called
Bus state is: 0
Set Net Indication Callback called
Bus state is: 0
Set Net Indication Callback called
Bus state is: 0
Set Net Indication Callback called
Bus state is: 0
Set Net Indication Callback called
Bus state is: 0
Set Net Indication Callback called
Bus state is: 0
Set Net Indication Callback called
Bus state is: 0
Set Net Indication Callback called
Bus state is: 0
Set Net Indication Callback called
Bus state is: 0
Set Net Indication Callback called
Bus state is: 0
Set Net Indication Callback called
Bus state is: 0
Set Net Indication Callback called
Bus state is: 0
Set Net Indication Callback called
Bus state is: 0
Set Net Indication Callback called
Bus state is: 0
Set Net Indication Callback called
Bus state is: 0
Set Net Indication Callback called
Bus state is: 0
Set Net Indication Callback called
Bus state is: 0
Set Net Indication Callback called
Bus state is: 0
Set Net Indication Callback called
Bus state is: 0
Set Net Indication Callback called
Bus state is: 0
Set Net Indication Callback called
Bus state is: 0
Set Net Indication Callback called
Bus state is: 0
Set Net Indication Callback called
Bus state is: 0
Set Net Indication Callback called
Bus state is: 0
Set Net Indication Callback called
Bus state is: 0
Set Net Indication Callback called
Bus state is: 0
Set Net Indication Callback called
Bus state is: 0
Set Net Indication Callback called
Bus state is: 0
Set Net Indication Callback called
Bus state is: 0
Set Net Indication Callback called
Bus state is: 0
Set Net Indication Callback called
Bus state is: 0
Set Net Indication Callback called
Bus state is: 0
Set Net Indication Callback called
Bus state is: 0
Set Net Indication Callback called
Bus state is: 0
Set Net Indication Callback called
Bus state is: 0
Set Net Indication Callback called
Bus state is: 0
Set Net Indication Callback called
Bus state is: 0
Set Net Indication Callback called
Bus state is: 0
Set Net Indication Callback called
Bus state is: 0
Set Net Indication Callback called
Bus state is: 0
Set Net Indication Callback called
Bus state is: 0
Set Net Indication Callback called
Bus state is: 0
Set Net Indication Callback called
Bus state is: 0
Set Net Indication Callback called
Bus state is: 0
Set Net Indication Callback called
Bus state is: 0
Set Net Indication Callback called
Bus state is: 0
Set Net Indication Callback called
Bus state is: 0
Set Net Indication Callback called
Bus state is: 0
Set Net Indication Callback called
Bus state is: 0
Set Net Indication Callback called
Bus state is: 0
Set Net Indication Callback called
Bus state is: 0
Set Net Indication Callback called
Bus state is: 0
Set Net Indication Callback called
Bus state is: 0
Set Net Indication Callback called
Bus state is: 0
Set Net Indication Callback called
Bus state is: 0
Set Net Indication Callback called
Bus state is: 0
Set Net Indication Callback called
Bus state is: 0
Set Net Indication Callback called
Bus state is: 0
Set Net Indication Callback called
Bus state is: 0
Set Net Indication Callback called
Bus state is: 0
Set Net Indication Callback called
Bus state is: 0
Set Net Indication Callback called
Bus state is: 0
Set Net Indication Callback called
Bus state is: 0
Set Net Indication Callback called
Bus state is: 0
Set Net Indication Callback called
Bus state is: 0
Set Net Indication Callback called
Bus state is: 0
Set Net Indication Callback called
Bus state is: 0
Set Net Indication Callback called
Bus state is: 0
Set Net Indication Callback called
Bus state is: 0
Set Net Indication Callback called
Bus state is: 0
Set Net Indication Callback called
Bus state is: 0
Set Net Indication Callback called
Bus state is: 0
Set Net Indication Callback called
Bus state is: 0
Set Net Indication Callback called
Bus state is: 0
Set Net Indication Callback called
Bus state is: 0
Set Net Indication Callback called
Bus state is: 0
Set Net Indication Callback called
Bus state is: 0
Set Net Indication Callback called
Bus state is: 0
Set Net Indication Callback called
Bus state is: 0
Set Net Indication Callback called
Bus state is: 0
Set Net Indication Callback called
Bus state is: 0
Set Net Indication Callback called
Bus state is: 0
Set Net Indication Callback called
Bus state is: 0
Set Net Indication Callback called
Bus state is: 0
Set Net Indication Callback called
Bus state is: 0
Set Net Indication Callback called
Bus state is: 0
Set Net Indication Callback called
Bus state is: 0
Set Net Indication Callback called
Bus state is: 0
Set Net Indication Callback called
Bus state is: 0
Set Net Indication Callback called
Bus state is: 0
Set Net Indication Callback called
Bus state is: 0
Set Net Indication Callback called
Bus state is: 0
Set Net Indication Callback called
Bus state is: 0
Set Net Indication Callback called
Bus state is: 0
Set Net Indication Callback called
Bus state is: 0
Set Net Indication Callback called
Bus state is: 0
Set Net Indication Callback called
Bus state is: 0
Set Net Indication Callback called
Bus state is: 0
Set Net Indication Callback called
Bus state is: 0
Set Net Indication Callback called
Bus state is: 0
Set Net Indication Callback called
Bus state is: 0
Set Net Indication Callback called
Bus state is: 0
Set Net Indication Callback called
Bus state is: 0
Set Net Indication Callback called
Bus state is: 0
Set Net Indication Callback called
Bus state is: 0
Set Net Indication Callback called
Bus state is: 0
Set Net Indication Callback called
Bus state is: 0
Set Net Indication Callback called
Bus state is: 0
Set Net Indication Callback called
Bus state is: 0
Set Net Indication Callback called
Bus state is: 0
Set Net Indication Callback called
Bus state is: 0
Set Net Indication Callback called
Bus state is: 0
Set Net Indication Callback called
Bus state is: 0
Set Net Indication Callback called
Bus state is: 0
Set Net Indication Callback called
Bus state is: 0
Set Net Indication Callback called
Bus state is: 0
Set Net Indication Callback called
Bus state is: 0
Set Net Indication Callback called
Bus state is: 0
Set Net Indication Callback called
Bus state is: 0
Set Net Indication Callback called
Bus state is: 0
Set Net Indication Callback called
Bus state is: 0
Set Net Indication Callback called
Bus state is: 0
Set Net Indication Callback called
Bus state is: 0
Set Net Indication Callback called
Bus state is: 0
Set Net Indication Callback called
Bus state is: 0
Set Net Indication Callback called
Bus state is: 0
Set Net Indication Callback called
Bus state is: 0
Set Net Indication Callback called
Bus state is: 0
Set Net Indication Callback called
Bus state is: 0
Set Net Indication Callback called
Bus state is: 0
Set Net Indication Callback called
Bus state is: 0
Set Net Indication Callback called
Bus state is: 0
Set Net Indication Callback called
Bus state is: 0
Set Net Indication Callback called
Bus state is: 0
Set Net Indication Callback called
Bus state is: 0
Set Net Indication Callback called
Bus state is: 0
Set Net Indication Callback called
Bus state is: 0
Set Net Indication Callback called
Bus state is: 0
Set Net Indication Callback called
Bus state is: 0
Set Net Indication Callback called
Bus state is: 0
Set Net Indication Callback called
Bus state is: 0
Set Net Indication Callback called
Bus state is: 0
Set Net Indication Callback called
Bus state is: 0
Set Net Indication Callback called
Bus state is: 0
Set Net Indication Callback called
Bus state is: 0
Set Net Indication Callback called
Bus state is: 0
Set Net Indication Callback called
Bus state is: 0
Set Net Indication Callback called
Bus state is: 0
Set Net Indication Callback called
Bus state is: 0
Set Net Indication Callback called
Bus state is: 0
Set Net Indication Callback called
Bus state is: 0
Set Net Indication Callback called
Bus state is: 0
Set Net Indication Callback called
Bus state is: 0
Set Net Indication Callback called
Bus state is: 0
Set Net Indication Callback called
Bus state is: 0
Set Net Indication Callback called
Bus state is: 0
Set Net Indication Callback called
Bus state is: 0
Set Net Indication Callback called
Bus state is: 0
Set Net Indication Callback called
Bus state is: 0
Set Net Indication Callback called
Bus state is: 0
Set Net Indication Callback called
Bus state is: 0
Set Net Indication Callback called
Bus state is: 0
Set Net Indication Callback called
Bus state is: 0
Set Net Indication Callback called
Bus state is: 0
Set Net Indication Callback called
Bus state is: 0
Set Net Indication Callback called
Bus state is: 0
Set Net Indication Callback called
Bus state is: 0
Set Net Indication Callback called
Bus state is: 0
Set Net Indication Callback called
Bus state is: 0
Set Net Indication Callback called
Bus state is: 0
Set Net Indication Callback called
Bus state is: 0
Set Net Indication Callback called
Bus state is: 0
Set Net Indication Callback called
Bus state is: 0
Set Net Indication Callback called
Bus state is: 0
Set Net Indication Callback called
Bus state is: 0
Set Net Indication Callback called
Bus state is: 0
Set Net Indication Callback called
Bus state is: 0
Set Net Indication Callback called
Bus state is: 0
Set Net Indication Callback called
Bus state is: 0
Set Net Indication Callback called
Bus state is: 0
Set Net Indication Callback called
Bus state is: 0
Set Net Indication Callback called
Bus state is: 0
Set Net Indication Callback called
Bus state is: 0
Set Net Indication Callback called
Bus state is: 0
Set Net Indication Callback called
Bus state is: 0
Set Net Indication Callback called
Bus state is: 0
Set Net Indication Callback called
Bus state is: 0
Set Net Indication Callback called
Bus state is: 0
Set Net Indication Callback called
Bus state is: 0
Set Net Indication Callback called
Bus state is: 0
Set Net Indication Callback called
Bus state is: 0
Set Net Indication Callback called
Bus state is: 0
Set Net Indication Callback called
Bus state is: 0
Set Net Indication Callback called
Bus state is: 0
Set Net Indication Callback called
Bus state is: 0
Set Net Indication Callback called
Bus state is: 0
Set Net Indication Callback called
Bus state is: 0
Set Net Indication Callback called
Bus state is: 0
Set Net Indication Callback called
Bus state is: 0
Set Net Indication Callback called
Bus state is: 0
Set Net Indication Callback called
Bus state is: 0
Set Net Indication Callback called
Bus state is: 0
Set Net Indication Callback called
Bus state is: 0
Set Net Indication Callback called
Bus state is: 0
Set Net Indication Callback called
Bus state is: 0
Set Net Indication Callback called
Bus state is: 0
Set Net Indication Callback called
Bus state is: 0
Set Net Indication Callback called
Bus state is: 0
Set Net Indication Callback called
Bus state is: 0
Set Net Indication Callback called
Bus state is: 0
Set Net Indication Callback called
Bus state is: 0
Set Net Indication Callback called
Bus state is: 0
Set Net Indication Callback called
Bus state is: 0
Set Net Indication Callback called
Bus state is: 0
Set Net Indication Callback called
Bus state is: 0
Set Net Indication Callback called
Bus state is: 0
Set Net Indication Callback called
Bus state is: 0
Set Net Indication Callback called
Bus state is: 0
Set Net Indication Callback called
Bus state is: 0
Set Net Indication Callback called
Bus state is: 0
Set Net Indication Callback called
Bus state is: 0
Set Net Indication Callback called
Bus state is: 0
Set Net Indication Callback called
Bus state is: 0
Set Net Indication Callback called
Bus state is: 0
Set Net Indication Callback called
Bus state is: 0
Set Net Indication Callback called
Bus state is: 0
Set Net Indication Callback called
Bus state is: 0
Set Net Indication Callback called
Bus state is: 0
Set Net Indication Callback called
Bus state is: 0
Set Net Indication Callback called
Bus state is: 0
Set Net Indication Callback called
Bus state is: 0
Set Net Indication Callback called
Bus state is: 0
Set Net Indication Callback called
Bus state is: 0
Set Net Indication Callback called
Bus state is: 0
Set Net Indication Callback called
Bus state is: 0
Set Net Indication Callback called
Bus state is: 0
Set Net Indication Callback called
Bus state is: 0
Set Net Indication Callback called
Bus state is: 0
Set Net Indication Callback called
Bus state is: 0
Set Net Indication Callback called
Bus state is: 0
Set Net Indication Callback called
Bus state is: 0
Set Net Indication Callback called
Bus state is: 0
Set Net Indication Callback called
Bus state is: 0
Set Net Indication Callback called
Bus state is: 0
Set Net Indication Callback called
Bus state is: 0
Set Net Indication Callback called
Bus state is: 0
Set Net Indication Callback called
Bus state is: 0
Set Net Indication Callback called
Bus state is: 0
Set Net Indication Callback called
Bus state is: 0
Set Net Indication Callback called
Bus state is: 0
Set Net Indication Callback called
Bus state is: 0
Set Net Indication Callback called
Bus state is: 0
Set Net Indication Callback called
Bus state is: 0
Set Net Indication Callback called
Bus state is: 0
Set Net Indication Callback called
Bus state is: 0
Set Net Indication Callback called
Bus state is: 0
Set Net Indication Callback called
Bus state is: 0
Set Net Indication Callback called
Bus state is: 0
Set Net Indication Callback called
Bus state is: 0
Set Net Indication Callback called
Bus state is: 0
Set Net Indication Callback called
Bus state is: 0
Set Net Indication Callback called
Bus state is: 0
Set Net Indication Callback called
Bus state is: 0
Set Net Indication Callback called
Bus state is: 0
Set Net Indication Callback called
Bus state is: 0
Set Net Indication Callback called
Bus state is: 0
Set Net Indication Callback called
Bus state is: 0
Set Net Indication Callback called
Bus state is: 0
Set Net Indication Callback called
Bus state is: 0
Set Net Indication Callback called
Bus state is: 0
Set Net Indication Callback called
Bus state is: 0
Set Net Indication Callback called
Bus state is: 0
Set Net Indication Callback called
Bus state is: 0
Set Net Indication Callback called
Bus state is: 0
Set Net Indication Callback called
Bus state is: 0
Set Net Indication Callback called
Bus state is: 0
Set Net Indication Callback called
Bus state is: 0
Set Net Indication Callback called
Bus state is: 0
Set Net Indication Callback called
Bus state is: 0
Set Net Indication Callback called
Bus state is: 0
Set Net Indication Callback called
Bus state is: 0
Set Net Indication Callback called
Bus state is: 0
Set Net Indication Callback called
Bus state is: 0
Set Net Indication Callback called
Bus state is: 0
Set Net Indication Callback called
Bus state is: 0
Set Net Indication Callback called
Bus state is: 0
Set Net Indication Callback called
Bus state is: 0
Set Net Indication Callback called
Bus state is: 0
Set Net Indication Callback called
Bus state is: 0
Set Net Indication Callback called
Bus state is: 0
Set Net Indication Callback called
Bus state is: 0
Set Net Indication Callback called
Bus state is: 0
Set Net Indication Callback called
Bus state is: 0
Set Net Indication Callback called
Bus state is: 0
Set Net Indication Callback called
Bus state is: 0
Set Net Indication Callback called
Bus state is: 0
Set Net Indication Callback called
Bus state is: 0
Set Net Indication Callback called
Bus state is: 0
Set Net Indication Callback called
Bus state is: 0
Set Net Indication Callback called
Bus state is: 0
Set Net Indication Callback called
Bus state is: 0
Set Net Indication Callback called
Bus state is: 0
Set Net Indication Callback called
Bus state is: 0
Set Net Indication Callback called
Bus state is: 0
Set Net Indication Callback called
Bus state is: 0
Set Net Indication Callback called
Bus state is: 0
Set Net Indication Callback called
Bus state is: 0
Set Net Indication Callback called
Bus state is: 0
Set Net Indication Callback called
Bus state is: 0
Set Net Indication Callback called
Bus state is: 0
Set Net Indication Callback called
Bus state is: 0
Set Net Indication Callback called
Bus state is: 0
Set Net Indication Callback called
Bus state is: 0
Set Net Indication Callback called
Bus state is: 0
Set Net Indication Callback called
Bus state is: 0
Set Net Indication Callback called
Bus state is: 0
Set Net Indication Callback called
Bus state is: 0
Set Net Indication Callback called
Bus state is: 0
Set Net Indication Callback called
Bus state is: 0
Set Net Indication Callback called
Bus state is: 0
Set Net Indication Callback called
Bus state is: 0
Set Net Indication Callback called
Bus state is: 0
Set Net Indication Callback called
Bus state is: 0
Set Net Indication Callback called
Bus state is: 0
Set Net Indication Callback called
Bus state is: 0
Set Net Indication Callback called
Bus state is: 0
Set Net Indication Callback called
Bus state is: 0
Set Net Indication Callback called
Bus state is: 0
Set Net Indication Callback called
Bus state is: 0
Set Net Indication Callback called
Bus state is: 0
Set Net Indication Callback called
Bus state is: 0
Set Net Indication Callback called
Bus state is: 0
Set Net Indication Callback called
Bus state is: 0
Set Net Indication Callback called
Bus state is: 0
Set Net Indication Callback called
Bus state is: 0
Set Net Indication Callback called
Bus state is: 0
Set Net Indication Callback called
Bus state is: 0
Set Net Indication Callback called
Bus state is: 0
Set Net Indication Callback called
Bus state is: 0
Set Net Indication Callback called
Bus state is: 0
Set Net Indication Callback called
Bus state is: 0
Set Net Indication Callback called
Bus state is: 0
Set Net Indication Callback called
Bus state is: 0
Set Net Indication Callback called
Bus state is: 0
Set Net Indication Callback called
Bus state is: 0
Set Net Indication Callback called
Bus state is: 0
Set Net Indication Callback called
Bus state is: 0
Set Net Indication Callback called
Bus state is: 0
Set Net Indication Callback called
Bus state is: 0
Set Net Indication Callback called
Bus state is: 0
Set Net Indication Callback called
Bus state is: 0
Set Net Indication Callback called
Bus state is: 0
Set Net Indication Callback called
Bus state is: 0
Set Net Indication Callback called
Bus state is: 0
Set Net Indication Callback called
Bus state is: 0
Set Net Indication Callback called
Bus state is: 0
Set Net Indication Callback called
Bus state is: 0
Set Net Indication Callback called
Bus state is: 0
Set Net Indication Callback called
Bus state is: 0
Set Net Indication Callback called
Bus state is: 0
Set Net Indication Callback called
Bus state is: 0
Set Net Indication Callback called
Bus state is: 0
Set Net Indication Callback called
Bus state is: 0
Set Net Indication Callback called
Bus state is: 0
Set Net Indication Callback called
Bus state is: 0
Set Net Indication Callback called
Bus state is: 0
Set Net Indication Callback called
Bus state is: 0
Set Net Indication Callback called
Bus state is: 0
Set Net Indication Callback called
Bus state is: 0
Set Net Indication Callback called
Bus state is: 0
Set Net Indication Callback called
Bus state is: 0
Set Net Indication Callback called
Bus state is: 0
Set Net Indication Callback called
Bus state is: 0
Set Net Indication Callback called
Bus state is: 0
Set Net Indication Callback called
Bus state is: 0
Set Net Indication Callback called
Bus state is: 0
Set Net Indication Callback called
Bus state is: 0
Set Net Indication Callback called
Bus state is: 0
Set Net Indication Callback called
Bus state is: 0
Set Net Indication Callback called
Bus state is: 0
Set Net Indication Callback called
Bus state is: 0
Set Net Indication Callback called
Bus state is: 0
Set Net Indication Callback called
Bus state is: 0
Set Net Indication Callback called
Bus state is: 0
Set Net Indication Callback called
Bus state is: 0
Set Net Indication Callback called
Bus state is: 0
Set Net Indication Callback called
Bus state is: 0
Set Net Indication Callback called
Bus state is: 0
Set Net Indication Callback called
Bus state is: 0
Set Net Indication Callback called
Bus state is: 0
Set Net Indication Callback called
Bus state is: 0
Set Net Indication Callback called
Bus state is: 0
Set Net Indication Callback called
Bus state is: 0
Set Net Indication Callback called
Bus state is: 0
Set Net Indication Callback called
Bus state is: 0
Set Net Indication Callback called
Bus state is: 0
Set Net Indication Callback called
Bus state is: 0
Set Net Indication Callback called
Bus state is: 0
Set Net Indication Callback called
Bus state is: 0
Set Net Indication Callback called
Bus state is: 0
Set Net Indication Callback called
Bus state is: 0
Set Net Indication Callback called
Bus state is: 0
Set Net Indication Callback called
Bus state is: 0
Set Net Indication Callback called
Bus state is: 0
Set Net Indication Callback called
Bus state is: 0
Set Net Indication Callback called
Bus state is: 0
Set Net Indication Callback called
Bus state is: 0
Set Net Indication Callback called
Bus state is: 0
Set Net Indication Callback called
Bus state is: 0
Set Net Indication Callback called
Bus state is: 0
Set Net Indication Callback called
Bus state is: 0
Set Net Indication Callback called
Bus state is: 0
Set Net Indication Callback called
Bus state is: 0
Set Net Indication Callback called
Bus state is: 0
Set Net Indication Callback called
Bus state is: 0
Set Net Indication Callback called
Bus state is: 0
Set Net Indication Callback called
Bus state is: 0
Set Net Indication Callback called
Bus state is: 0
Set Net Indication Callback called
Bus state is: 0
Set Net Indication Callback called
Bus state is: 0
Set Net Indication Callback called
Bus state is: 0
Set Net Indication Callback called
Bus state is: 0
Set Net Indication Callback called
Bus state is: 0
Set Net Indication Callback called
Bus state is: 0
Set Net Indication Callback called
Bus state is: 0
Set Net Indication Callback called
Bus state is: 0
Set Net Indication Callback called
Bus state is: 0
Set Net Indication Callback called
Bus state is: 0
Set Net Indication Callback called
Bus state is: 0
Set Net Indication Callback called
Bus state is: 0
Set Net Indication Callback called
Bus state is: 0
Set Net Indication Callback called
Bus state is: 0
Set Net Indication Callback called
Bus state is: 0
Set Net Indication Callback called
Bus state is: 0
Set Net Indication Callback called
Bus state is: 0
Set Net Indication Callback called
Bus state is: 0
Set Net Indication Callback called
Bus state is: 0
Set Net Indication Callback called
Bus state is: 0
Set Net Indication Callback called
Bus state is: 0
Set Net Indication Callback called
Bus state is: 0
Set Net Indication Callback called
Bus state is: 0
Set Net Indication Callback called
Bus state is: 0
Set Net Indication Callback called
Bus state is: 0
Set Net Indication Callback called
Bus state is: 0
Set Net Indication Callback called
Bus state is: 0
Set Net Indication Callback called
Bus state is: 0
Set Net Indication Callback called
Bus state is: 0
Set Net Indication Callback called
Bus state is: 0
Set Net Indication Callback called
Bus state is: 0
Set Net Indication Callback called
Bus state is: 0
Set Net Indication Callback called
Bus state is: 0
Set Net Indication Callback called
Bus state is: 0
Set Net Indication Callback called
Bus state is: 0
Set Net Indication Callback called
Bus state is: 0
Set Net Indication Callback called
Bus state is: 0
Set Net Indication Callback called
Bus state is: 0
Set Net Indication Callback called
Bus state is: 0
Set Net Indication Callback called
Bus state is: 0
Set Net Indication Callback called
Bus state is: 0
Set Net Indication Callback called
Bus state is: 0
Set Net Indication Callback called
Bus state is: 0
Set Net Indication Callback called
Bus state is: 0
Set Net Indication Callback called
Bus state is: 0
Set Net Indication Callback called
Bus state is: 0
Set Net Indication Callback called
Bus state is: 0
Set Net Indication Callback called
Bus state is: 0
Set Net Indication Callback called
Bus state is: 0
Set Net Indication Callback called
Bus state is: 0
Set Net Indication Callback called
Bus state is: 0
Set Net Indication Callback called
Bus state is: 0
Set Net Indication Callback called
Bus state is: 0
Set Net Indication Callback called
Bus state is: 0
Set Net Indication Callback called
Bus state is: 0
Set Net Indication Callback called
Bus state is: 0
Set Net Indication Callback called
Bus state is: 0
Set Net Indication Callback called
Bus state is: 0
Set Net Indication Callback called
Bus state is: 0
Set Net Indication Callback called
Bus state is: 0
Set Net Indication Callback called
Bus state is: 0
Set Net Indication Callback called
Bus state is: 0
Set Net Indication Callback called
Bus state is: 0
Set Net Indication Callback called
Bus state is: 0
Set Net Indication Callback called
Bus state is: 0
Set Net Indication Callback called
Bus state is: 0
Set Net Indication Callback called
Bus state is: 0
Set Net Indication Callback called
Bus state is: 0
Set Net Indication Callback called
Bus state is: 0
Set Net Indication Callback called
Bus state is: 0
Set Net Indication Callback called
Bus state is: 0
Set Net Indication Callback called
Bus state is: 0
Set Net Indication Callback called
Bus state is: 0
Set Net Indication Callback called
Bus state is: 0
Set Net Indication Callback called
Bus state is: 0
Set Net Indication Callback called
Bus state is: 0
Set Net Indication Callback called
Bus state is: 0
Set Net Indication Callback called
Bus state is: 0
Set Net Indication Callback called
Bus state is: 0
Set Net Indication Callback called
Bus state is: 0
Set Net Indication Callback called
Bus state is: 0
Set Net Indication Callback called
Bus state is: 0
Set Net Indication Callback called
Bus state is: 0
Set Net Indication Callback called
Bus state is: 0
Set Net Indication Callback called
Bus state is: 0
Set Net Indication Callback called
Bus state is: 0
Set Net Indication Callback called
Bus state is: 0
Set Net Indication Callback called
Bus state is: 0
Set Net Indication Callback called
Bus state is: 0
Set Net Indication Callback called
Bus state is: 0
Set Net Indication Callback called
Bus state is: 0
Set Net Indication Callback called
Bus state is: 0
Set Net Indication Callback called
Bus state is: 0
Set Net Indication Callback called
Bus state is: 0
Set Net Indication Callback called
Bus state is: 0
Set Net Indication Callback called
Bus state is: 0
Set Net Indication Callback called
Bus state is: 0
Set Net Indication Callback called
Bus state is: 0
Set Net Indication Callback called
Bus state is: 0
Set Net Indication Callback called
Bus state is: 0
Set Net Indication Callback called
Bus state is: 0
Set Net Indication Callback called
Bus state is: 0
Set Net Indication Callback called
Bus state is: 0
Set Net Indication Callback called
Bus state is: 0
Set Net Indication Callback called
Bus state is: 0
Set Net Indication Callback called
Bus state is: 0
Set Net Indication Callback called
Bus state is: 0
Set Net Indication Callback called
Bus state is: 0
Set Net Indication Callback called
Bus state is: 0
Set Net Indication Callback called
Bus state is: 0
Set Net Indication Callback called
Bus state is: 0
Set Net Indication Callback called
Bus state is: 0
Set Net Indication Callback called
Bus state is: 0
Set Net Indication Callback called
Bus state is: 0
Set Net Indication Callback called
Bus state is: 0
Set Net Indication Callback called
Bus state is: 0
Set Net Indication Callback called
Bus state is: 0
Set Net Indication Callback called
Bus state is: 0
Set Net Indication Callback called
Bus state is: 0
Set Net Indication Callback called
Bus state is: 0
Set Net Indication Callback called
Bus state is: 0
Set Net Indication Callback called
Bus state is: 0
Set Net Indication Callback called
Bus state is: 0
Set Net Indication Callback called
Bus state is: 0
Set Net Indication Callback called
Bus state is: 0
Set Net Indication Callback called
Bus state is: 0
Set Net Indication Callback called
Bus state is: 0
Set Net Indication Callback called
Bus state is: 0
Set Net Indication Callback called
Bus state is: 0
Set Net Indication Callback called
Bus state is: 0
Set Net Indication Callback called
Bus state is: 0
Set Net Indication Callback called
Bus state is: 0
Set Net Indication Callback called
Bus state is: 0
Set Net Indication Callback called
Bus state is: 0
Set Net Indication Callback called
Bus state is: 0
Set Net Indication Callback called
Bus state is: 0
Set Net Indication Callback called
Bus state is: 0
Set Net Indication Callback called
Bus state is: 0
Set Net Indication Callback called
Bus state is: 0
Set Net Indication Callback called
Bus state is: 0
Set Net Indication Callback called
Bus state is: 0
Set Net Indication Callback called
Bus state is: 0
Set Net Indication Callback called
Bus state is: 0
Set Net Indication Callback called
Bus state is: 0
Set Net Indication Callback called
Bus state is: 0
Set Net Indication Callback called
Bus state is: 0
Set Net Indication Callback called
Bus state is: 0
Set Net Indication Callback called
Bus state is: 0
Set Net Indication Callback called
Bus state is: 0
Set Net Indication Callback called
Bus state is: 0
Set Net Indication Callback called
Bus state is: 0
Set Net Indication Callback called
Bus state is: 0
Set Net Indication Callback called
Bus state is: 0
Set Net Indication Callback called
Bus state is: 0
Set Net Indication Callback called
Bus state is: 0
Set Net Indication Callback called
Bus state is: 0
Set Net Indication Callback called
Bus state is: 0
Set Net Indication Callback called
Bus state is: 0
Set Net Indication Callback called
Bus state is: 0
Set Net Indication Callback called
Bus state is: 0
Set Net Indication Callback called
Bus state is: 0
Set Net Indication Callback called
Bus state is: 0
Set Net Indication Callback called
Bus state is: 0
Set Net Indication Callback called
Bus state is: 0
Set Net Indication Callback called
Bus state is: 0
Set Net Indication Callback called
Bus state is: 0
Set Net Indication Callback called
Bus state is: 0
Set Net Indication Callback called
Bus state is: 0
Set Net Indication Callback called
Bus state is: 0
Set Net Indication Callback called
Bus state is: 0
Set Net Indication Callback called
Bus state is: 0
Set Net Indication Callback called
Bus state is: 0
Set Net Indication Callback called
Bus state is: 0
Set Net Indication Callback called
Bus state is: 0
Set Net Indication Callback called
Bus state is: 0
Set Net Indication Callback called
Bus state is: 0
Set Net Indication Callback called
Bus state is: 0
Set Net Indication Callback called
Bus state is: 0
Set Net Indication Callback called
Bus state is: 0
Set Net Indication Callback called
Bus state is: 0
Set Net Indication Callback called
Bus state is: 0
Set Net Indication Callback called
Bus state is: 0
Set Net Indication Callback called
Bus state is: 0
Set Net Indication Callback called
Bus state is: 0
Set Net Indication Callback called
Bus state is: 0
Set Net Indication Callback called
Bus state is: 0
Set Net Indication Callback called
Bus state is: 0
Set Net Indication Callback called
Bus state is: 0
Set Net Indication Callback called
Bus state is: 0
Set Net Indication Callback called
Bus state is: 0
Set Net Indication Callback called
Bus state is: 0
Set Net Indication Callback called
Bus state is: 0
Set Net Indication Callback called
Bus state is: 0
Set Net Indication Callback called
Bus state is: 0
Set Net Indication Callback called
Bus state is: 0
Set Net Indication Callback called
Bus state is: 0
Set Net Indication Callback called
Bus state is: 0
Set Net Indication Callback called
Bus state is: 0
Set Net Indication Callback called
Bus state is: 0
Set Net Indication Callback called
Bus state is: 0
Set Net Indication Callback called
Bus state is: 0
Set Net Indication Callback called
Bus state is: 0
Set Net Indication Callback called
Bus state is: 0
Set Net Indication Callback called
Bus state is: 0
Set Net Indication Callback called
Bus state is: 0
Set Net Indication Callback called
Bus state is: 0
Set Net Indication Callback called
Bus state is: 0
Set Net Indication Callback called
Bus state is: 0
Set Net Indication Callback called
Bus state is: 0
Set Net Indication Callback called
Bus state is: 0
Set Net Indication Callback called
Bus state is: 0
Set Net Indication Callback called
Bus state is: 0
Set Net Indication Callback called
Bus state is: 0
Set Net Indication Callback called
Bus state is: 0
Set Net Indication Callback called
Bus state is: 0
Set Net Indication Callback called
Bus state is: 0
Set Net Indication Callback called
Bus state is: 0
Set Net Indication Callback called
Bus state is: 0
Set Net Indication Callback called
Bus state is: 0
Set Net Indication Callback called
Bus state is: 0
Set Net Indication Callback called
Bus state is: 0
Set Net Indication Callback called
Bus state is: 0
Set Net Indication Callback called
Bus state is: 0
Set Net Indication Callback called
Bus state is: 0
Set Net Indication Callback called
Bus state is: 0
Set Net Indication Callback called
Bus state is: 0
Set Net Indication Callback called
Bus state is: 0
Set Net Indication Callback called
Bus state is: 0
Set Net Indication Callback called
Bus state is: 0
Set Net Indication Callback called
Bus state is: 0
Set Net Indication Callback called
Bus state is: 0
Set Net Indication Callback called
Bus state is: 0
Set Net Indication Callback called
Bus state is: 0
Set Net Indication Callback called
Bus state is: 0
Set Net Indication Callback called
Bus state is: 0
Set Net Indication Callback called
Bus state is: 0
Set Net Indication Callback called
Bus state is: 0
Set Net Indication Callback called
Bus state is: 0
Set Net Indication Callback called
Bus state is: 0
Set Net Indication Callback called
Bus state is: 0
Set Net Indication Callback called
Bus state is: 0
Set Net Indication Callback called
Bus state is: 0
Set Net Indication Callback called
Bus state is: 0
Set Net Indication Callback called
Bus state is: 0
Set Net Indication Callback called
Bus state is: 0
Set Net Indication Callback called
Bus state is: 0
Set Net Indication Callback called
Bus state is: 0
Set Net Indication Callback called
Bus state is: 0
Set Net Indication Callback called
Bus state is: 0
Set Net Indication Callback called
Bus state is: 0
Set Net Indication Callback called
Bus state is: 0
Set Net Indication Callback called
Bus state is: 0
Set Net Indication Callback called
Bus state is: 0
Set Net Indication Callback called
Bus state is: 0
Set Net Indication Callback called
Bus state is: 0
Set Net Indication Callback called
Bus state is: 0
Set Net Indication Callback called
Bus state is: 0
Set Net Indication Callback called
Bus state is: 0
Set Net Indication Callback called
Bus state is: 0
Set Net Indication Callback called
Bus state is: 0
Set Net Indication Callback called
Bus state is: 0
Set Net Indication Callback called
Bus state is: 0
Set Net Indication Callback called
Bus state is: 0
Set Net Indication Callback called
Bus state is: 0
Set Net Indication Callback called
Bus state is: 0
Set Net Indication Callback called
Bus state is: 0
Set Net Indication Callback called
Bus state is: 0
Set Net Indication Callback called
Bus state is: 0
Set Net Indication Callback called
Bus state is: 0
Set Net Indication Callback called
Bus state is: 0
Set Net Indication Callback called
Bus state is: 0
Set Net Indication Callback called
Bus state is: 0
Set Net Indication Callback called
Bus state is: 0
Set Net Indication Callback called
Bus state is: 0
Set Net Indication Callback called
Bus state is: 0
Set Net Indication Callback called
Bus state is: 0
Set Net Indication Callback called
Bus state is: 0
Set Net Indication Callback called
Bus state is: 0
Set Net Indication Callback called
Bus state is: 0
Set Net Indication Callback called
Bus state is: 0
Set Net Indication Callback called
Bus state is: 0
Set Net Indication Callback called
Bus state is: 0
Set Net Indication Callback called
Bus state is: 0
Set Net Indication Callback called
Bus state is: 0
Set Net Indication Callback called
Bus state is: 0
Set Net Indication Callback called
Bus state is: 0
Set Net Indication Callback called
Bus state is: 0
Set Net Indication Callback called
Bus state is: 0
Set Net Indication Callback called
Bus state is: 0
Set Net Indication Callback called
Bus state is: 0
Set Net Indication Callback called
Bus state is: 0
Set Net Indication Callback called
Bus state is: 0
Set Net Indication Callback called
Bus state is: 0
Set Net Indication Callback called
Bus state is: 0
Set Net Indication Callback called
Bus state is: 0
Set Net Indication Callback called
Bus state is: 0
Set Net Indication Callback called
Bus state is: 0
Set Net Indication Callback called
Bus state is: 0
Set Net Indication Callback called
Bus state is: 0
Set Net Indication Callback called
Bus state is: 0
Set Net Indication Callback called
Bus state is: 0
Set Net Indication Callback called
Bus state is: 0
Set Net Indication Callback called
Bus state is: 0
Set Net Indication Callback called
Bus state is: 0
Set Net Indication Callback called
Bus state is: 0
Set Net Indication Callback called
Bus state is: 0
Set Net Indication Callback called
Bus state is: 0
Set Net Indication Callback called
Bus state is: 0
Set Net Indication Callback called
Bus state is: 0
Set Net Indication Callback called
Bus state is: 0
Set Net Indication Callback called
Bus state is: 0
Set Net Indication Callback called
Bus state is: 0
Set Net Indication Callback called
Bus state is: 0
Set Net Indication Callback called
Bus state is: 0
Set Net Indication Callback called
Bus state is: 0
Set Net Indication Callback called
Bus state is: 0
Set Net Indication Callback called
Bus state is: 0
Set Net Indication Callback called
Bus state is: 0
Set Net Indication Callback called
Bus state is: 0
Set Net Indication Callback called
Bus state is: 0
Set Net Indication Callback called
Bus state is: 0
Set Net Indication Callback called
Bus state is: 0
Set Net Indication Callback called
Bus state is: 0
Set Net Indication Callback called
Bus state is: 0
Set Net Indication Callback called
Bus state is: 0
Set Net Indication Callback called
Bus state is: 0
Set Net Indication Callback called
Bus state is: 0
Set Net Indication Callback called
Bus state is: 0
Set Net Indication Callback called
Bus state is: 0
Set Net Indication Callback called
Bus state is: 0
Set Net Indication Callback called
Bus state is: 0
Set Net Indication Callback called
Bus state is: 0
Set Net Indication Callback called
Bus state is: 0
Set Net Indication Callback called
Bus state is: 0
Set Net Indication Callback called
Bus state is: 0
Set Net Indication Callback called
Bus state is: 0
Set Net Indication Callback called
Bus state is: 0
Set Net Indication Callback called
Bus state is: 0
Set Net Indication Callback called
Bus state is: 0
Set Net Indication Callback called
Bus state is: 0
Set Net Indication Callback called
Bus state is: 0
Set Net Indication Callback called
Bus state is: 0
Set Net Indication Callback called
Bus state is: 0
Set Net Indication Callback called
Bus state is: 0
Set Net Indication Callback called
Bus state is: 0
Set Net Indication Callback called
Bus state is: 0
Set Net Indication Callback called
Bus state is: 0
Set Net Indication Callback called
Bus state is: 0
Set Net Indication Callback called
Bus state is: 0
Set Net Indication Callback called
Bus state is: 0
Set Net Indication Callback called
Bus state is: 0
Set Net Indication Callback called
Bus state is: 0
Set Net Indication Callback called
Bus state is: 0
Set Net Indication Callback called
Bus state is: 0
Set Net Indication Callback called
Bus state is: 0
Set Net Indication Callback called
Bus state is: 0
Set Net Indication Callback called
Bus state is: 0
Set Net Indication Callback called
Bus state is: 0
Set Net Indication Callback called
Bus state is: 0
Set Net Indication Callback called
Bus state is: 0
Set Net Indication Callback called
Bus state is: 0
Set Net Indication Callback called
Bus state is: 0
Set Net Indication Callback called
Bus state is: 0
Set Net Indication Callback called
Bus state is: 0
Set Net Indication Callback called
Bus state is: 0
Set Net Indication Callback called
Bus state is: 0
Set Net Indication Callback called
Bus state is: 0
Set Net Indication Callback called
Bus state is: 0
Set Net Indication Callback called
Bus state is: 0
Set Net Indication Callback called
Bus state is: 0
Set Net Indication Callback called
Bus state is: 0
Set Net Indication Callback called
Bus state is: 0
Set Net Indication Callback called
Bus state is: 0
Set Net Indication Callback called
Bus state is: 0
Set Net Indication Callback called
Bus state is: 0
Set Net Indication Callback called
Bus state is: 0
Set Net Indication Callback called
Bus state is: 0
Set Net Indication Callback called
Bus state is: 0
Set Net Indication Callback called
Bus state is: 0
Set Net Indication Callback called
Bus state is: 0
Set Net Indication Callback called
Bus state is: 0
Set Net Indication Callback called
Bus state is: 0
Set Net Indication Callback called
Bus state is: 0
Set Net Indication Callback called
Bus state is: 0
Set Net Indication Callback called
Bus state is: 0
Set Net Indication Callback called
Bus state is: 0
Set Net Indication Callback called
Bus state is: 0
Set Net Indication Callback called
Bus state is: 0
Set Net Indication Callback called
Bus state is: 0
Set Net Indication Callback called
Bus state is: 0
Set Net Indication Callback called
Bus state is: 0
Set Net Indication Callback called
Bus state is: 0
Set Net Indication Callback called
Bus state is: 0
Set Net Indication Callback called
Bus state is: 0
Set Net Indication Callback called
Bus state is: 0
Set Net Indication Callback called
Bus state is: 0
Set Net Indication Callback called
Bus state is: 0
Set Net Indication Callback called
Bus state is: 0
Set Net Indication Callback called
Bus state is: 0
Set Net Indication Callback called
Bus state is: 0
Set Net Indication Callback called
Bus state is: 0
Set Net Indication Callback called
Bus state is: 0
Set Net Indication Callback called
Bus state is: 0
Set Net Indication Callback called
Bus state is: 0
Set Net Indication Callback called
Bus state is: 0
Set Net Indication Callback called
Bus state is: 0
Set Net Indication Callback called
Bus state is: 0
Set Net Indication Callback called
Bus state is: 0
Set Net Indication Callback called
Bus state is: 0
Set Net Indication Callback called
Bus state is: 0
Set Net Indication Callback called
Bus state is: 0
Set Net Indication Callback called
Bus state is: 0
Set Net Indication Callback called
Bus state is: 0
Set Net Indication Callback called
Bus state is: 0
Set Net Indication Callback called
Bus state is: 0
Set Net Indication Callback called
Bus state is: 0
Set Net Indication Callback called
Bus state is: 0
Set Net Indication Callback called
Bus state is: 0
Set Net Indication Callback called
Bus state is: 0
Set Net Indication Callback called
Bus state is: 0
Set Net Indication Callback called
Bus state is: 0
Set Net Indication Callback called
Bus state is: 0
Set Net Indication Callback called
Bus state is: 0
Set Net Indication Callback called
Bus state is: 0
Set Net Indication Callback called
Bus state is: 0
Set Net Indication Callback called
Bus state is: 0
Set Net Indication Callback called
Bus state is: 0
Set Net Indication Callback called
Bus state is: 0
Set Net Indication Callback called
Bus state is: 0
Set Net Indication Callback called
Bus state is: 0
Set Net Indication Callback called
Bus state is: 0
Set Net Indication Callback called
Bus state is: 0
Set Net Indication Callback called
Bus state is: 0
Set Net Indication Callback called
Bus state is: 0
Set Net Indication Callback called
Bus state is: 0
Set Net Indication Callback called
Bus state is: 0
Set Net Indication Callback called
Bus state is: 0
Set Net Indication Callback called
Bus state is: 0
Set Net Indication Callback called
Bus state is: 0
Set Net Indication Callback called
Bus state is: 0
Set Net Indication Callback called
Bus state is: 0
Set Net Indication Callback called
Bus state is: 0
Set Net Indication Callback called
Bus state is: 0
Set Net Indication Callback called
Bus state is: 0
Set Net Indication Callback called
Bus state is: 0
Set Net Indication Callback called
Bus state is: 0
Set Net Indication Callback called
Bus state is: 0
Set Net Indication Callback called
Bus state is: 0
Set Net Indication Callback called
Bus state is: 0
Set Net Indication Callback called
Bus state is: 0
Set Net Indication Callback called
Bus state is: 0
Set Net Indication Callback called
Bus state is: 0
Set Net Indication Callback called
Bus state is: 0
Set Net Indication Callback called
Bus state is: 0
Set Net Indication Callback called
Bus state is: 0
Set Net Indication Callback called
Bus state is: 0
Set Net Indication Callback called
Bus state is: 0
Set Net Indication Callback called
Bus state is: 0
Set Net Indication Callback called
Bus state is: 0
Set Net Indication Callback called
Bus state is: 0
Set Net Indication Callback called
Bus state is: 0
Set Net Indication Callback called
Bus state is: 0
Set Net Indication Callback called
Bus state is: 0
Set Net Indication Callback called
Bus state is: 0
Set Net Indication Callback called
Bus state is: 0
Set Net Indication Callback called
Bus state is: 0
Set Net Indication Callback called
Bus state is: 0
Set Net Indication Callback called
Bus state is: 0
Set Net Indication Callback called
Bus state is: 0
Set Net Indication Callback called
Bus state is: 0
Set Net Indication Callback called
Bus state is: 0
Set Net Indication Callback called
Bus state is: 0
Set Net Indication Callback called
Bus state is: 0
Set Net Indication Callback called
Bus state is: 0
Set Net Indication Callback called
Bus state is: 0
Set Net Indication Callback called
Bus state is: 0
Set Net Indication Callback called
Bus state is: 0
Set Net Indication Callback called
Bus state is: 0
Set Net Indication Callback called
Bus state is: 0
Set Net Indication Callback called
Bus state is: 0
Set Net Indication Callback called
Bus state is: 0
Set Net Indication Callback called
Bus state is: 0
Set Net Indication Callback called
Bus state is: 0
Set Net Indication Callback called
Bus state is: 0
Set Net Indication Callback called
Bus state is: 0
Set Net Indication Callback called
Bus state is: 0
Set Net Indication Callback called
Bus state is: 0
Set Net Indication Callback called
Bus state is: 0
Set Net Indication Callback called
Bus state is: 0
Set Net Indication Callback called
Bus state is: 0
Set Net Indication Callback called
Bus state is: 0
Set Net Indication Callback called
Bus state is: 0
Set Net Indication Callback called
Bus state is: 0
Set Net Indication Callback called
Bus state is: 0
Set Net Indication Callback called
Bus state is: 0
Set Net Indication Callback called
Bus state is: 0
Set Net Indication Callback called
Bus state is: 0
Set Net Indication Callback called
Bus state is: 0
Set Net Indication Callback called
Bus state is: 0
Set Net Indication Callback called
Bus state is: 0
Set Net Indication Callback called
Bus state is: 0
Set Net Indication Callback called
Bus state is: 0
Set Net Indication Callback called
Bus state is: 0
Set Net Indication Callback called
Bus state is: 0
Set Net Indication Callback called
Bus state is: 0
Set Net Indication Callback called
Bus state is: 0
Set Net Indication Callback called
Bus state is: 0
Set Net Indication Callback called
Bus state is: 0
Set Net Indication Callback called
Bus state is: 0
Set Net Indication Callback called
Bus state is: 0
Set Net Indication Callback called
Bus state is: 0
Set Net Indication Callback called
Bus state is: 0
Set Net Indication Callback called
Bus state is: 0
Set Net Indication Callback called
Bus state is: 0
Set Net Indication Callback called
Bus state is: 0
Set Net Indication Callback called
Bus state is: 0
Set Net Indication Callback called
Bus state is: 0
Set Net Indication Callback called
Bus state is: 0
Set Net Indication Callback called
Bus state is: 0
Set Net Indication Callback called
Bus state is: 0
Set Net Indication Callback called
Bus state is: 0
Set Net Indication Callback called
Bus state is: 0
Set Net Indication Callback called
Bus state is: 0
Set Net Indication Callback called
Bus state is: 0
Set Net Indication Callback called
Bus state is: 0
Set Net Indication Callback called
Bus state is: 0
Set Net Indication Callback called
Bus state is: 0
Set Net Indication Callback called
Bus state is: 0
Set Net Indication Callback called
Bus state is: 0
Set Net Indication Callback called
Bus state is: 0
Set Net Indication Callback called
Bus state is: 0
Set Net Indication Callback called
Bus state is: 0
Set Net Indication Callback called
Bus state is: 0
Set Net Indication Callback called
Bus state is: 0
Set Net Indication Callback called
Bus state is: 0
Set Net Indication Callback called
Bus state is: 0
Set Net Indication Callback called
Bus state is: 0
Set Net Indication Callback called
Bus state is: 0
Set Net Indication Callback called
Bus state is: 0
Set Net Indication Callback called
Bus state is: 0
Set Net Indication Callback called
Bus state is: 0
Set Net Indication Callback called
Bus state is: 0
Set Net Indication Callback called
Bus state is: 0
Set Net Indication Callback called
Bus state is: 0
Set Net Indication Callback called
Bus state is: 0
Set Net Indication Callback called
Bus state is: 0
Set Net Indication Callback called
Bus state is: 0
Set Net Indication Callback called
Bus state is: 0
Set Net Indication Callback called
Bus state is: 0
Set Net Indication Callback called
Bus state is: 0
Set Net Indication Callback called
Bus state is: 0
Set Net Indication Callback called
Bus state is: 0
Set Net Indication Callback called
Bus state is: 0
Set Net Indication Callback called
Bus state is: 0
Set Net Indication Callback called
Bus state is: 0
Set Net Indication Callback called
Bus state is: 0
Set Net Indication Callback called
Bus state is: 0
Set Net Indication Callback called
Bus state is: 0
Set Net Indication Callback called
Bus state is: 0
Set Net Indication Callback called
Bus state is: 0
Set Net Indication Callback called
Bus state is: 0
Set Net Indication Callback called
Bus state is: 0
Set Net Indication Callback called
Bus state is: 0
Set Net Indication Callback called
Bus state is: 0
Set Net Indication Callback called
Bus state is: 0
Set Net Indication Callback called
Bus state is: 0
Set Net Indication Callback called
Bus state is: 0
Set Net Indication Callback called
Bus state is: 0
Set Net Indication Callback called
Bus state is: 0
Set Net Indication Callback called
Bus state is: 0
Set Net Indication Callback called
Bus state is: 0
Set Net Indication Callback called
Bus state is: 0
Set Net Indication Callback called
Bus state is: 0
Set Net Indication Callback called
Bus state is: 0
Set Net Indication Callback called
Bus state is: 0
Set Net Indication Callback called
Bus state is: 0
Set Net Indication Callback called
Bus state is: 0
Set Net Indication Callback called
Bus state is: 0
Set Net Indication Callback called
Bus state is: 0
Set Net Indication Callback called
Bus state is: 0
Set Net Indication Callback called
Bus state is: 0
Set Net Indication Callback called
Bus state is: 0
Set Net Indication Callback called
Bus state is: 0
Set Net Indication Callback called
Bus state is: 0
Set Net Indication Callback called
Bus state is: 0
Set Net Indication Callback called
Bus state is: 0
Set Net Indication Callback called
Bus state is: 0
Set Net Indication Callback called
Bus state is: 0
Set Net Indication Callback called
Bus state is: 0
Set Net Indication Callback called
Bus state is: 0
Set Net Indication Callback called
Bus state is: 0
Set Net Indication Callback called
Bus state is: 0
Set Net Indication Callback called
Bus state is: 0
Set Net Indication Callback called
Bus state is: 0
Set Net Indication Callback called
Bus state is: 0
Set Net Indication Callback called
Bus state is: 0
Set Net Indication Callback called
Bus state is: 0
Set Net Indication Callback called
Bus state is: 0
Set Net Indication Callback called
Bus state is: 0
Set Net Indication Callback called
Bus state is: 0
Set Net Indication Callback called
Bus state is: 0
Set Net Indication Callback called
Bus state is: 0
Set Net Indication Callback called
Bus state is: 0
Set Net Indication Callback called
Bus state is: 0
Set Net Indication Callback called
Bus state is: 0
Set Net Indication Callback called
Bus state is: 0
Set Net Indication Callback called
Bus state is: 0
Set Net Indication Callback called
Bus state is: 0
Set Net Indication Callback called
Bus state is: 0
Set Net Indication Callback called
Bus state is: 0
Set Net Indication Callback called
Bus state is: 0
Set Net Indication Callback called
Bus state is: 0
Set Net Indication Callback called
Bus state is: 0
Set Net Indication Callback called
Bus state is: 0
Set Net Indication Callback called
Bus state is: 0
Set Net Indication Callback called
Bus state is: 0
Set Net Indication Callback called
Bus state is: 0
Set Net Indication Callback called
Bus state is: 0
Set Net Indication Callback called
Bus state is: 0
Set Net Indication Callback called
Bus state is: 0
Set Net Indication Callback called
Bus state is: 0
Set Net Indication Callback called
Bus state is: 0
Set Net Indication Callback called
Bus state is: 0
Set Net Indication Callback called
Bus state is: 0
Set Net Indication Callback called
Bus state is: 0
Set Net Indication Callback called
Bus state is: 0
Set Net Indication Callback called
Bus state is: 0
Set Net Indication Callback called
Bus state is: 0
Set Net Indication Callback called
Bus state is: 0
Set Net Indication Callback called
Bus state is: 0
Set Net Indication Callback called
Bus state is: 0
Set Net Indication Callback called
Bus state is: 0
Set Net Indication Callback called
Bus state is: 0
Set Net Indication Callback called
Bus state is: 0
Set Net Indication Callback called
Bus state is: 0
Set Net Indication Callback called
Bus state is: 0
Set Net Indication Callback called
Bus state is: 0
Set Net Indication Callback called
Bus state is: 0
Set Net Indication Callback called
Bus state is: 0
Set Net Indication Callback called
Bus state is: 0
Set Net Indication Callback called
Bus state is: 0
Set Net Indication Callback called
Bus state is: 0
Set Net Indication Callback called
Bus state is: 0
Set Net Indication Callback called
Bus state is: 0
Set Net Indication Callback called
Bus state is: 0
Set Net Indication Callback called
Bus state is: 0
Set Net Indication Callback called
Bus state is: 0
Set Net Indication Callback called
Bus state is: 0
Set Net Indication Callback called
Bus state is: 0
Set Net Indication Callback called
Bus state is: 0
Set Net Indication Callback called
Bus state is: 0
Set Net Indication Callback called
Bus state is: 0
Set Net Indication Callback called
Bus state is: 0
Set Net Indication Callback called
Bus state is: 0
Set Net Indication Callback called
Bus state is: 0
Set Net Indication Callback called
Bus state is: 0
Set Net Indication Callback called
Bus state is: 0
Set Net Indication Callback called
Bus state is: 0
Set Net Indication Callback called
Bus state is: 0
Set Net Indication Callback called
Bus state is: 0
Set Net Indication Callback called
Bus state is: 0
Set Net Indication Callback called
Bus state is: 0
Set Net Indication Callback called
Bus state is: 0
Set Net Indication Callback called
Bus state is: 0
Set Net Indication Callback called
Bus state is: 0
Set Net Indication Callback called
Bus state is: 0
Set Net Indication Callback called
Bus state is: 0
Set Net Indication Callback called
Bus state is: 0
Set Net Indication Callback called
Bus state is: 0
Set Net Indication Callback called
Bus state is: 0
Set Net Indication Callback called
Bus state is: 0
Set Net Indication Callback called
Bus state is: 0
Set Net Indication Callback called
Bus state is: 0
Set Net Indication Callback called
Bus state is: 0
Set Net Indication Callback called
Bus state is: 0
Set Net Indication Callback called
Bus state is: 0
Set Net Indication Callback called
Bus state is: 0
Set Net Indication Callback called
Bus state is: 0
Set Net Indication Callback called
Bus state is: 0
Set Net Indication Callback called
Bus state is: 0
Set Net Indication Callback called
Bus state is: 0
Set Net Indication Callback called
Bus state is: 0
Set Net Indication Callback called
Bus state is: 0
Set Net Indication Callback called
Bus state is: 0
Set Net Indication Callback called
Bus state is: 0
Set Net Indication Callback called
Bus state is: 0
Set Net Indication Callback called
Bus state is: 0
Set Net Indication Callback called
Bus state is: 0
Set Net Indication Callback called
Bus state is: 0
Set Net Indication Callback called
Bus state is: 0
Set Net Indication Callback called
Bus state is: 0
Set Net Indication Callback called
Bus state is: 0
Set Net Indication Callback called
Bus state is: 0
Set Net Indication Callback called
Bus state is: 0
Set Net Indication Callback called
Bus state is: 0
Set Net Indication Callback called
Bus state is: 0
Set Net Indication Callback called
Bus state is: 0
Set Net Indication Callback called
Bus state is: 0
Set Net Indication Callback called
Bus state is: 0
Set Net Indication Callback called
Bus state is: 0
Set Net Indication Callback called
Bus state is: 0
Set Net Indication Callback called
Bus state is: 0
Set Net Indication Callback called
Bus state is: 0
Set Net Indication Callback called
Bus state is: 0
Set Net Indication Callback called
Bus state is: 0
Set Net Indication Callback called
Bus state is: 0
Set Net Indication Callback called
Bus state is: 0
Set Net Indication Callback called
Bus state is: 0
Set Net Indication Callback called
Bus state is: 0
Set Net Indication Callback called
Bus state is: 0
Set Net Indication Callback called
Bus state is: 0
Set Net Indication Callback called
Bus state is: 0
Set Net Indication Callback called
Bus state is: 0
Set Net Indication Callback called
Bus state is: 0
Set Net Indication Callback called
Bus state is: 0
Set Net Indication Callback called
Bus state is: 0
Set Net Indication Callback called
Bus state is: 0
Set Net Indication Callback called
Bus state is: 0
Set Net Indication Callback called
Bus state is: 0
Set Net Indication Callback called
Bus state is: 0
Set Net Indication Callback called
Bus state is: 0
Set Net Indication Callback called
Bus state is: 0
Set Net Indication Callback called
Bus state is: 0
Set Net Indication Callback called
Bus state is: 0
Set Net Indication Callback called
Bus state is: 0
Set Net Indication Callback called
Bus state is: 0
Set Net Indication Callback called
Bus state is: 0
Set Net Indication Callback called
Bus state is: 0
Set Net Indication Callback called
Bus state is: 0
Set Net Indication Callback called
Bus state is: 0
Set Net Indication Callback called
Bus state is: 0
Set Net Indication Callback called
Bus state is: 0
Set Net Indication Callback called
Bus state is: 0
Set Net Indication Callback called
Bus state is: 0
Set Net Indication Callback called
Bus state is: 0
Set Net Indication Callback called
Bus state is: 0
Set Net Indication Callback called
Bus state is: 0
Set Net Indication Callback called
Bus state is: 0
Set Net Indication Callback called
Bus state is: 0
Set Net Indication Callback called
Bus state is: 0
Set Net Indication Callback called
Bus state is: 0
Set Net Indication Callback called
Bus state is: 0
Set Net Indication Callback called
Bus state is: 0
Set Net Indication Callback called
Bus state is: 0
Set Net Indication Callback called
Bus state is: 0
Set Net Indication Callback called
Bus state is: 0
Set Net Indication Callback called
Bus state is: 0
Set Net Indication Callback called
Bus state is: 0
Set Net Indication Callback called
Bus state is: 0
Set Net Indication Callback called
Bus state is: 0
Set Net Indication Callback called
Bus state is: 0
Set Net Indication Callback called
Bus state is: 0
Set Net Indication Callback called
Bus state is: 0
Set Net Indication Callback called
Bus state is: 0
Set Net Indication Callback called
Bus state is: 0
Set Net Indication Callback called
Bus state is: 0
Set Net Indication Callback called
Bus state is: 0
Set Net Indication Callback called
Bus state is: 0
Set Net Indication Callback called
Bus state is: 0
Set Net Indication Callback called
Bus state is: 0
Set Net Indication Callback called
Bus state is: 0
Set Net Indication Callback called
Bus state is: 0
Set Net Indication Callback called
Bus state is: 0
Set Net Indication Callback called
Bus state is: 0
Set Net Indication Callback called
Bus state is: 0
Set Net Indication Callback called
Bus state is: 0
Set Net Indication Callback called
Bus state is: 0
Set Net Indication Callback called
Bus state is: 0
Set Net Indication Callback called
Bus state is: 0
Set Net Indication Callback called
Bus state is: 0
Set Net Indication Callback called
Bus state is: 0
Set Net Indication Callback called
Bus state is: 0
Set Net Indication Callback called
Bus state is: 0
Set Net Indication Callback called
Bus state is: 0
Set Net Indication Callback called
Bus state is: 0
Set Net Indication Callback called
Bus state is: 0
Set Net Indication Callback called
Bus state is: 0
Set Net Indication Callback called
Bus state is: 0
Set Net Indication Callback called
Bus state is: 0
Set Net Indication Callback called
Bus state is: 0
Set Net Indication Callback called
Bus state is: 0
Set Net Indication Callback called
Bus state is: 0
Set Net Indication Callback called
Bus state is: 0
Set Net Indication Callback called
Bus state is: 0
Set Net Indication Callback called
Bus state is: 0
Set Net Indication Callback called
Bus state is: 0
Set Net Indication Callback called
Bus state is: 0
Set Net Indication Callback called
Bus state is: 0
Set Net Indication Callback called
Bus state is: 0
Set Net Indication Callback called
Bus state is: 0
Set Net Indication Callback called
Bus state is: 0
Set Net Indication Callback called
Bus state is: 0
Set Net Indication Callback called
Bus state is: 0
Set Net Indication Callback called
Bus state is: 0
Set Net Indication Callback called
Bus state is: 0
Set Net Indication Callback called
Bus state is: 0
Set Net Indication Callback called
Bus state is: 0
Set Net Indication Callback called
Bus state is: 0
Set Net Indication Callback called
Bus state is: 0
Set Net Indication Callback called
Bus state is: 0
Set Net Indication Callback called
Bus state is: 0
Set Net Indication Callback called
Bus state is: 0
Set Net Indication Callback called
Bus state is: 0
Set Net Indication Callback called
Bus state is: 0
Set Net Indication Callback called
Bus state is: 0
Set Net Indication Callback called
Bus state is: 0
Set Net Indication Callback called
Bus state is: 0
Set Net Indication Callback called
Bus state is: 0
Set Net Indication Callback called
Bus state is: 0
Set Net Indication Callback called
Bus state is: 0
Set Net Indication Callback called
Bus state is: 0
Set Net Indication Callback called
Bus state is: 0
Set Net Indication Callback called
Bus state is: 0
Set Net Indication Callback called
Bus state is: 0
Set Net Indication Callback called
Bus state is: 0
Set Net Indication Callback called
Bus state is: 0
Set Net Indication Callback called
Bus state is: 0
Set Net Indication Callback called
Bus state is: 0
Set Net Indication Callback called
Bus state is: 0
Set Net Indication Callback called
Bus state is: 0
Set Net Indication Callback called
Bus state is: 0
Set Net Indication Callback called
Bus state is: 0
Set Net Indication Callback called
Bus state is: 0
Set Net Indication Callback called
Bus state is: 0
Set Net Indication Callback called
Bus state is: 0
Set Net Indication Callback called
Bus state is: 0
Set Net Indication Callback called
Bus state is: 0
Set Net Indication Callback called
Bus state is: 0
Set Net Indication Callback called
Bus state is: 0
Set Net Indication Callback called
Bus state is: 0
Set Net Indication Callback called
Bus state is: 0
Set Net Indication Callback called
Bus state is: 0
Set Net Indication Callback called
Bus state is: 0
Set Net Indication Callback called
Bus state is: 0
Set Net Indication Callback called
Bus state is: 0
Set Net Indication Callback called
Bus state is: 0
Set Net Indication Callback called
Bus state is: 0
Set Net Indication Callback called
Bus state is: 0
Set Net Indication Callback called
Bus state is: 0
Set Net Indication Callback called
Bus state is: 0
Set Net Indication Callback called
Bus state is: 0
Set Net Indication Callback called
Bus state is: 0
Set Net Indication Callback called
Bus state is: 0
Set Net Indication Callback called
Bus state is: 0
Set Net Indication Callback called
Bus state is: 0
Set Net Indication Callback called
Bus state is: 0
Set Net Indication Callback called
Bus state is: 0
Set Net Indication Callback called
Bus state is: 0
Set Net Indication Callback called
Bus state is: 0
Set Net Indication Callback called
Bus state is: 0
Set Net Indication Callback called
Bus state is: 0
Set Net Indication Callback called
Bus state is: 0
Set Net Indication Callback called
Bus state is: 0
Set Net Indication Callback called
Bus state is: 0
Set Net Indication Callback called
Bus state is: 0
Set Net Indication Callback called
Bus state is: 0
Set Net Indication Callback called
Bus state is: 0
Set Net Indication Callback called
Bus state is: 0
Set Net Indication Callback called
Bus state is: 0
Set Net Indication Callback called
Bus state is: 0
Set Net Indication Callback called
Bus state is: 0
Set Net Indication Callback called
Bus state is: 0
Set Net Indication Callback called
Bus state is: 0
Set Net Indication Callback called
Bus state is: 0
Set Net Indication Callback called
Bus state is: 0
Set Net Indication Callback called
Bus state is: 0
Set Net Indication Callback called
Bus state is: 0
Set Net Indication Callback called
Bus state is: 0
Set Net Indication Callback called
Bus state is: 0
Set Net Indication Callback called
Bus state is: 0
Set Net Indication Callback called
Bus state is: 0
Set Net Indication Callback called
Bus state is: 0
Set Net Indication Callback called
Bus state is: 0
Set Net Indication Callback called
Bus state is: 0
Set Net Indication Callback called
Bus state is: 0
Set Net Indication Callback called
Bus state is: 0
Set Net Indication Callback called
Bus state is: 0
Set Net Indication Callback called
Bus state is: 0
Set Net Indication Callback called
Bus state is: 0
Set Net Indication Callback called
Bus state is: 0
Set Net Indication Callback called
Bus state is: 0
Set Net Indication Callback called
Bus state is: 0
Set Net Indication Callback called
Bus state is: 0
Set Net Indication Callback called
Bus state is: 0
Set Net Indication Callback called
Bus state is: 0
Set Net Indication Callback called
Bus state is: 0
Set Net Indication Callback called
Bus state is: 0
Set Net Indication Callback called
Bus state is: 0
Set Net Indication Callback called
Bus state is: 0
Set Net Indication Callback called
Bus state is: 0
Set Net Indication Callback called
Bus state is: 0
Set Net Indication Callback called
Bus state is: 0
Set Net Indication Callback called
Bus state is: 0
Set Net Indication Callback called
Bus state is: 0
Set Net Indication Callback called
Bus state is: 0
Set Net Indication Callback called
Bus state is: 0
Set Net Indication Callback called
Bus state is: 0
Set Net Indication Callback called
Bus state is: 0
Set Net Indication Callback called
Bus state is: 0
Set Net Indication Callback called
Bus state is: 0
Set Net Indication Callback called
Bus state is: 0
Set Net Indication Callback called
Bus state is: 0
Set Net Indication Callback called
Bus state is: 0
Set Net Indication Callback called
Bus state is: 0
Set Net Indication Callback called
Bus state is: 0
Set Net Indication Callback called
Bus state is: 0
Set Net Indication Callback called
Bus state is: 0
Set Net Indication Callback called
Bus state is: 0
Set Net Indication Callback called
Bus state is: 0
Set Net Indication Callback called
Bus state is: 0
Set Net Indication Callback called
Bus state is: 0
Set Net Indication Callback called
Bus state is: 0
Set Net Indication Callback called
Bus state is: 0
Set Net Indication Callback called
Bus state is: 0
Set Net Indication Callback called
Bus state is: 0
Set Net Indication Callback called
Bus state is: 0
Set Net Indication Callback called
Bus state is: 0
Set Net Indication Callback called
Bus state is: 0
Set Net Indication Callback called
Bus state is: 0
Set Net Indication Callback called
Bus state is: 0
Set Net Indication Callback called
Bus state is: 0
Set Net Indication Callback called
Bus state is: 0
Set Net Indication Callback called
Bus state is: 0
Set Net Indication Callback called
Bus state is: 0
Set Net Indication Callback called
Bus state is: 0
Set Net Indication Callback called
Bus state is: 0
Set Net Indication Callback called
Bus state is: 0
Set Net Indication Callback called
Bus state is: 0
Set Net Indication Callback called
Bus state is: 0
Set Net Indication Callback called
Bus state is: 0
Set Net Indication Callback called
Bus state is: 0
Set Net Indication Callback called
Bus state is: 0
Set Net Indication Callback called
Bus state is: 0
Set Net Indication Callback called
Bus state is: 0
Set Net Indication Callback called
Bus state is: 0
Set Net Indication Callback called
Bus state is: 0
Set Net Indication Callback called
Bus state is: 0
Set Net Indication Callback called
Bus state is: 0
Set Net Indication Callback called
Bus state is: 0
Set Net Indication Callback called
Bus state is: 0
Set Net Indication Callback called
Bus state is: 0
Set Net Indication Callback called
Bus state is: 0
Set Net Indication Callback called
Bus state is: 0
Set Net Indication Callback called
Bus state is: 0
Set Net Indication Callback called
Bus state is: 0
Set Net Indication Callback called
Bus state is: 0
Set Net Indication Callback called
Bus state is: 0
Set Net Indication Callback called
Bus state is: 0
Set Net Indication Callback called
Bus state is: 0
Set Net Indication Callback called
Bus state is: 0
Set Net Indication Callback called
Bus state is: 0
Set Net Indication Callback called
Bus state is: 0
Set Net Indication Callback called
Bus state is: 0
Set Net Indication Callback called
Bus state is: 0
Set Net Indication Callback called
Bus state is: 0
Set Net Indication Callback called
Bus state is: 0
Set Net Indication Callback called
Bus state is: 0
Set Net Indication Callback called
Bus state is: 0
Set Net Indication Callback called
Bus state is: 0
Set Net Indication Callback called
Bus state is: 0
Set Net Indication Callback called
Bus state is: 0
Set Net Indication Callback called
Bus state is: 0
Set Net Indication Callback called
Bus state is: 0
Set Net Indication Callback called
Bus state is: 0
Set Net Indication Callback called
Bus state is: 0
Set Net Indication Callback called
Bus state is: 0
Set Net Indication Callback called
Bus state is: 0
Set Net Indication Callback called
Bus state is: 0
Set Net Indication Callback called
Bus state is: 0
Set Net Indication Callback called
Bus state is: 0
Set Net Indication Callback called
Bus state is: 0
Set Net Indication Callback called
Bus state is: 0
Set Net Indication Callback called
Bus state is: 0
Set Net Indication Callback called
Bus state is: 0
Set Net Indication Callback called
Bus state is: 0
Set Net Indication Callback called
Bus state is: 0
Set Net Indication Callback called
Bus state is: 0
Set Net Indication Callback called
Bus state is: 0
Set Net Indication Callback called
Bus state is: 0
Set Net Indication Callback called
Bus state is: 0
Set Net Indication Callback called
Bus state is: 0
Set Net Indication Callback called
Bus state is: 0
Set Net Indication Callback called
Bus state is: 0
Set Net Indication Callback called
Bus state is: 0
Set Net Indication Callback called
Bus state is: 0
Set Net Indication Callback called
Bus state is: 0
Set Net Indication Callback called
Bus state is: 0
Set Net Indication Callback called
Bus state is: 0
Set Net Indication Callback called
Bus state is: 0
Set Net Indication Callback called
Bus state is: 0
Set Net Indication Callback called
Bus state is: 0
Set Net Indication Callback called
Bus state is: 0
Set Net Indication Callback called
Bus state is: 0
Set Net Indication Callback called
Bus state is: 0
Set Net Indication Callback called
Bus state is: 0
Set Net Indication Callback called
Bus state is: 0
Set Net Indication Callback called
Bus state is: 0
Set Net Indication Callback called
Bus state is: 0
Set Net Indication Callback called
Bus state is: 0
Set Net Indication Callback called
Bus state is: 0
Set Net Indication Callback called
Bus state is: 0
Set Net Indication Callback called
Bus state is: 0
Set Net Indication Callback called
Bus state is: 0
Set Net Indication Callback called
Bus state is: 0
Set Net Indication Callback called
Bus state is: 0
Set Net Indication Callback called
Bus state is: 0
Set Net Indication Callback called
Bus state is: 0
Set Net Indication Callback called
Bus state is: 0
Set Net Indication Callback called
Bus state is: 0
Set Net Indication Callback called
Bus state is: 0
Set Net Indication Callback called
Bus state is: 0
Set Net Indication Callback called
Bus state is: 0
Set Net Indication Callback called
Bus state is: 0
Set Net Indication Callback called
Bus state is: 0
Set Net Indication Callback called
Bus state is: 0
Set Net Indication Callback called
Bus state is: 0
Set Net Indication Callback called
Bus state is: 0
Set Net Indication Callback called
Bus state is: 0
Set Net Indication Callback called
Bus state is: 0
Set Net Indication Callback called
Bus state is: 0
Set Net Indication Callback called
Bus state is: 0
Set Net Indication Callback called
Bus state is: 0
Set Net Indication Callback called
Bus state is: 0
Set Net Indication Callback called
Bus state is: 0
Set Net Indication Callback called
Bus state is: 0
Set Net Indication Callback called
Bus state is: 0
Set Net Indication Callback called
Bus state is: 0
Set Net Indication Callback called
Bus state is: 0
Set Net Indication Callback called
Bus state is: 0
Set Net Indication Callback called
Bus state is: 0
Set Net Indication Callback called
Bus state is: 0
Set Net Indication Callback called
Bus state is: 0
Set Net Indication Callback called
Bus state is: 0
Set Net Indication Callback called
Bus state is: 0
Set Net Indication Callback called
Bus state is: 0
Set Net Indication Callback called
Bus state is: 0
Set Net Indication Callback called
Bus state is: 0
Set Net Indication Callback called
Bus state is: 0
Set Net Indication Callback called
Bus state is: 0
Set Net Indication Callback called
Bus state is: 0
Set Net Indication Callback called
Bus state is: 0
Set Net Indication Callback called
Bus state is: 0
Set Net Indication Callback called
Bus state is: 0
Set Net Indication Callback called
Bus state is: 0
Set Net Indication Callback called
Bus state is: 0
Set Net Indication Callback called
Bus state is: 0
Set Net Indication Callback called
Bus state is: 0
Set Net Indication Callback called
Bus state is: 0
Set Net Indication Callback called
Bus state is: 0
Set Net Indication Callback called
Bus state is: 0
Set Net Indication Callback called
Bus state is: 0
Set Net Indication Callback called
Bus state is: 0
Set Net Indication Callback called
Bus state is: 0
Set Net Indication Callback called
Bus state is: 0
Set Net Indication Callback called
Bus state is: 0
Set Net Indication Callback called
Bus state is: 0
Set Net Indication Callback called
Bus state is: 0
Set Net Indication Callback called
Bus state is: 0
Set Net Indication Callback called
Bus state is: 0
Set Net Indication Callback called
Bus state is: 0
Set Net Indication Callback called
Bus state is: 0
Set Net Indication Callback called
Bus state is: 0
Set Net Indication Callback called
Bus state is: 0
Set Net Indication Callback called
Bus state is: 0
Set Net Indication Callback called
Bus state is: 0
Set Net Indication Callback called
Bus state is: 0
Set Net Indication Callback called
Bus state is: 0
Set Net Indication Callback called
Bus state is: 0
Set Net Indication Callback called
Bus state is: 0
Set Net Indication Callback called
Bus state is: 0
Set Net Indication Callback called
Bus state is: 0
Set Net Indication Callback called
Bus state is: 0
Set Net Indication Callback called
Bus state is: 0
Set Net Indication Callback called
Bus state is: 0
Set Net Indication Callback called
Bus state is: 0
Set Net Indication Callback called
Bus state is: 0
Set Net Indication Callback called
Bus state is: 0
Set Net Indication Callback called
Bus state is: 0
Set Net Indication Callback called
Bus state is: 0
Set Net Indication Callback called
Bus state is: 0
Set Net Indication Callback called
Bus state is: 0
Set Net Indication Callback called
Bus state is: 0
Set Net Indication Callback called
Bus state is: 0
Set Net Indication Callback called
Bus state is: 0
Set Net Indication Callback called
Bus state is: 0
Set Net Indication Callback called
Bus state is: 0
Set Net Indication Callback called
Bus state is: 0
Set Net Indication Callback called
Bus state is: 0
Set Net Indication Callback called
Bus state is: 0
Set Net Indication Callback called
Bus state is: 0
Set Net Indication Callback called
Bus state is: 0
Set Net Indication Callback called
Bus state is: 0
Set Net Indication Callback called
Bus state is: 0
Set Net Indication Callback called
Bus state is: 0
Set Net Indication Callback called
Bus state is: 0
Set Net Indication Callback called
Bus state is: 0
Set Net Indication Callback called
Bus state is: 0
Set Net Indication Callback called
Bus state is: 0
Set Net Indication Callback called
Bus state is: 0
Set Net Indication Callback called
Bus state is: 0
Set Net Indication Callback called
Bus state is: 0
Set Net Indication Callback called
Bus state is: 0
Set Net Indication Callback called
Bus state is: 0
Set Net Indication Callback called
Bus state is: 0
Set Net Indication Callback called
Bus state is: 0
Set Net Indication Callback called
Bus state is: 0
Set Net Indication Callback called
Bus state is: 0
Set Net Indication Callback called
Bus state is: 0
Set Net Indication Callback called
Bus state is: 0
Set Net Indication Callback called
Bus state is: 0
Set Net Indication Callback called
Bus state is: 0
Set Net Indication Callback called
Bus state is: 0
Set Net Indication Callback called
Bus state is: 0
Set Net Indication Callback called
Bus state is: 0
Set Net Indication Callback called
Bus state is: 0
Set Net Indication Callback called
Bus state is: 0
Set Net Indication Callback called
Bus state is: 0
Set Net Indication Callback called
Bus state is: 0
Set Net Indication Callback called
Bus state is: 0
Set Net Indication Callback called
Bus state is: 0
Set Net Indication Callback called
Bus state is: 0
Set Net Indication Callback called
Bus state is: 0
Set Net Indication Callback called
Bus state is: 0
Set Net Indication Callback called
Bus state is: 0
Set Net Indication Callback called
Bus state is: 0
Set Net Indication Callback called
Bus state is: 0
Set Net Indication Callback called
Bus state is: 0
Set Net Indication Callback called
Bus state is: 0
Set Net Indication Callback called
Bus state is: 0
Set Net Indication Callback called
Bus state is: 0
Set Net Indication Callback called
Bus state is: 0
Set Net Indication Callback called
Bus state is: 0
Set Net Indication Callback called
Bus state is: 0
Set Net Indication Callback called
Bus state is: 0
Set Net Indication Callback called
Bus state is: 0
Set Net Indication Callback called
Bus state is: 0
Set Net Indication Callback called
Bus state is: 0
Set Net Indication Callback called
Bus state is: 0
Set Net Indication Callback called
Bus state is: 0
Set Net Indication Callback called
Bus state is: 0
Set Net Indication Callback called
Bus state is: 0
Set Net Indication Callback called
Bus state is: 0
Set Net Indication Callback called
Bus state is: 0
Set Net Indication Callback called
Bus state is: 0
Set Net Indication Callback called
Bus state is: 0
Set Net Indication Callback called
Bus state is: 0
Set Net Indication Callback called
Bus state is: 0
Set Net Indication Callback called
Bus state is: 0
Set Net Indication Callback called
Bus state is: 0
Set Net Indication Callback called
Bus state is: 0
Set Net Indication Callback called
Bus state is: 0
Set Net Indication Callback called
Bus state is: 0
Set Net Indication Callback called
Bus state is: 0
Set Net Indication Callback called
Bus state is: 0
Set Net Indication Callback called
Bus state is: 0
Set Net Indication Callback called
Bus state is: 0
Set Net Indication Callback called
Bus state is: 0
Set Net Indication Callback called
Bus state is: 0
Set Net Indication Callback called
Bus state is: 0
Set Net Indication Callback called
Bus state is: 0
Set Net Indication Callback called
Bus state is: 0
Set Net Indication Callback called
Bus state is: 0
Set Net Indication Callback called
Bus state is: 0
Set Net Indication Callback called
Bus state is: 0
Set Net Indication Callback called
Bus state is: 0
Set Net Indication Callback called
Bus state is: 0
Set Net Indication Callback called
Bus state is: 0
Set Net Indication Callback called
Bus state is: 0
Set Net Indication Callback called
Bus state is: 0
Set Net Indication Callback called
Bus state is: 0
Set Net Indication Callback called
Bus state is: 0
Set Net Indication Callback called
Bus state is: 0
Set Net Indication Callback called
Bus state is: 0
Set Net Indication Callback called
Bus state is: 0
Set Net Indication Callback called
Bus state is: 0
Set Net Indication Callback called
Bus state is: 0
Set Net Indication Callback called
Bus state is: 0
Set Net Indication Callback called
Bus state is: 0
Set Net Indication Callback called
Bus state is: 0
Set Net Indication Callback called
Bus state is: 0
Set Net Indication Callback called
Bus state is: 0
Set Net Indication Callback called
Bus state is: 0
Set Net Indication Callback called
Bus state is: 0
Set Net Indication Callback called
Bus state is: 0
Set Net Indication Callback called
Bus state is: 0
Set Net Indication Callback called
Bus state is: 0
Set Net Indication Callback called
Bus state is: 0
Set Net Indication Callback called
Bus state is: 0
Set Net Indication Callback called
Bus state is: 0
Set Net Indication Callback called
Bus state is: 0
Set Net Indication Callback called
Bus state is: 0
Set Net Indication Callback called
Bus state is: 0
Set Net Indication Callback called
Bus state is: 0
Set Net Indication Callback called
Bus state is: 0
Set Net Indication Callback called
Bus state is: 0
Set Net Indication Callback called
Bus state is: 0
Set Net Indication Callback called
Bus state is: 0
Set Net Indication Callback called
Bus state is: 0
Set Net Indication Callback called
Bus state is: 0
Set Net Indication Callback called
Bus state is: 0
Set Net Indication Callback called
Bus state is: 0
Set Net Indication Callback called
Bus state is: 0
Set Net Indication Callback called
Bus state is: 0
Set Net Indication Callback called
Bus state is: 0
Set Net Indication Callback called
Bus state is: 0
Set Net Indication Callback called
Bus state is: 0
Set Net Indication Callback called
Bus state is: 0
Set Net Indication Callback called
Bus state is: 0
Set Net Indication Callback called
Bus state is: 0
Set Net Indication Callback called
Bus state is: 0
Set Net Indication Callback called
Bus state is: 0
Set Net Indication Callback called
Bus state is: 0
Set Net Indication Callback called
Bus state is: 0
Set Net Indication Callback called
Bus state is: 0
Set Net Indication Callback called
Bus state is: 0
Set Net Indication Callback called
Bus state is: 0
Set Net Indication Callback called
Bus state is: 0
Set Net Indication Callback called
Bus state is: 0
Set Net Indication Callback called
Bus state is: 0
Set Net Indication Callback called
Bus state is: 0
Set Net Indication Callback called
Bus state is: 0
Set Net Indication Callback called
Bus state is: 0
Set Net Indication Callback called
Bus state is: 0
Set Net Indication Callback called
Bus state is: 0
Set Net Indication Callback called
Bus state is: 0
Set Net Indication Callback called
Bus state is: 0
Set Net Indication Callback called
Bus state is: 0
Set Net Indication Callback called
Bus state is: 0
Set Net Indication Callback called
Bus state is: 0
Set Net Indication Callback called
Bus state is: 0
Set Net Indication Callback called
Bus state is: 0
Set Net Indication Callback called
Bus state is: 0
Set Net Indication Callback called
Bus state is: 0
Set Net Indication Callback called
Bus state is: 0
Set Net Indication Callback called
Bus state is: 0
Set Net Indication Callback called
Bus state is: 0
Set Net Indication Callback called
Bus state is: 0
Set Net Indication Callback called
Bus state is: 0
Set Net Indication Callback called
Bus state is: 0
Set Net Indication Callback called
Bus state is: 0
Set Net Indication Callback called
Bus state is: 0
Set Net Indication Callback called
Bus state is: 0
Set Net Indication Callback called
Bus state is: 0
Set Net Indication Callback called
Bus state is: 0
Set Net Indication Callback called
Bus state is: 0
Set Net Indication Callback called
Bus state is: 0
Set Net Indication Callback called
Bus state is: 0
Set Net Indication Callback called
Bus state is: 0
Set Net Indication Callback called
Bus state is: 0
Set Net Indication Callback called
Bus state is: 0
Set Net Indication Callback called
Bus state is: 0
Set Net Indication Callback called
Bus state is: 0
Set Net Indication Callback called
Bus state is: 0
Set Net Indication Callback called
Bus state is: 0
Set Net Indication Callback called
Bus state is: 0
Set Net Indication Callback called
Bus state is: 0
Set Net Indication Callback called
Bus state is: 0
Set Net Indication Callback called
Bus state is: 0
Set Net Indication Callback called
Bus state is: 0
Set Net Indication Callback called
Bus state is: 0
Set Net Indication Callback called
Bus state is: 0
Set Net Indication Callback called
Bus state is: 0
Set Net Indication Callback called
Bus state is: 0
Set Net Indication Callback called
Bus state is: 0
Set Net Indication Callback called
Bus state is: 0
Set Net Indication Callback called
Bus state is: 0
Set Net Indication Callback called
Bus state is: 0
Set Net Indication Callback called
Bus state is: 0
Set Net Indication Callback called
Bus state is: 0
Set Net Indication Callback called
Bus state is: 0
Set Net Indication Callback called
Bus state is: 0
Set Net Indication Callback called
Bus state is: 0
Set Net Indication Callback called
Bus state is: 0
Set Net Indication Callback called
Bus state is: 0
Set Net Indication Callback called
Bus state is: 0
Set Net Indication Callback called
Bus state is: 0
Set Net Indication Callback called
Bus state is: 0
Set Net Indication Callback called
Bus state is: 0
Set Net Indication Callback called
Bus state is: 0
Set Net Indication Callback called
Bus state is: 0
Set Net Indication Callback called
Bus state is: 0
Set Net Indication Callback called
Bus state is: 0
Set Net Indication Callback called
Bus state is: 0
Set Net Indication Callback called
Bus state is: 0
Set Net Indication Callback called
Bus state is: 0
Set Net Indication Callback called
Bus state is: 0
Set Net Indication Callback called
Bus state is: 0
Set Net Indication Callback called
Bus state is: 0
Set Net Indication Callback called
Bus state is: 0
Set Net Indication Callback called
Bus state is: 0
Set Net Indication Callback called
Bus state is: 0
Set Net Indication Callback called
Bus state is: 0
Set Net Indication Callback called
Bus state is: 0
Set Net Indication Callback called
Bus state is: 0
Set Net Indication Callback called
Bus state is: 0
Set Net Indication Callback called
Bus state is: 0
Set Net Indication Callback called
Bus state is: 0
Set Net Indication Callback called
Bus state is: 0
Set Net Indication Callback called
Bus state is: 0
Set Net Indication Callback called
Bus state is: 0
Set Net Indication Callback called
Bus state is: 0
Set Net Indication Callback called
Bus state is: 0
Set Net Indication Callback called
Bus state is: 0
Set Net Indication Callback called
Bus state is: 0
Set Net Indication Callback called
Bus state is: 0
Set Net Indication Callback called
Bus state is: 0
Set Net Indication Callback called
Bus state is: 0
Set Net Indication Callback called
Bus state is: 0
Set Net Indication Callback called
Bus state is: 0
Set Net Indication Callback called
Bus state is: 0
Set Net Indication Callback called
Bus state is: 0
Set Net Indication Callback called
Bus state is: 0
Set Net Indication Callback called
Bus state is: 0
Set Net Indication Callback called
Bus state is: 0
Set Net Indication Callback called
Bus state is: 0
Set Net Indication Callback called
Bus state is: 0
Set Net Indication Callback called
Bus state is: 0
Set Net Indication Callback called
Bus state is: 0
Set Net Indication Callback called
Bus state is: 0
Set Net Indication Callback called
Bus state is: 0
Set Net Indication Callback called
Bus state is: 0
Set Net Indication Callback called
Bus state is: 0
Set Net Indication Callback called
Bus state is: 0
Set Net Indication Callback called
Bus state is: 0
Set Net Indication Callback called
Bus state is: 0
Set Net Indication Callback called
Bus state is: 0
Set Net Indication Callback called
Bus state is: 0
Set Net Indication Callback called
Bus state is: 0
Set Net Indication Callback called
Bus state is: 0
Set Net Indication Callback called
Bus state is: 0
Set Net Indication Callback called
Bus state is: 0
Set Net Indication Callback called
Bus state is: 0
Set Net Indication Callback called
Bus state is: 0
Set Net Indication Callback called
Bus state is: 0
Set Net Indication Callback called
Bus state is: 0
Set Net Indication Callback called
Bus state is: 0
Set Net Indication Callback called
Bus state is: 0
Set Net Indication Callback called
Bus state is: 0
Set Net Indication Callback called
Bus state is: 0
Set Net Indication Callback called
Bus state is: 0
Set Net Indication Callback called
Bus state is: 0
Set Net Indication Callback called
Bus state is: 0
Set Net Indication Callback called
Bus state is: 0
Set Net Indication Callback called
Bus state is: 0
Set Net Indication Callback called
Bus state is: 0
Set Net Indication Callback called
Bus state is: 0
Set Net Indication Callback called
Bus state is: 0
Set Net Indication Callback called
Bus state is: 0
Set Net Indication Callback called
Bus state is: 0
Set Net Indication Callback called
Bus state is: 0
Set Net Indication Callback called
Bus state is: 0
Set Net Indication Callback called
Bus state is: 0
Set Net Indication Callback called
Bus state is: 0
Set Net Indication Callback called
Bus state is: 0
Set Net Indication Callback called
Bus state is: 0
Set Net Indication Callback called
Bus state is: 0
Set Net Indication Callback called
Bus state is: 0
Set Net Indication Callback called
Bus state is: 0
Set Net Indication Callback called
Bus state is: 0
Set Net Indication Callback called
Bus state is: 0
Set Net Indication Callback called
Bus state is: 0
Set Net Indication Callback called
Bus state is: 0
Set Net Indication Callback called
Bus state is: 0
Set Net Indication Callback called
Bus state is: 0
Set Net Indication Callback called
Bus state is: 0
Set Net Indication Callback called
Bus state is: 0
Set Net Indication Callback called
Bus state is: 0
Set Net Indication Callback called
Bus state is: 0
Set Net Indication Callback called
Bus state is: 0
Set Net Indication Callback called
Bus state is: 0
Set Net Indication Callback called
Bus state is: 0
Set Net Indication Callback called
Bus state is: 0
Set Net Indication Callback called
Bus state is: 0
Set Net Indication Callback called
Bus state is: 0
Set Net Indication Callback called
Bus state is: 0
Set Net Indication Callback called
Bus state is: 0
Set Net Indication Callback called
Bus state is: 0
Set Net Indication Callback called
Bus state is: 0
Set Net Indication Callback called
Bus state is: 0
Set Net Indication Callback called
Bus state is: 0
Set Net Indication Callback called
Bus state is: 0
Set Net Indication Callback called
Bus state is: 0
Set Net Indication Callback called
Bus state is: 0
Set Net Indication Callback called
Bus state is: 0
Set Net Indication Callback called
Bus state is: 0
Set Net Indication Callback called
Bus state is: 0
Set Net Indication Callback called
Bus state is: 0
Set Net Indication Callback called
Bus state is: 0
Set Net Indication Callback called
Bus state is: 0
Set Net Indication Callback called
Bus state is: 0
Set Net Indication Callback called
Bus state is: 0
Set Net Indication Callback called
Bus state is: 0
Set Net Indication Callback called
Bus state is: 0
Set Net Indication Callback called
Bus state is: 0
Set Net Indication Callback called
Bus state is: 0
Set Net Indication Callback called
Bus state is: 0
Set Net Indication Callback called
Bus state is: 0
Set Net Indication Callback called
Bus state is: 0
Set Net Indication Callback called
Bus state is: 0
Set Net Indication Callback called
Bus state is: 0
Set Net Indication Callback called
Bus state is: 0
Set Net Indication Callback called
Bus state is: 0
Set Net Indication Callback called
Bus state is: 0
Set Net Indication Callback called
Bus state is: 0
Set Net Indication Callback called
Bus state is: 0
Set Net Indication Callback called
Bus state is: 0
Set Net Indication Callback called
Bus state is: 0
Set Net Indication Callback called
Bus state is: 0
Set Net Indication Callback called
Bus state is: 0
Set Net Indication Callback called
Bus state is: 0
Set Net Indication Callback called
Bus state is: 0
Set Net Indication Callback called
Bus state is: 0
Set Net Indication Callback called
Bus state is: 0
Set Net Indication Callback called
Bus state is: 0
Set Net Indication Callback called
Bus state is: 0
Set Net Indication Callback called
Bus state is: 0
Set Net Indication Callback called
Bus state is: 0
Set Net Indication Callback called
Bus state is: 0
Set Net Indication Callback called
Bus state is: 0
Set Net Indication Callback called
Bus state is: 0
Set Net Indication Callback called
Bus state is: 0
Set Net Indication Callback called
Bus state is: 0
Set Net Indication Callback called
Bus state is: 0
Set Net Indication Callback called
Bus state is: 0
Set Net Indication Callback called
Bus state is: 0
Set Net Indication Callback called
Bus state is: 0
Set Net Indication Callback called
Bus state is: 0
Set Net Indication Callback called
Bus state is: 0
Set Net Indication Callback called
Bus state is: 0
Set Net Indication Callback called
Bus state is: 0
Set Net Indication Callback called
Bus state is: 0
Set Net Indication Callback called
Bus state is: 0
Set Net Indication Callback called
Bus state is: 0
Set Net Indication Callback called
Bus state is: 0
Set Net Indication Callback called
Bus state is: 0
Set Net Indication Callback called
Bus state is: 0
Set Net Indication Callback called
Bus state is: 0
Set Net Indication Callback called
Bus state is: 0
Set Net Indication Callback called
Bus state is: 0
Set Net Indication Callback called
Bus state is: 0
Set Net Indication Callback called
Bus state is: 0
Set Net Indication Callback called
Bus state is: 0
Set Net Indication Callback called
Bus state is: 0
Set Net Indication Callback called
Bus state is: 0
Set Net Indication Callback called
Bus state is: 0
Set Net Indication Callback called
Bus state is: 0
Set Net Indication Callback called
Bus state is: 0
Set Net Indication Callback called
Bus state is: 0
Set Net Indication Callback called
Bus state is: 0
Set Net Indication Callback called
Bus state is: 0
Set Net Indication Callback called
Bus state is: 0
Set Net Indication Callback called
Bus state is: 0
Set Net Indication Callback called
Bus state is: 0
Set Net Indication Callback called
Bus state is: 0
Set Net Indication Callback called
Bus state is: 0
Set Net Indication Callback called
Bus state is: 0
Set Net Indication Callback called
Bus state is: 0
Set Net Indication Callback called
Bus state is: 0
Set Net Indication Callback called
Bus state is: 0
Set Net Indication Callback called
Bus state is: 0
Set Net Indication Callback called
Bus state is: 0
Set Net Indication Callback called
Bus state is: 0
Set Net Indication Callback called
Bus state is: 0
Set Net Indication Callback called
Bus state is: 0
Set Net Indication Callback called
Bus state is: 0
Set Net Indication Callback called
Bus state is: 0
Set Net Indication Callback called
Bus state is: 0
Set Net Indication Callback called
Bus state is: 0
Set Net Indication Callback called
Bus state is: 0
Set Net Indication Callback called
Bus state is: 0
Set Net Indication Callback called
Bus state is: 0
Set Net Indication Callback called
Bus state is: 0
Set Net Indication Callback called
Bus state is: 0
Set Net Indication Callback called
Bus state is: 0
Set Net Indication Callback called
Bus state is: 0
Set Net Indication Callback called
Bus state is: 0
Set Net Indication Callback called
Bus state is: 0
Set Net Indication Callback called
Bus state is: 0
Set Net Indication Callback called
Bus state is: 0
Set Net Indication Callback called
Bus state is: 0
Set Net Indication Callback called
Bus state is: 0
Set Net Indication Callback called
Bus state is: 0
Set Net Indication Callback called
Bus state is: 0
Set Net Indication Callback called
Bus state is: 0
Set Net Indication Callback called
Bus state is: 0
Set Net Indication Callback called
Bus state is: 0
Set Net Indication Callback called
Bus state is: 0
Set Net Indication Callback called
Bus state is: 0
Set Net Indication Callback called
Bus state is: 0
Set Net Indication Callback called
Bus state is: 0
Set Net Indication Callback called
Bus state is: 0
Set Net Indication Callback called
Bus state is: 0
Set Net Indication Callback called
Bus state is: 0
Set Net Indication Callback called
Bus state is: 0
Set Net Indication Callback called
Bus state is: 0
Set Net Indication Callback called
Bus state is: 0
Set Net Indication Callback called
Bus state is: 0
Set Net Indication Callback called
Bus state is: 0
Set Net Indication Callback called
Bus state is: 0
Set Net Indication Callback called
Bus state is: 0
Set Net Indication Callback called
Bus state is: 0
Set Net Indication Callback called
Bus state is: 0
Set Net Indication Callback called
Bus state is: 0
Set Net Indication Callback called
Bus state is: 0
Set Net Indication Callback called
Bus state is: 0
Set Net Indication Callback called
Bus state is: 0
Set Net Indication Callback called
Bus state is: 0
Set Net Indication Callback called
Bus state is: 0
Set Net Indication Callback called
Bus state is: 0
Set Net Indication Callback called
Bus state is: 0
Set Net Indication Callback called
Bus state is: 0
Set Net Indication Callback called
Bus state is: 0
Set Net Indication Callback called
Bus state is: 0
Set Net Indication Callback called
Bus state is: 0
Set Net Indication Callback called
Bus state is: 0
Set Net Indication Callback called
Bus state is: 0
Set Net Indication Callback called
Bus state is: 0
Set Net Indication Callback called
Bus state is: 0
Set Net Indication Callback called
Bus state is: 0
Set Net Indication Callback called
Bus state is: 0
Set Net Indication Callback called
Bus state is: 0
Set Net Indication Callback called
Bus state is: 0
Set Net Indication Callback called
Bus state is: 0
Set Net Indication Callback called
Bus state is: 0
Set Net Indication Callback called
Bus state is: 0
Set Net Indication Callback called
Bus state is: 0
Set Net Indication Callback called
Bus state is: 0
Set Net Indication Callback called
Bus state is: 0
Set Net Indication Callback called
Bus state is: 0
Set Net Indication Callback called
Bus state is: 0
Set Net Indication Callback called
Bus state is: 0
Set Net Indication Callback called
Bus state is: 0
Set Net Indication Callback called
Bus state is: 0
Set Net Indication Callback called
Bus state is: 0
Set Net Indication Callback called
Bus state is: 0
Set Net Indication Callback called
Bus state is: 0
Set Net Indication Callback called
Bus state is: 0
Set Net Indication Callback called
Bus state is: 0
Set Net Indication Callback called
Bus state is: 0
Set Net Indication Callback called
Bus state is: 0
Set Net Indication Callback called
Bus state is: 0
Set Net Indication Callback called
Bus state is: 0
Set Net Indication Callback called
Bus state is: 0
Set Net Indication Callback called
Bus state is: 0
Set Net Indication Callback called
Bus state is: 0
Set Net Indication Callback called
Bus state is: 0
Set Net Indication Callback called
Bus state is: 0
Set Net Indication Callback called
Bus state is: 0
Set Net Indication Callback called
Bus state is: 0
Set Net Indication Callback called
Bus state is: 0
Set Net Indication Callback called
Bus state is: 0
Set Net Indication Callback called
Bus state is: 0
Set Net Indication Callback called
Bus state is: 0
Set Net Indication Callback called
Bus state is: 0
Set Net Indication Callback called
Bus state is: 0
Set Net Indication Callback called
Bus state is: 0
Set Net Indication Callback called
Bus state is: 0
Set Net Indication Callback called
Bus state is: 0
Set Net Indication Callback called
Bus state is: 0
Set Net Indication Callback called
Bus state is: 0
Set Net Indication Callback called
Bus state is: 0
Set Net Indication Callback called
Bus state is: 0
Set Net Indication Callback called
Bus state is: 0
Set Net Indication Callback called
Bus state is: 0
Set Net Indication Callback called
Bus state is: 0
Set Net Indication Callback called
Bus state is: 0
Set Net Indication Callback called
Bus state is: 0
Set Net Indication Callback called
Bus state is: 0
Set Net Indication Callback called
Bus state is: 0
Set Net Indication Callback called
Bus state is: 0
Set Net Indication Callback called
Bus state is: 0
Set Net Indication Callback called
Bus state is: 0
Set Net Indication Callback called
Bus state is: 0
Set Net Indication Callback called
Bus state is: 0
Set Net Indication Callback called
Bus state is: 0
Set Net Indication Callback called
Bus state is: 0
Set Net Indication Callback called
Bus state is: 0
Set Net Indication Callback called
Bus state is: 0
Set Net Indication Callback called
Bus state is: 0
Set Net Indication Callback called
Bus state is: 0
Set Net Indication Callback called
Bus state is: 0
Set Net Indication Callback called
Bus state is: 0
Set Net Indication Callback called
Bus state is: 0
Set Net Indication Callback called
Bus state is: 0
Set Net Indication Callback called
Bus state is: 0
Set Net Indication Callback called
Bus state is: 0
Set Net Indication Callback called
Bus state is: 0
Set Net Indication Callback called
Bus state is: 0
Set Net Indication Callback called
Bus state is: 0
Set Net Indication Callback called
Bus state is: 0
Set Net Indication Callback called
Bus state is: 0
Set Net Indication Callback called
Bus state is: 0
Set Net Indication Callback called
Bus state is: 0
Set Net Indication Callback called
Bus state is: 0
Set Net Indication Callback called
Bus state is: 0
Set Net Indication Callback called
Bus state is: 0
Set Net Indication Callback called
Bus state is: 0
Set Net Indication Callback called
Bus state is: 0
Set Net Indication Callback called
Bus state is: 0
Set Net Indication Callback called
Bus state is: 0
Set Net Indication Callback called
Bus state is: 0
Set Net Indication Callback called
Bus state is: 0
Set Net Indication Callback called
Bus state is: 0
Set Net Indication Callback called
Bus state is: 0
Set Net Indication Callback called
Bus state is: 0
Set Net Indication Callback called
Bus state is: 0
Set Net Indication Callback called
Bus state is: 0
Set Net Indication Callback called
Bus state is: 0
Set Net Indication Callback called
Bus state is: 0
Set Net Indication Callback called
Bus state is: 0
Set Net Indication Callback called
Bus state is: 0
Set Net Indication Callback called
Bus state is: 0
Set Net Indication Callback called
Bus state is: 0
Set Net Indication Callback called
Bus state is: 0
Set Net Indication Callback called
Bus state is: 0
Set Net Indication Callback called
Bus state is: 0
Set Net Indication Callback called
Bus state is: 0
Set Net Indication Callback called
Bus state is: 0
Set Net Indication Callback called
Bus state is: 0
Set Net Indication Callback called
Bus state is: 0
Set Net Indication Callback called
Bus state is: 0
Set Net Indication Callback called
Bus state is: 0
Set Net Indication Callback called
Bus state is: 0
Set Net Indication Callback called
Bus state is: 0
Set Net Indication Callback called
Bus state is: 0
Set Net Indication Callback called
Bus state is: 0
Set Net Indication Callback called
Bus state is: 0
Set Net Indication Callback called
Bus state is: 0
Set Net Indication Callback called
Bus state is: 0
Set Net Indication Callback called
Bus state is: 0
Set Net Indication Callback called
Bus state is: 0
Set Net Indication Callback called
Bus state is: 0
Set Net Indication Callback called
Bus state is: 0
Set Net Indication Callback called
Bus state is: 0
Set Net Indication Callback called
Bus state is: 0
Set Net Indication Callback called
Bus state is: 0
Set Net Indication Callback called
Bus state is: 0
Set Net Indication Callback called
Bus state is: 0
Set Net Indication Callback called
Bus state is: 0
Set Net Indication Callback called
Bus state is: 0
Set Net Indication Callback called
Bus state is: 0
Set Net Indication Callback called
Bus state is: 0
Set Net Indication Callback called
Bus state is: 0
Set Net Indication Callback called
Bus state is: 0
Set Net Indication Callback called
Bus state is: 0
Set Net Indication Callback called
Bus state is: 0
Set Net Indication Callback called
Bus state is: 0
Set Net Indication Callback called
Bus state is: 0
Set Net Indication Callback called
Bus state is: 0
Set Net Indication Callback called
Bus state is: 0
Set Net Indication Callback called
Bus state is: 0
Set Net Indication Callback called
Bus state is: 0
Set Net Indication Callback called
Bus state is: 0
Set Net Indication Callback called
Bus state is: 0
Set Net Indication Callback called
Bus state is: 0
Set Net Indication Callback called
Bus state is: 0
Set Net Indication Callback called
Bus state is: 0
Set Net Indication Callback called
Bus state is: 0
Set Net Indication Callback called
Bus state is: 0
Set Net Indication Callback called
Bus state is: 0
Set Net Indication Callback called
Bus state is: 0
Set Net Indication Callback called
Bus state is: 0
Set Net Indication Callback called
Bus state is: 0
Set Net Indication Callback called
Bus state is: 0
Set Net Indication Callback called
Bus state is: 0
Set Net Indication Callback called
Bus state is: 0
Set Net Indication Callback called
Bus state is: 0
Set Net Indication Callback called
Bus state is: 0
Set Net Indication Callback called
Bus state is: 0
Set Net Indication Callback called
Bus state is: 0
Set Net Indication Callback called
Bus state is: 0
Set Net Indication Callback called
Bus state is: 0
Set Net Indication Callback called
Bus state is: 0
Set Net Indication Callback called
Bus state is: 0
Set Net Indication Callback called
Bus state is: 0
Set Net Indication Callback called
Bus state is: 0
Set Net Indication Callback called
Bus state is: 0
Set Net Indication Callback called
Bus state is: 0
Set Net Indication Callback called
Bus state is: 0
Set Net Indication Callback called
Bus state is: 0
Set Net Indication Callback called
Bus state is: 0
Set Net Indication Callback called
Bus state is: 0
Set Net Indication Callback called
Bus state is: 0
Set Net Indication Callback called
Bus state is: 0
Set Net Indication Callback called
Bus state is: 0
Set Net Indication Callback called
Bus state is: 0
Set Net Indication Callback called
Bus state is: 0
Set Net Indication Callback called
Bus state is: 0
Set Net Indication Callback called
Bus state is: 0
Set Net Indication Callback called
Bus state is: 0
Set Net Indication Callback called
Bus state is: 0
Set Net Indication Callback called
Bus state is: 0
Set Net Indication Callback called
Bus state is: 0
Set Net Indication Callback called
Bus state is: 0
Set Net Indication Callback called
Bus state is: 0
Set Net Indication Callback called
Bus state is: 0
Set Net Indication Callback called
Bus state is: 0
Set Net Indication Callback called
Bus state is: 0
Set Net Indication Callback called
Bus state is: 0
Set Net Indication Callback called
Bus state is: 0
Set Net Indication Callback called
Bus state is: 0
Set Net Indication Callback called
Bus state is: 0
Set Net Indication Callback called
Bus state is: 0
Set Net Indication Callback called
Bus state is: 0
Set Net Indication Callback called
Bus state is: 0
Set Net Indication Callback called
Bus state is: 0
Set Net Indication Callback called
Bus state is: 0
Set Net Indication Callback called
Bus state is: 0
Set Net Indication Callback called
Bus state is: 0
Set Net Indication Callback called
Bus state is: 0
Set Net Indication Callback called
Bus state is: 0
Set Net Indication Callback called
Bus state is: 0
Set Net Indication Callback called
Bus state is: 0
Set Net Indication Callback called
Bus state is: 0
Set Net Indication Callback called
Bus state is: 0
Set Net Indication Callback called
Bus state is: 0
Set Net Indication Callback called
Bus state is: 0
Set Net Indication Callback called
Bus state is: 0
Set Net Indication Callback called
Bus state is: 0
Set Net Indication Callback called
Bus state is: 0
Set Net Indication Callback called
Bus state is: 0
Set Net Indication Callback called
Bus state is: 0
Set Net Indication Callback called
Bus state is: 0
Set Net Indication Callback called
Bus state is: 0
Set Net Indication Callback called
Bus state is: 0
Set Net Indication Callback called
Bus state is: 0
Set Net Indication Callback called
Bus state is: 0
Set Net Indication Callback called
Bus state is: 0
Set Net Indication Callback called
Bus state is: 0
Set Net Indication Callback called
Bus state is: 0
Set Net Indication Callback called
Bus state is: 0
Set Net Indication Callback called
Bus state is: 0
Set Net Indication Callback called
Bus state is: 0
Set Net Indication Callback called
Bus state is: 0
Set Net Indication Callback called
Bus state is: 0
Set Net Indication Callback called
Bus state is: 0
Set Net Indication Callback called
Bus state is: 0
Set Net Indication Callback called
Bus state is: 0
Set Net Indication Callback called
Bus state is: 0
Set Net Indication Callback called
Bus state is: 0
Set Net Indication Callback called
Bus state is: 0
Set Net Indication Callback called
Bus state is: 0
Set Net Indication Callback called
Bus state is: 0
Set Net Indication Callback called
Bus state is: 0
Set Net Indication Callback called
Bus state is: 0
Set Net Indication Callback called
Bus state is: 0
Set Net Indication Callback called
Bus state is: 0
Set Net Indication Callback called
Bus state is: 0
Set Net Indication Callback called
Bus state is: 0
Set Net Indication Callback called
Bus state is: 0
Set Net Indication Callback called
Bus state is: 0
Set Net Indication Callback called
Bus state is: 0
Set Net Indication Callback called
Bus state is: 0
Set Net Indication Callback called
Bus state is: 0
Set Net Indication Callback called
Bus state is: 0
Set Net Indication Callback called
Bus state is: 0
Set Net Indication Callback called
Bus state is: 0
Set Net Indication Callback called
Bus state is: 0
Set Net Indication Callback called
Bus state is: 0
Set Net Indication Callback called
Bus state is: 0
Set Net Indication Callback called
Bus state is: 0
Set Net Indication Callback called
Bus state is: 0
Set Net Indication Callback called
Bus state is: 0
Set Net Indication Callback called
Bus state is: 0
Set Net Indication Callback called
Bus state is: 0
Set Net Indication Callback called
Bus state is: 0
Set Net Indication Callback called
Bus state is: 0
Set Net Indication Callback called
Bus state is: 0
Set Net Indication Callback called
Bus state is: 0
Set Net Indication Callback called
Bus state is: 0
Set Net Indication Callback called
Bus state is: 0
Set Net Indication Callback called
Bus state is: 0
Set Net Indication Callback called
Bus state is: 0
Set Net Indication Callback called
Bus state is: 0
Set Net Indication Callback called
Bus state is: 0
Set Net Indication Callback called
Bus state is: 0
Set Net Indication Callback called
Bus state is: 0
Set Net Indication Callback called
Bus state is: 0
Set Net Indication Callback called
Bus state is: 0
Set Net Indication Callback called
Bus state is: 0
Set Net Indication Callback called
Bus state is: 0
Set Net Indication Callback called
Bus state is: 0
Set Net Indication Callback called
Bus state is: 0
Set Net Indication Callback called
Bus state is: 0
Set Net Indication Callback called
Bus state is: 0
Set Net Indication Callback called
Bus state is: 0
Set Net Indication Callback called
Bus state is: 0
Set Net Indication Callback called
Bus state is: 0
Set Net Indication Callback called
Bus state is: 0
Set Net Indication Callback called
Bus state is: 0
Set Net Indication Callback called
Bus state is: 0
Set Net Indication Callback called
Bus state is: 0
Set Net Indication Callback called
Bus state is: 0
Set Net Indication Callback called
Bus state is: 0
Set Net Indication Callback called
Bus state is: 0
Set Net Indication Callback called
Bus state is: 0
Set Net Indication Callback called
Bus state is: 0
Set Net Indication Callback called
Bus state is: 0
Set Net Indication Callback called
Bus state is: 0
Set Net Indication Callback called
Bus state is: 0
Set Net Indication Callback called
Bus state is: 0
Set Net Indication Callback called
Bus state is: 0
Set Net Indication Callback called
Bus state is: 0
Set Net Indication Callback called
Bus state is: 0
Set Net Indication Callback called
Bus state is: 0
Set Net Indication Callback called
Bus state is: 0
Set Net Indication Callback called
Bus state is: 0
Set Net Indication Callback called
Bus state is: 0
Set Net Indication Callback called
Bus state is: 0
Set Net Indication Callback called
Bus state is: 0
Set Net Indication Callback called
Bus state is: 0
Set Net Indication Callback called
Bus state is: 0
Set Net Indication Callback called
Bus state is: 0
Set Net Indication Callback called
Bus state is: 0
Set Net Indication Callback called
Bus state is: 0
Set Net Indication Callback called
Bus state is: 0
Set Net Indication Callback called
Bus state is: 0
Set Net Indication Callback called
Bus state is: 0
Set Net Indication Callback called
Bus state is: 0
Set Net Indication Callback called
Bus state is: 0
Set Net Indication Callback called
Bus state is: 0
Set Net Indication Callback called
Bus state is: 0
Set Net Indication Callback called
Bus state is: 0
Set Net Indication Callback called
Bus state is: 0
Set Net Indication Callback called
Bus state is: 0
Set Net Indication Callback called
Bus state is: 0
Set Net Indication Callback called
Bus state is: 0
Set Net Indication Callback called
Bus state is: 0
Set Net Indication Callback called
Bus state is: 0
Set Net Indication Callback called
Bus state is: 0
Set Net Indication Callback called
Bus state is: 0
Set Net Indication Callback called
Bus state is: 0
Set Net Indication Callback called
Bus state is: 0
Set Net Indication Callback called
Bus state is: 0
Set Net Indication Callback called
Bus state is: 0
Set Net Indication Callback called
Bus state is: 0
Set Net Indication Callback called
Bus state is: 0
Set Net Indication Callback called
Bus state is: 0
Set Net Indication Callback called
Bus state is: 0
Set Net Indication Callback called
Bus state is: 0
Set Net Indication Callback called
Bus state is: 0
Set Net Indication Callback called
Bus state is: 0
Set Net Indication Callback called
Bus state is: 0
Set Net Indication Callback called
Bus state is: 0
Set Net Indication Callback called
Bus state is: 0
Set Net Indication Callback called
Bus state is: 0
Set Net Indication Callback called
Bus state is: 0
Set Net Indication Callback called
Bus state is: 0
Set Net Indication Callback called
Bus state is: 0
Set Net Indication Callback called
Bus state is: 0
Set Net Indication Callback called
Bus state is: 0
Set Net Indication Callback called
Bus state is: 0
Set Net Indication Callback called
Bus state is: 0
Set Net Indication Callback called
Bus state is: 0
Set Net Indication Callback called
Bus state is: 0
Set Net Indication Callback called
Bus state is: 0
Set Net Indication Callback called
Bus state is: 0
Set Net Indication Callback called
Bus state is: 0
Set Net Indication Callback called
Bus state is: 0
Set Net Indication Callback called
Bus state is: 0
Set Net Indication Callback called
Bus state is: 0
Set Net Indication Callback called
Bus state is: 0
Set Net Indication Callback called
Bus state is: 0
Set Net Indication Callback called
Bus state is: 0
Set Net Indication Callback called
Bus state is: 0
Set Net Indication Callback called
Bus state is: 0
Set Net Indication Callback called
Bus state is: 0
Set Net Indication Callback called
Bus state is: 0
Set Net Indication Callback called
Bus state is: 0
Set Net Indication Callback called
Bus state is: 0
Set Net Indication Callback called
Bus state is: 0
Set Net Indication Callback called
Bus state is: 0
Set Net Indication Callback called
Bus state is: 0
Set Net Indication Callback called
Bus state is: 0
Set Net Indication Callback called
Bus state is: 0
Set Net Indication Callback called
Bus state is: 0
Set Net Indication Callback called
Bus state is: 0
Set Net Indication Callback called
Bus state is: 0
Set Net Indication Callback called
Bus state is: 0
Set Net Indication Callback called
Bus state is: 0
Set Net Indication Callback called
Bus state is: 0
Set Net Indication Callback called
Bus state is: 0
Set Net Indication Callback called
Bus state is: 0
Set Net Indication Callback called
Bus state is: 0
Set Net Indication Callback called
Bus state is: 0
Set Net Indication Callback called
Bus state is: 0
Set Net Indication Callback called
Bus state is: 0
Set Net Indication Callback called
Bus state is: 0
Set Net Indication Callback called
Bus state is: 0
Set Net Indication Callback called
Bus state is: 0
Set Net Indication Callback called
Bus state is: 0
Set Net Indication Callback called
Bus state is: 0
Set Net Indication Callback called
Bus state is: 0
Set Net Indication Callback called
Bus state is: 0
Set Net Indication Callback called
Bus state is: 0
Set Net Indication Callback called
Bus state is: 0
Set Net Indication Callback called
Bus state is: 0
Set Net Indication Callback called
Bus state is: 0
Set Net Indication Callback called
Bus state is: 0
Set Net Indication Callback called
Bus state is: 0
Set Net Indication Callback called
Bus state is: 0
Set Net Indication Callback called
Bus state is: 0
Set Net Indication Callback called
Bus state is: 0
Set Net Indication Callback called
Bus state is: 0
Set Net Indication Callback called
Bus state is: 0
Set Net Indication Callback called
Bus state is: 0
Set Net Indication Callback called
Bus state is: 0
Set Net Indication Callback called
Bus state is: 0
Set Net Indication Callback called
Bus state is: 0
Set Net Indication Callback called
Bus state is: 0
Set Net Indication Callback called
Bus state is: 0
Set Net Indication Callback called
Bus state is: 0
Set Net Indication Callback called
Bus state is: 0
Set Net Indication Callback called
Bus state is: 0
Set Net Indication Callback called
Bus state is: 0
Set Net Indication Callback called
Bus state is: 0
Set Net Indication Callback called
Bus state is: 0
Set Net Indication Callback called
Bus state is: 0
Set Net Indication Callback called
Bus state is: 0
Set Net Indication Callback called
Bus state is: 0
Set Net Indication Callback called
Bus state is: 0
Set Net Indication Callback called
Bus state is: 0
Set Net Indication Callback called
Bus state is: 0
Set Net Indication Callback called
Bus state is: 0
Set Net Indication Callback called
Bus state is: 0
Set Net Indication Callback called
Bus state is: 0
Set Net Indication Callback called
Bus state is: 0
Set Net Indication Callback called
Bus state is: 0
Set Net Indication Callback called
Bus state is: 0
Set Net Indication Callback called
Bus state is: 0
Set Net Indication Callback called
Bus state is: 0
Set Net Indication Callback called
Bus state is: 0
Set Net Indication Callback called
Bus state is: 0
Set Net Indication Callback called
Bus state is: 0
Set Net Indication Callback called
Bus state is: 0
Set Net Indication Callback called
Bus state is: 0
Set Net Indication Callback called
Bus state is: 0
Set Net Indication Callback called
Bus state is: 0
Set Net Indication Callback called
Bus state is: 0
Set Net Indication Callback called
Bus state is: 0
Set Net Indication Callback called
Bus state is: 0
Set Net Indication Callback called
Bus state is: 0
Set Net Indication Callback called
Bus state is: 0
Set Net Indication Callback called
Bus state is: 0
Set Net Indication Callback called
Bus state is: 0
Set Net Indication Callback called
Bus state is: 0
Set Net Indication Callback called
Bus state is: 0
Set Net Indication Callback called
Bus state is: 0
Set Net Indication Callback called
Bus state is: 0
Set Net Indication Callback called
Bus state is: 0
Set Net Indication Callback called
Bus state is: 0
Set Net Indication Callback called
Bus state is: 0
Set Net Indication Callback called
Bus state is: 0
Set Net Indication Callback called
Bus state is: 0
Set Net Indication Callback called
Bus state is: 0
Set Net Indication Callback called
Bus state is: 0
Set Net Indication Callback called
Bus state is: 0
Set Net Indication Callback called
Bus state is: 0
Set Net Indication Callback called
Bus state is: 0
Set Net Indication Callback called
Bus state is: 0
Set Net Indication Callback called
Bus state is: 0
Set Net Indication Callback called
Bus state is: 0
Set Net Indication Callback called
Bus state is: 0
Set Net Indication Callback called
Bus state is: 0
Set Net Indication Callback called
Bus state is: 0
Set Net Indication Callback called
Bus state is: 0
Set Net Indication Callback called
Bus state is: 0
Set Net Indication Callback called
Bus state is: 0
Set Net Indication Callback called
Bus state is: 0
Set Net Indication Callback called
Bus state is: 0
Set Net Indication Callback called
Bus state is: 0
Set Net Indication Callback called
Bus state is: 0
Set Net Indication Callback called
Bus state is: 0
Set Net Indication Callback called
Bus state is: 0
Set Net Indication Callback called
Bus state is: 0
Set Net Indication Callback called
Bus state is: 0
Set Net Indication Callback called
Bus state is: 0
Set Net Indication Callback called
Bus state is: 0
Set Net Indication Callback called
Bus state is: 0
Set Net Indication Callback called
Bus state is: 0
Set Net Indication Callback called
Bus state is: 0
Set Net Indication Callback called
Bus state is: 0
Set Net Indication Callback called
Bus state is: 0
Set Net Indication Callback called
Bus state is: 0
Set Net Indication Callback called
Bus state is: 0
Set Net Indication Callback called
Bus state is: 0
Set Net Indication Callback called
Bus state is: 0
Set Net Indication Callback called
Bus state is: 0
Set Net Indication Callback called
Bus state is: 0
Set Net Indication Callback called
Bus state is: 0
Set Net Indication Callback called
Bus state is: 0
Set Net Indication Callback called
Bus state is: 0
Set Net Indication Callback called
Bus state is: 0
Set Net Indication Callback called
Bus state is: 0
Set Net Indication Callback called
Bus state is: 0
Set Net Indication Callback called
Bus state is: 0
Set Net Indication Callback called
Bus state is: 0
Set Net Indication Callback called
Bus state is: 0
Set Net Indication Callback called
Bus state is: 0
Set Net Indication Callback called
Bus state is: 0
Set Net Indication Callback called
Bus state is: 0
Set Net Indication Callback called
Bus state is: 0
Set Net Indication Callback called
Bus state is: 0
Set Net Indication Callback called
Bus state is: 0
Set Net Indication Callback called
Bus state is: 0
Set Net Indication Callback called
Bus state is: 0
Set Net Indication Callback called
Bus state is: 0
Set Net Indication Callback called
Bus state is: 0
Set Net Indication Callback called
Bus state is: 0
Set Net Indication Callback called
Bus state is: 0
Set Net Indication Callback called
Bus state is: 0
Set Net Indication Callback called
Bus state is: 0
Set Net Indication Callback called
Bus state is: 0
Set Net Indication Callback called
Bus state is: 0
Set Net Indication Callback called
Bus state is: 0
Set Net Indication Callback called
Bus state is: 0
Set Net Indication Callback called
Bus state is: 0
Set Net Indication Callback called
Bus state is: 0
Set Net Indication Callback called
Bus state is: 0
Set Net Indication Callback called
Bus state is: 0
Set Net Indication Callback called
Bus state is: 0
Set Net Indication Callback called
Bus state is: 0
Set Net Indication Callback called
Bus state is: 0
Set Net Indication Callback called
Bus state is: 0
Set Net Indication Callback called
Bus state is: 0
Set Net Indication Callback called
Bus state is: 0
Set Net Indication Callback called
Bus state is: 0
Set Net Indication Callback called
Bus state is: 0
Set Net Indication Callback called
Bus state is: 0
Set Net Indication Callback called
Bus state is: 0
Set Net Indication Callback called
Bus state is: 0
Set Net Indication Callback called
Bus state is: 0
Set Net Indication Callback called
Bus state is: 0
Set Net Indication Callback called
Bus state is: 0
Set Net Indication Callback called
Bus state is: 0
Set Net Indication Callback called
Bus state is: 0
Set Net Indication Callback called
Bus state is: 0
Set Net Indication Callback called
Bus state is: 0
Set Net Indication Callback called
Bus state is: 0
Set Net Indication Callback called
Bus state is: 0
Set Net Indication Callback called
Bus state is: 0
Set Net Indication Callback called
Bus state is: 0
Set Net Indication Callback called
Bus state is: 0
Set Net Indication Callback called
Bus state is: 0
Set Net Indication Callback called
Bus state is: 0
Set Net Indication Callback called
Bus state is: 0
Set Net Indication Callback called
Bus state is: 0
Set Net Indication Callback called
Bus state is: 0
Set Net Indication Callback called
Bus state is: 0
Set Net Indication Callback called
Bus state is: 0
Set Net Indication Callback called
Bus state is: 0
Set Net Indication Callback called
Bus state is: 0
Set Net Indication Callback called
Bus state is: 0
Set Net Indication Callback called
Bus state is: 0
Set Net Indication Callback called
Bus state is: 0
Set Net Indication Callback called
Bus state is: 0
Set Net Indication Callback called
Bus state is: 0
Set Net Indication Callback called
Bus state is: 0
Set Net Indication Callback called
Bus state is: 0
Set Net Indication Callback called
Bus state is: 0
Set Net Indication Callback called
Bus state is: 0
Set Net Indication Callback called
Bus state is: 0
Set Net Indication Callback called
Bus state is: 0
Set Net Indication Callback called
Bus state is: 0
Set Net Indication Callback called
Bus state is: 0
Set Net Indication Callback called
Bus state is: 0
Set Net Indication Callback called
Bus state is: 0
Set Net Indication Callback called
Bus state is: 0
Set Net Indication Callback called
Bus state is: 0
Set Net Indication Callback called
Bus state is: 0
Set Net Indication Callback called
Bus state is: 0
Set Net Indication Callback called
Bus state is: 0
Set Net Indication Callback called
Bus state is: 0
Set Net Indication Callback called
Bus state is: 0
Set Net Indication Callback called
Bus state is: 0
Set Net Indication Callback called
Bus state is: 0
Set Net Indication Callback called
Bus state is: 0
Set Net Indication Callback called
Bus state is: 0
Set Net Indication Callback called
Bus state is: 0
Set Net Indication Callback called
Bus state is: 0
Set Net Indication Callback called
Bus state is: 0
Set Net Indication Callback called
Bus state is: 0
Set Net Indication Callback called
Bus state is: 0
Set Net Indication Callback called
Bus state is: 0
Set Net Indication Callback called
Bus state is: 0
Set Net Indication Callback called
Bus state is: 0
Set Net Indication Callback called
Bus state is: 0
Set Net Indication Callback called
Bus state is: 0
Set Net Indication Callback called
Bus state is: 0
Set Net Indication Callback called
Bus state is: 0
Set Net Indication Callback called
Bus state is: 0
Set Net Indication Callback called
Bus state is: 0
Set Net Indication Callback called
Bus state is: 0
Set Net Indication Callback called
Bus state is: 0
Set Net Indication Callback called
Bus state is: 0
Set Net Indication Callback called
Bus state is: 0
Set Net Indication Callback called
Bus state is: 0
Set Net Indication Callback called
Bus state is: 0
Set Net Indication Callback called
Bus state is: 0
Set Net Indication Callback called
Bus state is: 0
Set Net Indication Callback called
Bus state is: 0
Set Net Indication Callback called
Bus state is: 0
Set Net Indication Callback called
Bus state is: 0
Set Net Indication Callback called
Bus state is: 0
Set Net Indication Callback called
Bus state is: 0
Set Net Indication Callback called
Bus state is: 0
Set Net Indication Callback called
Bus state is: 0
Set Net Indication Callback called
Bus state is: 0
Set Net Indication Callback called
Bus state is: 0
Set Net Indication Callback called
Bus state is: 0
Set Net Indication Callback called
Bus state is: 0
Set Net Indication Callback called
Bus state is: 0
Set Net Indication Callback called
Bus state is: 0
Set Net Indication Callback called
Bus state is: 0
Set Net Indication Callback called
Bus state is: 0
Set Net Indication Callback called
Bus state is: 0
Set Net Indication Callback called
Bus state is: 0
Set Net Indication Callback called
Bus state is: 0
Set Net Indication Callback called
Bus state is: 0
Set Net Indication Callback called
Bus state is: 0
Set Net Indication Callback called
Bus state is: 0
Set Net Indication Callback called
Bus state is: 0
Set Net Indication Callback called
Bus state is: 0
Set Net Indication Callback called
Bus state is: 0
Set Net Indication Callback called
Bus state is: 0
Set Net Indication Callback called
Bus state is: 0
Set Net Indication Callback called
Bus state is: 0
Set Net Indication Callback called
Bus state is: 0
Set Net Indication Callback called
Bus state is: 0
Set Net Indication Callback called
Bus state is: 0
Set Net Indication Callback called
Bus state is: 0
Set Net Indication Callback called
Bus state is: 0
Set Net Indication Callback called
Bus state is: 0
Set Net Indication Callback called
Bus state is: 0
Set Net Indication Callback called
Bus state is: 0
Set Net Indication Callback called
Bus state is: 0
Set Net Indication Callback called
Bus state is: 0
Set Net Indication Callback called
Bus state is: 0
Set Net Indication Callback called
Bus state is: 0
Set Net Indication Callback called
Bus state is: 0
Set Net Indication Callback called
Bus state is: 0
Set Net Indication Callback called
Bus state is: 0
Set Net Indication Callback called
Bus state is: 0
Set Net Indication Callback called
Bus state is: 0
Set Net Indication Callback called
Bus state is: 0
Set Net Indication Callback called
Bus state is: 0
Set Net Indication Callback called
Bus state is: 0
Set Net Indication Callback called
Bus state is: 0
Set Net Indication Callback called
Bus state is: 0
Set Net Indication Callback called
Bus state is: 0
Set Net Indication Callback called
Bus state is: 0
Set Net Indication Callback called
Bus state is: 0
Set Net Indication Callback called
Bus state is: 0
Set Net Indication Callback called
Bus state is: 0
Set Net Indication Callback called
Bus state is: 0
Set Net Indication Callback called
Bus state is: 0
Set Net Indication Callback called
Bus state is: 0
Set Net Indication Callback called
Bus state is: 0
Set Net Indication Callback called
Bus state is: 0
Set Net Indication Callback called
Bus state is: 0
Set Net Indication Callback called
Bus state is: 0
Set Net Indication Callback called
Bus state is: 0
Set Net Indication Callback called
Bus state is: 0
Set Net Indication Callback called
Bus state is: 0
Set Net Indication Callback called
Bus state is: 0
Set Net Indication Callback called
Bus state is: 0
Set Net Indication Callback called
Bus state is: 0
Set Net Indication Callback called
Bus state is: 0
Set Net Indication Callback called
Bus state is: 0
Set Net Indication Callback called
Bus state is: 0
Set Net Indication Callback called
Bus state is: 0
Set Net Indication Callback called
Bus state is: 0
Set Net Indication Callback called
Bus state is: 0
Set Net Indication Callback called
Bus state is: 0
Set Net Indication Callback called
Bus state is: 0
Set Net Indication Callback called
Bus state is: 0
Set Net Indication Callback called
Bus state is: 0
Set Net Indication Callback called
Bus state is: 0
Set Net Indication Callback called
Bus state is: 0
Set Net Indication Callback called
Bus state is: 0
Set Net Indication Callback called
Bus state is: 0
Set Net Indication Callback called
Bus state is: 0
Set Net Indication Callback called
Bus state is: 0
Set Net Indication Callback called
Bus state is: 0
Set Net Indication Callback called
Bus state is: 0
Set Net Indication Callback called
Bus state is: 0
Set Net Indication Callback called
Bus state is: 0
Set Net Indication Callback called
Bus state is: 0
Set Net Indication Callback called
Bus state is: 0
Set Net Indication Callback called
Bus state is: 0
Set Net Indication Callback called
Bus state is: 0
Set Net Indication Callback called
Bus state is: 0
Set Net Indication Callback called
Bus state is: 0
Set Net Indication Callback called
Bus state is: 0
Set Net Indication Callback called
Bus state is: 0
Set Net Indication Callback called
Bus state is: 0
Set Net Indication Callback called
Bus state is: 0
Set Net Indication Callback called
Bus state is: 0
Set Net Indication Callback called
Bus state is: 0
Set Net Indication Callback called
Bus state is: 0
Set Net Indication Callback called
Bus state is: 0
Set Net Indication Callback called
Bus state is: 0
Set Net Indication Callback called
Bus state is: 0
Set Net Indication Callback called
Bus state is: 0
Set Net Indication Callback called
Bus state is: 0
Set Net Indication Callback called
Bus state is: 0
Set Net Indication Callback called
Bus state is: 0
Set Net Indication Callback called
Bus state is: 0
Set Net Indication Callback called
Bus state is: 0
Set Net Indication Callback called
Bus state is: 0
Set Net Indication Callback called
Bus state is: 0
Set Net Indication Callback called
Bus state is: 0
Set Net Indication Callback called
Bus state is: 0
Set Net Indication Callback called
Bus state is: 0
Set Net Indication Callback called
Bus state is: 0
Set Net Indication Callback called
Bus state is: 0
Set Net Indication Callback called
Bus state is: 0
Set Net Indication Callback called
Bus state is: 0
Set Net Indication Callback called
Bus state is: 0
Set Net Indication Callback called
Bus state is: 0
Set Net Indication Callback called
Bus state is: 0
Set Net Indication Callback called
Bus state is: 0
Set Net Indication Callback called
Bus state is: 0
Set Net Indication Callback called
Bus state is: 0
Set Net Indication Callback called
Bus state is: 0
Set Net Indication Callback called
Bus state is: 0
Set Net Indication Callback called
Bus state is: 0
Set Net Indication Callback called
Bus state is: 0
Set Net Indication Callback called
Bus state is: 0
Set Net Indication Callback called
Bus state is: 0
Set Net Indication Callback called
Bus state is: 0
Set Net Indication Callback called
Bus state is: 0
Set Net Indication Callback called
Bus state is: 0
Set Net Indication Callback called
Bus state is: 0
Set Net Indication Callback called
Bus state is: 0
Set Net Indication Callback called
Bus state is: 0
Set Net Indication Callback called
Bus state is: 0
Set Net Indication Callback called
Bus state is: 0
Set Net Indication Callback called
Bus state is: 0
Set Net Indication Callback called
Bus state is: 0
Set Net Indication Callback called
Bus state is: 0
Set Net Indication Callback called
Bus state is: 0
Set Net Indication Callback called
Bus state is: 0
Set Net Indication Callback called
Bus state is: 0
Set Net Indication Callback called
Bus state is: 0
Set Net Indication Callback called
Bus state is: 0
Set Net Indication Callback called
Bus state is: 0
Set Net Indication Callback called
Bus state is: 0
Set Net Indication Callback called
Bus state is: 0
Set Net Indication Callback called
Bus state is: 0
Set Net Indication Callback called
Bus state is: 0
Set Net Indication Callback called
Bus state is: 0
Set Net Indication Callback called
Bus state is: 0
Set Net Indication Callback called
Bus state is: 0
Set Net Indication Callback called
Bus state is: 0
Set Net Indication Callback called
Bus state is: 0
Set Net Indication Callback called
Bus state is: 0
Set Net Indication Callback called
Bus state is: 0
Set Net Indication Callback called
Bus state is: 0
Set Net Indication Callback called
Bus state is: 0
Set Net Indication Callback called
Bus state is: 0
Set Net Indication Callback called
Bus state is: 0
Set Net Indication Callback called
Bus state is: 0
Set Net Indication Callback called
Bus state is: 0
Set Net Indication Callback called
Bus state is: 0
Set Net Indication Callback called
Bus state is: 0
Set Net Indication Callback called
Bus state is: 0
Set Net Indication Callback called
Bus state is: 0
Set Net Indication Callback called
Bus state is: 0
Set Net Indication Callback called
Bus state is: 0
Set Net Indication Callback called
Bus state is: 0
Set Net Indication Callback called
Bus state is: 0
Set Net Indication Callback called
Bus state is: 0
Set Net Indication Callback called
Bus state is: 0
Set Net Indication Callback called
Bus state is: 0
Set Net Indication Callback called
Bus state is: 0
Set Net Indication Callback called
Bus state is: 0
Set Net Indication Callback called
Bus state is: 0
Set Net Indication Callback called
Bus state is: 0
Set Net Indication Callback called
Bus state is: 0
Set Net Indication Callback called
Bus state is: 0
Set Net Indication Callback called
Bus state is: 0
Set Net Indication Callback called
Bus state is: 0
Set Net Indication Callback called
Bus state is: 0
Set Net Indication Callback called
Bus state is: 0
Set Net Indication Callback called
Bus state is: 0
Set Net Indication Callback called
Bus state is: 0
Set Net Indication Callback called
Bus state is: 0
Set Net Indication Callback called
Bus state is: 0
Set Net Indication Callback called
Bus state is: 0
Set Net Indication Callback called
Bus state is: 0
Set Net Indication Callback called
Bus state is: 0
Set Net Indication Callback called
Bus state is: 0
Set Net Indication Callback called
Bus state is: 0
Set Net Indication Callback called
Bus state is: 0
Set Net Indication Callback called
Bus state is: 0
Set Net Indication Callback called
Bus state is: 0
Set Net Indication Callback called
Bus state is: 0
Set Net Indication Callback called
Bus state is: 0
Set Net Indication Callback called
Bus state is: 0
Set Net Indication Callback called
Bus state is: 0
Set Net Indication Callback called
Bus state is: 0
Set Net Indication Callback called
Bus state is: 0
Set Net Indication Callback called
Bus state is: 0
Set Net Indication Callback called
Bus state is: 0
Set Net Indication Callback called
Bus state is: 0
Set Net Indication Callback called
Bus state is: 0
Set Net Indication Callback called
Bus state is: 0
Set Net Indication Callback called
Bus state is: 0
Set Net Indication Callback called
Bus state is: 0
Set Net Indication Callback called
Bus state is: 0
Set Net Indication Callback called
Bus state is: 0
Set Net Indication Callback called
Bus state is: 0
Set Net Indication Callback called
Bus state is: 0
Set Net Indication Callback called
Bus state is: 0
Set Net Indication Callback called
Bus state is: 0
Set Net Indication Callback called
Bus state is: 0
Set Net Indication Callback called
Bus state is: 0
Set Net Indication Callback called
Bus state is: 0
Set Net Indication Callback called
Bus state is: 0
Set Net Indication Callback called
Bus state is: 0
Set Net Indication Callback called
Bus state is: 0
Set Net Indication Callback called
Bus state is: 0
Set Net Indication Callback called
Bus state is: 0
Set Net Indication Callback called
Bus state is: 0
Set Net Indication Callback called
Bus state is: 0
Set Net Indication Callback called
Bus state is: 0
Set Net Indication Callback called
Bus state is: 0
Set Net Indication Callback called
Bus state is: 0
Set Net Indication Callback called
Bus state is: 0
Set Net Indication Callback called
Bus state is: 0
Set Net Indication Callback called
Bus state is: 0
Set Net Indication Callback called
Bus state is: 0
Set Net Indication Callback called
Bus state is: 0
Set Net Indication Callback called
Bus state is: 0
Set Net Indication Callback called
Bus state is: 0
Set Net Indication Callback called
Bus state is: 0
Set Net Indication Callback called
Bus state is: 0
Set Net Indication Callback called
Bus state is: 0
Set Net Indication Callback called
Bus state is: 0
Set Net Indication Callback called
Bus state is: 0
Set Net Indication Callback called
Bus state is: 0
Set Net Indication Callback called
Bus state is: 0
Set Net Indication Callback called
Bus state is: 0
Set Net Indication Callback called
Bus state is: 0
Set Net Indication Callback called
Bus state is: 0
Set Net Indication Callback called
Bus state is: 0
Set Net Indication Callback called
Bus state is: 0
Set Net Indication Callback called
Bus state is: 0
Set Net Indication Callback called
Bus state is: 0
Set Net Indication Callback called
Bus state is: 0
Set Net Indication Callback called
Bus state is: 0
Set Net Indication Callback called
Bus state is: 0
Set Net Indication Callback called
Bus state is: 0
Set Net Indication Callback called
Bus state is: 0
Set Net Indication Callback called
Bus state is: 0
Set Net Indication Callback called
Bus state is: 0
Set Net Indication Callback called
Bus state is: 0
Set Net Indication Callback called
Bus state is: 0
Set Net Indication Callback called
Bus state is: 0
Set Net Indication Callback called
Bus state is: 0
Set Net Indication Callback called
Bus state is: 0
Set Net Indication Callback called
Bus state is: 0
Set Net Indication Callback called
Bus state is: 0
Set Net Indication Callback called
Bus state is: 0
Set Net Indication Callback called
Bus state is: 0
Set Net Indication Callback called
Bus state is: 0
Set Net Indication Callback called
Bus state is: 0
Set Net Indication Callback called
Bus state is: 0
Set Net Indication Callback called
Bus state is: 0
Set Net Indication Callback called
Bus state is: 0
Set Net Indication Callback called
Bus state is: 0
Set Net Indication Callback called
Bus state is: 0
Set Net Indication Callback called
Bus state is: 0
Set Net Indication Callback called
Bus state is: 0
Set Net Indication Callback called
Bus state is: 0
Set Net Indication Callback called
Bus state is: 0
Set Net Indication Callback called
Bus state is: 0
Set Net Indication Callback called
Bus state is: 0
Set Net Indication Callback called
Bus state is: 0
Set Net Indication Callback called
Bus state is: 0
Set Net Indication Callback called
Bus state is: 0
Set Net Indication Callback called
Bus state is: 0
Set Net Indication Callback called
Bus state is: 0
Set Net Indication Callback called
Bus state is: 0
Set Net Indication Callback called
Bus state is: 0
Set Net Indication Callback called
Bus state is: 0
Set Net Indication Callback called
Bus state is: 0
Set Net Indication Callback called
Bus state is: 0
Set Net Indication Callback called
Bus state is: 0
Set Net Indication Callback called
Bus state is: 0
Set Net Indication Callback called
Bus state is: 0
Set Net Indication Callback called
Bus state is: 0
Set Net Indication Callback called
Bus state is: 0
Set Net Indication Callback called
Bus state is: 0
Set Net Indication Callback called
Bus state is: 0
Set Net Indication Callback called
Bus state is: 0
Set Net Indication Callback called
Bus state is: 0
Set Net Indication Callback called
Bus state is: 0
Set Net Indication Callback called
Bus state is: 0
Set Net Indication Callback called
Bus state is: 0
Set Net Indication Callback called
Bus state is: 0
Set Net Indication Callback called
Bus state is: 0
Set Net Indication Callback called
Bus state is: 0
Set Net Indication Callback called
Bus state is: 0
Set Net Indication Callback called
Bus state is: 0
Set Net Indication Callback called
Bus state is: 0
Set Net Indication Callback called
Bus state is: 0
Set Net Indication Callback called
Bus state is: 0
Set Net Indication Callback called
Bus state is: 0
Set Net Indication Callback called
Bus state is: 0
Set Net Indication Callback called
Bus state is: 0
Set Net Indication Callback called
Bus state is: 0
Set Net Indication Callback called
Bus state is: 0
Set Net Indication Callback called
Bus state is: 0
Set Net Indication Callback called
Bus state is: 0
Set Net Indication Callback called
Bus state is: 0
Set Net Indication Callback called
Bus state is: 0
Set Net Indication Callback called
Bus state is: 0
Set Net Indication Callback called
Bus state is: 0
Set Net Indication Callback called
Bus state is: 0
Set Net Indication Callback called
Bus state is: 0
Set Net Indication Callback called
Bus state is: 0
Set Net Indication Callback called
Bus state is: 0
Set Net Indication Callback called
Bus state is: 0
Set Net Indication Callback called
Bus state is: 0
Set Net Indication Callback called
Bus state is: 0
Set Net Indication Callback called
Bus state is: 0
Set Net Indication Callback called
Bus state is: 0
Set Net Indication Callback called
Bus state is: 0
Set Net Indication Callback called
Bus state is: 0
Set Net Indication Callback called
Bus state is: 0
Set Net Indication Callback called
Bus state is: 0
Set Net Indication Callback called
Bus state is: 0
Set Net Indication Callback called
Bus state is: 0
Set Net Indication Callback called
Bus state is: 0
Set Net Indication Callback called
Bus state is: 0
Set Net Indication Callback called
Bus state is: 0
Set Net Indication Callback called
Bus state is: 0
Set Net Indication Callback called
Bus state is: 0
Set Net Indication Callback called
Bus state is: 0
Set Net Indication Callback called
Bus state is: 0
Set Net Indication Callback called
Bus state is: 0
Set Net Indication Callback called
Bus state is: 0
Set Net Indication Callback called
Bus state is: 0
Set Net Indication Callback called
Bus state is: 0
Set Net Indication Callback called
Bus state is: 0
Set Net Indication Callback called
Bus state is: 0
Set Net Indication Callback called
Bus state is: 0
Set Net Indication Callback called
Bus state is: 0
Set Net Indication Callback called
Bus state is: 0
Set Net Indication Callback called
Bus state is: 0
Set Net Indication Callback called
Bus state is: 0
Set Net Indication Callback called
Bus state is: 0
Set Net Indication Callback called
Bus state is: 0
Set Net Indication Callback called
Bus state is: 0
Set Net Indication Callback called
Bus state is: 0
Set Net Indication Callback called
Bus state is: 0
Set Net Indication Callback called
Bus state is: 0
Set Net Indication Callback called
Bus state is: 0
Set Net Indication Callback called
Bus state is: 0
Set Net Indication Callback called
Bus state is: 0
Set Net Indication Callback called
Bus state is: 0
Set Net Indication Callback called
Bus state is: 0
Set Net Indication Callback called
Bus state is: 0
Set Net Indication Callback called
Bus state is: 0
Set Net Indication Callback called
Bus state is: 0
Set Net Indication Callback called
Bus state is: 0
Set Net Indication Callback called
Bus state is: 0
Set Net Indication Callback called
Bus state is: 0
Set Net Indication Callback called
Bus state is: 0
Set Net Indication Callback called
Bus state is: 0
Set Net Indication Callback called
Bus state is: 0
Set Net Indication Callback called
Bus state is: 0
Set Net Indication Callback called
Bus state is: 0
Set Net Indication Callback called
Bus state is: 0
Set Net Indication Callback called
Bus state is: 0
Set Net Indication Callback called
Bus state is: 0
Set Net Indication Callback called
Bus state is: 0
Set Net Indication Callback called
Bus state is: 0
Set Net Indication Callback called
Bus state is: 0
Set Net Indication Callback called
Bus state is: 0
Set Net Indication Callback called
Bus state is: 0
Set Net Indication Callback called
Bus state is: 0
Set Net Indication Callback called
Bus state is: 0
Set Net Indication Callback called
Bus state is: 0
Set Net Indication Callback called
Bus state is: 0
Set Net Indication Callback called
Bus state is: 0
Set Net Indication Callback called
Bus state is: 0
Set Net Indication Callback called
Bus state is: 0
Set Net Indication Callback called
Bus state is: 0
Set Net Indication Callback called
Bus state is: 0
Set Net Indication Callback called
Bus state is: 0
Set Net Indication Callback called
Bus state is: 0
Set Net Indication Callback called
Bus state is: 0
Set Net Indication Callback called
Bus state is: 0
Set Net Indication Callback called
Bus state is: 0
Set Net Indication Callback called
Bus state is: 0
Set Net Indication Callback called
Bus state is: 0
Set Net Indication Callback called
Bus state is: 0
Set Net Indication Callback called
Bus state is: 0
Set Net Indication Callback called
Bus state is: 0
Set Net Indication Callback called
Bus state is: 0
Set Net Indication Callback called
Bus state is: 0
Set Net Indication Callback called
Bus state is: 0
Set Net Indication Callback called
Bus state is: 0
Set Net Indication Callback called
Bus state is: 0
Set Net Indication Callback called
Bus state is: 0
Set Net Indication Callback called
Bus state is: 0
Set Net Indication Callback called
Bus state is: 0
Set Net Indication Callback called
Bus state is: 0
Set Net Indication Callback called
Bus state is: 0
Set Net Indication Callback called
Bus state is: 0
Set Net Indication Callback called
Bus state is: 0
Set Net Indication Callback called
Bus state is: 0
Set Net Indication Callback called
Bus state is: 0
Set Net Indication Callback called
Bus state is: 0
Set Net Indication Callback called
Bus state is: 0
Set Net Indication Callback called
Bus state is: 0
Set Net Indication Callback called
Bus state is: 0
Set Net Indication Callback called
Bus state is: 0
Set Net Indication Callback called
Bus state is: 0
Set Net Indication Callback called
Bus state is: 0
Set Net Indication Callback called
Bus state is: 0
Set Net Indication Callback called
Bus state is: 0
Set Net Indication Callback called
Bus state is: 0
Set Net Indication Callback called
Bus state is: 0
Set Net Indication Callback called
Bus state is: 0
Set Net Indication Callback called
Bus state is: 0
Set Net Indication Callback called
Bus state is: 0
Set Net Indication Callback called
Bus state is: 0
Set Net Indication Callback called
Bus state is: 0
Set Net Indication Callback called
Bus state is: 0
Set Net Indication Callback called
Bus state is: 0
Set Net Indication Callback called
Bus state is: 0
Set Net Indication Callback called
Bus state is: 0
Set Net Indication Callback called
Bus state is: 0
Set Net Indication Callback called
Bus state is: 0
Set Net Indication Callback called
Bus state is: 0
Set Net Indication Callback called
Bus state is: 0
Set Net Indication Callback called
Bus state is: 0
Set Net Indication Callback called
Bus state is: 0
Set Net Indication Callback called
Bus state is: 0
Set Net Indication Callback called
Bus state is: 0
Set Net Indication Callback called
Bus state is: 0
Set Net Indication Callback called
Bus state is: 0
Set Net Indication Callback called
Bus state is: 0
Set Net Indication Callback called
Bus state is: 0
Set Net Indication Callback called
Bus state is: 0
Set Net Indication Callback called
Bus state is: 0
Set Net Indication Callback called
Bus state is: 0
Set Net Indication Callback called
Bus state is: 0
Set Net Indication Callback called
Bus state is: 0
Set Net Indication Callback called
Bus state is: 0
Set Net Indication Callback called
Bus state is: 0
Set Net Indication Callback called
Bus state is: 0
Set Net Indication Callback called
Bus state is: 0
Set Net Indication Callback called
Bus state is: 0
Set Net Indication Callback called
Bus state is: 0
Set Net Indication Callback called
Bus state is: 0
Set Net Indication Callback called
Bus state is: 0
Set Net Indication Callback called
Bus state is: 0
Set Net Indication Callback called
Bus state is: 0
Set Net Indication Callback called
Bus state is: 0
Set Net Indication Callback called
Bus state is: 0
Set Net Indication Callback called
Bus state is: 0
Set Net Indication Callback called
Bus state is: 0
Set Net Indication Callback called
Bus state is: 0
Set Net Indication Callback called
Bus state is: 0
Set Net Indication Callback called
Bus state is: 0
Set Net Indication Callback called
Bus state is: 0
Set Net Indication Callback called
Bus state is: 0
Set Net Indication Callback called
Bus state is: 0
Set Net Indication Callback called
Bus state is: 0
Set Net Indication Callback called
Bus state is: 0
Set Net Indication Callback called
Bus state is: 0
Set Net Indication Callback called
Bus state is: 0
Set Net Indication Callback called
Bus state is: 0
Set Net Indication Callback called
Bus state is: 0
Set Net Indication Callback called
Bus state is: 0
Set Net Indication Callback called
Bus state is: 0
Set Net Indication Callback called
Bus state is: 0
Set Net Indication Callback called
Bus state is: 0
Set Net Indication Callback called
Bus state is: 0
Set Net Indication Callback called
Bus state is: 0
Set Net Indication Callback called
Bus state is: 0
Set Net Indication Callback called
Bus state is: 0
Set Net Indication Callback called
Bus state is: 0
Set Net Indication Callback called
Bus state is: 0
Set Net Indication Callback called
Bus state is: 0
Set Net Indication Callback called
Bus state is: 0
Set Net Indication Callback called
Bus state is: 0
Set Net Indication Callback called
Bus state is: 0
Set Net Indication Callback called
Bus state is: 0
Set Net Indication Callback called
Bus state is: 0
Set Net Indication Callback called
Bus state is: 0
Set Net Indication Callback called
Bus state is: 0
Set Net Indication Callback called
Bus state is: 0
Set Net Indication Callback called
Bus state is: 0
Set Net Indication Callback called
Bus state is: 0
Set Net Indication Callback called
Bus state is: 0
Set Net Indication Callback called
Bus state is: 0
Set Net Indication Callback called
Bus state is: 0
Set Net Indication Callback called
Bus state is: 0
Set Net Indication Callback called
Bus state is: 0
Set Net Indication Callback called
Bus state is: 0
Set Net Indication Callback called
Bus state is: 0
Set Net Indication Callback called
Bus state is: 0
Set Net Indication Callback called
Bus state is: 0
Set Net Indication Callback called
Bus state is: 0
Set Net Indication Callback called
Bus state is: 0
Set Net Indication Callback called
Bus state is: 0
Set Net Indication Callback called
Bus state is: 0
Set Net Indication Callback called
Bus state is: 0
Set Net Indication Callback called
Bus state is: 0
Set Net Indication Callback called
Bus state is: 0
Set Net Indication Callback called
Bus state is: 0
Set Net Indication Callback called
Bus state is: 0
Set Net Indication Callback called
Bus state is: 0
Set Net Indication Callback called
Bus state is: 0
Set Net Indication Callback called
Bus state is: 0
Set Net Indication Callback called
Bus state is: 0
Set Net Indication Callback called
Bus state is: 0
Set Net Indication Callback called
Bus state is: 0
Set Net Indication Callback called
Bus state is: 0
Set Net Indication Callback called
Bus state is: 0
Set Net Indication Callback called
Bus state is: 0
Set Net Indication Callback called
Bus state is: 0
Set Net Indication Callback called
Bus state is: 0
Set Net Indication Callback called
Bus state is: 0
Set Net Indication Callback called
Bus state is: 0
Set Net Indication Callback called
Bus state is: 0
Set Net Indication Callback called
Bus state is: 0
Set Net Indication Callback called
Bus state is: 0
Set Net Indication Callback called
Bus state is: 0
Set Net Indication Callback called
Bus state is: 0
Set Net Indication Callback called
Bus state is: 0
Set Net Indication Callback called
Bus state is: 0
Set Net Indication Callback called
Bus state is: 0
Set Net Indication Callback called
Bus state is: 0
Set Net Indication Callback called
Bus state is: 0
Set Net Indication Callback called
Bus state is: 0
Set Net Indication Callback called
Bus state is: 0
Set Net Indication Callback called
Bus state is: 0
Set Net Indication Callback called
Bus state is: 0
Set Net Indication Callback called
Bus state is: 0
Set Net Indication Callback called
Bus state is: 0
Set Net Indication Callback called
Bus state is: 0
Set Net Indication Callback called
Bus state is: 0
Set Net Indication Callback called
Bus state is: 0
Set Net Indication Callback called
Bus state is: 0
Set Net Indication Callback called
Bus state is: 0
Set Net Indication Callback called
Bus state is: 0
Set Net Indication Callback called
Bus state is: 0
Set Net Indication Callback called
Bus state is: 0
Set Net Indication Callback called
Bus state is: 0
Set Net Indication Callback called
Bus state is: 0
Set Net Indication Callback called
Bus state is: 0
Set Net Indication Callback called
Bus state is: 0
Set Net Indication Callback called
Bus state is: 0
Set Net Indication Callback called
Bus state is: 0
Set Net Indication Callback called
Bus state is: 0
Set Net Indication Callback called
Bus state is: 0
Set Net Indication Callback called
Bus state is: 0
Set Net Indication Callback called
Bus state is: 0
Set Net Indication Callback called
Bus state is: 0
Set Net Indication Callback called
Bus state is: 0
Set Net Indication Callback called
Bus state is: 0
Set Net Indication Callback called
Bus state is: 0
Set Net Indication Callback called
Bus state is: 0
Set Net Indication Callback called
Bus state is: 0
Set Net Indication Callback called
Bus state is: 0
Set Net Indication Callback called
Bus state is: 0
Set Net Indication Callback called
Bus state is: 0
Set Net Indication Callback called
Bus state is: 0
Set Net Indication Callback called
Bus state is: 0
Set Net Indication Callback called
Bus state is: 0
Set Net Indication Callback called
Bus state is: 0
Set Net Indication Callback called
Bus state is: 0
Set Net Indication Callback called
Bus state is: 0
Set Net Indication Callback called
Bus state is: 0
Set Net Indication Callback called
Bus state is: 0
Set Net Indication Callback called
Bus state is: 0
Set Net Indication Callback called
Bus state is: 0
Set Net Indication Callback called
Bus state is: 0
Set Net Indication Callback called
Bus state is: 0
Set Net Indication Callback called
Bus state is: 0
Set Net Indication Callback called
Bus state is: 0
Set Net Indication Callback called
Bus state is: 0
Set Net Indication Callback called
Bus state is: 0
Set Net Indication Callback called
Bus state is: 0
Set Net Indication Callback called
Bus state is: 0
Set Net Indication Callback called
Bus state is: 0
Set Net Indication Callback called
Bus state is: 0
Set Net Indication Callback called
Bus state is: 0
Set Net Indication Callback called
Bus state is: 0
Set Net Indication Callback called
Bus state is: 0
Set Net Indication Callback called
Bus state is: 0
Set Net Indication Callback called
Bus state is: 0
Set Net Indication Callback called
Bus state is: 0
Set Net Indication Callback called
Bus state is: 0
Set Net Indication Callback called
Bus state is: 0
Set Net Indication Callback called
Bus state is: 0
Set Net Indication Callback called
Bus state is: 0
Set Net Indication Callback called
Bus state is: 0
Set Net Indication Callback called
Bus state is: 0
Set Net Indication Callback called
Bus state is: 0
Set Net Indication Callback called
Bus state is: 0
Set Net Indication Callback called
Bus state is: 0
Set Net Indication Callback called
Bus state is: 0
Set Net Indication Callback called
Bus state is: 0
Set Net Indication Callback called
Bus state is: 0
Set Net Indication Callback called
Bus state is: 0
Set Net Indication Callback called
Bus state is: 0
Set Net Indication Callback called
Bus state is: 0
Set Net Indication Callback called
Bus state is: 0
Set Net Indication Callback called
Bus state is: 0
Set Net Indication Callback called
Bus state is: 0
Set Net Indication Callback called
Bus state is: 0
Set Net Indication Callback called
Bus state is: 0
Set Net Indication Callback called
Bus state is: 0
Set Net Indication Callback called
Bus state is: 0
Set Net Indication Callback called
Bus state is: 0
Set Net Indication Callback called
Bus state is: 0
Set Net Indication Callback called
Bus state is: 0
Set Net Indication Callback called
Bus state is: 0
Set Net Indication Callback called
Bus state is: 0
Set Net Indication Callback called
Bus state is: 0
Set Net Indication Callback called
Bus state is: 0
Set Net Indication Callback called
Bus state is: 0
Set Net Indication Callback called
Bus state is: 0
Set Net Indication Callback called
Bus state is: 0
Set Net Indication Callback called
Bus state is: 0
Set Net Indication Callback called
Bus state is: 0
Set Net Indication Callback called
Bus state is: 0
Set Net Indication Callback called
Bus state is: 0
Set Net Indication Callback called
Bus state is: 0
Set Net Indication Callback called
Bus state is: 0
Set Net Indication Callback called
Bus state is: 0
Set Net Indication Callback called
Bus state is: 0
Set Net Indication Callback called
Bus state is: 0
Set Net Indication Callback called
Bus state is: 0
Set Net Indication Callback called
Bus state is: 0
Set Net Indication Callback called
Bus state is: 0
Set Net Indication Callback called
Bus state is: 0
Set Net Indication Callback called
Bus state is: 0
Set Net Indication Callback called
Bus state is: 0
Set Net Indication Callback called
Bus state is: 0
Set Net Indication Callback called
Bus state is: 0
Set Net Indication Callback called
Bus state is: 0
Set Net Indication Callback called
Bus state is: 0
Set Net Indication Callback called
Bus state is: 0
Set Net Indication Callback called
Bus state is: 0
Set Net Indication Callback called
Bus state is: 0
Set Net Indication Callback called
Bus state is: 0
Set Net Indication Callback called
Bus state is: 0
Set Net Indication Callback called
Bus state is: 0
Set Net Indication Callback called
Bus state is: 0
Set Net Indication Callback called
Bus state is: 0
Set Net Indication Callback called
Bus state is: 0
Set Net Indication Callback called
Bus state is: 0
Set Net Indication Callback called
Bus state is: 0
Set Net Indication Callback called
Bus state is: 0
Set Net Indication Callback called
Bus state is: 0
Set Net Indication Callback called
Bus state is: 0
Set Net Indication Callback called
Bus state is: 0
Set Net Indication Callback called
Bus state is: 0
Set Net Indication Callback called
Bus state is: 0
Set Net Indication Callback called
Bus state is: 0
Set Net Indication Callback called
Bus state is: 0
Set Net Indication Callback called
Bus state is: 0
Set Net Indication Callback called
Bus state is: 0
Set Net Indication Callback called
Bus state is: 0
Set Net Indication Callback called
Bus state is: 0
Set Net Indication Callback called
Bus state is: 0
Set Net Indication Callback called
Bus state is: 0
Set Net Indication Callback called
Bus state is: 0
Set Net Indication Callback called
Bus state is: 0
Set Net Indication Callback called
Bus state is: 0
Set Net Indication Callback called
Bus state is: 0
Set Net Indication Callback called
Bus state is: 0
Set Net Indication Callback called
Bus state is: 0
Set Net Indication Callback called
Bus state is: 0
Set Net Indication Callback called
Bus state is: 0
Set Net Indication Callback called
Bus state is: 0
Set Net Indication Callback called
Bus state is: 0
Set Net Indication Callback called
Bus state is: 0
Set Net Indication Callback called
Bus state is: 0
Set Net Indication Callback called
Bus state is: 0
Set Net Indication Callback called
Bus state is: 0
Set Net Indication Callback called
Bus state is: 0
Set Net Indication Callback called
Bus state is: 0
Set Net Indication Callback called
Bus state is: 0
Set Net Indication Callback called
Bus state is: 0
Set Net Indication Callback called
Bus state is: 0
Set Net Indication Callback called
Bus state is: 0
Set Net Indication Callback called
Bus state is: 0
Set Net Indication Callback called
Bus state is: 0
Set Net Indication Callback called
Bus state is: 0
Set Net Indication Callback called
Bus state is: 0
Set Net Indication Callback called
Bus state is: 0
Set Net Indication Callback called
Bus state is: 0
Set Net Indication Callback called
Bus state is: 0
Set Net Indication Callback called
Bus state is: 0
Set Net Indication Callback called
Bus state is: 0
Set Net Indication Callback called
Bus state is: 0
Set Net Indication Callback called
Bus state is: 0
Set Net Indication Callback called
Bus state is: 0
Set Net Indication Callback called
Bus state is: 0
Set Net Indication Callback called
Bus state is: 0
Set Net Indication Callback called
Bus state is: 0
Set Net Indication Callback called
Bus state is: 0
Set Net Indication Callback called
Bus state is: 0
Set Net Indication Callback called
Bus state is: 0
Set Net Indication Callback called
Bus state is: 0
Set Net Indication Callback called
Bus state is: 0
Set Net Indication Callback called
Bus state is: 0
Set Net Indication Callback called
Bus state is: 0
Set Net Indication Callback called
Bus state is: 0
Set Net Indication Callback called
Bus state is: 0
Set Net Indication Callback called
Bus state is: 0
Set Net Indication Callback called
Bus state is: 0
Set Net Indication Callback called
Bus state is: 0
Set Net Indication Callback called
Bus state is: 0
Set Net Indication Callback called
Bus state is: 0
Set Net Indication Callback called
Bus state is: 0
Set Net Indication Callback called
Bus state is: 0
Set Net Indication Callback called
Bus state is: 0
Set Net Indication Callback called
Bus state is: 0
Set Net Indication Callback called
Bus state is: 0
Set Net Indication Callback called
Bus state is: 0
Set Net Indication Callback called
Bus state is: 0
Set Net Indication Callback called
Bus state is: 0
Set Net Indication Callback called
Bus state is: 0
Set Net Indication Callback called
Bus state is: 0
Set Net Indication Callback called
Bus state is: 0
Set Net Indication Callback called
Bus state is: 0
Set Net Indication Callback called
Bus state is: 0
Set Net Indication Callback called
Bus state is: 0
Set Net Indication Callback called
Bus state is: 0
Set Net Indication Callback called
Bus state is: 0
Set Net Indication Callback called
Bus state is: 0
Set Net Indication Callback called
Bus state is: 0
Set Net Indication Callback called
Bus state is: 0
Set Net Indication Callback called
Bus state is: 0
Set Net Indication Callback called
Bus state is: 0
Set Net Indication Callback called
Bus state is: 0
Set Net Indication Callback called
Bus state is: 0
Set Net Indication Callback called
Bus state is: 0
Set Net Indication Callback called
Bus state is: 0
Set Net Indication Callback called
Bus state is: 0
Set Net Indication Callback called
Bus state is: 0
Set Net Indication Callback called
Bus state is: 0
Set Net Indication Callback called
Bus state is: 0
Set Net Indication Callback called
Bus state is: 0
Set Net Indication Callback called
Bus state is: 0
Set Net Indication Callback called
Bus state is: 0
Set Net Indication Callback called
Bus state is: 0
Set Net Indication Callback called
Bus state is: 0
Set Net Indication Callback called
Bus state is: 0
Set Net Indication Callback called
Bus state is: 0
Set Net Indication Callback called
Bus state is: 0
Set Net Indication Callback called
Bus state is: 0
Set Net Indication Callback called
Bus state is: 0
Set Net Indication Callback called
Bus state is: 0
Set Net Indication Callback called
Bus state is: 0
Set Net Indication Callback called
Bus state is: 0
Set Net Indication Callback called
Bus state is: 0
Set Net Indication Callback called
Bus state is: 0
Set Net Indication Callback called
Bus state is: 0
Set Net Indication Callback called
Bus state is: 0
Set Net Indication Callback called
Bus state is: 0
Set Net Indication Callback called
Bus state is: 0
Set Net Indication Callback called
Bus state is: 0
Set Net Indication Callback called
Bus state is: 0
Set Net Indication Callback called
Bus state is: 0
Set Net Indication Callback called
Bus state is: 0
Set Net Indication Callback called
Bus state is: 0
Set Net Indication Callback called
Bus state is: 0
Set Net Indication Callback called
Bus state is: 0
Set Net Indication Callback called
Bus state is: 0
Set Net Indication Callback called
Bus state is: 0
Set Net Indication Callback called
Bus state is: 0
Set Net Indication Callback called
Bus state is: 0
Set Net Indication Callback called
Bus state is: 0
Set Net Indication Callback called
Bus state is: 0
Set Net Indication Callback called
Bus state is: 0
Set Net Indication Callback called
Bus state is: 0
Set Net Indication Callback called
Bus state is: 0
Set Net Indication Callback called
Bus state is: 0
Set Net Indication Callback called
Bus state is: 0
Set Net Indication Callback called
Bus state is: 0
Set Net Indication Callback called
Bus state is: 0
Set Net Indication Callback called
Bus state is: 0
Set Net Indication Callback called
Bus state is: 0
Set Net Indication Callback called
Bus state is: 0
Set Net Indication Callback called
Bus state is: 0
Set Net Indication Callback called
Bus state is: 0
Set Net Indication Callback called
Bus state is: 0
Set Net Indication Callback called
Bus state is: 0
Set Net Indication Callback called
Bus state is: 0
Set Net Indication Callback called
Bus state is: 0
Set Net Indication Callback called
Bus state is: 0
Set Net Indication Callback called
Bus state is: 0
Set Net Indication Callback called
Bus state is: 0
Set Net Indication Callback called
Bus state is: 0
Set Net Indication Callback called
Bus state is: 0
Set Net Indication Callback called
Bus state is: 0
Set Net Indication Callback called
Bus state is: 0
Set Net Indication Callback called
Bus state is: 0
Set Net Indication Callback called
Bus state is: 0
Set Net Indication Callback called
Bus state is: 0
Set Net Indication Callback called
Bus state is: 0
Set Net Indication Callback called
Bus state is: 0
Set Net Indication Callback called
Bus state is: 0
Set Net Indication Callback called
Bus state is: 0
Set Net Indication Callback called
Bus state is: 0
Set Net Indication Callback called
Bus state is: 0
Set Net Indication Callback called
Bus state is: 0
Set Net Indication Callback called
Bus state is: 0
Set Net Indication Callback called
Bus state is: 0
Set Net Indication Callback called
Bus state is: 0
Set Net Indication Callback called
Bus state is: 0
Set Net Indication Callback called
Bus state is: 0
Set Net Indication Callback called
Bus state is: 0
Set Net Indication Callback called
Bus state is: 0
Set Net Indication Callback called
Bus state is: 0
Set Net Indication Callback called
Bus state is: 0
Set Net Indication Callback called
Bus state is: 0
Set Net Indication Callback called
Bus state is: 0
Set Net Indication Callback called
Bus state is: 0
Set Net Indication Callback called
Bus state is: 0
Set Net Indication Callback called
Bus state is: 0
Set Net Indication Callback called
Bus state is: 0
Set Net Indication Callback called
Bus state is: 0
Set Net Indication Callback called
Bus state is: 0
Set Net Indication Callback called
Bus state is: 0
Set Net Indication Callback called
Bus state is: 0
Set Net Indication Callback called
Bus state is: 0
Set Net Indication Callback called
Bus state is: 0
Set Net Indication Callback called
Bus state is: 0
Set Net Indication Callback called
Bus state is: 0
Set Net Indication Callback called
Bus state is: 0
Set Net Indication Callback called
Bus state is: 0
Set Net Indication Callback called
Bus state is: 0
Set Net Indication Callback called
Bus state is: 0
Set Net Indication Callback called
Bus state is: 0
Set Net Indication Callback called
Bus state is: 0
Set Net Indication Callback called
Bus state is: 0
Set Net Indication Callback called
Bus state is: 0
Set Net Indication Callback called
Bus state is: 0
Set Net Indication Callback called
Bus state is: 0
Set Net Indication Callback called
Bus state is: 0
Set Net Indication Callback called
Bus state is: 0
Set Net Indication Callback called
Bus state is: 0
Set Net Indication Callback called
Bus state is: 0
Set Net Indication Callback called
Bus state is: 0
Set Net Indication Callback called
Bus state is: 0
Set Net Indication Callback called
Bus state is: 0
Set Net Indication Callback called
Bus state is: 0
Set Net Indication Callback called
Bus state is: 0
Set Net Indication Callback called
Bus state is: 0
Set Net Indication Callback called
Bus state is: 0
Set Net Indication Callback called
Bus state is: 0
Set Net Indication Callback called
Bus state is: 0
Set Net Indication Callback called
Bus state is: 0
Set Net Indication Callback called
Bus state is: 0
Set Net Indication Callback called
Bus state is: 0
Set Net Indication Callback called
Bus state is: 0
Set Net Indication Callback called
Bus state is: 0
Set Net Indication Callback called
Bus state is: 0
Set Net Indication Callback called
Bus state is: 0
Set Net Indication Callback called
Bus state is: 0
Set Net Indication Callback called
Bus state is: 0
Set Net Indication Callback called
Bus state is: 0
Set Net Indication Callback called
Bus state is: 0
Set Net Indication Callback called
Bus state is: 0
Set Net Indication Callback called
Bus state is: 0
Set Net Indication Callback called
Bus state is: 0
Set Net Indication Callback called
Bus state is: 0
Set Net Indication Callback called
Bus state is: 0
Set Net Indication Callback called
Bus state is: 0
Set Net Indication Callback called
Bus state is: 0
Set Net Indication Callback called
Bus state is: 0
Set Net Indication Callback called
Bus state is: 0
Set Net Indication Callback called
Bus state is: 0
Set Net Indication Callback called
Bus state is: 0
Set Net Indication Callback called
Bus state is: 0
Set Net Indication Callback called
Bus state is: 0
Set Net Indication Callback called
Bus state is: 0
Set Net Indication Callback called
Bus state is: 0
Set Net Indication Callback called
Bus state is: 0
Set Net Indication Callback called
Bus state is: 0
Set Net Indication Callback called
Bus state is: 0
Set Net Indication Callback called
Bus state is: 0
Set Net Indication Callback called
Bus state is: 0
Set Net Indication Callback called
Bus state is: 0
Set Net Indication Callback called
Bus state is: 0
Set Net Indication Callback called
Bus state is: 0
Set Net Indication Callback called
Bus state is: 0
Set Net Indication Callback called
Bus state is: 0
Set Net Indication Callback called
Bus state is: 0
Set Net Indication Callback called
Bus state is: 0
Set Net Indication Callback called
Bus state is: 0
Set Net Indication Callback called
Bus state is: 0
Set Net Indication Callback called
Bus state is: 0
Set Net Indication Callback called
Bus state is: 0
Set Net Indication Callback called
Bus state is: 0
Set Net Indication Callback called
Bus state is: 0
Set Net Indication Callback called
Bus state is: 0
Set Net Indication Callback called
Bus state is: 0
Set Net Indication Callback called
Bus state is: 0
Set Net Indication Callback called
Bus state is: 0
Set Net Indication Callback called
Bus state is: 0
Set Net Indication Callback called
Bus state is: 0
Set Net Indication Callback called
Bus state is: 0
Set Net Indication Callback called
Bus state is: 0
Set Net Indication Callback called
Bus state is: 0
Set Net Indication Callback called
Bus state is: 0
Set Net Indication Callback called
Bus state is: 0
Set Net Indication Callback called
Bus state is: 0
Set Net Indication Callback called
Bus state is: 0
Set Net Indication Callback called
Bus state is: 0
Set Net Indication Callback called
Bus state is: 0
Set Net Indication Callback called
Bus state is: 0
Set Net Indication Callback called
Bus state is: 0
Set Net Indication Callback called
Bus state is: 0
Set Net Indication Callback called
Bus state is: 0
Set Net Indication Callback called
Bus state is: 0
Set Net Indication Callback called
Bus state is: 0
Set Net Indication Callback called
Bus state is: 0
Set Net Indication Callback called
Bus state is: 0
Set Net Indication Callback called
Bus state is: 0
Set Net Indication Callback called
Bus state is: 0
Set Net Indication Callback called
Bus state is: 0
Set Net Indication Callback called
Bus state is: 0
Set Net Indication Callback called
Bus state is: 0
Set Net Indication Callback called
Bus state is: 0
Set Net Indication Callback called
Bus state is: 0
Set Net Indication Callback called
Bus state is: 0
Set Net Indication Callback called
Bus state is: 0
Set Net Indication Callback called
Bus state is: 0
Set Net Indication Callback called
Bus state is: 0
Set Net Indication Callback called
Bus state is: 0
Set Net Indication Callback called
Bus state is: 0
Set Net Indication Callback called
Bus state is: 0
Set Net Indication Callback called
Bus state is: 0
Set Net Indication Callback called
Bus state is: 0
Set Net Indication Callback called
Bus state is: 0
Set Net Indication Callback called
Bus state is: 0
Set Net Indication Callback called
Bus state is: 0
Set Net Indication Callback called
Bus state is: 0
Set Net Indication Callback called
Bus state is: 0
Set Net Indication Callback called
Bus state is: 0
Set Net Indication Callback called
Bus state is: 0
Set Net Indication Callback called
Bus state is: 0
Set Net Indication Callback called
Bus state is: 0
Set Net Indication Callback called
Bus state is: 0
Set Net Indication Callback called
Bus state is: 0
Set Net Indication Callback called
Bus state is: 0
Set Net Indication Callback called
Bus state is: 0
Set Net Indication Callback called
Bus state is: 0
Set Net Indication Callback called
Bus state is: 0
Set Net Indication Callback called
Bus state is: 0
Set Net Indication Callback called
Bus state is: 0
Set Net Indication Callback called
Bus state is: 0
Set Net Indication Callback called
Bus state is: 0
Set Net Indication Callback called
Bus state is: 0
Set Net Indication Callback called
Bus state is: 0
Set Net Indication Callback called
Bus state is: 0
Set Net Indication Callback called
Bus state is: 0
Set Net Indication Callback called
Bus state is: 0
Set Net Indication Callback called
Bus state is: 0
Set Net Indication Callback called
Bus state is: 0
Set Net Indication Callback called
Bus state is: 0
Set Net Indication Callback called
Bus state is: 0
Set Net Indication Callback called
Bus state is: 0
Set Net Indication Callback called
Bus state is: 0
Set Net Indication Callback called
Bus state is: 0
Set Net Indication Callback called
Bus state is: 0
Set Net Indication Callback called
Bus state is: 0
Set Net Indication Callback called
Bus state is: 0
Set Net Indication Callback called
Bus state is: 0
Set Net Indication Callback called
Bus state is: 0
Set Net Indication Callback called
Bus state is: 0
Set Net Indication Callback called
Bus state is: 0
Set Net Indication Callback called
Bus state is: 0
Set Net Indication Callback called
Bus state is: 0
Set Net Indication Callback called
Bus state is: 0
Set Net Indication Callback called
Bus state is: 0
Set Net Indication Callback called
Bus state is: 0
Set Net Indication Callback called
Bus state is: 0
Set Net Indication Callback called
Bus state is: 0
Set Net Indication Callback called
Bus state is: 0
Set Net Indication Callback called
Bus state is: 0
Set Net Indication Callback called
Bus state is: 0
Set Net Indication Callback called
Bus state is: 0
Set Net Indication Callback called
Bus state is: 0
Set Net Indication Callback called
Bus state is: 0
Set Net Indication Callback called
Bus state is: 0
Set Net Indication Callback called
Bus state is: 0
Set Net Indication Callback called
Bus state is: 0
Set Net Indication Callback called
Bus state is: 0
Set Net Indication Callback called
Bus state is: 0
Set Net Indication Callback called
Bus state is: 0
Set Net Indication Callback called
Bus state is: 0
Set Net Indication Callback called
Bus state is: 0
Set Net Indication Callback called
Bus state is: 0
Set Net Indication Callback called
Bus state is: 0
Set Net Indication Callback called
Bus state is: 0
Set Net Indication Callback called
Bus state is: 0
Set Net Indication Callback called
Bus state is: 0
Set Net Indication Callback called
Bus state is: 0
Set Net Indication Callback called
Bus state is: 0
Set Net Indication Callback called
Bus state is: 0
Set Net Indication Callback called
Bus state is: 0
Set Net Indication Callback called
Bus state is: 0
Set Net Indication Callback called
Bus state is: 0
Set Net Indication Callback called
Bus state is: 0
Set Net Indication Callback called
Bus state is: 0
Set Net Indication Callback called
Bus state is: 0
Set Net Indication Callback called
Bus state is: 0
Set Net Indication Callback called
Bus state is: 0
Set Net Indication Callback called
Bus state is: 0
Set Net Indication Callback called
Bus state is: 0
Set Net Indication Callback called
Bus state is: 0
Set Net Indication Callback called
Bus state is: 0
Set Net Indication Callback called
Bus state is: 0
Set Net Indication Callback called
Bus state is: 0
Set Net Indication Callback called
Bus state is: 0
Set Net Indication Callback called
Bus state is: 0
Set Net Indication Callback called
Bus state is: 0
Set Net Indication Callback called
Bus state is: 0
Set Net Indication Callback called
Bus state is: 0
Set Net Indication Callback called
Bus state is: 0
Set Net Indication Callback called
Bus state is: 0
Set Net Indication Callback called
Bus state is: 0
Set Net Indication Callback called
Bus state is: 0
Set Net Indication Callback called
Bus state is: 0
Set Net Indication Callback called
Bus state is: 0
Set Net Indication Callback called
Bus state is: 0
Set Net Indication Callback called
Bus state is: 0
Set Net Indication Callback called
Bus state is: 0
Set Net Indication Callback called
Bus state is: 0
Set Net Indication Callback called
Bus state is: 0
Set Net Indication Callback called
Bus state is: 0
Set Net Indication Callback called
Bus state is: 0
Set Net Indication Callback called
Bus state is: 0
Set Net Indication Callback called
Bus state is: 0
Set Net Indication Callback called
Bus state is: 0
Set Net Indication Callback called
Bus state is: 0
Set Net Indication Callback called
Bus state is: 0
Set Net Indication Callback called
Bus state is: 0
Set Net Indication Callback called
Bus state is: 0
Set Net Indication Callback called
Bus state is: 0
Set Net Indication Callback called
Bus state is: 0
Set Net Indication Callback called
Bus state is: 0
Set Net Indication Callback called
Bus state is: 0
Set Net Indication Callback called
Bus state is: 0
Set Net Indication Callback called
Bus state is: 0
Set Net Indication Callback called
Bus state is: 0
Set Net Indication Callback called
Bus state is: 0
Set Net Indication Callback called
Bus state is: 0
Set Net Indication Callback called
Bus state is: 0
Set Net Indication Callback called
Bus state is: 0
Set Net Indication Callback called
Bus state is: 0
Set Net Indication Callback called
Bus state is: 0
Set Net Indication Callback called
Bus state is: 0
Set Net Indication Callback called
Bus state is: 0
Set Net Indication Callback called
Bus state is: 0
Set Net Indication Callback called
Bus state is: 0
Set Net Indication Callback called
Bus state is: 0
Set Net Indication Callback called
Bus state is: 0
Set Net Indication Callback called
Bus state is: 0
Set Net Indication Callback called
Bus state is: 0
Set Net Indication Callback called
Bus state is: 0
Set Net Indication Callback called
Bus state is: 0
Set Net Indication Callback called
Bus state is: 0
Set Net Indication Callback called
Bus state is: 0
Set Net Indication Callback called
Bus state is: 0
Set Net Indication Callback called
Bus state is: 0
Set Net Indication Callback called
Bus state is: 0
Set Net Indication Callback called
Bus state is: 0
Set Net Indication Callback called
Bus state is: 0
Set Net Indication Callback called
Bus state is: 0
Set Net Indication Callback called
Bus state is: 0
Set Net Indication Callback called
Bus state is: 0
Set Net Indication Callback called
Bus state is: 0
Set Net Indication Callback called
Bus state is: 0
Set Net Indication Callback called
Bus state is: 0
Set Net Indication Callback called
Bus state is: 0
Set Net Indication Callback called
Bus state is: 0
Set Net Indication Callback called
Bus state is: 0
Set Net Indication Callback called
Bus state is: 0
Set Net Indication Callback called
Bus state is: 0
Set Net Indication Callback called
Bus state is: 0
Set Net Indication Callback called
Bus state is: 0
Set Net Indication Callback called
Bus state is: 0
Set Net Indication Callback called
Bus state is: 0
Set Net Indication Callback called
Bus state is: 0
Set Net Indication Callback called
Bus state is: 0
Set Net Indication Callback called
Bus state is: 0
Set Net Indication Callback called
Bus state is: 0
Set Net Indication Callback called
Bus state is: 0
Set Net Indication Callback called
Bus state is: 0
Set Net Indication Callback called
Bus state is: 0
Set Net Indication Callback called
Bus state is: 0
Set Net Indication Callback called
Bus state is: 0
Set Net Indication Callback called
Bus state is: 0
Set Net Indication Callback called
Bus state is: 0
Set Net Indication Callback called
Bus state is: 0
Set Net Indication Callback called
Bus state is: 0
Set Net Indication Callback called
Bus state is: 0
Set Net Indication Callback called
Bus state is: 0
Set Net Indication Callback called
Bus state is: 0
Set Net Indication Callback called
Bus state is: 0
Set Net Indication Callback called
Bus state is: 0
Set Net Indication Callback called
Bus state is: 0
Set Net Indication Callback called
Bus state is: 0
Set Net Indication Callback called
Bus state is: 0
Set Net Indication Callback called
Bus state is: 0
Set Net Indication Callback called
Bus state is: 0
Set Net Indication Callback called
Bus state is: 0
Set Net Indication Callback called
Bus state is: 0
Set Net Indication Callback called
Bus state is: 0
Set Net Indication Callback called
Bus state is: 0
Set Net Indication Callback called
Bus state is: 0
Set Net Indication Callback called
Bus state is: 0
Set Net Indication Callback called
Bus state is: 0
Set Net Indication Callback called
Bus state is: 0
Set Net Indication Callback called
Bus state is: 0
Set Net Indication Callback called
Bus state is: 0
Set Net Indication Callback called
Bus state is: 0
Set Net Indication Callback called
Bus state is: 0
Set Net Indication Callback called
Bus state is: 0
Set Net Indication Callback called
Bus state is: 0
Set Net Indication Callback called
Bus state is: 0
Set Net Indication Callback called
Bus state is: 0
Set Net Indication Callback called
Bus state is: 0
Set Net Indication Callback called
Bus state is: 0
Set Net Indication Callback called
Bus state is: 0
Set Net Indication Callback called
Bus state is: 0
Set Net Indication Callback called
Bus state is: 0
Set Net Indication Callback called
Bus state is: 0
Set Net Indication Callback called
Bus state is: 0
Set Net Indication Callback called
Bus state is: 0
Set Net Indication Callback called
Bus state is: 0
Set Net Indication Callback called
Bus state is: 0
Set Net Indication Callback called
Bus state is: 0
Set Net Indication Callback called
Bus state is: 0
Set Net Indication Callback called
Bus state is: 0
Set Net Indication Callback called
Bus state is: 0
Set Net Indication Callback called
Bus state is: 0
Set Net Indication Callback called
Bus state is: 0
Set Net Indication Callback called
Bus state is: 0
Set Net Indication Callback called
Bus state is: 0
Set Net Indication Callback called
Bus state is: 0
Set Net Indication Callback called
Bus state is: 0
Set Net Indication Callback called
Bus state is: 0
Set Net Indication Callback called
Bus state is: 0
Set Net Indication Callback called
Bus state is: 0
Set Net Indication Callback called
Bus state is: 0
Set Net Indication Callback called
Bus state is: 0
Set Net Indication Callback called
Bus state is: 0
Set Net Indication Callback called
Bus state is: 0
Set Net Indication Callback called
Bus state is: 0
Set Net Indication Callback called
Bus state is: 0
Set Net Indication Callback called
Bus state is: 0
Set Net Indication Callback called
Bus state is: 0
Set Net Indication Callback called
Bus state is: 0
Set Net Indication Callback called
Bus state is: 0
Set Net Indication Callback called
Bus state is: 0
Set Net Indication Callback called
Bus state is: 0
Set Net Indication Callback called
Bus state is: 0
Set Net Indication Callback called
Bus state is: 0
Set Net Indication Callback called
Bus state is: 0
Set Net Indication Callback called
Bus state is: 0
Set Net Indication Callback called
Bus state is: 0
Set Net Indication Callback called
Bus state is: 0
Set Net Indication Callback called
Bus state is: 0
Set Net Indication Callback called
Bus state is: 0
Set Net Indication Callback called
Bus state is: 0
Set Net Indication Callback called
Bus state is: 0
Set Net Indication Callback called
Bus state is: 0
Set Net Indication Callback called
Bus state is: 0
Set Net Indication Callback called
Bus state is: 0
Set Net Indication Callback called
Bus state is: 0
Set Net Indication Callback called
Bus state is: 0
Set Net Indication Callback called
Bus state is: 0
Set Net Indication Callback called
Bus state is: 0
Set Net Indication Callback called
Bus state is: 0
Set Net Indication Callback called
Bus state is: 0
Set Net Indication Callback called
Bus state is: 0
Set Net Indication Callback called
Bus state is: 0
Set Net Indication Callback called
Bus state is: 0
Set Net Indication Callback called
Bus state is: 0
Set Net Indication Callback called
Bus state is: 0
Set Net Indication Callback called
Bus state is: 0
Set Net Indication Callback called
Bus state is: 0
Set Net Indication Callback called
Bus state is: 0
Set Net Indication Callback called
Bus state is: 0
Set Net Indication Callback called
Bus state is: 0
Set Net Indication Callback called
Bus state is: 0
Set Net Indication Callback called
Bus state is: 0
Set Net Indication Callback called
Bus state is: 0
Set Net Indication Callback called
Bus state is: 0
Set Net Indication Callback called
Bus state is: 0
Set Net Indication Callback called
Bus state is: 0
Set Net Indication Callback called
Bus state is: 0
Set Net Indication Callback called
Bus state is: 0
Set Net Indication Callback called
Bus state is: 0
Set Net Indication Callback called
Bus state is: 0
Set Net Indication Callback called
Bus state is: 0
Set Net Indication Callback called
Bus state is: 0
Set Net Indication Callback called
Bus state is: 0
Set Net Indication Callback called
Bus state is: 0
Set Net Indication Callback called
Bus state is: 0
Set Net Indication Callback called
Bus state is: 0
Set Net Indication Callback called
Bus state is: 0
Set Net Indication Callback called
Bus state is: 0
Set Net Indication Callback called
Bus state is: 0
Set Net Indication Callback called
Bus state is: 0
Set Net Indication Callback called
Bus state is: 0
Set Net Indication Callback called
Bus state is: 0
Set Net Indication Callback called
Bus state is: 0
Set Net Indication Callback called
Bus state is: 0
Set Net Indication Callback called
Bus state is: 0
Set Net Indication Callback called
Bus state is: 0
Set Net Indication Callback called
Bus state is: 0
Set Net Indication Callback called
Bus state is: 0
Set Net Indication Callback called
Bus state is: 0
Set Net Indication Callback called
Bus state is: 0
Set Net Indication Callback called
Bus state is: 0
Set Net Indication Callback called
Bus state is: 0
Set Net Indication Callback called
Bus state is: 0
Set Net Indication Callback called
Bus state is: 0
Set Net Indication Callback called
Bus state is: 0
Set Net Indication Callback called
Bus state is: 0
Set Net Indication Callback called
Bus state is: 0
Set Net Indication Callback called
Bus state is: 0
Set Net Indication Callback called
Bus state is: 0
Set Net Indication Callback called
Bus state is: 0
Set Net Indication Callback called
Bus state is: 0
Set Net Indication Callback called
Bus state is: 0
Set Net Indication Callback called
Bus state is: 0
Set Net Indication Callback called
Bus state is: 0
Set Net Indication Callback called
Bus state is: 0
Set Net Indication Callback called
Bus state is: 0
Set Net Indication Callback called
Bus state is: 0
Set Net Indication Callback called
Bus state is: 0
Set Net Indication Callback called
Bus state is: 0
Set Net Indication Callback called
Bus state is: 0
Set Net Indication Callback called
Bus state is: 0
Set Net Indication Callback called
Bus state is: 0
Set Net Indication Callback called
Bus state is: 0
Set Net Indication Callback called
Bus state is: 0
Set Net Indication Callback called
Bus state is: 0
Set Net Indication Callback called
Bus state is: 0
Set Net Indication Callback called
Bus state is: 0
Set Net Indication Callback called
Bus state is: 0
Set Net Indication Callback called
Bus state is: 0
Set Net Indication Callback called
Bus state is: 0
Set Net Indication Callback called
Bus state is: 0
Set Net Indication Callback called
Bus state is: 0
Set Net Indication Callback called
Bus state is: 0
Set Net Indication Callback called
Bus state is: 0
Set Net Indication Callback called
Bus state is: 0
Set Net Indication Callback called
Bus state is: 0
Set Net Indication Callback called
Bus state is: 0
Set Net Indication Callback called
Bus state is: 0
Set Net Indication Callback called
Bus state is: 0
Set Net Indication Callback called
Bus state is: 0
Set Net Indication Callback called
Bus state is: 0
Set Net Indication Callback called
Bus state is: 0
Set Net Indication Callback called
Bus state is: 0
Set Net Indication Callback called
Bus state is: 0
Set Net Indication Callback called
Bus state is: 0
Set Net Indication Callback called
Bus state is: 0
Set Net Indication Callback called
Bus state is: 0
Set Net Indication Callback called
Bus state is: 0
Set Net Indication Callback called
Bus state is: 0
Set Net Indication Callback called
Bus state is: 0
Set Net Indication Callback called
Bus state is: 0
Set Net Indication Callback called
Bus state is: 0
Set Net Indication Callback called
Bus state is: 0
Set Net Indication Callback called
Bus state is: 0
Set Net Indication Callback called
Bus state is: 0
Set Net Indication Callback called
Bus state is: 0
Set Net Indication Callback called
Bus state is: 0
Set Net Indication Callback called
Bus state is: 0
Set Net Indication Callback called
Bus state is: 0
Set Net Indication Callback called
Bus state is: 0
Set Net Indication Callback called
Bus state is: 0
Set Net Indication Callback called
Bus state is: 0
Set Net Indication Callback called
Bus state is: 0
Set Net Indication Callback called
Bus state is: 0
Set Net Indication Callback called
Bus state is: 0
Set Net Indication Callback called
Bus state is: 0
Set Net Indication Callback called
Bus state is: 0
Set Net Indication Callback called
Bus state is: 0
Set Net Indication Callback called
Bus state is: 0
Set Net Indication Callback called
Bus state is: 0
Set Net Indication Callback called
Bus state is: 0
Set Net Indication Callback called
Bus state is: 0
Set Net Indication Callback called
Bus state is: 0
Set Net Indication Callback called
Bus state is: 0
Set Net Indication Callback called
Bus state is: 0
Set Net Indication Callback called
Bus state is: 0
Set Net Indication Callback called
Bus state is: 0
Set Net Indication Callback called
Bus state is: 0
Set Net Indication Callback called
Bus state is: 0
Set Net Indication Callback called
Bus state is: 0
Set Net Indication Callback called
Bus state is: 0
Set Net Indication Callback called
Bus state is: 0
Set Net Indication Callback called
Bus state is: 0
Set Net Indication Callback called
Bus state is: 0
Set Net Indication Callback called
Bus state is: 0
Set Net Indication Callback called
Bus state is: 0
Set Net Indication Callback called
Bus state is: 0
Set Net Indication Callback called
Bus state is: 0
Set Net Indication Callback called
Bus state is: 0
Set Net Indication Callback called
Bus state is: 0
Set Net Indication Callback called
Bus state is: 0
Set Net Indication Callback called
Bus state is: 0
Set Net Indication Callback called
Bus state is: 0
Set Net Indication Callback called
Bus state is: 0
Set Net Indication Callback called
Bus state is: 0
Set Net Indication Callback called
Bus state is: 0
Set Net Indication Callback called
Bus state is: 0
Set Net Indication Callback called
Bus state is: 0
Set Net Indication Callback called
Bus state is: 0
Set Net Indication Callback called
Bus state is: 0
Set Net Indication Callback called
Bus state is: 0
Set Net Indication Callback called
Bus state is: 0
Set Net Indication Callback called
Bus state is: 0
Set Net Indication Callback called
Bus state is: 0
Set Net Indication Callback called
Bus state is: 0
Set Net Indication Callback called
Bus state is: 0
Set Net Indication Callback called
Bus state is: 0
Set Net Indication Callback called
Bus state is: 0
Set Net Indication Callback called
Bus state is: 0
Set Net Indication Callback called
Bus state is: 0
Set Net Indication Callback called
Bus state is: 0
Set Net Indication Callback called
Bus state is: 0
Set Net Indication Callback called
Bus state is: 0
Set Net Indication Callback called
Bus state is: 0
Set Net Indication Callback called
Bus state is: 0
Set Net Indication Callback called
Bus state is: 0
Set Net Indication Callback called
Bus state is: 0
Set Net Indication Callback called
Bus state is: 0
Set Net Indication Callback called
Bus state is: 0
Set Net Indication Callback called
Bus state is: 0
Set Net Indication Callback called
Bus state is: 0
Set Net Indication Callback called
Bus state is: 0
Set Net Indication Callback called
Bus state is: 0
Set Net Indication Callback called
Bus state is: 0
Set Net Indication Callback called
Bus state is: 0
Set Net Indication Callback called
Bus state is: 0
Set Net Indication Callback called
Bus state is: 0
Set Net Indication Callback called
Bus state is: 0
Set Net Indication Callback called
Bus state is: 0
Set Net Indication Callback called
Bus state is: 0
Set Net Indication Callback called
Bus state is: 0
Set Net Indication Callback called
Bus state is: 0
Set Net Indication Callback called
Bus state is: 0
Set Net Indication Callback called
Bus state is: 0
Set Net Indication Callback called
Bus state is: 0
Set Net Indication Callback called
Bus state is: 0
Set Net Indication Callback called
Bus state is: 0
Set Net Indication Callback called
Bus state is: 0
Set Net Indication Callback called
Bus state is: 0
Set Net Indication Callback called
Bus state is: 0
Set Net Indication Callback called
Bus state is: 0
Set Net Indication Callback called
Bus state is: 0
Set Net Indication Callback called
Bus state is: 0
Set Net Indication Callback called
Bus state is: 0
Set Net Indication Callback called
Bus state is: 0
Set Net Indication Callback called
Bus state is: 0
Set Net Indication Callback called
Bus state is: 0
Set Net Indication Callback called
Bus state is: 0
Set Net Indication Callback called
Bus state is: 0
Set Net Indication Callback called
Bus state is: 0
Set Net Indication Callback called
Bus state is: 0
Set Net Indication Callback called
Bus state is: 0
Set Net Indication Callback called
Bus state is: 0
Set Net Indication Callback called
Bus state is: 0
Set Net Indication Callback called
Bus state is: 0
Set Net Indication Callback called
Bus state is: 0
Set Net Indication Callback called
Bus state is: 0
Set Net Indication Callback called
Bus state is: 0
Set Net Indication Callback called
Bus state is: 0
Set Net Indication Callback called
Bus state is: 0
Set Net Indication Callback called
Bus state is: 0
Set Net Indication Callback called
Bus state is: 0
Set Net Indication Callback called
Bus state is: 0
Set Net Indication Callback called
Bus state is: 0
Set Net Indication Callback called
Bus state is: 0
Set Net Indication Callback called
Bus state is: 0
Set Net Indication Callback called
Bus state is: 0
Set Net Indication Callback called
Bus state is: 0
Set Net Indication Callback called
Bus state is: 0
Set Net Indication Callback called
Bus state is: 0
Set Net Indication Callback called
Bus state is: 0
Set Net Indication Callback called
Bus state is: 0
Set Net Indication Callback called
Bus state is: 0
Set Net Indication Callback called
Bus state is: 0
Set Net Indication Callback called
Bus state is: 0
Set Net Indication Callback called
Bus state is: 0
Set Net Indication Callback called
Bus state is: 0
Set Net Indication Callback called
Bus state is: 0
Set Net Indication Callback called
Bus state is: 0
Set Net Indication Callback called
Bus state is: 0
Set Net Indication Callback called
Bus state is: 0
Set Net Indication Callback called
Bus state is: 0
Set Net Indication Callback called
Bus state is: 0
Set Net Indication Callback called
Bus state is: 0
Set Net Indication Callback called
Bus state is: 0
Set Net Indication Callback called
Bus state is: 0
Set Net Indication Callback called
Bus state is: 0
Set Net Indication Callback called
Bus state is: 0
Set Net Indication Callback called
Bus state is: 0
Set Net Indication Callback called
Bus state is: 0
Set Net Indication Callback called
Bus state is: 0
Set Net Indication Callback called
Bus state is: 0
Set Net Indication Callback called
Bus state is: 0
Set Net Indication Callback called
Bus state is: 0
Set Net Indication Callback called
Bus state is: 0
Set Net Indication Callback called
Bus state is: 0
Set Net Indication Callback called
Bus state is: 0
Set Net Indication Callback called
Bus state is: 0
Set Net Indication Callback called
Bus state is: 0
Set Net Indication Callback called
Bus state is: 0
Set Net Indication Callback called
Bus state is: 0
Set Net Indication Callback called
Bus state is: 0
Set Net Indication Callback called
Bus state is: 0
Set Net Indication Callback called
Bus state is: 0
Set Net Indication Callback called
Bus state is: 0
Set Net Indication Callback called
Bus state is: 0
Set Net Indication Callback called
Bus state is: 0
Set Net Indication Callback called
Bus state is: 0
Set Net Indication Callback called
Bus state is: 0
Set Net Indication Callback called
Bus state is: 0
Set Net Indication Callback called
Bus state is: 0
Set Net Indication Callback called
Bus state is: 0
Set Net Indication Callback called
Bus state is: 0
Set Net Indication Callback called
Bus state is: 0
Set Net Indication Callback called
Bus state is: 0
Set Net Indication Callback called
Bus state is: 0
Set Net Indication Callback called
Bus state is: 0
Set Net Indication Callback called
Bus state is: 0
Set Net Indication Callback called
Bus state is: 0
Set Net Indication Callback called
Bus state is: 0
Set Net Indication Callback called
Bus state is: 0
Set Net Indication Callback called
Bus state is: 0
Set Net Indication Callback called
Bus state is: 0
Set Net Indication Callback called
Bus state is: 0
Set Net Indication Callback called
Bus state is: 0
Set Net Indication Callback called
Bus state is: 0
Set Net Indication Callback called
Bus state is: 0
Set Net Indication Callback called
Bus state is: 0
Set Net Indication Callback called
Bus state is: 0
Set Net Indication Callback called
Bus state is: 0
Set Net Indication Callback called
Bus state is: 0
Set Net Indication Callback called
Bus state is: 0
Set Net Indication Callback called
Bus state is: 0
Set Net Indication Callback called
Bus state is: 0
Set Net Indication Callback called
Bus state is: 0
Set Net Indication Callback called
Bus state is: 0
Set Net Indication Callback called
Bus state is: 0
Set Net Indication Callback called
Bus state is: 0
Set Net Indication Callback called
Bus state is: 0
Set Net Indication Callback called
Bus state is: 0
Set Net Indication Callback called
Bus state is: 0
Set Net Indication Callback called
Bus state is: 0
Set Net Indication Callback called
Bus state is: 0
Set Net Indication Callback called
Bus state is: 0
Set Net Indication Callback called
Bus state is: 0
Set Net Indication Callback called
Bus state is: 0
Set Net Indication Callback called
Bus state is: 0
Set Net Indication Callback called
Bus state is: 0
Set Net Indication Callback called
Bus state is: 0
Set Net Indication Callback called
Bus state is: 0
Set Net Indication Callback called
Bus state is: 0
Set Net Indication Callback called
Bus state is: 0
Set Net Indication Callback called
Bus state is: 0
Set Net Indication Callback called
Bus state is: 0
Set Net Indication Callback called
Bus state is: 0
Set Net Indication Callback called
Bus state is: 0
Set Net Indication Callback called
Bus state is: 0
Set Net Indication Callback called
Bus state is: 0
Set Net Indication Callback called
Bus state is: 0
Set Net Indication Callback called
Bus state is: 0
Set Net Indication Callback called
Bus state is: 0
Set Net Indication Callback called
Bus state is: 0
Set Net Indication Callback called
Bus state is: 0
Set Net Indication Callback called
Bus state is: 0
Set Net Indication Callback called
Bus state is: 0
Set Net Indication Callback called
Bus state is: 0
Set Net Indication Callback called
Bus state is: 0
Set Net Indication Callback called
Bus state is: 0
Set Net Indication Callback called
Bus state is: 0
Set Net Indication Callback called
Bus state is: 0
Set Net Indication Callback called
Bus state is: 0
Set Net Indication Callback called
Bus state is: 0
Set Net Indication Callback called
Bus state is: 0
Set Net Indication Callback called
Bus state is: 0
Set Net Indication Callback called
Bus state is: 0
Set Net Indication Callback called
Bus state is: 0
Set Net Indication Callback called
Bus state is: 0
Set Net Indication Callback called
Bus state is: 0
Set Net Indication Callback called
Bus state is: 0
Set Net Indication Callback called
Bus state is: 0
Set Net Indication Callback called
Bus state is: 0
Set Net Indication Callback called
Bus state is: 0
Set Net Indication Callback called
Bus state is: 0
Set Net Indication Callback called
Bus state is: 0
Set Net Indication Callback called
Bus state is: 0
Set Net Indication Callback called
Bus state is: 0
Set Net Indication Callback called
Bus state is: 0
Set Net Indication Callback called
Bus state is: 0
Set Net Indication Callback called
Bus state is: 0
Set Net Indication Callback called
Bus state is: 0
Set Net Indication Callback called
Bus state is: 0
Set Net Indication Callback called
Bus state is: 0
Set Net Indication Callback called
Bus state is: 0
Set Net Indication Callback called
Bus state is: 0
Set Net Indication Callback called
Bus state is: 0
Set Net Indication Callback called
Bus state is: 0
Set Net Indication Callback called
Bus state is: 0
Set Net Indication Callback called
Bus state is: 0
Set Net Indication Callback called
Bus state is: 0
Set Net Indication Callback called
Bus state is: 0
Set Net Indication Callback called
Bus state is: 0
Set Net Indication Callback called
Bus state is: 0
Set Net Indication Callback called
Bus state is: 0
Set Net Indication Callback called
Bus state is: 0
Set Net Indication Callback called
Bus state is: 0
Set Net Indication Callback called
Bus state is: 0
Set Net Indication Callback called
Bus state is: 0
Set Net Indication Callback called
Bus state is: 0
Set Net Indication Callback called
Bus state is: 0
Set Net Indication Callback called
Bus state is: 0
Set Net Indication Callback called
Bus state is: 0
Set Net Indication Callback called
Bus state is: 0
Set Net Indication Callback called
Bus state is: 0
Set Net Indication Callback called
Bus state is: 0
Set Net Indication Callback called
Bus state is: 0
Set Net Indication Callback called
Bus state is: 0
Set Net Indication Callback called
Bus state is: 0
Set Net Indication Callback called
Bus state is: 0
Set Net Indication Callback called
Bus state is: 0
Set Net Indication Callback called
Bus state is: 0
Set Net Indication Callback called
Bus state is: 0
Set Net Indication Callback called
Bus state is: 0
Set Net Indication Callback called
Bus state is: 0
Set Net Indication Callback called
Bus state is: 0
Set Net Indication Callback called
Bus state is: 0
Set Net Indication Callback called
Bus state is: 0
Set Net Indication Callback called
Bus state is: 0
Set Net Indication Callback called
Bus state is: 0
Set Net Indication Callback called
Bus state is: 0
Set Net Indication Callback called
Bus state is: 0
Set Net Indication Callback called
Bus state is: 0
Set Net Indication Callback called
Bus state is: 0
Set Net Indication Callback called
Bus state is: 0
Set Net Indication Callback called
Bus state is: 0
Set Net Indication Callback called
Bus state is: 0
Set Net Indication Callback called
Bus state is: 0
Set Net Indication Callback called
Bus state is: 0
Set Net Indication Callback called
Bus state is: 0
Set Net Indication Callback called
Bus state is: 0
Set Net Indication Callback called
Bus state is: 0
Set Net Indication Callback called
Bus state is: 0
Set Net Indication Callback called
Bus state is: 0
Set Net Indication Callback called
Bus state is: 0
Set Net Indication Callback called
Bus state is: 0
Set Net Indication Callback called
Bus state is: 0
Set Net Indication Callback called
Bus state is: 0
Set Net Indication Callback called
Bus state is: 0
Set Net Indication Callback called
Bus state is: 0
Set Net Indication Callback called
Bus state is: 0
Set Net Indication Callback called
Bus state is: 0
Set Net Indication Callback called
Bus state is: 0
Set Net Indication Callback called
Bus state is: 0
Set Net Indication Callback called
Bus state is: 0
Set Net Indication Callback called
Bus state is: 0
Set Net Indication Callback called
Bus state is: 0
Set Net Indication Callback called
Bus state is: 0
Set Net Indication Callback called
Bus state is: 0
Set Net Indication Callback called
Bus state is: 0
Set Net Indication Callback called
Bus state is: 0
Set Net Indication Callback called
Bus state is: 0
Set Net Indication Callback called
Bus state is: 0
Set Net Indication Callback called
Bus state is: 0
Set Net Indication Callback called
Bus state is: 0
Set Net Indication Callback called
Bus state is: 0
Set Net Indication Callback called
Bus state is: 0
Set Net Indication Callback called
Bus state is: 0
Set Net Indication Callback called
Bus state is: 0
Set Net Indication Callback called
Bus state is: 0
Set Net Indication Callback called
Bus state is: 0
Set Net Indication Callback called
Bus state is: 0
Set Net Indication Callback called
Bus state is: 0
Set Net Indication Callback called
Bus state is: 0
Set Net Indication Callback called
Bus state is: 0
Set Net Indication Callback called
Bus state is: 0
Set Net Indication Callback called
Bus state is: 0
Set Net Indication Callback called
Bus state is: 0
Set Net Indication Callback called
Bus state is: 0
Set Net Indication Callback called
Bus state is: 0
Set Net Indication Callback called
Bus state is: 0
Set Net Indication Callback called
Bus state is: 0
Set Net Indication Callback called
Bus state is: 0
Set Net Indication Callback called
Bus state is: 0
Set Net Indication Callback called
Bus state is: 0
Set Net Indication Callback called
Bus state is: 0
Set Net Indication Callback called
Bus state is: 0
Set Net Indication Callback called
Bus state is: 0
Set Net Indication Callback called
Bus state is: 0
Set Net Indication Callback called
Bus state is: 0
Set Net Indication Callback called
Bus state is: 0
Set Net Indication Callback called
Bus state is: 0
Set Net Indication Callback called
Bus state is: 0
Set Net Indication Callback called
Bus state is: 0
Set Net Indication Callback called
Bus state is: 0
Set Net Indication Callback called
Bus state is: 0
Set Net Indication Callback called
Bus state is: 0
Set Net Indication Callback called
Bus state is: 0
Set Net Indication Callback called
Bus state is: 0
Set Net Indication Callback called
Bus state is: 0
Set Net Indication Callback called
Bus state is: 0
Set Net Indication Callback called
Bus state is: 0
Set Net Indication Callback called
Bus state is: 0
Set Net Indication Callback called
Bus state is: 0
Set Net Indication Callback called
Bus state is: 0
Set Net Indication Callback called
Bus state is: 0
Set Net Indication Callback called
Bus state is: 0
Set Net Indication Callback called
Bus state is: 0
Set Net Indication Callback called
Bus state is: 0
Set Net Indication Callback called
Bus state is: 0
Set Net Indication Callback called
Bus state is: 0
Set Net Indication Callback called
Bus state is: 0
Set Net Indication Callback called
Bus state is: 0
Set Net Indication Callback called
Bus state is: 0
Set Net Indication Callback called
Bus state is: 0
Set Net Indication Callback called
Bus state is: 0
Set Net Indication Callback called
Bus state is: 0
Set Net Indication Callback called
Bus state is: 0
Set Net Indication Callback called
Bus state is: 0
Set Net Indication Callback called
Bus state is: 0
Set Net Indication Callback called
Bus state is: 0
Set Net Indication Callback called
Bus state is: 0
Set Net Indication Callback called
Bus state is: 0
Set Net Indication Callback called
Bus state is: 0
Set Net Indication Callback called
Bus state is: 0
Set Net Indication Callback called
Bus state is: 0
Set Net Indication Callback called
Bus state is: 0
Set Net Indication Callback called
Bus state is: 0
Set Net Indication Callback called
Bus state is: 0
Set Net Indication Callback called
Bus state is: 0
Set Net Indication Callback called
Bus state is: 0
Set Net Indication Callback called
Bus state is: 0
Set Net Indication Callback called
Bus state is: 0
Set Net Indication Callback called
Bus state is: 0
Set Net Indication Callback called
Bus state is: 0
Set Net Indication Callback called
Bus state is: 0
Set Net Indication Callback called
Bus state is: 0
Set Net Indication Callback called
Bus state is: 0
Set Net Indication Callback called
Bus state is: 0
Set Net Indication Callback called
Bus state is: 0
Set Net Indication Callback called
Bus state is: 0
Set Net Indication Callback called
Bus state is: 0
Set Net Indication Callback called
Bus state is: 0
Set Net Indication Callback called
Bus state is: 0
Set Net Indication Callback called
Bus state is: 0
Set Net Indication Callback called
Bus state is: 0
Set Net Indication Callback called
Bus state is: 0
Set Net Indication Callback called
Bus state is: 0
Set Net Indication Callback called
Bus state is: 0
Set Net Indication Callback called
Bus state is: 0
Set Net Indication Callback called
Bus state is: 0
Set Net Indication Callback called
Bus state is: 0
Set Net Indication Callback called
Bus state is: 0
Set Net Indication Callback called
Bus state is: 0
Set Net Indication Callback called
Bus state is: 0
Set Net Indication Callback called
Bus state is: 0
Set Net Indication Callback called
Bus state is: 0
Set Net Indication Callback called
Bus state is: 0
Set Net Indication Callback called
Bus state is: 0
Set Net Indication Callback called
Bus state is: 0
Set Net Indication Callback called
Bus state is: 0
Set Net Indication Callback called
Bus state is: 0
Set Net Indication Callback called
Bus state is: 0
Set Net Indication Callback called
Bus state is: 0
Set Net Indication Callback called
Bus state is: 0
Set Net Indication Callback called
Bus state is: 0
Set Net Indication Callback called
Bus state is: 0
Set Net Indication Callback called
Bus state is: 0
Set Net Indication Callback called
Bus state is: 0
Set Net Indication Callback called
Bus state is: 0
Set Net Indication Callback called
Bus state is: 0
Set Net Indication Callback called
Bus state is: 0
Set Net Indication Callback called
Bus state is: 0
Set Net Indication Callback called
Bus state is: 0
Set Net Indication Callback called
Bus state is: 0
Set Net Indication Callback called
Bus state is: 0
Set Net Indication Callback called
Bus state is: 0
Set Net Indication Callback called
Bus state is: 0
Set Net Indication Callback called
Bus state is: 0
Set Net Indication Callback called
Bus state is: 0
Set Net Indication Callback called
Bus state is: 0
Set Net Indication Callback called
Bus state is: 0
Set Net Indication Callback called
Bus state is: 0
Set Net Indication Callback called
Bus state is: 0
Set Net Indication Callback called
Bus state is: 0
Set Net Indication Callback called
Bus state is: 0
Set Net Indication Callback called
Bus state is: 0
Set Net Indication Callback called
Bus state is: 0
Set Net Indication Callback called
Bus state is: 0
Set Net Indication Callback called
Bus state is: 0
Set Net Indication Callback called
Bus state is: 0
Set Net Indication Callback called
Bus state is: 0
Set Net Indication Callback called
Bus state is: 0
Set Net Indication Callback called
Bus state is: 0
Set Net Indication Callback called
Bus state is: 0
Set Net Indication Callback called
Bus state is: 0
Set Net Indication Callback called
Bus state is: 0
Set Net Indication Callback called
Bus state is: 0
Set Net Indication Callback called
Bus state is: 0
Set Net Indication Callback called
Bus state is: 0
Set Net Indication Callback called
Bus state is: 0
Set Net Indication Callback called
Bus state is: 0
Set Net Indication Callback called
Bus state is: 0
Set Net Indication Callback called
Bus state is: 0
Set Net Indication Callback called
Bus state is: 0
Set Net Indication Callback called
Bus state is: 0
Set Net Indication Callback called
Bus state is: 0
Set Net Indication Callback called
Bus state is: 0
Set Net Indication Callback called
Bus state is: 0
Set Net Indication Callback called
Bus state is: 0
Set Net Indication Callback called
Bus state is: 0
Set Net Indication Callback called
Bus state is: 0
Set Net Indication Callback called
Bus state is: 0
Set Net Indication Callback called
Bus state is: 0
Set Net Indication Callback called
Bus state is: 0
Set Net Indication Callback called
Bus state is: 0
Set Net Indication Callback called
Bus state is: 0
Set Net Indication Callback called
Bus state is: 0
Set Net Indication Callback called
Bus state is: 0
Set Net Indication Callback called
Bus state is: 0
Set Net Indication Callback called
Bus state is: 0
Set Net Indication Callback called
Bus state is: 0
Set Net Indication Callback called
Bus state is: 0
Set Net Indication Callback called
Bus state is: 0
Set Net Indication Callback called
Bus state is: 0
Set Net Indication Callback called
Bus state is: 0
Set Net Indication Callback called
Bus state is: 0
Set Net Indication Callback called
Bus state is: 0
Set Net Indication Callback called
Bus state is: 0
Set Net Indication Callback called
Bus state is: 0
Set Net Indication Callback called
Bus state is: 0
Set Net Indication Callback called
Bus state is: 0
Set Net Indication Callback called
Bus state is: 0
Set Net Indication Callback called
Bus state is: 0
Set Net Indication Callback called
Bus state is: 0
Set Net Indication Callback called
Bus state is: 0
Set Net Indication Callback called
Bus state is: 0
Set Net Indication Callback called
Bus state is: 0
Set Net Indication Callback called
Bus state is: 0
Set Net Indication Callback called
Bus state is: 0
Set Net Indication Callback called
Bus state is: 0
Set Net Indication Callback called
Bus state is: 0
Set Net Indication Callback called
Bus state is: 0
Set Net Indication Callback called
Bus state is: 0
Set Net Indication Callback called
Bus state is: 0
Set Net Indication Callback called
Bus state is: 0
Set Net Indication Callback called
Bus state is: 0
Set Net Indication Callback called
Bus state is: 0
Set Net Indication Callback called
Bus state is: 0
Set Net Indication Callback called
Bus state is: 0
Set Net Indication Callback called
Bus state is: 0
Set Net Indication Callback called
Bus state is: 0
Set Net Indication Callback called
Bus state is: 0
Set Net Indication Callback called
Bus state is: 0
Set Net Indication Callback called
Bus state is: 0
Set Net Indication Callback called
Bus state is: 0
Set Net Indication Callback called
Bus state is: 0
Set Net Indication Callback called
Bus state is: 0
Set Net Indication Callback called
Bus state is: 0
Set Net Indication Callback called
Bus state is: 0
Set Net Indication Callback called
Bus state is: 0
Set Net Indication Callback called
Bus state is: 0
Set Net Indication Callback called
Bus state is: 0
Set Net Indication Callback called
Bus state is: 0
Set Net Indication Callback called
Bus state is: 0
Set Net Indication Callback called
Bus state is: 0
Set Net Indication Callback called
Bus state is: 0
Set Net Indication Callback called
Bus state is: 0
Set Net Indication Callback called
Bus state is: 0
Set Net Indication Callback called
Bus state is: 0
Set Net Indication Callback called
Bus state is: 0
Set Net Indication Callback called
Bus state is: 0
Set Net Indication Callback called
Bus state is: 0
Set Net Indication Callback called
Bus state is: 0
Set Net Indication Callback called
Bus state is: 0
Set Net Indication Callback called
Bus state is: 0
Set Net Indication Callback called
Bus state is: 0
Set Net Indication Callback called
Bus state is: 0
Set Net Indication Callback called
Bus state is: 0
Set Net Indication Callback called
Bus state is: 0
Set Net Indication Callback called
Bus state is: 0
Set Net Indication Callback called
Bus state is: 0
Set Net Indication Callback called
Bus state is: 0
Set Net Indication Callback called
Bus state is: 0
Set Net Indication Callback called
Bus state is: 0
Set Net Indication Callback called
Bus state is: 0
Set Net Indication Callback called
Bus state is: 0
Set Net Indication Callback called
Bus state is: 0
Set Net Indication Callback called
Bus state is: 0
Set Net Indication Callback called
Bus state is: 0
Set Net Indication Callback called
Bus state is: 0
Set Net Indication Callback called
Bus state is: 0
Set Net Indication Callback called
Bus state is: 0
Set Net Indication Callback called
Bus state is: 0
Set Net Indication Callback called
Bus state is: 0
Set Net Indication Callback called
Bus state is: 0
Set Net Indication Callback called
Bus state is: 0
Set Net Indication Callback called
Bus state is: 0
Set Net Indication Callback called
Bus state is: 0
Set Net Indication Callback called
Bus state is: 0
Set Net Indication Callback called
Bus state is: 0
Set Net Indication Callback called
Bus state is: 0
Set Net Indication Callback called
Bus state is: 0
Set Net Indication Callback called
Bus state is: 0
Set Net Indication Callback called
Bus state is: 0
Set Net Indication Callback called
Bus state is: 0
Set Net Indication Callback called
Bus state is: 0
Set Net Indication Callback called
Bus state is: 0
Set Net Indication Callback called
Bus state is: 0
Set Net Indication Callback called
Bus state is: 0
Set Net Indication Callback called
Bus state is: 0
Set Net Indication Callback called
Bus state is: 0
Set Net Indication Callback called
Bus state is: 0
Set Net Indication Callback called
Bus state is: 0
Set Net Indication Callback called
Bus state is: 0
Set Net Indication Callback called
Bus state is: 0
Set Net Indication Callback called
Bus state is: 0
Set Net Indication Callback called
Bus state is: 0
Set Net Indication Callback called
Bus state is: 0
Set Net Indication Callback called
Bus state is: 0
Set Net Indication Callback called
Bus state is: 0
Set Net Indication Callback called
Bus state is: 0
Set Net Indication Callback called
Bus state is: 0
Set Net Indication Callback called
Bus state is: 0
Set Net Indication Callback called
Bus state is: 0
Set Net Indication Callback called
Bus state is: 0
Set Net Indication Callback called
Bus state is: 0
Set Net Indication Callback called
Bus state is: 0
Set Net Indication Callback called
Bus state is: 0
Set Net Indication Callback called
Bus state is: 0
Set Net Indication Callback called
Bus state is: 0
Set Net Indication Callback called
Bus state is: 0
Set Net Indication Callback called
Bus state is: 0
Set Net Indication Callback called
Bus state is: 0
Set Net Indication Callback called
Bus state is: 0
Set Net Indication Callback called
Bus state is: 0
Set Net Indication Callback called
Bus state is: 0
Set Net Indication Callback called
Bus state is: 0
Set Net Indication Callback called
Bus state is: 0
Set Net Indication Callback called
Bus state is: 0
Set Net Indication Callback called
Bus state is: 0
Set Net Indication Callback called
Bus state is: 0
Set Net Indication Callback called
Bus state is: 0
Set Net Indication Callback called
Bus state is: 0
Set Net Indication Callback called
Bus state is: 0
Set Net Indication Callback called
Bus state is: 0
Set Net Indication Callback called
Bus state is: 0
Set Net Indication Callback called
Bus state is: 0
Set Net Indication Callback called
Bus state is: 0
Set Net Indication Callback called
Bus state is: 0
Set Net Indication Callback called
Bus state is: 0
Set Net Indication Callback called
Bus state is: 0
Set Net Indication Callback called
Bus state is: 0
Set Net Indication Callback called
Bus state is: 0
Set Net Indication Callback called
Bus state is: 0
Set Net Indication Callback called
Bus state is: 0
Set Net Indication Callback called
Bus state is: 0
Set Net Indication Callback called
Bus state is: 0
Set Net Indication Callback called
Bus state is: 0
Set Net Indication Callback called
Bus state is: 0
Set Net Indication Callback called
Bus state is: 0
Set Net Indication Callback called
Bus state is: 0
Set Net Indication Callback called
Bus state is: 0
Set Net Indication Callback called
Bus state is: 0
Set Net Indication Callback called
Bus state is: 0
Set Net Indication Callback called
Bus state is: 0
Set Net Indication Callback called
Bus state is: 0
Set Net Indication Callback called
Bus state is: 0
Set Net Indication Callback called
Bus state is: 0
Set Net Indication Callback called
Bus state is: 0
Set Net Indication Callback called
Bus state is: 0
Set Net Indication Callback called
Bus state is: 0
Set Net Indication Callback called
Bus state is: 0
Set Net Indication Callback called
Bus state is: 0
Set Net Indication Callback called
Bus state is: 0
Set Net Indication Callback called
Bus state is: 0
Set Net Indication Callback called
Bus state is: 0
Set Net Indication Callback called
Bus state is: 0
Set Net Indication Callback called
Bus state is: 0
Set Net Indication Callback called
Bus state is: 0
Set Net Indication Callback called
Bus state is: 0
Set Net Indication Callback called
Bus state is: 0
Set Net Indication Callback called
Bus state is: 0
Set Net Indication Callback called
Bus state is: 0
Set Net Indication Callback called
Bus state is: 0
Set Net Indication Callback called
Bus state is: 0
Set Net Indication Callback called
Bus state is: 0
Set Net Indication Callback called
Bus state is: 0
Set Net Indication Callback called
Bus state is: 0
Set Net Indication Callback called
Bus state is: 0
Set Net Indication Callback called
Bus state is: 0
Set Net Indication Callback called
Bus state is: 0
Set Net Indication Callback called
Bus state is: 0
Set Net Indication Callback called
Bus state is: 0
Set Net Indication Callback called
Bus state is: 0
Set Net Indication Callback called
Bus state is: 0
Set Net Indication Callback called
Bus state is: 0
Set Net Indication Callback called
Bus state is: 0
Set Net Indication Callback called
Bus state is: 0
Set Net Indication Callback called
Bus state is: 0
Set Net Indication Callback called
Bus state is: 0
Set Net Indication Callback called
Bus state is: 0
Set Net Indication Callback called
Bus state is: 0
Set Net Indication Callback called
Bus state is: 0
Set Net Indication Callback called
Bus state is: 0
Set Net Indication Callback called
Bus state is: 0
Set Net Indication Callback called
Bus state is: 0
Set Net Indication Callback called
Bus state is: 0
Set Net Indication Callback called
Bus state is: 0
Set Net Indication Callback called
Bus state is: 0
Set Net Indication Callback called
Bus state is: 0
Set Net Indication Callback called
Bus state is: 0
Set Net Indication Callback called
Bus state is: 0
Set Net Indication Callback called
Bus state is: 0
Set Net Indication Callback called
Bus state is: 0
Set Net Indication Callback called
Bus state is: 0
Set Net Indication Callback called
Bus state is: 0
Set Net Indication Callback called
Bus state is: 0
Set Net Indication Callback called
Bus state is: 0
Set Net Indication Callback called
Bus state is: 0
Set Net Indication Callback called
Bus state is: 0
Set Net Indication Callback called
Bus state is: 0
Set Net Indication Callback called
Bus state is: 0
Set Net Indication Callback called
Bus state is: 0
Set Net Indication Callback called
Bus state is: 0
Set Net Indication Callback called
Bus state is: 0
Set Net Indication Callback called
Bus state is: 0
Set Net Indication Callback called
Bus state is: 0
Set Net Indication Callback called
Bus state is: 0
Set Net Indication Callback called
Bus state is: 0
Set Net Indication Callback called
Bus state is: 0
Set Net Indication Callback called
Bus state is: 0
Set Net Indication Callback called
Bus state is: 0
Set Net Indication Callback called
Bus state is: 0
Set Net Indication Callback called
Bus state is: 0
Set Net Indication Callback called
Bus state is: 0
Set Net Indication Callback called
Bus state is: 0
Set Net Indication Callback called
Bus state is: 0
Set Net Indication Callback called
Bus state is: 0
Set Net Indication Callback called
Bus state is: 0
Set Net Indication Callback called
Bus state is: 0
Set Net Indication Callback called
Bus state is: 0
Set Net Indication Callback called
Bus state is: 0
Set Net Indication Callback called
Bus state is: 0
Set Net Indication Callback called
Bus state is: 0
Set Net Indication Callback called
Bus state is: 0
Set Net Indication Callback called
Bus state is: 0
Set Net Indication Callback called
Bus state is: 0
Set Net Indication Callback called
Bus state is: 0
Set Net Indication Callback called
Bus state is: 0
Set Net Indication Callback called
Bus state is: 0
Set Net Indication Callback called
Bus state is: 0
Set Net Indication Callback called
Bus state is: 0
Set Net Indication Callback called
Bus state is: 0
Set Net Indication Callback called
Bus state is: 0
Set Net Indication Callback called
Bus state is: 0
Set Net Indication Callback called
Bus state is: 0
Set Net Indication Callback called
Bus state is: 0
Set Net Indication Callback called
Bus state is: 0
Set Net Indication Callback called
Bus state is: 0
Set Net Indication Callback called
Bus state is: 0
Set Net Indication Callback called
Bus state is: 0
Set Net Indication Callback called
Bus state is: 0
Set Net Indication Callback called
Bus state is: 0
Set Net Indication Callback called
Bus state is: 0
Set Net Indication Callback called
Bus state is: 0
Set Net Indication Callback called
Bus state is: 0
Set Net Indication Callback called
Bus state is: 0
Set Net Indication Callback called
Bus state is: 0
Set Net Indication Callback called
Bus state is: 0
Set Net Indication Callback called
Bus state is: 0
Set Net Indication Callback called
Bus state is: 0
Set Net Indication Callback called
Bus state is: 0
Set Net Indication Callback called
Bus state is: 0
Set Net Indication Callback called
Bus state is: 0
Set Net Indication Callback called
Bus state is: 0
Set Net Indication Callback called
Bus state is: 0
Set Net Indication Callback called
Bus state is: 0
Set Net Indication Callback called
Bus state is: 0
Set Net Indication Callback called
Bus state is: 0
Set Net Indication Callback called
Bus state is: 0
Set Net Indication Callback called
Bus state is: 0
Set Net Indication Callback called
Bus state is: 0
Set Net Indication Callback called
Bus state is: 0
Set Net Indication Callback called
Bus state is: 0
Set Net Indication Callback called
Bus state is: 0
Set Net Indication Callback called
Bus state is: 0
Set Net Indication Callback called
Bus state is: 0
Set Net Indication Callback called
Bus state is: 0
Set Net Indication Callback called
Bus state is: 0
Set Net Indication Callback called
Bus state is: 0
Set Net Indication Callback called
Bus state is: 0
Set Net Indication Callback called
Bus state is: 0
Set Net Indication Callback called
Bus state is: 0
Set Net Indication Callback called
Bus state is: 0
Set Net Indication Callback called
Bus state is: 0
Set Net Indication Callback called
Bus state is: 0
Set Net Indication Callback called
Bus state is: 0
Set Net Indication Callback called
Bus state is: 0
Set Net Indication Callback called
Bus state is: 0
Set Net Indication Callback called
Bus state is: 0
Set Net Indication Callback called
Bus state is: 0
Set Net Indication Callback called
Bus state is: 0
Set Net Indication Callback called
Bus state is: 0
Set Net Indication Callback called
Bus state is: 0
Set Net Indication Callback called
Bus state is: 0
Set Net Indication Callback called
Bus state is: 0
Set Net Indication Callback called
Bus state is: 0
Set Net Indication Callback called
Bus state is: 0
Set Net Indication Callback called
Bus state is: 0
Set Net Indication Callback called
Bus state is: 0
Set Net Indication Callback called
Bus state is: 0
Set Net Indication Callback called
Bus state is: 0
Set Net Indication Callback called
Bus state is: 0
Set Net Indication Callback called
Bus state is: 0
Set Net Indication Callback called
Bus state is: 0
Set Net Indication Callback called
Bus state is: 0
Set Net Indication Callback called
Bus state is: 0
Set Net Indication Callback called
Bus state is: 0
Set Net Indication Callback called
Bus state is: 0
Set Net Indication Callback called
Bus state is: 0
Set Net Indication Callback called
Bus state is: 0
Set Net Indication Callback called
Bus state is: 0
Set Net Indication Callback called
Bus state is: 0
Set Net Indication Callback called
Bus state is: 0
Set Net Indication Callback called
Bus state is: 0
Set Net Indication Callback called
Bus state is: 0
Set Net Indication Callback called
Bus state is: 0
Set Net Indication Callback called
Bus state is: 0
Set Net Indication Callback called
Bus state is: 0
Set Net Indication Callback called
Bus state is: 0
Set Net Indication Callback called
Bus state is: 0
Set Net Indication Callback called
Bus state is: 0
Set Net Indication Callback called
Bus state is: 0
Set Net Indication Callback called
Bus state is: 0
Set Net Indication Callback called
Bus state is: 0
Set Net Indication Callback called
Bus state is: 0
Set Net Indication Callback called
Bus state is: 0
Set Net Indication Callback called
Bus state is: 0
Set Net Indication Callback called
Bus state is: 0
Set Net Indication Callback called
Bus state is: 0
Set Net Indication Callback called
Bus state is: 0
Set Net Indication Callback called
Bus state is: 0
Set Net Indication Callback called
Bus state is: 0
Set Net Indication Callback called
Bus state is: 0
Set Net Indication Callback called
Bus state is: 0
Set Net Indication Callback called
Bus state is: 0
Set Net Indication Callback called
Bus state is: 0
Set Net Indication Callback called
Bus state is: 0
Set Net Indication Callback called
Bus state is: 0
Set Net Indication Callback called
Bus state is: 0
Set Net Indication Callback called
Bus state is: 0
Set Net Indication Callback called
Bus state is: 0
Set Net Indication Callback called
Bus state is: 0
Set Net Indication Callback called
Bus state is: 0
Set Net Indication Callback called
Bus state is: 0
Set Net Indication Callback called
Bus state is: 0
Set Net Indication Callback called
Bus state is: 0
Set Net Indication Callback called
Bus state is: 0
Set Net Indication Callback called
Bus state is: 0
Set Net Indication Callback called
Bus state is: 0
Set Net Indication Callback called
Bus state is: 0
Set Net Indication Callback called
Bus state is: 0
Set Net Indication Callback called
Bus state is: 0
Set Net Indication Callback called
Bus state is: 0
Set Net Indication Callback called
Bus state is: 0
Set Net Indication Callback called
Bus state is: 0
Set Net Indication Callback called
Bus state is: 0
Set Net Indication Callback called
Bus state is: 0
Set Net Indication Callback called
Bus state is: 0
Set Net Indication Callback called
Bus state is: 0
Set Net Indication Callback called
Bus state is: 0
Set Net Indication Callback called
Bus state is: 0
Set Net Indication Callback called
Bus state is: 0
Set Net Indication Callback called
Bus state is: 0
Set Net Indication Callback called
Bus state is: 0
Set Net Indication Callback called
Bus state is: 0
Set Net Indication Callback called
Bus state is: 0
Set Net Indication Callback called
Bus state is: 0
Set Net Indication Callback called
Bus state is: 0
Set Net Indication Callback called
Bus state is: 0
Set Net Indication Callback called
Bus state is: 0
Set Net Indication Callback called
Bus state is: 0
Set Net Indication Callback called
Bus state is: 0
Set Net Indication Callback called
Bus state is: 0
Set Net Indication Callback called
Bus state is: 0
Set Net Indication Callback called
Bus state is: 0
Set Net Indication Callback called
Bus state is: 0
Set Net Indication Callback called
Bus state is: 0
Set Net Indication Callback called
Bus state is: 0
Set Net Indication Callback called
Bus state is: 0
Set Net Indication Callback called
Bus state is: 0
Set Net Indication Callback called
Bus state is: 0
Set Net Indication Callback called
Bus state is: 0
Set Net Indication Callback called
Bus state is: 0
Set Net Indication Callback called
Bus state is: 0
Set Net Indication Callback called
Bus state is: 0
Set Net Indication Callback called
Bus state is: 0
Set Net Indication Callback called
Bus state is: 0
Set Net Indication Callback called
Bus state is: 0
Set Net Indication Callback called
Bus state is: 0
Set Net Indication Callback called
Bus state is: 0
Set Net Indication Callback called
Bus state is: 0
Set Net Indication Callback called
Bus state is: 0
Set Net Indication Callback called
Bus state is: 0
Set Net Indication Callback called
Bus state is: 0
Set Net Indication Callback called
Bus state is: 0
Set Net Indication Callback called
Bus state is: 0
Set Net Indication Callback called
Bus state is: 0
Set Net Indication Callback called
Bus state is: 0
Set Net Indication Callback called
Bus state is: 0
Set Net Indication Callback called
Bus state is: 0
Set Net Indication Callback called
Bus state is: 0
Set Net Indication Callback called
Bus state is: 0
Set Net Indication Callback called
Bus state is: 0
Set Net Indication Callback called
Bus state is: 0
Set Net Indication Callback called
Bus state is: 0
Set Net Indication Callback called
Bus state is: 0
Set Net Indication Callback called
Bus state is: 0
Set Net Indication Callback called
Bus state is: 0
Set Net Indication Callback called
Bus state is: 0
Set Net Indication Callback called
Bus state is: 0
Set Net Indication Callback called
Bus state is: 0
Set Net Indication Callback called
Bus state is: 0
Set Net Indication Callback called
Bus state is: 0
Set Net Indication Callback called
Bus state is: 0
Set Net Indication Callback called
Bus state is: 0
Set Net Indication Callback called
Bus state is: 0
Set Net Indication Callback called
Bus state is: 0
Set Net Indication Callback called
Bus state is: 0
Set Net Indication Callback called
Bus state is: 0
Set Net Indication Callback called
Bus state is: 0
Set Net Indication Callback called
Bus state is: 0
Set Net Indication Callback called
Bus state is: 0
Set Net Indication Callback called
Bus state is: 0
Set Net Indication Callback called
Bus state is: 0
Set Net Indication Callback called
Bus state is: 0
Set Net Indication Callback called
Bus state is: 0
Set Net Indication Callback called
Bus state is: 0
Set Net Indication Callback called
Bus state is: 0
Set Net Indication Callback called
Bus state is: 0
Set Net Indication Callback called
Bus state is: 0
Set Net Indication Callback called
Bus state is: 0
Set Net Indication Callback called
Bus state is: 0
Set Net Indication Callback called
Bus state is: 0
Set Net Indication Callback called
Bus state is: 0
Set Net Indication Callback called
Bus state is: 0
Set Net Indication Callback called
Bus state is: 0
Set Net Indication Callback called
Bus state is: 0
Set Net Indication Callback called
Bus state is: 0
Set Net Indication Callback called
Bus state is: 0
Set Net Indication Callback called
Bus state is: 0
Set Net Indication Callback called
Bus state is: 0
Set Net Indication Callback called
Bus state is: 0
Set Net Indication Callback called
Bus state is: 0
Set Net Indication Callback called
Bus state is: 0
Set Net Indication Callback called
Bus state is: 0
Set Net Indication Callback called
Bus state is: 0
Set Net Indication Callback called
Bus state is: 0
Set Net Indication Callback called
Bus state is: 0
Set Net Indication Callback called
Bus state is: 0
Set Net Indication Callback called
Bus state is: 0
Set Net Indication Callback called
Bus state is: 0
Set Net Indication Callback called
Bus state is: 0
Set Net Indication Callback called
Bus state is: 0
Set Net Indication Callback called
Bus state is: 0
Set Net Indication Callback called
Bus state is: 0
Set Net Indication Callback called
Bus state is: 0
Set Net Indication Callback called
Bus state is: 0
Set Net Indication Callback called
Bus state is: 0
Set Net Indication Callback called
Bus state is: 0
Set Net Indication Callback called
Bus state is: 0
Set Net Indication Callback called
Bus state is: 0
Set Net Indication Callback called
Bus state is: 0
Set Net Indication Callback called
Bus state is: 0
Set Net Indication Callback called
Bus state is: 0
Set Net Indication Callback called
Bus state is: 0
Set Net Indication Callback called
Bus state is: 0
Set Net Indication Callback called
Bus state is: 0
Set Net Indication Callback called
Bus state is: 0
Set Net Indication Callback called
Bus state is: 0
Set Net Indication Callback called
Bus state is: 0
Set Net Indication Callback called
Bus state is: 0
Set Net Indication Callback called
Bus state is: 0
Set Net Indication Callback called
Bus state is: 0
Set Net Indication Callback called
Bus state is: 0
Set Net Indication Callback called
Bus state is: 0
Set Net Indication Callback called
Bus state is: 0
Set Net Indication Callback called
Bus state is: 0
Set Net Indication Callback called
Bus state is: 0
Set Net Indication Callback called
Bus state is: 0
Set Net Indication Callback called
Bus state is: 0
Set Net Indication Callback called
Bus state is: 0
Set Net Indication Callback called
Bus state is: 0
Set Net Indication Callback called
Bus state is: 0
Set Net Indication Callback called
Bus state is: 0
Set Net Indication Callback called
Bus state is: 0
Set Net Indication Callback called
Bus state is: 0
Set Net Indication Callback called
Bus state is: 0
Set Net Indication Callback called
Bus state is: 0
Set Net Indication Callback called
Bus state is: 0
Set Net Indication Callback called
Bus state is: 0
Set Net Indication Callback called
Bus state is: 0
Set Net Indication Callback called
Bus state is: 0
Set Net Indication Callback called
Bus state is: 0
Set Net Indication Callback called
Bus state is: 0
Set Net Indication Callback called
Bus state is: 0
Set Net Indication Callback called
Bus state is: 0
Set Net Indication Callback called
Bus state is: 0
Set Net Indication Callback called
Bus state is: 0
Set Net Indication Callback called
Bus state is: 0
Set Net Indication Callback called
Bus state is: 0
Set Net Indication Callback called
Bus state is: 0
Set Net Indication Callback called
Bus state is: 0
Set Net Indication Callback called
Bus state is: 0
Set Net Indication Callback called
Bus state is: 0
Set Net Indication Callback called
Bus state is: 0
Set Net Indication Callback called
Bus state is: 0
Set Net Indication Callback called
Bus state is: 0
Set Net Indication Callback called
Bus state is: 0
Set Net Indication Callback called
Bus state is: 0
Set Net Indication Callback called
Bus state is: 0
Set Net Indication Callback called
Bus state is: 0
Set Net Indication Callback called
Bus state is: 0
Set Net Indication Callback called
Bus state is: 0
Set Net Indication Callback called
Bus state is: 0
Set Net Indication Callback called
Bus state is: 0
Set Net Indication Callback called
Bus state is: 0
Set Net Indication Callback called
Bus state is: 0
Set Net Indication Callback called
Bus state is: 0
Set Net Indication Callback called
Bus state is: 0
Set Net Indication Callback called
Bus state is: 0
Set Net Indication Callback called
Bus state is: 0
Set Net Indication Callback called
Bus state is: 0
Set Net Indication Callback called
Bus state is: 0
Set Net Indication Callback called
Bus state is: 0
Set Net Indication Callback called
Bus state is: 0
Set Net Indication Callback called
Bus state is: 0
Set Net Indication Callback called
Bus state is: 0
Set Net Indication Callback called
Bus state is: 0
Set Net Indication Callback called
Bus state is: 0
Set Net Indication Callback called
Bus state is: 0
Set Net Indication Callback called
Bus state is: 0
Set Net Indication Callback called
Bus state is: 0
Set Net Indication Callback called
Bus state is: 0
Set Net Indication Callback called
Bus state is: 0
Set Net Indication Callback called
Bus state is: 0
Set Net Indication Callback called
Bus state is: 0
Set Net Indication Callback called
Bus state is: 0
Set Net Indication Callback called
Bus state is: 0
Set Net Indication Callback called
Bus state is: 0
Set Net Indication Callback called
Bus state is: 0
Set Net Indication Callback called
Bus state is: 0
Set Net Indication Callback called
Bus state is: 0
Set Net Indication Callback called
Bus state is: 0
Set Net Indication Callback called
Bus state is: 0
Set Net Indication Callback called
Bus state is: 0
Set Net Indication Callback called
Bus state is: 0
Set Net Indication Callback called
Bus state is: 0
Set Net Indication Callback called
Bus state is: 0
Set Net Indication Callback called
Bus state is: 0
Set Net Indication Callback called
Bus state is: 0
Set Net Indication Callback called
Bus state is: 0
Set Net Indication Callback called
Bus state is: 0
Set Net Indication Callback called
Bus state is: 0
Set Net Indication Callback called
Bus state is: 0
Set Net Indication Callback called
Bus state is: 0
Set Net Indication Callback called
Bus state is: 0
Set Net Indication Callback called
Bus state is: 0
Set Net Indication Callback called
Bus state is: 0
Set Net Indication Callback called
Bus state is: 0
Set Net Indication Callback called
Bus state is: 0
Set Net Indication Callback called
Bus state is: 0
Set Net Indication Callback called
Bus state is: 0
Set Net Indication Callback called
Bus state is: 0
Set Net Indication Callback called
Bus state is: 0
Set Net Indication Callback called
Bus state is: 0
Set Net Indication Callback called
Bus state is: 0
Set Net Indication Callback called
Bus state is: 0
Set Net Indication Callback called
Bus state is: 0
Set Net Indication Callback called
Bus state is: 0
Set Net Indication Callback called
Bus state is: 0
Set Net Indication Callback called
Bus state is: 0
Set Net Indication Callback called
Bus state is: 0
Set Net Indication Callback called
Bus state is: 0
Set Net Indication Callback called
Bus state is: 0
Set Net Indication Callback called
Bus state is: 0
Set Net Indication Callback called
Bus state is: 0
Set Net Indication Callback called
Bus state is: 0
Set Net Indication Callback called
Bus state is: 0
Set Net Indication Callback called
Bus state is: 0
Set Net Indication Callback called
Bus state is: 0
Set Net Indication Callback called
Bus state is: 0
Set Net Indication Callback called
Bus state is: 0
Set Net Indication Callback called
Bus state is: 0
Set Net Indication Callback called
Bus state is: 0
Set Net Indication Callback called
Bus state is: 0
Set Net Indication Callback called
Bus state is: 0
Set Net Indication Callback called
Bus state is: 0
Set Net Indication Callback called
Bus state is: 0
Set Net Indication Callback called
Bus state is: 0
Set Net Indication Callback called
Bus state is: 0
Set Net Indication Callback called
Bus state is: 0
Set Net Indication Callback called
Bus state is: 0
Set Net Indication Callback called
Bus state is: 0
Set Net Indication Callback called
Bus state is: 0
Set Net Indication Callback called
Bus state is: 0
Set Net Indication Callback called
Bus state is: 0
Set Net Indication Callback called
Bus state is: 0
Set Net Indication Callback called
Bus state is: 0
Set Net Indication Callback called
Bus state is: 0
Set Net Indication Callback called
Bus state is: 0
Set Net Indication Callback called
Bus state is: 0
Set Net Indication Callback called
Bus state is: 0
Set Net Indication Callback called
Bus state is: 0
Set Net Indication Callback called
Bus state is: 0
Set Net Indication Callback called
Bus state is: 0
Set Net Indication Callback called
Bus state is: 0
Set Net Indication Callback called
Bus state is: 0
Set Net Indication Callback called
Bus state is: 0
Set Net Indication Callback called
Bus state is: 0
Set Net Indication Callback called
Bus state is: 0
Set Net Indication Callback called
Bus state is: 0
Set Net Indication Callback called
Bus state is: 0
Set Net Indication Callback called
Bus state is: 0
Set Net Indication Callback called
Bus state is: 0
Set Net Indication Callback called
Bus state is: 0
Set Net Indication Callback called
Bus state is: 0
Set Net Indication Callback called
Bus state is: 0
Set Net Indication Callback called
Bus state is: 0
Set Net Indication Callback called
Bus state is: 0
Set Net Indication Callback called
Bus state is: 0
Set Net Indication Callback called
Bus state is: 0
Set Net Indication Callback called
Bus state is: 0
Set Net Indication Callback called
Bus state is: 0
Set Net Indication Callback called
Bus state is: 0
Set Net Indication Callback called
Bus state is: 0
Set Net Indication Callback called
Bus state is: 0
Set Net Indication Callback called
Bus state is: 0
Set Net Indication Callback called
Bus state is: 0
Set Net Indication Callback called
Bus state is: 0
Set Net Indication Callback called
Bus state is: 0
Set Net Indication Callback called
Bus state is: 0
Set Net Indication Callback called
Bus state is: 0
Set Net Indication Callback called
Bus state is: 0
Set Net Indication Callback called
Bus state is: 0
Set Net Indication Callback called
Bus state is: 0
Set Net Indication Callback called
Bus state is: 0
Set Net Indication Callback called
Bus state is: 0
Set Net Indication Callback called
Bus state is: 0
Set Net Indication Callback called
Bus state is: 0
Set Net Indication Callback called
Bus state is: 0
Set Net Indication Callback called
Bus state is: 0
Set Net Indication Callback called
Bus state is: 0
Set Net Indication Callback called
Bus state is: 0
Set Net Indication Callback called
Bus state is: 0
Set Net Indication Callback called
Bus state is: 0
Set Net Indication Callback called
Bus state is: 0
Set Net Indication Callback called
Bus state is: 0
Set Net Indication Callback called
Bus state is: 0
Set Net Indication Callback called
Bus state is: 0
Set Net Indication Callback called
Bus state is: 0
Set Net Indication Callback called
Bus state is: 0
Set Net Indication Callback called
Bus state is: 0
Set Net Indication Callback called
Bus state is: 0
Set Net Indication Callback called
Bus state is: 0
Set Net Indication Callback called
Bus state is: 0
Set Net Indication Callback called
Bus state is: 0
Set Net Indication Callback called
Bus state is: 0
Set Net Indication Callback called
Bus state is: 0
Set Net Indication Callback called
Bus state is: 0
Set Net Indication Callback called
Bus state is: 0
Set Net Indication Callback called
Bus state is: 0
Set Net Indication Callback called
Bus state is: 0
Set Net Indication Callback called
Bus state is: 0
Set Net Indication Callback called
Bus state is: 0
Set Net Indication Callback called
Bus state is: 0
Set Net Indication Callback called
Bus state is: 0
Set Net Indication Callback called
Bus state is: 0
Set Net Indication Callback called
Bus state is: 0
Set Net Indication Callback called
Bus state is: 0
Set Net Indication Callback called
Bus state is: 0
Set Net Indication Callback called
Bus state is: 0
Set Net Indication Callback called
Bus state is: 0
Set Net Indication Callback called
Bus state is: 0
Set Net Indication Callback called
Bus state is: 0
Set Net Indication Callback called
Bus state is: 0
Set Net Indication Callback called
Bus state is: 0
Set Net Indication Callback called
Bus state is: 0
Set Net Indication Callback called
Bus state is: 0
Set Net Indication Callback called
Bus state is: 0
Set Net Indication Callback called
Bus state is: 0
Set Net Indication Callback called
Bus state is: 0
Set Net Indication Callback called
Bus state is: 0
Set Net Indication Callback called
Bus state is: 0
Set Net Indication Callback called
Bus state is: 0
Set Net Indication Callback called
Bus state is: 0
Set Net Indication Callback called
Bus state is: 0
Set Net Indication Callback called
Bus state is: 0
Set Net Indication Callback called
Bus state is: 0
Set Net Indication Callback called
Bus state is: 0
Set Net Indication Callback called
Bus state is: 0
Set Net Indication Callback called
Bus state is: 0
Set Net Indication Callback called
Bus state is: 0
Set Net Indication Callback called
Bus state is: 0
Set Net Indication Callback called
Bus state is: 0
Set Net Indication Callback called
Bus state is: 0
Set Net Indication Callback called
Bus state is: 0
Set Net Indication Callback called
Bus state is: 0
Set Net Indication Callback called
Bus state is: 0
Set Net Indication Callback called
Bus state is: 0
Set Net Indication Callback called
Bus state is: 0
Set Net Indication Callback called
Bus state is: 0
Set Net Indication Callback called
Bus state is: 0
Set Net Indication Callback called
Bus state is: 0
Set Net Indication Callback called
Bus state is: 0
Set Net Indication Callback called
Bus state is: 0
Set Net Indication Callback called
Bus state is: 0
Set Net Indication Callback called
Bus state is: 0
Set Net Indication Callback called
Bus state is: 0
Set Net Indication Callback called
Bus state is: 0
Set Net Indication Callback called
Bus state is: 0
Set Net Indication Callback called
Bus state is: 0
Set Net Indication Callback called
Bus state is: 0
Set Net Indication Callback called
Bus state is: 0
Set Net Indication Callback called
Bus state is: 0
Set Net Indication Callback called
Bus state is: 0
Set Net Indication Callback called
Bus state is: 0
Set Net Indication Callback called
Bus state is: 0
Set Net Indication Callback called
Bus state is: 0
Set Net Indication Callback called
Bus state is: 0
Set Net Indication Callback called
Bus state is: 0
Set Net Indication Callback called
Bus state is: 0
Set Net Indication Callback called
Bus state is: 0
Set Net Indication Callback called
Bus state is: 0
Set Net Indication Callback called
Bus state is: 0
Set Net Indication Callback called
Bus state is: 0
Set Net Indication Callback called
Bus state is: 0
Set Net Indication Callback called
Bus state is: 0
Set Net Indication Callback called
Bus state is: 0
Set Net Indication Callback called
Bus state is: 0
Set Net Indication Callback called
Bus state is: 0
Set Net Indication Callback called
Bus state is: 0
Set Net Indication Callback called
Bus state is: 0
Set Net Indication Callback called
Bus state is: 0
Set Net Indication Callback called
Bus state is: 0
Set Net Indication Callback called
Bus state is: 0
Set Net Indication Callback called
Bus state is: 0
Set Net Indication Callback called
Bus state is: 0
Set Net Indication Callback called
Bus state is: 0
Set Net Indication Callback called
Bus state is: 0
Set Net Indication Callback called
Bus state is: 0
Set Net Indication Callback called
Bus state is: 0
Set Net Indication Callback called
Bus state is: 0
Set Net Indication Callback called
Bus state is: 0
Set Net Indication Callback called
Bus state is: 0
Set Net Indication Callback called
Bus state is: 0
Set Net Indication Callback called
Bus state is: 0
Set Net Indication Callback called
Bus state is: 0
Set Net Indication Callback called
Bus state is: 0
Set Net Indication Callback called
Bus state is: 0
Set Net Indication Callback called
Bus state is: 0
Set Net Indication Callback called
Bus state is: 0
Set Net Indication Callback called
Bus state is: 0
Set Net Indication Callback called
Bus state is: 0
Set Net Indication Callback called
Bus state is: 0
Set Net Indication Callback called
Bus state is: 0
Set Net Indication Callback called
Bus state is: 0
Set Net Indication Callback called
Bus state is: 0
Set Net Indication Callback called
Bus state is: 0
Set Net Indication Callback called
Bus state is: 0
Set Net Indication Callback called
Bus state is: 0
Set Net Indication Callback called
Bus state is: 0
Set Net Indication Callback called
Bus state is: 0
Set Net Indication Callback called
Bus state is: 0
Set Net Indication Callback called
Bus state is: 0
Set Net Indication Callback called
Bus state is: 0
Set Net Indication Callback called
Bus state is: 0
Set Net Indication Callback called
Bus state is: 0
Set Net Indication Callback called
Bus state is: 0
Set Net Indication Callback called
Bus state is: 0
Set Net Indication Callback called
Bus state is: 0
Set Net Indication Callback called
Bus state is: 0
Set Net Indication Callback called
Bus state is: 0
Set Net Indication Callback called
Bus state is: 0
Set Net Indication Callback called
Bus state is: 0
Set Net Indication Callback called
Bus state is: 0
Set Net Indication Callback called
Bus state is: 0
Set Net Indication Callback called
Bus state is: 0
Set Net Indication Callback called
Bus state is: 0
Set Net Indication Callback called
Bus state is: 0
Set Net Indication Callback called
Bus state is: 0
Set Net Indication Callback called
Bus state is: 0
Set Net Indication Callback called
Bus state is: 0
Set Net Indication Callback called
Bus state is: 0
Set Net Indication Callback called
Bus state is: 0
Set Net Indication Callback called
Bus state is: 0
Set Net Indication Callback called
Bus state is: 0
Set Net Indication Callback called
Bus state is: 0
Set Net Indication Callback called
Bus state is: 0
Set Net Indication Callback called
Bus state is: 0
Set Net Indication Callback called
Bus state is: 0
Set Net Indication Callback called
Bus state is: 0
Set Net Indication Callback called
Bus state is: 0
Set Net Indication Callback called
Bus state is: 0
Set Net Indication Callback called
Bus state is: 0
Set Net Indication Callback called
Bus state is: 0
Set Net Indication Callback called
Bus state is: 0
Set Net Indication Callback called
Bus state is: 0
Set Net Indication Callback called
Bus state is: 0
Set Net Indication Callback called
Bus state is: 0
Set Net Indication Callback called
Bus state is: 0
Set Net Indication Callback called
Bus state is: 0
Set Net Indication Callback called
Bus state is: 0
Set Net Indication Callback called
Bus state is: 0
Set Net Indication Callback called
Bus state is: 0
Set Net Indication Callback called
Bus state is: 0
Set Net Indication Callback called
Bus state is: 0
Set Net Indication Callback called
Bus state is: 0
Set Net Indication Callback called
Bus state is: 0
Set Net Indication Callback called
Bus state is: 0
Set Net Indication Callback called
Bus state is: 0
Set Net Indication Callback called
Bus state is: 0
Set Net Indication Callback called
Bus state is: 0
Set Net Indication Callback called
Bus state is: 0
Set Net Indication Callback called
Bus state is: 0
Set Net Indication Callback called
Bus state is: 0
Set Net Indication Callback called
Bus state is: 0
Set Net Indication Callback called
Bus state is: 0
Set Net Indication Callback called
Bus state is: 0
Set Net Indication Callback called
Bus state is: 0
Set Net Indication Callback called
Bus state is: 0
Set Net Indication Callback called
Bus state is: 0
Set Net Indication Callback called
Bus state is: 0
Set Net Indication Callback called
Bus state is: 0
Set Net Indication Callback called
Bus state is: 0
Set Net Indication Callback called
Bus state is: 0
Set Net Indication Callback called
Bus state is: 0
Set Net Indication Callback called
Bus state is: 0
Set Net Indication Callback called
Bus state is: 0
Set Net Indication Callback called
Bus state is: 0
Set Net Indication Callback called
Bus state is: 0
Set Net Indication Callback called
Bus state is: 0
Set Net Indication Callback called
Bus state is: 0
Set Net Indication Callback called
Bus state is: 0
Set Net Indication Callback called
Bus state is: 0
Set Net Indication Callback called
Bus state is: 0
Set Net Indication Callback called
Bus state is: 0
Set Net Indication Callback called
Bus state is: 0
Set Net Indication Callback called
Bus state is: 0
Set Net Indication Callback called
Bus state is: 0
Set Net Indication Callback called
Bus state is: 0
Set Net Indication Callback called
Bus state is: 0
Set Net Indication Callback called
Bus state is: 0
Set Net Indication Callback called
Bus state is: 0
Set Net Indication Callback called
Bus state is: 0
Set Net Indication Callback called
Bus state is: 0
Set Net Indication Callback called
Bus state is: 0
Set Net Indication Callback called
Bus state is: 0
Set Net Indication Callback called
Bus state is: 0
Set Net Indication Callback called
Bus state is: 0
Set Net Indication Callback called
Bus state is: 0
Set Net Indication Callback called
Bus state is: 0
Set Net Indication Callback called
Bus state is: 0
Set Net Indication Callback called
Bus state is: 0
Set Net Indication Callback called
Bus state is: 0
Set Net Indication Callback called
Bus state is: 0
Set Net Indication Callback called
Bus state is: 0
Set Net Indication Callback called
Bus state is: 0
Set Net Indication Callback called
Bus state is: 0
Set Net Indication Callback called
Bus state is: 0
Set Net Indication Callback called
Bus state is: 0
Set Net Indication Callback called
Bus state is: 0
Set Net Indication Callback called
Bus state is: 0
Set Net Indication Callback called
Bus state is: 0
Set Net Indication Callback called
Bus state is: 0
Set Net Indication Callback called
Bus state is: 0
Set Net Indication Callback called
Bus state is: 0
Set Net Indication Callback called
Bus state is: 0
Set Net Indication Callback called
Bus state is: 0
Set Net Indication Callback called
Bus state is: 0
Set Net Indication Callback called
Bus state is: 0
Set Net Indication Callback called
Bus state is: 0
Set Net Indication Callback called
Bus state is: 0
Set Net Indication Callback called
Bus state is: 0
Set Net Indication Callback called
Bus state is: 0
Set Net Indication Callback called
Bus state is: 0
Set Net Indication Callback called
Bus state is: 0
Set Net Indication Callback called
Bus state is: 0
Set Net Indication Callback called
Bus state is: 0
Set Net Indication Callback called
Bus state is: 0
Set Net Indication Callback called
Bus state is: 0
Set Net Indication Callback called
Bus state is: 0
Set Net Indication Callback called
Bus state is: 0
Set Net Indication Callback called
Bus state is: 0
Set Net Indication Callback called
Bus state is: 0
Set Net Indication Callback called
Bus state is: 0
Set Net Indication Callback called
Bus state is: 0
Set Net Indication Callback called
Bus state is: 0
Set Net Indication Callback called
Bus state is: 0
Set Net Indication Callback called
Bus state is: 0
Set Net Indication Callback called
Bus state is: 0
Set Net Indication Callback called
Bus state is: 0
Set Net Indication Callback called
Bus state is: 0
Set Net Indication Callback called
Bus state is: 0
Set Net Indication Callback called
Bus state is: 0
Set Net Indication Callback called
Bus state is: 0
Set Net Indication Callback called
Bus state is: 0
Set Net Indication Callback called
Bus state is: 0
Set Net Indication Callback called
Bus state is: 0
Set Net Indication Callback called
Bus state is: 0
Set Net Indication Callback called
Bus state is: 0
Set Net Indication Callback called
Bus state is: 0
Set Net Indication Callback called
Bus state is: 0
Set Net Indication Callback called
Bus state is: 0
Set Net Indication Callback called
Bus state is: 0
Set Net Indication Callback called
Bus state is: 0
Set Net Indication Callback called
Bus state is: 0
Set Net Indication Callback called
Bus state is: 0
Set Net Indication Callback called
Bus state is: 0
Set Net Indication Callback called
Bus state is: 0
Set Net Indication Callback called
Bus state is: 0
Set Net Indication Callback called
Bus state is: 0
Set Net Indication Callback called
Bus state is: 0
Set Net Indication Callback called
Bus state is: 0
Set Net Indication Callback called
Bus state is: 0
Set Net Indication Callback called
Bus state is: 0
Set Net Indication Callback called
Bus state is: 0
Set Net Indication Callback called
Bus state is: 0
Set Net Indication Callback called
Bus state is: 0
Set Net Indication Callback called
Bus state is: 0
Set Net Indication Callback called
Bus state is: 0
Set Net Indication Callback called
Bus state is: 0
Set Net Indication Callback called
Bus state is: 0
Set Net Indication Callback called
Bus state is: 0
Set Net Indication Callback called
Bus state is: 0
Set Net Indication Callback called
Bus state is: 0
Set Net Indication Callback called
Bus state is: 0
Set Net Indication Callback called
Bus state is: 0
Set Net Indication Callback called
Bus state is: 0
Set Net Indication Callback called
Bus state is: 0
Set Net Indication Callback called
Bus state is: 0
Set Net Indication Callback called
Bus state is: 0
Set Net Indication Callback called
Bus state is: 0
Set Net Indication Callback called
Bus state is: 0
Set Net Indication Callback called
Bus state is: 0
Set Net Indication Callback called
Bus state is: 0
Set Net Indication Callback called
Bus state is: 0
Set Net Indication Callback called
Bus state is: 0
Set Net Indication Callback called
Bus state is: 0
Set Net Indication Callback called
Bus state is: 0
Set Net Indication Callback called
Bus state is: 0
Set Net Indication Callback called
Bus state is: 0
Set Net Indication Callback called
Bus state is: 0
Set Net Indication Callback called
Bus state is: 0
Set Net Indication Callback called
Bus state is: 0
Set Net Indication Callback called
Bus state is: 0
Set Net Indication Callback called
Bus state is: 0
Set Net Indication Callback called
Bus state is: 0
Set Net Indication Callback called
Bus state is: 0
Set Net Indication Callback called
Bus state is: 0
Set Net Indication Callback called
Bus state is: 0
Set Net Indication Callback called
Bus state is: 0
Set Net Indication Callback called
Bus state is: 0
Set Net Indication Callback called
Bus state is: 0
Set Net Indication Callback called
Bus state is: 0
Set Net Indication Callback called
Bus state is: 0
Set Net Indication Callback called
Bus state is: 0
Set Net Indication Callback called
Bus state is: 0
Set Net Indication Callback called
Bus state is: 0
Set Net Indication Callback called
Bus state is: 0
Set Net Indication Callback called
Bus state is: 0
Set Net Indication Callback called
Bus state is: 0
Set Net Indication Callback called
Bus state is: 0
Set Net Indication Callback called
Bus state is: 0
Set Net Indication Callback called
Bus state is: 0
Set Net Indication Callback called
Bus state is: 0
Set Net Indication Callback called
Bus state is: 0
Set Net Indication Callback called
Bus state is: 0
Set Net Indication Callback called
Bus state is: 0
Set Net Indication Callback called
Bus state is: 0
Set Net Indication Callback called
Bus state is: 0
Set Net Indication Callback called
Bus state is: 0
Set Net Indication Callback called
Bus state is: 0
Set Net Indication Callback called
Bus state is: 0
Set Net Indication Callback called
Bus state is: 0
Set Net Indication Callback called
Bus state is: 0
Set Net Indication Callback called
Bus state is: 0
Set Net Indication Callback called
Bus state is: 0
Set Net Indication Callback called
Bus state is: 0
Set Net Indication Callback called
Bus state is: 0
Set Net Indication Callback called
Bus state is: 0
Set Net Indication Callback called
Bus state is: 0
Set Net Indication Callback called
Bus state is: 0
Set Net Indication Callback called
Bus state is: 0
Set Net Indication Callback called
Bus state is: 0
Set Net Indication Callback called
Bus state is: 0
Set Net Indication Callback called
Bus state is: 0
Set Net Indication Callback called
Bus state is: 0
Set Net Indication Callback called
Bus state is: 0
Set Net Indication Callback called
Bus state is: 0
Set Net Indication Callback called
Bus state is: 0
Set Net Indication Callback called
Bus state is: 0
Set Net Indication Callback called
Bus state is: 0
Set Net Indication Callback called
Bus state is: 0
Set Net Indication Callback called
Bus state is: 0
Set Net Indication Callback called
Bus state is: 0
Set Net Indication Callback called
Bus state is: 0
Set Net Indication Callback called
Bus state is: 0
Set Net Indication Callback called
Bus state is: 0
Set Net Indication Callback called
Bus state is: 0
Set Net Indication Callback called
Bus state is: 0
Set Net Indication Callback called
Bus state is: 0
Set Net Indication Callback called
Bus state is: 0
Set Net Indication Callback called
Bus state is: 0
Set Net Indication Callback called
Bus state is: 0
Set Net Indication Callback called
Bus state is: 0
Set Net Indication Callback called
Bus state is: 0
Set Net Indication Callback called
Bus state is: 0
Set Net Indication Callback called
Bus state is: 0
Set Net Indication Callback called
Bus state is: 0
Set Net Indication Callback called
Bus state is: 0
Set Net Indication Callback called
Bus state is: 0
Set Net Indication Callback called
Bus state is: 0
Set Net Indication Callback called
Bus state is: 0
Set Net Indication Callback called
Bus state is: 0
Set Net Indication Callback called
Bus state is: 0
Set Net Indication Callback called
Bus state is: 0
Set Net Indication Callback called
Bus state is: 0
Set Net Indication Callback called
Bus state is: 0
Set Net Indication Callback called
Bus state is: 0
Set Net Indication Callback called
Bus state is: 0
Set Net Indication Callback called
Bus state is: 0
Set Net Indication Callback called
Bus state is: 0
Set Net Indication Callback called
Bus state is: 0
Set Net Indication Callback called
Bus state is: 0
Set Net Indication Callback called
Bus state is: 0
Set Net Indication Callback called
Bus state is: 0
Set Net Indication Callback called
Bus state is: 0
Set Net Indication Callback called
Bus state is: 0
Set Net Indication Callback called
Bus state is: 0
Set Net Indication Callback called
Bus state is: 0
Set Net Indication Callback called
Bus state is: 0
Set Net Indication Callback called
Bus state is: 0
Set Net Indication Callback called
Bus state is: 0
Set Net Indication Callback called
Bus state is: 0
Set Net Indication Callback called
Bus state is: 0
Set Net Indication Callback called
Bus state is: 0
Set Net Indication Callback called
Bus state is: 0
Set Net Indication Callback called
Bus state is: 0
Set Net Indication Callback called
Bus state is: 0
Set Net Indication Callback called
Bus state is: 0
Set Net Indication Callback called
Bus state is: 0
Set Net Indication Callback called
Bus state is: 0
Set Net Indication Callback called
Bus state is: 0
Set Net Indication Callback called
Bus state is: 0
Set Net Indication Callback called
Bus state is: 0
Set Net Indication Callback called
Bus state is: 0
Set Net Indication Callback called
Bus state is: 0
Set Net Indication Callback called
Bus state is: 0
Set Net Indication Callback called
Bus state is: 0
Set Net Indication Callback called
Bus state is: 0
Set Net Indication Callback called
Bus state is: 0
Set Net Indication Callback called
Bus state is: 0
Set Net Indication Callback called
Bus state is: 0
Set Net Indication Callback called
Bus state is: 0
Set Net Indication Callback called
Bus state is: 0
Set Net Indication Callback called
Bus state is: 0
Set Net Indication Callback called
Bus state is: 0
Set Net Indication Callback called
Bus state is: 0
Set Net Indication Callback called
Bus state is: 0
Set Net Indication Callback called
Bus state is: 0
Set Net Indication Callback called
Bus state is: 0
Set Net Indication Callback called
Bus state is: 0
Set Net Indication Callback called
Bus state is: 0
Set Net Indication Callback called
Bus state is: 0
Set Net Indication Callback called
Bus state is: 0
Set Net Indication Callback called
Bus state is: 0
Set Net Indication Callback called
Bus state is: 0
Set Net Indication Callback called
Bus state is: 0
Set Net Indication Callback called
Bus state is: 0
Set Net Indication Callback called
Bus state is: 0
Set Net Indication Callback called
Bus state is: 0
Set Net Indication Callback called
Bus state is: 0
Set Net Indication Callback called
Bus state is: 0
Set Net Indication Callback called
Bus state is: 0
Set Net Indication Callback called
Bus state is: 0
Set Net Indication Callback called
Bus state is: 0
Set Net Indication Callback called
Bus state is: 0
Set Net Indication Callback called
Bus state is: 0
Set Net Indication Callback called
Bus state is: 0
Set Net Indication Callback called
Bus state is: 0
Set Net Indication Callback called
Bus state is: 0
Set Net Indication Callback called
Bus state is: 0
Set Net Indication Callback called
Bus state is: 0
Set Net Indication Callback called
Bus state is: 0
Set Net Indication Callback called
Bus state is: 0
Set Net Indication Callback called
Bus state is: 0
Set Net Indication Callback called
Bus state is: 0
Set Net Indication Callback called
Bus state is: 0
Set Net Indication Callback called
Bus state is: 0
Set Net Indication Callback called
Bus state is: 0
Set Net Indication Callback called
Bus state is: 0
Set Net Indication Callback called
Bus state is: 0
Set Net Indication Callback called
Bus state is: 0
Set Net Indication Callback called
Bus state is: 0
Set Net Indication Callback called
Bus state is: 0
Set Net Indication Callback called
Bus state is: 0
Set Net Indication Callback called
Bus state is: 0
Set Net Indication Callback called
Bus state is: 0
Set Net Indication Callback called
Bus state is: 0
Set Net Indication Callback called
Bus state is: 0
Set Net Indication Callback called
Bus state is: 0
Set Net Indication Callback called
Bus state is: 0
Set Net Indication Callback called
Bus state is: 0
Set Net Indication Callback called
Bus state is: 0
Set Net Indication Callback called
Bus state is: 0
Set Net Indication Callback called
Bus state is: 0
Set Net Indication Callback called
Bus state is: 0
Set Net Indication Callback called
Bus state is: 0
Set Net Indication Callback called
Bus state is: 0
Set Net Indication Callback called
Bus state is: 0
Set Net Indication Callback called
Bus state is: 0
Set Net Indication Callback called
Bus state is: 0
Set Net Indication Callback called
Bus state is: 0
Set Net Indication Callback called
Bus state is: 0
Set Net Indication Callback called
Bus state is: 0
Set Net Indication Callback called
Bus state is: 0
Set Net Indication Callback called
Bus state is: 0
Set Net Indication Callback called
Bus state is: 0
Set Net Indication Callback called
Bus state is: 0
Set Net Indication Callback called
Bus state is: 0
Set Net Indication Callback called
Bus state is: 0
Set Net Indication Callback called
Bus state is: 0
Set Net Indication Callback called
Bus state is: 0
Set Net Indication Callback called
Bus state is: 0
Set Net Indication Callback called
Bus state is: 0
Set Net Indication Callback called
Bus state is: 0
Set Net Indication Callback called
Bus state is: 0
Set Net Indication Callback called
Bus state is: 0
Set Net Indication Callback called
Bus state is: 0
Set Net Indication Callback called
Bus state is: 0
Set Net Indication Callback called
Bus state is: 0
Set Net Indication Callback called
Bus state is: 0
Set Net Indication Callback called
Bus state is: 0
Set Net Indication Callback called
Bus state is: 0
Set Net Indication Callback called
Bus state is: 0
Set Net Indication Callback called
Bus state is: 0
Set Net Indication Callback called
Bus state is: 0
Set Net Indication Callback called
Bus state is: 0
Set Net Indication Callback called
Bus state is: 0
Set Net Indication Callback called
Bus state is: 0
Set Net Indication Callback called
Bus state is: 0
Set Net Indication Callback called
Bus state is: 0
Set Net Indication Callback called
Bus state is: 0
Set Net Indication Callback called
Bus state is: 0
Set Net Indication Callback called
Bus state is: 0
Set Net Indication Callback called
Bus state is: 0
Set Net Indication Callback called
Bus state is: 0
Set Net Indication Callback called
Bus state is: 0
Set Net Indication Callback called
Bus state is: 0
Set Net Indication Callback called
Bus state is: 0
Set Net Indication Callback called
Bus state is: 0
Set Net Indication Callback called
Bus state is: 0
Set Net Indication Callback called
Bus state is: 0
Set Net Indication Callback called
Bus state is: 0
Set Net Indication Callback called
Bus state is: 0
Set Net Indication Callback called
Bus state is: 0
Set Net Indication Callback called
Bus state is: 0
Set Net Indication Callback called
Bus state is: 0
Set Net Indication Callback called
Bus state is: 0
Set Net Indication Callback called
Bus state is: 0
Set Net Indication Callback called
Bus state is: 0
Set Net Indication Callback called
Bus state is: 0
Set Net Indication Callback called
Bus state is: 0
Set Net Indication Callback called
Bus state is: 0
Set Net Indication Callback called
Bus state is: 0
Set Net Indication Callback called
Bus state is: 0
Set Net Indication Callback called
Bus state is: 0
Set Net Indication Callback called
Bus state is: 0
Set Net Indication Callback called
Bus state is: 0
Set Net Indication Callback called
Bus state is: 0
Set Net Indication Callback called
Bus state is: 0
Set Net Indication Callback called
Bus state is: 0
Set Net Indication Callback called
Bus state is: 0
Set Net Indication Callback called
Bus state is: 0
Set Net Indication Callback called
Bus state is: 0
Set Net Indication Callback called
Bus state is: 0
Set Net Indication Callback called
Bus state is: 0
Set Net Indication Callback called
Bus state is: 0
Set Net Indication Callback called
Bus state is: 0
Set Net Indication Callback called
Bus state is: 0
Set Net Indication Callback called
Bus state is: 0
Set Net Indication Callback called
Bus state is: 0
Set Net Indication Callback called
Bus state is: 0
Set Net Indication Callback called
Bus state is: 0
Set Net Indication Callback called
Bus state is: 0
Set Net Indication Callback called
Bus state is: 0
Set Net Indication Callback called
Bus state is: 0
Set Net Indication Callback called
Bus state is: 0
Set Net Indication Callback called
Bus state is: 0
Set Net Indication Callback called
Bus state is: 0
Set Net Indication Callback called
Bus state is: 0
Set Net Indication Callback called
Bus state is: 0
Set Net Indication Callback called
Bus state is: 0
Set Net Indication Callback called
Bus state is: 0
Set Net Indication Callback called
Bus state is: 0
Set Net Indication Callback called
Bus state is: 0
Set Net Indication Callback called
Bus state is: 0
Set Net Indication Callback called
Bus state is: 0
Set Net Indication Callback called
Bus state is: 0
Set Net Indication Callback called
Bus state is: 0
Set Net Indication Callback called
Bus state is: 0
Set Net Indication Callback called
Bus state is: 0
Set Net Indication Callback called
Bus state is: 0
Set Net Indication Callback called
Bus state is: 0
Set Net Indication Callback called
Bus state is: 0
Set Net Indication Callback called
Bus state is: 0
Set Net Indication Callback called
Bus state is: 0
Set Net Indication Callback called
Bus state is: 0
Set Net Indication Callback called
Bus state is: 0
Set Net Indication Callback called
Bus state is: 0
Set Net Indication Callback called
Bus state is: 0
Set Net Indication Callback called
Bus state is: 0
Set Net Indication Callback called
Bus state is: 0
Set Net Indication Callback called
Bus state is: 0
Set Net Indication Callback called
Bus state is: 0
Set Net Indication Callback called
Bus state is: 0
Set Net Indication Callback called
Bus state is: 0
Set Net Indication Callback called
Bus state is: 0
Set Net Indication Callback called
Bus state is: 0
Set Net Indication Callback called
Bus state is: 0
Set Net Indication Callback called
Bus state is: 0
Set Net Indication Callback called
Bus state is: 0
Set Net Indication Callback called
Bus state is: 0
Set Net Indication Callback called
Bus state is: 0
Set Net Indication Callback called
Bus state is: 0
Set Net Indication Callback called
Bus state is: 0
Set Net Indication Callback called
Bus state is: 0
Set Net Indication Callback called
Bus state is: 0
Set Net Indication Callback called
Bus state is: 0
Set Net Indication Callback called
Bus state is: 0
Set Net Indication Callback called
Bus state is: 0
Set Net Indication Callback called
Bus state is: 0
Set Net Indication Callback called
Bus state is: 0
Set Net Indication Callback called
Bus state is: 0
Set Net Indication Callback called
Bus state is: 0
Set Net Indication Callback called
Bus state is: 0
Set Net Indication Callback called
Bus state is: 0
Set Net Indication Callback called
Bus state is: 0
Set Net Indication Callback called
Bus state is: 0
Set Net Indication Callback called
Bus state is: 0
Set Net Indication Callback called
Bus state is: 0
Set Net Indication Callback called
Bus state is: 0
Set Net Indication Callback called
Bus state is: 0
Set Net Indication Callback called
Bus state is: 0
Set Net Indication Callback called
Bus state is: 0
Set Net Indication Callback called
Bus state is: 0
Set Net Indication Callback called
Bus state is: 0
Set Net Indication Callback called
Bus state is: 0
Set Net Indication Callback called
Bus state is: 0
Set Net Indication Callback called
Bus state is: 0
Set Net Indication Callback called
Bus state is: 0
Set Net Indication Callback called
Bus state is: 0
Set Net Indication Callback called
Bus state is: 0
Set Net Indication Callback called
Bus state is: 0
Set Net Indication Callback called
Bus state is: 0
Set Net Indication Callback called
Bus state is: 0
Set Net Indication Callback called
Bus state is: 0
Set Net Indication Callback called
Bus state is: 0
Set Net Indication Callback called
Bus state is: 0
Set Net Indication Callback called
Bus state is: 0
Set Net Indication Callback called
Bus state is: 0
Set Net Indication Callback called
Bus state is: 0
Set Net Indication Callback called
Bus state is: 0
Set Net Indication Callback called
Bus state is: 0
Set Net Indication Callback called
Bus state is: 0
Set Net Indication Callback called
Bus state is: 0
Set Net Indication Callback called
Bus state is: 0
Set Net Indication Callback called
Bus state is: 0
Set Net Indication Callback called
Bus state is: 0
Set Net Indication Callback called
Bus state is: 0
Set Net Indication Callback called
Bus state is: 0
Set Net Indication Callback called
Bus state is: 0
Set Net Indication Callback called
Bus state is: 0
Set Net Indication Callback called
Bus state is: 0
Set Net Indication Callback called
Bus state is: 0
Set Net Indication Callback called
Bus state is: 0
Set Net Indication Callback called
Bus state is: 0
Set Net Indication Callback called
Bus state is: 0
Set Net Indication Callback called
Bus state is: 0
Set Net Indication Callback called
Bus state is: 0
Set Net Indication Callback called
Bus state is: 0
Set Net Indication Callback called
Bus state is: 0
Set Net Indication Callback called
Bus state is: 0
Set Net Indication Callback called
Bus state is: 0
Set Net Indication Callback called
Bus state is: 0
Set Net Indication Callback called
Bus state is: 0
Set Net Indication Callback called
Bus state is: 0
Set Net Indication Callback called
Bus state is: 0
Set Net Indication Callback called
Bus state is: 0
Set Net Indication Callback called
Bus state is: 0
Set Net Indication Callback called
Bus state is: 0
Set Net Indication Callback called
Bus state is: 0
Set Net Indication Callback called
Bus state is: 0
Set Net Indication Callback called
Bus state is: 0
Set Net Indication Callback called
Bus state is: 0
Set Net Indication Callback called
Bus state is: 0
Set Net Indication Callback called
Bus state is: 0
Set Net Indication Callback called
Bus state is: 0
Set Net Indication Callback called
Bus state is: 0
Set Net Indication Callback called
Bus state is: 0
Set Net Indication Callback called
Bus state is: 0
Set Net Indication Callback called
Bus state is: 0
Set Net Indication Callback called
Bus state is: 0
Set Net Indication Callback called
Bus state is: 0
Set Net Indication Callback called
Bus state is: 0
Set Net Indication Callback called
Bus state is: 0
Set Net Indication Callback called
Bus state is: 0
Set Net Indication Callback called
Bus state is: 0
Set Net Indication Callback called
Bus state is: 0
Set Net Indication Callback called
Bus state is: 0
Set Net Indication Callback called
Bus state is: 0
Set Net Indication Callback called
Bus state is: 0
Set Net Indication Callback called
Bus state is: 0
Set Net Indication Callback called
Bus state is: 0
Set Net Indication Callback called
Bus state is: 0
Set Net Indication Callback called
Bus state is: 0
Set Net Indication Callback called
Bus state is: 0
Set Net Indication Callback called
Bus state is: 0
Set Net Indication Callback called
Bus state is: 0
Set Net Indication Callback called
Bus state is: 0
Set Net Indication Callback called
Bus state is: 0
Set Net Indication Callback called
Bus state is: 0
Set Net Indication Callback called
Bus state is: 0
Set Net Indication Callback called
Bus state is: 0
Set Net Indication Callback called
Bus state is: 0
Set Net Indication Callback called
Bus state is: 0
Set Net Indication Callback called
Bus state is: 0
Set Net Indication Callback called
Bus state is: 0
Set Net Indication Callback called
Bus state is: 0
Set Net Indication Callback called
Bus state is: 0
Set Net Indication Callback called
Bus state is: 0
Set Net Indication Callback called
Bus state is: 0
Set Net Indication Callback called
Bus state is: 0
Set Net Indication Callback called
Bus state is: 0
Set Net Indication Callback called
Bus state is: 0
Set Net Indication Callback called
Bus state is: 0
Set Net Indication Callback called
Bus state is: 0
Set Net Indication Callback called
Bus state is: 0
Set Net Indication Callback called
Bus state is: 0
Set Net Indication Callback called
Bus state is: 0
Set Net Indication Callback called
Bus state is: 0
Set Net Indication Callback called
Bus state is: 0
Set Net Indication Callback called
Bus state is: 0
Set Net Indication Callback called
Bus state is: 0
Set Net Indication Callback called
Bus state is: 0
Set Net Indication Callback called
Bus state is: 0
Set Net Indication Callback called
Bus state is: 0
Set Net Indication Callback called
Bus state is: 0
Set Net Indication Callback called
Bus state is: 0
Set Net Indication Callback called
Bus state is: 0
Set Net Indication Callback called
Bus state is: 0
Set Net Indication Callback called
Bus state is: 0
Set Net Indication Callback called
Bus state is: 0
Set Net Indication Callback called
Bus state is: 0
Set Net Indication Callback called
Bus state is: 0
Set Net Indication Callback called
Bus state is: 0
Set Net Indication Callback called
Bus state is: 0
Set Net Indication Callback called
Bus state is: 0
Set Net Indication Callback called
Bus state is: 0
Set Net Indication Callback called
Bus state is: 0
Set Net Indication Callback called
Bus state is: 0
Set Net Indication Callback called
Bus state is: 0
Set Net Indication Callback called
Bus state is: 0
Set Net Indication Callback called
Bus state is: 0
Set Net Indication Callback called
Bus state is: 0
Set Net Indication Callback called
Bus state is: 0
Set Net Indication Callback called
Bus state is: 0
Set Net Indication Callback called
Bus state is: 0
Set Net Indication Callback called
Bus state is: 0
Set Net Indication Callback called
Bus state is: 0
Set Net Indication Callback called
Bus state is: 0
Set Net Indication Callback called
Bus state is: 0
Set Net Indication Callback called
Bus state is: 0
Set Net Indication Callback called
Bus state is: 0
Set Net Indication Callback called
Bus state is: 0
Set Net Indication Callback called
Bus state is: 0
Set Net Indication Callback called
Bus state is: 0
Set Net Indication Callback called
Bus state is: 0
Set Net Indication Callback called
Bus state is: 0
Set Net Indication Callback called
Bus state is: 0
Set Net Indication Callback called
Bus state is: 0
Set Net Indication Callback called
Bus state is: 0
Set Net Indication Callback called
Bus state is: 0
Set Net Indication Callback called
Bus state is: 0
Set Net Indication Callback called
Bus state is: 0
Set Net Indication Callback called
Bus state is: 0
Set Net Indication Callback called
Bus state is: 0
Set Net Indication Callback called
Bus state is: 0
Set Net Indication Callback called
Bus state is: 0
Set Net Indication Callback called
Bus state is: 0
Set Net Indication Callback called
Bus state is: 0
Set Net Indication Callback called
Bus state is: 0
Set Net Indication Callback called
Bus state is: 0
Set Net Indication Callback called
Bus state is: 0
Set Net Indication Callback called
Bus state is: 0
Set Net Indication Callback called
Bus state is: 0
Set Net Indication Callback called
Bus state is: 0
Set Net Indication Callback called
Bus state is: 0
Set Net Indication Callback called
Bus state is: 0
Set Net Indication Callback called
Bus state is: 0
Set Net Indication Callback called
Bus state is: 0
Set Net Indication Callback called
Bus state is: 0
Set Net Indication Callback called
Bus state is: 0
Set Net Indication Callback called
Bus state is: 0
Set Net Indication Callback called
Bus state is: 0
Set Net Indication Callback called
Bus state is: 0
Set Net Indication Callback called
Bus state is: 0
Set Net Indication Callback called
Bus state is: 0
Set Net Indication Callback called
Bus state is: 0
Set Net Indication Callback called
Bus state is: 0
Set Net Indication Callback called
Bus state is: 0
Set Net Indication Callback called
Bus state is: 0
Set Net Indication Callback called
Bus state is: 0
Set Net Indication Callback called
Bus state is: 0
Set Net Indication Callback called
Bus state is: 0
Set Net Indication Callback called
Bus state is: 0
Set Net Indication Callback called
Bus state is: 0
Set Net Indication Callback called
Bus state is: 0
Set Net Indication Callback called
Bus state is: 0
Set Net Indication Callback called
Bus state is: 0
Set Net Indication Callback called
Bus state is: 0
Set Net Indication Callback called
Bus state is: 0
Set Net Indication Callback called
Bus state is: 0
Set Net Indication Callback called
Bus state is: 0
Set Net Indication Callback called
Bus state is: 0
Set Net Indication Callback called
Bus state is: 0
Set Net Indication Callback called
Bus state is: 0
Set Net Indication Callback called
Bus state is: 0
Set Net Indication Callback called
Bus state is: 0
Set Net Indication Callback called
Bus state is: 0
Set Net Indication Callback called
Bus state is: 0
Set Net Indication Callback called
Bus state is: 0
Set Net Indication Callback called
Bus state is: 0
Set Net Indication Callback called
Bus state is: 0
Set Net Indication Callback called
Bus state is: 0
Set Net Indication Callback called
Bus state is: 0
Set Net Indication Callback called
Bus state is: 0
Set Net Indication Callback called
Bus state is: 0
Set Net Indication Callback called
Bus state is: 0
Set Net Indication Callback called
Bus state is: 0
Set Net Indication Callback called
Bus state is: 0
Set Net Indication Callback called
Bus state is: 0
Set Net Indication Callback called
Bus state is: 0
Set Net Indication Callback called
Bus state is: 0
Set Net Indication Callback called
Bus state is: 0
Set Net Indication Callback called
Bus state is: 0
Set Net Indication Callback called
Bus state is: 0
Set Net Indication Callback called
Bus state is: 0
Set Net Indication Callback called
Bus state is: 0
Set Net Indication Callback called
Bus state is: 0
Set Net Indication Callback called
Bus state is: 0
Set Net Indication Callback called
Bus state is: 0
Set Net Indication Callback called
Bus state is: 0
Set Net Indication Callback called
Bus state is: 0
Set Net Indication Callback called
Bus state is: 0
Set Net Indication Callback called
Bus state is: 0
Set Net Indication Callback called
Bus state is: 0
Set Net Indication Callback called
Bus state is: 0
Set Net Indication Callback called
Bus state is: 0
Set Net Indication Callback called
Bus state is: 0
Set Net Indication Callback called
Bus state is: 0
Set Net Indication Callback called
Bus state is: 0
Set Net Indication Callback called
Bus state is: 0
Set Net Indication Callback called
Bus state is: 0
Set Net Indication Callback called
Bus state is: 0
Set Net Indication Callback called
Bus state is: 0
Set Net Indication Callback called
Bus state is: 0
Set Net Indication Callback called
Bus state is: 0
Set Net Indication Callback called
Bus state is: 0
Set Net Indication Callback called
Bus state is: 0
Set Net Indication Callback called
Bus state is: 0
Set Net Indication Callback called
Bus state is: 0
Set Net Indication Callback called
Bus state is: 0
Set Net Indication Callback called
Bus state is: 0
Set Net Indication Callback called
Bus state is: 0
Set Net Indication Callback called
Bus state is: 0
Set Net Indication Callback called
Bus state is: 0
Set Net Indication Callback called
Bus state is: 0
Set Net Indication Callback called
Bus state is: 0
Set Net Indication Callback called
Bus state is: 0
Set Net Indication Callback called
Bus state is: 0
Set Net Indication Callback called
Bus state is: 0
Set Net Indication Callback called
Bus state is: 0
Set Net Indication Callback called
Bus state is: 0
Set Net Indication Callback called
Bus state is: 0
Set Net Indication Callback called
Bus state is: 0
Set Net Indication Callback called
Bus state is: 0
Set Net Indication Callback called
Bus state is: 0
Set Net Indication Callback called
Bus state is: 0
Set Net Indication Callback called
Bus state is: 0
Set Net Indication Callback called
Bus state is: 0
Set Net Indication Callback called
Bus state is: 0
Set Net Indication Callback called
Bus state is: 0
Set Net Indication Callback called
Bus state is: 0
Set Net Indication Callback called
Bus state is: 0
Set Net Indication Callback called
Bus state is: 0
Set Net Indication Callback called
Bus state is: 0
Set Net Indication Callback called
Bus state is: 0
Set Net Indication Callback called
Bus state is: 0
Set Net Indication Callback called
Bus state is: 0
Set Net Indication Callback called
Bus state is: 0
Set Net Indication Callback called
Bus state is: 0
Set Net Indication Callback called
Bus state is: 0
Set Net Indication Callback called
Bus state is: 0
Set Net Indication Callback called
Bus state is: 0
Set Net Indication Callback called
Bus state is: 0
Set Net Indication Callback called
Bus state is: 0
Set Net Indication Callback called
Bus state is: 0
Set Net Indication Callback called
Bus state is: 0
Set Net Indication Callback called
Bus state is: 0
Set Net Indication Callback called
Bus state is: 0
Set Net Indication Callback called
Bus state is: 0
Set Net Indication Callback called
Bus state is: 0
Set Net Indication Callback called
Bus state is: 0
Set Net Indication Callback called
Bus state is: 0
Set Net Indication Callback called
Bus state is: 0
Set Net Indication Callback called
Bus state is: 0
Set Net Indication Callback called
Bus state is: 0
Set Net Indication Callback called
Bus state is: 0
Set Net Indication Callback called
Bus state is: 0
Set Net Indication Callback called
Bus state is: 0
Set Net Indication Callback called
Bus state is: 0
Set Net Indication Callback called
Bus state is: 0
Set Net Indication Callback called
Bus state is: 0
Set Net Indication Callback called
Bus state is: 0
Set Net Indication Callback called
Bus state is: 0
Set Net Indication Callback called
Bus state is: 0
Set Net Indication Callback called
Bus state is: 0
Set Net Indication Callback called
Bus state is: 0
Set Net Indication Callback called
Bus state is: 0
Set Net Indication Callback called
Bus state is: 0
Set Net Indication Callback called
Bus state is: 0
Set Net Indication Callback called
Bus state is: 0
Set Net Indication Callback called
Bus state is: 0
Set Net Indication Callback called
Bus state is: 0
Set Net Indication Callback called
Bus state is: 0
Set Net Indication Callback called
Bus state is: 0
Set Net Indication Callback called
Bus state is: 0
Set Net Indication Callback called
Bus state is: 0
Set Net Indication Callback called
Bus state is: 0
Set Net Indication Callback called
Bus state is: 0
Set Net Indication Callback called
Bus state is: 0
Set Net Indication Callback called
Bus state is: 0
Set Net Indication Callback called
Bus state is: 0
Set Net Indication Callback called
Bus state is: 0
Set Net Indication Callback called
Bus state is: 0
Set Net Indication Callback called
Bus state is: 0
Set Net Indication Callback called
Bus state is: 0
Set Net Indication Callback called
Bus state is: 0
Set Net Indication Callback called
Bus state is: 0
Set Net Indication Callback called
Bus state is: 0
Set Net Indication Callback called
Bus state is: 0
Set Net Indication Callback called
Bus state is: 0
Set Net Indication Callback called
Bus state is: 0
Set Net Indication Callback called
Bus state is: 0
Set Net Indication Callback called
Bus state is: 0
Set Net Indication Callback called
Bus state is: 0
Set Net Indication Callback called
Bus state is: 0
Set Net Indication Callback called
Bus state is: 0
Set Net Indication Callback called
Bus state is: 0
Set Net Indication Callback called
Bus state is: 0
Set Net Indication Callback called
Bus state is: 0
Set Net Indication Callback called
Bus state is: 0
Set Net Indication Callback called
Bus state is: 0
Set Net Indication Callback called
Bus state is: 0
Set Net Indication Callback called
Bus state is: 0
Set Net Indication Callback called
Bus state is: 0
Set Net Indication Callback called
Bus state is: 0
Set Net Indication Callback called
Bus state is: 0
Set Net Indication Callback called
Bus state is: 0
Set Net Indication Callback called
Bus state is: 0
Set Net Indication Callback called
Bus state is: 0
Set Net Indication Callback called
Bus state is: 0
Set Net Indication Callback called
Bus state is: 0
Set Net Indication Callback called
Bus state is: 0
Set Net Indication Callback called
Bus state is: 0
Set Net Indication Callback called
Bus state is: 0
Set Net Indication Callback called
Bus state is: 0
Set Net Indication Callback called
Bus state is: 0
Set Net Indication Callback called
Bus state is: 0
Set Net Indication Callback called
Bus state is: 0
Set Net Indication Callback called
Bus state is: 0
Set Net Indication Callback called
Bus state is: 0
Set Net Indication Callback called
Bus state is: 0
Set Net Indication Callback called
Bus state is: 0
Set Net Indication Callback called
Bus state is: 0
Set Net Indication Callback called
Bus state is: 0
Set Net Indication Callback called
Bus state is: 0
Set Net Indication Callback called
Bus state is: 0
Set Net Indication Callback called
Bus state is: 0
Set Net Indication Callback called
Bus state is: 0
Set Net Indication Callback called
Bus state is: 0
Set Net Indication Callback called
Bus state is: 0
Set Net Indication Callback called
Bus state is: 0
Set Net Indication Callback called
Bus state is: 0
Set Net Indication Callback called
Bus state is: 0
Set Net Indication Callback called
Bus state is: 0
Set Net Indication Callback called
Bus state is: 0
Set Net Indication Callback called
Bus state is: 0
Set Net Indication Callback called
Bus state is: 0
Set Net Indication Callback called
Bus state is: 0
Set Net Indication Callback called
Bus state is: 0
Set Net Indication Callback called
Bus state is: 0
Set Net Indication Callback called
Bus state is: 0
Set Net Indication Callback called
Bus state is: 0
Set Net Indication Callback called
Bus state is: 0
Set Net Indication Callback called
Bus state is: 0
Set Net Indication Callback called
Bus state is: 0
Set Net Indication Callback called
Bus state is: 0
Set Net Indication Callback called
Bus state is: 0
Set Net Indication Callback called
Bus state is: 0
Set Net Indication Callback called
Bus state is: 0
Set Net Indication Callback called
Bus state is: 0
Set Net Indication Callback called
Bus state is: 0
Set Net Indication Callback called
Bus state is: 0
Set Net Indication Callback called
Bus state is: 0
Set Net Indication Callback called
Bus state is: 0
Set Net Indication Callback called
Bus state is: 0
Set Net Indication Callback called
Bus state is: 0
Set Net Indication Callback called
Bus state is: 0
Set Net Indication Callback called
Bus state is: 0
Set Net Indication Callback called
Bus state is: 0
Set Net Indication Callback called
Bus state is: 0
Set Net Indication Callback called
Bus state is: 0
Set Net Indication Callback called
Bus state is: 0
Set Net Indication Callback called
Bus state is: 0
Set Net Indication Callback called
Bus state is: 0
Set Net Indication Callback called
Bus state is: 0
Set Net Indication Callback called
Bus state is: 0
Set Net Indication Callback called
Bus state is: 0
Set Net Indication Callback called
Bus state is: 0
Set Net Indication Callback called
Bus state is: 0
Set Net Indication Callback called
Bus state is: 0
Set Net Indication Callback called
Bus state is: 0
Set Net Indication Callback called
Bus state is: 0
Set Net Indication Callback called
Bus state is: 0
Set Net Indication Callback called
Bus state is: 0
Set Net Indication Callback called
Bus state is: 0
Set Net Indication Callback called
Bus state is: 0
Set Net Indication Callback called
Bus state is: 0
Set Net Indication Callback called
Bus state is: 0
Set Net Indication Callback called
Bus state is: 0
Set Net Indication Callback called
Bus state is: 0
Set Net Indication Callback called
Bus state is: 0
Set Net Indication Callback called
Bus state is: 0
Set Net Indication Callback called
Bus state is: 0
Set Net Indication Callback called
Bus state is: 0
Set Net Indication Callback called
Bus state is: 0
Set Net Indication Callback called
Bus state is: 0
Set Net Indication Callback called
Bus state is: 0
Set Net Indication Callback called
Bus state is: 0
Set Net Indication Callback called
Bus state is: 0
Set Net Indication Callback called
Bus state is: 0
Set Net Indication Callback called
Bus state is: 0
Set Net Indication Callback called
Bus state is: 0
Set Net Indication Callback called
Bus state is: 0
Set Net Indication Callback called
Bus state is: 0
Set Net Indication Callback called
Bus state is: 0
Set Net Indication Callback called
Bus state is: 0
Set Net Indication Callback called
Bus state is: 0
Set Net Indication Callback called
Bus state is: 0
Set Net Indication Callback called
Bus state is: 0
Set Net Indication Callback called
Bus state is: 0
Set Net Indication Callback called
Bus state is: 0
Set Net Indication Callback called
Bus state is: 0
Set Net Indication Callback called
Bus state is: 0
Set Net Indication Callback called
Bus state is: 0
Set Net Indication Callback called
Bus state is: 0
Set Net Indication Callback called
Bus state is: 0
Set Net Indication Callback called
Bus state is: 0
Set Net Indication Callback called
Bus state is: 0
Set Net Indication Callback called
Bus state is: 0
Set Net Indication Callback called
Bus state is: 0
Set Net Indication Callback called
Bus state is: 0
Set Net Indication Callback called
Bus state is: 0
Set Net Indication Callback called
Bus state is: 0
Set Net Indication Callback called
Bus state is: 0
Set Net Indication Callback called
Bus state is: 0
Set Net Indication Callback called
Bus state is: 0
Set Net Indication Callback called
Bus state is: 0
Set Net Indication Callback called
Bus state is: 0
Set Net Indication Callback called
Bus state is: 0
Set Net Indication Callback called
Bus state is: 0
Set Net Indication Callback called
Bus state is: 0
Set Net Indication Callback called
Bus state is: 0
Set Net Indication Callback called
Bus state is: 0
Set Net Indication Callback called
Bus state is: 0
Set Net Indication Callback called
Bus state is: 0
Set Net Indication Callback called
Bus state is: 0
Set Net Indication Callback called
Bus state is: 0
Set Net Indication Callback called
Bus state is: 0
Set Net Indication Callback called
Bus state is: 0
Set Net Indication Callback called
Bus state is: 0
Set Net Indication Callback called
Bus state is: 0
Set Net Indication Callback called
Bus state is: 0
Set Net Indication Callback called
Bus state is: 0
Set Net Indication Callback called
Bus state is: 0
Set Net Indication Callback called
Bus state is: 0
Set Net Indication Callback called
Bus state is: 0
Set Net Indication Callback called
Bus state is: 0
Set Net Indication Callback called
Bus state is: 0
Set Net Indication Callback called
Bus state is: 0
Set Net Indication Callback called
Bus state is: 0
Set Net Indication Callback called
Bus state is: 0
Set Net Indication Callback called
Bus state is: 0
Set Net Indication Callback called
Bus state is: 0
Set Net Indication Callback called
Bus state is: 0
Set Net Indication Callback called
Bus state is: 0
Set Net Indication Callback called
Bus state is: 0
Set Net Indication Callback called
Bus state is: 0
Set Net Indication Callback called
Bus state is: 0
Set Net Indication Callback called
Bus state is: 0
Set Net Indication Callback called
Bus state is: 0
Set Net Indication Callback called
Bus state is: 0
Set Net Indication Callback called
Bus state is: 0
Set Net Indication Callback called
Bus state is: 0
Set Net Indication Callback called
Bus state is: 0
Set Net Indication Callback called
Bus state is: 0
Set Net Indication Callback called
Bus state is: 0
Set Net Indication Callback called
Bus state is: 0
Set Net Indication Callback called
Bus state is: 0
Set Net Indication Callback called
Bus state is: 0
Set Net Indication Callback called
Bus state is: 0
Set Net Indication Callback called
Bus state is: 0
Set Net Indication Callback called
Bus state is: 0
Set Net Indication Callback called
Bus state is: 0
Set Net Indication Callback called
Bus state is: 0
Set Net Indication Callback called
Bus state is: 0
Set Net Indication Callback called
Bus state is: 0
Set Net Indication Callback called
Bus state is: 0
Set Net Indication Callback called
Bus state is: 0
Set Net Indication Callback called
Bus state is: 0
Set Net Indication Callback called
Bus state is: 0
Set Net Indication Callback called
Bus state is: 0
Set Net Indication Callback called
Bus state is: 0
Set Net Indication Callback called
Bus state is: 0
Set Net Indication Callback called
Bus state is: 0
Set Net Indication Callback called
Bus state is: 0
Set Net Indication Callback called
Bus state is: 0
Set Net Indication Callback called
Bus state is: 0
Set Net Indication Callback called
Bus state is: 0
Set Net Indication Callback called
Bus state is: 0
Set Net Indication Callback called
Bus state is: 0
Set Net Indication Callback called
Bus state is: 0
Set Net Indication Callback called
Bus state is: 0
Set Net Indication Callback called
Bus state is: 0
Set Net Indication Callback called
Bus state is: 0
Set Net Indication Callback called
Bus state is: 0
Set Net Indication Callback called
Bus state is: 0
Set Net Indication Callback called
Bus state is: 0
Set Net Indication Callback called
Bus state is: 0
Set Net Indication Callback called
Bus state is: 0
Set Net Indication Callback called
Bus state is: 0
Set Net Indication Callback called
Bus state is: 0
Set Net Indication Callback called
Bus state is: 0
Set Net Indication Callback called
Bus state is: 0
Set Net Indication Callback called
Bus state is: 0
Set Net Indication Callback called
Bus state is: 0
Set Net Indication Callback called
Bus state is: 0
Set Net Indication Callback called
Bus state is: 0
Set Net Indication Callback called
Bus state is: 0
Set Net Indication Callback called
Bus state is: 0
Set Net Indication Callback called
Bus state is: 0
Set Net Indication Callback called
Bus state is: 0
Set Net Indication Callback called
Bus state is: 0
Set Net Indication Callback called
Bus state is: 0
Set Net Indication Callback called
Bus state is: 0
Set Net Indication Callback called
Bus state is: 0
Set Net Indication Callback called
Bus state is: 0
Set Net Indication Callback called
Bus state is: 0
Set Net Indication Callback called
Bus state is: 0
Set Net Indication Callback called
Bus state is: 0
Set Net Indication Callback called
Bus state is: 0
Set Net Indication Callback called
Bus state is: 0
Set Net Indication Callback called
Bus state is: 0
Set Net Indication Callback called
Bus state is: 0
Set Net Indication Callback called
Bus state is: 0
Set Net Indication Callback called
Bus state is: 0
Set Net Indication Callback called
Bus state is: 0
Set Net Indication Callback called
Bus state is: 0
Set Net Indication Callback called
Bus state is: 0
Set Net Indication Callback called
Bus state is: 0
Set Net Indication Callback called
Bus state is: 0
Set Net Indication Callback called
Bus state is: 0
Set Net Indication Callback called
Bus state is: 0
Set Net Indication Callback called
Bus state is: 0
Set Net Indication Callback called
Bus state is: 0
Set Net Indication Callback called
Bus state is: 0
Set Net Indication Callback called
Bus state is: 0
Set Net Indication Callback called
Bus state is: 0
Set Net Indication Callback called
Bus state is: 0
Set Net Indication Callback called
Bus state is: 0
Set Net Indication Callback called
Bus state is: 0
Set Net Indication Callback called
Bus state is: 0
Set Net Indication Callback called
Bus state is: 0
Set Net Indication Callback called
Bus state is: 0
Set Net Indication Callback called
Bus state is: 0
Set Net Indication Callback called
Bus state is: 0
Set Net Indication Callback called
Bus state is: 0
Set Net Indication Callback called
Bus state is: 0
Set Net Indication Callback called
Bus state is: 0
Set Net Indication Callback called
Bus state is: 0
Set Net Indication Callback called
Bus state is: 0
Set Net Indication Callback called
Bus state is: 0
Set Net Indication Callback called
Bus state is: 0
Set Net Indication Callback called
Bus state is: 0
Set Net Indication Callback called
Bus state is: 0
Set Net Indication Callback called
Bus state is: 0
Set Net Indication Callback called
Bus state is: 0
Set Net Indication Callback called
Bus state is: 0
Set Net Indication Callback called
Bus state is: 0
Set Net Indication Callback called
Bus state is: 0
Set Net Indication Callback called
Bus state is: 0
Set Net Indication Callback called
Bus state is: 0
Set Net Indication Callback called
Bus state is: 0
Set Net Indication Callback called
Bus state is: 0
Set Net Indication Callback called
Bus state is: 0
Set Net Indication Callback called
Bus state is: 0
Set Net Indication Callback called
Bus state is: 0
Set Net Indication Callback called
Bus state is: 0
Set Net Indication Callback called
Bus state is: 0
Set Net Indication Callback called
Bus state is: 0
Set Net Indication Callback called
Bus state is: 0
Set Net Indication Callback called
Bus state is: 0
Set Net Indication Callback called
Bus state is: 0
Set Net Indication Callback called
Bus state is: 0
Set Net Indication Callback called
Bus state is: 0
Set Net Indication Callback called
Bus state is: 0
Set Net Indication Callback called
Bus state is: 0
Set Net Indication Callback called
Bus state is: 0
Set Net Indication Callback called
Bus state is: 0
Set Net Indication Callback called
Bus state is: 0
Set Net Indication Callback called
Bus state is: 0
Set Net Indication Callback called
Bus state is: 0
Set Net Indication Callback called
Bus state is: 0
Set Net Indication Callback called
Bus state is: 0
Set Net Indication Callback called
Bus state is: 0
Set Net Indication Callback called
Bus state is: 0
Set Net Indication Callback called
Bus state is: 0
Set Net Indication Callback called
Bus state is: 0
Set Net Indication Callback called
Bus state is: 0
Set Net Indication Callback called
Bus state is: 0
Set Net Indication Callback called
Bus state is: 0
Set Net Indication Callback called
Bus state is: 0
Set Net Indication Callback called
Bus state is: 0
Set Net Indication Callback called
Bus state is: 0
Set Net Indication Callback called
Bus state is: 0
Set Net Indication Callback called
Bus state is: 0
Set Net Indication Callback called
Bus state is: 0
Set Net Indication Callback called
Bus state is: 0
Set Net Indication Callback called
Bus state is: 0
Set Net Indication Callback called
Bus state is: 0
Set Net Indication Callback called
Bus state is: 0
Set Net Indication Callback called
Bus state is: 0
Set Net Indication Callback called
Bus state is: 0
Set Net Indication Callback called
Bus state is: 0
Set Net Indication Callback called
Bus state is: 0
Set Net Indication Callback called
Bus state is: 0
Set Net Indication Callback called
Bus state is: 0
Set Net Indication Callback called
Bus state is: 0
Set Net Indication Callback called
Bus state is: 0
Set Net Indication Callback called
Bus state is: 0
Set Net Indication Callback called
Bus state is: 0
Set Net Indication Callback called
Bus state is: 0
Set Net Indication Callback called
Bus state is: 0
Set Net Indication Callback called
Bus state is: 0
Set Net Indication Callback called
Bus state is: 0
Set Net Indication Callback called
Bus state is: 0
Set Net Indication Callback called
Bus state is: 0
Set Net Indication Callback called
Bus state is: 0
Set Net Indication Callback called
Bus state is: 0
Set Net Indication Callback called
Bus state is: 0
Set Net Indication Callback called
Bus state is: 0
Set Net Indication Callback called
Bus state is: 0
Set Net Indication Callback called
Bus state is: 0
Set Net Indication Callback called
Bus state is: 0
Set Net Indication Callback called
Bus state is: 0
Set Net Indication Callback called
Bus state is: 0
Set Net Indication Callback called
Bus state is: 0
Set Net Indication Callback called
Bus state is: 0
Set Net Indication Callback called
Bus state is: 0
Set Net Indication Callback called
Bus state is: 0
Set Net Indication Callback called
Bus state is: 0
Set Net Indication Callback called
Bus state is: 0
Set Net Indication Callback called
Bus state is: 0
Set Net Indication Callback called
Bus state is: 0
Set Net Indication Callback called
Bus state is: 0
Set Net Indication Callback called
Bus state is: 0
Set Net Indication Callback called
Bus state is: 0
Set Net Indication Callback called
Bus state is: 0
Set Net Indication Callback called
Bus state is: 0
Set Net Indication Callback called
Bus state is: 0
Set Net Indication Callback called
Bus state is: 0
Set Net Indication Callback called
Bus state is: 0
Set Net Indication Callback called
Bus state is: 0
Set Net Indication Callback called
Bus state is: 0
Set Net Indication Callback called
Bus state is: 0
Set Net Indication Callback called
Bus state is: 0
Set Net Indication Callback called
Bus state is: 0
Set Net Indication Callback called
Bus state is: 0
Set Net Indication Callback called
Bus state is: 0
Set Net Indication Callback called
Bus state is: 0
Set Net Indication Callback called
Bus state is: 0
Set Net Indication Callback called
Bus state is: 0
Set Net Indication Callback called
Bus state is: 0
Set Net Indication Callback called
Bus state is: 0
Set Net Indication Callback called
Bus state is: 0
Set Net Indication Callback called
Bus state is: 0
Set Net Indication Callback called
Bus state is: 0
Set Net Indication Callback called
Bus state is: 0
Set Net Indication Callback called
Bus state is: 0
Set Net Indication Callback called
Bus state is: 0
Set Net Indication Callback called
Bus state is: 0
Set Net Indication Callback called
Bus state is: 0
Set Net Indication Callback called
Bus state is: 0
Set Net Indication Callback called
Bus state is: 0
Set Net Indication Callback called
Bus state is: 0
Set Net Indication Callback called
Bus state is: 0
Set Net Indication Callback called
Bus state is: 0
Set Net Indication Callback called
Bus state is: 0
Set Net Indication Callback called
Bus state is: 0
Set Net Indication Callback called
Bus state is: 0
Set Net Indication Callback called
Bus state is: 0
Set Net Indication Callback called
Bus state is: 0
Set Net Indication Callback called
Bus state is: 0
Set Net Indication Callback called
Bus state is: 0
Set Net Indication Callback called
Bus state is: 0
Set Net Indication Callback called
Bus state is: 0
Set Net Indication Callback called
Bus state is: 0
Set Net Indication Callback called
Bus state is: 0
Set Net Indication Callback called
Bus state is: 0
Set Net Indication Callback called
Bus state is: 0
Set Net Indication Callback called
Bus state is: 0
Set Net Indication Callback called
Bus state is: 0
Set Net Indication Callback called
Bus state is: 0
Set Net Indication Callback called
Bus state is: 0
Set Net Indication Callback called
Bus state is: 0
Set Net Indication Callback called
Bus state is: 0
Set Net Indication Callback called
Bus state is: 0
Set Net Indication Callback called
Bus state is: 0
Set Net Indication Callback called
Bus state is: 0
Set Net Indication Callback called
Bus state is: 0
Set Net Indication Callback called
Bus state is: 0
Set Net Indication Callback called
Bus state is: 0
Set Net Indication Callback called
Bus state is: 0
Set Net Indication Callback called
Bus state is: 0
Set Net Indication Callback called
Bus state is: 0
Set Net Indication Callback called
Bus state is: 0
Set Net Indication Callback called
Bus state is: 0
Set Net Indication Callback called
Bus state is: 0
Set Net Indication Callback called
Bus state is: 0
Set Net Indication Callback called
Bus state is: 0
Set Net Indication Callback called
Bus state is: 0
Set Net Indication Callback called
Bus state is: 0
Set Net Indication Callback called
Bus state is: 0
Set Net Indication Callback called
Bus state is: 0
Set Net Indication Callback called
Bus state is: 0
Set Net Indication Callback called
Bus state is: 0
Set Net Indication Callback called
Bus state is: 0
Set Net Indication Callback called
Bus state is: 0
Set Net Indication Callback called
Bus state is: 0
Set Net Indication Callback called
Bus state is: 0
Set Net Indication Callback called
Bus state is: 0
Set Net Indication Callback called
Bus state is: 0
Set Net Indication Callback called
Bus state is: 0
Set Net Indication Callback called
Bus state is: 0
Set Net Indication Callback called
Bus state is: 0
Set Net Indication Callback called
Bus state is: 0
Set Net Indication Callback called
Bus state is: 0
Set Net Indication Callback called
Bus state is: 0
Set Net Indication Callback called
Bus state is: 0
Set Net Indication Callback called
Bus state is: 0
Set Net Indication Callback called
Bus state is: 0
Set Net Indication Callback called
Bus state is: 0
Set Net Indication Callback called
Bus state is: 0
Set Net Indication Callback called
Bus state is: 0
Set Net Indication Callback called
Bus state is: 0
Set Net Indication Callback called
Bus state is: 0
Set Net Indication Callback called
Bus state is: 0
Set Net Indication Callback called
Bus state is: 0
Set Net Indication Callback called
Bus state is: 0
Set Net Indication Callback called
Bus state is: 0
Set Net Indication Callback called
Bus state is: 0
Set Net Indication Callback called
Bus state is: 0
Set Net Indication Callback called
Bus state is: 0
Set Net Indication Callback called
Bus state is: 0
Set Net Indication Callback called
Bus state is: 0
Set Net Indication Callback called
Bus state is: 0
Set Net Indication Callback called
Bus state is: 0
Set Net Indication Callback called
Bus state is: 0
Set Net Indication Callback called
Bus state is: 0
Set Net Indication Callback called
Bus state is: 0
Set Net Indication Callback called
Bus state is: 0
Set Net Indication Callback called
Bus state is: 0
Set Net Indication Callback called
Bus state is: 0
Set Net Indication Callback called
Bus state is: 0
Set Net Indication Callback called
Bus state is: 0
Set Net Indication Callback called
Bus state is: 0
Set Net Indication Callback called
Bus state is: 0
Set Net Indication Callback called
Bus state is: 0
Set Net Indication Callback called
Bus state is: 0
Set Net Indication Callback called
Bus state is: 0
Set Net Indication Callback called
Bus state is: 0
Set Net Indication Callback called
Bus state is: 0
Set Net Indication Callback called
Bus state is: 0
Set Net Indication Callback called
Bus state is: 0
Set Net Indication Callback called
Bus state is: 0
Set Net Indication Callback called
Bus state is: 0
Set Net Indication Callback called
Bus state is: 0
Set Net Indication Callback called
Bus state is: 0
Set Net Indication Callback called
Bus state is: 0
Set Net Indication Callback called
Bus state is: 0
Set Net Indication Callback called
Bus state is: 0
Set Net Indication Callback called
Bus state is: 0
Set Net Indication Callback called
Bus state is: 0
Set Net Indication Callback called
Bus state is: 0
Set Net Indication Callback called
Bus state is: 0
Set Net Indication Callback called
Bus state is: 0
Set Net Indication Callback called
Bus state is: 0
Set Net Indication Callback called
Bus state is: 0
Set Net Indication Callback called
Bus state is: 0
Set Net Indication Callback called
Bus state is: 0
Set Net Indication Callback called
Bus state is: 0
Set Net Indication Callback called
Bus state is: 0
Set Net Indication Callback called
Bus state is: 0
Set Net Indication Callback called
Bus state is: 0
Set Net Indication Callback called
Bus state is: 0
Set Net Indication Callback called
Bus state is: 0
Set Net Indication Callback called
Bus state is: 0
Set Net Indication Callback called
Bus state is: 0
Set Net Indication Callback called
Bus state is: 0
Set Net Indication Callback called
Bus state is: 0
Set Net Indication Callback called
Bus state is: 0
Set Net Indication Callback called
Bus state is: 0
Set Net Indication Callback called
Bus state is: 0
Set Net Indication Callback called
Bus state is: 0
Set Net Indication Callback called
Bus state is: 0
Set Net Indication Callback called
Bus state is: 0
Set Net Indication Callback called
Bus state is: 0
Set Net Indication Callback called
Bus state is: 0
Set Net Indication Callback called
Bus state is: 0
Set Net Indication Callback called
Bus state is: 0
Set Net Indication Callback called
Bus state is: 0
Set Net Indication Callback called
Bus state is: 0
Set Net Indication Callback called
Bus state is: 0
Set Net Indication Callback called
Bus state is: 0
Set Net Indication Callback called
Bus state is: 0
Set Net Indication Callback called
Bus state is: 0
Set Net Indication Callback called
Bus state is: 0
Set Net Indication Callback called
Bus state is: 0
Set Net Indication Callback called
Bus state is: 0
Set Net Indication Callback called
Bus state is: 0
Set Net Indication Callback called
Bus state is: 0
Set Net Indication Callback called
Bus state is: 0
Set Net Indication Callback called
Bus state is: 0
Set Net Indication Callback called
Bus state is: 0
Set Net Indication Callback called
Bus state is: 0
Set Net Indication Callback called
Bus state is: 0
Set Net Indication Callback called
Bus state is: 0
Set Net Indication Callback called
Bus state is: 0
Set Net Indication Callback called
Bus state is: 0
Set Net Indication Callback called
Bus state is: 0
Set Net Indication Callback called
Bus state is: 0
Set Net Indication Callback called
Bus state is: 0
Set Net Indication Callback called
Bus state is: 0
Set Net Indication Callback called
Bus state is: 0
Set Net Indication Callback called
Bus state is: 0
Set Net Indication Callback called
Bus state is: 0
Set Net Indication Callback called
Bus state is: 0
Set Net Indication Callback called
Bus state is: 0
Set Net Indication Callback called
Bus state is: 0
Set Net Indication Callback called
Bus state is: 0
Set Net Indication Callback called
Bus state is: 0
Set Net Indication Callback called
Bus state is: 0
Set Net Indication Callback called
Bus state is: 0
Set Net Indication Callback called
Bus state is: 0
Set Net Indication Callback called
Bus state is: 0
Set Net Indication Callback called
Bus state is: 0
Set Net Indication Callback called
Bus state is: 0
Set Net Indication Callback called
Bus state is: 0
Set Net Indication Callback called
Bus state is: 0
Set Net Indication Callback called
Bus state is: 0
Set Net Indication Callback called
Bus state is: 0
Set Net Indication Callback called
Bus state is: 0
Set Net Indication Callback called
Bus state is: 0
Set Net Indication Callback called
Bus state is: 0
Set Net Indication Callback called
Bus state is: 0
Set Net Indication Callback called
Bus state is: 0
Set Net Indication Callback called
Bus state is: 0
Set Net Indication Callback called
Bus state is: 0
Set Net Indication Callback called
Bus state is: 0
Set Net Indication Callback called
Bus state is: 0
Set Net Indication Callback called
Bus state is: 0
Set Net Indication Callback called
Bus state is: 0
Set Net Indication Callback called
Bus state is: 0
Set Net Indication Callback called
Bus state is: 0
Set Net Indication Callback called
Bus state is: 0
Set Net Indication Callback called
Bus state is: 0
Set Net Indication Callback called
Bus state is: 0
Set Net Indication Callback called
Bus state is: 0
Set Net Indication Callback called
Bus state is: 0
Set Net Indication Callback called
Bus state is: 0
Set Net Indication Callback called
Bus state is: 0
Set Net Indication Callback called
Bus state is: 0
Set Net Indication Callback called
Bus state is: 0
Set Net Indication Callback called
Bus state is: 0
Set Net Indication Callback called
Bus state is: 0
Set Net Indication Callback called
Bus state is: 0
Set Net Indication Callback called
Bus state is: 0
Set Net Indication Callback called
Bus state is: 0
Set Net Indication Callback called
Bus state is: 0
Set Net Indication Callback called
Bus state is: 0
Set Net Indication Callback called
Bus state is: 0
Set Net Indication Callback called
Bus state is: 0
Set Net Indication Callback called
Bus state is: 0
Set Net Indication Callback called
Bus state is: 0
Set Net Indication Callback called
Bus state is: 0
Set Net Indication Callback called
Bus state is: 0
Set Net Indication Callback called
Bus state is: 0
Set Net Indication Callback called
Bus state is: 0
Set Net Indication Callback called
Bus state is: 0
Set Net Indication Callback called
Bus state is: 0
Set Net Indication Callback called
Bus state is: 0
Set Net Indication Callback called
Bus state is: 0
Set Net Indication Callback called
Bus state is: 0
Set Net Indication Callback called
Bus state is: 0
Set Net Indication Callback called
Bus state is: 0
Set Net Indication Callback called
Bus state is: 0
Set Net Indication Callback called
Bus state is: 0
Set Net Indication Callback called
Bus state is: 0
Set Net Indication Callback called
Bus state is: 0
Set Net Indication Callback called
Bus state is: 0
Set Net Indication Callback called
Bus state is: 0
Set Net Indication Callback called
Bus state is: 0
Set Net Indication Callback called
Bus state is: 0
Set Net Indication Callback called
Bus state is: 0
Set Net Indication Callback called
Bus state is: 0
Set Net Indication Callback called
Bus state is: 0
Set Net Indication Callback called
Bus state is: 0
Set Net Indication Callback called
Bus state is: 0
Set Net Indication Callback called
Bus state is: 0
Set Net Indication Callback called
Bus state is: 0
Set Net Indication Callback called
Bus state is: 0
Set Net Indication Callback called
Bus state is: 0
Set Net Indication Callback called
Bus state is: 0
Set Net Indication Callback called
Bus state is: 0
Set Net Indication Callback called
Bus state is: 0
Set Net Indication Callback called
Bus state is: 0
Set Net Indication Callback called
Bus state is: 0
Set Net Indication Callback called
Bus state is: 0
Set Net Indication Callback called
Bus state is: 0
Set Net Indication Callback called
Bus state is: 0
Set Net Indication Callback called
Bus state is: 0
Set Net Indication Callback called
Bus state is: 0
Set Net Indication Callback called
Bus state is: 0
Set Net Indication Callback called
Bus state is: 0
Set Net Indication Callback called
Bus state is: 0
Set Net Indication Callback called
Bus state is: 0
Set Net Indication Callback called
Bus state is: 0
Set Net Indication Callback called
Bus state is: 0
Set Net Indication Callback called
Bus state is: 0
Set Net Indication Callback called
Bus state is: 0
Set Net Indication Callback called
Bus state is: 0
Set Net Indication Callback called
Bus state is: 0
Set Net Indication Callback called
Bus state is: 0
Set Net Indication Callback called
Bus state is: 0
Set Net Indication Callback called
Bus state is: 0
Set Net Indication Callback called
Bus state is: 0
Set Net Indication Callback called
Bus state is: 0
Set Net Indication Callback called
Bus state is: 0
Set Net Indication Callback called
Bus state is: 0
Set Net Indication Callback called
Bus state is: 0
Set Net Indication Callback called
Bus state is: 0
Set Net Indication Callback called
Bus state is: 0
Set Net Indication Callback called
Bus state is: 0
Set Net Indication Callback called
Bus state is: 0
Set Net Indication Callback called
Bus state is: 0
Set Net Indication Callback called
Bus state is: 0
Set Net Indication Callback called
Bus state is: 0
Set Net Indication Callback called
Bus state is: 0
Set Net Indication Callback called
Bus state is: 0
Set Net Indication Callback called
Bus state is: 0
Set Net Indication Callback called
Bus state is: 0
Set Net Indication Callback called
Bus state is: 0
Set Net Indication Callback called
Bus state is: 0
Set Net Indication Callback called
Bus state is: 0
Set Net Indication Callback called
Bus state is: 0
Set Net Indication Callback called
Bus state is: 0
Set Net Indication Callback called
Bus state is: 0
Set Net Indication Callback called
Bus state is: 0
Set Net Indication Callback called
Bus state is: 0
Set Net Indication Callback called
Bus state is: 0
Set Net Indication Callback called
Bus state is: 0
Set Net Indication Callback called
Bus state is: 0
Set Net Indication Callback called
Bus state is: 0
Set Net Indication Callback called
Bus state is: 0
Set Net Indication Callback called
Bus state is: 0
Set Net Indication Callback called
Bus state is: 0
Set Net Indication Callback called
Bus state is: 0
Set Net Indication Callback called
Bus state is: 0
Set Net Indication Callback called
Bus state is: 0
Set Net Indication Callback called
Bus state is: 0
Set Net Indication Callback called
Bus state is: 0
Set Net Indication Callback called
Bus state is: 0
Set Net Indication Callback called
Bus state is: 0
Set Net Indication Callback called
Bus state is: 0
Set Net Indication Callback called
Bus state is: 0
Set Net Indication Callback called
Bus state is: 0
Set Net Indication Callback called
Bus state is: 0
Set Net Indication Callback called
Bus state is: 0
Set Net Indication Callback called
Bus state is: 0
Set Net Indication Callback called
Bus state is: 0
Set Net Indication Callback called
Bus state is: 0
Set Net Indication Callback called
Bus state is: 0
Set Net Indication Callback called
Bus state is: 0
Set Net Indication Callback called
Bus state is: 0
Set Net Indication Callback called
Bus state is: 0
Set Net Indication Callback called
Bus state is: 0
Set Net Indication Callback called
Bus state is: 0
Set Net Indication Callback called
Bus state is: 0
Set Net Indication Callback called
Bus state is: 0
Set Net Indication Callback called
Bus state is: 0
Set Net Indication Callback called
Bus state is: 0
Set Net Indication Callback called
Bus state is: 0
Set Net Indication Callback called
Bus state is: 0
Set Net Indication Callback called
Bus state is: 0
Set Net Indication Callback called
Bus state is: 0
Set Net Indication Callback called
Bus state is: 0
Set Net Indication Callback called
Bus state is: 0
Set Net Indication Callback called
Bus state is: 0
Set Net Indication Callback called
Bus state is: 0
Set Net Indication Callback called
Bus state is: 0
Set Net Indication Callback called
Bus state is: 0
Set Net Indication Callback called
Bus state is: 0
Set Net Indication Callback called
Bus state is: 0
Set Net Indication Callback called
Bus state is: 0
Set Net Indication Callback called
Bus state is: 0
Set Net Indication Callback called
Bus state is: 0
Set Net Indication Callback called
Bus state is: 0
Set Net Indication Callback called
Bus state is: 0
Set Net Indication Callback called
Bus state is: 0
Set Net Indication Callback called
Bus state is: 0
Set Net Indication Callback called
Bus state is: 0
Set Net Indication Callback called
Bus state is: 0
Set Net Indication Callback called
Bus state is: 0
Set Net Indication Callback called
Bus state is: 0
Set Net Indication Callback called
Bus state is: 0
Set Net Indication Callback called
Bus state is: 0
Set Net Indication Callback called
Bus state is: 0
Set Net Indication Callback called
Bus state is: 0
Set Net Indication Callback called
Bus state is: 0
Set Net Indication Callback called
Bus state is: 0
Set Net Indication Callback called
Bus state is: 0
Set Net Indication Callback called
Bus state is: 0
Set Net Indication Callback called
Bus state is: 0
Set Net Indication Callback called
Bus state is: 0
Set Net Indication Callback called
Bus state is: 0
Set Net Indication Callback called
Bus state is: 0
Set Net Indication Callback called
Bus state is: 0
Set Net Indication Callback called
Bus state is: 0
Set Net Indication Callback called
Bus state is: 0
Set Net Indication Callback called
Bus state is: 0
Set Net Indication Callback called
Bus state is: 0
Set Net Indication Callback called
Bus state is: 0
Set Net Indication Callback called
Bus state is: 0
Set Net Indication Callback called
Bus state is: 0
Set Net Indication Callback called
Bus state is: 0
Set Net Indication Callback called
Bus state is: 0
Set Net Indication Callback called
Bus state is: 0
Set Net Indication Callback called
Bus state is: 0
Set Net Indication Callback called
Bus state is: 0
Set Net Indication Callback called
Bus state is: 0
Set Net Indication Callback called
Bus state is: 0
Set Net Indication Callback called
Bus state is: 0
Set Net Indication Callback called
Bus state is: 0
Set Net Indication Callback called
Bus state is: 0
Set Net Indication Callback called
Bus state is: 0
Set Net Indication Callback called
Bus state is: 0
Set Net Indication Callback called
Bus state is: 0
Set Net Indication Callback called
Bus state is: 0
Set Net Indication Callback called
Bus state is: 0
Set Net Indication Callback called
Bus state is: 0
Set Net Indication Callback called
Bus state is: 0
Set Net Indication Callback called
Bus state is: 0
Set Net Indication Callback called
Bus state is: 0
Set Net Indication Callback called
Bus state is: 0
Set Net Indication Callback called
Bus state is: 0
Set Net Indication Callback called
Bus state is: 0
Set Net Indication Callback called
Bus state is: 0
Set Net Indication Callback called
Bus state is: 0
Set Net Indication Callback called
Bus state is: 0
Set Net Indication Callback called
Bus state is: 0
Set Net Indication Callback called
Bus state is: 0
Set Net Indication Callback called
Bus state is: 0
Set Net Indication Callback called
Bus state is: 0
Set Net Indication Callback called
Bus state is: 0
Set Net Indication Callback called
Bus state is: 0
Set Net Indication Callback called
Bus state is: 0
Set Net Indication Callback called
Bus state is: 0
Set Net Indication Callback called
Bus state is: 0
Set Net Indication Callback called
Bus state is: 0
Set Net Indication Callback called
Bus state is: 0
Set Net Indication Callback called
Bus state is: 0
Set Net Indication Callback called
Bus state is: 0
Set Net Indication Callback called
Bus state is: 0
Set Net Indication Callback called
Bus state is: 0
Set Net Indication Callback called
Bus state is: 0
Set Net Indication Callback called
Bus state is: 0
Set Net Indication Callback called
Bus state is: 0
Set Net Indication Callback called
Bus state is: 0
Set Net Indication Callback called
Bus state is: 0
Set Net Indication Callback called
Bus state is: 0
Set Net Indication Callback called
Bus state is: 0
Set Net Indication Callback called
Bus state is: 0
Set Net Indication Callback called
Bus state is: 0
Set Net Indication Callback called
Bus state is: 0
Set Net Indication Callback called
Bus state is: 0
Set Net Indication Callback called
Bus state is: 0
Set Net Indication Callback called
Bus state is: 0
Set Net Indication Callback called
Bus state is: 0
Set Net Indication Callback called
Bus state is: 0
Set Net Indication Callback called
Bus state is: 0
Set Net Indication Callback called
Bus state is: 0
Set Net Indication Callback called
Bus state is: 0
Set Net Indication Callback called
Bus state is: 0
Set Net Indication Callback called
Bus state is: 0
Set Net Indication Callback called
Bus state is: 0
Set Net Indication Callback called
Bus state is: 0
Set Net Indication Callback called
Bus state is: 0
Set Net Indication Callback called
Bus state is: 0
Set Net Indication Callback called
Bus state is: 0
Set Net Indication Callback called
Bus state is: 0
Set Net Indication Callback called
Bus state is: 0
Set Net Indication Callback called
Bus state is: 0
Set Net Indication Callback called
Bus state is: 0
Set Net Indication Callback called
Bus state is: 0
Set Net Indication Callback called
Bus state is: 0
Set Net Indication Callback called
Bus state is: 0
Set Net Indication Callback called
Bus state is: 0
Set Net Indication Callback called
Bus state is: 0
Set Net Indication Callback called
Bus state is: 0
Set Net Indication Callback called
Bus state is: 0
Set Net Indication Callback called
Bus state is: 0
Set Net Indication Callback called
Bus state is: 0
Set Net Indication Callback called
Bus state is: 0
Set Net Indication Callback called
Bus state is: 0
Set Net Indication Callback called
Bus state is: 0
Set Net Indication Callback called
Bus state is: 0
Set Net Indication Callback called
Bus state is: 0
Set Net Indication Callback called
Bus state is: 0
Set Net Indication Callback called
Bus state is: 0
Set Net Indication Callback called
Bus state is: 0
Set Net Indication Callback called
Bus state is: 0
Set Net Indication Callback called
Bus state is: 0
Set Net Indication Callback called
Bus state is: 0
Set Net Indication Callback called
Bus state is: 0
Set Net Indication Callback called
Bus state is: 0
Set Net Indication Callback called
Bus state is: 0
Set Net Indication Callback called
Bus state is: 0
Set Net Indication Callback called
Bus state is: 0
Set Net Indication Callback called
Bus state is: 0
Set Net Indication Callback called
Bus state is: 0
Set Net Indication Callback called
Bus state is: 0
Set Net Indication Callback called
Bus state is: 0
Set Net Indication Callback called
Bus state is: 0
Set Net Indication Callback called
Bus state is: 0
Set Net Indication Callback called
Bus state is: 0
Set Net Indication Callback called
Bus state is: 0
Set Net Indication Callback called
Bus state is: 0
Set Net Indication Callback called
Bus state is: 0
Set Net Indication Callback called
Bus state is: 0
Set Net Indication Callback called
Bus state is: 0
Set Net Indication Callback called
Bus state is: 0
Set Net Indication Callback called
Bus state is: 0
Set Net Indication Callback called
Bus state is: 0
Set Net Indication Callback called
Bus state is: 0
Set Net Indication Callback called
Bus state is: 0
Set Net Indication Callback called
Bus state is: 0
Set Net Indication Callback called
Bus state is: 0
Set Net Indication Callback called
Bus state is: 0
Set Net Indication Callback called
Bus state is: 0
Set Net Indication Callback called
Bus state is: 0
Set Net Indication Callback called
Bus state is: 0
Set Net Indication Callback called
Bus state is: 0
Set Net Indication Callback called
Bus state is: 0
Set Net Indication Callback called
Bus state is: 0
Set Net Indication Callback called
Bus state is: 0
Set Net Indication Callback called
Bus state is: 0
Set Net Indication Callback called
Bus state is: 0
Set Net Indication Callback called
Bus state is: 0
Set Net Indication Callback called
Bus state is: 0
Set Net Indication Callback called
Bus state is: 0
Set Net Indication Callback called
Bus state is: 0
Set Net Indication Callback called
Bus state is: 0
Set Net Indication Callback called
Bus state is: 0
Set Net Indication Callback called
Bus state is: 0
Set Net Indication Callback called
Bus state is: 0
Set Net Indication Callback called
Bus state is: 0
Set Net Indication Callback called
Bus state is: 0
Set Net Indication Callback called
Bus state is: 0
Set Net Indication Callback called
Bus state is: 0
Set Net Indication Callback called
Bus state is: 0
Set Net Indication Callback called
Bus state is: 0
Set Net Indication Callback called
Bus state is: 0
Set Net Indication Callback called
Bus state is: 0
Set Net Indication Callback called
Bus state is: 0
Set Net Indication Callback called
Bus state is: 0
Set Net Indication Callback called
Bus state is: 0
Set Net Indication Callback called
Bus state is: 0
Set Net Indication Callback called
Bus state is: 0
Set Net Indication Callback called
Bus state is: 0
Set Net Indication Callback called
Bus state is: 0
Set Net Indication Callback called
Bus state is: 0
Set Net Indication Callback called
Bus state is: 0
Set Net Indication Callback called
Bus state is: 0
Set Net Indication Callback called
Bus state is: 0
Set Net Indication Callback called
Bus state is: 0
Set Net Indication Callback called
Bus state is: 0
Set Net Indication Callback called
Bus state is: 0
Set Net Indication Callback called
Bus state is: 0
Set Net Indication Callback called
Bus state is: 0
Set Net Indication Callback called
Bus state is: 0
Set Net Indication Callback called
Bus state is: 0
Set Net Indication Callback called
Bus state is: 0
Set Net Indication Callback called
Bus state is: 0
Set Net Indication Callback called
Bus state is: 0
Set Net Indication Callback called
Bus state is: 0
Set Net Indication Callback called
Bus state is: 0
Set Net Indication Callback called
Bus state is: 0
Set Net Indication Callback called
Bus state is: 0
Set Net Indication Callback called
Bus state is: 0
Set Net Indication Callback called
Bus state is: 0
Set Net Indication Callback called
Bus state is: 0
Set Net Indication Callback called
Bus state is: 0
Set Net Indication Callback called
Bus state is: 0
Set Net Indication Callback called
Bus state is: 0
Set Net Indication Callback called
Bus state is: 0
Set Net Indication Callback called
Bus state is: 0
Set Net Indication Callback called
Bus state is: 0
Set Net Indication Callback called
Bus state is: 0
Set Net Indication Callback called
Bus state is: 0
Set Net Indication Callback called
Bus state is: 0
Set Net Indication Callback called
Bus state is: 0
Set Net Indication Callback called
Bus state is: 0
Set Net Indication Callback called
Bus state is: 0
Set Net Indication Callback called
Bus state is: 0
Set Net Indication Callback called
Bus state is: 0
Set Net Indication Callback called
Bus state is: 0
Set Net Indication Callback called
Bus state is: 0
Set Net Indication Callback called
Bus state is: 0
Set Net Indication Callback called
Bus state is: 0
Set Net Indication Callback called
Bus state is: 0
Set Net Indication Callback called
Bus state is: 0
Set Net Indication Callback called
Bus state is: 0
Set Net Indication Callback called
Bus state is: 0
Set Net Indication Callback called
Bus state is: 0
Set Net Indication Callback called
Bus state is: 0
Set Net Indication Callback called
Bus state is: 0
Set Net Indication Callback called
Bus state is: 0
Set Net Indication Callback called
Bus state is: 0
Set Net Indication Callback called
Bus state is: 0
Set Net Indication Callback called
Bus state is: 0
Set Net Indication Callback called
Bus state is: 0
Set Net Indication Callback called
Bus state is: 0
Set Net Indication Callback called
Bus state is: 0
Set Net Indication Callback called
Bus state is: 0
Set Net Indication Callback called
Bus state is: 0
Set Net Indication Callback called
Bus state is: 0
Set Net Indication Callback called
Bus state is: 0
Set Net Indication Callback called
Bus state is: 0
Set Net Indication Callback called
Bus state is: 0
Set Net Indication Callback called
Bus state is: 0
Set Net Indication Callback called
Bus state is: 0
Set Net Indication Callback called
Bus state is: 0
Set Net Indication Callback called
Bus state is: 0
Set Net Indication Callback called
Bus state is: 0
Set Net Indication Callback called
Bus state is: 0
Set Net Indication Callback called
Bus state is: 0
Set Net Indication Callback called
Bus state is: 0
Set Net Indication Callback called
Bus state is: 0
Set Net Indication Callback called
Bus state is: 0
Set Net Indication Callback called
Bus state is: 0
Set Net Indication Callback called
Bus state is: 0
Set Net Indication Callback called
Bus state is: 0
Set Net Indication Callback called
Bus state is: 0
Set Net Indication Callback called
Bus state is: 0
Set Net Indication Callback called
Bus state is: 0
Set Net Indication Callback called
Bus state is: 0
Set Net Indication Callback called
Bus state is: 0
Set Net Indication Callback called
Bus state is: 0
Set Net Indication Callback called
Bus state is: 0
Set Net Indication Callback called
Bus state is: 0
Set Net Indication Callback called
Bus state is: 0
Set Net Indication Callback called
Bus state is: 0
Set Net Indication Callback called
Bus state is: 0
Set Net Indication Callback called
Bus state is: 0
Set Net Indication Callback called
Bus state is: 0
Set Net Indication Callback called
Bus state is: 0
Set Net Indication Callback called
Bus state is: 0
Set Net Indication Callback called
Bus state is: 0
Set Net Indication Callback called
Bus state is: 0
Set Net Indication Callback called
Bus state is: 0
Set Net Indication Callback called
Bus state is: 0
Set Net Indication Callback called
Bus state is: 0
Set Net Indication Callback called
Bus state is: 0
Set Net Indication Callback called
Bus state is: 0
Set Net Indication Callback called
Bus state is: 0
Set Net Indication Callback called
Bus state is: 0
Set Net Indication Callback called
Bus state is: 0
Set Net Indication Callback called
Bus state is: 0
Set Net Indication Callback called
Bus state is: 0
Set Net Indication Callback called
Bus state is: 0
Set Net Indication Callback called
Bus state is: 0
Set Net Indication Callback called
Bus state is: 0
Set Net Indication Callback called
Bus state is: 0
Set Net Indication Callback called
Bus state is: 0
Set Net Indication Callback called
Bus state is: 0
Set Net Indication Callback called
Bus state is: 0
Set Net Indication Callback called
Bus state is: 0
Set Net Indication Callback called
Bus state is: 0
Set Net Indication Callback called
Bus state is: 0
Set Net Indication Callback called
Bus state is: 0
Set Net Indication Callback called
Bus state is: 0
Set Net Indication Callback called
Bus state is: 0
Set Net Indication Callback called
Bus state is: 0
Set Net Indication Callback called
Bus state is: 0
Set Net Indication Callback called
Bus state is: 0
Set Net Indication Callback called
Bus state is: 0
Set Net Indication Callback called
Bus state is: 0
Set Net Indication Callback called
Bus state is: 0
Set Net Indication Callback called
Bus state is: 0
Set Net Indication Callback called
Bus state is: 0
Set Net Indication Callback called
Bus state is: 0
Set Net Indication Callback called
Bus state is: 0
Set Net Indication Callback called
Bus state is: 0
Set Net Indication Callback called
Bus state is: 0
Set Net Indication Callback called
Bus state is: 0
Set Net Indication Callback called
Bus state is: 0
Set Net Indication Callback called
Bus state is: 0
Set Net Indication Callback called
Bus state is: 0
Set Net Indication Callback called
Bus state is: 0
Set Net Indication Callback called
Bus state is: 0
Set Net Indication Callback called
Bus state is: 0
Set Net Indication Callback called
Bus state is: 0
Set Net Indication Callback called
Bus state is: 0
Set Net Indication Callback called
Bus state is: 0
Set Net Indication Callback called
Bus state is: 0
Set Net Indication Callback called
Bus state is: 0
Set Net Indication Callback called
Bus state is: 0
Set Net Indication Callback called
Bus state is: 0
Set Net Indication Callback called
Bus state is: 0
Set Net Indication Callback called
Bus state is: 0
Set Net Indication Callback called
Bus state is: 0
Set Net Indication Callback called
Bus state is: 0
Set Net Indication Callback called
Bus state is: 0
Set Net Indication Callback called
Bus state is: 0
Set Net Indication Callback called
Bus state is: 0
Set Net Indication Callback called
Bus state is: 0
Set Net Indication Callback called
Bus state is: 0
Set Net Indication Callback called
Bus state is: 0
Set Net Indication Callback called
Bus state is: 0
Set Net Indication Callback called
Bus state is: 0
Set Net Indication Callback called
Bus state is: 0
Set Net Indication Callback called
Bus state is: 0
Set Net Indication Callback called
Bus state is: 0
Set Net Indication Callback called
Bus state is: 0
Set Net Indication Callback called
Bus state is: 0
Set Net Indication Callback called
Bus state is: 0
Set Net Indication Callback called
Bus state is: 0
Set Net Indication Callback called
Bus state is: 0
Set Net Indication Callback called
Bus state is: 0
Set Net Indication Callback called
Bus state is: 0
Set Net Indication Callback called
Bus state is: 0
Set Net Indication Callback called
Bus state is: 0
Set Net Indication Callback called
Bus state is: 0
Set Net Indication Callback called
Bus state is: 0
Set Net Indication Callback called
Bus state is: 0
Set Net Indication Callback called
Bus state is: 0
Set Net Indication Callback called
Bus state is: 0
Set Net Indication Callback called
Bus state is: 0
Set Net Indication Callback called
Bus state is: 0
Set Net Indication Callback called
Bus state is: 0
Set Net Indication Callback called
Bus state is: 0
Set Net Indication Callback called
Bus state is: 0
Set Net Indication Callback called
Bus state is: 0
Set Net Indication Callback called
Bus state is: 0
Set Net Indication Callback called
Bus state is: 0
Set Net Indication Callback called
Bus state is: 0
Set Net Indication Callback called
Bus state is: 0
Set Net Indication Callback called
Bus state is: 0
Set Net Indication Callback called
Bus state is: 0
Set Net Indication Callback called
Bus state is: 0
Set Net Indication Callback called
Bus state is: 0
Set Net Indication Callback called
Bus state is: 0
Set Net Indication Callback called
Bus state is: 0
Set Net Indication Callback called
Bus state is: 0
Set Net Indication Callback called
Bus state is: 0
Set Net Indication Callback called
Bus state is: 0
Set Net Indication Callback called
Bus state is: 0
Set Net Indication Callback called
Bus state is: 0
Set Net Indication Callback called
Bus state is: 0
Set Net Indication Callback called
Bus state is: 0
Set Net Indication Callback called
Bus state is: 0
Set Net Indication Callback called
Bus state is: 0
Set Net Indication Callback called
Bus state is: 0
Set Net Indication Callback called
Bus state is: 0
Set Net Indication Callback called
Bus state is: 0
Set Net Indication Callback called
Bus state is: 0
Set Net Indication Callback called
Bus state is: 0
Set Net Indication Callback called
Bus state is: 0
Set Net Indication Callback called
Bus state is: 0
Set Net Indication Callback called
Bus state is: 0
Set Net Indication Callback called
Bus state is: 0
Set Net Indication Callback called
Bus state is: 0
Set Net Indication Callback called
Bus state is: 0
Set Net Indication Callback called
Bus state is: 0
Set Net Indication Callback called
Bus state is: 0
Set Net Indication Callback called
Bus state is: 0
Set Net Indication Callback called
Bus state is: 0
Set Net Indication Callback called
Bus state is: 0
Set Net Indication Callback called
Bus state is: 0
Set Net Indication Callback called
Bus state is: 0
Set Net Indication Callback called
Bus state is: 0
Set Net Indication Callback called
Bus state is: 0
Set Net Indication Callback called
Bus state is: 0
Set Net Indication Callback called
Bus state is: 0
Set Net Indication Callback called
Bus state is: 0
Set Net Indication Callback called
Bus state is: 0
Set Net Indication Callback called
Bus state is: 0
Set Net Indication Callback called
Bus state is: 0
Set Net Indication Callback called
Bus state is: 0
Set Net Indication Callback called
Bus state is: 0
Set Net Indication Callback called
Bus state is: 0
Set Net Indication Callback called
Bus state is: 0
Set Net Indication Callback called
Bus state is: 0
Set Net Indication Callback called
Bus state is: 0
Set Net Indication Callback called
Bus state is: 0
Set Net Indication Callback called
Bus state is: 0
Set Net Indication Callback called
Bus state is: 0
Set Net Indication Callback called
Bus state is: 0
Set Net Indication Callback called
Bus state is: 0
Set Net Indication Callback called
Bus state is: 0
Set Net Indication Callback called
Bus state is: 0
Set Net Indication Callback called
Bus state is: 0
Set Net Indication Callback called
Bus state is: 0
Set Net Indication Callback called
Bus state is: 0
Set Net Indication Callback called
Bus state is: 0
Set Net Indication Callback called
Bus state is: 0
Set Net Indication Callback called
Bus state is: 0
Set Net Indication Callback called
Bus state is: 0
Set Net Indication Callback called
Bus state is: 0
Set Net Indication Callback called
Bus state is: 0
Set Net Indication Callback called
Bus state is: 0
Set Net Indication Callback called
Bus state is: 0
Set Net Indication Callback called
Bus state is: 0
Set Net Indication Callback called
Bus state is: 0
Set Net Indication Callback called
Bus state is: 0
Set Net Indication Callback called
Bus state is: 0
Set Net Indication Callback called
Bus state is: 0
Set Net Indication Callback called
Bus state is: 0
Set Net Indication Callback called
Bus state is: 0
Set Net Indication Callback called
Bus state is: 0
Set Net Indication Callback called
Bus state is: 0
Set Net Indication Callback called
Bus state is: 0
Set Net Indication Callback called
Bus state is: 0
Set Net Indication Callback called
Bus state is: 0
Set Net Indication Callback called
Bus state is: 0
Set Net Indication Callback called
Bus state is: 0
Set Net Indication Callback called
Bus state is: 0
Set Net Indication Callback called
Bus state is: 0
Set Net Indication Callback called
Bus state is: 0
Set Net Indication Callback called
Bus state is: 0
Set Net Indication Callback called
Bus state is: 0
Set Net Indication Callback called
Bus state is: 0
Set Net Indication Callback called
Bus state is: 0
Set Net Indication Callback called
Bus state is: 0
Set Net Indication Callback called
Bus state is: 0
Set Net Indication Callback called
Bus state is: 0
Set Net Indication Callback called
Bus state is: 0
Set Net Indication Callback called
Bus state is: 0
Set Net Indication Callback called
Bus state is: 0
Set Net Indication Callback called
Bus state is: 0
Set Net Indication Callback called
Bus state is: 0
Set Net Indication Callback called
Bus state is: 0
Set Net Indication Callback called
Bus state is: 0
Set Net Indication Callback called
Bus state is: 0
Set Net Indication Callback called
Bus state is: 0
Set Net Indication Callback called
Bus state is: 0
Set Net Indication Callback called
Bus state is: 0
Set Net Indication Callback called
Bus state is: 0
Set Net Indication Callback called
Bus state is: 0
Set Net Indication Callback called
Bus state is: 0
Set Net Indication Callback called
Bus state is: 0
Set Net Indication Callback called
Bus state is: 0
Set Net Indication Callback called
Bus state is: 0
Set Net Indication Callback called
Bus state is: 0
Set Net Indication Callback called
Bus state is: 0
Set Net Indication Callback called
Bus state is: 0
Set Net Indication Callback called
Bus state is: 0
Set Net Indication Callback called
Bus state is: 0
Set Net Indication Callback called
Bus state is: 0
Set Net Indication Callback called
Bus state is: 0
Set Net Indication Callback called
Bus state is: 0
Set Net Indication Callback called
Bus state is: 0
Set Net Indication Callback called
Bus state is: 0
Set Net Indication Callback called
Bus state is: 0
Set Net Indication Callback called
Bus state is: 0
Set Net Indication Callback called
Bus state is: 0
Set Net Indication Callback called
Bus state is: 0
Set Net Indication Callback called
Bus state is: 0
Set Net Indication Callback called
Bus state is: 0
Set Net Indication Callback called
Bus state is: 0
Set Net Indication Callback called
Bus state is: 0
Set Net Indication Callback called
Bus state is: 0
Set Net Indication Callback called
Bus state is: 0
Set Net Indication Callback called
Bus state is: 0
Set Net Indication Callback called
Bus state is: 0
Set Net Indication Callback called
Bus state is: 0
Set Net Indication Callback called
Bus state is: 0
Set Net Indication Callback called
Bus state is: 0
Set Net Indication Callback called
Bus state is: 0
Set Net Indication Callback called
Bus state is: 0
Set Net Indication Callback called
Bus state is: 0
Set Net Indication Callback called
Bus state is: 0
Set Net Indication Callback called
Bus state is: 0
Set Net Indication Callback called
Bus state is: 0
Set Net Indication Callback called
Bus state is: 0
Set Net Indication Callback called
Bus state is: 0
Set Net Indication Callback called
Bus state is: 0
Set Net Indication Callback called
Bus state is: 0
Set Net Indication Callback called
Bus state is: 0
Set Net Indication Callback called
Bus state is: 0
Set Net Indication Callback called
Bus state is: 0
Set Net Indication Callback called
Bus state is: 0
Set Net Indication Callback called
Bus state is: 0
Set Net Indication Callback called
Bus state is: 0
Set Net Indication Callback called
Bus state is: 0
Set Net Indication Callback called
Bus state is: 0
Set Net Indication Callback called
Bus state is: 0
Set Net Indication Callback called
Bus state is: 0
Set Net Indication Callback called
Bus state is: 0
Set Net Indication Callback called
Bus state is: 0
Set Net Indication Callback called
Bus state is: 0
Set Net Indication Callback called
Bus state is: 0
Set Net Indication Callback called
Bus state is: 0
Set Net Indication Callback called
Bus state is: 0
Set Net Indication Callback called
Bus state is: 0
Set Net Indication Callback called
Bus state is: 0
Set Net Indication Callback called
Bus state is: 0
Set Net Indication Callback called
Bus state is: 0
Set Net Indication Callback called
Bus state is: 0
Set Net Indication Callback called
Bus state is: 0
Set Net Indication Callback called
Bus state is: 0
Set Net Indication Callback called
Bus state is: 0
Set Net Indication Callback called
Bus state is: 0
Set Net Indication Callback called
Bus state is: 0
Set Net Indication Callback called
Bus state is: 0
Set Net Indication Callback called
Bus state is: 0
Set Net Indication Callback called
Bus state is: 0
Set Net Indication Callback called
Bus state is: 0
Set Net Indication Callback called
Bus state is: 0
Set Net Indication Callback called
Bus state is: 0
Set Net Indication Callback called
Bus state is: 0
Set Net Indication Callback called
Bus state is: 0
Set Net Indication Callback called
Bus state is: 0
Set Net Indication Callback called
Bus state is: 0
Set Net Indication Callback called
Bus state is: 0
Set Net Indication Callback called
Bus state is: 0
Set Net Indication Callback called
Bus state is: 0
Set Net Indication Callback called
Bus state is: 0
Set Net Indication Callback called
Bus state is: 0
Set Net Indication Callback called
Bus state is: 0
Set Net Indication Callback called
Bus state is: 0
Set Net Indication Callback called
Bus state is: 0
Set Net Indication Callback called
Bus state is: 0
Set Net Indication Callback called
Bus state is: 0
Set Net Indication Callback called
Bus state is: 0
Set Net Indication Callback called
Bus state is: 0
Set Net Indication Callback called
Bus state is: 0
Set Net Indication Callback called
Bus state is: 0
Set Net Indication Callback called
Bus state is: 0
Set Net Indication Callback called
Bus state is: 0
Set Net Indication Callback called
Bus state is: 0
Set Net Indication Callback called
Bus state is: 0
Set Net Indication Callback called
Bus state is: 0
Set Net Indication Callback called
Bus state is: 0
Set Net Indication Callback called
Bus state is: 0
Set Net Indication Callback called
Bus state is: 0
Set Net Indication Callback called
Bus state is: 0
Set Net Indication Callback called
Bus state is: 0
Set Net Indication Callback called
Bus state is: 0
Set Net Indication Callback called
Bus state is: 0
Set Net Indication Callback called
Bus state is: 0
Set Net Indication Callback called
Bus state is: 0
Set Net Indication Callback called
Bus state is: 0
Set Net Indication Callback called
Bus state is: 0
Set Net Indication Callback called
Bus state is: 0
Set Net Indication Callback called
Bus state is: 0
Set Net Indication Callback called
Bus state is: 0
Set Net Indication Callback called
Bus state is: 0
Set Net Indication Callback called
Bus state is: 0
Set Net Indication Callback called
Bus state is: 0
Set Net Indication Callback called
Bus state is: 0
Set Net Indication Callback called
Bus state is: 0
Set Net Indication Callback called
Bus state is: 0
Set Net Indication Callback called
Bus state is: 0
Set Net Indication Callback called
Bus state is: 0
Set Net Indication Callback called
Bus state is: 0
Set Net Indication Callback called
Bus state is: 0
Set Net Indication Callback called
Bus state is: 0
Set Net Indication Callback called
Bus state is: 0
Set Net Indication Callback called
Bus state is: 0
Set Net Indication Callback called
Bus state is: 0
Set Net Indication Callback called
Bus state is: 0
Set Net Indication Callback called
Bus state is: 0
Set Net Indication Callback called
Bus state is: 0
Set Net Indication Callback called
Bus state is: 0
Set Net Indication Callback called
Bus state is: 0
Set Net Indication Callback called
Bus state is: 0
Set Net Indication Callback called
Bus state is: 0
Set Net Indication Callback called
Bus state is: 0
Set Net Indication Callback called
Bus state is: 0
Set Net Indication Callback called
Bus state is: 0
Set Net Indication Callback called
Bus state is: 0
Set Net Indication Callback called
Bus state is: 0
Set Net Indication Callback called
Bus state is: 0
Set Net Indication Callback called
Bus state is: 0
Set Net Indication Callback called
Bus state is: 0
Set Net Indication Callback called
Bus state is: 0
Set Net Indication Callback called
Bus state is: 0
Set Net Indication Callback called
Bus state is: 0
Set Net Indication Callback called
Bus state is: 0
Set Net Indication Callback called
Bus state is: 0
Set Net Indication Callback called
Bus state is: 0
Set Net Indication Callback called
Bus state is: 0
Set Net Indication Callback called
Bus state is: 0
Set Net Indication Callback called
Bus state is: 0
Set Net Indication Callback called
Bus state is: 0
Set Net Indication Callback called
Bus state is: 0
Set Net Indication Callback called
Bus state is: 0
Set Net Indication Callback called
Bus state is: 0
Set Net Indication Callback called
Bus state is: 0
Set Net Indication Callback called
Bus state is: 0
Set Net Indication Callback called
Bus state is: 0
Set Net Indication Callback called
Bus state is: 0
Set Net Indication Callback called
Bus state is: 0
Set Net Indication Callback called
Bus state is: 0
Set Net Indication Callback called
Bus state is: 0
Set Net Indication Callback called
Bus state is: 0
Set Net Indication Callback called
Bus state is: 0
Set Net Indication Callback called
Bus state is: 0
Set Net Indication Callback called
Bus state is: 0
Set Net Indication Callback called
Bus state is: 0
Set Net Indication Callback called
Bus state is: 0
Set Net Indication Callback called
Bus state is: 0
Set Net Indication Callback called
Bus state is: 0
Set Net Indication Callback called
Bus state is: 0
Set Net Indication Callback called
Bus state is: 0
Set Net Indication Callback called
Bus state is: 0
Set Net Indication Callback called
Bus state is: 0
Set Net Indication Callback called
Bus state is: 0
Set Net Indication Callback called
Bus state is: 0
Set Net Indication Callback called
Bus state is: 0
Set Net Indication Callback called
Bus state is: 0
Set Net Indication Callback called
Bus state is: 0
Set Net Indication Callback called
Bus state is: 0
Set Net Indication Callback called
Bus state is: 0
Set Net Indication Callback called
Bus state is: 0
Set Net Indication Callback called
Bus state is: 0
Set Net Indication Callback called
Bus state is: 0
Set Net Indication Callback called
Bus state is: 0
Set Net Indication Callback called
Bus state is: 0
Set Net Indication Callback called
Bus state is: 0
Set Net Indication Callback called
Bus state is: 0
Set Net Indication Callback called
Bus state is: 0
Set Net Indication Callback called
Bus state is: 0
Set Net Indication Callback called
Bus state is: 0
Set Net Indication Callback called
Bus state is: 0
Set Net Indication Callback called
Bus state is: 0
Set Net Indication Callback called
Bus state is: 0
Set Net Indication Callback called
Bus state is: 0
Set Net Indication Callback called
Bus state is: 0
Set Net Indication Callback called
Bus state is: 0
Set Net Indication Callback called
Bus state is: 0
Set Net Indication Callback called
Bus state is: 0
Set Net Indication Callback called
Bus state is: 0
Set Net Indication Callback called
Bus state is: 0
Set Net Indication Callback called
Bus state is: 0
Set Net Indication Callback called
Bus state is: 0
Set Net Indication Callback called
Bus state is: 0
Set Net Indication Callback called
Bus state is: 0
Set Net Indication Callback called
Bus state is: 0
Set Net Indication Callback called
Bus state is: 0
Set Net Indication Callback called
Bus state is: 0
Set Net Indication Callback called
Bus state is: 0
Set Net Indication Callback called
Bus state is: 0
Set Net Indication Callback called
Bus state is: 0
Set Net Indication Callback called
Bus state is: 0
Set Net Indication Callback called
Bus state is: 0
Set Net Indication Callback called
Bus state is: 0
Set Net Indication Callback called
Bus state is: 0
Set Net Indication Callback called
Bus state is: 0
Set Net Indication Callback called
Bus state is: 0
Set Net Indication Callback called
Bus state is: 0
Set Net Indication Callback called
Bus state is: 0
Set Net Indication Callback called
Bus state is: 0
Set Net Indication Callback called
Bus state is: 0
Set Net Indication Callback called
Bus state is: 0
Set Net Indication Callback called
Bus state is: 0
Set Net Indication Callback called
Bus state is: 0
Set Net Indication Callback called
Bus state is: 0
Set Net Indication Callback called
Bus state is: 0
Set Net Indication Callback called
Bus state is: 0
Set Net Indication Callback called
Bus state is: 0
Set Net Indication Callback called
Bus state is: 0
Set Net Indication Callback called
Bus state is: 0
Set Net Indication Callback called
Bus state is: 0
Set Net Indication Callback called
Bus state is: 0
Set Net Indication Callback called
Bus state is: 0
Set Net Indication Callback called
Bus state is: 0
Set Net Indication Callback called
Bus state is: 0
Set Net Indication Callback called
Bus state is: 0
Set Net Indication Callback called
Bus state is: 0
Set Net Indication Callback called
Bus state is: 0
Set Net Indication Callback called
Bus state is: 0
Set Net Indication Callback called
Bus state is: 0
Set Net Indication Callback called
Bus state is: 0
Set Net Indication Callback called
Bus state is: 0
Set Net Indication Callback called
Bus state is: 0
Set Net Indication Callback called
Bus state is: 0
Set Net Indication Callback called
Bus state is: 0
Set Net Indication Callback called
Bus state is: 0
Set Net Indication Callback called
Bus state is: 0
Set Net Indication Callback called
Bus state is: 0
Set Net Indication Callback called
Bus state is: 0
Set Net Indication Callback called
Bus state is: 0
Set Net Indication Callback called
Bus state is: 0
Set Net Indication Callback called
Bus state is: 0
Set Net Indication Callback called
Bus state is: 0
Set Net Indication Callback called
Bus state is: 0
Set Net Indication Callback called
Bus state is: 0
Set Net Indication Callback called
Bus state is: 0
Set Net Indication Callback called
Bus state is: 0
Set Net Indication Callback called
Bus state is: 0
Set Net Indication Callback called
Bus state is: 0
Set Net Indication Callback called
Bus state is: 0
Set Net Indication Callback called
Bus state is: 0
Set Net Indication Callback called
Bus state is: 0
Set Net Indication Callback called
Bus state is: 0
Set Net Indication Callback called
Bus state is: 0
Set Net Indication Callback called
Bus state is: 0
Set Net Indication Callback called
Bus state is: 0
Set Net Indication Callback called
Bus state is: 0
Set Net Indication Callback called
Bus state is: 0
Set Net Indication Callback called
Bus state is: 0
Set Net Indication Callback called
Bus state is: 0
Set Net Indication Callback called
Bus state is: 0
Set Net Indication Callback called
Bus state is: 0
Set Net Indication Callback called
Bus state is: 0
Set Net Indication Callback called
Bus state is: 0
Set Net Indication Callback called
Bus state is: 0
Set Net Indication Callback called
Bus state is: 0
Set Net Indication Callback called
Bus state is: 0
Set Net Indication Callback called
Bus state is: 0
Set Net Indication Callback called
Bus state is: 0
Set Net Indication Callback called
Bus state is: 0
Set Net Indication Callback called
Bus state is: 0
Set Net Indication Callback called
Bus state is: 0
Set Net Indication Callback called
Bus state is: 0
Set Net Indication Callback called
Bus state is: 0
Set Net Indication Callback called
Bus state is: 0
Set Net Indication Callback called
Bus state is: 0
Set Net Indication Callback called
Bus state is: 0
Set Net Indication Callback called
Bus state is: 0
Set Net Indication Callback called
Bus state is: 0
Set Net Indication Callback called
Bus state is: 0
Set Net Indication Callback called
Bus state is: 0
Set Net Indication Callback called
Bus state is: 0
Set Net Indication Callback called
Bus state is: 0
Set Net Indication Callback called
Bus state is: 0
Set Net Indication Callback called
Bus state is: 0
Set Net Indication Callback called
Bus state is: 0
Set Net Indication Callback called
Bus state is: 0
Set Net Indication Callback called
Bus state is: 0
Set Net Indication Callback called
Bus state is: 0
Set Net Indication Callback called
Bus state is: 0
Set Net Indication Callback called
Bus state is: 0
Set Net Indication Callback called
Bus state is: 0
Set Net Indication Callback called
Bus state is: 0
Set Net Indication Callback called
Bus state is: 0
Set Net Indication Callback called
Bus state is: 0
Set Net Indication Callback called
Bus state is: 0
Set Net Indication Callback called
Bus state is: 0
Set Net Indication Callback called
Bus state is: 0
Set Net Indication Callback called
Bus state is: 0
Set Net Indication Callback called
Bus state is: 0
Set Net Indication Callback called
Bus state is: 0
Set Net Indication Callback called
Bus state is: 0
Set Net Indication Callback called
Bus state is: 0
Set Net Indication Callback called
Bus state is: 0
Set Net Indication Callback called
Bus state is: 0
Set Net Indication Callback called
Bus state is: 0
Set Net Indication Callback called
Bus state is: 0
Set Net Indication Callback called
Bus state is: 0
Set Net Indication Callback called
Bus state is: 0
Set Net Indication Callback called
Bus state is: 0
Set Net Indication Callback called
Bus state is: 0
Set Net Indication Callback called
Bus state is: 0
Set Net Indication Callback called
Bus state is: 0
Set Net Indication Callback called
Bus state is: 0
Set Net Indication Callback called
Bus state is: 0
Set Net Indication Callback called
Bus state is: 0
Set Net Indication Callback called
Bus state is: 0
Set Net Indication Callback called
Bus state is: 0
Set Net Indication Callback called
Bus state is: 0
Set Net Indication Callback called
Bus state is: 0
Set Net Indication Callback called
Bus state is: 0
Set Net Indication Callback called
Bus state is: 0
Set Net Indication Callback called
Bus state is: 0
Set Net Indication Callback called
Bus state is: 0
Set Net Indication Callback called
Bus state is: 0
Set Net Indication Callback called
Bus state is: 0
Set Net Indication Callback called
Bus state is: 0
Set Net Indication Callback called
Bus state is: 0
Set Net Indication Callback called
Bus state is: 0
Set Net Indication Callback called
Bus state is: 0
Set Net Indication Callback called
Bus state is: 0
Set Net Indication Callback called
Bus state is: 0
Set Net Indication Callback called
Bus state is: 0
Set Net Indication Callback called
Bus state is: 0
Set Net Indication Callback called
Bus state is: 0
Set Net Indication Callback called
Bus state is: 0
Set Net Indication Callback called
Bus state is: 0
Set Net Indication Callback called
Bus state is: 0
Set Net Indication Callback called
Bus state is: 0
Set Net Indication Callback called
Bus state is: 0
Set Net Indication Callback called
Bus state is: 0
Set Net Indication Callback called
Bus state is: 0
Set Net Indication Callback called
Bus state is: 0
Set Net Indication Callback called
Bus state is: 0
Set Net Indication Callback called
Bus state is: 0
Set Net Indication Callback called
Bus state is: 0
Set Net Indication Callback called
Bus state is: 0
Set Net Indication Callback called
Bus state is: 0
Set Net Indication Callback called
Bus state is: 0
Set Net Indication Callback called
Bus state is: 0
Set Net Indication Callback called
Bus state is: 0
Set Net Indication Callback called
Bus state is: 0
Set Net Indication Callback called
Bus state is: 0
Set Net Indication Callback called
Bus state is: 0
Set Net Indication Callback called
Bus state is: 0
Set Net Indication Callback called
Bus state is: 0
Set Net Indication Callback called
Bus state is: 0
Set Net Indication Callback called
Bus state is: 0
Set Net Indication Callback called
Bus state is: 0
Set Net Indication Callback called
Bus state is: 0
Set Net Indication Callback called
Bus state is: 0
Set Net Indication Callback called
Bus state is: 0
Set Net Indication Callback called
Bus state is: 0
Set Net Indication Callback called
Bus state is: 0
Set Net Indication Callback called
Bus state is: 0
Set Net Indication Callback called
Bus state is: 0
Set Net Indication Callback called
Bus state is: 0
Set Net Indication Callback called
Bus state is: 0
Set Net Indication Callback called
Bus state is: 0
Set Net Indication Callback called
Bus state is: 0
Set Net Indication Callback called
Bus state is: 0
Set Net Indication Callback called
Bus state is: 0
Set Net Indication Callback called
Bus state is: 0
Set Net Indication Callback called
Bus state is: 0
Set Net Indication Callback called
Bus state is: 0
Set Net Indication Callback called
Bus state is: 0
Set Net Indication Callback called
Bus state is: 0
Set Net Indication Callback called
Bus state is: 0
Set Net Indication Callback called
Bus state is: 0
Set Net Indication Callback called
Bus state is: 0
Set Net Indication Callback called
Bus state is: 0
Set Net Indication Callback called
Bus state is: 0
Set Net Indication Callback called
Bus state is: 0
Set Net Indication Callback called
Bus state is: 0
Set Net Indication Callback called
Bus state is: 0
Set Net Indication Callback called
Bus state is: 0
Set Net Indication Callback called
Bus state is: 0
Set Net Indication Callback called
Bus state is: 0
Set Net Indication Callback called
Bus state is: 0
Set Net Indication Callback called
Bus state is: 0
Set Net Indication Callback called
Bus state is: 0
Set Net Indication Callback called
Bus state is: 0
Set Net Indication Callback called
Bus state is: 0
Set Net Indication Callback called
Bus state is: 0
Set Net Indication Callback called
Bus state is: 0
Set Net Indication Callback called
Bus state is: 0
Set Net Indication Callback called
Bus state is: 0
Set Net Indication Callback called
Bus state is: 0
Set Net Indication Callback called
Bus state is: 0
Set Net Indication Callback called
Bus state is: 0
Set Net Indication Callback called
Bus state is: 0
Set Net Indication Callback called
Bus state is: 0
Set Net Indication Callback called
Bus state is: 0
Set Net Indication Callback called
Bus state is: 0
Set Net Indication Callback called
Bus state is: 0
Set Net Indication Callback called
Bus state is: 0
Set Net Indication Callback called
Bus state is: 0
Set Net Indication Callback called
Bus state is: 0
Set Net Indication Callback called
Bus state is: 0
Set Net Indication Callback called
Bus state is: 0
Set Net Indication Callback called
Bus state is: 0
Set Net Indication Callback called
Bus state is: 0
Set Net Indication Callback called
Bus state is: 0
Set Net Indication Callback called
Bus state is: 0
Set Net Indication Callback called
Bus state is: 0
Set Net Indication Callback called
Bus state is: 0
Set Net Indication Callback called
Bus state is: 0
Set Net Indication Callback called
Bus state is: 0
Set Net Indication Callback called
Bus state is: 0
Set Net Indication Callback called
Bus state is: 0
Set Net Indication Callback called
Bus state is: 0
Set Net Indication Callback called
Bus state is: 0
Set Net Indication Callback called
Bus state is: 0
Set Net Indication Callback called
Bus state is: 0
Set Net Indication Callback called
Bus state is: 0
Set Net Indication Callback called
Bus state is: 0
Set Net Indication Callback called
Bus state is: 0
Set Net Indication Callback called
Bus state is: 0
Set Net Indication Callback called
Bus state is: 0
Set Net Indication Callback called
Bus state is: 0
Set Net Indication Callback called
Bus state is: 0
Set Net Indication Callback called
Bus state is: 0
Set Net Indication Callback called
Bus state is: 0
Set Net Indication Callback called
Bus state is: 0
Set Net Indication Callback called
Bus state is: 0
Set Net Indication Callback called
Bus state is: 0
Set Net Indication Callback called
Bus state is: 0
Set Net Indication Callback called
Bus state is: 0
Set Net Indication Callback called
Bus state is: 0
Set Net Indication Callback called
Bus state is: 0
Set Net Indication Callback called
Bus state is: 0
Set Net Indication Callback called
Bus state is: 0
Set Net Indication Callback called
Bus state is: 0
Set Net Indication Callback called
Bus state is: 0
Set Net Indication Callback called
Bus state is: 0
Set Net Indication Callback called
Bus state is: 0
Set Net Indication Callback called
Bus state is: 0
Set Net Indication Callback called
Bus state is: 0
Set Net Indication Callback called
Bus state is: 0
Set Net Indication Callback called
Bus state is: 0
Set Net Indication Callback called
Bus state is: 0
Set Net Indication Callback called
Bus state is: 0
Set Net Indication Callback called
Bus state is: 0
Set Net Indication Callback called
Bus state is: 0
Set Net Indication Callback called
Bus state is: 0
Set Net Indication Callback called
Bus state is: 0
Set Net Indication Callback called
Bus state is: 0
Set Net Indication Callback called
Bus state is: 0
Set Net Indication Callback called
Bus state is: 0
Set Net Indication Callback called
Bus state is: 0
Set Net Indication Callback called
Bus state is: 0
Set Net Indication Callback called
Bus state is: 0
Set Net Indication Callback called
Bus state is: 0
Set Net Indication Callback called
Bus state is: 0
Set Net Indication Callback called
Bus state is: 0
Set Net Indication Callback called
Bus state is: 0
Set Net Indication Callback called
Bus state is: 0
Set Net Indication Callback called
Bus state is: 0
Set Net Indication Callback called
Bus state is: 0
Set Net Indication Callback called
Bus state is: 0
Set Net Indication Callback called
Bus state is: 0
Set Net Indication Callback called
Bus state is: 0
Set Net Indication Callback called
Bus state is: 0
Set Net Indication Callback called
Bus state is: 0
Set Net Indication Callback called
Bus state is: 0
Set Net Indication Callback called
Bus state is: 0
Set Net Indication Callback called
Bus state is: 0
Set Net Indication Callback called
Bus state is: 0
Set Net Indication Callback called
Bus state is: 0
Set Net Indication Callback called
Bus state is: 0
Set Net Indication Callback called
Bus state is: 0
Set Net Indication Callback called
Bus state is: 0
Set Net Indication Callback called
Bus state is: 0
Set Net Indication Callback called
Bus state is: 0
Set Net Indication Callback called
Bus state is: 0
Set Net Indication Callback called
Bus state is: 0
Set Net Indication Callback called
Bus state is: 0
Set Net Indication Callback called
Bus state is: 0
Set Net Indication Callback called
Bus state is: 0
Set Net Indication Callback called
Bus state is: 0
Set Net Indication Callback called
Bus state is: 0
Set Net Indication Callback called
Bus state is: 0
Set Net Indication Callback called
Bus state is: 0
Set Net Indication Callback called
Bus state is: 0
Set Net Indication Callback called
Bus state is: 0
Set Net Indication Callback called
Bus state is: 0
Set Net Indication Callback called
Bus state is: 0
Set Net Indication Callback called
Bus state is: 0
Set Net Indication Callback called
Bus state is: 0
Set Net Indication Callback called
Bus state is: 0
Set Net Indication Callback called
Bus state is: 0
Set Net Indication Callback called
Bus state is: 0
Set Net Indication Callback called
Bus state is: 0
Set Net Indication Callback called
Bus state is: 0
Set Net Indication Callback called
Bus state is: 0
Set Net Indication Callback called
Bus state is: 0
Set Net Indication Callback called
Bus state is: 0
Set Net Indication Callback called
Bus state is: 0
Set Net Indication Callback called
Bus state is: 0
Set Net Indication Callback called
Bus state is: 0
Set Net Indication Callback called
Bus state is: 0
Set Net Indication Callback called
Bus state is: 0
Set Net Indication Callback called
Bus state is: 0
Set Net Indication Callback called
Bus state is: 0
Set Net Indication Callback called
Bus state is: 0
Set Net Indication Callback called
Bus state is: 0
Set Net Indication Callback called
Bus state is: 0
Set Net Indication Callback called
Bus state is: 0
Set Net Indication Callback called
Bus state is: 0
Set Net Indication Callback called
Bus state is: 0
Set Net Indication Callback called
Bus state is: 0
Set Net Indication Callback called
Bus state is: 0
Set Net Indication Callback called
Bus state is: 0
Set Net Indication Callback called
Bus state is: 0
Set Net Indication Callback called
Bus state is: 0
Set Net Indication Callback called
Bus state is: 0
Set Net Indication Callback called
Bus state is: 0
Set Net Indication Callback called
Bus state is: 0
Set Net Indication Callback called
Bus state is: 0
Set Net Indication Callback called
Bus state is: 0
Set Net Indication Callback called
Bus state is: 0
Set Net Indication Callback called
Bus state is: 0
Set Net Indication Callback called
Bus state is: 0
Set Net Indication Callback called
Bus state is: 0
Set Net Indication Callback called
Bus state is: 0
Set Net Indication Callback called
Bus state is: 0
Set Net Indication Callback called
Bus state is: 0
Set Net Indication Callback called
Bus state is: 0
Set Net Indication Callback called
Bus state is: 0
Set Net Indication Callback called
Bus state is: 0
Set Net Indication Callback called
Bus state is: 0
Set Net Indication Callback called
Bus state is: 0
Set Net Indication Callback called
Bus state is: 0
Set Net Indication Callback called
Bus state is: 0
Set Net Indication Callback called
Bus state is: 0
Set Net Indication Callback called
Bus state is: 0
Set Net Indication Callback called
Bus state is: 0
Set Net Indication Callback called
Bus state is: 0
Set Net Indication Callback called
Bus state is: 0
Set Net Indication Callback called
Bus state is: 0
Set Net Indication Callback called
Bus state is: 0
Set Net Indication Callback called
Bus state is: 0
Set Net Indication Callback called
Bus state is: 0
Set Net Indication Callback called
Bus state is: 0
Set Net Indication Callback called
Bus state is: 0
Set Net Indication Callback called
Bus state is: 0
Set Net Indication Callback called
Bus state is: 0
Set Net Indication Callback called
Bus state is: 0
Set Net Indication Callback called
Bus state is: 0
Set Net Indication Callback called
Bus state is: 0
Set Net Indication Callback called
Bus state is: 0
Set Net Indication Callback called
Bus state is: 0
Set Net Indication Callback called
Bus state is: 0
Set Net Indication Callback called
Bus state is: 0
Set Net Indication Callback called
Bus state is: 0
Set Net Indication Callback called
Bus state is: 0
Set Net Indication Callback called
Bus state is: 0
Set Net Indication Callback called
Bus state is: 0
Set Net Indication Callback called
Bus state is: 0
Set Net Indication Callback called
Bus state is: 0
Set Net Indication Callback called
Bus state is: 0
Set Net Indication Callback called
Bus state is: 0
Set Net Indication Callback called
Bus state is: 0
Set Net Indication Callback called
Bus state is: 0
Set Net Indication Callback called
Bus state is: 0
Set Net Indication Callback called
Bus state is: 0
Set Net Indication Callback called
Bus state is: 0
Set Net Indication Callback called
Bus state is: 0
Set Net Indication Callback called
Bus state is: 0
Set Net Indication Callback called
Bus state is: 0
Set Net Indication Callback called
Bus state is: 0
Set Net Indication Callback called
Bus state is: 0
Set Net Indication Callback called
Bus state is: 0
Set Net Indication Callback called
Bus state is: 0
Set Net Indication Callback called
Bus state is: 0
Set Net Indication Callback called
Bus state is: 0
Set Net Indication Callback called
Bus state is: 0
Set Net Indication Callback called
Bus state is: 0
Set Net Indication Callback called
Bus state is: 0
Set Net Indication Callback called
Bus state is: 0
Set Net Indication Callback called
Bus state is: 0
Set Net Indication Callback called
Bus state is: 0
Set Net Indication Callback called
Bus state is: 0
Set Net Indication Callback called
Bus state is: 0
Set Net Indication Callback called
Bus state is: 0
Set Net Indication Callback called
Bus state is: 0
Set Net Indication Callback called
Bus state is: 0
Set Net Indication Callback called
Bus state is: 0
Set Net Indication Callback called
Bus state is: 0
Set Net Indication Callback called
Bus state is: 0
Set Net Indication Callback called
Bus state is: 0
Set Net Indication Callback called
Bus state is: 0
Set Net Indication Callback called
Bus state is: 0
Set Net Indication Callback called
Bus state is: 0
Set Net Indication Callback called
Bus state is: 0
Set Net Indication Callback called
Bus state is: 0
Set Net Indication Callback called
Bus state is: 0
Set Net Indication Callback called
Bus state is: 0
Set Net Indication Callback called
Bus state is: 0
Set Net Indication Callback called
Bus state is: 0
Set Net Indication Callback called
Bus state is: 0
Set Net Indication Callback called
Bus state is: 0
Set Net Indication Callback called
Bus state is: 0
Set Net Indication Callback called
Bus state is: 0
Set Net Indication Callback called
Bus state is: 0
Set Net Indication Callback called
Bus state is: 0
Set Net Indication Callback called
Bus state is: 0
Set Net Indication Callback called
Bus state is: 0
Set Net Indication Callback called
Bus state is: 0
Set Net Indication Callback called
Bus state is: 0
Set Net Indication Callback called
Bus state is: 0
Set Net Indication Callback called
Bus state is: 0
Set Net Indication Callback called
Bus state is: 0
Set Net Indication Callback called
Bus state is: 0
Set Net Indication Callback called
Bus state is: 0
Set Net Indication Callback called
Bus state is: 0
Set Net Indication Callback called
Bus state is: 0
Set Net Indication Callback called
Bus state is: 0
Set Net Indication Callback called
Bus state is: 0
Set Net Indication Callback called
Bus state is: 0
Set Net Indication Callback called
Bus state is: 0
Set Net Indication Callback called
Bus state is: 0
Set Net Indication Callback called
Bus state is: 0
Set Net Indication Callback called
Bus state is: 0
Set Net Indication Callback called
Bus state is: 0
Set Net Indication Callback called
Bus state is: 0
Set Net Indication Callback called
Bus state is: 0
Set Net Indication Callback called
Bus state is: 0
Set Net Indication Callback called
Bus state is: 0
Set Net Indication Callback called
Bus state is: 0
Set Net Indication Callback called
Bus state is: 0
Set Net Indication Callback called
Bus state is: 0
Set Net Indication Callback called
Bus state is: 0
Set Net Indication Callback called
Bus state is: 0
Set Net Indication Callback called
Bus state is: 0
Set Net Indication Callback called
Bus state is: 0
Set Net Indication Callback called
Bus state is: 0
Set Net Indication Callback called
Bus state is: 0
Set Net Indication Callback called
Bus state is: 0
Set Net Indication Callback called
Bus state is: 0
Set Net Indication Callback called
Bus state is: 0
Set Net Indication Callback called
Bus state is: 0
Set Net Indication Callback called
Bus state is: 0
Set Net Indication Callback called
Bus state is: 0
Set Net Indication Callback called
Bus state is: 0
Set Net Indication Callback called
Bus state is: 0
Set Net Indication Callback called
Bus state is: 0
Set Net Indication Callback called
Bus state is: 0
Set Net Indication Callback called
Bus state is: 0
Set Net Indication Callback called
Bus state is: 0
Set Net Indication Callback called
Bus state is: 0
Set Net Indication Callback called
Bus state is: 0
Set Net Indication Callback called
Bus state is: 0
Set Net Indication Callback called
Bus state is: 0
Set Net Indication Callback called
Bus state is: 0
Set Net Indication Callback called
Bus state is: 0
Set Net Indication Callback called
Bus state is: 0
Set Net Indication Callback called
Bus state is: 0
Set Net Indication Callback called
Bus state is: 0
Set Net Indication Callback called
Bus state is: 0
Set Net Indication Callback called
Bus state is: 0
Set Net Indication Callback called
Bus state is: 0
Set Net Indication Callback called
Bus state is: 0
Set Net Indication Callback called
Bus state is: 0
Set Net Indication Callback called
Bus state is: 0
Set Net Indication Callback called
Bus state is: 0
Set Net Indication Callback called
Bus state is: 0
Set Net Indication Callback called
Bus state is: 0
Set Net Indication Callback called
Bus state is: 0
Set Net Indication Callback called
Bus state is: 0
Set Net Indication Callback called
Bus state is: 0
Set Net Indication Callback called
Bus state is: 0
Set Net Indication Callback called
Bus state is: 0
Set Net Indication Callback called
Bus state is: 0
Set Net Indication Callback called
Bus state is: 0
Set Net Indication Callback called
Bus state is: 0
Set Net Indication Callback called
Bus state is: 0
Set Net Indication Callback called
Bus state is: 0
Set Net Indication Callback called
Bus state is: 0
Set Net Indication Callback called
Bus state is: 0
Set Net Indication Callback called
Bus state is: 0
Set Net Indication Callback called
Bus state is: 0
Set Net Indication Callback called
Bus state is: 0
Set Net Indication Callback called
Bus state is: 0
Set Net Indication Callback called
Bus state is: 0
Set Net Indication Callback called
Bus state is: 0
Set Net Indication Callback called
Bus state is: 0
Set Net Indication Callback called
Bus state is: 0
Set Net Indication Callback called
Bus state is: 0
Set Net Indication Callback called
Bus state is: 0
Set Net Indication Callback called
Bus state is: 0
Set Net Indication Callback called
Bus state is: 0
Set Net Indication Callback called
Bus state is: 0
Set Net Indication Callback called
Bus state is: 0
Set Net Indication Callback called
Bus state is: 0
Set Net Indication Callback called
Bus state is: 0
Set Net Indication Callback called
Bus state is: 0
Set Net Indication Callback called
Bus state is: 0
Set Net Indication Callback called
Bus state is: 0
Set Net Indication Callback called
Bus state is: 0
Set Net Indication Callback called
Bus state is: 0
Set Net Indication Callback called
Bus state is: 0
Set Net Indication Callback called
Bus state is: 0
Set Net Indication Callback called
Bus state is: 0
Set Net Indication Callback called
Bus state is: 0
Set Net Indication Callback called
Bus state is: 0
Set Net Indication Callback called
Bus state is: 0
Set Net Indication Callback called
Bus state is: 0
Set Net Indication Callback called
Bus state is: 0
Set Net Indication Callback called
Bus state is: 0
Set Net Indication Callback called
Bus state is: 0
Set Net Indication Callback called
Bus state is: 0
Set Net Indication Callback called
Bus state is: 0
Set Net Indication Callback called
Bus state is: 0
Set Net Indication Callback called
Bus state is: 0
Set Net Indication Callback called
Bus state is: 0
Set Net Indication Callback called
Bus state is: 0
Set Net Indication Callback called
Bus state is: 0
Set Net Indication Callback called
Bus state is: 0
Set Net Indication Callback called
Bus state is: 0
Set Net Indication Callback called
Bus state is: 0
Set Net Indication Callback called
Bus state is: 0
Set Net Indication Callback called
Bus state is: 0
Set Net Indication Callback called
Bus state is: 0
Set Net Indication Callback called
Bus state is: 0
Set Net Indication Callback called
Bus state is: 0
Set Net Indication Callback called
Bus state is: 0
Set Net Indication Callback called
Bus state is: 0
Set Net Indication Callback called
Bus state is: 0
Set Net Indication Callback called
Bus state is: 0
Set Net Indication Callback called
Bus state is: 0
Set Net Indication Callback called
Bus state is: 0
Set Net Indication Callback called
Bus state is: 0
Set Net Indication Callback called
Bus state is: 0
Set Net Indication Callback called
Bus state is: 0
Set Net Indication Callback called
Bus state is: 0
Set Net Indication Callback called
Bus state is: 0
Set Net Indication Callback called
Bus state is: 0
Set Net Indication Callback called
Bus state is: 0
Set Net Indication Callback called
Bus state is: 0
Set Net Indication Callback called
Bus state is: 0
Set Net Indication Callback called
Bus state is: 0
Set Net Indication Callback called
Bus state is: 0
Set Net Indication Callback called
Bus state is: 0
Set Net Indication Callback called
Bus state is: 0
Set Net Indication Callback called
Bus state is: 0
Set Net Indication Callback called
Bus state is: 0
Set Net Indication Callback called
Bus state is: 0
Set Net Indication Callback called
Bus state is: 0
Set Net Indication Callback called
Bus state is: 0
Set Net Indication Callback called
Bus state is: 0
Set Net Indication Callback called
Bus state is: 0
Set Net Indication Callback called
Bus state is: 0
Set Net Indication Callback called
Bus state is: 0
Set Net Indication Callback called
Bus state is: 0
Set Net Indication Callback called
Bus state is: 0
Set Net Indication Callback called
Bus state is: 0
Set Net Indication Callback called
Bus state is: 0
Set Net Indication Callback called
Bus state is: 0
Set Net Indication Callback called
Bus state is: 0
Set Net Indication Callback called
Bus state is: 0
Set Net Indication Callback called
Bus state is: 0
Set Net Indication Callback called
Bus state is: 0
Set Net Indication Callback called
Bus state is: 0
Set Net Indication Callback called
Bus state is: 0
Set Net Indication Callback called
Bus state is: 0
Set Net Indication Callback called
Bus state is: 0
Set Net Indication Callback called
Bus state is: 0
Set Net Indication Callback called
Bus state is: 0
Set Net Indication Callback called
Bus state is: 0
Set Net Indication Callback called
Bus state is: 0
Set Net Indication Callback called
Bus state is: 0
Set Net Indication Callback called
Bus state is: 0
Set Net Indication Callback called
Bus state is: 0
Set Net Indication Callback called
Bus state is: 0
Set Net Indication Callback called
Bus state is: 0
Set Net Indication Callback called
Bus state is: 0
Set Net Indication Callback called
Bus state is: 0
Set Net Indication Callback called
Bus state is: 0
Set Net Indication Callback called
Bus state is: 0
Set Net Indication Callback called
Bus state is: 0
Set Net Indication Callback called
Bus state is: 0
Set Net Indication Callback called
Bus state is: 0
Set Net Indication Callback called
Bus state is: 0
Set Net Indication Callback called
Bus state is: 0
Set Net Indication Callback called
Bus state is: 0
Set Net Indication Callback called
Bus state is: 0
Set Net Indication Callback called
Bus state is: 0
Set Net Indication Callback called
Bus state is: 0
Set Net Indication Callback called
Bus state is: 0
Set Net Indication Callback called
Bus state is: 0
Set Net Indication Callback called
Bus state is: 0
Set Net Indication Callback called
Bus state is: 0
Set Net Indication Callback called
Bus state is: 0
Set Net Indication Callback called
Bus state is: 0
Set Net Indication Callback called
Bus state is: 0
Set Net Indication Callback called
Bus state is: 0
Set Net Indication Callback called
Bus state is: 0
Set Net Indication Callback called
Bus state is: 0
Set Net Indication Callback called
Bus state is: 0
Set Net Indication Callback called
Bus state is: 0
Set Net Indication Callback called
Bus state is: 0
Set Net Indication Callback called
Bus state is: 0
Set Net Indication Callback called
Bus state is: 0
Set Net Indication Callback called
Bus state is: 0
Set Net Indication Callback called
Bus state is: 0
Set Net Indication Callback called
Bus state is: 0
Set Net Indication Callback called
Bus state is: 0
Set Net Indication Callback called
Bus state is: 0
Set Net Indication Callback called
Bus state is: 0
Set Net Indication Callback called
Bus state is: 0
Set Net Indication Callback called
Bus state is: 0
Set Net Indication Callback called
Bus state is: 0
Set Net Indication Callback called
Bus state is: 0
Set Net Indication Callback called
Bus state is: 0
Set Net Indication Callback called
Bus state is: 0
Set Net Indication Callback called
Bus state is: 0
Set Net Indication Callback called
Bus state is: 0
Set Net Indication Callback called
Bus state is: 0
Set Net Indication Callback called
Bus state is: 0
Set Net Indication Callback called
Bus state is: 0
Set Net Indication Callback called
Bus state is: 0
Set Net Indication Callback called
Bus state is: 0
Set Net Indication Callback called
Bus state is: 0
Set Net Indication Callback called
Bus state is: 0
Set Net Indication Callback called
Bus state is: 0
Set Net Indication Callback called
Bus state is: 0
Set Net Indication Callback called
Bus state is: 0
Set Net Indication Callback called
Bus state is: 0
Set Net Indication Callback called
Bus state is: 0
Set Net Indication Callback called
Bus state is: 0
Set Net Indication Callback called
Bus state is: 0
Set Net Indication Callback called
Bus state is: 0
Set Net Indication Callback called
Bus state is: 0
Set Net Indication Callback called
Bus state is: 0
Set Net Indication Callback called
Bus state is: 0
Set Net Indication Callback called
Bus state is: 0
Set Net Indication Callback called
Bus state is: 0
Set Net Indication Callback called
Bus state is: 0
Set Net Indication Callback called
Bus state is: 0
Set Net Indication Callback called
Bus state is: 0
Set Net Indication Callback called
Bus state is: 0
Set Net Indication Callback called
Bus state is: 0
Set Net Indication Callback called
Bus state is: 0
Set Net Indication Callback called
Bus state is: 0
Set Net Indication Callback called
Bus state is: 0
Set Net Indication Callback called
Bus state is: 0
Set Net Indication Callback called
Bus state is: 0
Set Net Indication Callback called
Bus state is: 0
Set Net Indication Callback called
Bus state is: 0
Set Net Indication Callback called
Bus state is: 0
Set Net Indication Callback called
Bus state is: 0
Set Net Indication Callback called
Bus state is: 0
Set Net Indication Callback called
Bus state is: 0
Set Net Indication Callback called
Bus state is: 0
Set Net Indication Callback called
Bus state is: 0
Set Net Indication Callback called
Bus state is: 0
Set Net Indication Callback called
Bus state is: 0
Set Net Indication Callback called
Bus state is: 0
Set Net Indication Callback called
Bus state is: 0
Set Net Indication Callback called
Bus state is: 0
Set Net Indication Callback called
Bus state is: 0
Set Net Indication Callback called
Bus state is: 0
Set Net Indication Callback called
Bus state is: 0
Set Net Indication Callback called
Bus state is: 0
Set Net Indication Callback called
Bus state is: 0
Set Net Indication Callback called
Bus state is: 0
Set Net Indication Callback called
Bus state is: 0
Set Net Indication Callback called
Bus state is: 0
Set Net Indication Callback called
Bus state is: 0
Set Net Indication Callback called
Bus state is: 0
Set Net Indication Callback called
Bus state is: 0
Set Net Indication Callback called
Bus state is: 0
Set Net Indication Callback called
Bus state is: 0
Set Net Indication Callback called
Bus state is: 0
Set Net Indication Callback called
Bus state is: 0
Set Net Indication Callback called
Bus state is: 0
Set Net Indication Callback called
Bus state is: 0
Set Net Indication Callback called
Bus state is: 0
Set Net Indication Callback called
Bus state is: 0
Set Net Indication Callback called
Bus state is: 0
Set Net Indication Callback called
Bus state is: 0
Set Net Indication Callback called
Bus state is: 0
Set Net Indication Callback called
Bus state is: 0
Set Net Indication Callback called
Bus state is: 0
Set Net Indication Callback called
Bus state is: 0
Set Net Indication Callback called
Bus state is: 0
Set Net Indication Callback called
Bus state is: 0
Set Net Indication Callback called
Bus state is: 0
Set Net Indication Callback called
Bus state is: 0
Set Net Indication Callback called
Bus state is: 0
Set Net Indication Callback called
Bus state is: 0
Set Net Indication Callback called
Bus state is: 0
Set Net Indication Callback called
Bus state is: 0
Set Net Indication Callback called
Bus state is: 0
Set Net Indication Callback called
Bus state is: 0
Set Net Indication Callback called
Bus state is: 0
Set Net Indication Callback called
Bus state is: 0
Set Net Indication Callback called
Bus state is: 0
Set Net Indication Callback called
Bus state is: 0
Set Net Indication Callback called
Bus state is: 0
Set Net Indication Callback called
Bus state is: 0
Set Net Indication Callback called
Bus state is: 0
Set Net Indication Callback called
Bus state is: 0
Set Net Indication Callback called
Bus state is: 0
Set Net Indication Callback called
Bus state is: 0
Set Net Indication Callback called
Bus state is: 0
Set Net Indication Callback called
Bus state is: 0
Set Net Indication Callback called
Bus state is: 0
Set Net Indication Callback called
Bus state is: 0
Set Net Indication Callback called
Bus state is: 0
Set Net Indication Callback called
Bus state is: 0
Set Net Indication Callback called
Bus state is: 0
Set Net Indication Callback called
Bus state is: 0
Set Net Indication Callback called
Bus state is: 0
Set Net Indication Callback called
Bus state is: 0
Set Net Indication Callback called
Bus state is: 0
Set Net Indication Callback called
Bus state is: 0
Set Net Indication Callback called
Bus state is: 0
Set Net Indication Callback called
Bus state is: 0
Set Net Indication Callback called
Bus state is: 0
Set Net Indication Callback called
Bus state is: 0
Set Net Indication Callback called
Bus state is: 0
Set Net Indication Callback called
Bus state is: 0
Set Net Indication Callback called
Bus state is: 0
Set Net Indication Callback called
Bus state is: 0
Set Net Indication Callback called
Bus state is: 0
Set Net Indication Callback called
Bus state is: 0
Set Net Indication Callback called
Bus state is: 0
Set Net Indication Callback called
Bus state is: 0
Set Net Indication Callback called
Bus state is: 0
Set Net Indication Callback called
Bus state is: 0
Set Net Indication Callback called
Bus state is: 0
Set Net Indication Callback called
Bus state is: 0
Set Net Indication Callback called
Bus state is: 0
Set Net Indication Callback called
Bus state is: 0
Set Net Indication Callback called
Bus state is: 0
Set Net Indication Callback called
Bus state is: 0
Set Net Indication Callback called
Bus state is: 0
Set Net Indication Callback called
Bus state is: 0
Set Net Indication Callback called
Bus state is: 0
Set Net Indication Callback called
Bus state is: 0
Set Net Indication Callback called
Bus state is: 0
Set Net Indication Callback called
Bus state is: 0
Set Net Indication Callback called
Bus state is: 0
Set Net Indication Callback called
Bus state is: 0
Set Net Indication Callback called
Bus state is: 0
Set Net Indication Callback called
Bus state is: 0
Set Net Indication Callback called
Bus state is: 0
Set Net Indication Callback called
Bus state is: 0
Set Net Indication Callback called
Bus state is: 0
Set Net Indication Callback called
Bus state is: 0
Set Net Indication Callback called
Bus state is: 0
Set Net Indication Callback called
Bus state is: 0
Set Net Indication Callback called
Bus state is: 0
Set Net Indication Callback called
Bus state is: 0
Set Net Indication Callback called
Bus state is: 0
Set Net Indication Callback called
Bus state is: 0
Set Net Indication Callback called
Bus state is: 0
Set Net Indication Callback called
Bus state is: 0
Set Net Indication Callback called
Bus state is: 0
Set Net Indication Callback called
Bus state is: 0
Set Net Indication Callback called
Bus state is: 0
Set Net Indication Callback called
Bus state is: 0
Set Net Indication Callback called
Bus state is: 0
Set Net Indication Callback called
Bus state is: 0
Set Net Indication Callback called
Bus state is: 0
Set Net Indication Callback called
Bus state is: 0
Set Net Indication Callback called
Bus state is: 0
Set Net Indication Callback called
Bus state is: 0
Set Net Indication Callback called
Bus state is: 0
Set Net Indication Callback called
Bus state is: 0
Set Net Indication Callback called
Bus state is: 0
Set Net Indication Callback called
Bus state is: 0
Set Net Indication Callback called
Bus state is: 0
Set Net Indication Callback called
Bus state is: 0
Set Net Indication Callback called
Bus state is: 0
Set Net Indication Callback called
Bus state is: 0
Set Net Indication Callback called
Bus state is: 0
Set Net Indication Callback called
Bus state is: 0
Set Net Indication Callback called
Bus state is: 0
Set Net Indication Callback called
Bus state is: 0
Set Net Indication Callback called
Bus state is: 0
Set Net Indication Callback called
Bus state is: 0
Set Net Indication Callback called
Bus state is: 0
Set Net Indication Callback called
Bus state is: 0
Set Net Indication Callback called
Bus state is: 0
Set Net Indication Callback called
Bus state is: 0
Set Net Indication Callback called
Bus state is: 0
Set Net Indication Callback called
Bus state is: 0
Set Net Indication Callback called
Bus state is: 0
Set Net Indication Callback called
Bus state is: 0
Set Net Indication Callback called
Bus state is: 0
Set Net Indication Callback called
Bus state is: 0
Set Net Indication Callback called
Bus state is: 0
Set Net Indication Callback called
Bus state is: 0
Set Net Indication Callback called
Bus state is: 0
Set Net Indication Callback called
Bus state is: 0
Set Net Indication Callback called
Bus state is: 0
Set Net Indication Callback called
Bus state is: 0
Set Net Indication Callback called
Bus state is: 0
Set Net Indication Callback called
Bus state is: 0
Set Net Indication Callback called
Bus state is: 0
Set Net Indication Callback called
Bus state is: 0
Set Net Indication Callback called
Bus state is: 0
Set Net Indication Callback called
Bus state is: 0
Set Net Indication Callback called
Bus state is: 0
Set Net Indication Callback called
Bus state is: 0
Set Net Indication Callback called
Bus state is: 0
Set Net Indication Callback called
Bus state is: 0
Set Net Indication Callback called
Bus state is: 0
Set Net Indication Callback called
Bus state is: 0
Set Net Indication Callback called
Bus state is: 0
Set Net Indication Callback called
Bus state is: 0
Set Net Indication Callback called
Bus state is: 0
Set Net Indication Callback called
Bus state is: 0
Set Net Indication Callback called
Bus state is: 0
Set Net Indication Callback called
Bus state is: 0
Set Net Indication Callback called
Bus state is: 0
Set Net Indication Callback called
Bus state is: 0
Set Net Indication Callback called
Bus state is: 0
Set Net Indication Callback called
Bus state is: 0
Set Net Indication Callback called
Bus state is: 0
Set Net Indication Callback called
Bus state is: 0
Set Net Indication Callback called
Bus state is: 0
Set Net Indication Callback called
Bus state is: 0
Set Net Indication Callback called
Bus state is: 0
Set Net Indication Callback called
Bus state is: 0
Set Net Indication Callback called
Bus state is: 0
Set Net Indication Callback called
Bus state is: 0
Set Net Indication Callback called
Bus state is: 0
Set Net Indication Callback called
Bus state is: 0
Set Net Indication Callback called
Bus state is: 0
Set Net Indication Callback called
Bus state is: 0
Set Net Indication Callback called
Bus state is: 0
Set Net Indication Callback called
Bus state is: 0
Set Net Indication Callback called
Bus state is: 0
Set Net Indication Callback called
Bus state is: 0
Set Net Indication Callback called
Bus state is: 0
Set Net Indication Callback called
Bus state is: 0
Set Net Indication Callback called
Bus state is: 0
Set Net Indication Callback called
Bus state is: 0
Set Net Indication Callback called
Bus state is: 0
Set Net Indication Callback called
Bus state is: 0
Set Net Indication Callback called
Bus state is: 0
Set Net Indication Callback called
Bus state is: 0
Set Net Indication Callback called
Bus state is: 0
Set Net Indication Callback called
Bus state is: 0
Set Net Indication Callback called
Bus state is: 0
Set Net Indication Callback called
Bus state is: 0
Set Net Indication Callback called
Bus state is: 0
Set Net Indication Callback called
Bus state is: 0
Set Net Indication Callback called
Bus state is: 0
Set Net Indication Callback called
Bus state is: 0
Set Net Indication Callback called
Bus state is: 0
Set Net Indication Callback called
Bus state is: 0
Set Net Indication Callback called
Bus state is: 0
Set Net Indication Callback called
Bus state is: 0
Set Net Indication Callback called
Bus state is: 0
Set Net Indication Callback called
Bus state is: 0
Set Net Indication Callback called
Bus state is: 0
Set Net Indication Callback called
Bus state is: 0
Set Net Indication Callback called
Bus state is: 0
Set Net Indication Callback called
Bus state is: 0
Set Net Indication Callback called
Bus state is: 0
Set Net Indication Callback called
Bus state is: 0
Set Net Indication Callback called
Bus state is: 0
Set Net Indication Callback called
Bus state is: 0
Set Net Indication Callback called
Bus state is: 0
Set Net Indication Callback called
Bus state is: 0
Set Net Indication Callback called
Bus state is: 0
Set Net Indication Callback called
Bus state is: 0
Set Net Indication Callback called
Bus state is: 0
Set Net Indication Callback called
Bus state is: 0
Set Net Indication Callback called
Bus state is: 0
Set Net Indication Callback called
Bus state is: 0
Set Net Indication Callback called
Bus state is: 0
Set Net Indication Callback called
Bus state is: 0
Set Net Indication Callback called
Bus state is: 0
Set Net Indication Callback called
Bus state is: 0
Set Net Indication Callback called
Bus state is: 0
Set Net Indication Callback called
Bus state is: 0
Set Net Indication Callback called
Bus state is: 0
Set Net Indication Callback called
Bus state is: 0
Set Net Indication Callback called
Bus state is: 0
Set Net Indication Callback called
Bus state is: 0
Set Net Indication Callback called
Bus state is: 0
Set Net Indication Callback called
Bus state is: 0
Set Net Indication Callback called
Bus state is: 0
Set Net Indication Callback called
Bus state is: 0
Set Net Indication Callback called
Bus state is: 0
Set Net Indication Callback called
Bus state is: 0
Set Net Indication Callback called
Bus state is: 0
Set Net Indication Callback called
Bus state is: 0
Set Net Indication Callback called
Bus state is: 0
Set Net Indication Callback called
Bus state is: 0
Set Net Indication Callback called
Bus state is: 0
Set Net Indication Callback called
Bus state is: 0
Set Net Indication Callback called
Bus state is: 0
Set Net Indication Callback called
Bus state is: 0
Set Net Indication Callback called
Bus state is: 0
Set Net Indication Callback called
Bus state is: 0
Set Net Indication Callback called
Bus state is: 0
Set Net Indication Callback called
Bus state is: 0
Set Net Indication Callback called
Bus state is: 0
Set Net Indication Callback called
Bus state is: 0
Set Net Indication Callback called
Bus state is: 0
Set Net Indication Callback called
Bus state is: 0
Set Net Indication Callback called
Bus state is: 0
Set Net Indication Callback called
Bus state is: 0
Set Net Indication Callback called
Bus state is: 0
Set Net Indication Callback called
Bus state is: 0
Set Net Indication Callback called
Bus state is: 0
Set Net Indication Callback called
Bus state is: 0
Set Net Indication Callback called
Bus state is: 0
Set Net Indication Callback called
Bus state is: 0
Set Net Indication Callback called
Bus state is: 0
Set Net Indication Callback called
Bus state is: 0
Set Net Indication Callback called
Bus state is: 0
Set Net Indication Callback called
Bus state is: 0
Set Net Indication Callback called
Bus state is: 0
Set Net Indication Callback called
Bus state is: 0
Set Net Indication Callback called
Bus state is: 0
Set Net Indication Callback called
Bus state is: 0
Set Net Indication Callback called
Bus state is: 0
Set Net Indication Callback called
Bus state is: 0
Set Net Indication Callback called
Bus state is: 0
Set Net Indication Callback called
Bus state is: 0
Set Net Indication Callback called
Bus state is: 0
Set Net Indication Callback called
Bus state is: 0
Set Net Indication Callback called
Bus state is: 0
Set Net Indication Callback called
Bus state is: 0
Set Net Indication Callback called
Bus state is: 0
Set Net Indication Callback called
Bus state is: 0
Set Net Indication Callback called
Bus state is: 0
Set Net Indication Callback called
Bus state is: 0
Set Net Indication Callback called
Bus state is: 0
Set Net Indication Callback called
Bus state is: 0
Set Net Indication Callback called
Bus state is: 0
Set Net Indication Callback called
Bus state is: 0
Set Net Indication Callback called
Bus state is: 0
Set Net Indication Callback called
Bus state is: 0
Set Net Indication Callback called
Bus state is: 0
Set Net Indication Callback called
Bus state is: 0
Set Net Indication Callback called
Bus state is: 0
Set Net Indication Callback called
Bus state is: 0
Set Net Indication Callback called
Bus state is: 0
Set Net Indication Callback called
Bus state is: 0
Set Net Indication Callback called
Bus state is: 0
Set Net Indication Callback called
Bus state is: 0
Set Net Indication Callback called
Bus state is: 0
Set Net Indication Callback called
Bus state is: 0
Set Net Indication Callback called
Bus state is: 0
Set Net Indication Callback called
Bus state is: 0
Set Net Indication Callback called
Bus state is: 0
Set Net Indication Callback called
Bus state is: 0
Set Net Indication Callback called
Bus state is: 0
Set Net Indication Callback called
Bus state is: 0
Set Net Indication Callback called
Bus state is: 0
Set Net Indication Callback called
Bus state is: 0
Set Net Indication Callback called
Bus state is: 0
Set Net Indication Callback called
Bus state is: 0
Set Net Indication Callback called
Bus state is: 0
Set Net Indication Callback called
Bus state is: 0
Set Net Indication Callback called
Bus state is: 0
Set Net Indication Callback called
Bus state is: 0
Set Net Indication Callback called
Bus state is: 0
Set Net Indication Callback called
Bus state is: 0
Set Net Indication Callback called
Bus state is: 0
Set Net Indication Callback called
Bus state is: 0
Set Net Indication Callback called
Bus state is: 0
Set Net Indication Callback called
Bus state is: 0
Set Net Indication Callback called
Bus state is: 0
Set Net Indication Callback called
Bus state is: 0
Set Net Indication Callback called
Bus state is: 0
Set Net Indication Callback called
Bus state is: 0
Set Net Indication Callback called
Bus state is: 0
Set Net Indication Callback called
Bus state is: 0
Set Net Indication Callback called
Bus state is: 0
Set Net Indication Callback called
Bus state is: 0
Set Net Indication Callback called
Bus state is: 0
Set Net Indication Callback called
Bus state is: 0
Set Net Indication Callback called
Bus state is: 0
Set Net Indication Callback called
Bus state is: 0
Set Net Indication Callback called
Bus state is: 0
Set Net Indication Callback called
Bus state is: 0
Set Net Indication Callback called
Bus state is: 0
Set Net Indication Callback called
Bus state is: 0
Set Net Indication Callback called
Bus state is: 0
Set Net Indication Callback called
Bus state is: 0
Set Net Indication Callback called
Bus state is: 0
Set Net Indication Callback called
Bus state is: 0
Set Net Indication Callback called
Bus state is: 0
Set Net Indication Callback called
Bus state is: 0
Set Net Indication Callback called
Bus state is: 0
Set Net Indication Callback called
Bus state is: 0
Set Net Indication Callback called
Bus state is: 0
Set Net Indication Callback called
Bus state is: 0
Set Net Indication Callback called
Bus state is: 0
Set Net Indication Callback called
Bus state is: 0
Set Net Indication Callback called
Bus state is: 0
Set Net Indication Callback called
Bus state is: 0
Set Net Indication Callback called
Bus state is: 0
Set Net Indication Callback called
Bus state is: 0
Set Net Indication Callback called
Bus state is: 0
Set Net Indication Callback called
Bus state is: 0
Set Net Indication Callback called
Bus state is: 0
Set Net Indication Callback called
Bus state is: 0
Set Net Indication Callback called
Bus state is: 0
Set Net Indication Callback called
Bus state is: 0
Set Net Indication Callback called
Bus state is: 0
Set Net Indication Callback called
Bus state is: 0
Set Net Indication Callback called
Bus state is: 0
Set Net Indication Callback called
Bus state is: 0
Set Net Indication Callback called
Bus state is: 0
Set Net Indication Callback called
Bus state is: 0
Set Net Indication Callback called
Bus state is: 0
Set Net Indication Callback called
Bus state is: 0
Set Net Indication Callback called
Bus state is: 0
Set Net Indication Callback called
Bus state is: 0
Set Net Indication Callback called
Bus state is: 0
Set Net Indication Callback called
Bus state is: 0
Set Net Indication Callback called
Bus state is: 0
Set Net Indication Callback called
Bus state is: 0
Set Net Indication Callback called
Bus state is: 0
Set Net Indication Callback called
Bus state is: 0
Set Net Indication Callback called
Bus state is: 0
Set Net Indication Callback called
Bus state is: 0
Set Net Indication Callback called
Bus state is: 0
Set Net Indication Callback called
Bus state is: 0
Set Net Indication Callback called
Bus state is: 0
Set Net Indication Callback called
Bus state is: 0
Set Net Indication Callback called
Bus state is: 0
Set Net Indication Callback called
Bus state is: 0
Set Net Indication Callback called
Bus state is: 0
Set Net Indication Callback called
Bus state is: 0
Set Net Indication Callback called
Bus state is: 0
Set Net Indication Callback called
Bus state is: 0
Set Net Indication Callback called
Bus state is: 0
Set Net Indication Callback called
Bus state is: 0
Set Net Indication Callback called
Bus state is: 0
Set Net Indication Callback called
Bus state is: 0
Set Net Indication Callback called
Bus state is: 0
Set Net Indication Callback called
Bus state is: 0
Set Net Indication Callback called
Bus state is: 0
Set Net Indication Callback called
Bus state is: 0
Set Net Indication Callback called
Bus state is: 0
Set Net Indication Callback called
Bus state is: 0
Set Net Indication Callback called
Bus state is: 0
Set Net Indication Callback called
Bus state is: 0
Set Net Indication Callback called
Bus state is: 0
Set Net Indication Callback called
Bus state is: 0
Set Net Indication Callback called
Bus state is: 0
Set Net Indication Callback called
Bus state is: 0
Set Net Indication Callback called
Bus state is: 0
Set Net Indication Callback called
Bus state is: 0
Set Net Indication Callback called
Bus state is: 0
Set Net Indication Callback called
Bus state is: 0
Set Net Indication Callback called
Bus state is: 0
Set Net Indication Callback called
Bus state is: 0
Set Net Indication Callback called
Bus state is: 0
Set Net Indication Callback called
Bus state is: 0
Set Net Indication Callback called
Bus state is: 0
Set Net Indication Callback called
Bus state is: 0
Set Net Indication Callback called
Bus state is: 0
Set Net Indication Callback called
Bus state is: 0
Set Net Indication Callback called
Bus state is: 0
Set Net Indication Callback called
Bus state is: 0
Set Net Indication Callback called
Bus state is: 0
Set Net Indication Callback called
Bus state is: 0
Set Net Indication Callback called
Bus state is: 0
Set Net Indication Callback called
Bus state is: 0
Set Net Indication Callback called
Bus state is: 0
Set Net Indication Callback called
Bus state is: 0
Set Net Indication Callback called
Bus state is: 0
Set Net Indication Callback called
Bus state is: 0
Set Net Indication Callback called
Bus state is: 0
Set Net Indication Callback called
Bus state is: 0
Set Net Indication Callback called
Bus state is: 0
Set Net Indication Callback called
Bus state is: 0
Set Net Indication Callback called
Bus state is: 0
Set Net Indication Callback called
Bus state is: 0
Set Net Indication Callback called
Bus state is: 0
Set Net Indication Callback called
Bus state is: 0
Set Net Indication Callback called
Bus state is: 0
Set Net Indication Callback called
Bus state is: 0
Set Net Indication Callback called
Bus state is: 0
Set Net Indication Callback called
Bus state is: 0
Set Net Indication Callback called
Bus state is: 0
Set Net Indication Callback called
Bus state is: 0
Set Net Indication Callback called
Bus state is: 0
Set Net Indication Callback called
Bus state is: 0
Set Net Indication Callback called
Bus state is: 0
Set Net Indication Callback called
Bus state is: 0
Set Net Indication Callback called
Bus state is: 0
Set Net Indication Callback called
Bus state is: 0
Set Net Indication Callback called
Bus state is: 0
Set Net Indication Callback called
Bus state is: 0
Set Net Indication Callback called
Bus state is: 0
Set Net Indication Callback called
Bus state is: 0
Set Net Indication Callback called
Bus state is: 0
Set Net Indication Callback called
Bus state is: 0
Set Net Indication Callback called
Bus state is: 0
Set Net Indication Callback called
Bus state is: 0
Set Net Indication Callback called
Bus state is: 0
Set Net Indication Callback called
Bus state is: 0
Set Net Indication Callback called
Bus state is: 0
Set Net Indication Callback called
Bus state is: 0
Set Net Indication Callback called
Bus state is: 0
Set Net Indication Callback called
Bus state is: 0
Set Net Indication Callback called
Bus state is: 0
Set Net Indication Callback called
Bus state is: 0
Set Net Indication Callback called
Bus state is: 0
Set Net Indication Callback called
Bus state is: 0
Set Net Indication Callback called
Bus state is: 0
Set Net Indication Callback called
Bus state is: 0
Set Net Indication Callback called
Bus state is: 0
Set Net Indication Callback called
Bus state is: 0
Set Net Indication Callback called
Bus state is: 0
Set Net Indication Callback called
Bus state is: 0
Set Net Indication Callback called
Bus state is: 0
Set Net Indication Callback called
Bus state is: 0
Set Net Indication Callback called
Bus state is: 0
Set Net Indication Callback called
Bus state is: 0
Set Net Indication Callback called
Bus state is: 0
Set Net Indication Callback called
Bus state is: 0
Set Net Indication Callback called
Bus state is: 0
Set Net Indication Callback called
Bus state is: 0
Set Net Indication Callback called
Bus state is: 0
Set Net Indication Callback called
Bus state is: 0
Set Net Indication Callback called
Bus state is: 0
Set Net Indication Callback called
Bus state is: 0
Set Net Indication Callback called
Bus state is: 0
Set Net Indication Callback called
Bus state is: 0
Set Net Indication Callback called
Bus state is: 0
Set Net Indication Callback called
Bus state is: 0
Set Net Indication Callback called
Bus state is: 0
Set Net Indication Callback called
Bus state is: 0
Set Net Indication Callback called
Bus state is: 0
Set Net Indication Callback called
Bus state is: 0
Set Net Indication Callback called
Bus state is: 0
Set Net Indication Callback called
Bus state is: 0
Set Net Indication Callback called
Bus state is: 0
Set Net Indication Callback called
Bus state is: 0
Set Net Indication Callback called
Bus state is: 0
Set Net Indication Callback called
Bus state is: 0
Set Net Indication Callback called
Bus state is: 0
Set Net Indication Callback called
Bus state is: 0
Set Net Indication Callback called
Bus state is: 0
Set Net Indication Callback called
Bus state is: 0
Set Net Indication Callback called
Bus state is: 0
Set Net Indication Callback called
Bus state is: 0
Set Net Indication Callback called
Bus state is: 0
Set Net Indication Callback called
Bus state is: 0
Set Net Indication Callback called
Bus state is: 0
Set Net Indication Callback called
Bus state is: 0
Set Net Indication Callback called
Bus state is: 0
Set Net Indication Callback called
Bus state is: 0
Set Net Indication Callback called
Bus state is: 0
Set Net Indication Callback called
Bus state is: 0
Set Net Indication Callback called
Bus state is: 0
Set Net Indication Callback called
Bus state is: 0
Set Net Indication Callback called
Bus state is: 0
Set Net Indication Callback called
Bus state is: 0
Set Net Indication Callback called
Bus state is: 0
Set Net Indication Callback called
Bus state is: 0
Set Net Indication Callback called
Bus state is: 0
Set Net Indication Callback called
Bus state is: 0
Set Net Indication Callback called
Bus state is: 0
Set Net Indication Callback called
Bus state is: 0
Set Net Indication Callback called
Bus state is: 0
Set Net Indication Callback called
Bus state is: 0
Set Net Indication Callback called
Bus state is: 0
Set Net Indication Callback called
Bus state is: 0
Set Net Indication Callback called
Bus state is: 0
Set Net Indication Callback called
Bus state is: 0
Set Net Indication Callback called
Bus state is: 0
Set Net Indication Callback called
Bus state is: 0
Set Net Indication Callback called
Bus state is: 0
Set Net Indication Callback called
Bus state is: 0
Set Net Indication Callback called
Bus state is: 0
Set Net Indication Callback called
Bus state is: 0
Set Net Indication Callback called
Bus state is: 0
Set Net Indication Callback called
Bus state is: 0
Set Net Indication Callback called
Bus state is: 0
Set Net Indication Callback called
Bus state is: 0
Set Net Indication Callback called
Bus state is: 0
Set Net Indication Callback called
Bus state is: 0
Set Net Indication Callback called
Bus state is: 0
Set Net Indication Callback called
Bus state is: 0
Set Net Indication Callback called
Bus state is: 0
Set Net Indication Callback called
Bus state is: 0
Set Net Indication Callback called
Bus state is: 0
Set Net Indication Callback called
Bus state is: 0
Set Net Indication Callback called
Bus state is: 0
Set Net Indication Callback called
Bus state is: 0
Set Net Indication Callback called
Bus state is: 0
Set Net Indication Callback called
Bus state is: 0
Set Net Indication Callback called
Bus state is: 0
Set Net Indication Callback called
Bus state is: 0
Set Net Indication Callback called
Bus state is: 0
Set Net Indication Callback called
Bus state is: 0
Set Net Indication Callback called
Bus state is: 0
Set Net Indication Callback called
Bus state is: 0
Set Net Indication Callback called
Bus state is: 0
Set Net Indication Callback called
Bus state is: 0
Set Net Indication Callback called
Bus state is: 0
Set Net Indication Callback called
Bus state is: 0
Set Net Indication Callback called
Bus state is: 0
Set Net Indication Callback called
Bus state is: 0
Set Net Indication Callback called
Bus state is: 0
Set Net Indication Callback called
Bus state is: 0
Set Net Indication Callback called
Bus state is: 0
Set Net Indication Callback called
Bus state is: 0
Set Net Indication Callback called
Bus state is: 0
Set Net Indication Callback called
Bus state is: 0
Set Net Indication Callback called
Bus state is: 0
Set Net Indication Callback called
Bus state is: 0
Set Net Indication Callback called
Bus state is: 0
Set Net Indication Callback called
Bus state is: 0
Set Net Indication Callback called
Bus state is: 0
Set Net Indication Callback called
Bus state is: 0
Set Net Indication Callback called
Bus state is: 0
Set Net Indication Callback called
Bus state is: 0
Set Net Indication Callback called
Bus state is: 0
Set Net Indication Callback called
Bus state is: 0
Set Net Indication Callback called
Bus state is: 0
Set Net Indication Callback called
Bus state is: 0
Set Net Indication Callback called
Bus state is: 0
Set Net Indication Callback called
Bus state is: 0
Set Net Indication Callback called
Bus state is: 0
Set Net Indication Callback called
Bus state is: 0
Set Net Indication Callback called
Bus state is: 0
Set Net Indication Callback called
Bus state is: 0
Set Net Indication Callback called
Bus state is: 0
Set Net Indication Callback called
Bus state is: 0
Set Net Indication Callback called
Bus state is: 0
Set Net Indication Callback called
Bus state is: 0
Set Net Indication Callback called
Bus state is: 0
Set Net Indication Callback called
Bus state is: 0
Set Net Indication Callback called
Bus state is: 0
Set Net Indication Callback called
Bus state is: 0
Set Net Indication Callback called
Bus state is: 0
Set Net Indication Callback called
Bus state is: 0
Set Net Indication Callback called
Bus state is: 0
Set Net Indication Callback called
Bus state is: 0
Set Net Indication Callback called
Bus state is: 0
Set Net Indication Callback called
Bus state is: 0
Set Net Indication Callback called
Bus state is: 0
Set Net Indication Callback called
Bus state is: 0
Set Net Indication Callback called
Bus state is: 0
Set Net Indication Callback called
Bus state is: 0
Set Net Indication Callback called
Bus state is: 0
Set Net Indication Callback called
Bus state is: 0
Set Net Indication Callback called
Bus state is: 0
Set Net Indication Callback called
Bus state is: 0
Set Net Indication Callback called
Bus state is: 0
Set Net Indication Callback called
Bus state is: 0
Set Net Indication Callback called
Bus state is: 0
Set Net Indication Callback called
Bus state is: 0
Set Net Indication Callback called
Bus state is: 0
Set Net Indication Callback called
Bus state is: 0
Set Net Indication Callback called
Bus state is: 0
Set Net Indication Callback called
Bus state is: 0
Set Net Indication Callback called
Bus state is: 0
Set Net Indication Callback called
Bus state is: 0
Set Net Indication Callback called
Bus state is: 0
Set Net Indication Callback called
Bus state is: 0
Set Net Indication Callback called
Bus state is: 0
Set Net Indication Callback called
Bus state is: 0
Set Net Indication Callback called
Bus state is: 0
Set Net Indication Callback called
Bus state is: 0
Set Net Indication Callback called
Bus state is: 0
Set Net Indication Callback called
Bus state is: 0
Set Net Indication Callback called
Bus state is: 0
Set Net Indication Callback called
Bus state is: 0
Set Net Indication Callback called
Bus state is: 0
Set Net Indication Callback called
Bus state is: 0
Set Net Indication Callback called
Bus state is: 0
Set Net Indication Callback called
Bus state is: 0
Set Net Indication Callback called
Bus state is: 0
Set Net Indication Callback called
Bus state is: 0
Set Net Indication Callback called
Bus state is: 0
Set Net Indication Callback called
Bus state is: 0
Set Net Indication Callback called
Bus state is: 0
Set Net Indication Callback called
Bus state is: 0
Set Net Indication Callback called
Bus state is: 0
Set Net Indication Callback called
Bus state is: 0
Set Net Indication Callback called
Bus state is: 0
Set Net Indication Callback called
Bus state is: 0
Set Net Indication Callback called
Bus state is: 0
Set Net Indication Callback called
Bus state is: 0
Set Net Indication Callback called
Bus state is: 0
Set Net Indication Callback called
Bus state is: 0
Set Net Indication Callback called
Bus state is: 0
Set Net Indication Callback called
Bus state is: 0
Set Net Indication Callback called
Bus state is: 0
Set Net Indication Callback called
Bus state is: 0
Set Net Indication Callback called
Bus state is: 0
Set Net Indication Callback called
Bus state is: 0
Set Net Indication Callback called
Bus state is: 0
Set Net Indication Callback called
Bus state is: 0
Set Net Indication Callback called
Bus state is: 0
Set Net Indication Callback called
Bus state is: 0
Set Net Indication Callback called
Bus state is: 0
Set Net Indication Callback called
Bus state is: 0
Set Net Indication Callback called
Bus state is: 0
Set Net Indication Callback called
Bus state is: 0
Set Net Indication Callback called
Bus state is: 0
Set Net Indication Callback called
Bus state is: 0
Set Net Indication Callback called
Bus state is: 0
Set Net Indication Callback called
Bus state is: 0
Set Net Indication Callback called
Bus state is: 0
Set Net Indication Callback called
Bus state is: 0
Set Net Indication Callback called
Bus state is: 0
Set Net Indication Callback called
Bus state is: 0
Set Net Indication Callback called
Bus state is: 0
Set Net Indication Callback called
Bus state is: 0
Set Net Indication Callback called
Bus state is: 0
Set Net Indication Callback called
Bus state is: 0
Set Net Indication Callback called
Bus state is: 0
Set Net Indication Callback called
Bus state is: 0
Set Net Indication Callback called
Bus state is: 0
Set Net Indication Callback called
Bus state is: 0
Set Net Indication Callback called
Bus state is: 0
Set Net Indication Callback called
Bus state is: 0
Set Net Indication Callback called
Bus state is: 0
Set Net Indication Callback called
Bus state is: 0
Set Net Indication Callback called
Bus state is: 0
Set Net Indication Callback called
Bus state is: 0
Set Net Indication Callback called
Bus state is: 0
Set Net Indication Callback called
Bus state is: 0
Set Net Indication Callback called
Bus state is: 0
Set Net Indication Callback called
Bus state is: 0
Set Net Indication Callback called
Bus state is: 0
Set Net Indication Callback called
Bus state is: 0
Set Net Indication Callback called
Bus state is: 0
Set Net Indication Callback called
Bus state is: 0
Set Net Indication Callback called
Bus state is: 0
Set Net Indication Callback called
Bus state is: 0
Set Net Indication Callback called
Bus state is: 0
Set Net Indication Callback called
Bus state is: 0
Set Net Indication Callback called
Bus state is: 0
Set Net Indication Callback called
Bus state is: 0
Set Net Indication Callback called
Bus state is: 0
Set Net Indication Callback called
Bus state is: 0
Set Net Indication Callback called
Bus state is: 0
Set Net Indication Callback called
Bus state is: 0
Set Net Indication Callback called
Bus state is: 0
Set Net Indication Callback called
Bus state is: 0
Set Net Indication Callback called
Bus state is: 0
Set Net Indication Callback called
Bus state is: 0
Set Net Indication Callback called
Bus state is: 0
Set Net Indication Callback called
Bus state is: 0
Set Net Indication Callback called
Bus state is: 0
Set Net Indication Callback called
Bus state is: 0
Set Net Indication Callback called
Bus state is: 0
Set Net Indication Callback called
Bus state is: 0
Set Net Indication Callback called
Bus state is: 0
Set Net Indication Callback called
Bus state is: 0
Set Net Indication Callback called
Bus state is: 0
Set Net Indication Callback called
Bus state is: 0
Set Net Indication Callback called
Bus state is: 0
Set Net Indication Callback called
Bus state is: 0
Set Net Indication Callback called
Bus state is: 0
Set Net Indication Callback called
Bus state is: 0
Set Net Indication Callback called
Bus state is: 0
Set Net Indication Callback called
Bus state is: 0
Set Net Indication Callback called
Bus state is: 0
Set Net Indication Callback called
Bus state is: 0
Set Net Indication Callback called
Bus state is: 0
Set Net Indication Callback called
Bus state is: 0
Set Net Indication Callback called
Bus state is: 0
Set Net Indication Callback called
Bus state is: 0
Set Net Indication Callback called
Bus state is: 0
Set Net Indication Callback called
Bus state is: 0
Set Net Indication Callback called
Bus state is: 0
Set Net Indication Callback called
Bus state is: 0
Set Net Indication Callback called
Bus state is: 0
Set Net Indication Callback called
Bus state is: 0
Set Net Indication Callback called
Bus state is: 0
Set Net Indication Callback called
Bus state is: 0
Set Net Indication Callback called
Bus state is: 0
Set Net Indication Callback called
Bus state is: 0
Set Net Indication Callback called
Bus state is: 0
Set Net Indication Callback called
Bus state is: 0
Set Net Indication Callback called
Bus state is: 0
Set Net Indication Callback called
Bus state is: 0
Set Net Indication Callback called
Bus state is: 0
Set Net Indication Callback called
Bus state is: 0
Set Net Indication Callback called
Bus state is: 0
Set Net Indication Callback called
Bus state is: 0
Set Net Indication Callback called
Bus state is: 0
Set Net Indication Callback called
Bus state is: 0
Set Net Indication Callback called
Bus state is: 0
Set Net Indication Callback called
Bus state is: 0
Set Net Indication Callback called
Bus state is: 0
Set Net Indication Callback called
Bus state is: 0
Set Net Indication Callback called
Bus state is: 0
Set Net Indication Callback called
Bus state is: 0
Set Net Indication Callback called
Bus state is: 0
Set Net Indication Callback called
Bus state is: 0
Set Net Indication Callback called
Bus state is: 0
Set Net Indication Callback called
Bus state is: 0
Set Net Indication Callback called
Bus state is: 0
Set Net Indication Callback called
Bus state is: 0
Set Net Indication Callback called
Bus state is: 0
Set Net Indication Callback called
Bus state is: 0
Set Net Indication Callback called
Bus state is: 0
Set Net Indication Callback called
Bus state is: 0
Set Net Indication Callback called
Bus state is: 0
Set Net Indication Callback called
Bus state is: 0
Set Net Indication Callback called
Bus state is: 0
Set Net Indication Callback called
Bus state is: 0
Set Net Indication Callback called
Bus state is: 0
Set Net Indication Callback called
Bus state is: 0
Set Net Indication Callback called
Bus state is: 0
Set Net Indication Callback called
Bus state is: 0
Set Net Indication Callback called
Bus state is: 0
Set Net Indication Callback called
Bus state is: 0
Set Net Indication Callback called
Bus state is: 0
Set Net Indication Callback called
Bus state is: 0
Set Net Indication Callback called
Bus state is: 0
Set Net Indication Callback called
Bus state is: 0
Set Net Indication Callback called
Bus state is: 0
Set Net Indication Callback called
Bus state is: 0
Set Net Indication Callback called
Bus state is: 0
Set Net Indication Callback called
Bus state is: 0
Set Net Indication Callback called
Bus state is: 0
Set Net Indication Callback called
Bus state is: 0
Set Net Indication Callback called
Bus state is: 0
Set Net Indication Callback called
Bus state is: 0
Set Net Indication Callback called
Bus state is: 0
Set Net Indication Callback called
Bus state is: 0
Set Net Indication Callback called
Bus state is: 0
Set Net Indication Callback called
Bus state is: 0
Set Net Indication Callback called
Bus state is: 0
Set Net Indication Callback called
Bus state is: 0
Set Net Indication Callback called
Bus state is: 0
Set Net Indication Callback called
Bus state is: 0
Set Net Indication Callback called
Bus state is: 0
Set Net Indication Callback called
Bus state is: 0
Set Net Indication Callback called
Bus state is: 0
Set Net Indication Callback called
Bus state is: 0
Set Net Indication Callback called
Bus state is: 0
Set Net Indication Callback called
Bus state is: 0
Set Net Indication Callback called
Bus state is: 0
Set Net Indication Callback called
Bus state is: 0
Set Net Indication Callback called
Bus state is: 0
Set Net Indication Callback called
Bus state is: 0
Set Net Indication Callback called
Bus state is: 0
Set Net Indication Callback called
Bus state is: 0
Set Net Indication Callback called
Bus state is: 0
Set Net Indication Callback called
Bus state is: 0
Set Net Indication Callback called
Bus state is: 0
Set Net Indication Callback called
Bus state is: 0
Set Net Indication Callback called
Bus state is: 0
Set Net Indication Callback called
Bus state is: 0
Set Net Indication Callback called
Bus state is: 0
Set Net Indication Callback called
Bus state is: 0
Set Net Indication Callback called
Bus state is: 0
Set Net Indication Callback called
Bus state is: 0
Set Net Indication Callback called
Bus state is: 0
Set Net Indication Callback called
Bus state is: 0
Set Net Indication Callback called
Bus state is: 0
Set Net Indication Callback called
Bus state is: 0
Set Net Indication Callback called
Bus state is: 0
Set Net Indication Callback called
Bus state is: 0
Set Net Indication Callback called
Bus state is: 0
Set Net Indication Callback called
Bus state is: 0
Set Net Indication Callback called
Bus state is: 0
Set Net Indication Callback called
Bus state is: 0
Set Net Indication Callback called
Bus state is: 0
Set Net Indication Callback called
Bus state is: 0
Set Net Indication Callback called
Bus state is: 0
Set Net Indication Callback called
Bus state is: 0
Set Net Indication Callback called
Bus state is: 0
Set Net Indication Callback called
Bus state is: 0
Set Net Indication Callback called
Bus state is: 0
Set Net Indication Callback called
Bus state is: 0
Set Net Indication Callback called
Bus state is: 0
Set Net Indication Callback called
Bus state is: 0
Set Net Indication Callback called
Bus state is: 0
Set Net Indication Callback called
Bus state is: 0
Set Net Indication Callback called
Bus state is: 0
Set Net Indication Callback called
Bus state is: 0
Set Net Indication Callback called
Bus state is: 0
Set Net Indication Callback called
Bus state is: 0
Set Net Indication Callback called
Bus state is: 0
Set Net Indication Callback called
Bus state is: 0
Set Net Indication Callback called
Bus state is: 0
Set Net Indication Callback called
Bus state is: 0
Set Net Indication Callback called
Bus state is: 0
Set Net Indication Callback called
Bus state is: 0
Set Net Indication Callback called
Bus state is: 0
Set Net Indication Callback called
Bus state is: 0
Set Net Indication Callback called
Bus state is: 0
Set Net Indication Callback called
Bus state is: 0
Set Net Indication Callback called
Bus state is: 0
Set Net Indication Callback called
Bus state is: 0
Set Net Indication Callback called
Bus state is: 0
Set Net Indication Callback called
Bus state is: 0
Set Net Indication Callback called
Bus state is: 0
Set Net Indication Callback called
Bus state is: 0
Set Net Indication Callback called
Bus state is: 0
Set Net Indication Callback called
Bus state is: 0
Set Net Indication Callback called
Bus state is: 0
Set Net Indication Callback called
Bus state is: 0
Set Net Indication Callback called
Bus state is: 0
Set Net Indication Callback called
Bus state is: 0
Set Net Indication Callback called
Bus state is: 0
Set Net Indication Callback called
Bus state is: 0
Set Net Indication Callback called
Bus state is: 0
Set Net Indication Callback called
Bus state is: 0
Set Net Indication Callback called
Bus state is: 0
Set Net Indication Callback called
Bus state is: 0
Set Net Indication Callback called
Bus state is: 0
Set Net Indication Callback called
Bus state is: 0
Set Net Indication Callback called
Bus state is: 0
Set Net Indication Callback called
Bus state is: 0
Set Net Indication Callback called
Bus state is: 0
Set Net Indication Callback called
Bus state is: 0
Set Net Indication Callback called
Bus state is: 0
Set Net Indication Callback called
Bus state is: 0
Set Net Indication Callback called
Bus state is: 0
Set Net Indication Callback called
Bus state is: 0
Set Net Indication Callback called
Bus state is: 0
Set Net Indication Callback called
Bus state is: 0
Set Net Indication Callback called
Bus state is: 0
Set Net Indication Callback called
Bus state is: 0
Set Net Indication Callback called
Bus state is: 0
Set Net Indication Callback called
Bus state is: 0
Set Net Indication Callback called
Bus state is: 0
Set Net Indication Callback called
Bus state is: 0
Set Net Indication Callback called
Bus state is: 0
Set Net Indication Callback called
Bus state is: 0
Set Net Indication Callback called
Bus state is: 0
Set Net Indication Callback called
Bus state is: 0
Set Net Indication Callback called
Bus state is: 0
Set Net Indication Callback called
Bus state is: 0
Set Net Indication Callback called
Bus state is: 0
Set Net Indication Callback called
Bus state is: 0
Set Net Indication Callback called
Bus state is: 0
Set Net Indication Callback called
Bus state is: 0
Set Net Indication Callback called
Bus state is: 0
Set Net Indication Callback called
Bus state is: 0
Set Net Indication Callback called
Bus state is: 0
Set Net Indication Callback called
Bus state is: 0
Set Net Indication Callback called
Bus state is: 0
Set Net Indication Callback called
Bus state is: 0
Set Net Indication Callback called
Bus state is: 0
Set Net Indication Callback called
Bus state is: 0
Set Net Indication Callback called
Bus state is: 0
Set Net Indication Callback called
Bus state is: 0
Set Net Indication Callback called
Bus state is: 0
Set Net Indication Callback called
Bus state is: 0
Set Net Indication Callback called
Bus state is: 0
Set Net Indication Callback called
Bus state is: 0
Set Net Indication Callback called
Bus state is: 0
Set Net Indication Callback called
Bus state is: 0
Set Net Indication Callback called
Bus state is: 0
Set Net Indication Callback called
Bus state is: 0
Set Net Indication Callback called
Bus state is: 0
Set Net Indication Callback called
Bus state is: 0
Set Net Indication Callback called
Bus state is: 0
Set Net Indication Callback called
Bus state is: 0
Set Net Indication Callback called
Bus state is: 0
Set Net Indication Callback called
Bus state is: 0
Set Net Indication Callback called
Bus state is: 0
Set Net Indication Callback called
Bus state is: 0
Set Net Indication Callback called
Bus state is: 0
Set Net Indication Callback called
Bus state is: 0
Set Net Indication Callback called
Bus state is: 0
Set Net Indication Callback called
Bus state is: 0
Set Net Indication Callback called
Bus state is: 0
Set Net Indication Callback called
Bus state is: 0
Set Net Indication Callback called
Bus state is: 0
Set Net Indication Callback called
Bus state is: 0
Set Net Indication Callback called
Bus state is: 0
Set Net Indication Callback called
Bus state is: 0
Set Net Indication Callback called
Bus state is: 0
Set Net Indication Callback called
Bus state is: 0
Set Net Indication Callback called
Bus state is: 0
Set Net Indication Callback called
Bus state is: 0
Set Net Indication Callback called
Bus state is: 0
Set Net Indication Callback called
Bus state is: 0
Set Net Indication Callback called
Bus state is: 0
Set Net Indication Callback called
Bus state is: 0
Set Net Indication Callback called
Bus state is: 0
Set Net Indication Callback called
Bus state is: 0
Set Net Indication Callback called
Bus state is: 0
Set Net Indication Callback called
Bus state is: 0
Set Net Indication Callback called
Bus state is: 0
Set Net Indication Callback called
Bus state is: 0
Set Net Indication Callback called
Bus state is: 0
Set Net Indication Callback called
Bus state is: 0
Set Net Indication Callback called
Bus state is: 0
Set Net Indication Callback called
Bus state is: 0
Set Net Indication Callback called
Bus state is: 0
Set Net Indication Callback called
Bus state is: 0
Set Net Indication Callback called
Bus state is: 0
Set Net Indication Callback called
Bus state is: 0
Set Net Indication Callback called
Bus state is: 0
Set Net Indication Callback called
Bus state is: 0
Set Net Indication Callback called
Bus state is: 0
Set Net Indication Callback called
Bus state is: 0
Set Net Indication Callback called
Bus state is: 0
Set Net Indication Callback called
Bus state is: 0
Set Net Indication Callback called
Bus state is: 0
Set Net Indication Callback called
Bus state is: 0
Set Net Indication Callback called
Bus state is: 0
Set Net Indication Callback called
Bus state is: 0
Set Net Indication Callback called
Bus state is: 0
Set Net Indication Callback called
Bus state is: 0
Set Net Indication Callback called
Bus state is: 0
Set Net Indication Callback called
Bus state is: 0
Set Net Indication Callback called
Bus state is: 0
Set Net Indication Callback called
Bus state is: 0
Set Net Indication Callback called
Bus state is: 0
Set Net Indication Callback called
Bus state is: 0
Set Net Indication Callback called
Bus state is: 0
Set Net Indication Callback called
Bus state is: 0
Set Net Indication Callback called
Bus state is: 0
Set Net Indication Callback called
Bus state is: 0
Set Net Indication Callback called
Bus state is: 0
Set Net Indication Callback called
Bus state is: 0
Set Net Indication Callback called
Bus state is: 0
Set Net Indication Callback called
Bus state is: 0
Set Net Indication Callback called
Bus state is: 0
Set Net Indication Callback called
Bus state is: 0
Set Net Indication Callback called
Bus state is: 0
Set Net Indication Callback called
Bus state is: 0
Set Net Indication Callback called
Bus state is: 0
Set Net Indication Callback called
Bus state is: 0
Set Net Indication Callback called
Bus state is: 0
Set Net Indication Callback called
Bus state is: 0
Set Net Indication Callback called
Bus state is: 0
Set Net Indication Callback called
Bus state is: 0
Set Net Indication Callback called
Bus state is: 0
Set Net Indication Callback called
Bus state is: 0
Set Net Indication Callback called
Bus state is: 0
Set Net Indication Callback called
Bus state is: 0
Set Net Indication Callback called
Bus state is: 0
Set Net Indication Callback called
Bus state is: 0
Set Net Indication Callback called
Bus state is: 0
Set Net Indication Callback called
Bus state is: 0
Set Net Indication Callback called
Bus state is: 0
Set Net Indication Callback called
Bus state is: 0
Set Net Indication Callback called
Bus state is: 0
Set Net Indication Callback called
Bus state is: 0
Set Net Indication Callback called
Bus state is: 0
Set Net Indication Callback called
Bus state is: 0
Set Net Indication Callback called
Bus state is: 0
Set Net Indication Callback called
Bus state is: 0
Set Net Indication Callback called
Bus state is: 0
Set Net Indication Callback called
Bus state is: 0
Set Net Indication Callback called
Bus state is: 0
Set Net Indication Callback called
Bus state is: 0
Set Net Indication Callback called
Bus state is: 0
Set Net Indication Callback called
Bus state is: 0
Set Net Indication Callback called
Bus state is: 0
Set Net Indication Callback called
Bus state is: 0
Set Net Indication Callback called
Bus state is: 0
Set Net Indication Callback called
Bus state is: 0
Set Net Indication Callback called
Bus state is: 0
Set Net Indication Callback called
Bus state is: 0
Set Net Indication Callback called
Bus state is: 0
Set Net Indication Callback called
Bus state is: 0
Set Net Indication Callback called
Bus state is: 0
Set Net Indication Callback called
Bus state is: 0
Set Net Indication Callback called
Bus state is: 0
Set Net Indication Callback called
Bus state is: 0
Set Net Indication Callback called
Bus state is: 0
Set Net Indication Callback called
Bus state is: 0
Set Net Indication Callback called
Bus state is: 0
Set Net Indication Callback called
Bus state is: 0
Set Net Indication Callback called
Bus state is: 0
Set Net Indication Callback called
Bus state is: 0
Set Net Indication Callback called
Bus state is: 0
Set Net Indication Callback called
Bus state is: 0
Set Net Indication Callback called
Bus state is: 0
Set Net Indication Callback called
Bus state is: 0
Set Net Indication Callback called
Bus state is: 0
Set Net Indication Callback called
Bus state is: 0
Set Net Indication Callback called
Bus state is: 0
Set Net Indication Callback called
Bus state is: 0
Set Net Indication Callback called
Bus state is: 0
Set Net Indication Callback called
Bus state is: 0
Set Net Indication Callback called
Bus state is: 0
Set Net Indication Callback called
Bus state is: 0
Set Net Indication Callback called
Bus state is: 0
Set Net Indication Callback called
Bus state is: 0
Set Net Indication Callback called
Bus state is: 0
Set Net Indication Callback called
Bus state is: 0
Set Net Indication Callback called
Bus state is: 0
Set Net Indication Callback called
Bus state is: 0
Set Net Indication Callback called
Bus state is: 0
Set Net Indication Callback called
Bus state is: 0
Set Net Indication Callback called
Bus state is: 0
Set Net Indication Callback called
Bus state is: 0
Set Net Indication Callback called
Bus state is: 0
Set Net Indication Callback called
Bus state is: 0
Set Net Indication Callback called
Bus state is: 0
Set Net Indication Callback called
Bus state is: 0
Set Net Indication Callback called
Bus state is: 0
Set Net Indication Callback called
Bus state is: 0
Set Net Indication Callback called
Bus state is: 0
Set Net Indication Callback called
Bus state is: 0
Set Net Indication Callback called
Bus state is: 0
Set Net Indication Callback called
Bus state is: 0
Set Net Indication Callback called
Bus state is: 0
Set Net Indication Callback called
Bus state is: 0
Set Net Indication Callback called
Bus state is: 0
Set Net Indication Callback called
Bus state is: 0
Set Net Indication Callback called
Bus state is: 0
Set Net Indication Callback called
Bus state is: 0
Set Net Indication Callback called
Bus state is: 0
Set Net Indication Callback called
Bus state is: 0
Set Net Indication Callback called
Bus state is: 0
Set Net Indication Callback called
Bus state is: 0
Set Net Indication Callback called
Bus state is: 0
Set Net Indication Callback called
Bus state is: 0
Set Net Indication Callback called
Bus state is: 0
Set Net Indication Callback called
Bus state is: 0
Set Net Indication Callback called
Bus state is: 0
Set Net Indication Callback called
Bus state is: 0
Set Net Indication Callback called
Bus state is: 0
Set Net Indication Callback called
Bus state is: 0
Set Net Indication Callback called
Bus state is: 0
Set Net Indication Callback called
Bus state is: 0
Set Net Indication Callback called
Bus state is: 0
Set Net Indication Callback called
Bus state is: 0
Set Net Indication Callback called
Bus state is: 0
Set Net Indication Callback called
Bus state is: 0
Set Net Indication Callback called
Bus state is: 0
Set Net Indication Callback called
Bus state is: 0
Set Net Indication Callback called
Bus state is: 0
Set Net Indication Callback called
Bus state is: 0
Set Net Indication Callback called
Bus state is: 0
Set Net Indication Callback called
Bus state is: 0
Set Net Indication Callback called
Bus state is: 0
Set Net Indication Callback called
Bus state is: 0
Set Net Indication Callback called
Bus state is: 0
Set Net Indication Callback called
Bus state is: 0
Set Net Indication Callback called
Bus state is: 0
Set Net Indication Callback called
Bus state is: 0
Set Net Indication Callback called
Bus state is: 0
Set Net Indication Callback called
Bus state is: 0
Set Net Indication Callback called
Bus state is: 0
Set Net Indication Callback called
Bus state is: 0
Set Net Indication Callback called
Bus state is: 0
Set Net Indication Callback called
Bus state is: 0
Set Net Indication Callback called
Bus state is: 0
Set Net Indication Callback called
Bus state is: 0
Set Net Indication Callback called
Bus state is: 0
Set Net Indication Callback called
Bus state is: 0
Set Net Indication Callback called
Bus state is: 0
Set Net Indication Callback called
Bus state is: 0
Set Net Indication Callback called
Bus state is: 0
Set Net Indication Callback called
Bus state is: 0
Set Net Indication Callback called
Bus state is: 0
Set Net Indication Callback called
Bus state is: 0
Set Net Indication Callback called
Bus state is: 0
Set Net Indication Callback called
Bus state is: 0
Set Net Indication Callback called
Bus state is: 0
Set Net Indication Callback called
Bus state is: 0
Set Net Indication Callback called
Bus state is: 0
Set Net Indication Callback called
Bus state is: 0
Set Net Indication Callback called
Bus state is: 0
Set Net Indication Callback called
Bus state is: 0
Set Net Indication Callback called
Bus state is: 0
Set Net Indication Callback called
Bus state is: 0
Set Net Indication Callback called
Bus state is: 0
Set Net Indication Callback called
Bus state is: 0
Set Net Indication Callback called
Bus state is: 0
Set Net Indication Callback called
Bus state is: 0
Set Net Indication Callback called
Bus state is: 0
Set Net Indication Callback called
Bus state is: 0
Set Net Indication Callback called
Bus state is: 0
Set Net Indication Callback called
Bus state is: 0
Set Net Indication Callback called
Bus state is: 0
Set Net Indication Callback called
Bus state is: 0
Set Net Indication Callback called
Bus state is: 0
Set Net Indication Callback called
Bus state is: 0
Set Net Indication Callback called
Bus state is: 0
Set Net Indication Callback called
Bus state is: 0
Set Net Indication Callback called
Bus state is: 0
Set Net Indication Callback called
Bus state is: 0
Set Net Indication Callback called
Bus state is: 0
Set Net Indication Callback called
Bus state is: 0
Set Net Indication Callback called
Bus state is: 0
Set Net Indication Callback called
Bus state is: 0
Set Net Indication Callback called
Bus state is: 0
Set Net Indication Callback called
Bus state is: 0
Set Net Indication Callback called
Bus state is: 0
Set Net Indication Callback called
Bus state is: 0
Set Net Indication Callback called
Bus state is: 0
Set Net Indication Callback called
Bus state is: 0
Set Net Indication Callback called
Bus state is: 0
Set Net Indication Callback called
Bus state is: 0
Set Net Indication Callback called
Bus state is: 0
Set Net Indication Callback called
Bus state is: 0
Set Net Indication Callback called
Bus state is: 0
Set Net Indication Callback called
Bus state is: 0
Set Net Indication Callback called
Bus state is: 0
Set Net Indication Callback called
Bus state is: 0
Set Net Indication Callback called
Bus state is: 0
Set Net Indication Callback called
Bus state is: 0
Set Net Indication Callback called
Bus state is: 0
Set Net Indication Callback called
Bus state is: 0
Set Net Indication Callback called
Bus state is: 0
Set Net Indication Callback called
Bus state is: 0
Set Net Indication Callback called
Bus state is: 0
Set Net Indication Callback called
Bus state is: 0
Set Net Indication Callback called
Bus state is: 0
Set Net Indication Callback called
Bus state is: 0
Set Net Indication Callback called
Bus state is: 0
Set Net Indication Callback called
Bus state is: 0
Set Net Indication Callback called
Bus state is: 0
Set Net Indication Callback called
Bus state is: 0
Set Net Indication Callback called
Bus state is: 0
Set Net Indication Callback called
Bus state is: 0
Set Net Indication Callback called
Bus state is: 0
Set Net Indication Callback called
Bus state is: 0
Set Net Indication Callback called
Bus state is: 0
Set Net Indication Callback called
Bus state is: 0
Set Net Indication Callback called
Bus state is: 0
Set Net Indication Callback called
Bus state is: 0
Set Net Indication Callback called
Bus state is: 0
Set Net Indication Callback called
Bus state is: 0
Set Net Indication Callback called
Bus state is: 0
Set Net Indication Callback called
Bus state is: 0
Set Net Indication Callback called
Bus state is: 0
Set Net Indication Callback called
Bus state is: 0
Set Net Indication Callback called
Bus state is: 0
Set Net Indication Callback called
Bus state is: 0
Set Net Indication Callback called
Bus state is: 0
Set Net Indication Callback called
Bus state is: 0
Set Net Indication Callback called
Bus state is: 0
Set Net Indication Callback called
Bus state is: 0
Set Net Indication Callback called
Bus state is: 0
Set Net Indication Callback called
Bus state is: 0
Set Net Indication Callback called
Bus state is: 0
Set Net Indication Callback called
Bus state is: 0
Set Net Indication Callback called
Bus state is: 0
Set Net Indication Callback called
Bus state is: 0
Set Net Indication Callback called
Bus state is: 0
Set Net Indication Callback called
Bus state is: 0
Set Net Indication Callback called
Bus state is: 0
Set Net Indication Callback called
Bus state is: 0
Set Net Indication Callback called
Bus state is: 0
Set Net Indication Callback called
Bus state is: 0
Set Net Indication Callback called
Bus state is: 0
Set Net Indication Callback called
Bus state is: 0
Set Net Indication Callback called
Bus state is: 0
Set Net Indication Callback called
Bus state is: 0
Set Net Indication Callback called
Bus state is: 0
Set Net Indication Callback called
Bus state is: 0
Set Net Indication Callback called
Bus state is: 0
Set Net Indication Callback called
Bus state is: 0
Set Net Indication Callback called
Bus state is: 0
Set Net Indication Callback called
Bus state is: 0
Set Net Indication Callback called
Bus state is: 0
Set Net Indication Callback called
Bus state is: 0
Set Net Indication Callback called
Bus state is: 0
Set Net Indication Callback called
Bus state is: 0
Set Net Indication Callback called
Bus state is: 0
Set Net Indication Callback called
Bus state is: 0
Set Net Indication Callback called
Bus state is: 0
Set Net Indication Callback called
Bus state is: 0
Set Net Indication Callback called
Bus state is: 0
Set Net Indication Callback called
Bus state is: 0
Set Net Indication Callback called
Bus state is: 0
Set Net Indication Callback called
Bus state is: 0
Set Net Indication Callback called
Bus state is: 0
Set Net Indication Callback called
Bus state is: 0
Set Net Indication Callback called
Bus state is: 0
Set Net Indication Callback called
Bus state is: 0
Set Net Indication Callback called
Bus state is: 0
Set Net Indication Callback called
Bus state is: 0
Set Net Indication Callback called
Bus state is: 0
Set Net Indication Callback called
Bus state is: 0
Set Net Indication Callback called
Bus state is: 0
Set Net Indication Callback called
Bus state is: 0
Set Net Indication Callback called
Bus state is: 0
Set Net Indication Callback called
Bus state is: 0
Set Net Indication Callback called
Bus state is: 0
Set Net Indication Callback called
Bus state is: 0
Set Net Indication Callback called
Bus state is: 0
Set Net Indication Callback called
Bus state is: 0
Set Net Indication Callback called
Bus state is: 0
Set Net Indication Callback called
Bus state is: 0
Set Net Indication Callback called
Bus state is: 0
Set Net Indication Callback called
Bus state is: 0
Set Net Indication Callback called
Bus state is: 0
Set Net Indication Callback called
Bus state is: 0
Set Net Indication Callback called
Bus state is: 0
Set Net Indication Callback called
Bus state is: 0
Set Net Indication Callback called
Bus state is: 0
Set Net Indication Callback called
Bus state is: 0
Set Net Indication Callback called
Bus state is: 0
Set Net Indication Callback called
Bus state is: 0
Set Net Indication Callback called
Bus state is: 0
Set Net Indication Callback called
Bus state is: 0
Set Net Indication Callback called
Bus state is: 0
Set Net Indication Callback called
Bus state is: 0
Set Net Indication Callback called
Bus state is: 0
Set Net Indication Callback called
Bus state is: 0
Set Net Indication Callback called
Bus state is: 0
Set Net Indication Callback called
Bus state is: 0
Set Net Indication Callback called
Bus state is: 0
Set Net Indication Callback called
Bus state is: 0
Set Net Indication Callback called
Bus state is: 0
Set Net Indication Callback called
Bus state is: 0
Set Net Indication Callback called
Bus state is: 0
Set Net Indication Callback called
Bus state is: 0
Set Net Indication Callback called
Bus state is: 0
Set Net Indication Callback called
Bus state is: 0
Set Net Indication Callback called
Bus state is: 0
Set Net Indication Callback called
Bus state is: 0
Set Net Indication Callback called
Bus state is: 0
Set Net Indication Callback called
Bus state is: 0
Set Net Indication Callback called
Bus state is: 0
Set Net Indication Callback called
Bus state is: 0
Set Net Indication Callback called
Bus state is: 0
Set Net Indication Callback called
Bus state is: 0
Set Net Indication Callback called
Bus state is: 0
Set Net Indication Callback called
Bus state is: 0
Set Net Indication Callback called
Bus state is: 0
Set Net Indication Callback called
Bus state is: 0
Set Net Indication Callback called
Bus state is: 0
Set Net Indication Callback called
Bus state is: 0
Set Net Indication Callback called
Bus state is: 0
Set Net Indication Callback called
Bus state is: 0
Set Net Indication Callback called
Bus state is: 0
Set Net Indication Callback called
Bus state is: 0
Set Net Indication Callback called
Bus state is: 0
Set Net Indication Callback called
Bus state is: 0
Set Net Indication Callback called
Bus state is: 0
Set Net Indication Callback called
Bus state is: 0
Set Net Indication Callback called
Bus state is: 0
Set Net Indication Callback called
Bus state is: 0
Set Net Indication Callback called
Bus state is: 0
Set Net Indication Callback called
Bus state is: 0
Set Net Indication Callback called
Bus state is: 0
Set Net Indication Callback called
Bus state is: 0
Set Net Indication Callback called
Bus state is: 0
Set Net Indication Callback called
Bus state is: 0
Set Net Indication Callback called
Bus state is: 0
Set Net Indication Callback called
Bus state is: 0
Set Net Indication Callback called
Bus state is: 0
Set Net Indication Callback called
Bus state is: 0
Set Net Indication Callback called
Bus state is: 0
Set Net Indication Callback called
Bus state is: 0
Set Net Indication Callback called
Bus state is: 0
Set Net Indication Callback called
Bus state is: 0
Set Net Indication Callback called
Bus state is: 0
Set Net Indication Callback called
Bus state is: 0
Set Net Indication Callback called
Bus state is: 0
Set Net Indication Callback called
Bus state is: 0
Set Net Indication Callback called
Bus state is: 0
Set Net Indication Callback called
Bus state is: 0
Set Net Indication Callback called
Bus state is: 0
Set Net Indication Callback called
Bus state is: 0
Set Net Indication Callback called
Bus state is: 0
Set Net Indication Callback called
Bus state is: 0
Set Net Indication Callback called
Bus state is: 0
Set Net Indication Callback called
Bus state is: 0
Set Net Indication Callback called
Bus state is: 0
Set Net Indication Callback called
Bus state is: 0
Set Net Indication Callback called
Bus state is: 0
Set Net Indication Callback called
Bus state is: 0
Set Net Indication Callback called
Bus state is: 0
Set Net Indication Callback called
Bus state is: 0
Set Net Indication Callback called
Bus state is: 0
Set Net Indication Callback called
Bus state is: 0
Set Net Indication Callback called
Bus state is: 0
Set Net Indication Callback called
Bus state is: 0
Set Net Indication Callback called
Bus state is: 0
Set Net Indication Callback called
Bus state is: 0
Set Net Indication Callback called
Bus state is: 0
Set Net Indication Callback called
Bus state is: 0
Set Net Indication Callback called
Bus state is: 0
Set Net Indication Callback called
Bus state is: 0
Set Net Indication Callback called
Bus state is: 0
Set Net Indication Callback called
Bus state is: 0
Set Net Indication Callback called
Bus state is: 0
Set Net Indication Callback called
Bus state is: 0
Set Net Indication Callback called
Bus state is: 0
Set Net Indication Callback called
Bus state is: 0
Set Net Indication Callback called
Bus state is: 0
Set Net Indication Callback called
Bus state is: 0
Set Net Indication Callback called
Bus state is: 0
Set Net Indication Callback called
Bus state is: 0
Set Net Indication Callback called
Bus state is: 0
Set Net Indication Callback called
Bus state is: 0
Set Net Indication Callback called
Bus state is: 0
Set Net Indication Callback called
Bus state is: 0
Set Net Indication Callback called
Bus state is: 0
Set Net Indication Callback called
Bus state is: 0
Set Net Indication Callback called
Bus state is: 0
Set Net Indication Callback called
Bus state is: 0
Set Net Indication Callback called
Bus state is: 0
Set Net Indication Callback called
Bus state is: 0
Set Net Indication Callback called
Bus state is: 0
Set Net Indication Callback called
Bus state is: 0
Set Net Indication Callback called
Bus state is: 0
Set Net Indication Callback called
Bus state is: 0
Set Net Indication Callback called
Bus state is: 0
Set Net Indication Callback called
Bus state is: 0
Set Net Indication Callback called
Bus state is: 0
Set Net Indication Callback called
Bus state is: 0
Set Net Indication Callback called
Bus state is: 0
Set Net Indication Callback called
Bus state is: 0
Set Net Indication Callback called
Bus state is: 0
Set Net Indication Callback called
Bus state is: 0
Set Net Indication Callback called
Bus state is: 0
Set Net Indication Callback called
Bus state is: 0
Set Net Indication Callback called
Bus state is: 0
Set Net Indication Callback called
Bus state is: 0
Set Net Indication Callback called
Bus state is: 0
Set Net Indication Callback called
Bus state is: 0
Set Net Indication Callback called
Bus state is: 0
Set Net Indication Callback called
Bus state is: 0
Set Net Indication Callback called
Bus state is: 0
Set Net Indication Callback called
Bus state is: 0
Set Net Indication Callback called
Bus state is: 0
Set Net Indication Callback called
Bus state is: 0
Set Net Indication Callback called
Bus state is: 0
Set Net Indication Callback called
Bus state is: 0
Set Net Indication Callback called
Bus state is: 0
Set Net Indication Callback called
Bus state is: 0
Set Net Indication Callback called
Bus state is: 0
Set Net Indication Callback called
Bus state is: 0
Set Net Indication Callback called
Bus state is: 0
Set Net Indication Callback called
Bus state is: 0
Set Net Indication Callback called
Bus state is: 0
Set Net Indication Callback called
Bus state is: 0
Set Net Indication Callback called
Bus state is: 0
Set Net Indication Callback called
Bus state is: 0
Set Net Indication Callback called
Bus state is: 0
Set Net Indication Callback called
Bus state is: 0
Set Net Indication Callback called
Bus state is: 0
Set Net Indication Callback called
Bus state is: 0
Set Net Indication Callback called
Bus state is: 0
Set Net Indication Callback called
Bus state is: 0
Set Net Indication Callback called
Bus state is: 0
Set Net Indication Callback called
Bus state is: 0
Set Net Indication Callback called
Bus state is: 0
Set Net Indication Callback called
Bus state is: 0
Set Net Indication Callback called
Bus state is: 0
Set Net Indication Callback called
Bus state is: 0
Set Net Indication Callback called
Bus state is: 0
Set Net Indication Callback called
Bus state is: 0
Set Net Indication Callback called
Bus state is: 0
Set Net Indication Callback called
Bus state is: 0
Set Net Indication Callback called
Bus state is: 0
Set Net Indication Callback called
Bus state is: 0
Set Net Indication Callback called
Bus state is: 0
Set Net Indication Callback called
Bus state is: 0
Set Net Indication Callback called
Bus state is: 0
Set Net Indication Callback called
Bus state is: 0
Set Net Indication Callback called
Bus state is: 0
Set Net Indication Callback called
Bus state is: 0
Set Net Indication Callback called
Bus state is: 0
Set Net Indication Callback called
Bus state is: 0
Set Net Indication Callback called
Bus state is: 0
Set Net Indication Callback called
Bus state is: 0
Set Net Indication Callback called
Bus state is: 0
Set Net Indication Callback called
Bus state is: 0
Set Net Indication Callback called
Bus state is: 0
Set Net Indication Callback called
Bus state is: 0
Set Net Indication Callback called
Bus state is: 0
Set Net Indication Callback called
Bus state is: 0
Set Net Indication Callback called
Bus state is: 0
Set Net Indication Callback called
Bus state is: 0
Set Net Indication Callback called
Bus state is: 0
Set Net Indication Callback called
Bus state is: 0
Set Net Indication Callback called
Bus state is: 0
Set Net Indication Callback called
Bus state is: 0
Set Net Indication Callback called
Bus state is: 0
Set Net Indication Callback called
Bus state is: 0
Set Net Indication Callback called
Bus state is: 0
Set Net Indication Callback called
Bus state is: 0
Set Net Indication Callback called
Bus state is: 0
Set Net Indication Callback called
Bus state is: 0
Set Net Indication Callback called
Bus state is: 0
Set Net Indication Callback called
Bus state is: 0
Set Net Indication Callback called
Bus state is: 0
Set Net Indication Callback called
Bus state is: 0
Set Net Indication Callback called
Bus state is: 0
Set Net Indication Callback called
Bus state is: 0
Set Net Indication Callback called
Bus state is: 0
Set Net Indication Callback called
Bus state is: 0
Set Net Indication Callback called
Bus state is: 0
Set Net Indication Callback called
Bus state is: 0
Set Net Indication Callback called
Bus state is: 0
Set Net Indication Callback called
Bus state is: 0
Set Net Indication Callback called
Bus state is: 0
Set Net Indication Callback called
Bus state is: 0
Set Net Indication Callback called
Bus state is: 0
Set Net Indication Callback called
Bus state is: 0
Set Net Indication Callback called
Bus state is: 0
Set Net Indication Callback called
Bus state is: 0
Set Net Indication Callback called
Bus state is: 0
Set Net Indication Callback called
Bus state is: 0
Set Net Indication Callback called
Bus state is: 0
Set Net Indication Callback called
Bus state is: 0
Set Net Indication Callback called
Bus state is: 0
Set Net Indication Callback called
Bus state is: 0
Set Net Indication Callback called
Bus state is: 0
Set Net Indication Callback called
Bus state is: 0
Set Net Indication Callback called
Bus state is: 0
Set Net Indication Callback called
Bus state is: 0
Set Net Indication Callback called
Bus state is: 0
Set Net Indication Callback called
Bus state is: 0
Set Net Indication Callback called
Bus state is: 0
Set Net Indication Callback called
Bus state is: 0
Set Net Indication Callback called
Bus state is: 0
Set Net Indication Callback called
Bus state is: 0
Set Net Indication Callback called
Bus state is: 0
Set Net Indication Callback called
Bus state is: 0
Set Net Indication Callback called
Bus state is: 0
Set Net Indication Callback called
Bus state is: 0
Set Net Indication Callback called
Bus state is: 0
Set Net Indication Callback called
Bus state is: 0
Set Net Indication Callback called
Bus state is: 0
Set Net Indication Callback called
Bus state is: 0
Set Net Indication Callback called
Bus state is: 0
Set Net Indication Callback called
Bus state is: 0
Set Net Indication Callback called
Bus state is: 0
Set Net Indication Callback called
Bus state is: 0
Set Net Indication Callback called
Bus state is: 0
Set Net Indication Callback called
Bus state is: 0
Set Net Indication Callback called
Bus state is: 0
Set Net Indication Callback called
Bus state is: 0
Set Net Indication Callback called
Bus state is: 0
Set Net Indication Callback called
Bus state is: 0
Set Net Indication Callback called
Bus state is: 0
Set Net Indication Callback called
Bus state is: 0
Set Net Indication Callback called
Bus state is: 0
Set Net Indication Callback called
Bus state is: 0
Set Net Indication Callback called
Bus state is: 0
Set Net Indication Callback called
Bus state is: 0
Set Net Indication Callback called
Bus state is: 0
Set Net Indication Callback called
Bus state is: 0
Set Net Indication Callback called
Bus state is: 0
Set Net Indication Callback called
Bus state is: 0
Set Net Indication Callback called
Bus state is: 0
Set Net Indication Callback called
Bus state is: 0
Set Net Indication Callback called
Bus state is: 0
Set Net Indication Callback called
Bus state is: 0
Set Net Indication Callback called
Bus state is: 0
Set Net Indication Callback called
Bus state is: 0
Set Net Indication Callback called
Bus state is: 0
Set Net Indication Callback called
Bus state is: 0
Set Net Indication Callback called
Bus state is: 0
Set Net Indication Callback called
Bus state is: 0
Set Net Indication Callback called
Bus state is: 0
Set Net Indication Callback called
Bus state is: 0
Set Net Indication Callback called
Bus state is: 0
Set Net Indication Callback called
Bus state is: 0
Set Net Indication Callback called
Bus state is: 0
Set Net Indication Callback called
Bus state is: 0
Set Net Indication Callback called
Bus state is: 0
Set Net Indication Callback called
Bus state is: 0
Set Net Indication Callback called
Bus state is: 0
Set Net Indication Callback called
Bus state is: 0
Set Net Indication Callback called
Bus state is: 0
Set Net Indication Callback called
Bus state is: 0
Set Net Indication Callback called
Bus state is: 0
Set Net Indication Callback called
Bus state is: 0
Set Net Indication Callback called
Bus state is: 0
Set Net Indication Callback called
Bus state is: 0
Set Net Indication Callback called
Bus state is: 0
Set Net Indication Callback called
Bus state is: 0
Set Net Indication Callback called
Bus state is: 0
Set Net Indication Callback called
Bus state is: 0
Set Net Indication Callback called
Bus state is: 0
Set Net Indication Callback called
Bus state is: 0
Set Net Indication Callback called
Bus state is: 0
Set Net Indication Callback called
Bus state is: 0
Set Net Indication Callback called
Bus state is: 0
Set Net Indication Callback called
Bus state is: 0
Set Net Indication Callback called
Bus state is: 0
Set Net Indication Callback called
Bus state is: 0
Set Net Indication Callback called
Bus state is: 0
Set Net Indication Callback called
Bus state is: 0
Set Net Indication Callback called
Bus state is: 0
Set Net Indication Callback called
Bus state is: 0
Set Net Indication Callback called
Bus state is: 0
Set Net Indication Callback called
Bus state is: 0
Set Net Indication Callback called
Bus state is: 0
Set Net Indication Callback called
Bus state is: 0
Set Net Indication Callback called
Bus state is: 0
Set Net Indication Callback called
Bus state is: 0
Set Net Indication Callback called
Bus state is: 0
Set Net Indication Callback called
Bus state is: 0
Set Net Indication Callback called
Bus state is: 0
Set Net Indication Callback called
Bus state is: 0
Set Net Indication Callback called
Bus state is: 0
Set Net Indication Callback called
Bus state is: 0
Set Net Indication Callback called
Bus state is: 0
Set Net Indication Callback called
Bus state is: 0
Set Net Indication Callback called
Bus state is: 0
Set Net Indication Callback called
Bus state is: 0
Set Net Indication Callback called
Bus state is: 0
Set Net Indication Callback called
Bus state is: 0
Set Net Indication Callback called
Bus state is: 0
Set Net Indication Callback called
Bus state is: 0
Set Net Indication Callback called
Bus state is: 0
Set Net Indication Callback called
Bus state is: 0
Set Net Indication Callback called
Bus state is: 0
Set Net Indication Callback called
Bus state is: 0
Set Net Indication Callback called
Bus state is: 0
Set Net Indication Callback called
Bus state is: 0
Set Net Indication Callback called
Bus state is: 0
Set Net Indication Callback called
Bus state is: 0
Set Net Indication Callback called
Bus state is: 0
Set Net Indication Callback called
Bus state is: 0
Set Net Indication Callback called
Bus state is: 0
Set Net Indication Callback called
Bus state is: 0
Set Net Indication Callback called
Bus state is: 0
Set Net Indication Callback called
Bus state is: 0
Set Net Indication Callback called
Bus state is: 0
Set Net Indication Callback called
Bus state is: 0
Set Net Indication Callback called
Bus state is: 0
Set Net Indication Callback called
Bus state is: 0
Set Net Indication Callback called
Bus state is: 0
Set Net Indication Callback called
Bus state is: 0
Set Net Indication Callback called
Bus state is: 0
Set Net Indication Callback called
Bus state is: 0
Set Net Indication Callback called
Bus state is: 0
Set Net Indication Callback called
Bus state is: 0
Set Net Indication Callback called
Bus state is: 0
Set Net Indication Callback called
Bus state is: 0
Set Net Indication Callback called
Bus state is: 0
Set Net Indication Callback called
Bus state is: 0
Set Net Indication Callback called
Bus state is: 0
Set Net Indication Callback called
Bus state is: 0
Set Net Indication Callback called
Bus state is: 0
Set Net Indication Callback called
Bus state is: 0
Set Net Indication Callback called
Bus state is: 0
Set Net Indication Callback called
Bus state is: 0
Set Net Indication Callback called
Bus state is: 0
Set Net Indication Callback called
Bus state is: 0
Set Net Indication Callback called
Bus state is: 0
Set Net Indication Callback called
Bus state is: 0
Set Net Indication Callback called
Bus state is: 0
Set Net Indication Callback called
Bus state is: 0
Set Net Indication Callback called
Bus state is: 0
Set Net Indication Callback called
Bus state is: 0
Set Net Indication Callback called
Bus state is: 0
Set Net Indication Callback called
Bus state is: 0
Set Net Indication Callback called
Bus state is: 0
Set Net Indication Callback called
Bus state is: 0
Set Net Indication Callback called
Bus state is: 0
Set Net Indication Callback called
Bus state is: 0
Set Net Indication Callback called
Bus state is: 0
Set Net Indication Callback called
Bus state is: 0
Set Net Indication Callback called
Bus state is: 0
Set Net Indication Callback called
Bus state is: 0
Set Net Indication Callback called
Bus state is: 0
Set Net Indication Callback called
Bus state is: 0
Set Net Indication Callback called
Bus state is: 0
Set Net Indication Callback called
Bus state is: 0
Set Net Indication Callback called
Bus state is: 0
Set Net Indication Callback called
Bus state is: 0
Set Net Indication Callback called
Bus state is: 0
Set Net Indication Callback called
Bus state is: 0
Set Net Indication Callback called
Bus state is: 0
Set Net Indication Callback called
Bus state is: 0
Set Net Indication Callback called
Bus state is: 0
Set Net Indication Callback called
Bus state is: 0
Set Net Indication Callback called
Bus state is: 0
Set Net Indication Callback called
Bus state is: 0
Set Net Indication Callback called
Bus state is: 0
Set Net Indication Callback called
Bus state is: 0
Set Net Indication Callback called
Bus state is: 0
Set Net Indication Callback called
Bus state is: 0
Set Net Indication Callback called
Bus state is: 0
Set Net Indication Callback called
Bus state is: 0
Set Net Indication Callback called
Bus state is: 0
Set Net Indication Callback called
Bus state is: 0
Set Net Indication Callback called
Bus state is: 0
Set Net Indication Callback called
Bus state is: 0
Set Net Indication Callback called
Bus state is: 0
Set Net Indication Callback called
Bus state is: 0
Set Net Indication Callback called
Bus state is: 0
Set Net Indication Callback called
Bus state is: 0
Set Net Indication Callback called
Bus state is: 0
Set Net Indication Callback called
Bus state is: 0
Set Net Indication Callback called
Bus state is: 0
Set Net Indication Callback called
Bus state is: 0
Set Net Indication Callback called
Bus state is: 0
Set Net Indication Callback called
Bus state is: 0
Set Net Indication Callback called
Bus state is: 0
Set Net Indication Callback called
Bus state is: 0
Set Net Indication Callback called
Bus state is: 0
Set Net Indication Callback called
Bus state is: 0
Set Net Indication Callback called
Bus state is: 0
Set Net Indication Callback called
Bus state is: 0
Set Net Indication Callback called
Bus state is: 0
Set Net Indication Callback called
Bus state is: 0
Set Net Indication Callback called
Bus state is: 0
Set Net Indication Callback called
Bus state is: 0
Set Net Indication Callback called
Bus state is: 0
Set Net Indication Callback called
Bus state is: 0
Set Net Indication Callback called
Bus state is: 0
Set Net Indication Callback called
Bus state is: 0
Set Net Indication Callback called
Bus state is: 0
Set Net Indication Callback called
Bus state is: 0
Set Net Indication Callback called
Bus state is: 0
Set Net Indication Callback called
Bus state is: 0
Set Net Indication Callback called
Bus state is: 0
Set Net Indication Callback called
Bus state is: 0
Set Net Indication Callback called
Bus state is: 0
Set Net Indication Callback called
Bus state is: 0
Set Net Indication Callback called
Bus state is: 0
Set Net Indication Callback called
Bus state is: 0
Set Net Indication Callback called
Bus state is: 0
Set Net Indication Callback called
Bus state is: 0
Set Net Indication Callback called
Bus state is: 0
Set Net Indication Callback called
Bus state is: 0
Set Net Indication Callback called
Bus state is: 0
Set Net Indication Callback called
Bus state is: 0
Set Net Indication Callback called
Bus state is: 0
Set Net Indication Callback called
Bus state is: 0
Set Net Indication Callback called
Bus state is: 0
Set Net Indication Callback called
Bus state is: 0
Set Net Indication Callback called
Bus state is: 0
Set Net Indication Callback called
Bus state is: 0
Set Net Indication Callback called
Bus state is: 0
Set Net Indication Callback called
Bus state is: 0
Set Net Indication Callback called
Bus state is: 0
Set Net Indication Callback called
Bus state is: 0
Set Net Indication Callback called
Bus state is: 0
Set Net Indication Callback called
Bus state is: 0
Set Net Indication Callback called
Bus state is: 0
Set Net Indication Callback called
Bus state is: 0
Set Net Indication Callback called
Bus state is: 0
Set Net Indication Callback called
Bus state is: 0
Set Net Indication Callback called
Bus state is: 0
Set Net Indication Callback called
Bus state is: 0
Set Net Indication Callback called
Bus state is: 0
Set Net Indication Callback called
Bus state is: 0
Set Net Indication Callback called
Bus state is: 0
Set Net Indication Callback called
Bus state is: 0
Set Net Indication Callback called
Bus state is: 0
Set Net Indication Callback called
Bus state is: 0
Set Net Indication Callback called
Bus state is: 0
Set Net Indication Callback called
Bus state is: 0
Set Net Indication Callback called
Bus state is: 0
Set Net Indication Callback called
Bus state is: 0
Set Net Indication Callback called
Bus state is: 0
Set Net Indication Callback called
Bus state is: 0
Set Net Indication Callback called
Bus state is: 0
Set Net Indication Callback called
Bus state is: 0
Set Net Indication Callback called
Bus state is: 0
Set Net Indication Callback called
Bus state is: 0
Set Net Indication Callback called
Bus state is: 0
Set Net Indication Callback called
Bus state is: 0
Set Net Indication Callback called
Bus state is: 0
Set Net Indication Callback called
Bus state is: 0
Set Net Indication Callback called
Bus state is: 0
Set Net Indication Callback called
Bus state is: 0
Set Net Indication Callback called
Bus state is: 0
Set Net Indication Callback called
Bus state is: 0
Set Net Indication Callback called
Bus state is: 0
Set Net Indication Callback called
Bus state is: 0
Set Net Indication Callback called
Bus state is: 0
Set Net Indication Callback called
Bus state is: 0
Set Net Indication Callback called
Bus state is: 0
Set Net Indication Callback called
Bus state is: 0
Set Net Indication Callback called
Bus state is: 0
Set Net Indication Callback called
Bus state is: 0
Set Net Indication Callback called
Bus state is: 0
Set Net Indication Callback called
Bus state is: 0
Set Net Indication Callback called
Bus state is: 0
Set Net Indication Callback called
Bus state is: 0
Set Net Indication Callback called
Bus state is: 0
Set Net Indication Callback called
Bus state is: 0
Set Net Indication Callback called
Bus state is: 0
Set Net Indication Callback called
Bus state is: 0
Set Net Indication Callback called
Bus state is: 0
Set Net Indication Callback called
Bus state is: 0
Set Net Indication Callback called
Bus state is: 0
Set Net Indication Callback called
Bus state is: 0
Set Net Indication Callback called
Bus state is: 0
Set Net Indication Callback called
Bus state is: 0
Set Net Indication Callback called
Bus state is: 0
Set Net Indication Callback called
Bus state is: 0
Set Net Indication Callback called
Bus state is: 0
Set Net Indication Callback called
Bus state is: 0
Set Net Indication Callback called
Bus state is: 0
Set Net Indication Callback called
Bus state is: 0
Set Net Indication Callback called
Bus state is: 0
Set Net Indication Callback called
Bus state is: 0
Set Net Indication Callback called
Bus state is: 0
Set Net Indication Callback called
Bus state is: 0
Set Net Indication Callback called
Bus state is: 0
Set Net Indication Callback called
Bus state is: 0
Set Net Indication Callback called
Bus state is: 0
Set Net Indication Callback called
Bus state is: 0
Set Net Indication Callback called
Bus state is: 0
Set Net Indication Callback called
Bus state is: 0
Set Net Indication Callback called
Bus state is: 0
Set Net Indication Callback called
Bus state is: 0
Set Net Indication Callback called
Bus state is: 0
Set Net Indication Callback called
Bus state is: 0
Set Net Indication Callback called
Bus state is: 0
Set Net Indication Callback called
Bus state is: 0
Set Net Indication Callback called
Bus state is: 0
Set Net Indication Callback called
Bus state is: 0
Set Net Indication Callback called
Bus state is: 0
Set Net Indication Callback called
Bus state is: 0
Set Net Indication Callback called
Bus state is: 0
Set Net Indication Callback called
Bus state is: 0
Set Net Indication Callback called
Bus state is: 0
Set Net Indication Callback called
Bus state is: 0
Set Net Indication Callback called
Bus state is: 0
Set Net Indication Callback called
Bus state is: 0
Set Net Indication Callback called
Bus state is: 0
Set Net Indication Callback called
Bus state is: 0
Set Net Indication Callback called
Bus state is: 0
Set Net Indication Callback called
Bus state is: 0
Set Net Indication Callback called
Bus state is: 0
Set Net Indication Callback called
Bus state is: 0
Set Net Indication Callback called
Bus state is: 0
Set Net Indication Callback called
Bus state is: 0
Set Net Indication Callback called
Bus state is: 0
Set Net Indication Callback called
Bus state is: 0
Set Net Indication Callback called
Bus state is: 0
Set Net Indication Callback called
Bus state is: 0
Set Net Indication Callback called
Bus state is: 0
Set Net Indication Callback called
Bus state is: 0
Set Net Indication Callback called
Bus state is: 0
Set Net Indication Callback called
Bus state is: 0
Set Net Indication Callback called
Bus state is: 0
Set Net Indication Callback called
Bus state is: 0
Set Net Indication Callback called
Bus state is: 0
Set Net Indication Callback called
Bus state is: 0
Set Net Indication Callback called
Bus state is: 0
Set Net Indication Callback called
Bus state is: 0
Set Net Indication Callback called
Bus state is: 0
Set Net Indication Callback called
Bus state is: 0
Set Net Indication Callback called
Bus state is: 0
Set Net Indication Callback called
Bus state is: 0
Set Net Indication Callback called
Bus state is: 0
Set Net Indication Callback called
Bus state is: 0
Set Net Indication Callback called
Bus state is: 0
Set Net Indication Callback called
Bus state is: 0
Set Net Indication Callback called
Bus state is: 0
Set Net Indication Callback called
Bus state is: 0
Set Net Indication Callback called
Bus state is: 0
Set Net Indication Callback called
Bus state is: 0
Set Net Indication Callback called
Bus state is: 0
Set Net Indication Callback called
Bus state is: 0
Set Net Indication Callback called
Bus state is: 0
Set Net Indication Callback called
Bus state is: 0
Set Net Indication Callback called
Bus state is: 0
Set Net Indication Callback called
Bus state is: 0
Set Net Indication Callback called
Bus state is: 0
Set Net Indication Callback called
Bus state is: 0
Set Net Indication Callback called
Bus state is: 0
Set Net Indication Callback called
Bus state is: 0
Set Net Indication Callback called
Bus state is: 0
Set Net Indication Callback called
Bus state is: 0
Set Net Indication Callback called
Bus state is: 0
Set Net Indication Callback called
Bus state is: 0
Set Net Indication Callback called
Bus state is: 0
Set Net Indication Callback called
Bus state is: 0
Set Net Indication Callback called
Bus state is: 0
Set Net Indication Callback called
Bus state is: 0
Set Net Indication Callback called
Bus state is: 0
Set Net Indication Callback called
Bus state is: 0
Set Net Indication Callback called
Bus state is: 0
Set Net Indication Callback called
Bus state is: 0
Set Net Indication Callback called
Bus state is: 0
Set Net Indication Callback called
Bus state is: 0
Set Net Indication Callback called
Bus state is: 0
Set Net Indication Callback called
Bus state is: 0
Set Net Indication Callback called
Bus state is: 0
Set Net Indication Callback called
Bus state is: 0
Set Net Indication Callback called
Bus state is: 0
Set Net Indication Callback called
Bus state is: 0
Set Net Indication Callback called
Bus state is: 0
Set Net Indication Callback called
Bus state is: 0
Set Net Indication Callback called
Bus state is: 0
Set Net Indication Callback called
Bus state is: 0
Set Net Indication Callback called
Bus state is: 0
Set Net Indication Callback called
Bus state is: 0
Set Net Indication Callback called
Bus state is: 0
Set Net Indication Callback called
Bus state is: 0
Set Net Indication Callback called
Bus state is: 0
Set Net Indication Callback called
Bus state is: 0
Set Net Indication Callback called
Bus state is: 0
Set Net Indication Callback called
Bus state is: 0
Set Net Indication Callback called
Bus state is: 0
Set Net Indication Callback called
Bus state is: 0
Set Net Indication Callback called
Bus state is: 0
Set Net Indication Callback called
Bus state is: 0
Set Net Indication Callback called
Bus state is: 0
Set Net Indication Callback called
Bus state is: 0
Set Net Indication Callback called
Bus state is: 0
Set Net Indication Callback called
Bus state is: 0
Set Net Indication Callback called
Bus state is: 0
Set Net Indication Callback called
Bus state is: 0
Set Net Indication Callback called
Bus state is: 0
Set Net Indication Callback called
Bus state is: 0
Set Net Indication Callback called
Bus state is: 0
Set Net Indication Callback called
Bus state is: 0
Set Net Indication Callback called
Bus state is: 0
Set Net Indication Callback called
Bus state is: 0
Set Net Indication Callback called
Bus state is: 0
Set Net Indication Callback called
Bus state is: 0
Set Net Indication Callback called
Bus state is: 0
Set Net Indication Callback called
Bus state is: 0
Set Net Indication Callback called
Bus state is: 0
Set Net Indication Callback called
Bus state is: 0
Set Net Indication Callback called
Bus state is: 0
Set Net Indication Callback called
Bus state is: 0
Set Net Indication Callback called
Bus state is: 0
Set Net Indication Callback called
Bus state is: 0
Set Net Indication Callback called
Bus state is: 0
Set Net Indication Callback called
Bus state is: 0
Set Net Indication Callback called
Bus state is: 0
Set Net Indication Callback called
Bus state is: 0
Set Net Indication Callback called
Bus state is: 0
Set Net Indication Callback called
Bus state is: 0
Set Net Indication Callback called
Bus state is: 0
Set Net Indication Callback called
Bus state is: 0
Set Net Indication Callback called
Bus state is: 0
Set Net Indication Callback called
Bus state is: 0
Set Net Indication Callback called
Bus state is: 0
Set Net Indication Callback called
Bus state is: 0
Set Net Indication Callback called
Bus state is: 0
Set Net Indication Callback called
Bus state is: 0
Set Net Indication Callback called
Bus state is: 0
Set Net Indication Callback called
Bus state is: 0
Set Net Indication Callback called
Bus state is: 0
Set Net Indication Callback called
Bus state is: 0
Set Net Indication Callback called
Bus state is: 0
Set Net Indication Callback called
Bus state is: 0
Set Net Indication Callback called
Bus state is: 0
Set Net Indication Callback called
Bus state is: 0
Set Net Indication Callback called
Bus state is: 0
Set Net Indication Callback called
Bus state is: 0
Set Net Indication Callback called
Bus state is: 0
Set Net Indication Callback called
Bus state is: 0
Set Net Indication Callback called
Bus state is: 0
Set Net Indication Callback called
Bus state is: 0
Set Net Indication Callback called
Bus state is: 0
Set Net Indication Callback called
Bus state is: 0
Set Net Indication Callback called
Bus state is: 0
Set Net Indication Callback called
Bus state is: 0
Set Net Indication Callback called
Bus state is: 0
Set Net Indication Callback called
Bus state is: 0
Set Net Indication Callback called
Bus state is: 0
Set Net Indication Callback called
Bus state is: 0
Set Net Indication Callback called
Bus state is: 0
Set Net Indication Callback called
Bus state is: 0
Set Net Indication Callback called
Bus state is: 0
Set Net Indication Callback called
Bus state is: 0
Set Net Indication Callback called
Bus state is: 0
Set Net Indication Callback called
Bus state is: 0
Set Net Indication Callback called
Bus state is: 0
Set Net Indication Callback called
Bus state is: 0
Set Net Indication Callback called
Bus state is: 0
Set Net Indication Callback called
Bus state is: 0
Set Net Indication Callback called
Bus state is: 0
Set Net Indication Callback called
Bus state is: 0
Set Net Indication Callback called
Bus state is: 0
Set Net Indication Callback called
Bus state is: 0
Set Net Indication Callback called
Bus state is: 0
Set Net Indication Callback called
Bus state is: 0
Set Net Indication Callback called
Bus state is: 0
Set Net Indication Callback called
Bus state is: 0
Set Net Indication Callback called
Bus state is: 0
Set Net Indication Callback called
Bus state is: 0
Set Net Indication Callback called
Bus state is: 0
Set Net Indication Callback called
Bus state is: 0
Set Net Indication Callback called
Bus state is: 0
Set Net Indication Callback called
Bus state is: 0
Set Net Indication Callback called
Bus state is: 0
Set Net Indication Callback called
Bus state is: 0
Set Net Indication Callback called
Bus state is: 0
Set Net Indication Callback called
Bus state is: 0
Set Net Indication Callback called
Bus state is: 0
Set Net Indication Callback called
Bus state is: 0
Set Net Indication Callback called
Bus state is: 0
Set Net Indication Callback called
Bus state is: 0
Set Net Indication Callback called
Bus state is: 0
Set Net Indication Callback called
Bus state is: 0
Set Net Indication Callback called
Bus state is: 0
Set Net Indication Callback called
Bus state is: 0
Set Net Indication Callback called
Bus state is: 0
Set Net Indication Callback called
Bus state is: 0
Set Net Indication Callback called
Bus state is: 0
Set Net Indication Callback called
Bus state is: 0
Set Net Indication Callback called
Bus state is: 0
Set Net Indication Callback called
Bus state is: 0
Set Net Indication Callback called
Bus state is: 0
Set Net Indication Callback called
Bus state is: 0
Set Net Indication Callback called
Bus state is: 0
Set Net Indication Callback called
Bus state is: 0
Set Net Indication Callback called
Bus state is: 0
Set Net Indication Callback called
Bus state is: 0
Set Net Indication Callback called
Bus state is: 0
Set Net Indication Callback called
Bus state is: 0
Set Net Indication Callback called
Bus state is: 0
Set Net Indication Callback called
Bus state is: 0
Set Net Indication Callback called
Bus state is: 0
Set Net Indication Callback called
Bus state is: 0
Set Net Indication Callback called
Bus state is: 0
Set Net Indication Callback called
Bus state is: 0
Set Net Indication Callback called
Bus state is: 0
Set Net Indication Callback called
Bus state is: 0
Set Net Indication Callback called
Bus state is: 0
Set Net Indication Callback called
Bus state is: 0
Set Net Indication Callback called
Bus state is: 0
Set Net Indication Callback called
Bus state is: 0
Set Net Indication Callback called
Bus state is: 0
Set Net Indication Callback called
Bus state is: 0
Set Net Indication Callback called
Bus state is: 0
Set Net Indication Callback called
Bus state is: 0
Set Net Indication Callback called
Bus state is: 0
Set Net Indication Callback called
Bus state is: 0
Set Net Indication Callback called
Bus state is: 0
Set Net Indication Callback called
Bus state is: 0
Set Net Indication Callback called
Bus state is: 0
Set Net Indication Callback called
Bus state is: 0
Set Net Indication Callback called
Bus state is: 0
Set Net Indication Callback called
Bus state is: 0
Set Net Indication Callback called
Bus state is: 0
Set Net Indication Callback called
Bus state is: 0
Set Net Indication Callback called
Bus state is: 0
Set Net Indication Callback called
Bus state is: 0
Set Net Indication Callback called
Bus state is: 0
Set Net Indication Callback called
Bus state is: 0
Set Net Indication Callback called
Bus state is: 0
Set Net Indication Callback called
Bus state is: 0
Set Net Indication Callback called
Bus state is: 0
Set Net Indication Callback called
Bus state is: 0
Set Net Indication Callback called
Bus state is: 0
Set Net Indication Callback called
Bus state is: 0
Set Net Indication Callback called
Bus state is: 0
Set Net Indication Callback called
Bus state is: 0
Set Net Indication Callback called
Bus state is: 0
Set Net Indication Callback called
Bus state is: 0
Set Net Indication Callback called
Bus state is: 0
Set Net Indication Callback called
Bus state is: 0
Set Net Indication Callback called
Bus state is: 0
Set Net Indication Callback called
Bus state is: 0
Set Net Indication Callback called
Bus state is: 0
Set Net Indication Callback called
Bus state is: 0
Set Net Indication Callback called
Bus state is: 0
Set Net Indication Callback called
Bus state is: 0
Set Net Indication Callback called
Bus state is: 0
Set Net Indication Callback called
Bus state is: 0
Set Net Indication Callback called
Bus state is: 0
Set Net Indication Callback called
Bus state is: 0
Set Net Indication Callback called
Bus state is: 0
Set Net Indication Callback called
Bus state is: 0
Set Net Indication Callback called
Bus state is: 0
Set Net Indication Callback called
Bus state is: 0
Set Net Indication Callback called
Bus state is: 0
Set Net Indication Callback called
Bus state is: 0
Set Net Indication Callback called
Bus state is: 0
Set Net Indication Callback called
Bus state is: 0
Set Net Indication Callback called
Bus state is: 0
Set Net Indication Callback called
Bus state is: 0
Set Net Indication Callback called
Bus state is: 0
Set Net Indication Callback called
Bus state is: 0
Set Net Indication Callback called
Bus state is: 0
Set Net Indication Callback called
Bus state is: 0
Set Net Indication Callback called
Bus state is: 0
Set Net Indication Callback called
Bus state is: 0
Set Net Indication Callback called
Bus state is: 0
Set Net Indication Callback called
Bus state is: 0
Set Net Indication Callback called
Bus state is: 0
Set Net Indication Callback called
Bus state is: 0
Set Net Indication Callback called
Bus state is: 0
Set Net Indication Callback called
Bus state is: 0
Set Net Indication Callback called
Bus state is: 0
Set Net Indication Callback called
Bus state is: 0
Set Net Indication Callback called
Bus state is: 0
Set Net Indication Callback called
Bus state is: 0
Set Net Indication Callback called
Bus state is: 0
Set Net Indication Callback called
Bus state is: 0
Set Net Indication Callback called
Bus state is: 0
Set Net Indication Callback called
Bus state is: 0
Set Net Indication Callback called
Bus state is: 0
Set Net Indication Callback called
Bus state is: 0
Set Net Indication Callback called
Bus state is: 0
Set Net Indication Callback called
Bus state is: 0
Set Net Indication Callback called
Bus state is: 0
Set Net Indication Callback called
Bus state is: 0
Set Net Indication Callback called
Bus state is: 0
Set Net Indication Callback called
Bus state is: 0
Set Net Indication Callback called
Bus state is: 0
Set Net Indication Callback called
Bus state is: 0
Set Net Indication Callback called
Bus state is: 0
Set Net Indication Callback called
Bus state is: 0
Set Net Indication Callback called
Bus state is: 0
Set Net Indication Callback called
Bus state is: 0
Set Net Indication Callback called
Bus state is: 0
Set Net Indication Callback called
Bus state is: 0
Set Net Indication Callback called
Bus state is: 0
Set Net Indication Callback called
Bus state is: 0
Set Net Indication Callback called
Bus state is: 0
Set Net Indication Callback called
Bus state is: 0
Set Net Indication Callback called
Bus state is: 0
Set Net Indication Callback called
Bus state is: 0
Set Net Indication Callback called
Bus state is: 0
Set Net Indication Callback called
Bus state is: 0
Set Net Indication Callback called
Bus state is: 0
Set Net Indication Callback called
Bus state is: 0
Set Net Indication Callback called
Bus state is: 0
Set Net Indication Callback called
Bus state is: 0
Set Net Indication Callback called
Bus state is: 0
Set Net Indication Callback called
Bus state is: 0
Set Net Indication Callback called
Bus state is: 0
Set Net Indication Callback called
Bus state is: 0
Set Net Indication Callback called
Bus state is: 0
Set Net Indication Callback called
Bus state is: 0
Set Net Indication Callback called
Bus state is: 0
Set Net Indication Callback called
Bus state is: 0
Set Net Indication Callback called
Bus state is: 0
Set Net Indication Callback called
Bus state is: 0
Set Net Indication Callback called
Bus state is: 0
Set Net Indication Callback called
Bus state is: 0
Set Net Indication Callback called
Bus state is: 0
Set Net Indication Callback called
Bus state is: 0
Set Net Indication Callback called
Bus state is: 0
Set Net Indication Callback called
Bus state is: 0
Set Net Indication Callback called
Bus state is: 0
Set Net Indication Callback called
Bus state is: 0
Set Net Indication Callback called
Bus state is: 0
Set Net Indication Callback called
Bus state is: 0
Set Net Indication Callback called
Bus state is: 0
Set Net Indication Callback called
Bus state is: 0
Set Net Indication Callback called
Bus state is: 0
Set Net Indication Callback called
Bus state is: 0
Set Net Indication Callback called
Bus state is: 0
Set Net Indication Callback called
Bus state is: 0
Set Net Indication Callback called
Bus state is: 0
Set Net Indication Callback called
Bus state is: 0
Set Net Indication Callback called
Bus state is: 0
Set Net Indication Callback called
Bus state is: 0
Set Net Indication Callback called
Bus state is: 0
Set Net Indication Callback called
Bus state is: 0
Set Net Indication Callback called
Bus state is: 0
Set Net Indication Callback called
Bus state is: 0
Set Net Indication Callback called
Bus state is: 0
Set Net Indication Callback called
Bus state is: 0
Set Net Indication Callback called
Bus state is: 0
Set Net Indication Callback called
Bus state is: 0
Set Net Indication Callback called
Bus state is: 0
Set Net Indication Callback called
Bus state is: 0
Set Net Indication Callback called
Bus state is: 0
Set Net Indication Callback called
Bus state is: 0
Set Net Indication Callback called
Bus state is: 0
Set Net Indication Callback called
Bus state is: 0
Set Net Indication Callback called
Bus state is: 0
Set Net Indication Callback called
Bus state is: 0
Set Net Indication Callback called
Bus state is: 0
Set Net Indication Callback called
Bus state is: 0
Set Net Indication Callback called
Bus state is: 0
Set Net Indication Callback called
Bus state is: 0
Set Net Indication Callback called
Bus state is: 0
Set Net Indication Callback called
Bus state is: 0
Set Net Indication Callback called
Bus state is: 0
Set Net Indication Callback called
Bus state is: 0
Set Net Indication Callback called
Bus state is: 0
Set Net Indication Callback called
Bus state is: 0
Set Net Indication Callback called
Bus state is: 0
Set Net Indication Callback called
Bus state is: 0
Set Net Indication Callback called
Bus state is: 0
Set Net Indication Callback called
Bus state is: 0
Set Net Indication Callback called
Bus state is: 0
Set Net Indication Callback called
Bus state is: 0
Set Net Indication Callback called
Bus state is: 0
Set Net Indication Callback called
Bus state is: 0
Set Net Indication Callback called
Bus state is: 0
Set Net Indication Callback called
Bus state is: 0
Set Net Indication Callback called
Bus state is: 0
Set Net Indication Callback called
Bus state is: 0
Set Net Indication Callback called
Bus state is: 0
Set Net Indication Callback called
Bus state is: 0
Set Net Indication Callback called
Bus state is: 0
Set Net Indication Callback called
Bus state is: 0
Set Net Indication Callback called
Bus state is: 0
Set Net Indication Callback called
Bus state is: 0
Set Net Indication Callback called
Bus state is: 0
Set Net Indication Callback called
Bus state is: 0
Set Net Indication Callback called
Bus state is: 0
Set Net Indication Callback called
Bus state is: 0
Set Net Indication Callback called
Bus state is: 0
Set Net Indication Callback called
Bus state is: 0
Set Net Indication Callback called
Bus state is: 0
Set Net Indication Callback called
Bus state is: 0
Set Net Indication Callback called
Bus state is: 0
Set Net Indication Callback called
Bus state is: 0
Set Net Indication Callback called
Bus state is: 0
Set Net Indication Callback called
Bus state is: 0
Set Net Indication Callback called
Bus state is: 0
Set Net Indication Callback called
Bus state is: 0
Set Net Indication Callback called
Bus state is: 0
Set Net Indication Callback called
Bus state is: 0
Set Net Indication Callback called
Bus state is: 0
Set Net Indication Callback called
Bus state is: 0
Set Net Indication Callback called
Bus state is: 0
Set Net Indication Callback called
Bus state is: 0
Set Net Indication Callback called
Bus state is: 0
Set Net Indication Callback called
Bus state is: 0
Set Net Indication Callback called
Bus state is: 0
Set Net Indication Callback called
Bus state is: 0
Set Net Indication Callback called
Bus state is: 0
Set Net Indication Callback called
Bus state is: 0
Set Net Indication Callback called
Bus state is: 0
Set Net Indication Callback called
Bus state is: 0
Set Net Indication Callback called
Bus state is: 0
Set Net Indication Callback called
Bus state is: 0
Set Net Indication Callback called
Bus state is: 0
Set Net Indication Callback called
Bus state is: 0
Set Net Indication Callback called
Bus state is: 0
Set Net Indication Callback called
Bus state is: 0
Set Net Indication Callback called
Bus state is: 0
Set Net Indication Callback called
Bus state is: 0
Set Net Indication Callback called
Bus state is: 0
Set Net Indication Callback called
Bus state is: 0
Set Net Indication Callback called
Bus state is: 0
Set Net Indication Callback called
Bus state is: 0
Set Net Indication Callback called
Bus state is: 0
Set Net Indication Callback called
Bus state is: 0
Set Net Indication Callback called
Bus state is: 0
Set Net Indication Callback called
Bus state is: 0
Set Net Indication Callback called
Bus state is: 0
Set Net Indication Callback called
Bus state is: 0
Set Net Indication Callback called
Bus state is: 0
Set Net Indication Callback called
Bus state is: 0
Set Net Indication Callback called
Bus state is: 0
Set Net Indication Callback called
Bus state is: 0
Set Net Indication Callback called
Bus state is: 0
Set Net Indication Callback called
Bus state is: 0
Set Net Indication Callback called
Bus state is: 0
Set Net Indication Callback called
Bus state is: 0
Set Net Indication Callback called
Bus state is: 0
Set Net Indication Callback called
Bus state is: 0
Set Net Indication Callback called
Bus state is: 0
Set Net Indication Callback called
Bus state is: 0
Set Net Indication Callback called
Bus state is: 0
Set Net Indication Callback called
Bus state is: 0
Set Net Indication Callback called
Bus state is: 0
Set Net Indication Callback called
Bus state is: 0
Set Net Indication Callback called
Bus state is: 0
Set Net Indication Callback called
Bus state is: 0
Set Net Indication Callback called
Bus state is: 0
Set Net Indication Callback called
Bus state is: 0
Set Net Indication Callback called
Bus state is: 0
Set Net Indication Callback called
Bus state is: 0
Set Net Indication Callback called
Bus state is: 0
Set Net Indication Callback called
Bus state is: 0
Set Net Indication Callback called
Bus state is: 0
Set Net Indication Callback called
Bus state is: 0
Set Net Indication Callback called
Bus state is: 0
Set Net Indication Callback called
Bus state is: 0
Set Net Indication Callback called
Bus state is: 0
Set Net Indication Callback called
Bus state is: 0
Set Net Indication Callback called
Bus state is: 0
Set Net Indication Callback called
Bus state is: 0
Set Net Indication Callback called
Bus state is: 0
Set Net Indication Callback called
Bus state is: 0
Set Net Indication Callback called
Bus state is: 0
Set Net Indication Callback called
Bus state is: 0
Set Net Indication Callback called
Bus state is: 0
Set Net Indication Callback called
Bus state is: 0
Set Net Indication Callback called
Bus state is: 0
Set Net Indication Callback called
Bus state is: 0
Set Net Indication Callback called
Bus state is: 0
Set Net Indication Callback called
Bus state is: 0
Set Net Indication Callback called
Bus state is: 0
Set Net Indication Callback called
Bus state is: 0
Set Net Indication Callback called
Bus state is: 0
Set Net Indication Callback called
Bus state is: 0
Set Net Indication Callback called
Bus state is: 0
Set Net Indication Callback called
Bus state is: 0
Set Net Indication Callback called
Bus state is: 0
Set Net Indication Callback called
Bus state is: 0
Set Net Indication Callback called
Bus state is: 0
Set Net Indication Callback called
Bus state is: 0
Set Net Indication Callback called
Bus state is: 0
Set Net Indication Callback called
Bus state is: 0
Set Net Indication Callback called
Bus state is: 0
Set Net Indication Callback called
Bus state is: 0
Set Net Indication Callback called
Bus state is: 0
Set Net Indication Callback called
Bus state is: 0
Set Net Indication Callback called
Bus state is: 0
Set Net Indication Callback called
Bus state is: 0
Set Net Indication Callback called
Bus state is: 0
Set Net Indication Callback called
Bus state is: 0
Set Net Indication Callback called
Bus state is: 0
Set Net Indication Callback called
Bus state is: 0
Set Net Indication Callback called
Bus state is: 0
Set Net Indication Callback called
Bus state is: 0
Set Net Indication Callback called
Bus state is: 0
Set Net Indication Callback called
Bus state is: 0
Set Net Indication Callback called
Bus state is: 0
Set Net Indication Callback called
Bus state is: 0
Set Net Indication Callback called
Bus state is: 0
Set Net Indication Callback called
Bus state is: 0
Set Net Indication Callback called
Bus state is: 0
Set Net Indication Callback called
Bus state is: 0
Set Net Indication Callback called
Bus state is: 0
Set Net Indication Callback called
Bus state is: 0
Set Net Indication Callback called
Bus state is: 0
Set Net Indication Callback called
Bus state is: 0
Set Net Indication Callback called
Bus state is: 0
Set Net Indication Callback called
Bus state is: 0
Set Net Indication Callback called
Bus state is: 0
Set Net Indication Callback called
Bus state is: 0
Set Net Indication Callback called
Bus state is: 0
Set Net Indication Callback called
Bus state is: 0
Set Net Indication Callback called
Bus state is: 0
Set Net Indication Callback called
Bus state is: 0
Set Net Indication Callback called
Bus state is: 0
Set Net Indication Callback called
Bus state is: 0
Set Net Indication Callback called
Bus state is: 0
Set Net Indication Callback called
Bus state is: 0
Set Net Indication Callback called
Bus state is: 0
Set Net Indication Callback called
Bus state is: 0
Set Net Indication Callback called
Bus state is: 0
Set Net Indication Callback called
Bus state is: 0
Set Net Indication Callback called
Bus state is: 0
Set Net Indication Callback called
Bus state is: 0
Set Net Indication Callback called
Bus state is: 0
Set Net Indication Callback called
Bus state is: 0
Set Net Indication Callback called
Bus state is: 0
Set Net Indication Callback called
Bus state is: 0
Set Net Indication Callback called
Bus state is: 0
Set Net Indication Callback called
Bus state is: 0
Set Net Indication Callback called
Bus state is: 0
Set Net Indication Callback called
Bus state is: 0
Set Net Indication Callback called
Bus state is: 0
Set Net Indication Callback called
Bus state is: 0
Set Net Indication Callback called
Bus state is: 0
Set Net Indication Callback called
Bus state is: 0
Set Net Indication Callback called
Bus state is: 0
Set Net Indication Callback called
Bus state is: 0
Set Net Indication Callback called
Bus state is: 0
Set Net Indication Callback called
Bus state is: 0
Set Net Indication Callback called
Bus state is: 0
Set Net Indication Callback called
Bus state is: 0
Set Net Indication Callback called
Bus state is: 0
Set Net Indication Callback called
Bus state is: 0
Set Net Indication Callback called
Bus state is: 0
Set Net Indication Callback called
Bus state is: 0
Set Net Indication Callback called
Bus state is: 0
Set Net Indication Callback called
Bus state is: 0
Set Net Indication Callback called
Bus state is: 0
Set Net Indication Callback called
Bus state is: 0
Set Net Indication Callback called
Bus state is: 0
Set Net Indication Callback called
Bus state is: 0
Set Net Indication Callback called
Bus state is: 0
Set Net Indication Callback called
Bus state is: 0
Set Net Indication Callback called
Bus state is: 0
Set Net Indication Callback called
Bus state is: 0
Set Net Indication Callback called
Bus state is: 0
Set Net Indication Callback called
Bus state is: 0
Set Net Indication Callback called
Bus state is: 0
Set Net Indication Callback called
Bus state is: 0
Set Net Indication Callback called
Bus state is: 0
Set Net Indication Callback called
Bus state is: 0
Set Net Indication Callback called
Bus state is: 0
Set Net Indication Callback called
Bus state is: 0
Set Net Indication Callback called
Bus state is: 0
Set Net Indication Callback called
Bus state is: 0
Set Net Indication Callback called
Bus state is: 0
Set Net Indication Callback called
Bus state is: 0
Set Net Indication Callback called
Bus state is: 0
Set Net Indication Callback called
Bus state is: 0
Set Net Indication Callback called
Bus state is: 0
Set Net Indication Callback called
Bus state is: 0
Set Net Indication Callback called
Bus state is: 0
Set Net Indication Callback called
Bus state is: 0
Set Net Indication Callback called
Bus state is: 0
Set Net Indication Callback called
Bus state is: 0
Set Net Indication Callback called
Bus state is: 0
Set Net Indication Callback called
Bus state is: 0
Set Net Indication Callback called
Bus state is: 0
Set Net Indication Callback called
Bus state is: 0
Set Net Indication Callback called
Bus state is: 0
Set Net Indication Callback called
Bus state is: 0
Set Net Indication Callback called
Bus state is: 0
Set Net Indication Callback called
Bus state is: 0
Set Net Indication Callback called
Bus state is: 0
Set Net Indication Callback called
Bus state is: 0
Set Net Indication Callback called
Bus state is: 0
Set Net Indication Callback called
Bus state is: 0
Set Net Indication Callback called
Bus state is: 0
Set Net Indication Callback called
Bus state is: 0
Set Net Indication Callback called
Bus state is: 0
Set Net Indication Callback called
Bus state is: 0
Set Net Indication Callback called
Bus state is: 0
Set Net Indication Callback called
Bus state is: 0
Set Net Indication Callback called
Bus state is: 0
Set Net Indication Callback called
Bus state is: 0
Set Net Indication Callback called
Bus state is: 0
Set Net Indication Callback called
Bus state is: 0
Set Net Indication Callback called
Bus state is: 0
Set Net Indication Callback called
Bus state is: 0
Set Net Indication Callback called
Bus state is: 0
Set Net Indication Callback called
Bus state is: 0
Set Net Indication Callback called
Bus state is: 0
Set Net Indication Callback called
Bus state is: 0
Set Net Indication Callback called
Bus state is: 0
Set Net Indication Callback called
Bus state is: 0
Set Net Indication Callback called
Bus state is: 0
Set Net Indication Callback called
Bus state is: 0
Set Net Indication Callback called
Bus state is: 0
Set Net Indication Callback called
Bus state is: 0
Set Net Indication Callback called
Bus state is: 0
Set Net Indication Callback called
Bus state is: 0
Set Net Indication Callback called
Bus state is: 0
Set Net Indication Callback called
Bus state is: 0
Set Net Indication Callback called
Bus state is: 0
Set Net Indication Callback called
Bus state is: 0
Set Net Indication Callback called
Bus state is: 0
Set Net Indication Callback called
Bus state is: 0
Set Net Indication Callback called
Bus state is: 0
Set Net Indication Callback called
Bus state is: 0
Set Net Indication Callback called
Bus state is: 0
Set Net Indication Callback called
Bus state is: 0
Set Net Indication Callback called
Bus state is: 0
Set Net Indication Callback called
Bus state is: 0
Set Net Indication Callback called
Bus state is: 0
Set Net Indication Callback called
Bus state is: 0
Set Net Indication Callback called
Bus state is: 0
Set Net Indication Callback called
Bus state is: 0
Set Net Indication Callback called
Bus state is: 0
Set Net Indication Callback called
Bus state is: 0
Set Net Indication Callback called
Bus state is: 0
Set Net Indication Callback called
Bus state is: 0
Set Net Indication Callback called
Bus state is: 0
Set Net Indication Callback called
Bus state is: 0
Set Net Indication Callback called
Bus state is: 0
Set Net Indication Callback called
Bus state is: 0
Set Net Indication Callback called
Bus state is: 0
Set Net Indication Callback called
Bus state is: 0
Set Net Indication Callback called
Bus state is: 0
Set Net Indication Callback called
Bus state is: 0
Set Net Indication Callback called
Bus state is: 0
Set Net Indication Callback called
Bus state is: 0
Set Net Indication Callback called
Bus state is: 0
Set Net Indication Callback called
Bus state is: 0
Set Net Indication Callback called
Bus state is: 0
Set Net Indication Callback called
Bus state is: 0
Set Net Indication Callback called
Bus state is: 0
Set Net Indication Callback called
Bus state is: 0
Set Net Indication Callback called
Bus state is: 0
Set Net Indication Callback called
Bus state is: 0
Set Net Indication Callback called
Bus state is: 0
Set Net Indication Callback called
Bus state is: 0
Set Net Indication Callback called
Bus state is: 0
Set Net Indication Callback called
Bus state is: 0
Set Net Indication Callback called
Bus state is: 0
Set Net Indication Callback called
Bus state is: 0
Set Net Indication Callback called
Bus state is: 0
Set Net Indication Callback called
Bus state is: 0
Set Net Indication Callback called
Bus state is: 0
Set Net Indication Callback called
Bus state is: 0
Set Net Indication Callback called
Bus state is: 0
Set Net Indication Callback called
Bus state is: 0
Set Net Indication Callback called
Bus state is: 0
Set Net Indication Callback called
Bus state is: 0
Set Net Indication Callback called
Bus state is: 0
Set Net Indication Callback called
Bus state is: 0
Set Net Indication Callback called
Bus state is: 0
Set Net Indication Callback called
Bus state is: 0
Set Net Indication Callback called
Bus state is: 0
Set Net Indication Callback called
Bus state is: 0
Set Net Indication Callback called
Bus state is: 0
Set Net Indication Callback called
Bus state is: 0
Set Net Indication Callback called
Bus state is: 0
Set Net Indication Callback called
Bus state is: 0
Set Net Indication Callback called
Bus state is: 0
Set Net Indication Callback called
Bus state is: 0
Set Net Indication Callback called
Bus state is: 0
Set Net Indication Callback called
Bus state is: 0
Set Net Indication Callback called
Bus state is: 0
Set Net Indication Callback called
Bus state is: 0
Set Net Indication Callback called
Bus state is: 0
Set Net Indication Callback called
Bus state is: 0
Set Net Indication Callback called
Bus state is: 0
Set Net Indication Callback called
Bus state is: 0
Set Net Indication Callback called
Bus state is: 0
Set Net Indication Callback called
Bus state is: 0
Set Net Indication Callback called
Bus state is: 0
Set Net Indication Callback called
Bus state is: 0
Set Net Indication Callback called
Bus state is: 0
Set Net Indication Callback called
Bus state is: 0
Set Net Indication Callback called
Bus state is: 0
Set Net Indication Callback called
Bus state is: 0
Set Net Indication Callback called
Bus state is: 0
Set Net Indication Callback called
Bus state is: 0
Set Net Indication Callback called
Bus state is: 0
Set Net Indication Callback called
Bus state is: 0
Set Net Indication Callback called
Bus state is: 0
Set Net Indication Callback called
Bus state is: 0
Set Net Indication Callback called
Bus state is: 0
Set Net Indication Callback called
Bus state is: 0
Set Net Indication Callback called
Bus state is: 0
Set Net Indication Callback called
Bus state is: 0
Set Net Indication Callback called
Bus state is: 0
Set Net Indication Callback called
Bus state is: 0
Set Net Indication Callback called
Bus state is: 0
Set Net Indication Callback called
Bus state is: 0
Set Net Indication Callback called
Bus state is: 0
Set Net Indication Callback called
Bus state is: 0
Set Net Indication Callback called
Bus state is: 0
Set Net Indication Callback called
Bus state is: 0
Set Net Indication Callback called
Bus state is: 0
Set Net Indication Callback called
Bus state is: 0
Set Net Indication Callback called
Bus state is: 0
Set Net Indication Callback called
Bus state is: 0
Set Net Indication Callback called
Bus state is: 0
Set Net Indication Callback called
Bus state is: 0
Set Net Indication Callback called
Bus state is: 0
Set Net Indication Callback called
Bus state is: 0
Set Net Indication Callback called
Bus state is: 0
Set Net Indication Callback called
Bus state is: 0
Set Net Indication Callback called
Bus state is: 0
Set Net Indication Callback called
Bus state is: 0
Set Net Indication Callback called
Bus state is: 0
Set Net Indication Callback called
Bus state is: 0
Set Net Indication Callback called
Bus state is: 0
Set Net Indication Callback called
Bus state is: 0
Set Net Indication Callback called
Bus state is: 0
Set Net Indication Callback called
Bus state is: 0
Set Net Indication Callback called
Bus state is: 0
Set Net Indication Callback called
Bus state is: 0
Set Net Indication Callback called
Bus state is: 0
Set Net Indication Callback called
Bus state is: 0
Set Net Indication Callback called
Bus state is: 0
Set Net Indication Callback called
Bus state is: 0
Set Net Indication Callback called
Bus state is: 0
Set Net Indication Callback called
Bus state is: 0
Set Net Indication Callback called
Bus state is: 0
Set Net Indication Callback called
Bus state is: 0
Set Net Indication Callback called
Bus state is: 0
Set Net Indication Callback called
Bus state is: 0
Set Net Indication Callback called
Bus state is: 0
Set Net Indication Callback called
Bus state is: 0
Set Net Indication Callback called
Bus state is: 0
Set Net Indication Callback called
Bus state is: 0
Set Net Indication Callback called
Bus state is: 0
Set Net Indication Callback called
Bus state is: 0
Set Net Indication Callback called
Bus state is: 0
Set Net Indication Callback called
Bus state is: 0
Set Net Indication Callback called
Bus state is: 0
Set Net Indication Callback called
Bus state is: 0
Set Net Indication Callback called
Bus state is: 0
Set Net Indication Callback called
Bus state is: 0
Set Net Indication Callback called
Bus state is: 0
Set Net Indication Callback called
Bus state is: 0
Set Net Indication Callback called
Bus state is: 0
Set Net Indication Callback called
Bus state is: 0
Set Net Indication Callback called
Bus state is: 0
Set Net Indication Callback called
Bus state is: 0
Set Net Indication Callback called
Bus state is: 0
Set Net Indication Callback called
Bus state is: 0
Set Net Indication Callback called
Bus state is: 0
Set Net Indication Callback called
Bus state is: 0
Set Net Indication Callback called
Bus state is: 0
Set Net Indication Callback called
Bus state is: 0
Set Net Indication Callback called
Bus state is: 0
Set Net Indication Callback called
Bus state is: 0
Set Net Indication Callback called
Bus state is: 0
Set Net Indication Callback called
Bus state is: 0
Set Net Indication Callback called
Bus state is: 0
Set Net Indication Callback called
Bus state is: 0
Set Net Indication Callback called
Bus state is: 0
Set Net Indication Callback called
Bus state is: 0
Set Net Indication Callback called
Bus state is: 0
Set Net Indication Callback called
Bus state is: 0
Set Net Indication Callback called
Bus state is: 0
Set Net Indication Callback called
Bus state is: 0
Set Net Indication Callback called
Bus state is: 0
Set Net Indication Callback called
Bus state is: 0
Set Net Indication Callback called
Bus state is: 0
Set Net Indication Callback called
Bus state is: 0
Set Net Indication Callback called
Bus state is: 0
Set Net Indication Callback called
Bus state is: 0
Set Net Indication Callback called
Bus state is: 0
Set Net Indication Callback called
Bus state is: 0
Set Net Indication Callback called
Bus state is: 0
Set Net Indication Callback called
Bus state is: 0
Set Net Indication Callback called
Bus state is: 0
Set Net Indication Callback called
Bus state is: 0
Set Net Indication Callback called
Bus state is: 0
Set Net Indication Callback called
Bus state is: 0
Set Net Indication Callback called
Bus state is: 0
Set Net Indication Callback called
Bus state is: 0
Set Net Indication Callback called
Bus state is: 0
Set Net Indication Callback called
Bus state is: 0
Set Net Indication Callback called
Bus state is: 0
Set Net Indication Callback called
Bus state is: 0
Set Net Indication Callback called
Bus state is: 0
Set Net Indication Callback called
Bus state is: 0
Set Net Indication Callback called
Bus state is: 0
Set Net Indication Callback called
Bus state is: 0
Set Net Indication Callback called
Bus state is: 0
Set Net Indication Callback called
Bus state is: 0
Set Net Indication Callback called
Bus state is: 0
Set Net Indication Callback called
Bus state is: 0
Set Net Indication Callback called
Bus state is: 0
Set Net Indication Callback called
Bus state is: 0
Set Net Indication Callback called
Bus state is: 0
Set Net Indication Callback called
Bus state is: 0
Set Net Indication Callback called
Bus state is: 0
Set Net Indication Callback called
Bus state is: 0
Set Net Indication Callback called
Bus state is: 0
Set Net Indication Callback called
Bus state is: 0
Set Net Indication Callback called
Bus state is: 0
Set Net Indication Callback called
Bus state is: 0
Set Net Indication Callback called
Bus state is: 0
Set Net Indication Callback called
Bus state is: 0
Set Net Indication Callback called
Bus state is: 0
Set Net Indication Callback called
Bus state is: 0
Set Net Indication Callback called
Bus state is: 0
Set Net Indication Callback called
Bus state is: 0
Set Net Indication Callback called
Bus state is: 0
Set Net Indication Callback called
Bus state is: 0
Set Net Indication Callback called
Bus state is: 0
Set Net Indication Callback called
Bus state is: 0
Set Net Indication Callback called
Bus state is: 0
Set Net Indication Callback called
Bus state is: 0
Set Net Indication Callback called
Bus state is: 0
Set Net Indication Callback called
Bus state is: 0
Set Net Indication Callback called
Bus state is: 0
Set Net Indication Callback called
Bus state is: 0
Set Net Indication Callback called
Bus state is: 0
Set Net Indication Callback called
Bus state is: 0
Set Net Indication Callback called
Bus state is: 0
Set Net Indication Callback called
Bus state is: 0
Set Net Indication Callback called
Bus state is: 0
Set Net Indication Callback called
Bus state is: 0
Set Net Indication Callback called
Bus state is: 0
Set Net Indication Callback called
Bus state is: 0
Set Net Indication Callback called
Bus state is: 0
Set Net Indication Callback called
Bus state is: 0
Set Net Indication Callback called
Bus state is: 0
Set Net Indication Callback called
Bus state is: 0
Set Net Indication Callback called
Bus state is: 0
Set Net Indication Callback called
Bus state is: 0
Set Net Indication Callback called
Bus state is: 0
Set Net Indication Callback called
Bus state is: 0
Set Net Indication Callback called
Bus state is: 0
Set Net Indication Callback called
Bus state is: 0
Set Net Indication Callback called
Bus state is: 0
Set Net Indication Callback called
Bus state is: 0
Set Net Indication Callback called
Bus state is: 0
Set Net Indication Callback called
Bus state is: 0
Set Net Indication Callback called
Bus state is: 0
Set Net Indication Callback called
Bus state is: 0
Set Net Indication Callback called
Bus state is: 0
Set Net Indication Callback called
Bus state is: 0
Set Net Indication Callback called
Bus state is: 0
Set Net Indication Callback called
Bus state is: 0
Set Net Indication Callback called
Bus state is: 0
Set Net Indication Callback called
Bus state is: 0
Set Net Indication Callback called
Bus state is: 0
Set Net Indication Callback called
Bus state is: 0
Set Net Indication Callback called
Bus state is: 0
Set Net Indication Callback called
Bus state is: 0
Set Net Indication Callback called
Bus state is: 0
Set Net Indication Callback called
Bus state is: 0
Set Net Indication Callback called
Bus state is: 0
Set Net Indication Callback called
Bus state is: 0
Set Net Indication Callback called
Bus state is: 0
Set Net Indication Callback called
Bus state is: 0
Set Net Indication Callback called
Bus state is: 0
Set Net Indication Callback called
Bus state is: 0
Set Net Indication Callback called
Bus state is: 0
Set Net Indication Callback called
Bus state is: 0
Set Net Indication Callback called
Bus state is: 0
Set Net Indication Callback called
Bus state is: 0
Set Net Indication Callback called
Bus state is: 0
Set Net Indication Callback called
Bus state is: 0
Set Net Indication Callback called
Bus state is: 0
Set Net Indication Callback called
Bus state is: 0
Set Net Indication Callback called
Bus state is: 0
Set Net Indication Callback called
Bus state is: 0
Set Net Indication Callback called
Bus state is: 0
Set Net Indication Callback called
Bus state is: 0
Set Net Indication Callback called
Bus state is: 0
Set Net Indication Callback called
Bus state is: 0
Set Net Indication Callback called
Bus state is: 0
Set Net Indication Callback called
Bus state is: 0
Set Net Indication Callback called
Bus state is: 0
Set Net Indication Callback called
Bus state is: 0
Set Net Indication Callback called
Bus state is: 0
Set Net Indication Callback called
Bus state is: 0
Set Net Indication Callback called
Bus state is: 0
Set Net Indication Callback called
Bus state is: 0
Set Net Indication Callback called
Bus state is: 0
Set Net Indication Callback called
Bus state is: 0
Set Net Indication Callback called
Bus state is: 0
Set Net Indication Callback called
Bus state is: 0
Set Net Indication Callback called
Bus state is: 0
Set Net Indication Callback called
Bus state is: 0
Set Net Indication Callback called
Bus state is: 0
Set Net Indication Callback called
Bus state is: 0
Set Net Indication Callback called
Bus state is: 0
Set Net Indication Callback called
Bus state is: 0
Set Net Indication Callback called
Bus state is: 0
Set Net Indication Callback called
Bus state is: 0
Set Net Indication Callback called
Bus state is: 0
Set Net Indication Callback called
Bus state is: 0
Set Net Indication Callback called
Bus state is: 0
Set Net Indication Callback called
Bus state is: 0
Set Net Indication Callback called
Bus state is: 0
Set Net Indication Callback called
Bus state is: 0
Set Net Indication Callback called
Bus state is: 0
Set Net Indication Callback called
Bus state is: 0
Set Net Indication Callback called
Bus state is: 0
Set Net Indication Callback called
Bus state is: 0
Set Net Indication Callback called
Bus state is: 0
Set Net Indication Callback called
Bus state is: 0
Set Net Indication Callback called
Bus state is: 0
Set Net Indication Callback called
Bus state is: 0
Set Net Indication Callback called
Bus state is: 0
Set Net Indication Callback called
Bus state is: 0
Set Net Indication Callback called
Bus state is: 0
Set Net Indication Callback called
Bus state is: 0
Set Net Indication Callback called
Bus state is: 0
Set Net Indication Callback called
Bus state is: 0
Set Net Indication Callback called
Bus state is: 0
Set Net Indication Callback called
Bus state is: 0
Set Net Indication Callback called
Bus state is: 0
Set Net Indication Callback called
Bus state is: 0
Set Net Indication Callback called
Bus state is: 0
Set Net Indication Callback called
Bus state is: 0
Set Net Indication Callback called
Bus state is: 0
Set Net Indication Callback called
Bus state is: 0
Set Net Indication Callback called
Bus state is: 0
Set Net Indication Callback called
Bus state is: 0
Set Net Indication Callback called
Bus state is: 0
Set Net Indication Callback called
Bus state is: 0
Set Net Indication Callback called
Bus state is: 0
Set Net Indication Callback called
Bus state is: 0
Set Net Indication Callback called
Bus state is: 0
Set Net Indication Callback called
Bus state is: 0
Set Net Indication Callback called
Bus state is: 0
Set Net Indication Callback called
Bus state is: 0
Set Net Indication Callback called
Bus state is: 0
Set Net Indication Callback called
Bus state is: 0
Set Net Indication Callback called
Bus state is: 0
Set Net Indication Callback called
Bus state is: 0
Set Net Indication Callback called
Bus state is: 0
Set Net Indication Callback called
Bus state is: 0
Set Net Indication Callback called
Bus state is: 0
Set Net Indication Callback called
Bus state is: 0
Set Net Indication Callback called
Bus state is: 0
Set Net Indication Callback called
Bus state is: 0
Set Net Indication Callback called
Bus state is: 0
Set Net Indication Callback called
Bus state is: 0
Set Net Indication Callback called
Bus state is: 0
Set Net Indication Callback called
Bus state is: 0
Set Net Indication Callback called
Bus state is: 0
Set Net Indication Callback called
Bus state is: 0
Set Net Indication Callback called
Bus state is: 0
Set Net Indication Callback called
Bus state is: 0
Set Net Indication Callback called
Bus state is: 0
Set Net Indication Callback called
Bus state is: 0
Set Net Indication Callback called
Bus state is: 0
Set Net Indication Callback called
Bus state is: 0
Set Net Indication Callback called
Bus state is: 0
Set Net Indication Callback called
Bus state is: 0
Set Net Indication Callback called
Bus state is: 0
Set Net Indication Callback called
Bus state is: 0
Set Net Indication Callback called
Bus state is: 0
Set Net Indication Callback called
Bus state is: 0
Set Net Indication Callback called
Bus state is: 0
Set Net Indication Callback called
Bus state is: 0
Set Net Indication Callback called
Bus state is: 0
Set Net Indication Callback called
Bus state is: 0
Set Net Indication Callback called
Bus state is: 0
Set Net Indication Callback called
Bus state is: 0
Set Net Indication Callback called
Bus state is: 0
Set Net Indication Callback called
Bus state is: 0
Set Net Indication Callback called
Bus state is: 0
Set Net Indication Callback called
Bus state is: 0
Set Net Indication Callback called
Bus state is: 0
Set Net Indication Callback called
Bus state is: 0
Set Net Indication Callback called
Bus state is: 0
Set Net Indication Callback called
Bus state is: 0
Set Net Indication Callback called
Bus state is: 0
Set Net Indication Callback called
Bus state is: 0
Set Net Indication Callback called
Bus state is: 0
Set Net Indication Callback called
Bus state is: 0
Set Net Indication Callback called
Bus state is: 0
Set Net Indication Callback called
Bus state is: 0
Set Net Indication Callback called
Bus state is: 0
Set Net Indication Callback called
Bus state is: 0
Set Net Indication Callback called
Bus state is: 0
Set Net Indication Callback called
Bus state is: 0
Set Net Indication Callback called
Bus state is: 0
Set Net Indication Callback called
Bus state is: 0
Set Net Indication Callback called
Bus state is: 0
Set Net Indication Callback called
Bus state is: 0
Set Net Indication Callback called
Bus state is: 0
Set Net Indication Callback called
Bus state is: 0
Set Net Indication Callback called
Bus state is: 0
Set Net Indication Callback called
Bus state is: 0
Set Net Indication Callback called
Bus state is: 0
Set Net Indication Callback called
Bus state is: 0
Set Net Indication Callback called
Bus state is: 0
Set Net Indication Callback called
Bus state is: 0
Set Net Indication Callback called
Bus state is: 0
Set Net Indication Callback called
Bus state is: 0
Set Net Indication Callback called
Bus state is: 0
Set Net Indication Callback called
Bus state is: 0
Set Net Indication Callback called
Bus state is: 0
Set Net Indication Callback called
Bus state is: 0
Set Net Indication Callback called
Bus state is: 0
Set Net Indication Callback called
Bus state is: 0
Set Net Indication Callback called
Bus state is: 0
Set Net Indication Callback called
Bus state is: 0
Set Net Indication Callback called
Bus state is: 0
Set Net Indication Callback called
Bus state is: 0
Set Net Indication Callback called
Bus state is: 0
Set Net Indication Callback called
Bus state is: 0
Set Net Indication Callback called
Bus state is: 0
Set Net Indication Callback called
Bus state is: 0
Set Net Indication Callback called
Bus state is: 0
Set Net Indication Callback called
Bus state is: 0
Set Net Indication Callback called
Bus state is: 0
Set Net Indication Callback called
Bus state is: 0
Set Net Indication Callback called
Bus state is: 0
Set Net Indication Callback called
Bus state is: 0
Set Net Indication Callback called
Bus state is: 0
Set Net Indication Callback called
Bus state is: 0
Set Net Indication Callback called
Bus state is: 0
Set Net Indication Callback called
Bus state is: 0
Set Net Indication Callback called
Bus state is: 0
Set Net Indication Callback called
Bus state is: 0
Set Net Indication Callback called
Bus state is: 0
Set Net Indication Callback called
Bus state is: 0
Set Net Indication Callback called
Bus state is: 0
Set Net Indication Callback called
Bus state is: 0
Set Net Indication Callback called
Bus state is: 0
Set Net Indication Callback called
Bus state is: 0
Set Net Indication Callback called
Bus state is: 0
Set Net Indication Callback called
Bus state is: 0
Set Net Indication Callback called
Bus state is: 0
Set Net Indication Callback called
Bus state is: 0
Set Net Indication Callback called
Bus state is: 0
Set Net Indication Callback called
Bus state is: 0
Set Net Indication Callback called
Bus state is: 0
Set Net Indication Callback called
Bus state is: 0
Set Net Indication Callback called
Bus state is: 0
Set Net Indication Callback called
Bus state is: 0
Set Net Indication Callback called
Bus state is: 0
Set Net Indication Callback called
Bus state is: 0
Set Net Indication Callback called
Bus state is: 0
Set Net Indication Callback called
Bus state is: 0
Set Net Indication Callback called
Bus state is: 0
Set Net Indication Callback called
Bus state is: 0
Set Net Indication Callback called
Bus state is: 0
Set Net Indication Callback called
Bus state is: 0
Set Net Indication Callback called
Bus state is: 0
Set Net Indication Callback called
Bus state is: 0
Set Net Indication Callback called
Bus state is: 0
Set Net Indication Callback called
Bus state is: 0
Set Net Indication Callback called
Bus state is: 0
Set Net Indication Callback called
Bus state is: 0
Set Net Indication Callback called
Bus state is: 0
Set Net Indication Callback called
Bus state is: 0
Set Net Indication Callback called
Bus state is: 0
Set Net Indication Callback called
Bus state is: 0
Set Net Indication Callback called
Bus state is: 0
Set Net Indication Callback called
Bus state is: 0
Set Net Indication Callback called
Bus state is: 0
Set Net Indication Callback called
Bus state is: 0
Set Net Indication Callback called
Bus state is: 0
Set Net Indication Callback called
Bus state is: 0
Set Net Indication Callback called
Bus state is: 0
Set Net Indication Callback called
Bus state is: 0
Set Net Indication Callback called
Bus state is: 0
Set Net Indication Callback called
Bus state is: 0
Set Net Indication Callback called
Bus state is: 0
Set Net Indication Callback called
Bus state is: 0
Set Net Indication Callback called
Bus state is: 0
Set Net Indication Callback called
Bus state is: 0
Set Net Indication Callback called
Bus state is: 0
Set Net Indication Callback called
Bus state is: 0
Set Net Indication Callback called
Bus state is: 0
Set Net Indication Callback called
Bus state is: 0
Set Net Indication Callback called
Bus state is: 0
Set Net Indication Callback called
Bus state is: 0
Set Net Indication Callback called
Bus state is: 0
Set Net Indication Callback called
Bus state is: 0
Set Net Indication Callback called
Bus state is: 0
Set Net Indication Callback called
Bus state is: 0
Set Net Indication Callback called
Bus state is: 0
Set Net Indication Callback called
Bus state is: 0
Set Net Indication Callback called
Bus state is: 0
Set Net Indication Callback called
Bus state is: 0
Set Net Indication Callback called
Bus state is: 0
Set Net Indication Callback called
Bus state is: 0
Set Net Indication Callback called
Bus state is: 0
Set Net Indication Callback called
Bus state is: 0
Set Net Indication Callback called
Bus state is: 0
Set Net Indication Callback called
Bus state is: 0
Set Net Indication Callback called
Bus state is: 0
Set Net Indication Callback called
Bus state is: 0
Set Net Indication Callback called
Bus state is: 0
Set Net Indication Callback called
Bus state is: 0
Set Net Indication Callback called
Bus state is: 0
Set Net Indication Callback called
Bus state is: 0
Set Net Indication Callback called
Bus state is: 0
Set Net Indication Callback called
Bus state is: 0
Set Net Indication Callback called
Bus state is: 0
Set Net Indication Callback called
Bus state is: 0
Set Net Indication Callback called
Bus state is: 0
Set Net Indication Callback called
Bus state is: 0
Set Net Indication Callback called
Bus state is: 0
Set Net Indication Callback called
Bus state is: 0
Set Net Indication Callback called
Bus state is: 0
Set Net Indication Callback called
Bus state is: 0
Set Net Indication Callback called
Bus state is: 0
Set Net Indication Callback called
Bus state is: 0
Set Net Indication Callback called
Bus state is: 0
Set Net Indication Callback called
Bus state is: 0
Set Net Indication Callback called
Bus state is: 0
Set Net Indication Callback called
Bus state is: 0
Set Net Indication Callback called
Bus state is: 0
Set Net Indication Callback called
Bus state is: 0
Set Net Indication Callback called
Bus state is: 0
Set Net Indication Callback called
Bus state is: 0
Set Net Indication Callback called
Bus state is: 0
Set Net Indication Callback called
Bus state is: 0
Set Net Indication Callback called
Bus state is: 0
Set Net Indication Callback called
Bus state is: 0
Set Net Indication Callback called
Bus state is: 0
Set Net Indication Callback called
Bus state is: 0
Set Net Indication Callback called
Bus state is: 0
Set Net Indication Callback called
Bus state is: 0
Set Net Indication Callback called
Bus state is: 0
Set Net Indication Callback called
Bus state is: 0
Set Net Indication Callback called
Bus state is: 0
Set Net Indication Callback called
Bus state is: 0
Set Net Indication Callback called
Bus state is: 0
Set Net Indication Callback called
Bus state is: 0
Set Net Indication Callback called
Bus state is: 0
Set Net Indication Callback called
Bus state is: 0
Set Net Indication Callback called
Bus state is: 0
Set Net Indication Callback called
Bus state is: 0
Set Net Indication Callback called
Bus state is: 0
Set Net Indication Callback called
Bus state is: 0
Set Net Indication Callback called
Bus state is: 0
Set Net Indication Callback called
Bus state is: 0
Set Net Indication Callback called
Bus state is: 0
Set Net Indication Callback called
Bus state is: 0
Set Net Indication Callback called
Bus state is: 0
Set Net Indication Callback called
Bus state is: 0
Set Net Indication Callback called
Bus state is: 0
Set Net Indication Callback called
Bus state is: 0
Set Net Indication Callback called
Bus state is: 0
Set Net Indication Callback called
Bus state is: 0
Set Net Indication Callback called
Bus state is: 0
Set Net Indication Callback called
Bus state is: 0
Set Net Indication Callback called
Bus state is: 0
Set Net Indication Callback called
Bus state is: 0
Set Net Indication Callback called
Bus state is: 0
Set Net Indication Callback called
Bus state is: 0
Set Net Indication Callback called
Bus state is: 0
Set Net Indication Callback called
Bus state is: 0
Set Net Indication Callback called
Bus state is: 0
Set Net Indication Callback called
Bus state is: 0
Set Net Indication Callback called
Bus state is: 0
Set Net Indication Callback called
Bus state is: 0
Set Net Indication Callback called
Bus state is: 0
Set Net Indication Callback called
Bus state is: 0
Set Net Indication Callback called
Bus state is: 0
Set Net Indication Callback called
Bus state is: 0
Set Net Indication Callback called
Bus state is: 0
Set Net Indication Callback called
Bus state is: 0
Set Net Indication Callback called
Bus state is: 0
Set Net Indication Callback called
Bus state is: 0
Set Net Indication Callback called
Bus state is: 0
Set Net Indication Callback called
Bus state is: 0
Set Net Indication Callback called
Bus state is: 0
Set Net Indication Callback called
Bus state is: 0
Set Net Indication Callback called
Bus state is: 0
Set Net Indication Callback called
Bus state is: 0
Set Net Indication Callback called
Bus state is: 0
Set Net Indication Callback called
Bus state is: 0
Set Net Indication Callback called
Bus state is: 0
Set Net Indication Callback called
Bus state is: 0
Set Net Indication Callback called
Bus state is: 0
Set Net Indication Callback called
Bus state is: 0
Set Net Indication Callback called
Bus state is: 0
Set Net Indication Callback called
Bus state is: 0
Set Net Indication Callback called
Bus state is: 0
Set Net Indication Callback called
Bus state is: 0
Set Net Indication Callback called
Bus state is: 0
Set Net Indication Callback called
Bus state is: 0
Set Net Indication Callback called
Bus state is: 0
Set Net Indication Callback called
Bus state is: 0
Set Net Indication Callback called
Bus state is: 0
Set Net Indication Callback called
Bus state is: 0
Set Net Indication Callback called
Bus state is: 0
Set Net Indication Callback called
Bus state is: 0
Set Net Indication Callback called
Bus state is: 0
Set Net Indication Callback called
Bus state is: 0
Set Net Indication Callback called
Bus state is: 0
Set Net Indication Callback called
Bus state is: 0
Set Net Indication Callback called
Bus state is: 0
Set Net Indication Callback called
Bus state is: 0
Set Net Indication Callback called
Bus state is: 0
Set Net Indication Callback called
Bus state is: 0
Set Net Indication Callback called
Bus state is: 0
Set Net Indication Callback called
Bus state is: 0
Set Net Indication Callback called
Bus state is: 0
Set Net Indication Callback called
Bus state is: 0
Set Net Indication Callback called
Bus state is: 0
Set Net Indication Callback called
Bus state is: 0
Set Net Indication Callback called
Bus state is: 0
Set Net Indication Callback called
Bus state is: 0
Set Net Indication Callback called
Bus state is: 0
Set Net Indication Callback called
Bus state is: 0
Set Net Indication Callback called
Bus state is: 0
Set Net Indication Callback called
Bus state is: 0
Set Net Indication Callback called
Bus state is: 0
Set Net Indication Callback called
Bus state is: 0
Set Net Indication Callback called
Bus state is: 0
Set Net Indication Callback called
Bus state is: 0
Set Net Indication Callback called
Bus state is: 0
Set Net Indication Callback called
Bus state is: 0
Set Net Indication Callback called
Bus state is: 0
Set Net Indication Callback called
Bus state is: 0
Set Net Indication Callback called
Bus state is: 0
Set Net Indication Callback called
Bus state is: 0
Set Net Indication Callback called
Bus state is: 0
Set Net Indication Callback called
Bus state is: 0
Set Net Indication Callback called
Bus state is: 0
Set Net Indication Callback called
Bus state is: 0
Set Net Indication Callback called
Bus state is: 0
Set Net Indication Callback called
Bus state is: 0
Set Net Indication Callback called
Bus state is: 0
Set Net Indication Callback called
Bus state is: 0
Set Net Indication Callback called
Bus state is: 0
Set Net Indication Callback called
Bus state is: 0
Set Net Indication Callback called
Bus state is: 0
Set Net Indication Callback called
Bus state is: 0
Set Net Indication Callback called
Bus state is: 0
Set Net Indication Callback called
Bus state is: 0
Set Net Indication Callback called
Bus state is: 0
Set Net Indication Callback called
Bus state is: 0
Set Net Indication Callback called
Bus state is: 0
Set Net Indication Callback called
Bus state is: 0
Set Net Indication Callback called
Bus state is: 0
Set Net Indication Callback called
Bus state is: 0
Set Net Indication Callback called
Bus state is: 0
Set Net Indication Callback called
Bus state is: 0
Set Net Indication Callback called
Bus state is: 0
Set Net Indication Callback called
Bus state is: 0
Set Net Indication Callback called
Bus state is: 0
Set Net Indication Callback called
Bus state is: 0
Set Net Indication Callback called
Bus state is: 0
Set Net Indication Callback called
Bus state is: 0
Set Net Indication Callback called
Bus state is: 0
Set Net Indication Callback called
Bus state is: 0
Set Net Indication Callback called
Bus state is: 0
Set Net Indication Callback called
Bus state is: 0
Set Net Indication Callback called
Bus state is: 0
Set Net Indication Callback called
Bus state is: 0
Set Net Indication Callback called
Bus state is: 0
Set Net Indication Callback called
Bus state is: 0
Set Net Indication Callback called
Bus state is: 0
Set Net Indication Callback called
Bus state is: 0
Set Net Indication Callback called
Bus state is: 0
Set Net Indication Callback called
Bus state is: 0
Set Net Indication Callback called
Bus state is: 0
Set Net Indication Callback called
Bus state is: 0
Set Net Indication Callback called
Bus state is: 0
Set Net Indication Callback called
Bus state is: 0
Set Net Indication Callback called
Bus state is: 0
Set Net Indication Callback called
Bus state is: 0
Set Net Indication Callback called
Bus state is: 0
Set Net Indication Callback called
Bus state is: 0
Set Net Indication Callback called
Bus state is: 0
Set Net Indication Callback called
Bus state is: 0
Set Net Indication Callback called
Bus state is: 0
Set Net Indication Callback called
Bus state is: 0
Set Net Indication Callback called
Bus state is: 0
Set Net Indication Callback called
Bus state is: 0
Set Net Indication Callback called
Bus state is: 0
Set Net Indication Callback called
Bus state is: 0
Set Net Indication Callback called
Bus state is: 0
Set Net Indication Callback called
Bus state is: 0
Set Net Indication Callback called
Bus state is: 0
Set Net Indication Callback called
Bus state is: 0
Set Net Indication Callback called
Bus state is: 0
Set Net Indication Callback called
Bus state is: 0
Set Net Indication Callback called
Bus state is: 0
Set Net Indication Callback called
Bus state is: 0
Set Net Indication Callback called
Bus state is: 0
Set Net Indication Callback called
Bus state is: 0
Set Net Indication Callback called
Bus state is: 0
Set Net Indication Callback called
Bus state is: 0
Set Net Indication Callback called
Bus state is: 0
Set Net Indication Callback called
Bus state is: 0
Set Net Indication Callback called
Bus state is: 0
Set Net Indication Callback called
Bus state is: 0
Set Net Indication Callback called
Bus state is: 0
Set Net Indication Callback called
Bus state is: 0
Set Net Indication Callback called
Bus state is: 0
Set Net Indication Callback called
Bus state is: 0
Set Net Indication Callback called
Bus state is: 0
Set Net Indication Callback called
Bus state is: 0
Set Net Indication Callback called
Bus state is: 0
Set Net Indication Callback called
Bus state is: 0
Set Net Indication Callback called
Bus state is: 0
Set Net Indication Callback called
Bus state is: 0
Set Net Indication Callback called
Bus state is: 0
Set Net Indication Callback called
Bus state is: 0
Set Net Indication Callback called
Bus state is: 0
Set Net Indication Callback called
Bus state is: 0
Set Net Indication Callback called
Bus state is: 0
Set Net Indication Callback called
Bus state is: 0
Set Net Indication Callback called
Bus state is: 0
Set Net Indication Callback called
Bus state is: 0
Set Net Indication Callback called
Bus state is: 0
Set Net Indication Callback called
Bus state is: 0
Set Net Indication Callback called
Bus state is: 0
Set Net Indication Callback called
Bus state is: 0
Set Net Indication Callback called
Bus state is: 0
Set Net Indication Callback called
Bus state is: 0
Set Net Indication Callback called
Bus state is: 0
Set Net Indication Callback called
Bus state is: 0
Set Net Indication Callback called
Bus state is: 0
Set Net Indication Callback called
Bus state is: 0
Set Net Indication Callback called
Bus state is: 0
Set Net Indication Callback called
Bus state is: 0
Set Net Indication Callback called
Bus state is: 0
Set Net Indication Callback called
Bus state is: 0
Set Net Indication Callback called
Bus state is: 0
Set Net Indication Callback called
Bus state is: 0
Set Net Indication Callback called
Bus state is: 0
Set Net Indication Callback called
Bus state is: 0
Set Net Indication Callback called
Bus state is: 0
Set Net Indication Callback called
Bus state is: 0
Set Net Indication Callback called
Bus state is: 0
Set Net Indication Callback called
Bus state is: 0
Set Net Indication Callback called
Bus state is: 0
Set Net Indication Callback called
Bus state is: 0
Set Net Indication Callback called
Bus state is: 0
Set Net Indication Callback called
Bus state is: 0
Set Net Indication Callback called
Bus state is: 0
Set Net Indication Callback called
Bus state is: 0
Set Net Indication Callback called
Bus state is: 0
Set Net Indication Callback called
Bus state is: 0
Set Net Indication Callback called
Bus state is: 0
Set Net Indication Callback called
Bus state is: 0
Set Net Indication Callback called
Bus state is: 0
Set Net Indication Callback called
Bus state is: 0
Set Net Indication Callback called
Bus state is: 0
Set Net Indication Callback called
Bus state is: 0
Set Net Indication Callback called
Bus state is: 0
Set Net Indication Callback called
Bus state is: 0
Set Net Indication Callback called
Bus state is: 0
Set Net Indication Callback called
Bus state is: 0
Set Net Indication Callback called
Bus state is: 0
Set Net Indication Callback called
Bus state is: 0
Set Net Indication Callback called
Bus state is: 0
Set Net Indication Callback called
Bus state is: 0
Set Net Indication Callback called
Bus state is: 0
Set Net Indication Callback called
Bus state is: 0
Set Net Indication Callback called
Bus state is: 0
Set Net Indication Callback called
Bus state is: 0
Set Net Indication Callback called
Bus state is: 0
Set Net Indication Callback called
Bus state is: 0
Set Net Indication Callback called
Bus state is: 0
Set Net Indication Callback called
Bus state is: 0
Set Net Indication Callback called
Bus state is: 0
Set Net Indication Callback called
Bus state is: 0
Set Net Indication Callback called
Bus state is: 0
Set Net Indication Callback called
Bus state is: 0
Set Net Indication Callback called
Bus state is: 0
Set Net Indication Callback called
Bus state is: 0
Set Net Indication Callback called
Bus state is: 0
Set Net Indication Callback called
Bus state is: 0
Set Net Indication Callback called
Bus state is: 0
Set Net Indication Callback called
Bus state is: 0
Set Net Indication Callback called
Bus state is: 0
Set Net Indication Callback called
Bus state is: 0
Set Net Indication Callback called
Bus state is: 0
Set Net Indication Callback called
Bus state is: 0
Set Net Indication Callback called
Bus state is: 0
Set Net Indication Callback called
Bus state is: 0
Set Net Indication Callback called
Bus state is: 0
Set Net Indication Callback called
Bus state is: 0
Set Net Indication Callback called
Bus state is: 0
Set Net Indication Callback called
Bus state is: 0
Set Net Indication Callback called
Bus state is: 0
Set Net Indication Callback called
Bus state is: 0
Set Net Indication Callback called
Bus state is: 0
Set Net Indication Callback called
Bus state is: 0
Set Net Indication Callback called
Bus state is: 0
Set Net Indication Callback called
Bus state is: 0
Set Net Indication Callback called
Bus state is: 0
Set Net Indication Callback called
Bus state is: 0
Set Net Indication Callback called
Bus state is: 0
Set Net Indication Callback called
Bus state is: 0
Set Net Indication Callback called
Bus state is: 0
Set Net Indication Callback called
Bus state is: 0
Set Net Indication Callback called
Bus state is: 0
Set Net Indication Callback called
Bus state is: 0
Set Net Indication Callback called
Bus state is: 0
Set Net Indication Callback called
Bus state is: 0
Set Net Indication Callback called
Bus state is: 0
Set Net Indication Callback called
Bus state is: 0
Set Net Indication Callback called
Bus state is: 0
Set Net Indication Callback called
Bus state is: 0
Set Net Indication Callback called
Bus state is: 0
Set Net Indication Callback called
Bus state is: 0
Set Net Indication Callback called
Bus state is: 0
Set Net Indication Callback called
Bus state is: 0
Set Net Indication Callback called
Bus state is: 0
Set Net Indication Callback called
Bus state is: 0
Set Net Indication Callback called
Bus state is: 0
Set Net Indication Callback called
Bus state is: 0
Set Net Indication Callback called
Bus state is: 0
Set Net Indication Callback called
Bus state is: 0
Set Net Indication Callback called
Bus state is: 0
Set Net Indication Callback called
Bus state is: 0
Set Net Indication Callback called
Bus state is: 0
Set Net Indication Callback called
Bus state is: 0
Set Net Indication Callback called
Bus state is: 0
Set Net Indication Callback called
Bus state is: 0
Set Net Indication Callback called
Bus state is: 0
Set Net Indication Callback called
Bus state is: 0
Set Net Indication Callback called
Bus state is: 0
Set Net Indication Callback called
Bus state is: 0
Set Net Indication Callback called
Bus state is: 0
Set Net Indication Callback called
Bus state is: 0
Set Net Indication Callback called
Bus state is: 0
Set Net Indication Callback called
Bus state is: 0
Set Net Indication Callback called
Bus state is: 0
Set Net Indication Callback called
Bus state is: 0
Set Net Indication Callback called
Bus state is: 0
Set Net Indication Callback called
Bus state is: 0
Set Net Indication Callback called
Bus state is: 0
Set Net Indication Callback called
Bus state is: 0
Set Net Indication Callback called
Bus state is: 0
Set Net Indication Callback called
Bus state is: 0
Set Net Indication Callback called
Bus state is: 0
Set Net Indication Callback called
Bus state is: 0
Set Net Indication Callback called
Bus state is: 0
Set Net Indication Callback called
Bus state is: 0
Set Net Indication Callback called
Bus state is: 0
Set Net Indication Callback called
Bus state is: 0
Set Net Indication Callback called
Bus state is: 0
Set Net Indication Callback called
Bus state is: 0
Set Net Indication Callback called
Bus state is: 0
Set Net Indication Callback called
Bus state is: 0
Set Net Indication Callback called
Bus state is: 0
Set Net Indication Callback called
Bus state is: 0
Set Net Indication Callback called
Bus state is: 0
Set Net Indication Callback called
Bus state is: 0
Set Net Indication Callback called
Bus state is: 0
Set Net Indication Callback called
Bus state is: 0
Set Net Indication Callback called
Bus state is: 0
Set Net Indication Callback called
Bus state is: 0
Set Net Indication Callback called
Bus state is: 0
Set Net Indication Callback called
Bus state is: 0
Set Net Indication Callback called
Bus state is: 0
Set Net Indication Callback called
Bus state is: 0
Set Net Indication Callback called
Bus state is: 0
Set Net Indication Callback called
Bus state is: 0
Set Net Indication Callback called
Bus state is: 0
Set Net Indication Callback called
Bus state is: 0
Set Net Indication Callback called
Bus state is: 0
Set Net Indication Callback called
Bus state is: 0
Set Net Indication Callback called
Bus state is: 0
Set Net Indication Callback called
Bus state is: 0
Set Net Indication Callback called
Bus state is: 0
Set Net Indication Callback called
Bus state is: 0
Set Net Indication Callback called
Bus state is: 0
Set Net Indication Callback called
Bus state is: 0
Set Net Indication Callback called
Bus state is: 0
Set Net Indication Callback called
Bus state is: 0
Set Net Indication Callback called
Bus state is: 0
Set Net Indication Callback called
Bus state is: 0
Set Net Indication Callback called
Bus state is: 0
Set Net Indication Callback called
Bus state is: 0
Set Net Indication Callback called
Bus state is: 0
Set Net Indication Callback called
Bus state is: 0
Set Net Indication Callback called
Bus state is: 0
Set Net Indication Callback called
Bus state is: 0
Set Net Indication Callback called
Bus state is: 0
Set Net Indication Callback called
Bus state is: 0
Set Net Indication Callback called
Bus state is: 0
Set Net Indication Callback called
Bus state is: 0
Set Net Indication Callback called
Bus state is: 0
Set Net Indication Callback called
Bus state is: 0
Set Net Indication Callback called
Bus state is: 0
Set Net Indication Callback called
Bus state is: 0
Set Net Indication Callback called
Bus state is: 0
Set Net Indication Callback called
Bus state is: 0
Set Net Indication Callback called
Bus state is: 0
Set Net Indication Callback called
Bus state is: 0
Set Net Indication Callback called
Bus state is: 0
Set Net Indication Callback called
Bus state is: 0
Set Net Indication Callback called
Bus state is: 0
Set Net Indication Callback called
Bus state is: 0
Set Net Indication Callback called
Bus state is: 0
Set Net Indication Callback called
Bus state is: 0
Set Net Indication Callback called
Bus state is: 0
Set Net Indication Callback called
Bus state is: 0
Set Net Indication Callback called
Bus state is: 0
Set Net Indication Callback called
Bus state is: 0
Set Net Indication Callback called
Bus state is: 0
Set Net Indication Callback called
Bus state is: 0
Set Net Indication Callback called
Bus state is: 0
Set Net Indication Callback called
Bus state is: 0
Set Net Indication Callback called
Bus state is: 0
Set Net Indication Callback called
Bus state is: 0
Set Net Indication Callback called
Bus state is: 0
Set Net Indication Callback called
Bus state is: 0
Set Net Indication Callback called
Bus state is: 0
Set Net Indication Callback called
Bus state is: 0
Set Net Indication Callback called
Bus state is: 0
Set Net Indication Callback called
Bus state is: 0
Set Net Indication Callback called
Bus state is: 0
Set Net Indication Callback called
Bus state is: 0
Set Net Indication Callback called
Bus state is: 0
Set Net Indication Callback called
Bus state is: 0
Set Net Indication Callback called
Bus state is: 0
Set Net Indication Callback called
Bus state is: 0
Set Net Indication Callback called
Bus state is: 0
Set Net Indication Callback called
Bus state is: 0
Set Net Indication Callback called
Bus state is: 0
Set Net Indication Callback called
Bus state is: 0
Set Net Indication Callback called
Bus state is: 0
Set Net Indication Callback called
Bus state is: 0
Set Net Indication Callback called
Bus state is: 0
Set Net Indication Callback called
Bus state is: 0
Set Net Indication Callback called
Bus state is: 0
Set Net Indication Callback called
Bus state is: 0
Set Net Indication Callback called
Bus state is: 0
Set Net Indication Callback called
Bus state is: 0
Set Net Indication Callback called
Bus state is: 0
Set Net Indication Callback called
Bus state is: 0
Set Net Indication Callback called
Bus state is: 0
Set Net Indication Callback called
Bus state is: 0
Set Net Indication Callback called
Bus state is: 0
Set Net Indication Callback called
Bus state is: 0
Set Net Indication Callback called
Bus state is: 0
Set Net Indication Callback called
Bus state is: 0
Set Net Indication Callback called
Bus state is: 0
Set Net Indication Callback called
Bus state is: 0
Set Net Indication Callback called
Bus state is: 0
Set Net Indication Callback called
Bus state is: 0
Set Net Indication Callback called
Bus state is: 0
Set Net Indication Callback called
Bus state is: 0
Set Net Indication Callback called
Bus state is: 0
Set Net Indication Callback called
Bus state is: 0
Set Net Indication Callback called
Bus state is: 0
Set Net Indication Callback called
Bus state is: 0
Set Net Indication Callback called
Bus state is: 0
Set Net Indication Callback called
Bus state is: 0
Set Net Indication Callback called
Bus state is: 0
Set Net Indication Callback called
Bus state is: 0
Set Net Indication Callback called
Bus state is: 0
Set Net Indication Callback called
Bus state is: 0
Set Net Indication Callback called
Bus state is: 0
Set Net Indication Callback called
Bus state is: 0
Set Net Indication Callback called
Bus state is: 0
Set Net Indication Callback called
Bus state is: 0
Set Net Indication Callback called
Bus state is: 0
Set Net Indication Callback called
Bus state is: 0
Set Net Indication Callback called
Bus state is: 0
Set Net Indication Callback called
Bus state is: 0
Set Net Indication Callback called
Bus state is: 0
Set Net Indication Callback called
Bus state is: 0
Set Net Indication Callback called
Bus state is: 0
Set Net Indication Callback called
Bus state is: 0
Set Net Indication Callback called
Bus state is: 0
Set Net Indication Callback called
Bus state is: 0
Set Net Indication Callback called
Bus state is: 0
Set Net Indication Callback called
Bus state is: 0
Set Net Indication Callback called
Bus state is: 0
Set Net Indication Callback called
Bus state is: 0
Set Net Indication Callback called
Bus state is: 0
Set Net Indication Callback called
Bus state is: 0
Set Net Indication Callback called
Bus state is: 0
Set Net Indication Callback called
Bus state is: 0
Set Net Indication Callback called
Bus state is: 0
Set Net Indication Callback called
Bus state is: 0
Set Net Indication Callback called
Bus state is: 0
Set Net Indication Callback called
Bus state is: 0
Set Net Indication Callback called
Bus state is: 0
Set Net Indication Callback called
Bus state is: 0
Set Net Indication Callback called
Bus state is: 0
Set Net Indication Callback called
Bus state is: 0
Set Net Indication Callback called
Bus state is: 0
Set Net Indication Callback called
Bus state is: 0
Set Net Indication Callback called
Bus state is: 0
Set Net Indication Callback called
Bus state is: 0
Set Net Indication Callback called
Bus state is: 0
Set Net Indication Callback called
Bus state is: 0
Set Net Indication Callback called
Bus state is: 0
Set Net Indication Callback called
Bus state is: 0
Set Net Indication Callback called
Bus state is: 0
Set Net Indication Callback called
Bus state is: 0
Set Net Indication Callback called
Bus state is: 0
Set Net Indication Callback called
Bus state is: 0
Set Net Indication Callback called
Bus state is: 0
Set Net Indication Callback called
Bus state is: 0
Set Net Indication Callback called
Bus state is: 0
Set Net Indication Callback called
Bus state is: 0
Set Net Indication Callback called
Bus state is: 0
Set Net Indication Callback called
Bus state is: 0
Set Net Indication Callback called
Bus state is: 0
Set Net Indication Callback called
Bus state is: 0
Set Net Indication Callback called
Bus state is: 0
Set Net Indication Callback called
Bus state is: 0
Set Net Indication Callback called
Bus state is: 0
Set Net Indication Callback called
Bus state is: 0
Set Net Indication Callback called
Bus state is: 0
Set Net Indication Callback called
Bus state is: 0
Set Net Indication Callback called
Bus state is: 0
Set Net Indication Callback called
Bus state is: 0
Set Net Indication Callback called
Bus state is: 0
Set Net Indication Callback called
Bus state is: 0
Set Net Indication Callback called
Bus state is: 0
Set Net Indication Callback called
Bus state is: 0
Set Net Indication Callback called
Bus state is: 0
Set Net Indication Callback called
Bus state is: 0
Set Net Indication Callback called
Bus state is: 0
Set Net Indication Callback called
Bus state is: 0
Set Net Indication Callback called
Bus state is: 0
Set Net Indication Callback called
Bus state is: 0
Set Net Indication Callback called
Bus state is: 0
Set Net Indication Callback called
Bus state is: 0
Set Net Indication Callback called
Bus state is: 0
Set Net Indication Callback called
Bus state is: 0
Set Net Indication Callback called
Bus state is: 0
Set Net Indication Callback called
Bus state is: 0
Set Net Indication Callback called
Bus state is: 0
Set Net Indication Callback called
Bus state is: 0
Set Net Indication Callback called
Bus state is: 0
Set Net Indication Callback called
Bus state is: 0
Set Net Indication Callback called
Bus state is: 0
Set Net Indication Callback called
Bus state is: 0
Set Net Indication Callback called
Bus state is: 0
Set Net Indication Callback called
Bus state is: 0
Set Net Indication Callback called
Bus state is: 0
Set Net Indication Callback called
Bus state is: 0
Set Net Indication Callback called
Bus state is: 0
Set Net Indication Callback called
Bus state is: 0
Set Net Indication Callback called
Bus state is: 0
Set Net Indication Callback called
Bus state is: 0
Set Net Indication Callback called
Bus state is: 0
Set Net Indication Callback called
Bus state is: 0
Set Net Indication Callback called
Bus state is: 0
Set Net Indication Callback called
Bus state is: 0
Set Net Indication Callback called
Bus state is: 0
Set Net Indication Callback called
Bus state is: 0
Set Net Indication Callback called
Bus state is: 0
Set Net Indication Callback called
Bus state is: 0
Set Net Indication Callback called
Bus state is: 0
Set Net Indication Callback called
Bus state is: 0
Set Net Indication Callback called
Bus state is: 0
Set Net Indication Callback called
Bus state is: 0
Set Net Indication Callback called
Bus state is: 0
Set Net Indication Callback called
Bus state is: 0
Set Net Indication Callback called
Bus state is: 0
Set Net Indication Callback called
Bus state is: 0
Set Net Indication Callback called
Bus state is: 0
Set Net Indication Callback called
Bus state is: 0
Set Net Indication Callback called
Bus state is: 0
Set Net Indication Callback called
Bus state is: 0
Set Net Indication Callback called
Bus state is: 0
Set Net Indication Callback called
Bus state is: 0
Set Net Indication Callback called
Bus state is: 0
Set Net Indication Callback called
Bus state is: 0
Set Net Indication Callback called
Bus state is: 0
Set Net Indication Callback called
Bus state is: 0
Set Net Indication Callback called
Bus state is: 0
Set Net Indication Callback called
Bus state is: 0
Set Net Indication Callback called
Bus state is: 0
Set Net Indication Callback called
Bus state is: 0
Set Net Indication Callback called
Bus state is: 0
Set Net Indication Callback called
Bus state is: 0
Set Net Indication Callback called
Bus state is: 0
Set Net Indication Callback called
Bus state is: 0
Set Net Indication Callback called
Bus state is: 0
Set Net Indication Callback called
Bus state is: 0
Set Net Indication Callback called
Bus state is: 0
Set Net Indication Callback called
Bus state is: 0
Set Net Indication Callback called
Bus state is: 0
Set Net Indication Callback called
Bus state is: 0
Set Net Indication Callback called
Bus state is: 0
Set Net Indication Callback called
Bus state is: 0
Set Net Indication Callback called
Bus state is: 0
Set Net Indication Callback called
Bus state is: 0
Set Net Indication Callback called
Bus state is: 0
Set Net Indication Callback called
Bus state is: 0
Set Net Indication Callback called
Bus state is: 0
Set Net Indication Callback called
Bus state is: 0
Set Net Indication Callback called
Bus state is: 0
Set Net Indication Callback called
Bus state is: 0
Set Net Indication Callback called
Bus state is: 0
Set Net Indication Callback called
Bus state is: 0
Set Net Indication Callback called
Bus state is: 0
Set Net Indication Callback called
Bus state is: 0
Set Net Indication Callback called
Bus state is: 0
Set Net Indication Callback called
Bus state is: 0
Set Net Indication Callback called
Bus state is: 0
Set Net Indication Callback called
Bus state is: 0
Set Net Indication Callback called
Bus state is: 0
Set Net Indication Callback called
Bus state is: 0
Set Net Indication Callback called
Bus state is: 0
Set Net Indication Callback called
Bus state is: 0
Set Net Indication Callback called
Bus state is: 0
Set Net Indication Callback called
Bus state is: 0
Set Net Indication Callback called
Bus state is: 0
Set Net Indication Callback called
Bus state is: 0
Set Net Indication Callback called
Bus state is: 0
Set Net Indication Callback called
Bus state is: 0
Set Net Indication Callback called
Bus state is: 0
Set Net Indication Callback called
Bus state is: 0
Set Net Indication Callback called
Bus state is: 0
Set Net Indication Callback called
Bus state is: 0
Set Net Indication Callback called
Bus state is: 0
Set Net Indication Callback called
Bus state is: 0
Set Net Indication Callback called
Bus state is: 0
Set Net Indication Callback called
Bus state is: 0
Set Net Indication Callback called
Bus state is: 0
Set Net Indication Callback called
Bus state is: 0
Set Net Indication Callback called
Bus state is: 0
Set Net Indication Callback called
Bus state is: 0
Set Net Indication Callback called
Bus state is: 0
Set Net Indication Callback called
Bus state is: 0
Set Net Indication Callback called
Bus state is: 0
Set Net Indication Callback called
Bus state is: 0
Set Net Indication Callback called
Bus state is: 0
Set Net Indication Callback called
Bus state is: 0
Set Net Indication Callback called
Bus state is: 0
Set Net Indication Callback called
Bus state is: 0
Set Net Indication Callback called
Bus state is: 0
Set Net Indication Callback called
Bus state is: 0
Set Net Indication Callback called
Bus state is: 0
Set Net Indication Callback called
Bus state is: 0
Set Net Indication Callback called
Bus state is: 0
Set Net Indication Callback called
Bus state is: 0
Set Net Indication Callback called
Bus state is: 0
Set Net Indication Callback called
Bus state is: 0
Set Net Indication Callback called
Bus state is: 0
Set Net Indication Callback called
Bus state is: 0
Set Net Indication Callback called
Bus state is: 0
Set Net Indication Callback called
Bus state is: 0
Set Net Indication Callback called
Bus state is: 0
Set Net Indication Callback called
Bus state is: 0
Set Net Indication Callback called
Bus state is: 0
Set Net Indication Callback called
Bus state is: 0
Set Net Indication Callback called
Bus state is: 0
Set Net Indication Callback called
Bus state is: 0
Set Net Indication Callback called
Bus state is: 0
Set Net Indication Callback called
Bus state is: 0
Set Net Indication Callback called
Bus state is: 0
Set Net Indication Callback called
Bus state is: 0
Set Net Indication Callback called
Bus state is: 0
Set Net Indication Callback called
Bus state is: 0
Set Net Indication Callback called
Bus state is: 0
Set Net Indication Callback called
Bus state is: 0
Set Net Indication Callback called
Bus state is: 0
Set Net Indication Callback called
Bus state is: 0
Set Net Indication Callback called
Bus state is: 0
Set Net Indication Callback called
Bus state is: 0
Set Net Indication Callback called
Bus state is: 0
Set Net Indication Callback called
Bus state is: 0
Set Net Indication Callback called
Bus state is: 0
Set Net Indication Callback called
Bus state is: 0
Set Net Indication Callback called
Bus state is: 0
Set Net Indication Callback called
Bus state is: 0
Set Net Indication Callback called
Bus state is: 0
Set Net Indication Callback called
Bus state is: 0
Set Net Indication Callback called
Bus state is: 0
Set Net Indication Callback called
Bus state is: 0
Set Net Indication Callback called
Bus state is: 0
Set Net Indication Callback called
Bus state is: 0
Set Net Indication Callback called
Bus state is: 0
Set Net Indication Callback called
Bus state is: 0
Set Net Indication Callback called
Bus state is: 0
Set Net Indication Callback called
Bus state is: 0
Set Net Indication Callback called
Bus state is: 0
Set Net Indication Callback called
Bus state is: 0
Set Net Indication Callback called
Bus state is: 0
Set Net Indication Callback called
Bus state is: 0
Set Net Indication Callback called
Bus state is: 0
Set Net Indication Callback called
Bus state is: 0
Set Net Indication Callback called
Bus state is: 0
Set Net Indication Callback called
Bus state is: 0
Set Net Indication Callback called
Bus state is: 0
Set Net Indication Callback called
Bus state is: 0
Set Net Indication Callback called
Bus state is: 0
Set Net Indication Callback called
Bus state is: 0
Set Net Indication Callback called
Bus state is: 0
Set Net Indication Callback called
Bus state is: 0
Set Net Indication Callback called
Bus state is: 0
Set Net Indication Callback called
Bus state is: 0
Set Net Indication Callback called
Bus state is: 0
Set Net Indication Callback called
Bus state is: 0
Set Net Indication Callback called
Bus state is: 0
Set Net Indication Callback called
Bus state is: 0
Set Net Indication Callback called
Bus state is: 0
Set Net Indication Callback called
Bus state is: 0
Set Net Indication Callback called
Bus state is: 0
Set Net Indication Callback called
Bus state is: 0
Set Net Indication Callback called
Bus state is: 0
Set Net Indication Callback called
Bus state is: 0
Set Net Indication Callback called
Bus state is: 0
Set Net Indication Callback called
Bus state is: 0
Set Net Indication Callback called
Bus state is: 0
Set Net Indication Callback called
Bus state is: 0
Set Net Indication Callback called
Bus state is: 0
Set Net Indication Callback called
Bus state is: 0
Set Net Indication Callback called
Bus state is: 0
Set Net Indication Callback called
Bus state is: 0
Set Net Indication Callback called
Bus state is: 0
Set Net Indication Callback called
Bus state is: 0
Set Net Indication Callback called
Bus state is: 0
Set Net Indication Callback called
Bus state is: 0
Set Net Indication Callback called
Bus state is: 0
Set Net Indication Callback called
Bus state is: 0
Set Net Indication Callback called
Bus state is: 0
Set Net Indication Callback called
Bus state is: 0
Set Net Indication Callback called
Bus state is: 0
Set Net Indication Callback called
Bus state is: 0
Set Net Indication Callback called
Bus state is: 0
Set Net Indication Callback called
Bus state is: 0
Set Net Indication Callback called
Bus state is: 0
Set Net Indication Callback called
Bus state is: 0
Set Net Indication Callback called
Bus state is: 0
Set Net Indication Callback called
Bus state is: 0
Set Net Indication Callback called
Bus state is: 0
Set Net Indication Callback called
Bus state is: 0
Set Net Indication Callback called
Bus state is: 0
Set Net Indication Callback called
Bus state is: 0
Set Net Indication Callback called
Bus state is: 0
Set Net Indication Callback called
Bus state is: 0
Set Net Indication Callback called
Bus state is: 0
Set Net Indication Callback called
Bus state is: 0
Set Net Indication Callback called
Bus state is: 0
Set Net Indication Callback called
Bus state is: 0
Set Net Indication Callback called
Bus state is: 0
Set Net Indication Callback called
Bus state is: 0
Set Net Indication Callback called
Bus state is: 0
Set Net Indication Callback called
Bus state is: 0
Set Net Indication Callback called
Bus state is: 0
Set Net Indication Callback called
Bus state is: 0
Set Net Indication Callback called
Bus state is: 0
Set Net Indication Callback called
Bus state is: 0
Set Net Indication Callback called
Bus state is: 0
Set Net Indication Callback called
Bus state is: 0
Set Net Indication Callback called
Bus state is: 0
Set Net Indication Callback called
Bus state is: 0
Set Net Indication Callback called
Bus state is: 0
Set Net Indication Callback called
Bus state is: 0
Set Net Indication Callback called
Bus state is: 0
Set Net Indication Callback called
Bus state is: 0
Set Net Indication Callback called
Bus state is: 0
Set Net Indication Callback called
Bus state is: 0
Set Net Indication Callback called
Bus state is: 0
Set Net Indication Callback called
Bus state is: 0
Set Net Indication Callback called
Bus state is: 0
Set Net Indication Callback called
Bus state is: 0
Set Net Indication Callback called
Bus state is: 0
Set Net Indication Callback called
Bus state is: 0
Set Net Indication Callback called
Bus state is: 0
Set Net Indication Callback called
Bus state is: 0
Set Net Indication Callback called
Bus state is: 0
Set Net Indication Callback called
Bus state is: 0
Set Net Indication Callback called
Bus state is: 0
Set Net Indication Callback called
Bus state is: 0
Set Net Indication Callback called
Bus state is: 0
Set Net Indication Callback called
Bus state is: 0
Set Net Indication Callback called
Bus state is: 0
Set Net Indication Callback called
Bus state is: 0
Set Net Indication Callback called
Bus state is: 0
Set Net Indication Callback called
Bus state is: 0
Set Net Indication Callback called
Bus state is: 0
Set Net Indication Callback called
Bus state is: 0
Set Net Indication Callback called
Bus state is: 0
Set Net Indication Callback called
Bus state is: 0
Set Net Indication Callback called
Bus state is: 0
Set Net Indication Callback called
Bus state is: 0
Set Net Indication Callback called
Bus state is: 0
Set Net Indication Callback called
Bus state is: 0
Set Net Indication Callback called
Bus state is: 0
Set Net Indication Callback called
Bus state is: 0
Set Net Indication Callback called
Bus state is: 0
Set Net Indication Callback called
Bus state is: 0
Set Net Indication Callback called
Bus state is: 0
Set Net Indication Callback called
Bus state is: 0
Set Net Indication Callback called
Bus state is: 0
Set Net Indication Callback called
Bus state is: 0
Set Net Indication Callback called
Bus state is: 0
Set Net Indication Callback called
Bus state is: 0
Set Net Indication Callback called
Bus state is: 0
Set Net Indication Callback called
Bus state is: 0
Set Net Indication Callback called
Bus state is: 0
Set Net Indication Callback called
Bus state is: 0
Set Net Indication Callback called
Bus state is: 0
Set Net Indication Callback called
Bus state is: 0
Set Net Indication Callback called
Bus state is: 0
Set Net Indication Callback called
Bus state is: 0
Set Net Indication Callback called
Bus state is: 0
Set Net Indication Callback called
Bus state is: 0
Set Net Indication Callback called
Bus state is: 0
Set Net Indication Callback called
Bus state is: 0
Set Net Indication Callback called
Bus state is: 0
Set Net Indication Callback called
Bus state is: 0
Set Net Indication Callback called
Bus state is: 0
Set Net Indication Callback called
Bus state is: 0
Set Net Indication Callback called
Bus state is: 0
Set Net Indication Callback called
Bus state is: 0
Set Net Indication Callback called
Bus state is: 0
Set Net Indication Callback called
Bus state is: 0
Set Net Indication Callback called
Bus state is: 0
Set Net Indication Callback called
Bus state is: 0
Set Net Indication Callback called
Bus state is: 0
Set Net Indication Callback called
Bus state is: 0
Set Net Indication Callback called
Bus state is: 0
Set Net Indication Callback called
Bus state is: 0
Set Net Indication Callback called
Bus state is: 0
Set Net Indication Callback called
Bus state is: 0
Set Net Indication Callback called
Bus state is: 0
Set Net Indication Callback called
Bus state is: 0
Set Net Indication Callback called
Bus state is: 0
Set Net Indication Callback called
Bus state is: 0
Set Net Indication Callback called
Bus state is: 0
Set Net Indication Callback called
Bus state is: 0
Set Net Indication Callback called
Bus state is: 0
Set Net Indication Callback called
Bus state is: 0
Set Net Indication Callback called
Bus state is: 0
Set Net Indication Callback called
Bus state is: 0
Set Net Indication Callback called
Bus state is: 0
Set Net Indication Callback called
Bus state is: 0
Set Net Indication Callback called
Bus state is: 0
Set Net Indication Callback called
Bus state is: 0
Set Net Indication Callback called
Bus state is: 0
Set Net Indication Callback called
Bus state is: 0
Set Net Indication Callback called
Bus state is: 0
Set Net Indication Callback called
Bus state is: 0
Set Net Indication Callback called
Bus state is: 0
Set Net Indication Callback called
Bus state is: 0
Set Net Indication Callback called
Bus state is: 0
Set Net Indication Callback called
Bus state is: 0
Set Net Indication Callback called
Bus state is: 0
Set Net Indication Callback called
Bus state is: 0
Set Net Indication Callback called
Bus state is: 0
Set Net Indication Callback called
Bus state is: 0
Set Net Indication Callback called
Bus state is: 0
Set Net Indication Callback called
Bus state is: 0
Set Net Indication Callback called
Bus state is: 0
Set Net Indication Callback called
Bus state is: 0
Set Net Indication Callback called
Bus state is: 0
Set Net Indication Callback called
Bus state is: 0
Set Net Indication Callback called
Bus state is: 0
Set Net Indication Callback called
Bus state is: 0
Set Net Indication Callback called
Bus state is: 0
Set Net Indication Callback called
Bus state is: 0
Set Net Indication Callback called
Bus state is: 0
Set Net Indication Callback called
Bus state is: 0
Set Net Indication Callback called
Bus state is: 0
Set Net Indication Callback called
Bus state is: 0
Set Net Indication Callback called
Bus state is: 0
Set Net Indication Callback called
Bus state is: 0
Set Net Indication Callback called
Bus state is: 0
Set Net Indication Callback called
Bus state is: 0
Set Net Indication Callback called
Bus state is: 0
Set Net Indication Callback called
Bus state is: 0
Set Net Indication Callback called
Bus state is: 0
Set Net Indication Callback called
Bus state is: 0
Set Net Indication Callback called
Bus state is: 0
Set Net Indication Callback called
Bus state is: 0
Set Net Indication Callback called
Bus state is: 0
Set Net Indication Callback called
Bus state is: 0
Set Net Indication Callback called
Bus state is: 0
Set Net Indication Callback called
Bus state is: 0
Set Net Indication Callback called
Bus state is: 0
Set Net Indication Callback called
Bus state is: 0
Set Net Indication Callback called
Bus state is: 0
Set Net Indication Callback called
Bus state is: 0
Set Net Indication Callback called
Bus state is: 0
Set Net Indication Callback called
Bus state is: 0
Set Net Indication Callback called
Bus state is: 0
Set Net Indication Callback called
Bus state is: 0
Set Net Indication Callback called
Bus state is: 0
Set Net Indication Callback called
Bus state is: 0
Set Net Indication Callback called
Bus state is: 0
Set Net Indication Callback called
Bus state is: 0
Set Net Indication Callback called
Bus state is: 0
Set Net Indication Callback called
Bus state is: 0
Set Net Indication Callback called
Bus state is: 0
Set Net Indication Callback called
Bus state is: 0
Set Net Indication Callback called
Bus state is: 0
Set Net Indication Callback called
Bus state is: 0
Set Net Indication Callback called
Bus state is: 0
Set Net Indication Callback called
Bus state is: 0
Set Net Indication Callback called
Bus state is: 0
Set Net Indication Callback called
Bus state is: 0
Set Net Indication Callback called
Bus state is: 0
Set Net Indication Callback called
Bus state is: 0
Set Net Indication Callback called
Bus state is: 0
Set Net Indication Callback called
Bus state is: 0
Set Net Indication Callback called
Bus state is: 0
Set Net Indication Callback called
Bus state is: 0
Set Net Indication Callback called
Bus state is: 0
Set Net Indication Callback called
Bus state is: 0
Set Net Indication Callback called
Bus state is: 0
Set Net Indication Callback called
Bus state is: 0
Set Net Indication Callback called
Bus state is: 0
Set Net Indication Callback called
Bus state is: 0
Set Net Indication Callback called
Bus state is: 0
Set Net Indication Callback called
Bus state is: 0
Set Net Indication Callback called
Bus state is: 0
Set Net Indication Callback called
Bus state is: 0
Set Net Indication Callback called
Bus state is: 0
Set Net Indication Callback called
Bus state is: 0
Set Net Indication Callback called
Bus state is: 0
Set Net Indication Callback called
Bus state is: 0
Set Net Indication Callback called
Bus state is: 0
Set Net Indication Callback called
Bus state is: 0
Set Net Indication Callback called
Bus state is: 0
Set Net Indication Callback called
Bus state is: 0
Set Net Indication Callback called
Bus state is: 0
Set Net Indication Callback called
Bus state is: 0
Set Net Indication Callback called
Bus state is: 0
Set Net Indication Callback called
Bus state is: 0
Set Net Indication Callback called
Bus state is: 0
Set Net Indication Callback called
Bus state is: 0
Set Net Indication Callback called
Bus state is: 0
Set Net Indication Callback called
Bus state is: 0
Set Net Indication Callback called
Bus state is: 0
Set Net Indication Callback called
Bus state is: 0
Set Net Indication Callback called
Bus state is: 0
Set Net Indication Callback called
Bus state is: 0
Set Net Indication Callback called
Bus state is: 0
Set Net Indication Callback called
Bus state is: 0
Set Net Indication Callback called
Bus state is: 0
Set Net Indication Callback called
Bus state is: 0
Set Net Indication Callback called
Bus state is: 0
Set Net Indication Callback called
Bus state is: 0
Set Net Indication Callback called
Bus state is: 0
Set Net Indication Callback called
Bus state is: 0
Set Net Indication Callback called
Bus state is: 0
Set Net Indication Callback called
Bus state is: 0
Set Net Indication Callback called
Bus state is: 0
Set Net Indication Callback called
Bus state is: 0
Set Net Indication Callback called
Bus state is: 0
Set Net Indication Callback called
Bus state is: 0
Set Net Indication Callback called
Bus state is: 0
Set Net Indication Callback called
Bus state is: 0
Set Net Indication Callback called
Bus state is: 0
Set Net Indication Callback called
Bus state is: 0
Set Net Indication Callback called
Bus state is: 0
Set Net Indication Callback called
Bus state is: 0
Set Net Indication Callback called
Bus state is: 0
Set Net Indication Callback called
Bus state is: 0
Set Net Indication Callback called
Bus state is: 0
Set Net Indication Callback called
Bus state is: 0
Set Net Indication Callback called
Bus state is: 0
Set Net Indication Callback called
Bus state is: 0
Set Net Indication Callback called
Bus state is: 0
Set Net Indication Callback called
Bus state is: 0
Set Net Indication Callback called
Bus state is: 0
Set Net Indication Callback called
Bus state is: 0
Set Net Indication Callback called
Bus state is: 0
Set Net Indication Callback called
Bus state is: 0
Set Net Indication Callback called
Bus state is: 0
Set Net Indication Callback called
Bus state is: 0
Set Net Indication Callback called
Bus state is: 0
Set Net Indication Callback called
Bus state is: 0
Set Net Indication Callback called
Bus state is: 0
Set Net Indication Callback called
Bus state is: 0
Set Net Indication Callback called
Bus state is: 0
Set Net Indication Callback called
Bus state is: 0
Set Net Indication Callback called
Bus state is: 0
Set Net Indication Callback called
Bus state is: 0
Set Net Indication Callback called
Bus state is: 0
Set Net Indication Callback called
Bus state is: 0
Set Net Indication Callback called
Bus state is: 0
Set Net Indication Callback called
Bus state is: 0
Set Net Indication Callback called
Bus state is: 0
Set Net Indication Callback called
Bus state is: 0
Set Net Indication Callback called
Bus state is: 0
Set Net Indication Callback called
Bus state is: 0
Set Net Indication Callback called
Bus state is: 0
Set Net Indication Callback called
Bus state is: 0
Set Net Indication Callback called
Bus state is: 0
Set Net Indication Callback called
Bus state is: 0
Set Net Indication Callback called
Bus state is: 0
Set Net Indication Callback called
Bus state is: 0
Set Net Indication Callback called
Bus state is: 0
Set Net Indication Callback called
Bus state is: 0
Set Net Indication Callback called
Bus state is: 0
Set Net Indication Callback called
Bus state is: 0
Set Net Indication Callback called
Bus state is: 0
Set Net Indication Callback called
Bus state is: 0
Set Net Indication Callback called
Bus state is: 0
Set Net Indication Callback called
Bus state is: 0
Set Net Indication Callback called
Bus state is: 0
Set Net Indication Callback called
Bus state is: 0
Set Net Indication Callback called
Bus state is: 0
Set Net Indication Callback called
Bus state is: 0
Set Net Indication Callback called
Bus state is: 0
Set Net Indication Callback called
Bus state is: 0
Set Net Indication Callback called
Bus state is: 0
Set Net Indication Callback called
Bus state is: 0
Set Net Indication Callback called
Bus state is: 0
Set Net Indication Callback called
Bus state is: 0
Set Net Indication Callback called
Bus state is: 0
Set Net Indication Callback called
Bus state is: 0
Set Net Indication Callback called
Bus state is: 0
Set Net Indication Callback called
Bus state is: 0
Set Net Indication Callback called
Bus state is: 0
Set Net Indication Callback called
Bus state is: 0
Set Net Indication Callback called
Bus state is: 0
Set Net Indication Callback called
Bus state is: 0
Set Net Indication Callback called
Bus state is: 0
Set Net Indication Callback called
Bus state is: 0
Set Net Indication Callback called
Bus state is: 0
Set Net Indication Callback called
Bus state is: 0
Set Net Indication Callback called
Bus state is: 0
Set Net Indication Callback called
Bus state is: 0
Set Net Indication Callback called
Bus state is: 0
Set Net Indication Callback called
Bus state is: 0
Set Net Indication Callback called
Bus state is: 0
Set Net Indication Callback called
Bus state is: 0
Set Net Indication Callback called
Bus state is: 0
Set Net Indication Callback called
Bus state is: 0
Set Net Indication Callback called
Bus state is: 0
Set Net Indication Callback called
Bus state is: 0
Set Net Indication Callback called
Bus state is: 0
Set Net Indication Callback called
Bus state is: 0
Set Net Indication Callback called
Bus state is: 0
Set Net Indication Callback called
Bus state is: 0
Set Net Indication Callback called
Bus state is: 0
Set Net Indication Callback called
Bus state is: 0
Set Net Indication Callback called
Bus state is: 0
Set Net Indication Callback called
Bus state is: 0
Set Net Indication Callback called
Bus state is: 0
Set Net Indication Callback called
Bus state is: 0
Set Net Indication Callback called
Bus state is: 0
Set Net Indication Callback called
Bus state is: 0
Set Net Indication Callback called
Bus state is: 0
Set Net Indication Callback called
Bus state is: 0
Set Net Indication Callback called
Bus state is: 0
Set Net Indication Callback called
Bus state is: 0
Set Net Indication Callback called
Bus state is: 0
Set Net Indication Callback called
Bus state is: 0
Set Net Indication Callback called
Bus state is: 0
Set Net Indication Callback called
Bus state is: 0
Set Net Indication Callback called
Bus state is: 0
Set Net Indication Callback called
Bus state is: 0
Set Net Indication Callback called
Bus state is: 0
Set Net Indication Callback called
Bus state is: 0
Set Net Indication Callback called
Bus state is: 0
Set Net Indication Callback called
Bus state is: 0
Set Net Indication Callback called
Bus state is: 0
Set Net Indication Callback called
Bus state is: 0
Set Net Indication Callback called
Bus state is: 0
Set Net Indication Callback called
Bus state is: 0
Set Net Indication Callback called
Bus state is: 0
Set Net Indication Callback called
Bus state is: 0
Set Net Indication Callback called
Bus state is: 0
Set Net Indication Callback called
Bus state is: 0
Set Net Indication Callback called
Bus state is: 0
Set Net Indication Callback called
Bus state is: 0
Set Net Indication Callback called
Bus state is: 0
Set Net Indication Callback called
Bus state is: 0
Set Net Indication Callback called
Bus state is: 0
Set Net Indication Callback called
Bus state is: 0
Set Net Indication Callback called
Bus state is: 0
Set Net Indication Callback called
Bus state is: 0
Set Net Indication Callback called
Bus state is: 0
Set Net Indication Callback called
Bus state is: 0
Set Net Indication Callback called
Bus state is: 0
Set Net Indication Callback called
Bus state is: 0
Set Net Indication Callback called
Bus state is: 0
Set Net Indication Callback called
Bus state is: 0
Set Net Indication Callback called
Bus state is: 0
Set Net Indication Callback called
Bus state is: 0
Set Net Indication Callback called
Bus state is: 0
Set Net Indication Callback called
Bus state is: 0
Set Net Indication Callback called
Bus state is: 0
Set Net Indication Callback called
Bus state is: 0
Set Net Indication Callback called
Bus state is: 0
Set Net Indication Callback called
Bus state is: 0
Set Net Indication Callback called
Bus state is: 0
Set Net Indication Callback called
Bus state is: 0
Set Net Indication Callback called
Bus state is: 0
Set Net Indication Callback called
Bus state is: 0
Set Net Indication Callback called
Bus state is: 0
Set Net Indication Callback called
Bus state is: 0
Set Net Indication Callback called
Bus state is: 0
Set Net Indication Callback called
Bus state is: 0
Set Net Indication Callback called
Bus state is: 0
Set Net Indication Callback called
Bus state is: 0
Set Net Indication Callback called
Bus state is: 0
Set Net Indication Callback called
Bus state is: 0
Set Net Indication Callback called
Bus state is: 0
Set Net Indication Callback called
Bus state is: 0
Set Net Indication Callback called
Bus state is: 0
Set Net Indication Callback called
Bus state is: 0
Set Net Indication Callback called
Bus state is: 0
Set Net Indication Callback called
Bus state is: 0
Set Net Indication Callback called
Bus state is: 0
Set Net Indication Callback called
Bus state is: 0
Set Net Indication Callback called
Bus state is: 0
Set Net Indication Callback called
Bus state is: 0
Set Net Indication Callback called
Bus state is: 0
Set Net Indication Callback called
Bus state is: 0
Set Net Indication Callback called
Bus state is: 0
Set Net Indication Callback called
Bus state is: 0
Set Net Indication Callback called
Bus state is: 0
Set Net Indication Callback called
Bus state is: 0
Set Net Indication Callback called
Bus state is: 0
Set Net Indication Callback called
Bus state is: 0
Set Net Indication Callback called
Bus state is: 0
Set Net Indication Callback called
Bus state is: 0
Set Net Indication Callback called
Bus state is: 0
Set Net Indication Callback called
Bus state is: 0
Set Net Indication Callback called
Bus state is: 0
Set Net Indication Callback called
Bus state is: 0
Set Net Indication Callback called
Bus state is: 0
Set Net Indication Callback called
Bus state is: 0
Set Net Indication Callback called
Bus state is: 0
Set Net Indication Callback called
Bus state is: 0
Set Net Indication Callback called
Bus state is: 0
Set Net Indication Callback called
Bus state is: 0
Set Net Indication Callback called
Bus state is: 0
Set Net Indication Callback called
Bus state is: 0
Set Net Indication Callback called
Bus state is: 0
Set Net Indication Callback called
Bus state is: 0
Set Net Indication Callback called
Bus state is: 0
Set Net Indication Callback called
Bus state is: 0
Set Net Indication Callback called
Bus state is: 0
Set Net Indication Callback called
Bus state is: 0
Set Net Indication Callback called
Bus state is: 0
Set Net Indication Callback called
Bus state is: 0
Set Net Indication Callback called
Bus state is: 0
Set Net Indication Callback called
Bus state is: 0
Set Net Indication Callback called
Bus state is: 0
Set Net Indication Callback called
Bus state is: 0
Set Net Indication Callback called
Bus state is: 0
Set Net Indication Callback called
Bus state is: 0
Set Net Indication Callback called
Bus state is: 0
Set Net Indication Callback called
Bus state is: 0
Set Net Indication Callback called
Bus state is: 0
Set Net Indication Callback called
Bus state is: 0
Set Net Indication Callback called
Bus state is: 0
Set Net Indication Callback called
Bus state is: 0
Set Net Indication Callback called
Bus state is: 0
Set Net Indication Callback called
Bus state is: 0
Set Net Indication Callback called
Bus state is: 0
Set Net Indication Callback called
Bus state is: 0
Set Net Indication Callback called
Bus state is: 0
Set Net Indication Callback called
Bus state is: 0
Set Net Indication Callback called
Bus state is: 0
Set Net Indication Callback called
Bus state is: 0
Set Net Indication Callback called
Bus state is: 0
Set Net Indication Callback called
Bus state is: 0
Set Net Indication Callback called
Bus state is: 0
Set Net Indication Callback called
Bus state is: 0
Set Net Indication Callback called
Bus state is: 0
Set Net Indication Callback called
Bus state is: 0
Set Net Indication Callback called
Bus state is: 0
Set Net Indication Callback called
Bus state is: 0
Set Net Indication Callback called
Bus state is: 0
Set Net Indication Callback called
Bus state is: 0
Set Net Indication Callback called
Bus state is: 0
Set Net Indication Callback called
Bus state is: 0
Set Net Indication Callback called
Bus state is: 0
Set Net Indication Callback called
Bus state is: 0
Set Net Indication Callback called
Bus state is: 0
Set Net Indication Callback called
Bus state is: 0
Set Net Indication Callback called
Bus state is: 0
Set Net Indication Callback called
Bus state is: 0
Set Net Indication Callback called
Bus state is: 0
Set Net Indication Callback called
Bus state is: 0
Set Net Indication Callback called
Bus state is: 0
Set Net Indication Callback called
Bus state is: 0
Set Net Indication Callback called
Bus state is: 0
Set Net Indication Callback called
Bus state is: 0
Set Net Indication Callback called
Bus state is: 0
Set Net Indication Callback called
Bus state is: 0
Set Net Indication Callback called
Bus state is: 0
Set Net Indication Callback called
Bus state is: 0
Set Net Indication Callback called
Bus state is: 0
Set Net Indication Callback called
Bus state is: 0
Set Net Indication Callback called
Bus state is: 0
Set Net Indication Callback called
Bus state is: 0
Set Net Indication Callback called
Bus state is: 0
Set Net Indication Callback called
Bus state is: 0
Set Net Indication Callback called
Bus state is: 0
Set Net Indication Callback called
Bus state is: 0
Set Net Indication Callback called
Bus state is: 0
Set Net Indication Callback called
Bus state is: 0
Set Net Indication Callback called
Bus state is: 0
Set Net Indication Callback called
Bus state is: 0
Set Net Indication Callback called
Bus state is: 0
Set Net Indication Callback called
Bus state is: 0
Set Net Indication Callback called
Bus state is: 0
Set Net Indication Callback called
Bus state is: 0
Set Net Indication Callback called
Bus state is: 0
Set Net Indication Callback called
Bus state is: 0
Set Net Indication Callback called
Bus state is: 0
Set Net Indication Callback called
Bus state is: 0
Set Net Indication Callback called
Bus state is: 0
Set Net Indication Callback called
Bus state is: 0
Set Net Indication Callback called
Bus state is: 0
Set Net Indication Callback called
Bus state is: 0
Set Net Indication Callback called
Bus state is: 0
Set Net Indication Callback called
Bus state is: 0
Set Net Indication Callback called
Bus state is: 0
Set Net Indication Callback called
Bus state is: 0
Set Net Indication Callback called
Bus state is: 0
Set Net Indication Callback called
Bus state is: 0
Set Net Indication Callback called
Bus state is: 0
Set Net Indication Callback called
Bus state is: 0
Set Net Indication Callback called
Bus state is: 0
Set Net Indication Callback called
Bus state is: 0
Set Net Indication Callback called
Bus state is: 0
Set Net Indication Callback called
Bus state is: 0
Set Net Indication Callback called
Bus state is: 0
Set Net Indication Callback called
Bus state is: 0
Set Net Indication Callback called
Bus state is: 0
Set Net Indication Callback called
Bus state is: 0
Set Net Indication Callback called
Bus state is: 0
Set Net Indication Callback called
Bus state is: 0
Set Net Indication Callback called
Bus state is: 0
Set Net Indication Callback called
Bus state is: 0
Set Net Indication Callback called
Bus state is: 0
Set Net Indication Callback called
Bus state is: 0
Set Net Indication Callback called
Bus state is: 0
Set Net Indication Callback called
Bus state is: 0
Set Net Indication Callback called
Bus state is: 0
Set Net Indication Callback called
Bus state is: 0
Set Net Indication Callback called
Bus state is: 0
Set Net Indication Callback called
Bus state is: 0
Set Net Indication Callback called
Bus state is: 0
Set Net Indication Callback called
Bus state is: 0
Set Net Indication Callback called
Bus state is: 0
Set Net Indication Callback called
Bus state is: 0
Set Net Indication Callback called
Bus state is: 0
Set Net Indication Callback called
Bus state is: 0
Set Net Indication Callback called
Bus state is: 0
Set Net Indication Callback called
Bus state is: 0
Set Net Indication Callback called
Bus state is: 0
Set Net Indication Callback called
Bus state is: 0
Set Net Indication Callback called
Bus state is: 0
Set Net Indication Callback called
Bus state is: 0
Set Net Indication Callback called
Bus state is: 0
Set Net Indication Callback called
Bus state is: 0
Set Net Indication Callback called
Bus state is: 0
Set Net Indication Callback called
Bus state is: 0
Set Net Indication Callback called
Bus state is: 0
Set Net Indication Callback called
Bus state is: 0
Set Net Indication Callback called
Bus state is: 0
Set Net Indication Callback called
Bus state is: 0
Set Net Indication Callback called
Bus state is: 0
Set Net Indication Callback called
Bus state is: 0
Set Net Indication Callback called
Bus state is: 0
Set Net Indication Callback called
Bus state is: 0
Set Net Indication Callback called
Bus state is: 0
Set Net Indication Callback called
Bus state is: 0
Set Net Indication Callback called
Bus state is: 0
Set Net Indication Callback called
Bus state is: 0
Set Net Indication Callback called
Bus state is: 0
Set Net Indication Callback called
Bus state is: 0
Set Net Indication Callback called
Bus state is: 0
Set Net Indication Callback called
Bus state is: 0
Set Net Indication Callback called
Bus state is: 0
Set Net Indication Callback called
Bus state is: 0
Set Net Indication Callback called
Bus state is: 0
Set Net Indication Callback called
Bus state is: 0
Set Net Indication Callback called
Bus state is: 0
Set Net Indication Callback called
Bus state is: 0
Set Net Indication Callback called
Bus state is: 0
Set Net Indication Callback called
Bus state is: 0
Set Net Indication Callback called
Bus state is: 0
Set Net Indication Callback called
Bus state is: 0
Set Net Indication Callback called
Bus state is: 0
Set Net Indication Callback called
Bus state is: 0
Set Net Indication Callback called
Bus state is: 0
Set Net Indication Callback called
Bus state is: 0
Set Net Indication Callback called
Bus state is: 0
Set Net Indication Callback called
Bus state is: 0
Set Net Indication Callback called
Bus state is: 0
Set Net Indication Callback called
Bus state is: 0
Set Net Indication Callback called
Bus state is: 0
Set Net Indication Callback called
Bus state is: 0
Set Net Indication Callback called
Bus state is: 0
Set Net Indication Callback called
Bus state is: 0
Set Net Indication Callback called
Bus state is: 0
Set Net Indication Callback called
Bus state is: 0
Set Net Indication Callback called
Bus state is: 0
Set Net Indication Callback called
Bus state is: 0
Set Net Indication Callback called
Bus state is: 0
Set Net Indication Callback called
Bus state is: 0
Set Net Indication Callback called
Bus state is: 0
Set Net Indication Callback called
Bus state is: 0
Set Net Indication Callback called
Bus state is: 0
Set Net Indication Callback called
Bus state is: 0
Set Net Indication Callback called
Bus state is: 0
Set Net Indication Callback called
Bus state is: 0
Set Net Indication Callback called
Bus state is: 0
Set Net Indication Callback called
Bus state is: 0
Set Net Indication Callback called
Bus state is: 0
Set Net Indication Callback called
Bus state is: 0
Set Net Indication Callback called
Bus state is: 0
Set Net Indication Callback called
Bus state is: 0
Set Net Indication Callback called
Bus state is: 0
Set Net Indication Callback called
Bus state is: 0
Set Net Indication Callback called
Bus state is: 0
Set Net Indication Callback called
Bus state is: 0
Set Net Indication Callback called
Bus state is: 0
Set Net Indication Callback called
Bus state is: 0
Set Net Indication Callback called
Bus state is: 0
Set Net Indication Callback called
Bus state is: 0
Set Net Indication Callback called
Bus state is: 0
Set Net Indication Callback called
Bus state is: 0
Set Net Indication Callback called
Bus state is: 0
Set Net Indication Callback called
Bus state is: 0
Set Net Indication Callback called
Bus state is: 0
Set Net Indication Callback called
Bus state is: 0
Set Net Indication Callback called
Bus state is: 0
Set Net Indication Callback called
Bus state is: 0
Set Net Indication Callback called
Bus state is: 0
Set Net Indication Callback called
Bus state is: 0
Set Net Indication Callback called
Bus state is: 0
Set Net Indication Callback called
Bus state is: 0
Set Net Indication Callback called
Bus state is: 0
Set Net Indication Callback called
Bus state is: 0
Set Net Indication Callback called
Bus state is: 0
Set Net Indication Callback called
Bus state is: 0
Set Net Indication Callback called
Bus state is: 0
Set Net Indication Callback called
Bus state is: 0
Set Net Indication Callback called
Bus state is: 0
Set Net Indication Callback called
Bus state is: 0
Set Net Indication Callback called
Bus state is: 0
Set Net Indication Callback called
Bus state is: 0
Set Net Indication Callback called
Bus state is: 0
Set Net Indication Callback called
Bus state is: 0
Set Net Indication Callback called
Bus state is: 0
Set Net Indication Callback called
Bus state is: 0
Set Net Indication Callback called
Bus state is: 0
Set Net Indication Callback called
Bus state is: 0
Set Net Indication Callback called
Bus state is: 0
Set Net Indication Callback called
Bus state is: 0
Set Net Indication Callback called
Bus state is: 0
Set Net Indication Callback called
Bus state is: 0
Set Net Indication Callback called
Bus state is: 0
Set Net Indication Callback called
Bus state is: 0
Set Net Indication Callback called
Bus state is: 0
Set Net Indication Callback called
Bus state is: 0
Set Net Indication Callback called
Bus state is: 0
Set Net Indication Callback called
Bus state is: 0
Set Net Indication Callback called
Bus state is: 0
Set Net Indication Callback called
Bus state is: 0
Set Net Indication Callback called
Bus state is: 0
Set Net Indication Callback called
Bus state is: 0
Set Net Indication Callback called
Bus state is: 0
Set Net Indication Callback called
Bus state is: 0
Set Net Indication Callback called
Bus state is: 0
Set Net Indication Callback called
Bus state is: 0
Set Net Indication Callback called
Bus state is: 0
Set Net Indication Callback called
Bus state is: 0
Set Net Indication Callback called
Bus state is: 0
Set Net Indication Callback called
Bus state is: 0
Set Net Indication Callback called
Bus state is: 0
Set Net Indication Callback called
Bus state is: 0
Set Net Indication Callback called
Bus state is: 0
Set Net Indication Callback called
Bus state is: 0
Set Net Indication Callback called
Bus state is: 0
Set Net Indication Callback called
Bus state is: 0
Set Net Indication Callback called
Bus state is: 0
Set Net Indication Callback called
Bus state is: 0
Set Net Indication Callback called
Bus state is: 0
Set Net Indication Callback called
Bus state is: 0
Set Net Indication Callback called
Bus state is: 0
Set Net Indication Callback called
Bus state is: 0
Set Net Indication Callback called
Bus state is: 0
Set Net Indication Callback called
Bus state is: 0
Set Net Indication Callback called
Bus state is: 0
Set Net Indication Callback called
Bus state is: 0
Set Net Indication Callback called
Bus state is: 0
Set Net Indication Callback called
Bus state is: 0
Set Net Indication Callback called
Bus state is: 0
Set Net Indication Callback called
Bus state is: 0
Set Net Indication Callback called
Bus state is: 0
Set Net Indication Callback called
Bus state is: 0
Set Net Indication Callback called
Bus state is: 0
Set Net Indication Callback called
Bus state is: 0
Set Net Indication Callback called
Bus state is: 0
Set Net Indication Callback called
Bus state is: 0
Set Net Indication Callback called
Bus state is: 0
Set Net Indication Callback called
Bus state is: 0
Set Net Indication Callback called
Bus state is: 0
Set Net Indication Callback called
Bus state is: 0
Set Net Indication Callback called
Bus state is: 0
Set Net Indication Callback called
Bus state is: 0
Set Net Indication Callback called
Bus state is: 0
Set Net Indication Callback called
Bus state is: 0
Set Net Indication Callback called
Bus state is: 0
Set Net Indication Callback called
Bus state is: 0
Set Net Indication Callback called
Bus state is: 0
Set Net Indication Callback called
Bus state is: 0
Set Net Indication Callback called
Bus state is: 0
Set Net Indication Callback called
Bus state is: 0
Set Net Indication Callback called
Bus state is: 0
Set Net Indication Callback called
Bus state is: 0
Set Net Indication Callback called
Bus state is: 0
Set Net Indication Callback called
Bus state is: 0
Set Net Indication Callback called
Bus state is: 0
Set Net Indication Callback called
Bus state is: 0
Set Net Indication Callback called
Bus state is: 0
Set Net Indication Callback called
Bus state is: 0
Set Net Indication Callback called
Bus state is: 0
Set Net Indication Callback called
Bus state is: 0
Set Net Indication Callback called
Bus state is: 0
Set Net Indication Callback called
Bus state is: 0
Set Net Indication Callback called
Bus state is: 0
Set Net Indication Callback called
Bus state is: 0
Set Net Indication Callback called
Bus state is: 0
Set Net Indication Callback called
Bus state is: 0
Set Net Indication Callback called
Bus state is: 0
Set Net Indication Callback called
Bus state is: 0
Set Net Indication Callback called
Bus state is: 0
Set Net Indication Callback called
Bus state is: 0
Set Net Indication Callback called
Bus state is: 0
Set Net Indication Callback called
Bus state is: 0
Set Net Indication Callback called
Bus state is: 0
Set Net Indication Callback called
Bus state is: 0
Set Net Indication Callback called
Bus state is: 0
Set Net Indication Callback called
Bus state is: 0
Set Net Indication Callback called
Bus state is: 0
Set Net Indication Callback called
Bus state is: 0
Set Net Indication Callback called
Bus state is: 0
Set Net Indication Callback called
Bus state is: 0
Set Net Indication Callback called
Bus state is: 0
Set Net Indication Callback called
Bus state is: 0
Set Net Indication Callback called
Bus state is: 0
Set Net Indication Callback called
Bus state is: 0
Set Net Indication Callback called
Bus state is: 0
Set Net Indication Callback called
Bus state is: 0
Set Net Indication Callback called
Bus state is: 0
Set Net Indication Callback called
Bus state is: 0
Set Net Indication Callback called
Bus state is: 0
Set Net Indication Callback called
Bus state is: 0
Set Net Indication Callback called
Bus state is: 0
Set Net Indication Callback called
Bus state is: 0
Set Net Indication Callback called
Bus state is: 0
Set Net Indication Callback called
Bus state is: 0
Set Net Indication Callback called
Bus state is: 0
Set Net Indication Callback called
Bus state is: 0
Set Net Indication Callback called
Bus state is: 0
Set Net Indication Callback called
Bus state is: 0
Set Net Indication Callback called
Bus state is: 0
Set Net Indication Callback called
Bus state is: 0
Set Net Indication Callback called
Bus state is: 0
Set Net Indication Callback called
Bus state is: 0
Set Net Indication Callback called
Bus state is: 0
Set Net Indication Callback called
Bus state is: 0
Set Net Indication Callback called
Bus state is: 0
Set Net Indication Callback called
Bus state is: 0
Set Net Indication Callback called
Bus state is: 0
Set Net Indication Callback called
Bus state is: 0
Set Net Indication Callback called
Bus state is: 0
Set Net Indication Callback called
Bus state is: 0
Set Net Indication Callback called
Bus state is: 0
Set Net Indication Callback called
Bus state is: 0
Set Net Indication Callback called
Bus state is: 0
Set Net Indication Callback called
Bus state is: 0
Set Net Indication Callback called
Bus state is: 0
Set Net Indication Callback called
Bus state is: 0
Set Net Indication Callback called
Bus state is: 0
Set Net Indication Callback called
Bus state is: 0
Set Net Indication Callback called
Bus state is: 0
Set Net Indication Callback called
Bus state is: 0
Set Net Indication Callback called
Bus state is: 0
Set Net Indication Callback called
Bus state is: 0
Set Net Indication Callback called
Bus state is: 0
Set Net Indication Callback called
Bus state is: 0
Set Net Indication Callback called
Bus state is: 0
Set Net Indication Callback called
Bus state is: 0
Set Net Indication Callback called
Bus state is: 0
Set Net Indication Callback called
Bus state is: 0
Set Net Indication Callback called
Bus state is: 0
Set Net Indication Callback called
Bus state is: 0
Set Net Indication Callback called
Bus state is: 0
Set Net Indication Callback called
Bus state is: 0
Set Net Indication Callback called
Bus state is: 0
Set Net Indication Callback called
Bus state is: 0
Set Net Indication Callback called
Bus state is: 0
Set Net Indication Callback called
Bus state is: 0
Set Net Indication Callback called
Bus state is: 0
Set Net Indication Callback called
Bus state is: 0
Set Net Indication Callback called
Bus state is: 0
Set Net Indication Callback called
Bus state is: 0
Set Net Indication Callback called
Bus state is: 0
Set Net Indication Callback called
Bus state is: 0
Set Net Indication Callback called
Bus state is: 0
Set Net Indication Callback called
Bus state is: 0
Set Net Indication Callback called
Bus state is: 0
Set Net Indication Callback called
Bus state is: 0
Set Net Indication Callback called
Bus state is: 0
Set Net Indication Callback called
Bus state is: 0
Set Net Indication Callback called
Bus state is: 0
Set Net Indication Callback called
Bus state is: 0
Set Net Indication Callback called
Bus state is: 0
Set Net Indication Callback called
Bus state is: 0
Set Net Indication Callback called
Bus state is: 0
Set Net Indication Callback called
Bus state is: 0
Set Net Indication Callback called
Bus state is: 0
Set Net Indication Callback called
Bus state is: 0
Set Net Indication Callback called
Bus state is: 0
Set Net Indication Callback called
Bus state is: 0
Set Net Indication Callback called
Bus state is: 0
Set Net Indication Callback called
Bus state is: 0
Set Net Indication Callback called
Bus state is: 0
Set Net Indication Callback called
Bus state is: 0
Set Net Indication Callback called
Bus state is: 0
Set Net Indication Callback called
Bus state is: 0
Set Net Indication Callback called
Bus state is: 0
Set Net Indication Callback called
Bus state is: 0
Set Net Indication Callback called
Bus state is: 0
Set Net Indication Callback called
Bus state is: 0
Set Net Indication Callback called
Bus state is: 0
Set Net Indication Callback called
Bus state is: 0
Set Net Indication Callback called
Bus state is: 0
Set Net Indication Callback called
Bus state is: 0
Set Net Indication Callback called
Bus state is: 0
Set Net Indication Callback called
Bus state is: 0
Set Net Indication Callback called
Bus state is: 0
Set Net Indication Callback called
Bus state is: 0
Set Net Indication Callback called
Bus state is: 0
Set Net Indication Callback called
Bus state is: 0
Set Net Indication Callback called
Bus state is: 0
Set Net Indication Callback called
Bus state is: 0
Set Net Indication Callback called
Bus state is: 0
Set Net Indication Callback called
Bus state is: 0
Set Net Indication Callback called
Bus state is: 0
Set Net Indication Callback called
Bus state is: 0
Set Net Indication Callback called
Bus state is: 0
Set Net Indication Callback called
Bus state is: 0
Set Net Indication Callback called
Bus state is: 0
Set Net Indication Callback called
Bus state is: 0
Set Net Indication Callback called
Bus state is: 0
Set Net Indication Callback called
Bus state is: 0
Set Net Indication Callback called
Bus state is: 0
Set Net Indication Callback called
Bus state is: 0
Set Net Indication Callback called
Bus state is: 0
Set Net Indication Callback called
Bus state is: 0
Set Net Indication Callback called
Bus state is: 0
Set Net Indication Callback called
Bus state is: 0
Set Net Indication Callback called
Bus state is: 0
Set Net Indication Callback called
Bus state is: 0
Set Net Indication Callback called
Bus state is: 0
Set Net Indication Callback called
Bus state is: 0
Set Net Indication Callback called
Bus state is: 0
Set Net Indication Callback called
Bus state is: 0
Set Net Indication Callback called
Bus state is: 0
Set Net Indication Callback called
Bus state is: 0
Set Net Indication Callback called
Bus state is: 0
Set Net Indication Callback called
Bus state is: 0
Set Net Indication Callback called
Bus state is: 0
Set Net Indication Callback called
Bus state is: 0
Set Net Indication Callback called
Bus state is: 0
Set Net Indication Callback called
Bus state is: 0
Set Net Indication Callback called
Bus state is: 0
Set Net Indication Callback called
Bus state is: 0
Set Net Indication Callback called
Bus state is: 0
Set Net Indication Callback called
Bus state is: 0
Set Net Indication Callback called
Bus state is: 0
Set Net Indication Callback called
Bus state is: 0
Set Net Indication Callback called
Bus state is: 0
Set Net Indication Callback called
Bus state is: 0
Set Net Indication Callback called
Bus state is: 0
Set Net Indication Callback called
Bus state is: 0
Set Net Indication Callback called
Bus state is: 0
Set Net Indication Callback called
Bus state is: 0
Set Net Indication Callback called
Bus state is: 0
Set Net Indication Callback called
Bus state is: 0
Set Net Indication Callback called
Bus state is: 0
Set Net Indication Callback called
Bus state is: 0
Set Net Indication Callback called
Bus state is: 0
Set Net Indication Callback called
Bus state is: 0
Set Net Indication Callback called
Bus state is: 0
Set Net Indication Callback called
Bus state is: 0
Set Net Indication Callback called
Bus state is: 0
Set Net Indication Callback called
Bus state is: 0
Set Net Indication Callback called
Bus state is: 0
Set Net Indication Callback called
Bus state is: 0
Set Net Indication Callback called
Bus state is: 0
Set Net Indication Callback called
Bus state is: 0
Set Net Indication Callback called
Bus state is: 0
Set Net Indication Callback called
Bus state is: 0
Set Net Indication Callback called
Bus state is: 0
Set Net Indication Callback called
Bus state is: 0
Set Net Indication Callback called
Bus state is: 0
Set Net Indication Callback called
Bus state is: 0
Set Net Indication Callback called
Bus state is: 0
Set Net Indication Callback called
Bus state is: 0
Set Net Indication Callback called
Bus state is: 0
Set Net Indication Callback called
Bus state is: 0
Set Net Indication Callback called
Bus state is: 0
Set Net Indication Callback called
Bus state is: 0
Set Net Indication Callback called
Bus state is: 0
Set Net Indication Callback called
Bus state is: 0
Set Net Indication Callback called
Bus state is: 0
Set Net Indication Callback called
Bus state is: 0
Set Net Indication Callback called
Bus state is: 0
Set Net Indication Callback called
Bus state is: 0
Set Net Indication Callback called
Bus state is: 0
Set Net Indication Callback called
Bus state is: 0
Set Net Indication Callback called
Bus state is: 0
Set Net Indication Callback called
Bus state is: 0
Set Net Indication Callback called
Bus state is: 0
Set Net Indication Callback called
Bus state is: 0
Set Net Indication Callback called
Bus state is: 0
Set Net Indication Callback called
Bus state is: 0
Set Net Indication Callback called
Bus state is: 0
Set Net Indication Callback called
Bus state is: 0
Set Net Indication Callback called
Bus state is: 0
Set Net Indication Callback called
Bus state is: 0
Set Net Indication Callback called
Bus state is: 0
Set Net Indication Callback called
Bus state is: 0
Set Net Indication Callback called
Bus state is: 0
Set Net Indication Callback called
Bus state is: 0
Set Net Indication Callback called
Bus state is: 0
Set Net Indication Callback called
Bus state is: 0
Set Net Indication Callback called
Bus state is: 0
Set Net Indication Callback called
Bus state is: 0
Set Net Indication Callback called
Bus state is: 0
Set Net Indication Callback called
Bus state is: 0
Set Net Indication Callback called
Bus state is: 0
Set Net Indication Callback called
Bus state is: 0
Set Net Indication Callback called
Bus state is: 0
Set Net Indication Callback called
Bus state is: 0
Set Net Indication Callback called
Bus state is: 0
Set Net Indication Callback called
Bus state is: 0
Set Net Indication Callback called
Bus state is: 0
Set Net Indication Callback called
Bus state is: 0
Set Net Indication Callback called
Bus state is: 0
Set Net Indication Callback called
Bus state is: 0
Set Net Indication Callback called
Bus state is: 0
Set Net Indication Callback called
Bus state is: 0
Set Net Indication Callback called
Bus state is: 0
Set Net Indication Callback called
Bus state is: 0
Set Net Indication Callback called
Bus state is: 0
Set Net Indication Callback called
Bus state is: 0
Set Net Indication Callback called
Bus state is: 0
Set Net Indication Callback called
Bus state is: 0
Set Net Indication Callback called
Bus state is: 0
Set Net Indication Callback called
Bus state is: 0
Set Net Indication Callback called
Bus state is: 0
Set Net Indication Callback called
Bus state is: 0
Set Net Indication Callback called
Bus state is: 0
Set Net Indication Callback called
Bus state is: 0
Set Net Indication Callback called
Bus state is: 0
Set Net Indication Callback called
Bus state is: 0
Set Net Indication Callback called
Bus state is: 0
Set Net Indication Callback called
Bus state is: 0
Set Net Indication Callback called
Bus state is: 0
Set Net Indication Callback called
Bus state is: 0
Set Net Indication Callback called
Bus state is: 0
Set Net Indication Callback called
Bus state is: 0
Set Net Indication Callback called
Bus state is: 0
Set Net Indication Callback called
Bus state is: 0
Set Net Indication Callback called
Bus state is: 0
Set Net Indication Callback called
Bus state is: 0
Set Net Indication Callback called
Bus state is: 0
Set Net Indication Callback called
Bus state is: 0
Set Net Indication Callback called
Bus state is: 0
Set Net Indication Callback called
Bus state is: 0
Set Net Indication Callback called
Bus state is: 0
Set Net Indication Callback called
Bus state is: 0
Set Net Indication Callback called
Bus state is: 0
Set Net Indication Callback called
Bus state is: 0
Set Net Indication Callback called
Bus state is: 0
Set Net Indication Callback called
Bus state is: 0
Set Net Indication Callback called
Bus state is: 0
Set Net Indication Callback called
Bus state is: 0
Set Net Indication Callback called
Bus state is: 0
Set Net Indication Callback called
Bus state is: 0
Set Net Indication Callback called
Bus state is: 0
Set Net Indication Callback called
Bus state is: 0
Set Net Indication Callback called
Bus state is: 0
Set Net Indication Callback called
Bus state is: 0
Set Net Indication Callback called
Bus state is: 0
Set Net Indication Callback called
Bus state is: 0
Set Net Indication Callback called
Bus state is: 0
Set Net Indication Callback called
Bus state is: 0
Set Net Indication Callback called
Bus state is: 0
Set Net Indication Callback called
Bus state is: 0
Set Net Indication Callback called
Bus state is: 0
Set Net Indication Callback called
Bus state is: 0
Set Net Indication Callback called
Bus state is: 0
Set Net Indication Callback called
Bus state is: 0
Set Net Indication Callback called
Bus state is: 0
Set Net Indication Callback called
Bus state is: 0
Set Net Indication Callback called
Bus state is: 0
Set Net Indication Callback called
Bus state is: 0
Set Net Indication Callback called
Bus state is: 0
Set Net Indication Callback called
Bus state is: 0
Set Net Indication Callback called
Bus state is: 0
Set Net Indication Callback called
Bus state is: 0
Set Net Indication Callback called
Bus state is: 0
Set Net Indication Callback called
Bus state is: 0
Set Net Indication Callback called
Bus state is: 0
Set Net Indication Callback called
Bus state is: 0
Set Net Indication Callback called
Bus state is: 0
Set Net Indication Callback called
Bus state is: 0
Set Net Indication Callback called
Bus state is: 0
Set Net Indication Callback called
Bus state is: 0
Set Net Indication Callback called
Bus state is: 0
Set Net Indication Callback called
Bus state is: 0
Set Net Indication Callback called
Bus state is: 0
Set Net Indication Callback called
Bus state is: 0
Set Net Indication Callback called
Bus state is: 0
Set Net Indication Callback called
Bus state is: 0
Set Net Indication Callback called
Bus state is: 0
Set Net Indication Callback called
Bus state is: 0
Set Net Indication Callback called
Bus state is: 0
Set Net Indication Callback called
Bus state is: 0
Set Net Indication Callback called
Bus state is: 0
Set Net Indication Callback called
Bus state is: 0
Set Net Indication Callback called
Bus state is: 0
Set Net Indication Callback called
Bus state is: 0
Set Net Indication Callback called
Bus state is: 0
Set Net Indication Callback called
Bus state is: 0
Set Net Indication Callback called
Bus state is: 0
Set Net Indication Callback called
Bus state is: 0
Set Net Indication Callback called
Bus state is: 0
Set Net Indication Callback called
Bus state is: 0
Set Net Indication Callback called
Bus state is: 0
Set Net Indication Callback called
Bus state is: 0
Set Net Indication Callback called
Bus state is: 0
Set Net Indication Callback called
Bus state is: 0
Set Net Indication Callback called
Bus state is: 0
Set Net Indication Callback called
Bus state is: 0
Set Net Indication Callback called
Bus state is: 0
Set Net Indication Callback called
Bus state is: 0
Set Net Indication Callback called
Bus state is: 0
Set Net Indication Callback called
Bus state is: 0
Set Net Indication Callback called
Bus state is: 0
Set Net Indication Callback called
Bus state is: 0
Set Net Indication Callback called
Bus state is: 0
Set Net Indication Callback called
Bus state is: 0
Set Net Indication Callback called
Bus state is: 0
Set Net Indication Callback called
Bus state is: 0
Set Net Indication Callback called
Bus state is: 0
Set Net Indication Callback called
Bus state is: 0
Set Net Indication Callback called
Bus state is: 0
Set Net Indication Callback called
Bus state is: 0
Set Net Indication Callback called
Bus state is: 0
Set Net Indication Callback called
Bus state is: 0
Set Net Indication Callback called
Bus state is: 0
Set Net Indication Callback called
Bus state is: 0
Set Net Indication Callback called
Bus state is: 0
Set Net Indication Callback called
Bus state is: 0
Set Net Indication Callback called
Bus state is: 0
Set Net Indication Callback called
Bus state is: 0
Set Net Indication Callback called
Bus state is: 0
Set Net Indication Callback called
Bus state is: 0
Set Net Indication Callback called
Bus state is: 0
Set Net Indication Callback called
Bus state is: 0
Set Net Indication Callback called
Bus state is: 0
Set Net Indication Callback called
Bus state is: 0
Set Net Indication Callback called
Bus state is: 0
Set Net Indication Callback called
Bus state is: 0
Set Net Indication Callback called
Bus state is: 0
Set Net Indication Callback called
Bus state is: 0
Set Net Indication Callback called
Bus state is: 0
Set Net Indication Callback called
Bus state is: 0
Set Net Indication Callback called
Bus state is: 0
Set Net Indication Callback called
Bus state is: 0
Set Net Indication Callback called
Bus state is: 0
Set Net Indication Callback called
Bus state is: 0
Set Net Indication Callback called
Bus state is: 0
Set Net Indication Callback called
Bus state is: 0
Set Net Indication Callback called
Bus state is: 0
Set Net Indication Callback called
Bus state is: 0
Set Net Indication Callback called
Bus state is: 0
Set Net Indication Callback called
Bus state is: 0
Set Net Indication Callback called
Bus state is: 0
Set Net Indication Callback called
Bus state is: 0
Set Net Indication Callback called
Bus state is: 0
Set Net Indication Callback called
Bus state is: 0
Set Net Indication Callback called
Bus state is: 0
Set Net Indication Callback called
Bus state is: 0
Set Net Indication Callback called
Bus state is: 0
Set Net Indication Callback called
Bus state is: 0
Set Net Indication Callback called
Bus state is: 0
Set Net Indication Callback called
Bus state is: 0
Set Net Indication Callback called
Bus state is: 0
Set Net Indication Callback called
Bus state is: 0
Set Net Indication Callback called
Bus state is: 0
Set Net Indication Callback called
Bus state is: 0
Set Net Indication Callback called
Bus state is: 0
Set Net Indication Callback called
Bus state is: 0
Set Net Indication Callback called
Bus state is: 0
Set Net Indication Callback called
Bus state is: 0
Set Net Indication Callback called
Bus state is: 0
Set Net Indication Callback called
Bus state is: 0
Set Net Indication Callback called
Bus state is: 0
Set Net Indication Callback called
Bus state is: 0
Set Net Indication Callback called
Bus state is: 0
Set Net Indication Callback called
Bus state is: 0
Set Net Indication Callback called
Bus state is: 0
Set Net Indication Callback called
Bus state is: 0
Set Net Indication Callback called
Bus state is: 0
Set Net Indication Callback called
Bus state is: 0
Set Net Indication Callback called
Bus state is: 0
Set Net Indication Callback called
Bus state is: 0
Set Net Indication Callback called
Bus state is: 0
Set Net Indication Callback called
Bus state is: 0
Set Net Indication Callback called
Bus state is: 0
Set Net Indication Callback called
Bus state is: 0
Set Net Indication Callback called
Bus state is: 0
Set Net Indication Callback called
Bus state is: 0
Set Net Indication Callback called
Bus state is: 0
Set Net Indication Callback called
Bus state is: 0
Set Net Indication Callback called
Bus state is: 0
Set Net Indication Callback called
Bus state is: 0
Set Net Indication Callback called
Bus state is: 0
Set Net Indication Callback called
Bus state is: 0
Set Net Indication Callback called
Bus state is: 0
Set Net Indication Callback called
Bus state is: 0
Set Net Indication Callback called
Bus state is: 0
Set Net Indication Callback called
Bus state is: 0
Set Net Indication Callback called
Bus state is: 0
Set Net Indication Callback called
Bus state is: 0
Set Net Indication Callback called
Bus state is: 0
Set Net Indication Callback called
Bus state is: 0
Set Net Indication Callback called
Bus state is: 0
Set Net Indication Callback called
Bus state is: 0
Set Net Indication Callback called
Bus state is: 0
Set Net Indication Callback called
Bus state is: 0
Set Net Indication Callback called
Bus state is: 0
Set Net Indication Callback called
Bus state is: 0
Set Net Indication Callback called
Bus state is: 0
Set Net Indication Callback called
Bus state is: 0
Set Net Indication Callback called
Bus state is: 0
Set Net Indication Callback called
Bus state is: 0
Set Net Indication Callback called
Bus state is: 0
Set Net Indication Callback called
Bus state is: 0
Set Net Indication Callback called
Bus state is: 0
Set Net Indication Callback called
Bus state is: 0
Set Net Indication Callback called
Bus state is: 0
Set Net Indication Callback called
Bus state is: 0
Set Net Indication Callback called
Bus state is: 0
Set Net Indication Callback called
Bus state is: 0
Set Net Indication Callback called
Bus state is: 0
Set Net Indication Callback called
Bus state is: 0
Set Net Indication Callback called
Bus state is: 0
Set Net Indication Callback called
Bus state is: 0
Set Net Indication Callback called
Bus state is: 0
Set Net Indication Callback called
Bus state is: 0
Set Net Indication Callback called
Bus state is: 0
Set Net Indication Callback called
Bus state is: 0
Set Net Indication Callback called
Bus state is: 0
Set Net Indication Callback called
Bus state is: 0
Set Net Indication Callback called
Bus state is: 0
Set Net Indication Callback called
Bus state is: 0
Set Net Indication Callback called
Bus state is: 0
Set Net Indication Callback called
Bus state is: 0
Set Net Indication Callback called
Bus state is: 0
Set Net Indication Callback called
Bus state is: 0
Set Net Indication Callback called
Bus state is: 0
Set Net Indication Callback called
Bus state is: 0
Set Net Indication Callback called
Bus state is: 0
Set Net Indication Callback called
Bus state is: 0
Set Net Indication Callback called
Bus state is: 0
Set Net Indication Callback called
Bus state is: 0
Set Net Indication Callback called
Bus state is: 0
Set Net Indication Callback called
Bus state is: 0
Set Net Indication Callback called
Bus state is: 0
Set Net Indication Callback called
Bus state is: 0
Set Net Indication Callback called
Bus state is: 0
Set Net Indication Callback called
Bus state is: 0
Set Net Indication Callback called
Bus state is: 0
Set Net Indication Callback called
Bus state is: 0
Set Net Indication Callback called
Bus state is: 0
Set Net Indication Callback called
Bus state is: 0
Set Net Indication Callback called
Bus state is: 0
Set Net Indication Callback called
Bus state is: 0
Set Net Indication Callback called
Bus state is: 0
Set Net Indication Callback called
Bus state is: 0
Set Net Indication Callback called
Bus state is: 0
Set Net Indication Callback called
Bus state is: 0
Set Net Indication Callback called
Bus state is: 0
Set Net Indication Callback called
Bus state is: 0
Set Net Indication Callback called
Bus state is: 0
Set Net Indication Callback called
Bus state is: 0
Set Net Indication Callback called
Bus state is: 0
Set Net Indication Callback called
Bus state is: 0
Set Net Indication Callback called
Bus state is: 0
Set Net Indication Callback called
Bus state is: 0
Set Net Indication Callback called
Bus state is: 0
Set Net Indication Callback called
Bus state is: 0
Set Net Indication Callback called
Bus state is: 0
Set Net Indication Callback called
Bus state is: 0
Set Net Indication Callback called
Bus state is: 0
Set Net Indication Callback called
Bus state is: 0
Set Net Indication Callback called
Bus state is: 0
Set Net Indication Callback called
Bus state is: 0
Set Net Indication Callback called
Bus state is: 0
Set Net Indication Callback called
Bus state is: 0
Set Net Indication Callback called
Bus state is: 0
Set Net Indication Callback called
Bus state is: 0
Set Net Indication Callback called
Bus state is: 0
Set Net Indication Callback called
Bus state is: 0
Set Net Indication Callback called
Bus state is: 0
Set Net Indication Callback called
Bus state is: 0
Set Net Indication Callback called
Bus state is: 0
Set Net Indication Callback called
Bus state is: 0
Set Net Indication Callback called
Bus state is: 0
Set Net Indication Callback called
Bus state is: 0
Set Net Indication Callback called
Bus state is: 0
Set Net Indication Callback called
Bus state is: 0
Set Net Indication Callback called
Bus state is: 0
Set Net Indication Callback called
Bus state is: 0
Set Net Indication Callback called
Bus state is: 0
Set Net Indication Callback called
Bus state is: 0
Set Net Indication Callback called
Bus state is: 0
Set Net Indication Callback called
Bus state is: 0
Set Net Indication Callback called
Bus state is: 0
Set Net Indication Callback called
Bus state is: 0
Set Net Indication Callback called
Bus state is: 0
Set Net Indication Callback called
Bus state is: 0
Set Net Indication Callback called
Bus state is: 0
Set Net Indication Callback called
Bus state is: 0
Set Net Indication Callback called
Bus state is: 0
Set Net Indication Callback called
Bus state is: 0
Set Net Indication Callback called
Bus state is: 0
Set Net Indication Callback called
Bus state is: 0
Set Net Indication Callback called
Bus state is: 0
Set Net Indication Callback called
Bus state is: 0
Set Net Indication Callback called
Bus state is: 0
Set Net Indication Callback called
Bus state is: 0
Set Net Indication Callback called
Bus state is: 0
Set Net Indication Callback called
Bus state is: 0
Set Net Indication Callback called
Bus state is: 0
Set Net Indication Callback called
Bus state is: 0
Set Net Indication Callback called
Bus state is: 0
Set Net Indication Callback called
Bus state is: 0
Set Net Indication Callback called
Bus state is: 0
Set Net Indication Callback called
Bus state is: 0
Set Net Indication Callback called
Bus state is: 0
Set Net Indication Callback called
Bus state is: 0
Set Net Indication Callback called
Bus state is: 0
Set Net Indication Callback called
Bus state is: 0
Set Net Indication Callback called
Bus state is: 0
Set Net Indication Callback called
Bus state is: 0
Set Net Indication Callback called
Bus state is: 0
Set Net Indication Callback called
Bus state is: 0
Set Net Indication Callback called
Bus state is: 0
Set Net Indication Callback called
Bus state is: 0
Set Net Indication Callback called
Bus state is: 0
Set Net Indication Callback called
Bus state is: 0
Set Net Indication Callback called
Bus state is: 0
Set Net Indication Callback called
Bus state is: 0
Set Net Indication Callback called
Bus state is: 0
Set Net Indication Callback called
Bus state is: 0
Set Net Indication Callback called
Bus state is: 0
Set Net Indication Callback called
Bus state is: 0
Set Net Indication Callback called
Bus state is: 0
Set Net Indication Callback called
Bus state is: 0
Set Net Indication Callback called
Bus state is: 0
Set Net Indication Callback called
Bus state is: 0
Set Net Indication Callback called
Bus state is: 0
Set Net Indication Callback called
Bus state is: 0
Set Net Indication Callback called
Bus state is: 0
Set Net Indication Callback called
Bus state is: 0
Set Net Indication Callback called
Bus state is: 0
Set Net Indication Callback called
Bus state is: 0
Set Net Indication Callback called
Bus state is: 0
Set Net Indication Callback called
Bus state is: 0
Set Net Indication Callback called
Bus state is: 0
Set Net Indication Callback called
Bus state is: 0
Set Net Indication Callback called
Bus state is: 0
Set Net Indication Callback called
Bus state is: 0
Set Net Indication Callback called
Bus state is: 0
Set Net Indication Callback called
Bus state is: 0
Set Net Indication Callback called
Bus state is: 0
Set Net Indication Callback called
Bus state is: 0
Set Net Indication Callback called
Bus state is: 0
Set Net Indication Callback called
Bus state is: 0
Set Net Indication Callback called
Bus state is: 0
Set Net Indication Callback called
Bus state is: 0
Set Net Indication Callback called
Bus state is: 0
Set Net Indication Callback called
Bus state is: 0
Set Net Indication Callback called
Bus state is: 0
Set Net Indication Callback called
Bus state is: 0
Set Net Indication Callback called
Bus state is: 0
Set Net Indication Callback called
Bus state is: 0
Set Net Indication Callback called
Bus state is: 0
Set Net Indication Callback called
Bus state is: 0
Set Net Indication Callback called
Bus state is: 0
Set Net Indication Callback called
Bus state is: 0
Set Net Indication Callback called
Bus state is: 0
Set Net Indication Callback called
Bus state is: 0
Set Net Indication Callback called
Bus state is: 0
Set Net Indication Callback called
Bus state is: 0
Set Net Indication Callback called
Bus state is: 0
Set Net Indication Callback called
Bus state is: 0
Set Net Indication Callback called
Bus state is: 0
Set Net Indication Callback called
Bus state is: 0
Set Net Indication Callback called
Bus state is: 0
Set Net Indication Callback called
Bus state is: 0
Set Net Indication Callback called
Bus state is: 0
Set Net Indication Callback called
Bus state is: 0
Set Net Indication Callback called
Bus state is: 0
Set Net Indication Callback called
Bus state is: 0
Set Net Indication Callback called
Bus state is: 0
Set Net Indication Callback called
Bus state is: 0
Set Net Indication Callback called
Bus state is: 0
Set Net Indication Callback called
Bus state is: 0
Set Net Indication Callback called
Bus state is: 0
Set Net Indication Callback called
Bus state is: 0
Set Net Indication Callback called
Bus state is: 0
Set Net Indication Callback called
Bus state is: 0
Set Net Indication Callback called
Bus state is: 0
Set Net Indication Callback called
Bus state is: 0
Set Net Indication Callback called
Bus state is: 0
Set Net Indication Callback called
Bus state is: 0
Set Net Indication Callback called
Bus state is: 0
Set Net Indication Callback called
Bus state is: 0
Set Net Indication Callback called
Bus state is: 0
Set Net Indication Callback called
Bus state is: 0
Set Net Indication Callback called
Bus state is: 0
Set Net Indication Callback called
Bus state is: 0
Set Net Indication Callback called
Bus state is: 0
Set Net Indication Callback called
Bus state is: 0
Set Net Indication Callback called
Bus state is: 0
Set Net Indication Callback called
Bus state is: 0
Set Net Indication Callback called
Bus state is: 0
Set Net Indication Callback called
Bus state is: 0
Set Net Indication Callback called
Bus state is: 0
Set Net Indication Callback called
Bus state is: 0
Set Net Indication Callback called
Bus state is: 0
Set Net Indication Callback called
Bus state is: 0
Set Net Indication Callback called
Bus state is: 0
Set Net Indication Callback called
Bus state is: 0
Set Net Indication Callback called
Bus state is: 0
Set Net Indication Callback called
Bus state is: 0
Set Net Indication Callback called
Bus state is: 0
Set Net Indication Callback called
Bus state is: 0
Set Net Indication Callback called
Bus state is: 0
Set Net Indication Callback called
Bus state is: 0
Set Net Indication Callback called
Bus state is: 0
Set Net Indication Callback called
Bus state is: 0
Set Net Indication Callback called
Bus state is: 0
Set Net Indication Callback called
Bus state is: 0
Set Net Indication Callback called
Bus state is: 0
Set Net Indication Callback called
Bus state is: 0
Set Net Indication Callback called
Bus state is: 0
Set Net Indication Callback called
Bus state is: 0
Set Net Indication Callback called
Bus state is: 0
Set Net Indication Callback called
Bus state is: 0
Set Net Indication Callback called
Bus state is: 0
Set Net Indication Callback called
Bus state is: 0
Set Net Indication Callback called
Bus state is: 0
Set Net Indication Callback called
Bus state is: 0
Set Net Indication Callback called
Bus state is: 0
Set Net Indication Callback called
Bus state is: 0
Set Net Indication Callback called
Bus state is: 0
Set Net Indication Callback called
Bus state is: 0
Set Net Indication Callback called
Bus state is: 0
Set Net Indication Callback called
Bus state is: 0
Set Net Indication Callback called
Bus state is: 0
Set Net Indication Callback called
Bus state is: 0
Set Net Indication Callback called
Bus state is: 0
Set Net Indication Callback called
Bus state is: 0
Set Net Indication Callback called
Bus state is: 0
Set Net Indication Callback called
Bus state is: 0
Set Net Indication Callback called
Bus state is: 0
Set Net Indication Callback called
Bus state is: 0
Set Net Indication Callback called
Bus state is: 0
Set Net Indication Callback called
Bus state is: 0
Set Net Indication Callback called
Bus state is: 0
Set Net Indication Callback called
Bus state is: 0
Set Net Indication Callback called
Bus state is: 0
Set Net Indication Callback called
Bus state is: 0
Set Net Indication Callback called
Bus state is: 0
Set Net Indication Callback called
Bus state is: 0
Set Net Indication Callback called
Bus state is: 0
Set Net Indication Callback called
Bus state is: 0
Set Net Indication Callback called
Bus state is: 0
Set Net Indication Callback called
Bus state is: 0
Set Net Indication Callback called
Bus state is: 0
Set Net Indication Callback called
Bus state is: 0
Set Net Indication Callback called
Bus state is: 0
Set Net Indication Callback called
Bus state is: 0
Set Net Indication Callback called
Bus state is: 0
Set Net Indication Callback called
Bus state is: 0
Set Net Indication Callback called
Bus state is: 0
Set Net Indication Callback called
Bus state is: 0
Set Net Indication Callback called
Bus state is: 0
Set Net Indication Callback called
Bus state is: 0
Set Net Indication Callback called
Bus state is: 0
Set Net Indication Callback called
Bus state is: 0
Set Net Indication Callback called
Bus state is: 0
Set Net Indication Callback called
Bus state is: 0
Set Net Indication Callback called
Bus state is: 0
Set Net Indication Callback called
Bus state is: 0
Set Net Indication Callback called
Bus state is: 0
Set Net Indication Callback called
Bus state is: 0
Set Net Indication Callback called
Bus state is: 0
Set Net Indication Callback called
Bus state is: 0
Set Net Indication Callback called
Bus state is: 0
Set Net Indication Callback called
Bus state is: 0
Set Net Indication Callback called
Bus state is: 0
Set Net Indication Callback called
Bus state is: 0
Set Net Indication Callback called
Bus state is: 0
Set Net Indication Callback called
Bus state is: 0
Set Net Indication Callback called
Bus state is: 0
Set Net Indication Callback called
Bus state is: 0
Set Net Indication Callback called
Bus state is: 0
Set Net Indication Callback called
Bus state is: 0
Set Net Indication Callback called
Bus state is: 0
Set Net Indication Callback called
Bus state is: 0
Set Net Indication Callback called
Bus state is: 0
Set Net Indication Callback called
Bus state is: 0
Set Net Indication Callback called
Bus state is: 0
Set Net Indication Callback called
Bus state is: 0
Set Net Indication Callback called
Bus state is: 0
Set Net Indication Callback called
Bus state is: 0
Set Net Indication Callback called
Bus state is: 0
Set Net Indication Callback called
Bus state is: 0
Set Net Indication Callback called
Bus state is: 0
Set Net Indication Callback called
Bus state is: 0
Set Net Indication Callback called
Bus state is: 0
Set Net Indication Callback called
Bus state is: 0
Set Net Indication Callback called
Bus state is: 0
Set Net Indication Callback called
Bus state is: 0
Set Net Indication Callback called
Bus state is: 0
Set Net Indication Callback called
Bus state is: 0
Set Net Indication Callback called
Bus state is: 0
Set Net Indication Callback called
Bus state is: 0
Set Net Indication Callback called
Bus state is: 0
Set Net Indication Callback called
Bus state is: 0
Set Net Indication Callback called
Bus state is: 0
Set Net Indication Callback called
Bus state is: 0
Set Net Indication Callback called
Bus state is: 0
Set Net Indication Callback called
Bus state is: 0
Set Net Indication Callback called
Bus state is: 0
Set Net Indication Callback called
Bus state is: 0
Set Net Indication Callback called
Bus state is: 0
Set Net Indication Callback called
Bus state is: 0
Set Net Indication Callback called
Bus state is: 0
Set Net Indication Callback called
Bus state is: 0
Set Net Indication Callback called
Bus state is: 0
Set Net Indication Callback called
Bus state is: 0
Set Net Indication Callback called
Bus state is: 0
Set Net Indication Callback called
Bus state is: 0
Set Net Indication Callback called
Bus state is: 0
Set Net Indication Callback called
Bus state is: 0
Set Net Indication Callback called
Bus state is: 0
Set Net Indication Callback called
Bus state is: 0
Set Net Indication Callback called
Bus state is: 0
Set Net Indication Callback called
Bus state is: 0
Set Net Indication Callback called
Bus state is: 0
Set Net Indication Callback called
Bus state is: 0
Set Net Indication Callback called
Bus state is: 0
Set Net Indication Callback called
Bus state is: 0
Set Net Indication Callback called
Bus state is: 0
Set Net Indication Callback called
Bus state is: 0
Set Net Indication Callback called
Bus state is: 0
Set Net Indication Callback called
Bus state is: 0
Set Net Indication Callback called
Bus state is: 0
Set Net Indication Callback called
Bus state is: 0
Set Net Indication Callback called
Bus state is: 0
Set Net Indication Callback called
Bus state is: 0
Set Net Indication Callback called
Bus state is: 0
Set Net Indication Callback called
Bus state is: 0
Set Net Indication Callback called
Bus state is: 0
Set Net Indication Callback called
Bus state is: 0
Set Net Indication Callback called
Bus state is: 0
Set Net Indication Callback called
Bus state is: 0
Set Net Indication Callback called
Bus state is: 0
Set Net Indication Callback called
Bus state is: 0
Set Net Indication Callback called
Bus state is: 0
Set Net Indication Callback called
Bus state is: 0
Set Net Indication Callback called
Bus state is: 0
Set Net Indication Callback called
Bus state is: 0
Set Net Indication Callback called
Bus state is: 0
Set Net Indication Callback called
Bus state is: 0
Set Net Indication Callback called
Bus state is: 0
Set Net Indication Callback called
Bus state is: 0
Set Net Indication Callback called
Bus state is: 0
Set Net Indication Callback called
Bus state is: 0
Set Net Indication Callback called
Bus state is: 0
Set Net Indication Callback called
Bus state is: 0
Set Net Indication Callback called
Bus state is: 0
Set Net Indication Callback called
Bus state is: 0
Set Net Indication Callback called
Bus state is: 0
Set Net Indication Callback called
Bus state is: 0
Set Net Indication Callback called
Bus state is: 0
Set Net Indication Callback called
Bus state is: 0
Set Net Indication Callback called
Bus state is: 0
Set Net Indication Callback called
Bus state is: 0
Set Net Indication Callback called
Bus state is: 0
Set Net Indication Callback called
Bus state is: 0
Set Net Indication Callback called
Bus state is: 0
Set Net Indication Callback called
Bus state is: 0
Set Net Indication Callback called
Bus state is: 0
Set Net Indication Callback called
Bus state is: 0
Set Net Indication Callback called
Bus state is: 0
Set Net Indication Callback called
Bus state is: 0
Set Net Indication Callback called
Bus state is: 0
Set Net Indication Callback called
Bus state is: 0
Set Net Indication Callback called
Bus state is: 0
Set Net Indication Callback called
Bus state is: 0
Set Net Indication Callback called
Bus state is: 0
Set Net Indication Callback called
Bus state is: 0
Set Net Indication Callback called
Bus state is: 0
Set Net Indication Callback called
Bus state is: 0
Set Net Indication Callback called
Bus state is: 0
Set Net Indication Callback called
Bus state is: 0
Set Net Indication Callback called
Bus state is: 0
Set Net Indication Callback called
Bus state is: 0
Set Net Indication Callback called
Bus state is: 0
Set Net Indication Callback called
Bus state is: 0
Set Net Indication Callback called
Bus state is: 0
Set Net Indication Callback called
Bus state is: 0
Set Net Indication Callback called
Bus state is: 0
Set Net Indication Callback called
Bus state is: 0
Set Net Indication Callback called
Bus state is: 0
Set Net Indication Callback called
Bus state is: 0
Set Net Indication Callback called
Bus state is: 0
Set Net Indication Callback called
Bus state is: 0
Set Net Indication Callback called
Bus state is: 0
Set Net Indication Callback called
Bus state is: 0
Set Net Indication Callback called
Bus state is: 0
Set Net Indication Callback called
Bus state is: 0
Set Net Indication Callback called
Bus state is: 0
Set Net Indication Callback called
Bus state is: 0
Set Net Indication Callback called
Bus state is: 0
Set Net Indication Callback called
Bus state is: 0
Set Net Indication Callback called
Bus state is: 0
Set Net Indication Callback called
Bus state is: 0
Set Net Indication Callback called
Bus state is: 0
Set Net Indication Callback called
Bus state is: 0
Set Net Indication Callback called
Bus state is: 0
Set Net Indication Callback called
Bus state is: 0
Set Net Indication Callback called
Bus state is: 0
Set Net Indication Callback called
Bus state is: 0
Set Net Indication Callback called
Bus state is: 0
Set Net Indication Callback called
Bus state is: 0
Set Net Indication Callback called
Bus state is: 0
Set Net Indication Callback called
Bus state is: 0
Set Net Indication Callback called
Bus state is: 0
Set Net Indication Callback called
Bus state is: 0
Set Net Indication Callback called
Bus state is: 0
Set Net Indication Callback called
Bus state is: 0
Set Net Indication Callback called
Bus state is: 0
Set Net Indication Callback called
Bus state is: 0
Set Net Indication Callback called
Bus state is: 0
Set Net Indication Callback called
Bus state is: 0
Set Net Indication Callback called
Bus state is: 0
Set Net Indication Callback called
Bus state is: 0
Set Net Indication Callback called
Bus state is: 0
Set Net Indication Callback called
Bus state is: 0
Set Net Indication Callback called
Bus state is: 0
Set Net Indication Callback called
Bus state is: 0
Set Net Indication Callback called
Bus state is: 0
Set Net Indication Callback called
Bus state is: 0
Set Net Indication Callback called
Bus state is: 0
Set Net Indication Callback called
Bus state is: 0
Set Net Indication Callback called
Bus state is: 0
Set Net Indication Callback called
Bus state is: 0
Set Net Indication Callback called
Bus state is: 0
Set Net Indication Callback called
Bus state is: 0
Set Net Indication Callback called
Bus state is: 0
Set Net Indication Callback called
Bus state is: 0
Set Net Indication Callback called
Bus state is: 0
Set Net Indication Callback called
Bus state is: 0
Set Net Indication Callback called
Bus state is: 0
Set Net Indication Callback called
Bus state is: 0
Set Net Indication Callback called
Bus state is: 0
Set Net Indication Callback called
Bus state is: 0
Set Net Indication Callback called
Bus state is: 0
Set Net Indication Callback called
Bus state is: 0
Set Net Indication Callback called
Bus state is: 0
Set Net Indication Callback called
Bus state is: 0
Set Net Indication Callback called
Bus state is: 0
Set Net Indication Callback called
Bus state is: 0
Set Net Indication Callback called
Bus state is: 0
Set Net Indication Callback called
Bus state is: 0
Set Net Indication Callback called
Bus state is: 0
Set Net Indication Callback called
Bus state is: 0
Set Net Indication Callback called
Bus state is: 0
Set Net Indication Callback called
Bus state is: 0
Set Net Indication Callback called
Bus state is: 0
Set Net Indication Callback called
Bus state is: 0
Set Net Indication Callback called
Bus state is: 0
Set Net Indication Callback called
Bus state is: 0
Set Net Indication Callback called
Bus state is: 0
Set Net Indication Callback called
Bus state is: 0
Set Net Indication Callback called
Bus state is: 0
Set Net Indication Callback called
Bus state is: 0
Set Net Indication Callback called
Bus state is: 0
Set Net Indication Callback called
Bus state is: 0
Set Net Indication Callback called
Bus state is: 0
Set Net Indication Callback called
Bus state is: 0
Set Net Indication Callback called
Bus state is: 0
Set Net Indication Callback called
Bus state is: 0
Set Net Indication Callback called
Bus state is: 0
Set Net Indication Callback called
Bus state is: 0
Set Net Indication Callback called
Bus state is: 0
Set Net Indication Callback called
Bus state is: 0
Set Net Indication Callback called
Bus state is: 0
Set Net Indication Callback called
Bus state is: 0
Set Net Indication Callback called
Bus state is: 0
Set Net Indication Callback called
Bus state is: 0
Set Net Indication Callback called
Bus state is: 0
Set Net Indication Callback called
Bus state is: 0
Set Net Indication Callback called
Bus state is: 0
Set Net Indication Callback called
Bus state is: 0
Set Net Indication Callback called
Bus state is: 0
Set Net Indication Callback called
Bus state is: 0
Set Net Indication Callback called
Bus state is: 0
Set Net Indication Callback called
Bus state is: 0
Set Net Indication Callback called
Bus state is: 0
Set Net Indication Callback called
Bus state is: 0
Set Net Indication Callback called
Bus state is: 0
Set Net Indication Callback called
Bus state is: 0
Set Net Indication Callback called
Bus state is: 0
Set Net Indication Callback called
Bus state is: 0
Set Net Indication Callback called
Bus state is: 0
Set Net Indication Callback called
Bus state is: 0
Set Net Indication Callback called
Bus state is: 0
Set Net Indication Callback called
Bus state is: 0
Set Net Indication Callback called
Bus state is: 0
Set Net Indication Callback called
Bus state is: 0
Set Net Indication Callback called
Bus state is: 0
Set Net Indication Callback called
Bus state is: 0
Set Net Indication Callback called
Bus state is: 0
Set Net Indication Callback called
Bus state is: 0
Set Net Indication Callback called
Bus state is: 0
Set Net Indication Callback called
Bus state is: 0
Set Net Indication Callback called
Bus state is: 0
Set Net Indication Callback called
Bus state is: 0
Set Net Indication Callback called
Bus state is: 0
Set Net Indication Callback called
Bus state is: 0
Set Net Indication Callback called
Bus state is: 0
Set Net Indication Callback called
Bus state is: 0
Set Net Indication Callback called
Bus state is: 0
Set Net Indication Callback called
Bus state is: 0
Set Net Indication Callback called
Bus state is: 0
Set Net Indication Callback called
Bus state is: 0
Set Net Indication Callback called
Bus state is: 0
Set Net Indication Callback called
Bus state is: 0
Set Net Indication Callback called
Bus state is: 0
Set Net Indication Callback called
Bus state is: 0
Set Net Indication Callback called
Bus state is: 0
Set Net Indication Callback called
Bus state is: 0
Set Net Indication Callback called
Bus state is: 0
Set Net Indication Callback called
Bus state is: 0
Set Net Indication Callback called
Bus state is: 0
Set Net Indication Callback called
Bus state is: 0
Set Net Indication Callback called
Bus state is: 0
Set Net Indication Callback called
Bus state is: 0
Set Net Indication Callback called
Bus state is: 0
Set Net Indication Callback called
Bus state is: 0
Set Net Indication Callback called
Bus state is: 0
Set Net Indication Callback called
Bus state is: 0
Set Net Indication Callback called
Bus state is: 0
Set Net Indication Callback called
Bus state is: 0
Set Net Indication Callback called
Bus state is: 0
Set Net Indication Callback called
Bus state is: 0
Set Net Indication Callback called
Bus state is: 0
Set Net Indication Callback called
Bus state is: 0
Set Net Indication Callback called
Bus state is: 0
Set Net Indication Callback called
Bus state is: 0
Set Net Indication Callback called
Bus state is: 0
Set Net Indication Callback called
Bus state is: 0
Set Net Indication Callback called
Bus state is: 0
Set Net Indication Callback called
Bus state is: 0
Set Net Indication Callback called
Bus state is: 0
Set Net Indication Callback called
Bus state is: 0
Set Net Indication Callback called
Bus state is: 0
Set Net Indication Callback called
Bus state is: 0
Set Net Indication Callback called
Bus state is: 0
Set Net Indication Callback called
Bus state is: 0
Set Net Indication Callback called
Bus state is: 0
Set Net Indication Callback called
Bus state is: 0
Set Net Indication Callback called
Bus state is: 0
Set Net Indication Callback called
Bus state is: 0
Set Net Indication Callback called
Bus state is: 0
Set Net Indication Callback called
Bus state is: 0
Set Net Indication Callback called
Bus state is: 0
Set Net Indication Callback called
Bus state is: 0
Set Net Indication Callback called
Bus state is: 0
Set Net Indication Callback called
Bus state is: 0
Set Net Indication Callback called
Bus state is: 0
Set Net Indication Callback called
Bus state is: 0
Set Net Indication Callback called
Bus state is: 0
Set Net Indication Callback called
Bus state is: 0
Set Net Indication Callback called
Bus state is: 0
Set Net Indication Callback called
Bus state is: 0
Set Net Indication Callback called
Bus state is: 0
Set Net Indication Callback called
Bus state is: 0
Set Net Indication Callback called
Bus state is: 0
Set Net Indication Callback called
Bus state is: 0
Set Net Indication Callback called
Bus state is: 0
Set Net Indication Callback called
Bus state is: 0
Set Net Indication Callback called
Bus state is: 0
Set Net Indication Callback called
Bus state is: 0
Set Net Indication Callback called
Bus state is: 0
Set Net Indication Callback called
Bus state is: 0
Set Net Indication Callback called
Bus state is: 0
Set Net Indication Callback called
Bus state is: 0
Set Net Indication Callback called
Bus state is: 0
Set Net Indication Callback called
Bus state is: 0
Set Net Indication Callback called
Bus state is: 0
Set Net Indication Callback called
Bus state is: 0
Set Net Indication Callback called
Bus state is: 0
Set Net Indication Callback called
Bus state is: 0
Set Net Indication Callback called
Bus state is: 0
Set Net Indication Callback called
Bus state is: 0
Set Net Indication Callback called
Bus state is: 0
Set Net Indication Callback called
Bus state is: 0
Set Net Indication Callback called
Bus state is: 0
Set Net Indication Callback called
Bus state is: 0
Set Net Indication Callback called
Bus state is: 0
Set Net Indication Callback called
Bus state is: 0
Set Net Indication Callback called
Bus state is: 0
Set Net Indication Callback called
Bus state is: 0
Set Net Indication Callback called
Bus state is: 0
Set Net Indication Callback called
Bus state is: 0
Set Net Indication Callback called
Bus state is: 0
Set Net Indication Callback called
Bus state is: 0
Set Net Indication Callback called
Bus state is: 0
Set Net Indication Callback called
Bus state is: 0
Set Net Indication Callback called
Bus state is: 0
Set Net Indication Callback called
Bus state is: 0
Set Net Indication Callback called
Bus state is: 0
Set Net Indication Callback called
Bus state is: 0
Set Net Indication Callback called
Bus state is: 0
Set Net Indication Callback called
Bus state is: 0
Set Net Indication Callback called
Bus state is: 0
Set Net Indication Callback called
Bus state is: 0
Set Net Indication Callback called
Bus state is: 0
Set Net Indication Callback called
Bus state is: 0
Set Net Indication Callback called
Bus state is: 0
Set Net Indication Callback called
Bus state is: 0
Set Net Indication Callback called
Bus state is: 0
Set Net Indication Callback called
Bus state is: 0
Set Net Indication Callback called
Bus state is: 0
Set Net Indication Callback called
Bus state is: 0
Set Net Indication Callback called
Bus state is: 0
Set Net Indication Callback called
Bus state is: 0
Set Net Indication Callback called
Bus state is: 0
Set Net Indication Callback called
Bus state is: 0
Set Net Indication Callback called
Bus state is: 0
Set Net Indication Callback called
Bus state is: 0
Set Net Indication Callback called
Bus state is: 0
Set Net Indication Callback called
Bus state is: 0
Set Net Indication Callback called
Bus state is: 0
Set Net Indication Callback called
Bus state is: 0
Set Net Indication Callback called
Bus state is: 0
Set Net Indication Callback called
Bus state is: 0
Set Net Indication Callback called
Bus state is: 0
Set Net Indication Callback called
Bus state is: 0
Set Net Indication Callback called
Bus state is: 0
Set Net Indication Callback called
Bus state is: 0
Set Net Indication Callback called
Bus state is: 0
Set Net Indication Callback called
Bus state is: 0
Set Net Indication Callback called
Bus state is: 0
Set Net Indication Callback called
Bus state is: 0
Set Net Indication Callback called
Bus state is: 0
Set Net Indication Callback called
Bus state is: 0
Set Net Indication Callback called
Bus state is: 0
Set Net Indication Callback called
Bus state is: 0
Set Net Indication Callback called
Bus state is: 0
Set Net Indication Callback called
Bus state is: 0
Set Net Indication Callback called
Bus state is: 0
Set Net Indication Callback called
Bus state is: 0
Set Net Indication Callback called
Bus state is: 0
Set Net Indication Callback called
Bus state is: 0
Set Net Indication Callback called
Bus state is: 0
Set Net Indication Callback called
Bus state is: 0
Set Net Indication Callback called
Bus state is: 0
Set Net Indication Callback called
Bus state is: 0
Set Net Indication Callback called
Bus state is: 0
Set Net Indication Callback called
Bus state is: 0
Set Net Indication Callback called
Bus state is: 0
Set Net Indication Callback called
Bus state is: 0
Set Net Indication Callback called
Bus state is: 0
Set Net Indication Callback called
Bus state is: 0
Set Net Indication Callback called
Bus state is: 0
Set Net Indication Callback called
Bus state is: 0
Set Net Indication Callback called
Bus state is: 0
Set Net Indication Callback called
Bus state is: 0
Set Net Indication Callback called
Bus state is: 0
Set Net Indication Callback called
Bus state is: 0
Set Net Indication Callback called
Bus state is: 0
Set Net Indication Callback called
Bus state is: 0
Set Net Indication Callback called
Bus state is: 0
Set Net Indication Callback called
Bus state is: 0
Set Net Indication Callback called
Bus state is: 0
Set Net Indication Callback called
Bus state is: 0
Set Net Indication Callback called
Bus state is: 0
Set Net Indication Callback called
Bus state is: 0
Set Net Indication Callback called
Bus state is: 0
Set Net Indication Callback called
Bus state is: 0
Set Net Indication Callback called
Bus state is: 0
Set Net Indication Callback called
Bus state is: 0
Set Net Indication Callback called
Bus state is: 0
Set Net Indication Callback called
Bus state is: 0
Set Net Indication Callback called
Bus state is: 0
Set Net Indication Callback called
Bus state is: 0
Set Net Indication Callback called
Bus state is: 0
Set Net Indication Callback called
Bus state is: 0
Set Net Indication Callback called
Bus state is: 0
Set Net Indication Callback called
Bus state is: 0
Set Net Indication Callback called
Bus state is: 0
Set Net Indication Callback called
Bus state is: 0
Set Net Indication Callback called
Bus state is: 0
Set Net Indication Callback called
Bus state is: 0
Set Net Indication Callback called
Bus state is: 0
Set Net Indication Callback called
Bus state is: 0
Set Net Indication Callback called
Bus state is: 0
Set Net Indication Callback called
Bus state is: 0
Set Net Indication Callback called
Bus state is: 0
Set Net Indication Callback called
Bus state is: 0
Set Net Indication Callback called
Bus state is: 0
Set Net Indication Callback called
Bus state is: 0
Set Net Indication Callback called
Bus state is: 0
Set Net Indication Callback called
Bus state is: 0
Set Net Indication Callback called
Bus state is: 0
Set Net Indication Callback called
Bus state is: 0
Set Net Indication Callback called
Bus state is: 0
Set Net Indication Callback called
Bus state is: 0
Set Net Indication Callback called
Bus state is: 0
Set Net Indication Callback called
Bus state is: 0
Set Net Indication Callback called
Bus state is: 0
Set Net Indication Callback called
Bus state is: 0
Set Net Indication Callback called
Bus state is: 0
Set Net Indication Callback called
Bus state is: 0
Set Net Indication Callback called
Bus state is: 0
Set Net Indication Callback called
Bus state is: 0
Set Net Indication Callback called
Bus state is: 0
Set Net Indication Callback called
Bus state is: 0
Set Net Indication Callback called
Bus state is: 0
Set Net Indication Callback called
Bus state is: 0
Set Net Indication Callback called
Bus state is: 0
Set Net Indication Callback called
Bus state is: 0
Set Net Indication Callback called
Bus state is: 0
Set Net Indication Callback called
Bus state is: 0
Set Net Indication Callback called
Bus state is: 0
Set Net Indication Callback called
Bus state is: 0
Set Net Indication Callback called
Bus state is: 0
Set Net Indication Callback called
Bus state is: 0
Set Net Indication Callback called
Bus state is: 0
Set Net Indication Callback called
Bus state is: 0
Set Net Indication Callback called
Bus state is: 0
Set Net Indication Callback called
Bus state is: 0
Set Net Indication Callback called
Bus state is: 0
Set Net Indication Callback called
Bus state is: 0
Set Net Indication Callback called
Bus state is: 0
Set Net Indication Callback called
Bus state is: 0
Set Net Indication Callback called
Bus state is: 0
Set Net Indication Callback called
Bus state is: 0
Set Net Indication Callback called
Bus state is: 0
Set Net Indication Callback called
Bus state is: 0
Set Net Indication Callback called
Bus state is: 0
Set Net Indication Callback called
Bus state is: 0
Set Net Indication Callback called
Bus state is: 0
Set Net Indication Callback called
Bus state is: 0
Set Net Indication Callback called
Bus state is: 0
Set Net Indication Callback called
Bus state is: 0
Set Net Indication Callback called
Bus state is: 0
Set Net Indication Callback called
Bus state is: 0
Set Net Indication Callback called
Bus state is: 0
Set Net Indication Callback called
Bus state is: 0
Set Net Indication Callback called
Bus state is: 0
Set Net Indication Callback called
Bus state is: 0
Set Net Indication Callback called
Bus state is: 0
Set Net Indication Callback called
Bus state is: 0
Set Net Indication Callback called
Bus state is: 0
Set Net Indication Callback called
Bus state is: 0
Set Net Indication Callback called
Bus state is: 0
Set Net Indication Callback called
Bus state is: 0
Set Net Indication Callback called
Bus state is: 0
Set Net Indication Callback called
Bus state is: 0
Set Net Indication Callback called
Bus state is: 0
Set Net Indication Callback called
Bus state is: 0
Set Net Indication Callback called
Bus state is: 0
Set Net Indication Callback called
Bus state is: 0
Set Net Indication Callback called
Bus state is: 0
Set Net Indication Callback called
Bus state is: 0
Set Net Indication Callback called
Bus state is: 0
Set Net Indication Callback called
Bus state is: 0
Set Net Indication Callback called
Bus state is: 0
Set Net Indication Callback called
Bus state is: 0
Set Net Indication Callback called
Bus state is: 0
Set Net Indication Callback called
Bus state is: 0
Set Net Indication Callback called
Bus state is: 0
Set Net Indication Callback called
Bus state is: 0
Set Net Indication Callback called
Bus state is: 0
Set Net Indication Callback called
Bus state is: 0
Set Net Indication Callback called
Bus state is: 0
Set Net Indication Callback called
Bus state is: 0
Set Net Indication Callback called
Bus state is: 0
Set Net Indication Callback called
Bus state is: 0
Set Net Indication Callback called
Bus state is: 0
Set Net Indication Callback called
Bus state is: 0
Set Net Indication Callback called
Bus state is: 0
Set Net Indication Callback called
Bus state is: 0
Set Net Indication Callback called
Bus state is: 0
Set Net Indication Callback called
Bus state is: 0
Set Net Indication Callback called
Bus state is: 0
Set Net Indication Callback called
Bus state is: 0
Set Net Indication Callback called
Bus state is: 0
Set Net Indication Callback called
Bus state is: 0
Set Net Indication Callback called
Bus state is: 0
Set Net Indication Callback called
Bus state is: 0
Set Net Indication Callback called
Bus state is: 0
Set Net Indication Callback called
Bus state is: 0
Set Net Indication Callback called
Bus state is: 0
Set Net Indication Callback called
Bus state is: 0
Set Net Indication Callback called
Bus state is: 0
Set Net Indication Callback called
Bus state is: 0
Set Net Indication Callback called
Bus state is: 0
Set Net Indication Callback called
Bus state is: 0
Set Net Indication Callback called
Bus state is: 0
Set Net Indication Callback called
Bus state is: 0
Set Net Indication Callback called
Bus state is: 0
Set Net Indication Callback called
Bus state is: 0
Set Net Indication Callback called
Bus state is: 0
Set Net Indication Callback called
Bus state is: 0
Set Net Indication Callback called
Bus state is: 0
Set Net Indication Callback called
Bus state is: 0
Set Net Indication Callback called
Bus state is: 0
Set Net Indication Callback called
Bus state is: 0
Set Net Indication Callback called
Bus state is: 0
Set Net Indication Callback called
Bus state is: 0
Set Net Indication Callback called
Bus state is: 0
Set Net Indication Callback called
Bus state is: 0
Set Net Indication Callback called
Bus state is: 0
Set Net Indication Callback called
Bus state is: 0
Set Net Indication Callback called
Bus state is: 0
Set Net Indication Callback called
Bus state is: 0
Set Net Indication Callback called
Bus state is: 0
Set Net Indication Callback called
Bus state is: 0
Set Net Indication Callback called
Bus state is: 0
Set Net Indication Callback called
Bus state is: 0
Set Net Indication Callback called
Bus state is: 0
Set Net Indication Callback called
Bus state is: 0
Set Net Indication Callback called
Bus state is: 0
Set Net Indication Callback called
Bus state is: 0
Set Net Indication Callback called
Bus state is: 0
Set Net Indication Callback called
Bus state is: 0
Set Net Indication Callback called
Bus state is: 0
Set Net Indication Callback called
Bus state is: 0
Set Net Indication Callback called
Bus state is: 0
Set Net Indication Callback called
Bus state is: 0
Set Net Indication Callback called
Bus state is: 0
Set Net Indication Callback called
Bus state is: 0
Set Net Indication Callback called
Bus state is: 0
Set Net Indication Callback called
Bus state is: 0
Set Net Indication Callback called
Bus state is: 0
Set Net Indication Callback called
Bus state is: 0
Set Net Indication Callback called
Bus state is: 0
Set Net Indication Callback called
Bus state is: 0
Set Net Indication Callback called
Bus state is: 0
Set Net Indication Callback called
Bus state is: 0
Set Net Indication Callback called
Bus state is: 0
Set Net Indication Callback called
Bus state is: 0
Set Net Indication Callback called
Bus state is: 0
Set Net Indication Callback called
Bus state is: 0
Set Net Indication Callback called
Bus state is: 0
Set Net Indication Callback called
Bus state is: 0
Set Net Indication Callback called
Bus state is: 0
Set Net Indication Callback called
Bus state is: 0
Set Net Indication Callback called
Bus state is: 0
Set Net Indication Callback called
Bus state is: 0
Set Net Indication Callback called
Bus state is: 0
Set Net Indication Callback called
Bus state is: 0
Set Net Indication Callback called
Bus state is: 0
Set Net Indication Callback called
Bus state is: 0
Set Net Indication Callback called
Bus state is: 0
Set Net Indication Callback called
Bus state is: 0
Set Net Indication Callback called
Bus state is: 0
Set Net Indication Callback called
Bus state is: 0
Set Net Indication Callback called
Bus state is: 0
Set Net Indication Callback called
Bus state is: 0
Set Net Indication Callback called
Bus state is: 0
Set Net Indication Callback called
Bus state is: 0
Set Net Indication Callback called
Bus state is: 0
Set Net Indication Callback called
Bus state is: 0
Set Net Indication Callback called
Bus state is: 0
Set Net Indication Callback called
Bus state is: 0
Set Net Indication Callback called
Bus state is: 0
Set Net Indication Callback called
Bus state is: 0
Set Net Indication Callback called
Bus state is: 0
Set Net Indication Callback called
Bus state is: 0
Set Net Indication Callback called
Bus state is: 0
Set Net Indication Callback called
Bus state is: 0
Set Net Indication Callback called
Bus state is: 0
Set Net Indication Callback called
Bus state is: 0
Set Net Indication Callback called
Bus state is: 0
Set Net Indication Callback called
Bus state is: 0
Set Net Indication Callback called
Bus state is: 0
Set Net Indication Callback called
Bus state is: 0
Set Net Indication Callback called
Bus state is: 0
Set Net Indication Callback called
Bus state is: 0
Set Net Indication Callback called
Bus state is: 0
Set Net Indication Callback called
Bus state is: 0
Set Net Indication Callback called
Bus state is: 0
Set Net Indication Callback called
Bus state is: 0
Set Net Indication Callback called
Bus state is: 0
Set Net Indication Callback called
Bus state is: 0
Set Net Indication Callback called
Bus state is: 0
Set Net Indication Callback called
Bus state is: 0
Set Net Indication Callback called
Bus state is: 0
Set Net Indication Callback called
Bus state is: 0
Set Net Indication Callback called
Bus state is: 0
Set Net Indication Callback called
Bus state is: 0
Set Net Indication Callback called
Bus state is: 0
Set Net Indication Callback called
Bus state is: 0
Set Net Indication Callback called
Bus state is: 0
Set Net Indication Callback called
Bus state is: 0
Set Net Indication Callback called
Bus state is: 0
Set Net Indication Callback called
Bus state is: 0
Set Net Indication Callback called
Bus state is: 0
Set Net Indication Callback called
Bus state is: 0
Set Net Indication Callback called
Bus state is: 0
Set Net Indication Callback called
Bus state is: 0
Set Net Indication Callback called
Bus state is: 0
Set Net Indication Callback called
Bus state is: 0
Set Net Indication Callback called
Bus state is: 0
Set Net Indication Callback called
Bus state is: 0
Set Net Indication Callback called
Bus state is: 0
Set Net Indication Callback called
Bus state is: 0
Set Net Indication Callback called
Bus state is: 0
Set Net Indication Callback called
Bus state is: 0
Set Net Indication Callback called
Bus state is: 0
Set Net Indication Callback called
Bus state is: 0
Set Net Indication Callback called
Bus state is: 0
Set Net Indication Callback called
Bus state is: 0
Set Net Indication Callback called
Bus state is: 0
Set Net Indication Callback called
Bus state is: 0
Set Net Indication Callback called
Bus state is: 0
Set Net Indication Callback called
Bus state is: 0
Set Net Indication Callback called
Bus state is: 0
Set Net Indication Callback called
Bus state is: 0
Set Net Indication Callback called
Bus state is: 0
Set Net Indication Callback called
Bus state is: 0
Set Net Indication Callback called
Bus state is: 0
Set Net Indication Callback called
Bus state is: 0
Set Net Indication Callback called
Bus state is: 0
Set Net Indication Callback called
Bus state is: 0
Set Net Indication Callback called
Bus state is: 0
Set Net Indication Callback called
Bus state is: 0
Set Net Indication Callback called
Bus state is: 0
Set Net Indication Callback called
Bus state is: 0
Set Net Indication Callback called
Bus state is: 0
Set Net Indication Callback called
Bus state is: 0
Set Net Indication Callback called
Bus state is: 0
Set Net Indication Callback called
Bus state is: 0
Set Net Indication Callback called
Bus state is: 0
Set Net Indication Callback called
Bus state is: 0
Set Net Indication Callback called
Bus state is: 0
Set Net Indication Callback called
Bus state is: 0
Set Net Indication Callback called
Bus state is: 0
Set Net Indication Callback called
Bus state is: 0
Set Net Indication Callback called
Bus state is: 0
Set Net Indication Callback called
Bus state is: 0
Set Net Indication Callback called
Bus state is: 0
Set Net Indication Callback called
Bus state is: 0
Set Net Indication Callback called
Bus state is: 0
Set Net Indication Callback called
Bus state is: 0
Set Net Indication Callback called
Bus state is: 0
Set Net Indication Callback called
Bus state is: 0
Set Net Indication Callback called
Bus state is: 0
Set Net Indication Callback called
Bus state is: 0
Set Net Indication Callback called
Bus state is: 0
Set Net Indication Callback called
Bus state is: 0
Set Net Indication Callback called
Bus state is: 0
Set Net Indication Callback called
Bus state is: 0
Set Net Indication Callback called
Bus state is: 0
Set Net Indication Callback called
Bus state is: 0
Set Net Indication Callback called
Bus state is: 0
Set Net Indication Callback called
Bus state is: 0
Set Net Indication Callback called
Bus state is: 0
Set Net Indication Callback called
Bus state is: 0
Set Net Indication Callback called
Bus state is: 0
Set Net Indication Callback called
Bus state is: 0
Set Net Indication Callback called
Bus state is: 0
Set Net Indication Callback called
Bus state is: 0
Set Net Indication Callback called
Bus state is: 0
Set Net Indication Callback called
Bus state is: 0
Set Net Indication Callback called
Bus state is: 0
Set Net Indication Callback called
Bus state is: 0
Set Net Indication Callback called
Bus state is: 0
Set Net Indication Callback called
Bus state is: 0
Set Net Indication Callback called
Bus state is: 0
Set Net Indication Callback called
Bus state is: 0
Set Net Indication Callback called
Bus state is: 0
Set Net Indication Callback called
Bus state is: 0
Set Net Indication Callback called
Bus state is: 0
Set Net Indication Callback called
Bus state is: 0
Set Net Indication Callback called
Bus state is: 0
Set Net Indication Callback called
Bus state is: 0
Set Net Indication Callback called
Bus state is: 0
Set Net Indication Callback called
Bus state is: 0
Set Net Indication Callback called
Bus state is: 0
Set Net Indication Callback called
Bus state is: 0
Set Net Indication Callback called
Bus state is: 0
Set Net Indication Callback called
Bus state is: 0
Set Net Indication Callback called
Bus state is: 0
Set Net Indication Callback called
Bus state is: 0
Set Net Indication Callback called
Bus state is: 0
Set Net Indication Callback called
Bus state is: 0
Set Net Indication Callback called
Bus state is: 0
Set Net Indication Callback called
Bus state is: 0
Set Net Indication Callback called
Bus state is: 0
Set Net Indication Callback called
Bus state is: 0
Set Net Indication Callback called
Bus state is: 0
Set Net Indication Callback called
Bus state is: 0
Set Net Indication Callback called
Bus state is: 0
Set Net Indication Callback called
Bus state is: 0
Set Net Indication Callback called
Bus state is: 0
Set Net Indication Callback called
Bus state is: 0
Set Net Indication Callback called
Bus state is: 0
Set Net Indication Callback called
Bus state is: 0
Set Net Indication Callback called
Bus state is: 0
Set Net Indication Callback called
Bus state is: 0
Set Net Indication Callback called
Bus state is: 0
Set Net Indication Callback called
Bus state is: 0
Set Net Indication Callback called
Bus state is: 0
Set Net Indication Callback called
Bus state is: 0
Set Net Indication Callback called
Bus state is: 0
Set Net Indication Callback called
Bus state is: 0
Set Net Indication Callback called
Bus state is: 0
Set Net Indication Callback called
Bus state is: 0
Set Net Indication Callback called
Bus state is: 0
Set Net Indication Callback called
Bus state is: 0
Set Net Indication Callback called
Bus state is: 0
Set Net Indication Callback called
Bus state is: 0
Set Net Indication Callback called
Bus state is: 0
Set Net Indication Callback called
Bus state is: 0
Set Net Indication Callback called
Bus state is: 0
Set Net Indication Callback called
Bus state is: 0
Set Net Indication Callback called
Bus state is: 0
Set Net Indication Callback called
Bus state is: 0
Set Net Indication Callback called
Bus state is: 0
Set Net Indication Callback called
Bus state is: 0
Set Net Indication Callback called
Bus state is: 0
Set Net Indication Callback called
Bus state is: 0
Set Net Indication Callback called
Bus state is: 0
Set Net Indication Callback called
Bus state is: 0
Set Net Indication Callback called
Bus state is: 0
Set Net Indication Callback called
Bus state is: 0
Set Net Indication Callback called
Bus state is: 0
Set Net Indication Callback called
Bus state is: 0
Set Net Indication Callback called
Bus state is: 0
Set Net Indication Callback called
Bus state is: 0
Set Net Indication Callback called
Bus state is: 0
Set Net Indication Callback called
Bus state is: 0
Set Net Indication Callback called
Bus state is: 0
Set Net Indication Callback called
Bus state is: 0
Set Net Indication Callback called
Bus state is: 0
Set Net Indication Callback called
Bus state is: 0
Set Net Indication Callback called
Bus state is: 0
Set Net Indication Callback called
Bus state is: 0
Set Net Indication Callback called
Bus state is: 0
Set Net Indication Callback called
Bus state is: 0
Set Net Indication Callback called
Bus state is: 0
Set Net Indication Callback called
Bus state is: 0
Set Net Indication Callback called
Bus state is: 0
Set Net Indication Callback called
Bus state is: 0
Set Net Indication Callback called
Bus state is: 0
Set Net Indication Callback called
Bus state is: 0
Set Net Indication Callback called
Bus state is: 0
Set Net Indication Callback called
Bus state is: 0
Set Net Indication Callback called
Bus state is: 0
Set Net Indication Callback called
Bus state is: 0
Set Net Indication Callback called
Bus state is: 0
Set Net Indication Callback called
Bus state is: 0
Set Net Indication Callback called
Bus state is: 0
Set Net Indication Callback called
Bus state is: 0
Set Net Indication Callback called
Bus state is: 0
Set Net Indication Callback called
Bus state is: 0
Set Net Indication Callback called
Bus state is: 0
Set Net Indication Callback called
Bus state is: 0
Set Net Indication Callback called
Bus state is: 0
Set Net Indication Callback called
Bus state is: 0
Set Net Indication Callback called
Bus state is: 0
Set Net Indication Callback called
Bus state is: 0
Set Net Indication Callback called
Bus state is: 0
Set Net Indication Callback called
Bus state is: 0
Set Net Indication Callback called
Bus state is: 0
Set Net Indication Callback called
Bus state is: 0
Set Net Indication Callback called
Bus state is: 0
Set Net Indication Callback called
Bus state is: 0
Set Net Indication Callback called
Bus state is: 0
Set Net Indication Callback called
Bus state is: 0
Set Net Indication Callback called
Bus state is: 0
Set Net Indication Callback called
Bus state is: 0
Set Net Indication Callback called
Bus state is: 0
Set Net Indication Callback called
Bus state is: 0
Set Net Indication Callback called
Bus state is: 0
Set Net Indication Callback called
Bus state is: 0
Set Net Indication Callback called
Bus state is: 0
Set Net Indication Callback called
Bus state is: 0
Set Net Indication Callback called
Bus state is: 0
Set Net Indication Callback called
Bus state is: 0
Set Net Indication Callback called
Bus state is: 0
Set Net Indication Callback called
Bus state is: 0
Set Net Indication Callback called
Bus state is: 0
Set Net Indication Callback called
Bus state is: 0
Set Net Indication Callback called
Bus state is: 0
Set Net Indication Callback called
Bus state is: 0
Set Net Indication Callback called
Bus state is: 0
Set Net Indication Callback called
Bus state is: 0
Set Net Indication Callback called
Bus state is: 0
Set Net Indication Callback called
Bus state is: 0
Set Net Indication Callback called
Bus state is: 0
Set Net Indication Callback called
Bus state is: 0
Set Net Indication Callback called
Bus state is: 0
Set Net Indication Callback called
Bus state is: 0
Set Net Indication Callback called
Bus state is: 0
Set Net Indication Callback called
Bus state is: 0
Set Net Indication Callback called
Bus state is: 0
Set Net Indication Callback called
Bus state is: 0
Set Net Indication Callback called
Bus state is: 0
Set Net Indication Callback called
Bus state is: 0
Set Net Indication Callback called
Bus state is: 0
Set Net Indication Callback called
Bus state is: 0
Set Net Indication Callback called
Bus state is: 0
Set Net Indication Callback called
Bus state is: 0
Set Net Indication Callback called
Bus state is: 0
Set Net Indication Callback called
Bus state is: 0
Set Net Indication Callback called
Bus state is: 0
Set Net Indication Callback called
Bus state is: 0
Set Net Indication Callback called
Bus state is: 0
Set Net Indication Callback called
Bus state is: 0
Set Net Indication Callback called
Bus state is: 0
Set Net Indication Callback called
Bus state is: 0
Set Net Indication Callback called
Bus state is: 0
Set Net Indication Callback called
Bus state is: 0
Set Net Indication Callback called
Bus state is: 0
Set Net Indication Callback called
Bus state is: 0
Set Net Indication Callback called
Bus state is: 0
Set Net Indication Callback called
Bus state is: 0
Set Net Indication Callback called
Bus state is: 0
Set Net Indication Callback called
Bus state is: 0
Set Net Indication Callback called
Bus state is: 0
Set Net Indication Callback called
Bus state is: 0
Set Net Indication Callback called
Bus state is: 0
Set Net Indication Callback called
Bus state is: 0
Set Net Indication Callback called
Bus state is: 0
Set Net Indication Callback called
Bus state is: 0
Set Net Indication Callback called
Bus state is: 0
Set Net Indication Callback called
Bus state is: 0
Set Net Indication Callback called
Bus state is: 0
Set Net Indication Callback called
Bus state is: 0
Set Net Indication Callback called
Bus state is: 0
Set Net Indication Callback called
Bus state is: 0
Set Net Indication Callback called
Bus state is: 0
Set Net Indication Callback called
Bus state is: 0
Set Net Indication Callback called
Bus state is: 0
Set Net Indication Callback called
Bus state is: 0
Set Net Indication Callback called
Bus state is: 0
Set Net Indication Callback called
Bus state is: 0
Set Net Indication Callback called
Bus state is: 0
Set Net Indication Callback called
Bus state is: 0
Set Net Indication Callback called
Bus state is: 0
Set Net Indication Callback called
Bus state is: 0
Set Net Indication Callback called
Bus state is: 0
Set Net Indication Callback called
Bus state is: 0
Set Net Indication Callback called
Bus state is: 0
Set Net Indication Callback called
Bus state is: 0
Set Net Indication Callback called
Bus state is: 0
Set Net Indication Callback called
Bus state is: 0
Set Net Indication Callback called
Bus state is: 0
Set Net Indication Callback called
Bus state is: 0
Set Net Indication Callback called
Bus state is: 0
Set Net Indication Callback called
Bus state is: 0
Set Net Indication Callback called
Bus state is: 0
Set Net Indication Callback called
Bus state is: 0
Set Net Indication Callback called
Bus state is: 0
Set Net Indication Callback called
Bus state is: 0
Set Net Indication Callback called
Bus state is: 0
Set Net Indication Callback called
Bus state is: 0
Set Net Indication Callback called
Bus state is: 0
Set Net Indication Callback called
Bus state is: 0
Set Net Indication Callback called
Bus state is: 0
Set Net Indication Callback called
Bus state is: 0
Set Net Indication Callback called
Bus state is: 0
Set Net Indication Callback called
Bus state is: 0
Set Net Indication Callback called
Bus state is: 0
Set Net Indication Callback called
Bus state is: 0
Set Net Indication Callback called
Bus state is: 0
Set Net Indication Callback called
Bus state is: 0
Set Net Indication Callback called
Bus state is: 0
Set Net Indication Callback called
Bus state is: 0
Set Net Indication Callback called
Bus state is: 0
Set Net Indication Callback called
Bus state is: 0
Set Net Indication Callback called
Bus state is: 0
Set Net Indication Callback called
Bus state is: 0
Set Net Indication Callback called
Bus state is: 0
Set Net Indication Callback called
Bus state is: 0
Set Net Indication Callback called
Bus state is: 0
Set Net Indication Callback called
Bus state is: 0
Set Net Indication Callback called
Bus state is: 0
Set Net Indication Callback called
Bus state is: 0
Set Net Indication Callback called
Bus state is: 0
Set Net Indication Callback called
Bus state is: 0
Set Net Indication Callback called
Bus state is: 0
Set Net Indication Callback called
Bus state is: 0
Set Net Indication Callback called
Bus state is: 0
Set Net Indication Callback called
Bus state is: 0
Set Net Indication Callback called
Bus state is: 0
Set Net Indication Callback called
Bus state is: 0
Set Net Indication Callback called
Bus state is: 0
Set Net Indication Callback called
Bus state is: 0
Set Net Indication Callback called
Bus state is: 0
Set Net Indication Callback called
Bus state is: 0
Set Net Indication Callback called
Bus state is: 0
Set Net Indication Callback called
Bus state is: 0
Set Net Indication Callback called
Bus state is: 0
Set Net Indication Callback called
Bus state is: 0
Set Net Indication Callback called
Bus state is: 0
Set Net Indication Callback called
Bus state is: 0
Set Net Indication Callback called
Bus state is: 0
Set Net Indication Callback called
Bus state is: 0
Set Net Indication Callback called
Bus state is: 0
Set Net Indication Callback called
Bus state is: 0
Set Net Indication Callback called
Bus state is: 0
Set Net Indication Callback called
Bus state is: 0
Set Net Indication Callback called
Bus state is: 0
Set Net Indication Callback called
Bus state is: 0
Set Net Indication Callback called
Bus state is: 0
Set Net Indication Callback called
Bus state is: 0
Set Net Indication Callback called
Bus state is: 0
Set Net Indication Callback called
Bus state is: 0
Set Net Indication Callback called
Bus state is: 0
Set Net Indication Callback called
Bus state is: 0
Set Net Indication Callback called
Bus state is: 0
Set Net Indication Callback called
Bus state is: 0
Set Net Indication Callback called
Bus state is: 0
Set Net Indication Callback called
Bus state is: 0
Set Net Indication Callback called
Bus state is: 0
Set Net Indication Callback called
Bus state is: 0
Set Net Indication Callback called
Bus state is: 0
Set Net Indication Callback called
Bus state is: 0
Set Net Indication Callback called
Bus state is: 0
Set Net Indication Callback called
Bus state is: 0
Set Net Indication Callback called
Bus state is: 0
Set Net Indication Callback called
Bus state is: 0
Set Net Indication Callback called
Bus state is: 0
Set Net Indication Callback called
Bus state is: 0
Set Net Indication Callback called
Bus state is: 0
Set Net Indication Callback called
Bus state is: 0
Set Net Indication Callback called
Bus state is: 0
Set Net Indication Callback called
Bus state is: 0
Set Net Indication Callback called
Bus state is: 0
Set Net Indication Callback called
Bus state is: 0
Set Net Indication Callback called
Bus state is: 0
Set Net Indication Callback called
Bus state is: 0
Set Net Indication Callback called
Bus state is: 0
Set Net Indication Callback called
Bus state is: 0
Set Net Indication Callback called
Bus state is: 0
Set Net Indication Callback called
Bus state is: 0
Set Net Indication Callback called
Bus state is: 0
Set Net Indication Callback called
Bus state is: 0
Set Net Indication Callback called
Bus state is: 0
Set Net Indication Callback called
Bus state is: 0
Set Net Indication Callback called
Bus state is: 0
Set Net Indication Callback called
Bus state is: 0
Set Net Indication Callback called
Bus state is: 0
Set Net Indication Callback called
Bus state is: 0
Set Net Indication Callback called
Bus state is: 0
Set Net Indication Callback called
Bus state is: 0
Set Net Indication Callback called
Bus state is: 0
Set Net Indication Callback called
Bus state is: 0
Set Net Indication Callback called
Bus state is: 0
Set Net Indication Callback called
Bus state is: 0
Set Net Indication Callback called
Bus state is: 0
Set Net Indication Callback called
Bus state is: 0
Set Net Indication Callback called
Bus state is: 0
Set Net Indication Callback called
Bus state is: 0
Set Net Indication Callback called
Bus state is: 0
Set Net Indication Callback called
Bus state is: 0
Set Net Indication Callback called
Bus state is: 0
Set Net Indication Callback called
Bus state is: 0
Set Net Indication Callback called
Bus state is: 0
Set Net Indication Callback called
Bus state is: 0
Set Net Indication Callback called
Bus state is: 0
Set Net Indication Callback called
Bus state is: 0
Set Net Indication Callback called
Bus state is: 0
Set Net Indication Callback called
Bus state is: 0
Set Net Indication Callback called
Bus state is: 0
Set Net Indication Callback called
Bus state is: 0
Set Net Indication Callback called
Bus state is: 0
Set Net Indication Callback called
Bus state is: 0
Set Net Indication Callback called
Bus state is: 0
Set Net Indication Callback called
Bus state is: 0
Set Net Indication Callback called
Bus state is: 0
Set Net Indication Callback called
Bus state is: 0
Set Net Indication Callback called
Bus state is: 0
Set Net Indication Callback called
Bus state is: 0
Set Net Indication Callback called
Bus state is: 0
Set Net Indication Callback called
Bus state is: 0
Set Net Indication Callback called
Bus state is: 0
Set Net Indication Callback called
Bus state is: 0
Set Net Indication Callback called
Bus state is: 0
Set Net Indication Callback called
Bus state is: 0
Set Net Indication Callback called
Bus state is: 0
Set Net Indication Callback called
Bus state is: 0
Set Net Indication Callback called
Bus state is: 0
Set Net Indication Callback called
Bus state is: 0
Set Net Indication Callback called
Bus state is: 0
Set Net Indication Callback called
Bus state is: 0
Set Net Indication Callback called
Bus state is: 0
Set Net Indication Callback called
Bus state is: 0
Set Net Indication Callback called
Bus state is: 0
Set Net Indication Callback called
Bus state is: 0
Set Net Indication Callback called
Bus state is: 0
Set Net Indication Callback called
Bus state is: 0
Set Net Indication Callback called
Bus state is: 0
Set Net Indication Callback called
Bus state is: 0
Set Net Indication Callback called
Bus state is: 0
Set Net Indication Callback called
Bus state is: 0
Set Net Indication Callback called
Bus state is: 0
Set Net Indication Callback called
Bus state is: 0
Set Net Indication Callback called
Bus state is: 0
Set Net Indication Callback called
Bus state is: 0
Set Net Indication Callback called
Bus state is: 0
Set Net Indication Callback called
Bus state is: 0
Set Net Indication Callback called
Bus state is: 0
Set Net Indication Callback called
Bus state is: 0
Set Net Indication Callback called
Bus state is: 0
Set Net Indication Callback called
Bus state is: 0
Set Net Indication Callback called
Bus state is: 0
Set Net Indication Callback called
Bus state is: 0
Set Net Indication Callback called
Bus state is: 0
Set Net Indication Callback called
Bus state is: 0
Set Net Indication Callback called
Bus state is: 0
Set Net Indication Callback called
Bus state is: 0
Set Net Indication Callback called
Bus state is: 0
Set Net Indication Callback called
Bus state is: 0
Set Net Indication Callback called
Bus state is: 0
Set Net Indication Callback called
Bus state is: 0
Set Net Indication Callback called
Bus state is: 0
Set Net Indication Callback called
Bus state is: 0
Set Net Indication Callback called
Bus state is: 0
Set Net Indication Callback called
Bus state is: 0
Set Net Indication Callback called
Bus state is: 0
Set Net Indication Callback called
Bus state is: 0
Set Net Indication Callback called
Bus state is: 0
Set Net Indication Callback called
Bus state is: 0
Set Net Indication Callback called
Bus state is: 0
Set Net Indication Callback called
Bus state is: 0
Set Net Indication Callback called
Bus state is: 0
Set Net Indication Callback called
Bus state is: 0
Set Net Indication Callback called
Bus state is: 0
Set Net Indication Callback called
Bus state is: 0
Set Net Indication Callback called
Bus state is: 0
Set Net Indication Callback called
Bus state is: 0
Set Net Indication Callback called
Bus state is: 0
Set Net Indication Callback called
Bus state is: 0
Set Net Indication Callback called
Bus state is: 0
Set Net Indication Callback called
Bus state is: 0
Set Net Indication Callback called
Bus state is: 0
Set Net Indication Callback called
Bus state is: 0
Set Net Indication Callback called
Bus state is: 0
Set Net Indication Callback called
Bus state is: 0
Set Net Indication Callback called
Bus state is: 0
Set Net Indication Callback called
Bus state is: 0
Set Net Indication Callback called
Bus state is: 0
Set Net Indication Callback called
Bus state is: 0
Set Net Indication Callback called
Bus state is: 0
Set Net Indication Callback called
Bus state is: 0
Set Net Indication Callback called
Bus state is: 0
Set Net Indication Callback called
Bus state is: 0
Set Net Indication Callback called
Bus state is: 0
Set Net Indication Callback called
Bus state is: 0
Set Net Indication Callback called
Bus state is: 0
Set Net Indication Callback called
Bus state is: 0
Set Net Indication Callback called
Bus state is: 0
Set Net Indication Callback called
Bus state is: 0
Set Net Indication Callback called
Bus state is: 0
Set Net Indication Callback called
Bus state is: 0
Set Net Indication Callback called
Bus state is: 0
Set Net Indication Callback called
Bus state is: 0
Set Net Indication Callback called
Bus state is: 0
Set Net Indication Callback called
Bus state is: 0
Set Net Indication Callback called
Bus state is: 0
Set Net Indication Callback called
Bus state is: 0
Set Net Indication Callback called
Bus state is: 0
Set Net Indication Callback called
Bus state is: 0
Set Net Indication Callback called
Bus state is: 0
Set Net Indication Callback called
Bus state is: 0
Set Net Indication Callback called
Bus state is: 0
Set Net Indication Callback called
Bus state is: 0
Set Net Indication Callback called
Bus state is: 0
Set Net Indication Callback called
Bus state is: 0
Set Net Indication Callback called
Bus state is: 0
Set Net Indication Callback called
Bus state is: 0
Set Net Indication Callback called
Bus state is: 0
Set Net Indication Callback called
Bus state is: 0
Set Net Indication Callback called
Bus state is: 0
Set Net Indication Callback called
Bus state is: 0
Set Net Indication Callback called
Bus state is: 0
Set Net Indication Callback called
Bus state is: 0
Set Net Indication Callback called
Bus state is: 0
Set Net Indication Callback called
Bus state is: 0
Set Net Indication Callback called
Bus state is: 0
Set Net Indication Callback called
Bus state is: 0
Set Net Indication Callback called
Bus state is: 0
Set Net Indication Callback called
Bus state is: 0
Set Net Indication Callback called
Bus state is: 0
Set Net Indication Callback called
Bus state is: 0
Set Net Indication Callback called
Bus state is: 0
Set Net Indication Callback called
Bus state is: 0
Set Net Indication Callback called
Bus state is: 0
Set Net Indication Callback called
Bus state is: 0
Set Net Indication Callback called
Bus state is: 0
Set Net Indication Callback called
Bus state is: 0
Set Net Indication Callback called
Bus state is: 0
Set Net Indication Callback called
Bus state is: 0
Set Net Indication Callback called
Bus state is: 0
Set Net Indication Callback called
Bus state is: 0
Set Net Indication Callback called
Bus state is: 0
Set Net Indication Callback called
Bus state is: 0
Set Net Indication Callback called
Bus state is: 0
Set Net Indication Callback called
Bus state is: 0
Set Net Indication Callback called
Bus state is: 0
Set Net Indication Callback called
Bus state is: 0
Set Net Indication Callback called
Bus state is: 0
Set Net Indication Callback called
Bus state is: 0
Set Net Indication Callback called
Bus state is: 0
Set Net Indication Callback called
Bus state is: 0
Set Net Indication Callback called
Bus state is: 0
Set Net Indication Callback called
Bus state is: 0
Set Net Indication Callback called
Bus state is: 0
Set Net Indication Callback called
Bus state is: 0
Set Net Indication Callback called
Bus state is: 0
Set Net Indication Callback called
Bus state is: 0
Set Net Indication Callback called
Bus state is: 0
Set Net Indication Callback called
Bus state is: 0
Set Net Indication Callback called
Bus state is: 0
Set Net Indication Callback called
Bus state is: 0
Set Net Indication Callback called
Bus state is: 0
Set Net Indication Callback called
Bus state is: 0
Set Net Indication Callback called
Bus state is: 0
Set Net Indication Callback called
Bus state is: 0
Set Net Indication Callback called
Bus state is: 0
Set Net Indication Callback called
Bus state is: 0
Set Net Indication Callback called
Bus state is: 0
Set Net Indication Callback called
Bus state is: 0
Set Net Indication Callback called
Bus state is: 0
Set Net Indication Callback called
Bus state is: 0
Set Net Indication Callback called
Bus state is: 0
Set Net Indication Callback called
Bus state is: 0
Set Net Indication Callback called
Bus state is: 0
Set Net Indication Callback called
Bus state is: 0
Set Net Indication Callback called
Bus state is: 0
Set Net Indication Callback called
Bus state is: 0
Set Net Indication Callback called
Bus state is: 0
Set Net Indication Callback called
Bus state is: 0
Set Net Indication Callback called
Bus state is: 0
Set Net Indication Callback called
Bus state is: 0
Set Net Indication Callback called
Bus state is: 0
Set Net Indication Callback called
Bus state is: 0
Set Net Indication Callback called
Bus state is: 0
Set Net Indication Callback called
Bus state is: 0
Set Net Indication Callback called
Bus state is: 0
Set Net Indication Callback called
Bus state is: 0
Set Net Indication Callback called
Bus state is: 0
Set Net Indication Callback called
Bus state is: 0
Set Net Indication Callback called
Bus state is: 0
Set Net Indication Callback called
Bus state is: 0
Set Net Indication Callback called
Bus state is: 0
Set Net Indication Callback called
Bus state is: 0
Set Net Indication Callback called
Bus state is: 0
Set Net Indication Callback called
Bus state is: 0
Set Net Indication Callback called
Bus state is: 0
Set Net Indication Callback called
Bus state is: 0
Set Net Indication Callback called
Bus state is: 0
Set Net Indication Callback called
Bus state is: 0
Set Net Indication Callback called
Bus state is: 0
Set Net Indication Callback called
Bus state is: 0
Set Net Indication Callback called
Bus state is: 0
Set Net Indication Callback called
Bus state is: 0
Set Net Indication Callback called
Bus state is: 0
Set Net Indication Callback called
Bus state is: 0
Set Net Indication Callback called
Bus state is: 0
Set Net Indication Callback called
Bus state is: 0
Set Net Indication Callback called
Bus state is: 0
Set Net Indication Callback called
Bus state is: 0
Set Net Indication Callback called
Bus state is: 0
Set Net Indication Callback called
Bus state is: 0
Set Net Indication Callback called
Bus state is: 0
Set Net Indication Callback called
Bus state is: 0
Set Net Indication Callback called
Bus state is: 0
Set Net Indication Callback called
Bus state is: 0
Set Net Indication Callback called
Bus state is: 0
Set Net Indication Callback called
Bus state is: 0
Set Net Indication Callback called
Bus state is: 0
Set Net Indication Callback called
Bus state is: 0
Set Net Indication Callback called
Bus state is: 0
Set Net Indication Callback called
Bus state is: 0
Set Net Indication Callback called
Bus state is: 0
Set Net Indication Callback called
Bus state is: 0
Set Net Indication Callback called
Bus state is: 0
Set Net Indication Callback called
Bus state is: 0
Set Net Indication Callback called
Bus state is: 0
Set Net Indication Callback called
Bus state is: 0
Set Net Indication Callback called
Bus state is: 0
Set Net Indication Callback called
Bus state is: 0
Set Net Indication Callback called
Bus state is: 0
Set Net Indication Callback called
Bus state is: 0
Set Net Indication Callback called
Bus state is: 0
Set Net Indication Callback called
Bus state is: 0
Set Net Indication Callback called
Bus state is: 0
Set Net Indication Callback called
Bus state is: 0
Set Net Indication Callback called
Bus state is: 0
Set Net Indication Callback called
Bus state is: 0
Set Net Indication Callback called
Bus state is: 0
Set Net Indication Callback called
Bus state is: 0
Set Net Indication Callback called
Bus state is: 0
Set Net Indication Callback called
Bus state is: 0
Set Net Indication Callback called
Bus state is: 0
Set Net Indication Callback called
Bus state is: 0
Set Net Indication Callback called
Bus state is: 0
Set Net Indication Callback called
Bus state is: 0
Set Net Indication Callback called
Bus state is: 0
Set Net Indication Callback called
Bus state is: 0
Set Net Indication Callback called
Bus state is: 0
Set Net Indication Callback called
Bus state is: 0
Set Net Indication Callback called
Bus state is: 0
Set Net Indication Callback called
Bus state is: 0
Set Net Indication Callback called
Bus state is: 0
Set Net Indication Callback called
Bus state is: 0
Set Net Indication Callback called
Bus state is: 0
Set Net Indication Callback called
Bus state is: 0
Set Net Indication Callback called
Bus state is: 0
Set Net Indication Callback called
Bus state is: 0
Set Net Indication Callback called
Bus state is: 0
Set Net Indication Callback called
Bus state is: 0
Set Net Indication Callback called
Bus state is: 0
Set Net Indication Callback called
Bus state is: 0
Set Net Indication Callback called
Bus state is: 0
Set Net Indication Callback called
Bus state is: 0
Set Net Indication Callback called
Bus state is: 0
Set Net Indication Callback called
Bus state is: 0
Set Net Indication Callback called
Bus state is: 0
Set Net Indication Callback called
Bus state is: 0
Set Net Indication Callback called
Bus state is: 0
Set Net Indication Callback called
Bus state is: 0
Set Net Indication Callback called
Bus state is: 0
Set Net Indication Callback called
Bus state is: 0
Set Net Indication Callback called
Bus state is: 0
Set Net Indication Callback called
Bus state is: 0
Set Net Indication Callback called
Bus state is: 0
Set Net Indication Callback called
Bus state is: 0
Set Net Indication Callback called
Bus state is: 0
Set Net Indication Callback called
Bus state is: 0
Set Net Indication Callback called
Bus state is: 0
Set Net Indication Callback called
Bus state is: 0
Set Net Indication Callback called
Bus state is: 0
Set Net Indication Callback called
Bus state is: 0
Set Net Indication Callback called
Bus state is: 0
Set Net Indication Callback called
Bus state is: 0
Set Net Indication Callback called
Bus state is: 0
Set Net Indication Callback called
Bus state is: 0
Set Net Indication Callback called
Bus state is: 0
Set Net Indication Callback called
Bus state is: 0
Set Net Indication Callback called
Bus state is: 0
Set Net Indication Callback called
Bus state is: 0
Set Net Indication Callback called
Bus state is: 0
Set Net Indication Callback called
Bus state is: 0
Set Net Indication Callback called
Bus state is: 0
Set Net Indication Callback called
Bus state is: 0
Set Net Indication Callback called
Bus state is: 0
Set Net Indication Callback called
Bus state is: 0
Set Net Indication Callback called
Bus state is: 0
Set Net Indication Callback called
Bus state is: 0
Set Net Indication Callback called
Bus state is: 0
Set Net Indication Callback called
Bus state is: 0
Set Net Indication Callback called
Bus state is: 0
Set Net Indication Callback called
Bus state is: 0
Set Net Indication Callback called
Bus state is: 0
Set Net Indication Callback called
Bus state is: 0
Set Net Indication Callback called
Bus state is: 0
Set Net Indication Callback called
Bus state is: 0
Set Net Indication Callback called
Bus state is: 0
Set Net Indication Callback called
Bus state is: 0
Set Net Indication Callback called
Bus state is: 0
Set Net Indication Callback called
Bus state is: 0
Set Net Indication Callback called
Bus state is: 0
Set Net Indication Callback called
Bus state is: 0
Set Net Indication Callback called
Bus state is: 0
Set Net Indication Callback called
Bus state is: 0
Set Net Indication Callback called
Bus state is: 0
Set Net Indication Callback called
Bus state is: 0
Set Net Indication Callback called
Bus state is: 0
Set Net Indication Callback called
Bus state is: 0
Set Net Indication Callback called
Bus state is: 0
Set Net Indication Callback called
Bus state is: 0
Set Net Indication Callback called
Bus state is: 0
Set Net Indication Callback called
Bus state is: 0
Set Net Indication Callback called
Bus state is: 0
Set Net Indication Callback called
Bus state is: 0
Set Net Indication Callback called
Bus state is: 0
Set Net Indication Callback called
Bus state is: 0
Set Net Indication Callback called
Bus state is: 0
Set Net Indication Callback called
Bus state is: 0
Set Net Indication Callback called
Bus state is: 0
Set Net Indication Callback called
Bus state is: 0
Set Net Indication Callback called
Bus state is: 0
Set Net Indication Callback called
Bus state is: 0
Set Net Indication Callback called
Bus state is: 0
Set Net Indication Callback called
Bus state is: 0
Set Net Indication Callback called
Bus state is: 0
Set Net Indication Callback called
Bus state is: 0
Set Net Indication Callback called
Bus state is: 0
Set Net Indication Callback called
Bus state is: 0
Set Net Indication Callback called
Bus state is: 0
Set Net Indication Callback called
Bus state is: 0
Set Net Indication Callback called
Bus state is: 0
Set Net Indication Callback called
Bus state is: 0
Set Net Indication Callback called
Bus state is: 0
Set Net Indication Callback called
Bus state is: 0
Set Net Indication Callback called
Bus state is: 0
Set Net Indication Callback called
Bus state is: 0
Set Net Indication Callback called
Bus state is: 0
Set Net Indication Callback called
Bus state is: 0
Set Net Indication Callback called
Bus state is: 0
Set Net Indication Callback called
Bus state is: 0
Set Net Indication Callback called
Bus state is: 0
Set Net Indication Callback called
Bus state is: 0
Set Net Indication Callback called
Bus state is: 0
Set Net Indication Callback called
Bus state is: 0
Set Net Indication Callback called
Bus state is: 0
Set Net Indication Callback called
Bus state is: 0
Set Net Indication Callback called
Bus state is: 0
Set Net Indication Callback called
Bus state is: 0
Set Net Indication Callback called
Bus state is: 0
Set Net Indication Callback called
Bus state is: 0
Set Net Indication Callback called
Bus state is: 0
Set Net Indication Callback called
Bus state is: 0
Set Net Indication Callback called
Bus state is: 0
Set Net Indication Callback called
Bus state is: 0
Set Net Indication Callback called
Bus state is: 0
Set Net Indication Callback called
Bus state is: 0
Set Net Indication Callback called
Bus state is: 0
Set Net Indication Callback called
Bus state is: 0
Set Net Indication Callback called
Bus state is: 0
Set Net Indication Callback called
Bus state is: 0
Set Net Indication Callback called
Bus state is: 0
Set Net Indication Callback called
Bus state is: 0
Set Net Indication Callback called
Bus state is: 0
Set Net Indication Callback called
Bus state is: 0
Set Net Indication Callback called
Bus state is: 0
Set Net Indication Callback called
Bus state is: 0
Set Net Indication Callback called
Bus state is: 0
Set Net Indication Callback called
Bus state is: 0
Set Net Indication Callback called
Bus state is: 0
Set Net Indication Callback called
Bus state is: 0
Set Net Indication Callback called
Bus state is: 0
Set Net Indication Callback called
Bus state is: 0
Set Net Indication Callback called
Bus state is: 0
Set Net Indication Callback called
Bus state is: 0
Set Net Indication Callback called
Bus state is: 0
Set Net Indication Callback called
Bus state is: 0
Set Net Indication Callback called
Bus state is: 0
Set Net Indication Callback called
Bus state is: 0
Set Net Indication Callback called
Bus state is: 0
Set Net Indication Callback called
Bus state is: 0
Set Net Indication Callback called
Bus state is: 0
Set Net Indication Callback called
Bus state is: 0
Set Net Indication Callback called
Bus state is: 0
Set Net Indication Callback called
Bus state is: 0
Set Net Indication Callback called
Bus state is: 0
Set Net Indication Callback called
Bus state is: 0
Set Net Indication Callback called
Bus state is: 0
Set Net Indication Callback called
Bus state is: 0
Set Net Indication Callback called
Bus state is: 0
Set Net Indication Callback called
Bus state is: 0
Set Net Indication Callback called
Bus state is: 0
Set Net Indication Callback called
Bus state is: 0
Set Net Indication Callback called
Bus state is: 0
Set Net Indication Callback called
Bus state is: 0
Set Net Indication Callback called
Bus state is: 0
Set Net Indication Callback called
Bus state is: 0
Set Net Indication Callback called
Bus state is: 0
Set Net Indication Callback called
Bus state is: 0
Set Net Indication Callback called
Bus state is: 0
Set Net Indication Callback called
Bus state is: 0
Set Net Indication Callback called
Bus state is: 0
Set Net Indication Callback called
Bus state is: 0
Set Net Indication Callback called
Bus state is: 0
Set Net Indication Callback called
Bus state is: 0
Set Net Indication Callback called
Bus state is: 0
Set Net Indication Callback called
Bus state is: 0
Set Net Indication Callback called
Bus state is: 0
Set Net Indication Callback called
Bus state is: 0
Set Net Indication Callback called
Bus state is: 0
Set Net Indication Callback called
Bus state is: 0
Set Net Indication Callback called
Bus state is: 0
Set Net Indication Callback called
Bus state is: 0
Set Net Indication Callback called
Bus state is: 0
Set Net Indication Callback called
Bus state is: 0
Set Net Indication Callback called
Bus state is: 0
Set Net Indication Callback called
Bus state is: 0
Set Net Indication Callback called
Bus state is: 0
Set Net Indication Callback called
Bus state is: 0
Set Net Indication Callback called
Bus state is: 0
Set Net Indication Callback called
Bus state is: 0
Set Net Indication Callback called
Bus state is: 0
Set Net Indication Callback called
Bus state is: 0
Set Net Indication Callback called
Bus state is: 0
Set Net Indication Callback called
Bus state is: 0
Set Net Indication Callback called
Bus state is: 0
Set Net Indication Callback called
Bus state is: 0
Set Net Indication Callback called
Bus state is: 0
Set Net Indication Callback called
Bus state is: 0
Set Net Indication Callback called
Bus state is: 0
Set Net Indication Callback called
Bus state is: 0
Set Net Indication Callback called
Bus state is: 0
Set Net Indication Callback called
Bus state is: 0
Set Net Indication Callback called
Bus state is: 0
Set Net Indication Callback called
Bus state is: 0
Set Net Indication Callback called
Bus state is: 0
Set Net Indication Callback called
Bus state is: 0
Set Net Indication Callback called
Bus state is: 0
Set Net Indication Callback called
Bus state is: 0
Set Net Indication Callback called
Bus state is: 0
Set Net Indication Callback called
Bus state is: 0
Set Net Indication Callback called
Bus state is: 0
Set Net Indication Callback called
Bus state is: 0
Set Net Indication Callback called
Bus state is: 0
Set Net Indication Callback called
Bus state is: 0
Set Net Indication Callback called
Bus state is: 0
Set Net Indication Callback called
Bus state is: 0
Set Net Indication Callback called
Bus state is: 0
Set Net Indication Callback called
Bus state is: 0
Set Net Indication Callback called
Bus state is: 0
Set Net Indication Callback called
Bus state is: 0
Set Net Indication Callback called
Bus state is: 0
Set Net Indication Callback called
Bus state is: 0
Set Net Indication Callback called
Bus state is: 0
Set Net Indication Callback called
Bus state is: 0
Set Net Indication Callback called
Bus state is: 0
Set Net Indication Callback called
Bus state is: 0
Set Net Indication Callback called
Bus state is: 0
Set Net Indication Callback called
Bus state is: 0
Set Net Indication Callback called
Bus state is: 0
Set Net Indication Callback called
Bus state is: 0
Set Net Indication Callback called
Bus state is: 0
Set Net Indication Callback called
Bus state is: 0
Set Net Indication Callback called
Bus state is: 0
Set Net Indication Callback called
Bus state is: 0
Set Net Indication Callback called
Bus state is: 0
Set Net Indication Callback called
Bus state is: 0
Set Net Indication Callback called
Bus state is: 0
Set Net Indication Callback called
Bus state is: 0
Set Net Indication Callback called
Bus state is: 0
Set Net Indication Callback called
Bus state is: 0
Set Net Indication Callback called
Bus state is: 0
Set Net Indication Callback called
Bus state is: 0
Set Net Indication Callback called
Bus state is: 0
Set Net Indication Callback called
Bus state is: 0
Set Net Indication Callback called
Bus state is: 0
Set Net Indication Callback called
Bus state is: 0
Set Net Indication Callback called
Bus state is: 0
Set Net Indication Callback called
Bus state is: 0
Set Net Indication Callback called
Bus state is: 0
Set Net Indication Callback called
Bus state is: 0
Set Net Indication Callback called
Bus state is: 0
Set Net Indication Callback called
Bus state is: 0
Set Net Indication Callback called
Bus state is: 0
Set Net Indication Callback called
Bus state is: 0
Set Net Indication Callback called
Bus state is: 0
Set Net Indication Callback called
Bus state is: 0
Set Net Indication Callback called
Bus state is: 0
Set Net Indication Callback called
Bus state is: 0
Set Net Indication Callback called
Bus state is: 0
Set Net Indication Callback called
Bus state is: 0
Set Net Indication Callback called
Bus state is: 0
Set Net Indication Callback called
Bus state is: 0
Set Net Indication Callback called
Bus state is: 0
Set Net Indication Callback called
Bus state is: 0
Set Net Indication Callback called
Bus state is: 0
Set Net Indication Callback called
Bus state is: 0
Set Net Indication Callback called
Bus state is: 0
Set Net Indication Callback called
Bus state is: 0
Set Net Indication Callback called
Bus state is: 0
Set Net Indication Callback called
Bus state is: 0
Set Net Indication Callback called
Bus state is: 0
Set Net Indication Callback called
Bus state is: 0
Set Net Indication Callback called
Bus state is: 0
Set Net Indication Callback called
Bus state is: 0
Set Net Indication Callback called
Bus state is: 0
Set Net Indication Callback called
Bus state is: 0
Set Net Indication Callback called
Bus state is: 0
Set Net Indication Callback called
Bus state is: 0
Set Net Indication Callback called
Bus state is: 0
Set Net Indication Callback called
Bus state is: 0
Set Net Indication Callback called
Bus state is: 0
Set Net Indication Callback called
Bus state is: 0
Set Net Indication Callback called
Bus state is: 0
Set Net Indication Callback called
Bus state is: 0
Set Net Indication Callback called
Bus state is: 0
Set Net Indication Callback called
Bus state is: 0
Set Net Indication Callback called
Bus state is: 0
Set Net Indication Callback called
Bus state is: 0
Set Net Indication Callback called
Bus state is: 0
Set Net Indication Callback called
Bus state is: 0
Set Net Indication Callback called
Bus state is: 0
Set Net Indication Callback called
Bus state is: 0
Set Net Indication Callback called
Bus state is: 0
Set Net Indication Callback called
Bus state is: 0
Set Net Indication Callback called
Bus state is: 0
Set Net Indication Callback called
Bus state is: 0
Set Net Indication Callback called
Bus state is: 0
Set Net Indication Callback called
Bus state is: 0
Set Net Indication Callback called
Bus state is: 0
Set Net Indication Callback called
Bus state is: 0
Set Net Indication Callback called
Bus state is: 0
Set Net Indication Callback called
Bus state is: 0
Set Net Indication Callback called
Bus state is: 0
Set Net Indication Callback called
Bus state is: 0
Set Net Indication Callback called
Bus state is: 0
Set Net Indication Callback called
Bus state is: 0
Set Net Indication Callback called
Bus state is: 0
Set Net Indication Callback called
Bus state is: 0
Set Net Indication Callback called
Bus state is: 0
Set Net Indication Callback called
Bus state is: 0
Set Net Indication Callback called
Bus state is: 0
Set Net Indication Callback called
Bus state is: 0
Set Net Indication Callback called
Bus state is: 0
Set Net Indication Callback called
Bus state is: 0
Set Net Indication Callback called
Bus state is: 0
Set Net Indication Callback called
Bus state is: 0
Set Net Indication Callback called
Bus state is: 0
Set Net Indication Callback called
Bus state is: 0
Set Net Indication Callback called
Bus state is: 0
Set Net Indication Callback called
Bus state is: 0
Set Net Indication Callback called
Bus state is: 0
Set Net Indication Callback called
Bus state is: 0
Set Net Indication Callback called
Bus state is: 0
Set Net Indication Callback called
Bus state is: 0
Set Net Indication Callback called
Bus state is: 0
Set Net Indication Callback called
Bus state is: 0
Set Net Indication Callback called
Bus state is: 0
Set Net Indication Callback called
Bus state is: 0
Set Net Indication Callback called
Bus state is: 0
Set Net Indication Callback called
Bus state is: 0
Set Net Indication Callback called
Bus state is: 0
Set Net Indication Callback called
Bus state is: 0
Set Net Indication Callback called
Bus state is: 0
Set Net Indication Callback called
Bus state is: 0
Set Net Indication Callback called
Bus state is: 0
Set Net Indication Callback called
Bus state is: 0
Set Net Indication Callback called
Bus state is: 0
Set Net Indication Callback called
Bus state is: 0
Set Net Indication Callback called
Bus state is: 0
Set Net Indication Callback called
Bus state is: 0
Set Net Indication Callback called
Bus state is: 0
Set Net Indication Callback called
Bus state is: 0
Set Net Indication Callback called
Bus state is: 0
Set Net Indication Callback called
Bus state is: 0
Set Net Indication Callback called
Bus state is: 0
Set Net Indication Callback called
Bus state is: 0
Set Net Indication Callback called
Bus state is: 0
Set Net Indication Callback called
Bus state is: 0
Set Net Indication Callback called
Bus state is: 0
Set Net Indication Callback called
Bus state is: 0
Set Net Indication Callback called
Bus state is: 0
Set Net Indication Callback called
Bus state is: 0
Set Net Indication Callback called
Bus state is: 0
Set Net Indication Callback called
Bus state is: 0
Set Net Indication Callback called
Bus state is: 0
Set Net Indication Callback called
Bus state is: 0
Set Net Indication Callback called
Bus state is: 0
Set Net Indication Callback called
Bus state is: 0
Set Net Indication Callback called
Bus state is: 0
Set Net Indication Callback called
Bus state is: 0
Set Net Indication Callback called
Bus state is: 0
Set Net Indication Callback called
Bus state is: 0
Set Net Indication Callback called
Bus state is: 0
Set Net Indication Callback called
Bus state is: 0
Set Net Indication Callback called
Bus state is: 0
Set Net Indication Callback called
Bus state is: 0
Set Net Indication Callback called
Bus state is: 0
Set Net Indication Callback called
Bus state is: 0
Set Net Indication Callback called
Bus state is: 0
Set Net Indication Callback called
Bus state is: 0
Set Net Indication Callback called
Bus state is: 0
Set Net Indication Callback called
Bus state is: 0
Set Net Indication Callback called
Bus state is: 0
Set Net Indication Callback called
Bus state is: 0
Set Net Indication Callback called
Bus state is: 0
Set Net Indication Callback called
Bus state is: 0
Set Net Indication Callback called
Bus state is: 0
Set Net Indication Callback called
Bus state is: 0
Set Net Indication Callback called
Bus state is: 0
Set Net Indication Callback called
Bus state is: 0
Set Net Indication Callback called
Bus state is: 0
Set Net Indication Callback called
Bus state is: 0
Set Net Indication Callback called
Bus state is: 0
Set Net Indication Callback called
Bus state is: 0
Set Net Indication Callback called
Bus state is: 0
Set Net Indication Callback called
Bus state is: 0
Set Net Indication Callback called
Bus state is: 0
Set Net Indication Callback called
Bus state is: 0
Set Net Indication Callback called
Bus state is: 0
Set Net Indication Callback called
Bus state is: 0
Set Net Indication Callback called
Bus state is: 0
Set Net Indication Callback called
Bus state is: 0
Set Net Indication Callback called
Bus state is: 0
Set Net Indication Callback called
Bus state is: 0
Set Net Indication Callback called
Bus state is: 0
Set Net Indication Callback called
Bus state is: 0
Set Net Indication Callback called
Bus state is: 0
Set Net Indication Callback called
Bus state is: 0
Set Net Indication Callback called
Bus state is: 0
Set Net Indication Callback called
Bus state is: 0
Set Net Indication Callback called
Bus state is: 0
Set Net Indication Callback called
Bus state is: 0
Set Net Indication Callback called
Bus state is: 0
Set Net Indication Callback called
Bus state is: 0
Set Net Indication Callback called
Bus state is: 0
Set Net Indication Callback called
Bus state is: 0
Set Net Indication Callback called
Bus state is: 0
Set Net Indication Callback called
Bus state is: 0
Set Net Indication Callback called
Bus state is: 0
Set Net Indication Callback called
Bus state is: 0
Set Net Indication Callback called
Bus state is: 0
Set Net Indication Callback called
Bus state is: 0
Set Net Indication Callback called
Bus state is: 0
Set Net Indication Callback called
Bus state is: 0
Set Net Indication Callback called
Bus state is: 0
Set Net Indication Callback called
Bus state is: 0
Set Net Indication Callback called
Bus state is: 0
Set Net Indication Callback called
Bus state is: 0
Set Net Indication Callback called
Bus state is: 0
Set Net Indication Callback called
Bus state is: 0
Set Net Indication Callback called
Bus state is: 0
Set Net Indication Callback called
Bus state is: 0
Set Net Indication Callback called
Bus state is: 0
Set Net Indication Callback called
Bus state is: 0
Set Net Indication Callback called
Bus state is: 0
Set Net Indication Callback called
Bus state is: 0
Set Net Indication Callback called
Bus state is: 0
Set Net Indication Callback called
Bus state is: 0
Set Net Indication Callback called
Bus state is: 0
Set Net Indication Callback called
Bus state is: 0
Set Net Indication Callback called
Bus state is: 0
Set Net Indication Callback called
Bus state is: 0
Set Net Indication Callback called
Bus state is: 0
Set Net Indication Callback called
Bus state is: 0
Set Net Indication Callback called
Bus state is: 0
Set Net Indication Callback called
Bus state is: 0
Set Net Indication Callback called
Bus state is: 0
Set Net Indication Callback called
Bus state is: 0
Set Net Indication Callback called
Bus state is: 0
Set Net Indication Callback called
Bus state is: 0
Set Net Indication Callback called
Bus state is: 0
Set Net Indication Callback called
Bus state is: 0
Set Net Indication Callback called
Bus state is: 0
Set Net Indication Callback called
Bus state is: 0
Set Net Indication Callback called
Bus state is: 0
Set Net Indication Callback called
Bus state is: 0
Set Net Indication Callback called
Bus state is: 0
Set Net Indication Callback called
Bus state is: 0
Set Net Indication Callback called
Bus state is: 0
Set Net Indication Callback called
Bus state is: 0
Set Net Indication Callback called
Bus state is: 0
Set Net Indication Callback called
Bus state is: 0
Set Net Indication Callback called
Bus state is: 0
Set Net Indication Callback called
Bus state is: 0
Set Net Indication Callback called
Bus state is: 0
Set Net Indication Callback called
Bus state is: 0
Set Net Indication Callback called
Bus state is: 0
Set Net Indication Callback called
Bus state is: 0
Set Net Indication Callback called
Bus state is: 0
Set Net Indication Callback called
Bus state is: 0
Set Net Indication Callback called
Bus state is: 0
Set Net Indication Callback called
Bus state is: 0
Set Net Indication Callback called
Bus state is: 0
Set Net Indication Callback called
Bus state is: 0
Set Net Indication Callback called
Bus state is: 0
Set Net Indication Callback called
Bus state is: 0
Set Net Indication Callback called
Bus state is: 0
Set Net Indication Callback called
Bus state is: 0
Set Net Indication Callback called
Bus state is: 0
Set Net Indication Callback called
Bus state is: 0
Set Net Indication Callback called
Bus state is: 0
Set Net Indication Callback called
Bus state is: 0
Set Net Indication Callback called
Bus state is: 0
Set Net Indication Callback called
Bus state is: 0
Set Net Indication Callback called
Bus state is: 0
Set Net Indication Callback called
Bus state is: 0
Set Net Indication Callback called
Bus state is: 0
Set Net Indication Callback called
Bus state is: 0
Set Net Indication Callback called
Bus state is: 0
Set Net Indication Callback called
Bus state is: 0
Set Net Indication Callback called
Bus state is: 0
Set Net Indication Callback called
Bus state is: 0
Set Net Indication Callback called
Bus state is: 0
Set Net Indication Callback called
Bus state is: 0
Set Net Indication Callback called
Bus state is: 0
Set Net Indication Callback called
Bus state is: 0
Set Net Indication Callback called
Bus state is: 0
Set Net Indication Callback called
Bus state is: 0
Set Net Indication Callback called
Bus state is: 0
Set Net Indication Callback called
Bus state is: 0
Set Net Indication Callback called
Bus state is: 0
Set Net Indication Callback called
Bus state is: 0
Set Net Indication Callback called
Bus state is: 0
Set Net Indication Callback called
Bus state is: 0
Set Net Indication Callback called
Bus state is: 0
Set Net Indication Callback called
Bus state is: 0
Set Net Indication Callback called
Bus state is: 0
Set Net Indication Callback called
Bus state is: 0
Set Net Indication Callback called
Bus state is: 0
Set Net Indication Callback called
Bus state is: 0
Set Net Indication Callback called
Bus state is: 0
Set Net Indication Callback called
Bus state is: 0
Set Net Indication Callback called
Bus state is: 0
Set Net Indication Callback called
Bus state is: 0
Set Net Indication Callback called
Bus state is: 0
Set Net Indication Callback called
Bus state is: 0
Set Net Indication Callback called
Bus state is: 0
Set Net Indication Callback called
Bus state is: 0
Set Net Indication Callback called
Bus state is: 0
Set Net Indication Callback called
Bus state is: 0
Set Net Indication Callback called
Bus state is: 0
Set Net Indication Callback called
Bus state is: 0
Set Net Indication Callback called
Bus state is: 0
Set Net Indication Callback called
Bus state is: 0
Set Net Indication Callback called
Bus state is: 0
Set Net Indication Callback called
Bus state is: 0
Set Net Indication Callback called
Bus state is: 0
Set Net Indication Callback called
Bus state is: 0
Set Net Indication Callback called
Bus state is: 0
Set Net Indication Callback called
Bus state is: 0
Set Net Indication Callback called
Bus state is: 0
Set Net Indication Callback called
Bus state is: 0
Set Net Indication Callback called
Bus state is: 0
Set Net Indication Callback called
Bus state is: 0
Set Net Indication Callback called
Bus state is: 0
Set Net Indication Callback called
Bus state is: 0
Set Net Indication Callback called
Bus state is: 0
Set Net Indication Callback called
Bus state is: 0
Set Net Indication Callback called
Bus state is: 0
Set Net Indication Callback called
Bus state is: 0
Set Net Indication Callback called
Bus state is: 0
Set Net Indication Callback called
Bus state is: 0
Set Net Indication Callback called
Bus state is: 0
Set Net Indication Callback called
Bus state is: 0
Set Net Indication Callback called
Bus state is: 0
Set Net Indication Callback called
Bus state is: 0
Set Net Indication Callback called
Bus state is: 0
Set Net Indication Callback called
Bus state is: 0
Set Net Indication Callback called
Bus state is: 0
Set Net Indication Callback called
Bus state is: 0
Set Net Indication Callback called
Bus state is: 0
Set Net Indication Callback called
Bus state is: 0
Set Net Indication Callback called
Bus state is: 0
Set Net Indication Callback called
Bus state is: 0
Set Net Indication Callback called
Bus state is: 0
Set Net Indication Callback called
Bus state is: 0
Set Net Indication Callback called
Bus state is: 0
Set Net Indication Callback called
Bus state is: 0
Set Net Indication Callback called
Bus state is: 0
Set Net Indication Callback called
Bus state is: 0
Set Net Indication Callback called
Bus state is: 0
Set Net Indication Callback called
Bus state is: 0
Set Net Indication Callback called
Bus state is: 0
Set Net Indication Callback called
Bus state is: 0
Set Net Indication Callback called
Bus state is: 0
Set Net Indication Callback called
Bus state is: 0
Set Net Indication Callback called
Bus state is: 0
Set Net Indication Callback called
Bus state is: 0
Set Net Indication Callback called
Bus state is: 0
Set Net Indication Callback called
Bus state is: 0
Set Net Indication Callback called
Bus state is: 0
Set Net Indication Callback called
Bus state is: 0
Set Net Indication Callback called
Bus state is: 0
Set Net Indication Callback called
Bus state is: 0
Set Net Indication Callback called
Bus state is: 0
Set Net Indication Callback called
Bus state is: 0
Set Net Indication Callback called
Bus state is: 0
Set Net Indication Callback called
Bus state is: 0
Set Net Indication Callback called
Bus state is: 0
Set Net Indication Callback called
Bus state is: 0
Set Net Indication Callback called
Bus state is: 0
Set Net Indication Callback called
Bus state is: 0
Set Net Indication Callback called
Bus state is: 0
Set Net Indication Callback called
Bus state is: 0
Set Net Indication Callback called
Bus state is: 0
Set Net Indication Callback called
Bus state is: 0
Set Net Indication Callback called
Bus state is: 0
Set Net Indication Callback called
Bus state is: 0
Set Net Indication Callback called
Bus state is: 0
Set Net Indication Callback called
Bus state is: 0
Set Net Indication Callback called
Bus state is: 0
Set Net Indication Callback called
Bus state is: 0
Set Net Indication Callback called
Bus state is: 0
Set Net Indication Callback called
Bus state is: 0
Set Net Indication Callback called
Bus state is: 0
Set Net Indication Callback called
Bus state is: 0
Set Net Indication Callback called
Bus state is: 0
Set Net Indication Callback called
Bus state is: 0
Set Net Indication Callback called
Bus state is: 0
Set Net Indication Callback called
Bus state is: 0
Set Net Indication Callback called
Bus state is: 0
Set Net Indication Callback called
Bus state is: 0
Set Net Indication Callback called
Bus state is: 0
Set Net Indication Callback called
Bus state is: 0
Set Net Indication Callback called
Bus state is: 0
Set Net Indication Callback called
Bus state is: 0
Set Net Indication Callback called
Bus state is: 0
Set Net Indication Callback called
Bus state is: 0
Set Net Indication Callback called
Bus state is: 0
Set Net Indication Callback called
Bus state is: 0
Set Net Indication Callback called
Bus state is: 0
Set Net Indication Callback called
Bus state is: 0
Set Net Indication Callback called
Bus state is: 0
Set Net Indication Callback called
Bus state is: 0
Set Net Indication Callback called
Bus state is: 0
Set Net Indication Callback called
Bus state is: 0
Set Net Indication Callback called
Bus state is: 0
Set Net Indication Callback called
Bus state is: 0
Set Net Indication Callback called
Bus state is: 0
Set Net Indication Callback called
Bus state is: 0
Set Net Indication Callback called
Bus state is: 0
Set Net Indication Callback called
Bus state is: 0
Set Net Indication Callback called
Bus state is: 0
Set Net Indication Callback called
Bus state is: 0
Set Net Indication Callback called
Bus state is: 0
Set Net Indication Callback called
Bus state is: 0
Set Net Indication Callback called
Bus state is: 0
Set Net Indication Callback called
Bus state is: 0
Set Net Indication Callback called
Bus state is: 0
Set Net Indication Callback called
Bus state is: 0
Set Net Indication Callback called
Bus state is: 0
Set Net Indication Callback called
Bus state is: 0
Set Net Indication Callback called
Bus state is: 0
Set Net Indication Callback called
Bus state is: 0
Set Net Indication Callback called
Bus state is: 0
Set Net Indication Callback called
Bus state is: 0
Set Net Indication Callback called
Bus state is: 0
Set Net Indication Callback called
Bus state is: 0
Set Net Indication Callback called
Bus state is: 0
Set Net Indication Callback called
Bus state is: 0
Set Net Indication Callback called
Bus state is: 0
Set Net Indication Callback called
Bus state is: 0
Set Net Indication Callback called
Bus state is: 0
Set Net Indication Callback called
Bus state is: 0
Set Net Indication Callback called
Bus state is: 0
Set Net Indication Callback called
Bus state is: 0
Set Net Indication Callback called
Bus state is: 0
Set Net Indication Callback called
Bus state is: 0
Set Net Indication Callback called
Bus state is: 0
Set Net Indication Callback called
Bus state is: 0
Set Net Indication Callback called
Bus state is: 0
Set Net Indication Callback called
Bus state is: 0
Set Net Indication Callback called
Bus state is: 0
Set Net Indication Callback called
Bus state is: 0
Set Net Indication Callback called
Bus state is: 0
Set Net Indication Callback called
Bus state is: 0
Set Net Indication Callback called
Bus state is: 0
Set Net Indication Callback called
Bus state is: 0
Set Net Indication Callback called
Bus state is: 0
Set Net Indication Callback called
Bus state is: 0
Set Net Indication Callback called
Bus state is: 0
Set Net Indication Callback called
Bus state is: 0
Set Net Indication Callback called
Bus state is: 0
Set Net Indication Callback called
Bus state is: 0
Set Net Indication Callback called
Bus state is: 0
Set Net Indication Callback called
Bus state is: 0
Set Net Indication Callback called
Bus state is: 0
Set Net Indication Callback called
Bus state is: 0
Set Net Indication Callback called
Bus state is: 0
Set Net Indication Callback called
Bus state is: 0
Set Net Indication Callback called
Bus state is: 0
Set Net Indication Callback called
Bus state is: 0
Set Net Indication Callback called
Bus state is: 0
Set Net Indication Callback called
Bus state is: 0
Set Net Indication Callback called
Bus state is: 0
Set Net Indication Callback called
Bus state is: 0
Set Net Indication Callback called
Bus state is: 0
Set Net Indication Callback called
Bus state is: 0
Set Net Indication Callback called
Bus state is: 0
Set Net Indication Callback called
Bus state is: 0
Set Net Indication Callback called
Bus state is: 0
Set Net Indication Callback called
Bus state is: 0
Set Net Indication Callback called
Bus state is: 0
Set Net Indication Callback called
Bus state is: 0
Set Net Indication Callback called
Bus state is: 0
Set Net Indication Callback called
Bus state is: 0
Set Net Indication Callback called
Bus state is: 0
Set Net Indication Callback called
Bus state is: 0
Set Net Indication Callback called
Bus state is: 0
Set Net Indication Callback called
Bus state is: 0
Set Net Indication Callback called
Bus state is: 0
Set Net Indication Callback called
Bus state is: 0
Set Net Indication Callback called
Bus state is: 0
Set Net Indication Callback called
Bus state is: 0
Set Net Indication Callback called
Bus state is: 0
Set Net Indication Callback called
Bus state is: 0
Set Net Indication Callback called
Bus state is: 0
Set Net Indication Callback called
Bus state is: 0
Set Net Indication Callback called
Bus state is: 0
Set Net Indication Callback called
Bus state is: 0
Set Net Indication Callback called
Bus state is: 0
Set Net Indication Callback called
Bus state is: 0
Set Net Indication Callback called
Bus state is: 0
Set Net Indication Callback called
Bus state is: 0
Set Net Indication Callback called
Bus state is: 0
Set Net Indication Callback called
Bus state is: 0
Set Net Indication Callback called
Bus state is: 0
Set Net Indication Callback called
Bus state is: 0
Set Net Indication Callback called
Bus state is: 0
Set Net Indication Callback called
Bus state is: 0
Set Net Indication Callback called
Bus state is: 0
Set Net Indication Callback called
Bus state is: 0
Set Net Indication Callback called
Bus state is: 0
Set Net Indication Callback called
Bus state is: 0
Set Net Indication Callback called
Bus state is: 0
Set Net Indication Callback called
Bus state is: 0
Set Net Indication Callback called
Bus state is: 0
Set Net Indication Callback called
Bus state is: 0
Set Net Indication Callback called
Bus state is: 0
Set Net Indication Callback called
Bus state is: 0
Set Net Indication Callback called
Bus state is: 0
Set Net Indication Callback called
Bus state is: 0
