******************************************************************************
        TMS320C2000 COFF Linker PC Version 3.09                
******************************************************************************
>> Linked Tue Feb 01 13:24:46 2005

OUTPUT FILE NAME:   <./Bin/CapDrvTest.out>
ENTRY POINT SYMBOL: "_c_int00"  address: 003f8b36


MEMORY CONFIGURATION

                  name            origin    length      used    attr    fill
         ----------------------  --------  ---------  --------  ----  --------
PAGE  0: RAMM0                   00000000   00000800  00000000  RWIX
         BEGIN                   003f8000   00000002  00000000  RWIX
         PRAMH0                  003f8002   000018fe  00000ecb  RWIX
         RESET                   003fffc0   00000002  00000000  RWIX

PAGE  1: RAMM1                   00000400   00000400  00000190  RWIX
         DEV_EMU                 00000880   00000180  000000d2  RWIX
         FLASH_REGS              00000a80   00000060  00000008  RWIX
         CSM                     00000ae0   00000010  00000010  RWIX
         XINTF                   00000b20   00000020  00000020  RWIX
         CPU_TIMER0              00000c00   00000008  00000008  RWIX
         CPU_TIMER1              00000c08   00000008  00000008  RWIX
         CPU_TIMER2              00000c10   00000008  00000008  RWIX
         PIE_CTRL                00000ce0   00000020  0000001a  RWIX
         PIE_VECT                00000d00   00000100  00000100  RWIX
         ECANA                   00006000   00000040  00000034  RWIX
         ECANA_LAM               00006040   00000040  00000040  RWIX
         ECANA_MOTS              00006080   00000040  00000040  RWIX
         ECANA_MOTO              000060c0   00000040  00000040  RWIX
         ECANA_MBOX              00006100   00000100  00000100  RWIX
         SYSTEM                  00007010   00000020  00000020  RWIX
         SPIA                    00007040   00000010  00000010  RWIX
         SCIA                    00007050   00000010  00000010  RWIX
         XINTRUPT                00007070   00000010  00000010  RWIX
         GPIOMUX                 000070c0   00000020  00000020  RWIX
         GPIODAT                 000070e0   00000020  00000020  RWIX
         ADC                     00007100   00000020  0000001a  RWIX
         EVA                     00007400   00000040  00000032  RWIX
         EVB                     00007500   00000040  00000032  RWIX
         SCIB                    00007750   00000010  00000010  RWIX
         MCBSPA                  00007800   00000040  00000025  RWIX
         DRAMH0                  00100000   00001000  0000059b  RWIX
         CSM_PWL                 003f7ff8   00000008  00000008  RWIX


SECTION ALLOCATION MAP

 output                                  attributes/
section   page    origin      length       input sections
--------  ----  ----------  ----------   ----------------
.switch    0    00000000    00000000     UNINITIALIZED

codestart 
*          0    003f8000    00000000     UNINITIALIZED

.pinit     0    003f8002    00000000     

ramfuncs   0    003f8002    00000004     
                  003f8002    00000004     DSP281x_usDelay.obj (ramfuncs)

.text      0    003f8006    00000e19     
                  003f8006    00000318     Capdrv.obj (.text)
                  003f831e    00000133     CapDrvTest.obj (.text)
                  003f8451    00000221     init.obj (.text)
                  003f8672    00000069     SysClk.obj (.text)
                  003f86db    0000045b     Tmrdrv.obj (.text)
                  003f8b36    00000046     rts2800_ml.lib : boot.obj (.text)
                  003f8b7c    0000004b                    : exit.obj (.text)
                  003f8bc7    0000008a                    : fd_div.obj (.text)
                  003f8c51    00000082                    : fd_mpy.obj (.text)
                  003f8cd3    0000000e                    : fd_sub.obj (.text)
                  003f8ce1    0000001b                    : fd_toul.obj (.text)
                  003f8cfc    0000002a                    : l_div.obj (.text)
                  003f8d26    00000040                    : memcpy.obj (.text)
                  003f8d66    00000017                    : ul_tofd.obj (.text)
                  003f8d7d    00000009                    : _lock.obj (.text)
                  003f8d86    00000099                    : fd_add.obj (.text)

.cinit     0    003f8e1f    000000ae     
                  003f8e1f    0000000d     Capdrv.obj (.cinit)
                  003f8e2c    00000022     CapDrvTest.obj (.cinit)
                  003f8e4e    00000062     Tmrdrv.obj (.cinit)
                  003f8eb0    00000004     rts2800_ml.lib : errno.obj (.cinit)
                  003f8eb4    0000000e                    : exit.obj (.cinit)
                  003f8ec2    0000000a                    : _lock.obj (.cinit)
                  003f8ecc    00000001     --HOLE-- [fill = 0]

.reset     0    003fffc0    00000002     DSECT
                  003fffc0    00000002     rts2800_ml.lib : boot.obj (.reset)

.bss       1    00000000    00000000     UNINITIALIZED

.data      1    00000000    00000000     UNINITIALIZED

.stack     1    00000400    00000190     UNINITIALIZED

DevEmuRegsFile 
*          1    00000880    000000d2     UNINITIALIZED
                  00000880    000000d2     DSP281x_GlobalVariableDefs.obj (DevEmuRegsFile)

FlashRegsFile 
*          1    00000a80    00000008     UNINITIALIZED
                  00000a80    00000008     DSP281x_GlobalVariableDefs.obj (FlashRegsFile)

CsmRegsFile 
*          1    00000ae0    00000010     UNINITIALIZED
                  00000ae0    00000010     DSP281x_GlobalVariableDefs.obj (CsmRegsFile)

XintfRegsFile 
*          1    00000b20    00000020     UNINITIALIZED
                  00000b20    00000020     DSP281x_GlobalVariableDefs.obj (XintfRegsFile)

CpuTimer0RegsFile 
*          1    00000c00    00000008     UNINITIALIZED
                  00000c00    00000008     DSP281x_GlobalVariableDefs.obj (CpuTimer0RegsFile)

CpuTimer1RegsFile 
*          1    00000c08    00000008     UNINITIALIZED
                  00000c08    00000008     DSP281x_GlobalVariableDefs.obj (CpuTimer1RegsFile)

CpuTimer2RegsFile 
*          1    00000c10    00000008     UNINITIALIZED
                  00000c10    00000008     DSP281x_GlobalVariableDefs.obj (CpuTimer2RegsFile)

PieCtrlRegsFile 
*          1    00000ce0    0000001a     UNINITIALIZED
                  00000ce0    0000001a     DSP281x_GlobalVariableDefs.obj (PieCtrlRegsFile)

PieVectTableFile 
*          1    00000d00    00000100     UNINITIALIZED
                  00000d00    00000100     DSP281x_GlobalVariableDefs.obj (PieVectTableFile)

ECanaRegsFile 
*          1    00006000    00000034     UNINITIALIZED
                  00006000    00000034     DSP281x_GlobalVariableDefs.obj (ECanaRegsFile)

ECanaLAMRegsFile 
*          1    00006040    00000040     UNINITIALIZED
                  00006040    00000040     DSP281x_GlobalVariableDefs.obj (ECanaLAMRegsFile)

ECanaMOTSRegsFile 
*          1    00006080    00000040     UNINITIALIZED
                  00006080    00000040     DSP281x_GlobalVariableDefs.obj (ECanaMOTSRegsFile)

ECanaMOTORegsFile 
*          1    000060c0    00000040     UNINITIALIZED
                  000060c0    00000040     DSP281x_GlobalVariableDefs.obj (ECanaMOTORegsFile)

ECanaMboxesFile 
*          1    00006100    00000100     UNINITIALIZED
                  00006100    00000100     DSP281x_GlobalVariableDefs.obj (ECanaMboxesFile)

SysCtrlRegsFile 
*          1    00007010    00000020     UNINITIALIZED
                  00007010    00000020     DSP281x_GlobalVariableDefs.obj (SysCtrlRegsFile)

SpiaRegsFile 
*          1    00007040    00000010     UNINITIALIZED
                  00007040    00000010     DSP281x_GlobalVariableDefs.obj (SpiaRegsFile)

SciaRegsFile 
*          1    00007050    00000010     UNINITIALIZED
                  00007050    00000010     DSP281x_GlobalVariableDefs.obj (SciaRegsFile)

XIntruptRegsFile 
*          1    00007070    00000010     UNINITIALIZED
                  00007070    00000010     DSP281x_GlobalVariableDefs.obj (XIntruptRegsFile)

GpioMuxRegsFile 
*          1    000070c0    00000020     UNINITIALIZED
                  000070c0    00000020     DSP281x_GlobalVariableDefs.obj (GpioMuxRegsFile)

GpioDataRegsFile 
*          1    000070e0    00000020     UNINITIALIZED
                  000070e0    00000020     DSP281x_GlobalVariableDefs.obj (GpioDataRegsFile)

AdcRegsFile 
*          1    00007100    0000001a     UNINITIALIZED
                  00007100    0000001a     DSP281x_GlobalVariableDefs.obj (AdcRegsFile)

EvaRegsFile 
*          1    00007400    00000032     UNINITIALIZED
                  00007400    00000032     DSP281x_GlobalVariableDefs.obj (EvaRegsFile)

EvbRegsFile 
*          1    00007500    00000032     UNINITIALIZED
                  00007500    00000032     DSP281x_GlobalVariableDefs.obj (EvbRegsFile)

ScibRegsFile 
*          1    00007750    00000010     UNINITIALIZED
                  00007750    00000010     DSP281x_GlobalVariableDefs.obj (ScibRegsFile)

McbspaRegsFile 
*          1    00007800    00000025     UNINITIALIZED
                  00007800    00000025     DSP281x_GlobalVariableDefs.obj (McbspaRegsFile)

.esysmem   1    00100000    00000000     UNINITIALIZED

.ebss      1    00100000    00000181     UNINITIALIZED
                  00100000    00000080     CapDrvTest.obj (.ebss)
                  00100080    00000080     rts2800_ml.lib : exit.obj (.ebss)
                  00100100    00000060     Tmrdrv.obj (.ebss)
                  00100160    0000001c     Capdrv.obj (.ebss)
                  0010017c    00000004     rts2800_ml.lib : _lock.obj (.ebss)
                  00100180    00000001                    : errno.obj (.ebss)

.econst    1    00100182    0000041a     
                  00100182    00000239     Tmrdrv.obj (.econst)
                  001003bb    00000001     --HOLE-- [fill = 0]
                  001003bc    00000139     Capdrv.obj (.econst)
                  001004f5    00000001     --HOLE-- [fill = 0]
                  001004f6    0000007c     CapDrvTest.obj (.econst)
                  00100572    0000002a     SysClk.obj (.econst)

CsmPwlFile 
*          1    003f7ff8    00000008     UNINITIALIZED
                  003f7ff8    00000008     DSP281x_GlobalVariableDefs.obj (CsmPwlFile)


GLOBAL SYMBOLS: SORTED ALPHABETICALLY BY Name 

address    name
--------   ----
00000000   .bss
00000000   .data
003f8006   .text
003f8ba2   C$$EXIT
003f8d86   FD$$ADD
003f8bc7   FD$$DIV
003f8c51   FD$$MPY
003f8cd3   FD$$SUB
003f8ce1   FD$$TOUL
003f8cfc   L$$DIV
003f8d0b   L$$MOD
003f8d19   UL$$DIV
003f8d20   UL$$MOD
003f8d66   UL$$TOFD
00007100   _AdcRegs
003f820c   _CAPDRV_fnClrIntFlag
003f8006   _CAPDRV_fnCtor
003f8194   _CAPDRV_fnEnInt
003f8273   _CAPDRV_fnGetCnt
003f8397   _CAPDRV_fnIsr1
003f83cd   _CAPDRV_fnIsr2
003f80dd   _CAPDRV_fnSet
003f812c   _CAPDRV_fnStart
001003c2   _CapTimeFn
001003bc   _CapTimeSel
00000c00   _CpuTimer0Regs
00000c08   _CpuTimer1Regs
00000c10   _CpuTimer2Regs
003f7ff8   _CsmPwl
00000ae0   _CsmRegs
003f8002   _DSP28x_usDelay
00000880   _DevEmuRegs
00006040   _ECanaLAMRegs
000060c0   _ECanaMOTORegs
00006080   _ECanaMOTSRegs
00006100   _ECanaMboxes
00006000   _ECanaRegs
00007400   _EvaRegs
00007500   _EvbRegs
00000a80   _FlashRegs
000070e0   _GpioDataRegs
000070c0   _GpioMuxRegs
003f845e   _INIT_fnInitIOConfig
003f8451   _INIT_fnSysInit
00007800   _McbspaRegs
00000ce0   _PieCtrlRegs
00000d00   _PieVectTable
003f8672   _SYSCLK_fnGetHiSpeedPeriphClk
003f8696   _SYSCLK_fnGetLoSpeedPeriphClk
003f86ba   _SYSCLK_fnGetSysClk
003f8688   _SYSCLK_fnSetHiSpeedPeriphClk
003f86ac   _SYSCLK_fnSetLoSpeedPeriphClk
003f86cd   _SYSCLK_fnSetSysClk
003f8443   _SYS_fnAbort
00007050   _SciaRegs
00007750   _ScibRegs
00007040   _SpiaRegs
00007010   _SysCtrlRegs
003f8410   _TEST_fnDoPinToggle
003f8403   _TEST_fnInitGPIO
003f8995   _TMRDRV_fnClrIntFlag
003f86db   _TMRDRV_fnCtor
003f8962   _TMRDRV_fnDisInt
003f871b   _TMRDRV_fnDtor
003f8931   _TMRDRV_fnEnInt
003f88f6   _TMRDRV_fnGetPeriod
003f88dc   _TMRDRV_fnGetStatus
003f8776   _TMRDRV_fnHold
003f87a3   _TMRDRV_fnResume
003f87cf   _TMRDRV_fnSet
003f887a   _TMRDRV_fnSetCompare
003f88b3   _TMRDRV_fnSetDelay
003f87f8   _TMRDRV_fnSetPeriod
003f881b   _TMRDRV_fnSetPrdFast
003f874a   _TMRDRV_fnStart
003f8764   _TMRDRV_fnStop
003f833b   _TestInitial
001001a4   _TimerAdcModeBits
00100190   _TimerAdcModeMsk
001001a0   _TimerAdcModeSft
00100185   _TimerClkModeBits
00100188   _TimerCntModeBit
001001c0   _TimerCompModeBits
00100182   _TimerEmuModeBits
001001b4   _TimerEnable
001001a8   _TimerImrBit
001001c4   _TimerIntBit
001001c9   _TimerIntStBit
0010018c   _TimerIoBits
00100194   _TimerMcrBits
001001b0   _TimerOutModeBits
00100198   _TimerOutModeMsk
0010019c   _TimerOutModeSft
001001ac   _TimerPieIerBits
001001b8   _TimerPrescalerMsk
001001bc   _TimerPrescalerSft
00007070   _XIntruptRegs
00000b20   _XintfRegs
00000190   __STACK_SIZE
00000000   ___bss__
003f8e1f   ___cinit__
00000000   ___data__
00000000   ___edata__
00000000   ___end__
003f8e1f   ___etext__
003f8d29   ___memcpy
003f8d47   ___memcpy_ff
003f8d3d   ___memcpy_fn
003f8d33   ___memcpy_nf
ffffffff   ___pinit__
003f8006   ___text__
00100084   __cleanup_ptr
00100082   __dtors_ptr
0010017e   __lock
003f8d7d   __nop
003f8d7e   __register_lock
003f8d82   __register_unlock
0010017c   __unlock
003f8bc6   _abort
003f8ba4   _atexit
003f8b36   _c_int00
00100180   _errno
003f8b7c   _exit
003f861b   _init_fnInitADC
003f8620   _init_fnInitEVA
003f8649   _init_fnInitEVB
003f85f8   _init_fnInitPIECtrl
003f85c9   _init_fnInitSystemControlRegs
003f831e   _main
003f8d26   _memcpy
003f89d1   _tmrdrv_fnCalcTimerParams
003f8b0a   _tmrdrv_fnGetId
003f8a17   _tmrdrv_fnInitTimerReg
0010016c   _tzZeroXTimer
00100162   _tzZeroXTimerPrd
003f8e1f   cinit
00000000   edata
00000000   end
003f8e1f   etext
ffffffff   pinit


GLOBAL SYMBOLS: SORTED BY Symbol Address 

address    name
--------   ----
00000000   ___data__
00000000   ___bss__
00000000   ___end__
00000000   ___edata__
00000000   edata
00000000   .data
00000000   .bss
00000000   end
00000190   __STACK_SIZE
00000880   _DevEmuRegs
00000a80   _FlashRegs
00000ae0   _CsmRegs
00000b20   _XintfRegs
00000c00   _CpuTimer0Regs
00000c08   _CpuTimer1Regs
00000c10   _CpuTimer2Regs
00000ce0   _PieCtrlRegs
00000d00   _PieVectTable
00006000   _ECanaRegs
00006040   _ECanaLAMRegs
00006080   _ECanaMOTSRegs
000060c0   _ECanaMOTORegs
00006100   _ECanaMboxes
00007010   _SysCtrlRegs
00007040   _SpiaRegs
00007050   _SciaRegs
00007070   _XIntruptRegs
000070c0   _GpioMuxRegs
000070e0   _GpioDataRegs
00007100   _AdcRegs
00007400   _EvaRegs
00007500   _EvbRegs
00007750   _ScibRegs
00007800   _McbspaRegs
00100082   __dtors_ptr
00100084   __cleanup_ptr
00100162   _tzZeroXTimerPrd
0010016c   _tzZeroXTimer
0010017c   __unlock
0010017e   __lock
00100180   _errno
00100182   _TimerEmuModeBits
00100185   _TimerClkModeBits
00100188   _TimerCntModeBit
0010018c   _TimerIoBits
00100190   _TimerAdcModeMsk
00100194   _TimerMcrBits
00100198   _TimerOutModeMsk
0010019c   _TimerOutModeSft
001001a0   _TimerAdcModeSft
001001a4   _TimerAdcModeBits
001001a8   _TimerImrBit
001001ac   _TimerPieIerBits
001001b0   _TimerOutModeBits
001001b4   _TimerEnable
001001b8   _TimerPrescalerMsk
001001bc   _TimerPrescalerSft
001001c0   _TimerCompModeBits
001001c4   _TimerIntBit
001001c9   _TimerIntStBit
001003bc   _CapTimeSel
001003c2   _CapTimeFn
003f7ff8   _CsmPwl
003f8002   _DSP28x_usDelay
003f8006   .text
003f8006   _CAPDRV_fnCtor
003f8006   ___text__
003f80dd   _CAPDRV_fnSet
003f812c   _CAPDRV_fnStart
003f8194   _CAPDRV_fnEnInt
003f820c   _CAPDRV_fnClrIntFlag
003f8273   _CAPDRV_fnGetCnt
003f831e   _main
003f833b   _TestInitial
003f8397   _CAPDRV_fnIsr1
003f83cd   _CAPDRV_fnIsr2
003f8403   _TEST_fnInitGPIO
003f8410   _TEST_fnDoPinToggle
003f8443   _SYS_fnAbort
003f8451   _INIT_fnSysInit
003f845e   _INIT_fnInitIOConfig
003f85c9   _init_fnInitSystemControlRegs
003f85f8   _init_fnInitPIECtrl
003f861b   _init_fnInitADC
003f8620   _init_fnInitEVA
003f8649   _init_fnInitEVB
003f8672   _SYSCLK_fnGetHiSpeedPeriphClk
003f8688   _SYSCLK_fnSetHiSpeedPeriphClk
003f8696   _SYSCLK_fnGetLoSpeedPeriphClk
003f86ac   _SYSCLK_fnSetLoSpeedPeriphClk
003f86ba   _SYSCLK_fnGetSysClk
003f86cd   _SYSCLK_fnSetSysClk
003f86db   _TMRDRV_fnCtor
003f871b   _TMRDRV_fnDtor
003f874a   _TMRDRV_fnStart
003f8764   _TMRDRV_fnStop
003f8776   _TMRDRV_fnHold
003f87a3   _TMRDRV_fnResume
003f87cf   _TMRDRV_fnSet
003f87f8   _TMRDRV_fnSetPeriod
003f881b   _TMRDRV_fnSetPrdFast
003f887a   _TMRDRV_fnSetCompare
003f88b3   _TMRDRV_fnSetDelay
003f88dc   _TMRDRV_fnGetStatus
003f88f6   _TMRDRV_fnGetPeriod
003f8931   _TMRDRV_fnEnInt
003f8962   _TMRDRV_fnDisInt
003f8995   _TMRDRV_fnClrIntFlag
003f89d1   _tmrdrv_fnCalcTimerParams
003f8a17   _tmrdrv_fnInitTimerReg
003f8b0a   _tmrdrv_fnGetId
003f8b36   _c_int00
003f8b7c   _exit
003f8ba2   C$$EXIT
003f8ba4   _atexit
003f8bc6   _abort
003f8bc7   FD$$DIV
003f8c51   FD$$MPY
003f8cd3   FD$$SUB
003f8ce1   FD$$TOUL
003f8cfc   L$$DIV
003f8d0b   L$$MOD
003f8d19   UL$$DIV
003f8d20   UL$$MOD
003f8d26   _memcpy
003f8d29   ___memcpy
003f8d33   ___memcpy_nf
003f8d3d   ___memcpy_fn
003f8d47   ___memcpy_ff
003f8d66   UL$$TOFD
003f8d7d   __nop
003f8d7e   __register_lock
003f8d82   __register_unlock
003f8d86   FD$$ADD
003f8e1f   etext
003f8e1f   ___cinit__
003f8e1f   ___etext__
003f8e1f   cinit
ffffffff   pinit
ffffffff   ___pinit__

[140 symbols]
