Units and locations in library 'G:\AccuRevWorking\XanBus\Software\Code\Pkgs\Protocols\XanBus\Targets\Motorola\HCS12X\DP512\Lib\XB.lib'
Unit name                                                                                                                                     size     from       to
G:\AccuRevWorking\XanBus\Software\Code\Pkgs\Protocols\XanBus\Targets\Motorola\HCS12X\DP512\Make\Project_Data\P&E\ObjectCode\CDrive.c.o       23332    21816    45148
G:\AccuRevWorking\XanBus\Software\Code\Pkgs\Protocols\XanBus\Targets\Motorola\HCS12X\DP512\Make\Project_Data\P&E\ObjectCode\PGNDOb.c.o       27356   133000   160356
G:\AccuRevWorking\XanBus\Software\Code\Pkgs\Protocols\XanBus\Targets\Motorola\HCS12X\DP512\Make\Project_Data\P&E\ObjectCode\canbuf.c.o       12296     9520    21816
G:\AccuRevWorking\XanBus\Software\Code\Pkgs\Protocols\XanBus\Targets\Motorola\HCS12X\DP512\Make\Project_Data\P&E\ObjectCode\canframe.c.o     28804    88892   117696
G:\AccuRevWorking\XanBus\Software\Code\Pkgs\Protocols\XanBus\Targets\Motorola\HCS12X\DP512\Make\Project_Data\P&E\ObjectCode\cdrvapi.c.o      24584    45148    69732
G:\AccuRevWorking\XanBus\Software\Code\Pkgs\Protocols\XanBus\Targets\Motorola\HCS12X\DP512\Make\Project_Data\P&E\ObjectCode\dobholdr.c.o     15304   117696   133000
G:\AccuRevWorking\XanBus\Software\Code\Pkgs\Protocols\XanBus\Targets\Motorola\HCS12X\DP512\Make\Project_Data\P&E\ObjectCode\msghandl.c.o      9360      160     9520
G:\AccuRevWorking\XanBus\Software\Code\Pkgs\Protocols\XanBus\Targets\Motorola\HCS12X\DP512\Make\Project_Data\P&E\ObjectCode\pgnrcvr.c.o      15504   160356   175860
G:\AccuRevWorking\XanBus\Software\Code\Pkgs\Protocols\XanBus\Targets\Motorola\HCS12X\DP512\Make\Project_Data\P&E\ObjectCode\pgnxmtr.c.o      13260   175860   189120
G:\AccuRevWorking\XanBus\Software\Code\Pkgs\Protocols\XanBus\Targets\Motorola\HCS12X\DP512\Make\Project_Data\P&E\ObjectCode\tfxlib.c.o       19160    69732    88892
G:\AccuRevWorking\XanBus\Software\Code\Pkgs\Protocols\XanBus\Targets\Motorola\HCS12X\DP512\Make\Project_Data\P&E\ObjectCode\xbaddr.c.o       63044   238060   301104
G:\AccuRevWorking\XanBus\Software\Code\Pkgs\Protocols\XanBus\Targets\Motorola\HCS12X\DP512\Make\Project_Data\P&E\ObjectCode\xbinit.c.o       22224   301104   323328
G:\AccuRevWorking\XanBus\Software\Code\Pkgs\Protocols\XanBus\Targets\Motorola\HCS12X\DP512\Make\Project_Data\P&E\ObjectCode\xbmem.c.o        15276   323328   338604
G:\AccuRevWorking\XanBus\Software\Code\Pkgs\Protocols\XanBus\Targets\Motorola\HCS12X\DP512\Make\Project_Data\P&E\ObjectCode\xbmltpkt.c.o     36052   442361   478413
G:\AccuRevWorking\XanBus\Software\Code\Pkgs\Protocols\XanBus\Targets\Motorola\HCS12X\DP512\Make\Project_Data\P&E\ObjectCode\xbmsg.c.o        48076   338604   386680
G:\AccuRevWorking\XanBus\Software\Code\Pkgs\Protocols\XanBus\Targets\Motorola\HCS12X\DP512\Make\Project_Data\P&E\ObjectCode\xbpack.c.o       47753   386680   434433
G:\AccuRevWorking\XanBus\Software\Code\Pkgs\Protocols\XanBus\Targets\Motorola\HCS12X\DP512\Make\Project_Data\P&E\ObjectCode\xbtfx.c.o         7928   434433   442361
G:\AccuRevWorking\XanBus\Software\Code\Pkgs\Protocols\XanBus\Targets\Motorola\HCS12X\DP512\Make\Project_Data\P&E\ObjectCode\xbtimers.c.o     48940   189120   238060

EXPORTED OBJECTS
CANBUF_fnCtor                     I   (G:\AccuRevWorking\XanBus\Software\Code\Pkgs\Protocols\XanBus\Targets\Motorola\HCS12X\DP512\Make\Project_Data\P&E\ObjectCode\CDrive.c.o)
CANBUF_fnCtor                     F   (G:\AccuRevWorking\XanBus\Software\Code\Pkgs\Protocols\XanBus\Targets\Motorola\HCS12X\DP512\Make\Project_Data\P&E\ObjectCode\canbuf.c.o)
CANBUF_fnRxExtract                I   (G:\AccuRevWorking\XanBus\Software\Code\Pkgs\Protocols\XanBus\Targets\Motorola\HCS12X\DP512\Make\Project_Data\P&E\ObjectCode\CDrive.c.o)
CANBUF_fnRxExtract                F   (G:\AccuRevWorking\XanBus\Software\Code\Pkgs\Protocols\XanBus\Targets\Motorola\HCS12X\DP512\Make\Project_Data\P&E\ObjectCode\canbuf.c.o)
CANBUF_fnRxInsert                 F   (G:\AccuRevWorking\XanBus\Software\Code\Pkgs\Protocols\XanBus\Targets\Motorola\HCS12X\DP512\Make\Project_Data\P&E\ObjectCode\canbuf.c.o)
CANBUF_fnRxInsert                 I   (G:\AccuRevWorking\XanBus\Software\Code\Pkgs\Protocols\XanBus\Targets\Motorola\HCS12X\DP512\Make\Project_Data\P&E\ObjectCode\cdrvapi.c.o)
CANBUF_fnTxExtract                I   (G:\AccuRevWorking\XanBus\Software\Code\Pkgs\Protocols\XanBus\Targets\Motorola\HCS12X\DP512\Make\Project_Data\P&E\ObjectCode\CDrive.c.o)
CANBUF_fnTxExtract                F   (G:\AccuRevWorking\XanBus\Software\Code\Pkgs\Protocols\XanBus\Targets\Motorola\HCS12X\DP512\Make\Project_Data\P&E\ObjectCode\canbuf.c.o)
CANBUF_fnTxExtract                I   (G:\AccuRevWorking\XanBus\Software\Code\Pkgs\Protocols\XanBus\Targets\Motorola\HCS12X\DP512\Make\Project_Data\P&E\ObjectCode\cdrvapi.c.o)
CANBUF_fnTxFull                   I   (G:\AccuRevWorking\XanBus\Software\Code\Pkgs\Protocols\XanBus\Targets\Motorola\HCS12X\DP512\Make\Project_Data\P&E\ObjectCode\CDrive.c.o)
CANBUF_fnTxFull                   F   (G:\AccuRevWorking\XanBus\Software\Code\Pkgs\Protocols\XanBus\Targets\Motorola\HCS12X\DP512\Make\Project_Data\P&E\ObjectCode\canbuf.c.o)
CANBUF_fnTxInsert                 I   (G:\AccuRevWorking\XanBus\Software\Code\Pkgs\Protocols\XanBus\Targets\Motorola\HCS12X\DP512\Make\Project_Data\P&E\ObjectCode\CDrive.c.o)
CANBUF_fnTxInsert                 F   (G:\AccuRevWorking\XanBus\Software\Code\Pkgs\Protocols\XanBus\Targets\Motorola\HCS12X\DP512\Make\Project_Data\P&E\ObjectCode\canbuf.c.o)
CANDRV_fnAbort                    I   (G:\AccuRevWorking\XanBus\Software\Code\Pkgs\Protocols\XanBus\Targets\Motorola\HCS12X\DP512\Make\Project_Data\P&E\ObjectCode\cdrvapi.c.o)
CANDRV_fnEnable                   I   (G:\AccuRevWorking\XanBus\Software\Code\Pkgs\Protocols\XanBus\Targets\Motorola\HCS12X\DP512\Make\Project_Data\P&E\ObjectCode\cdrvapi.c.o)
CANDRV_fnGetHandle                I   (G:\AccuRevWorking\XanBus\Software\Code\Pkgs\Protocols\XanBus\Targets\Motorola\HCS12X\DP512\Make\Project_Data\P&E\ObjectCode\cdrvapi.c.o)
CANDRV_fnInit                     I   (G:\AccuRevWorking\XanBus\Software\Code\Pkgs\Protocols\XanBus\Targets\Motorola\HCS12X\DP512\Make\Project_Data\P&E\ObjectCode\cdrvapi.c.o)
CANDRV_fnInstallCb                I   (G:\AccuRevWorking\XanBus\Software\Code\Pkgs\Protocols\XanBus\Targets\Motorola\HCS12X\DP512\Make\Project_Data\P&E\ObjectCode\CDrive.c.o)
CANDRV_fnInstallCb                I   (G:\AccuRevWorking\XanBus\Software\Code\Pkgs\Protocols\XanBus\Targets\Motorola\HCS12X\DP512\Make\Project_Data\P&E\ObjectCode\cdrvapi.c.o)
CANDRV_fnIsTransmitting           I   (G:\AccuRevWorking\XanBus\Software\Code\Pkgs\Protocols\XanBus\Targets\Motorola\HCS12X\DP512\Make\Project_Data\P&E\ObjectCode\cdrvapi.c.o)
CANDRV_fnReceive                  I   (G:\AccuRevWorking\XanBus\Software\Code\Pkgs\Protocols\XanBus\Targets\Motorola\HCS12X\DP512\Make\Project_Data\P&E\ObjectCode\cdrvapi.c.o)
CANDRV_fnRxStatus                 I   (G:\AccuRevWorking\XanBus\Software\Code\Pkgs\Protocols\XanBus\Targets\Motorola\HCS12X\DP512\Make\Project_Data\P&E\ObjectCode\cdrvapi.c.o)
CANDRV_fnSleep                    I   (G:\AccuRevWorking\XanBus\Software\Code\Pkgs\Protocols\XanBus\Targets\Motorola\HCS12X\DP512\Make\Project_Data\P&E\ObjectCode\CDrive.c.o)
CANDRV_fnTransmit                 I   (G:\AccuRevWorking\XanBus\Software\Code\Pkgs\Protocols\XanBus\Targets\Motorola\HCS12X\DP512\Make\Project_Data\P&E\ObjectCode\cdrvapi.c.o)
CANDRV_fnTransmitOk               I   (G:\AccuRevWorking\XanBus\Software\Code\Pkgs\Protocols\XanBus\Targets\Motorola\HCS12X\DP512\Make\Project_Data\P&E\ObjectCode\cdrvapi.c.o)
CANDRV_fnTxStatus                 I   (G:\AccuRevWorking\XanBus\Software\Code\Pkgs\Protocols\XanBus\Targets\Motorola\HCS12X\DP512\Make\Project_Data\P&E\ObjectCode\cdrvapi.c.o)
CANDRV_fnWakeUp                   I   (G:\AccuRevWorking\XanBus\Software\Code\Pkgs\Protocols\XanBus\Targets\Motorola\HCS12X\DP512\Make\Project_Data\P&E\ObjectCode\CDrive.c.o)
CANFrameAllocate                  F   (G:\AccuRevWorking\XanBus\Software\Code\Pkgs\Protocols\XanBus\Targets\Motorola\HCS12X\DP512\Make\Project_Data\P&E\ObjectCode\canframe.c.o)
CANFrameClearHandle               F   (G:\AccuRevWorking\XanBus\Software\Code\Pkgs\Protocols\XanBus\Targets\Motorola\HCS12X\DP512\Make\Project_Data\P&E\ObjectCode\canframe.c.o)
CANFrameClearHandle               I   (G:\AccuRevWorking\XanBus\Software\Code\Pkgs\Protocols\XanBus\Targets\Motorola\HCS12X\DP512\Make\Project_Data\P&E\ObjectCode\pgnxmtr.c.o)
CANFrameClearHandle               I   (G:\AccuRevWorking\XanBus\Software\Code\Pkgs\Protocols\XanBus\Targets\Motorola\HCS12X\DP512\Make\Project_Data\P&E\ObjectCode\xbmltpkt.c.o)
CANFrameConstruct                 F   (G:\AccuRevWorking\XanBus\Software\Code\Pkgs\Protocols\XanBus\Targets\Motorola\HCS12X\DP512\Make\Project_Data\P&E\ObjectCode\canframe.c.o)
CANFrameConstruct                 I   (G:\AccuRevWorking\XanBus\Software\Code\Pkgs\Protocols\XanBus\Targets\Motorola\HCS12X\DP512\Make\Project_Data\P&E\ObjectCode\tfxlib.c.o)
CANFrameCreate                    I   (G:\AccuRevWorking\XanBus\Software\Code\Pkgs\Protocols\XanBus\Targets\Motorola\HCS12X\DP512\Make\Project_Data\P&E\ObjectCode\PGNDOb.c.o)
CANFrameCreate                    F   (G:\AccuRevWorking\XanBus\Software\Code\Pkgs\Protocols\XanBus\Targets\Motorola\HCS12X\DP512\Make\Project_Data\P&E\ObjectCode\canframe.c.o)
CANFrameDestruct                  F   (G:\AccuRevWorking\XanBus\Software\Code\Pkgs\Protocols\XanBus\Targets\Motorola\HCS12X\DP512\Make\Project_Data\P&E\ObjectCode\canframe.c.o)
CANFrameFree                      F   (G:\AccuRevWorking\XanBus\Software\Code\Pkgs\Protocols\XanBus\Targets\Motorola\HCS12X\DP512\Make\Project_Data\P&E\ObjectCode\canframe.c.o)
CANFrameGetData                   F   (G:\AccuRevWorking\XanBus\Software\Code\Pkgs\Protocols\XanBus\Targets\Motorola\HCS12X\DP512\Make\Project_Data\P&E\ObjectCode\canframe.c.o)
CANFrameGetData                   I   (G:\AccuRevWorking\XanBus\Software\Code\Pkgs\Protocols\XanBus\Targets\Motorola\HCS12X\DP512\Make\Project_Data\P&E\ObjectCode\pgnrcvr.c.o)
CANFrameGetDestAddress            F   (G:\AccuRevWorking\XanBus\Software\Code\Pkgs\Protocols\XanBus\Targets\Motorola\HCS12X\DP512\Make\Project_Data\P&E\ObjectCode\canframe.c.o)
CANFrameGetDestAddress            I   (G:\AccuRevWorking\XanBus\Software\Code\Pkgs\Protocols\XanBus\Targets\Motorola\HCS12X\DP512\Make\Project_Data\P&E\ObjectCode\pgnrcvr.c.o)
CANFrameGetDestAddress            I   (G:\AccuRevWorking\XanBus\Software\Code\Pkgs\Protocols\XanBus\Targets\Motorola\HCS12X\DP512\Make\Project_Data\P&E\ObjectCode\xbtfx.c.o)
CANFrameGetPGN                    F   (G:\AccuRevWorking\XanBus\Software\Code\Pkgs\Protocols\XanBus\Targets\Motorola\HCS12X\DP512\Make\Project_Data\P&E\ObjectCode\canframe.c.o)
CANFrameGetPGN                    I   (G:\AccuRevWorking\XanBus\Software\Code\Pkgs\Protocols\XanBus\Targets\Motorola\HCS12X\DP512\Make\Project_Data\P&E\ObjectCode\pgnrcvr.c.o)
CANFrameGetSourceAddress          F   (G:\AccuRevWorking\XanBus\Software\Code\Pkgs\Protocols\XanBus\Targets\Motorola\HCS12X\DP512\Make\Project_Data\P&E\ObjectCode\canframe.c.o)
CANFrameGetSourceAddress          I   (G:\AccuRevWorking\XanBus\Software\Code\Pkgs\Protocols\XanBus\Targets\Motorola\HCS12X\DP512\Make\Project_Data\P&E\ObjectCode\pgnrcvr.c.o)
CANFrameRecv                      F   (G:\AccuRevWorking\XanBus\Software\Code\Pkgs\Protocols\XanBus\Targets\Motorola\HCS12X\DP512\Make\Project_Data\P&E\ObjectCode\canframe.c.o)
CANFrameRecv                      I   (G:\AccuRevWorking\XanBus\Software\Code\Pkgs\Protocols\XanBus\Targets\Motorola\HCS12X\DP512\Make\Project_Data\P&E\ObjectCode\pgnrcvr.c.o)
CANFrameRecvForeign               F   (G:\AccuRevWorking\XanBus\Software\Code\Pkgs\Protocols\XanBus\Targets\Motorola\HCS12X\DP512\Make\Project_Data\P&E\ObjectCode\canframe.c.o)
CANFrameSend                      I   (G:\AccuRevWorking\XanBus\Software\Code\Pkgs\Protocols\XanBus\Targets\Motorola\HCS12X\DP512\Make\Project_Data\P&E\ObjectCode\PGNDOb.c.o)
CANFrameSend                      F   (G:\AccuRevWorking\XanBus\Software\Code\Pkgs\Protocols\XanBus\Targets\Motorola\HCS12X\DP512\Make\Project_Data\P&E\ObjectCode\canframe.c.o)
CANFrameSendForeign               F   (G:\AccuRevWorking\XanBus\Software\Code\Pkgs\Protocols\XanBus\Targets\Motorola\HCS12X\DP512\Make\Project_Data\P&E\ObjectCode\canframe.c.o)
CANFrameSetRetry                  F   (G:\AccuRevWorking\XanBus\Software\Code\Pkgs\Protocols\XanBus\Targets\Motorola\HCS12X\DP512\Make\Project_Data\P&E\ObjectCode\canframe.c.o)
CANFrameXmitStatus                I   (G:\AccuRevWorking\XanBus\Software\Code\Pkgs\Protocols\XanBus\Targets\Motorola\HCS12X\DP512\Make\Project_Data\P&E\ObjectCode\PGNDOb.c.o)
CANFrameXmitStatus                F   (G:\AccuRevWorking\XanBus\Software\Code\Pkgs\Protocols\XanBus\Targets\Motorola\HCS12X\DP512\Make\Project_Data\P&E\ObjectCode\canframe.c.o)
DOBHLDAdd                         F   (G:\AccuRevWorking\XanBus\Software\Code\Pkgs\Protocols\XanBus\Targets\Motorola\HCS12X\DP512\Make\Project_Data\P&E\ObjectCode\dobholdr.c.o)
DOBHLDAdd                         I   (G:\AccuRevWorking\XanBus\Software\Code\Pkgs\Protocols\XanBus\Targets\Motorola\HCS12X\DP512\Make\Project_Data\P&E\ObjectCode\pgnrcvr.c.o)
DOBHLDAdd                         I   (G:\AccuRevWorking\XanBus\Software\Code\Pkgs\Protocols\XanBus\Targets\Motorola\HCS12X\DP512\Make\Project_Data\P&E\ObjectCode\tfxlib.c.o)
DOBHLDAdd                         I   (G:\AccuRevWorking\XanBus\Software\Code\Pkgs\Protocols\XanBus\Targets\Motorola\HCS12X\DP512\Make\Project_Data\P&E\ObjectCode\xbaddr.c.o)
DOBHLDAdd                         I   (G:\AccuRevWorking\XanBus\Software\Code\Pkgs\Protocols\XanBus\Targets\Motorola\HCS12X\DP512\Make\Project_Data\P&E\ObjectCode\xbmltpkt.c.o)
DOBHLDAdd                         I   (G:\AccuRevWorking\XanBus\Software\Code\Pkgs\Protocols\XanBus\Targets\Motorola\HCS12X\DP512\Make\Project_Data\P&E\ObjectCode\xbmsg.c.o)
DOBHLDConstruct                   F   (G:\AccuRevWorking\XanBus\Software\Code\Pkgs\Protocols\XanBus\Targets\Motorola\HCS12X\DP512\Make\Project_Data\P&E\ObjectCode\dobholdr.c.o)
DOBHLDConstruct                   I   (G:\AccuRevWorking\XanBus\Software\Code\Pkgs\Protocols\XanBus\Targets\Motorola\HCS12X\DP512\Make\Project_Data\P&E\ObjectCode\tfxlib.c.o)
DOBHLDDelete                      F   (G:\AccuRevWorking\XanBus\Software\Code\Pkgs\Protocols\XanBus\Targets\Motorola\HCS12X\DP512\Make\Project_Data\P&E\ObjectCode\dobholdr.c.o)
DOBHLDDelete                      I   (G:\AccuRevWorking\XanBus\Software\Code\Pkgs\Protocols\XanBus\Targets\Motorola\HCS12X\DP512\Make\Project_Data\P&E\ObjectCode\pgnxmtr.c.o)
DOBHLDDelete                      I   (G:\AccuRevWorking\XanBus\Software\Code\Pkgs\Protocols\XanBus\Targets\Motorola\HCS12X\DP512\Make\Project_Data\P&E\ObjectCode\tfxlib.c.o)
DOBHLDDelete                      I   (G:\AccuRevWorking\XanBus\Software\Code\Pkgs\Protocols\XanBus\Targets\Motorola\HCS12X\DP512\Make\Project_Data\P&E\ObjectCode\xbmltpkt.c.o)
DOBHLDDelete                      I   (G:\AccuRevWorking\XanBus\Software\Code\Pkgs\Protocols\XanBus\Targets\Motorola\HCS12X\DP512\Make\Project_Data\P&E\ObjectCode\xbmsg.c.o)
DOBHLDDestruct                    F   (G:\AccuRevWorking\XanBus\Software\Code\Pkgs\Protocols\XanBus\Targets\Motorola\HCS12X\DP512\Make\Project_Data\P&E\ObjectCode\dobholdr.c.o)
DOBHLDFindFromFrame               F   (G:\AccuRevWorking\XanBus\Software\Code\Pkgs\Protocols\XanBus\Targets\Motorola\HCS12X\DP512\Make\Project_Data\P&E\ObjectCode\dobholdr.c.o)
DOBHLDFindFromFrame               I   (G:\AccuRevWorking\XanBus\Software\Code\Pkgs\Protocols\XanBus\Targets\Motorola\HCS12X\DP512\Make\Project_Data\P&E\ObjectCode\pgnrcvr.c.o)
DOBHLDFirst                       F   (G:\AccuRevWorking\XanBus\Software\Code\Pkgs\Protocols\XanBus\Targets\Motorola\HCS12X\DP512\Make\Project_Data\P&E\ObjectCode\dobholdr.c.o)
DOBHLDFirst                       I   (G:\AccuRevWorking\XanBus\Software\Code\Pkgs\Protocols\XanBus\Targets\Motorola\HCS12X\DP512\Make\Project_Data\P&E\ObjectCode\pgnxmtr.c.o)
DOBHLDFirst                       I   (G:\AccuRevWorking\XanBus\Software\Code\Pkgs\Protocols\XanBus\Targets\Motorola\HCS12X\DP512\Make\Project_Data\P&E\ObjectCode\xbinit.c.o)
DOBHLDFirst                       I   (G:\AccuRevWorking\XanBus\Software\Code\Pkgs\Protocols\XanBus\Targets\Motorola\HCS12X\DP512\Make\Project_Data\P&E\ObjectCode\xbmltpkt.c.o)
DOBHLDNext                        F   (G:\AccuRevWorking\XanBus\Software\Code\Pkgs\Protocols\XanBus\Targets\Motorola\HCS12X\DP512\Make\Project_Data\P&E\ObjectCode\dobholdr.c.o)
DOBHLDNext                        I   (G:\AccuRevWorking\XanBus\Software\Code\Pkgs\Protocols\XanBus\Targets\Motorola\HCS12X\DP512\Make\Project_Data\P&E\ObjectCode\pgnxmtr.c.o)
DOBHLDNext                        I   (G:\AccuRevWorking\XanBus\Software\Code\Pkgs\Protocols\XanBus\Targets\Motorola\HCS12X\DP512\Make\Project_Data\P&E\ObjectCode\xbmltpkt.c.o)
DRVAPI_bOK_to_send                I   (G:\AccuRevWorking\XanBus\Software\Code\Pkgs\Protocols\XanBus\Targets\Motorola\HCS12X\DP512\Make\Project_Data\P&E\ObjectCode\CDrive.c.o)
DRVAPI_bOK_to_send                F   (G:\AccuRevWorking\XanBus\Software\Code\Pkgs\Protocols\XanBus\Targets\Motorola\HCS12X\DP512\Make\Project_Data\P&E\ObjectCode\cdrvapi.c.o)
DRVAPI_fnBufferToCanData          I   (G:\AccuRevWorking\XanBus\Software\Code\Pkgs\Protocols\XanBus\Targets\Motorola\HCS12X\DP512\Make\Project_Data\P&E\ObjectCode\CDrive.c.o)
DRVAPI_fnBufferToCanData          F   (G:\AccuRevWorking\XanBus\Software\Code\Pkgs\Protocols\XanBus\Targets\Motorola\HCS12X\DP512\Make\Project_Data\P&E\ObjectCode\cdrvapi.c.o)
DRVAPI_fnBusState                 I   (G:\AccuRevWorking\XanBus\Software\Code\Pkgs\Protocols\XanBus\Targets\Motorola\HCS12X\DP512\Make\Project_Data\P&E\ObjectCode\CDrive.c.o)
DRVAPI_fnBusState                 F   (G:\AccuRevWorking\XanBus\Software\Code\Pkgs\Protocols\XanBus\Targets\Motorola\HCS12X\DP512\Make\Project_Data\P&E\ObjectCode\cdrvapi.c.o)
DRVAPI_fnCanDataToBuffer          I   (G:\AccuRevWorking\XanBus\Software\Code\Pkgs\Protocols\XanBus\Targets\Motorola\HCS12X\DP512\Make\Project_Data\P&E\ObjectCode\CDrive.c.o)
DRVAPI_fnCanDataToBuffer          F   (G:\AccuRevWorking\XanBus\Software\Code\Pkgs\Protocols\XanBus\Targets\Motorola\HCS12X\DP512\Make\Project_Data\P&E\ObjectCode\cdrvapi.c.o)
DRVAPI_fnClearCommStats           I   (G:\AccuRevWorking\XanBus\Software\Code\Pkgs\Protocols\XanBus\Targets\Motorola\HCS12X\DP512\Make\Project_Data\P&E\ObjectCode\CDrive.c.o)
DRVAPI_fnClearCommStats           F   (G:\AccuRevWorking\XanBus\Software\Code\Pkgs\Protocols\XanBus\Targets\Motorola\HCS12X\DP512\Make\Project_Data\P&E\ObjectCode\cdrvapi.c.o)
DRVAPI_fnCountTxLost              I   (G:\AccuRevWorking\XanBus\Software\Code\Pkgs\Protocols\XanBus\Targets\Motorola\HCS12X\DP512\Make\Project_Data\P&E\ObjectCode\CDrive.c.o)
DRVAPI_fnCountTxLost              F   (G:\AccuRevWorking\XanBus\Software\Code\Pkgs\Protocols\XanBus\Targets\Motorola\HCS12X\DP512\Make\Project_Data\P&E\ObjectCode\cdrvapi.c.o)
DRVAPI_fnGetCommStats             I   (G:\AccuRevWorking\XanBus\Software\Code\Pkgs\Protocols\XanBus\Targets\Motorola\HCS12X\DP512\Make\Project_Data\P&E\ObjectCode\CDrive.c.o)
DRVAPI_fnGetCommStats             F   (G:\AccuRevWorking\XanBus\Software\Code\Pkgs\Protocols\XanBus\Targets\Motorola\HCS12X\DP512\Make\Project_Data\P&E\ObjectCode\cdrvapi.c.o)
DRVAPI_fnIsBlocked                I   (G:\AccuRevWorking\XanBus\Software\Code\Pkgs\Protocols\XanBus\Targets\Motorola\HCS12X\DP512\Make\Project_Data\P&E\ObjectCode\CDrive.c.o)
DRVAPI_fnIsBlocked                F   (G:\AccuRevWorking\XanBus\Software\Code\Pkgs\Protocols\XanBus\Targets\Motorola\HCS12X\DP512\Make\Project_Data\P&E\ObjectCode\cdrvapi.c.o)
DRVAPI_fnStatusTick               I   (G:\AccuRevWorking\XanBus\Software\Code\Pkgs\Protocols\XanBus\Targets\Motorola\HCS12X\DP512\Make\Project_Data\P&E\ObjectCode\CDrive.c.o)
DRVAPI_fnStatusTick               F   (G:\AccuRevWorking\XanBus\Software\Code\Pkgs\Protocols\XanBus\Targets\Motorola\HCS12X\DP512\Make\Project_Data\P&E\ObjectCode\cdrvapi.c.o)
DRVAPI_i16InitController          I   (G:\AccuRevWorking\XanBus\Software\Code\Pkgs\Protocols\XanBus\Targets\Motorola\HCS12X\DP512\Make\Project_Data\P&E\ObjectCode\CDrive.c.o)
DRVAPI_i16InitController          F   (G:\AccuRevWorking\XanBus\Software\Code\Pkgs\Protocols\XanBus\Targets\Motorola\HCS12X\DP512\Make\Project_Data\P&E\ObjectCode\cdrvapi.c.o)
DRVAPI_iXmit_object               I   (G:\AccuRevWorking\XanBus\Software\Code\Pkgs\Protocols\XanBus\Targets\Motorola\HCS12X\DP512\Make\Project_Data\P&E\ObjectCode\CDrive.c.o)
DRVAPI_iXmit_object               F   (G:\AccuRevWorking\XanBus\Software\Code\Pkgs\Protocols\XanBus\Targets\Motorola\HCS12X\DP512\Make\Project_Data\P&E\ObjectCode\cdrvapi.c.o)
DRVAPI_vDisable_int               I   (G:\AccuRevWorking\XanBus\Software\Code\Pkgs\Protocols\XanBus\Targets\Motorola\HCS12X\DP512\Make\Project_Data\P&E\ObjectCode\CDrive.c.o)
DRVAPI_vDisable_int               F   (G:\AccuRevWorking\XanBus\Software\Code\Pkgs\Protocols\XanBus\Targets\Motorola\HCS12X\DP512\Make\Project_Data\P&E\ObjectCode\cdrvapi.c.o)
DRVAPI_vEnable_int                I   (G:\AccuRevWorking\XanBus\Software\Code\Pkgs\Protocols\XanBus\Targets\Motorola\HCS12X\DP512\Make\Project_Data\P&E\ObjectCode\CDrive.c.o)
DRVAPI_vEnable_int                F   (G:\AccuRevWorking\XanBus\Software\Code\Pkgs\Protocols\XanBus\Targets\Motorola\HCS12X\DP512\Make\Project_Data\P&E\ObjectCode\cdrvapi.c.o)
PDOBCallback                      F   (G:\AccuRevWorking\XanBus\Software\Code\Pkgs\Protocols\XanBus\Targets\Motorola\HCS12X\DP512\Make\Project_Data\P&E\ObjectCode\PGNDOb.c.o)
PDOBCallback                      I   (G:\AccuRevWorking\XanBus\Software\Code\Pkgs\Protocols\XanBus\Targets\Motorola\HCS12X\DP512\Make\Project_Data\P&E\ObjectCode\pgnxmtr.c.o)
PDOBConstruct                     F   (G:\AccuRevWorking\XanBus\Software\Code\Pkgs\Protocols\XanBus\Targets\Motorola\HCS12X\DP512\Make\Project_Data\P&E\ObjectCode\PGNDOb.c.o)
PDOBConstruct                     I   (G:\AccuRevWorking\XanBus\Software\Code\Pkgs\Protocols\XanBus\Targets\Motorola\HCS12X\DP512\Make\Project_Data\P&E\ObjectCode\tfxlib.c.o)
PDOBConstructAlloc                F   (G:\AccuRevWorking\XanBus\Software\Code\Pkgs\Protocols\XanBus\Targets\Motorola\HCS12X\DP512\Make\Project_Data\P&E\ObjectCode\PGNDOb.c.o)
PDOBConstructAlloc                I   (G:\AccuRevWorking\XanBus\Software\Code\Pkgs\Protocols\XanBus\Targets\Motorola\HCS12X\DP512\Make\Project_Data\P&E\ObjectCode\pgnrcvr.c.o)
PDOBConstructAlloc                I   (G:\AccuRevWorking\XanBus\Software\Code\Pkgs\Protocols\XanBus\Targets\Motorola\HCS12X\DP512\Make\Project_Data\P&E\ObjectCode\xbaddr.c.o)
PDOBConstructAlloc                I   (G:\AccuRevWorking\XanBus\Software\Code\Pkgs\Protocols\XanBus\Targets\Motorola\HCS12X\DP512\Make\Project_Data\P&E\ObjectCode\xbmltpkt.c.o)
PDOBConstructAlloc                I   (G:\AccuRevWorking\XanBus\Software\Code\Pkgs\Protocols\XanBus\Targets\Motorola\HCS12X\DP512\Make\Project_Data\P&E\ObjectCode\xbmsg.c.o)
PDOBData                          F   (G:\AccuRevWorking\XanBus\Software\Code\Pkgs\Protocols\XanBus\Targets\Motorola\HCS12X\DP512\Make\Project_Data\P&E\ObjectCode\PGNDOb.c.o)
PDOBData                          I   (G:\AccuRevWorking\XanBus\Software\Code\Pkgs\Protocols\XanBus\Targets\Motorola\HCS12X\DP512\Make\Project_Data\P&E\ObjectCode\pgnrcvr.c.o)
PDOBDestruct                      F   (G:\AccuRevWorking\XanBus\Software\Code\Pkgs\Protocols\XanBus\Targets\Motorola\HCS12X\DP512\Make\Project_Data\P&E\ObjectCode\PGNDOb.c.o)
PDOBDestruct                      I   (G:\AccuRevWorking\XanBus\Software\Code\Pkgs\Protocols\XanBus\Targets\Motorola\HCS12X\DP512\Make\Project_Data\P&E\ObjectCode\pgnrcvr.c.o)
PDOBDestruct                      I   (G:\AccuRevWorking\XanBus\Software\Code\Pkgs\Protocols\XanBus\Targets\Motorola\HCS12X\DP512\Make\Project_Data\P&E\ObjectCode\pgnxmtr.c.o)
PDOBDestruct                      I   (G:\AccuRevWorking\XanBus\Software\Code\Pkgs\Protocols\XanBus\Targets\Motorola\HCS12X\DP512\Make\Project_Data\P&E\ObjectCode\xbaddr.c.o)
PDOBDestruct                      I   (G:\AccuRevWorking\XanBus\Software\Code\Pkgs\Protocols\XanBus\Targets\Motorola\HCS12X\DP512\Make\Project_Data\P&E\ObjectCode\xbmltpkt.c.o)
PDOBDestruct                      I   (G:\AccuRevWorking\XanBus\Software\Code\Pkgs\Protocols\XanBus\Targets\Motorola\HCS12X\DP512\Make\Project_Data\P&E\ObjectCode\xbmsg.c.o)
PDOBDoXStatus                     F   (G:\AccuRevWorking\XanBus\Software\Code\Pkgs\Protocols\XanBus\Targets\Motorola\HCS12X\DP512\Make\Project_Data\P&E\ObjectCode\PGNDOb.c.o)
PDOBDoXStatus                     I   (G:\AccuRevWorking\XanBus\Software\Code\Pkgs\Protocols\XanBus\Targets\Motorola\HCS12X\DP512\Make\Project_Data\P&E\ObjectCode\pgnxmtr.c.o)
PDOBGetNextXmitFrame              F   (G:\AccuRevWorking\XanBus\Software\Code\Pkgs\Protocols\XanBus\Targets\Motorola\HCS12X\DP512\Make\Project_Data\P&E\ObjectCode\PGNDOb.c.o)
PDOBGetPort                       F   (G:\AccuRevWorking\XanBus\Software\Code\Pkgs\Protocols\XanBus\Targets\Motorola\HCS12X\DP512\Make\Project_Data\P&E\ObjectCode\PGNDOb.c.o)
PDOBGetPort                       I   (G:\AccuRevWorking\XanBus\Software\Code\Pkgs\Protocols\XanBus\Targets\Motorola\HCS12X\DP512\Make\Project_Data\P&E\ObjectCode\pgnxmtr.c.o)
PDOBHasFrameToTransmit            F   (G:\AccuRevWorking\XanBus\Software\Code\Pkgs\Protocols\XanBus\Targets\Motorola\HCS12X\DP512\Make\Project_Data\P&E\ObjectCode\PGNDOb.c.o)
PDOBHasFrameToTransmit            I   (G:\AccuRevWorking\XanBus\Software\Code\Pkgs\Protocols\XanBus\Targets\Motorola\HCS12X\DP512\Make\Project_Data\P&E\ObjectCode\pgnxmtr.c.o)
PDOBOutputStatus                  F   (G:\AccuRevWorking\XanBus\Software\Code\Pkgs\Protocols\XanBus\Targets\Motorola\HCS12X\DP512\Make\Project_Data\P&E\ObjectCode\PGNDOb.c.o)
PDOBOutputStatus                  I   (G:\AccuRevWorking\XanBus\Software\Code\Pkgs\Protocols\XanBus\Targets\Motorola\HCS12X\DP512\Make\Project_Data\P&E\ObjectCode\pgnxmtr.c.o)
PDOBSetCallback                   F   (G:\AccuRevWorking\XanBus\Software\Code\Pkgs\Protocols\XanBus\Targets\Motorola\HCS12X\DP512\Make\Project_Data\P&E\ObjectCode\PGNDOb.c.o)
PDOBSetCallback                   I   (G:\AccuRevWorking\XanBus\Software\Code\Pkgs\Protocols\XanBus\Targets\Motorola\HCS12X\DP512\Make\Project_Data\P&E\ObjectCode\tfxlib.c.o)
PDOBSetCallback                   I   (G:\AccuRevWorking\XanBus\Software\Code\Pkgs\Protocols\XanBus\Targets\Motorola\HCS12X\DP512\Make\Project_Data\P&E\ObjectCode\xbmltpkt.c.o)
PDOBSetDestAddress                F   (G:\AccuRevWorking\XanBus\Software\Code\Pkgs\Protocols\XanBus\Targets\Motorola\HCS12X\DP512\Make\Project_Data\P&E\ObjectCode\PGNDOb.c.o)
PDOBSetPort                       F   (G:\AccuRevWorking\XanBus\Software\Code\Pkgs\Protocols\XanBus\Targets\Motorola\HCS12X\DP512\Make\Project_Data\P&E\ObjectCode\PGNDOb.c.o)
PDOBSetPort                       I   (G:\AccuRevWorking\XanBus\Software\Code\Pkgs\Protocols\XanBus\Targets\Motorola\HCS12X\DP512\Make\Project_Data\P&E\ObjectCode\pgnrcvr.c.o)
PDOBSetPort                       I   (G:\AccuRevWorking\XanBus\Software\Code\Pkgs\Protocols\XanBus\Targets\Motorola\HCS12X\DP512\Make\Project_Data\P&E\ObjectCode\tfxlib.c.o)
PDOBSetPort                       I   (G:\AccuRevWorking\XanBus\Software\Code\Pkgs\Protocols\XanBus\Targets\Motorola\HCS12X\DP512\Make\Project_Data\P&E\ObjectCode\xbaddr.c.o)
PDOBSetPort                       I   (G:\AccuRevWorking\XanBus\Software\Code\Pkgs\Protocols\XanBus\Targets\Motorola\HCS12X\DP512\Make\Project_Data\P&E\ObjectCode\xbmltpkt.c.o)
PDOBSetPort                       I   (G:\AccuRevWorking\XanBus\Software\Code\Pkgs\Protocols\XanBus\Targets\Motorola\HCS12X\DP512\Make\Project_Data\P&E\ObjectCode\xbmsg.c.o)
PDOBSetSourceAddr                 F   (G:\AccuRevWorking\XanBus\Software\Code\Pkgs\Protocols\XanBus\Targets\Motorola\HCS12X\DP512\Make\Project_Data\P&E\ObjectCode\PGNDOb.c.o)
PDOBSetSourceAddr                 I   (G:\AccuRevWorking\XanBus\Software\Code\Pkgs\Protocols\XanBus\Targets\Motorola\HCS12X\DP512\Make\Project_Data\P&E\ObjectCode\pgnrcvr.c.o)
PDOBSetSourceAddr                 I   (G:\AccuRevWorking\XanBus\Software\Code\Pkgs\Protocols\XanBus\Targets\Motorola\HCS12X\DP512\Make\Project_Data\P&E\ObjectCode\xbmltpkt.c.o)
PDOBSetTimer                      F   (G:\AccuRevWorking\XanBus\Software\Code\Pkgs\Protocols\XanBus\Targets\Motorola\HCS12X\DP512\Make\Project_Data\P&E\ObjectCode\PGNDOb.c.o)
PDOBSetTimer                      I   (G:\AccuRevWorking\XanBus\Software\Code\Pkgs\Protocols\XanBus\Targets\Motorola\HCS12X\DP512\Make\Project_Data\P&E\ObjectCode\tfxlib.c.o)
PDOBSetTimer                      I   (G:\AccuRevWorking\XanBus\Software\Code\Pkgs\Protocols\XanBus\Targets\Motorola\HCS12X\DP512\Make\Project_Data\P&E\ObjectCode\xbmltpkt.c.o)
PDOBTickTransmit                  F   (G:\AccuRevWorking\XanBus\Software\Code\Pkgs\Protocols\XanBus\Targets\Motorola\HCS12X\DP512\Make\Project_Data\P&E\ObjectCode\PGNDOb.c.o)
PDOBTickTransmit                  I   (G:\AccuRevWorking\XanBus\Software\Code\Pkgs\Protocols\XanBus\Targets\Motorola\HCS12X\DP512\Make\Project_Data\P&E\ObjectCode\pgnxmtr.c.o)
PDOBWrite                         F   (G:\AccuRevWorking\XanBus\Software\Code\Pkgs\Protocols\XanBus\Targets\Motorola\HCS12X\DP512\Make\Project_Data\P&E\ObjectCode\PGNDOb.c.o)
PDOBWrite                         I   (G:\AccuRevWorking\XanBus\Software\Code\Pkgs\Protocols\XanBus\Targets\Motorola\HCS12X\DP512\Make\Project_Data\P&E\ObjectCode\pgnxmtr.c.o)
PGNRConstruct                     F   (G:\AccuRevWorking\XanBus\Software\Code\Pkgs\Protocols\XanBus\Targets\Motorola\HCS12X\DP512\Make\Project_Data\P&E\ObjectCode\pgnrcvr.c.o)
PGNRConstruct                     I   (G:\AccuRevWorking\XanBus\Software\Code\Pkgs\Protocols\XanBus\Targets\Motorola\HCS12X\DP512\Make\Project_Data\P&E\ObjectCode\tfxlib.c.o)
PGNRDestruct                      F   (G:\AccuRevWorking\XanBus\Software\Code\Pkgs\Protocols\XanBus\Targets\Motorola\HCS12X\DP512\Make\Project_Data\P&E\ObjectCode\pgnrcvr.c.o)
PGNRSetFramesInPerTick            F   (G:\AccuRevWorking\XanBus\Software\Code\Pkgs\Protocols\XanBus\Targets\Motorola\HCS12X\DP512\Make\Project_Data\P&E\ObjectCode\pgnrcvr.c.o)
PGNRSetFramesInPerTick            I   (G:\AccuRevWorking\XanBus\Software\Code\Pkgs\Protocols\XanBus\Targets\Motorola\HCS12X\DP512\Make\Project_Data\P&E\ObjectCode\tfxlib.c.o)
PGNRTick                          F   (G:\AccuRevWorking\XanBus\Software\Code\Pkgs\Protocols\XanBus\Targets\Motorola\HCS12X\DP512\Make\Project_Data\P&E\ObjectCode\pgnrcvr.c.o)
PGNRTick                          I   (G:\AccuRevWorking\XanBus\Software\Code\Pkgs\Protocols\XanBus\Targets\Motorola\HCS12X\DP512\Make\Project_Data\P&E\ObjectCode\tfxlib.c.o)
PGNXConstruct                     F   (G:\AccuRevWorking\XanBus\Software\Code\Pkgs\Protocols\XanBus\Targets\Motorola\HCS12X\DP512\Make\Project_Data\P&E\ObjectCode\pgnxmtr.c.o)
PGNXConstruct                     I   (G:\AccuRevWorking\XanBus\Software\Code\Pkgs\Protocols\XanBus\Targets\Motorola\HCS12X\DP512\Make\Project_Data\P&E\ObjectCode\tfxlib.c.o)
PGNXDestruct                      F   (G:\AccuRevWorking\XanBus\Software\Code\Pkgs\Protocols\XanBus\Targets\Motorola\HCS12X\DP512\Make\Project_Data\P&E\ObjectCode\pgnxmtr.c.o)
PGNXSetFramesOutPerTick           F   (G:\AccuRevWorking\XanBus\Software\Code\Pkgs\Protocols\XanBus\Targets\Motorola\HCS12X\DP512\Make\Project_Data\P&E\ObjectCode\pgnxmtr.c.o)
PGNXSetFramesOutPerTick           I   (G:\AccuRevWorking\XanBus\Software\Code\Pkgs\Protocols\XanBus\Targets\Motorola\HCS12X\DP512\Make\Project_Data\P&E\ObjectCode\tfxlib.c.o)
PGNXTick                          F   (G:\AccuRevWorking\XanBus\Software\Code\Pkgs\Protocols\XanBus\Targets\Motorola\HCS12X\DP512\Make\Project_Data\P&E\ObjectCode\pgnxmtr.c.o)
PGNXTick                          I   (G:\AccuRevWorking\XanBus\Software\Code\Pkgs\Protocols\XanBus\Targets\Motorola\HCS12X\DP512\Make\Project_Data\P&E\ObjectCode\tfxlib.c.o)
TFXDRV_WriteFrame                 F   (G:\AccuRevWorking\XanBus\Software\Code\Pkgs\Protocols\XanBus\Targets\Motorola\HCS12X\DP512\Make\Project_Data\P&E\ObjectCode\CDrive.c.o)
TFXDRV_fnClearCommStats           F   (G:\AccuRevWorking\XanBus\Software\Code\Pkgs\Protocols\XanBus\Targets\Motorola\HCS12X\DP512\Make\Project_Data\P&E\ObjectCode\CDrive.c.o)
TFXDRV_fnClearCommStats           I   (G:\AccuRevWorking\XanBus\Software\Code\Pkgs\Protocols\XanBus\Targets\Motorola\HCS12X\DP512\Make\Project_Data\P&E\ObjectCode\xbmsg.c.o)
TFXDRV_fnGetCommStats             F   (G:\AccuRevWorking\XanBus\Software\Code\Pkgs\Protocols\XanBus\Targets\Motorola\HCS12X\DP512\Make\Project_Data\P&E\ObjectCode\CDrive.c.o)
TFXDRV_fnGetCommStats             I   (G:\AccuRevWorking\XanBus\Software\Code\Pkgs\Protocols\XanBus\Targets\Motorola\HCS12X\DP512\Make\Project_Data\P&E\ObjectCode\xbinit.c.o)
TFXDRV_fnGetCommStats             I   (G:\AccuRevWorking\XanBus\Software\Code\Pkgs\Protocols\XanBus\Targets\Motorola\HCS12X\DP512\Make\Project_Data\P&E\ObjectCode\xbmsg.c.o)
TFXDRV_fnInstallWakeupCb          F   (G:\AccuRevWorking\XanBus\Software\Code\Pkgs\Protocols\XanBus\Targets\Motorola\HCS12X\DP512\Make\Project_Data\P&E\ObjectCode\CDrive.c.o)
TFXDRV_fnInstallWakeupCb          I   (G:\AccuRevWorking\XanBus\Software\Code\Pkgs\Protocols\XanBus\Targets\Motorola\HCS12X\DP512\Make\Project_Data\P&E\ObjectCode\xbinit.c.o)
TFXDRV_fnIsBlocked                F   (G:\AccuRevWorking\XanBus\Software\Code\Pkgs\Protocols\XanBus\Targets\Motorola\HCS12X\DP512\Make\Project_Data\P&E\ObjectCode\CDrive.c.o)
TFXDRV_fnIsBlocked                I   (G:\AccuRevWorking\XanBus\Software\Code\Pkgs\Protocols\XanBus\Targets\Motorola\HCS12X\DP512\Make\Project_Data\P&E\ObjectCode\xbmsg.c.o)
TFXDRV_fnIsBlocked                I   (G:\AccuRevWorking\XanBus\Software\Code\Pkgs\Protocols\XanBus\Targets\Motorola\HCS12X\DP512\Make\Project_Data\P&E\ObjectCode\xbtimers.c.o)
TFXDRV_fnSleep                    F   (G:\AccuRevWorking\XanBus\Software\Code\Pkgs\Protocols\XanBus\Targets\Motorola\HCS12X\DP512\Make\Project_Data\P&E\ObjectCode\CDrive.c.o)
TFXDRV_fnSleep                    I   (G:\AccuRevWorking\XanBus\Software\Code\Pkgs\Protocols\XanBus\Targets\Motorola\HCS12X\DP512\Make\Project_Data\P&E\ObjectCode\xbinit.c.o)
TFXDRV_fnStatusTick               F   (G:\AccuRevWorking\XanBus\Software\Code\Pkgs\Protocols\XanBus\Targets\Motorola\HCS12X\DP512\Make\Project_Data\P&E\ObjectCode\CDrive.c.o)
TFXDRV_fnStatusTick               I   (G:\AccuRevWorking\XanBus\Software\Code\Pkgs\Protocols\XanBus\Targets\Motorola\HCS12X\DP512\Make\Project_Data\P&E\ObjectCode\xbinit.c.o)
TFXDRV_fnWakeUp                   F   (G:\AccuRevWorking\XanBus\Software\Code\Pkgs\Protocols\XanBus\Targets\Motorola\HCS12X\DP512\Make\Project_Data\P&E\ObjectCode\CDrive.c.o)
TFXDRV_fnWakeUp                   I   (G:\AccuRevWorking\XanBus\Software\Code\Pkgs\Protocols\XanBus\Targets\Motorola\HCS12X\DP512\Make\Project_Data\P&E\ObjectCode\xbinit.c.o)
TFXDRV_i16ConnectController       F   (G:\AccuRevWorking\XanBus\Software\Code\Pkgs\Protocols\XanBus\Targets\Motorola\HCS12X\DP512\Make\Project_Data\P&E\ObjectCode\CDrive.c.o)
TFXDRV_i16ControllerState         F   (G:\AccuRevWorking\XanBus\Software\Code\Pkgs\Protocols\XanBus\Targets\Motorola\HCS12X\DP512\Make\Project_Data\P&E\ObjectCode\CDrive.c.o)
TFXDRV_i16ControllerState         I   (G:\AccuRevWorking\XanBus\Software\Code\Pkgs\Protocols\XanBus\Targets\Motorola\HCS12X\DP512\Make\Project_Data\P&E\ObjectCode\tfxlib.c.o)
TFXDRV_i16ControllerState         I   (G:\AccuRevWorking\XanBus\Software\Code\Pkgs\Protocols\XanBus\Targets\Motorola\HCS12X\DP512\Make\Project_Data\P&E\ObjectCode\xbmsg.c.o)
TFXDRV_i16InitBuffers             F   (G:\AccuRevWorking\XanBus\Software\Code\Pkgs\Protocols\XanBus\Targets\Motorola\HCS12X\DP512\Make\Project_Data\P&E\ObjectCode\CDrive.c.o)
TFXDRV_i16InitBuffers             I   (G:\AccuRevWorking\XanBus\Software\Code\Pkgs\Protocols\XanBus\Targets\Motorola\HCS12X\DP512\Make\Project_Data\P&E\ObjectCode\tfxlib.c.o)
TFXDRV_i16InitController          F   (G:\AccuRevWorking\XanBus\Software\Code\Pkgs\Protocols\XanBus\Targets\Motorola\HCS12X\DP512\Make\Project_Data\P&E\ObjectCode\CDrive.c.o)
TFXDRV_i16InitController          I   (G:\AccuRevWorking\XanBus\Software\Code\Pkgs\Protocols\XanBus\Targets\Motorola\HCS12X\DP512\Make\Project_Data\P&E\ObjectCode\tfxlib.c.o)
TFXDRV_i16ReceiveForeignFrame     F   (G:\AccuRevWorking\XanBus\Software\Code\Pkgs\Protocols\XanBus\Targets\Motorola\HCS12X\DP512\Make\Project_Data\P&E\ObjectCode\CDrive.c.o)
TFXDRV_i16ReceiveForeignFrame     I   (G:\AccuRevWorking\XanBus\Software\Code\Pkgs\Protocols\XanBus\Targets\Motorola\HCS12X\DP512\Make\Project_Data\P&E\ObjectCode\canframe.c.o)
TFXDRV_i16ReceiveFrame            F   (G:\AccuRevWorking\XanBus\Software\Code\Pkgs\Protocols\XanBus\Targets\Motorola\HCS12X\DP512\Make\Project_Data\P&E\ObjectCode\CDrive.c.o)
TFXDRV_i16ReceiveFrame            I   (G:\AccuRevWorking\XanBus\Software\Code\Pkgs\Protocols\XanBus\Targets\Motorola\HCS12X\DP512\Make\Project_Data\P&E\ObjectCode\canframe.c.o)
TFXDRV_i16ReceiveFrameCheck       F   (G:\AccuRevWorking\XanBus\Software\Code\Pkgs\Protocols\XanBus\Targets\Motorola\HCS12X\DP512\Make\Project_Data\P&E\ObjectCode\CDrive.c.o)
TFXDRV_i16SendForeignFrame        F   (G:\AccuRevWorking\XanBus\Software\Code\Pkgs\Protocols\XanBus\Targets\Motorola\HCS12X\DP512\Make\Project_Data\P&E\ObjectCode\CDrive.c.o)
TFXDRV_i16SendForeignFrame        I   (G:\AccuRevWorking\XanBus\Software\Code\Pkgs\Protocols\XanBus\Targets\Motorola\HCS12X\DP512\Make\Project_Data\P&E\ObjectCode\canframe.c.o)
TFXDRV_i16SendFrame               F   (G:\AccuRevWorking\XanBus\Software\Code\Pkgs\Protocols\XanBus\Targets\Motorola\HCS12X\DP512\Make\Project_Data\P&E\ObjectCode\CDrive.c.o)
TFXDRV_i16SendFrame               I   (G:\AccuRevWorking\XanBus\Software\Code\Pkgs\Protocols\XanBus\Targets\Motorola\HCS12X\DP512\Make\Project_Data\P&E\ObjectCode\canframe.c.o)
TFXDRV_i16SendFrameCheck          F   (G:\AccuRevWorking\XanBus\Software\Code\Pkgs\Protocols\XanBus\Targets\Motorola\HCS12X\DP512\Make\Project_Data\P&E\ObjectCode\CDrive.c.o)
TFXDRV_i16SendFrameCheck          I   (G:\AccuRevWorking\XanBus\Software\Code\Pkgs\Protocols\XanBus\Targets\Motorola\HCS12X\DP512\Make\Project_Data\P&E\ObjectCode\pgnxmtr.c.o)
TFXDRV_iClear_msg_handle          I   (G:\AccuRevWorking\XanBus\Software\Code\Pkgs\Protocols\XanBus\Targets\Motorola\HCS12X\DP512\Make\Project_Data\P&E\ObjectCode\CDrive.c.o)
TFXDRV_iClear_msg_handle          I   (G:\AccuRevWorking\XanBus\Software\Code\Pkgs\Protocols\XanBus\Targets\Motorola\HCS12X\DP512\Make\Project_Data\P&E\ObjectCode\canframe.c.o)
TFXDRV_iClear_msg_handle          F   (G:\AccuRevWorking\XanBus\Software\Code\Pkgs\Protocols\XanBus\Targets\Motorola\HCS12X\DP512\Make\Project_Data\P&E\ObjectCode\msghandl.c.o)
TFXDRV_iGet_msg_status            I   (G:\AccuRevWorking\XanBus\Software\Code\Pkgs\Protocols\XanBus\Targets\Motorola\HCS12X\DP512\Make\Project_Data\P&E\ObjectCode\canframe.c.o)
TFXDRV_iGet_msg_status            F   (G:\AccuRevWorking\XanBus\Software\Code\Pkgs\Protocols\XanBus\Targets\Motorola\HCS12X\DP512\Make\Project_Data\P&E\ObjectCode\msghandl.c.o)
TFXDRV_vInit_msg_handles          F   (G:\AccuRevWorking\XanBus\Software\Code\Pkgs\Protocols\XanBus\Targets\Motorola\HCS12X\DP512\Make\Project_Data\P&E\ObjectCode\msghandl.c.o)
TFXDRV_vInit_msg_handles          I   (G:\AccuRevWorking\XanBus\Software\Code\Pkgs\Protocols\XanBus\Targets\Motorola\HCS12X\DP512\Make\Project_Data\P&E\ObjectCode\pgnxmtr.c.o)
TFXDRV_vInit_msg_handles          I   (G:\AccuRevWorking\XanBus\Software\Code\Pkgs\Protocols\XanBus\Targets\Motorola\HCS12X\DP512\Make\Project_Data\P&E\ObjectCode\tfxlib.c.o)
TFXGetRandDelay                   F   (G:\AccuRevWorking\XanBus\Software\Code\Pkgs\Protocols\XanBus\Targets\Motorola\HCS12X\DP512\Make\Project_Data\P&E\ObjectCode\xbtfx.c.o)
TFXLibCancelDelay                 F   (G:\AccuRevWorking\XanBus\Software\Code\Pkgs\Protocols\XanBus\Targets\Motorola\HCS12X\DP512\Make\Project_Data\P&E\ObjectCode\tfxlib.c.o)
TFXLibCycleInput                  F   (G:\AccuRevWorking\XanBus\Software\Code\Pkgs\Protocols\XanBus\Targets\Motorola\HCS12X\DP512\Make\Project_Data\P&E\ObjectCode\tfxlib.c.o)
TFXLibCycleOutput                 F   (G:\AccuRevWorking\XanBus\Software\Code\Pkgs\Protocols\XanBus\Targets\Motorola\HCS12X\DP512\Make\Project_Data\P&E\ObjectCode\tfxlib.c.o)
TFXLibDelay                       F   (G:\AccuRevWorking\XanBus\Software\Code\Pkgs\Protocols\XanBus\Targets\Motorola\HCS12X\DP512\Make\Project_Data\P&E\ObjectCode\tfxlib.c.o)
TFXLibInit                        F   (G:\AccuRevWorking\XanBus\Software\Code\Pkgs\Protocols\XanBus\Targets\Motorola\HCS12X\DP512\Make\Project_Data\P&E\ObjectCode\tfxlib.c.o)
TFXLibInit                        I   (G:\AccuRevWorking\XanBus\Software\Code\Pkgs\Protocols\XanBus\Targets\Motorola\HCS12X\DP512\Make\Project_Data\P&E\ObjectCode\xbinit.c.o)
TFXLibMaxRcvFramesPerCycle        F   (G:\AccuRevWorking\XanBus\Software\Code\Pkgs\Protocols\XanBus\Targets\Motorola\HCS12X\DP512\Make\Project_Data\P&E\ObjectCode\tfxlib.c.o)
TFXLibMaxXmitFramesPerCycle       F   (G:\AccuRevWorking\XanBus\Software\Code\Pkgs\Protocols\XanBus\Targets\Motorola\HCS12X\DP512\Make\Project_Data\P&E\ObjectCode\tfxlib.c.o)
TFXLibMilliToTicks                I   (G:\AccuRevWorking\XanBus\Software\Code\Pkgs\Protocols\XanBus\Targets\Motorola\HCS12X\DP512\Make\Project_Data\P&E\ObjectCode\PGNDOb.c.o)
TFXLibMilliToTicks                F   (G:\AccuRevWorking\XanBus\Software\Code\Pkgs\Protocols\XanBus\Targets\Motorola\HCS12X\DP512\Make\Project_Data\P&E\ObjectCode\tfxlib.c.o)
TFXLibTickInput                   F   (G:\AccuRevWorking\XanBus\Software\Code\Pkgs\Protocols\XanBus\Targets\Motorola\HCS12X\DP512\Make\Project_Data\P&E\ObjectCode\tfxlib.c.o)
TFXLibTickInput                   I   (G:\AccuRevWorking\XanBus\Software\Code\Pkgs\Protocols\XanBus\Targets\Motorola\HCS12X\DP512\Make\Project_Data\P&E\ObjectCode\xbinit.c.o)
TFXLibTickOutput                  F   (G:\AccuRevWorking\XanBus\Software\Code\Pkgs\Protocols\XanBus\Targets\Motorola\HCS12X\DP512\Make\Project_Data\P&E\ObjectCode\tfxlib.c.o)
TFXLibTickOutput                  I   (G:\AccuRevWorking\XanBus\Software\Code\Pkgs\Protocols\XanBus\Targets\Motorola\HCS12X\DP512\Make\Project_Data\P&E\ObjectCode\xbinit.c.o)
TFXLibTimeBase                    F   (G:\AccuRevWorking\XanBus\Software\Code\Pkgs\Protocols\XanBus\Targets\Motorola\HCS12X\DP512\Make\Project_Data\P&E\ObjectCode\tfxlib.c.o)
TFXLibTimeBase                    I   (G:\AccuRevWorking\XanBus\Software\Code\Pkgs\Protocols\XanBus\Targets\Motorola\HCS12X\DP512\Make\Project_Data\P&E\ObjectCode\xbinit.c.o)
TestAndSetFlag                    F   (G:\AccuRevWorking\XanBus\Software\Code\Pkgs\Protocols\XanBus\Targets\Motorola\HCS12X\DP512\Make\Project_Data\P&E\ObjectCode\PGNDOb.c.o)
TestAndSetFlag                    I   (G:\AccuRevWorking\XanBus\Software\Code\Pkgs\Protocols\XanBus\Targets\Motorola\HCS12X\DP512\Make\Project_Data\P&E\ObjectCode\xbmltpkt.c.o)
XBADDR_fnBeginClaiming            F   (G:\AccuRevWorking\XanBus\Software\Code\Pkgs\Protocols\XanBus\Targets\Motorola\HCS12X\DP512\Make\Project_Data\P&E\ObjectCode\xbaddr.c.o)
XBADDR_fnBeginClaiming            I   (G:\AccuRevWorking\XanBus\Software\Code\Pkgs\Protocols\XanBus\Targets\Motorola\HCS12X\DP512\Make\Project_Data\P&E\ObjectCode\xbinit.c.o)
XBADDR_fnCtor                     F   (G:\AccuRevWorking\XanBus\Software\Code\Pkgs\Protocols\XanBus\Targets\Motorola\HCS12X\DP512\Make\Project_Data\P&E\ObjectCode\xbaddr.c.o)
XBADDR_fnFindDevice               F   (G:\AccuRevWorking\XanBus\Software\Code\Pkgs\Protocols\XanBus\Targets\Motorola\HCS12X\DP512\Make\Project_Data\P&E\ObjectCode\xbaddr.c.o)
XBADDR_fnGetMyAddr                I   (G:\AccuRevWorking\XanBus\Software\Code\Pkgs\Protocols\XanBus\Targets\Motorola\HCS12X\DP512\Make\Project_Data\P&E\ObjectCode\pgnrcvr.c.o)
XBADDR_fnGetMyAddr                F   (G:\AccuRevWorking\XanBus\Software\Code\Pkgs\Protocols\XanBus\Targets\Motorola\HCS12X\DP512\Make\Project_Data\P&E\ObjectCode\xbaddr.c.o)
XBADDR_fnGetMyAddr                I   (G:\AccuRevWorking\XanBus\Software\Code\Pkgs\Protocols\XanBus\Targets\Motorola\HCS12X\DP512\Make\Project_Data\P&E\ObjectCode\xbmltpkt.c.o)
XBADDR_fnGetMyAddr                I   (G:\AccuRevWorking\XanBus\Software\Code\Pkgs\Protocols\XanBus\Targets\Motorola\HCS12X\DP512\Make\Project_Data\P&E\ObjectCode\xbmsg.c.o)
XBADDR_fnGetMyAddr                I   (G:\AccuRevWorking\XanBus\Software\Code\Pkgs\Protocols\XanBus\Targets\Motorola\HCS12X\DP512\Make\Project_Data\P&E\ObjectCode\xbtfx.c.o)
XBADDR_fnGetNAME                  F   (G:\AccuRevWorking\XanBus\Software\Code\Pkgs\Protocols\XanBus\Targets\Motorola\HCS12X\DP512\Make\Project_Data\P&E\ObjectCode\xbaddr.c.o)
XBADDR_fnGetNAME                  I   (G:\AccuRevWorking\XanBus\Software\Code\Pkgs\Protocols\XanBus\Targets\Motorola\HCS12X\DP512\Make\Project_Data\P&E\ObjectCode\xbmsg.c.o)
XBADDR_fnLoadClaimTimers          F   (G:\AccuRevWorking\XanBus\Software\Code\Pkgs\Protocols\XanBus\Targets\Motorola\HCS12X\DP512\Make\Project_Data\P&E\ObjectCode\xbaddr.c.o)
XBADDR_fnLoadClaimTimers          I   (G:\AccuRevWorking\XanBus\Software\Code\Pkgs\Protocols\XanBus\Targets\Motorola\HCS12X\DP512\Make\Project_Data\P&E\ObjectCode\xbtimers.c.o)
XBADDR_fnNAME2ShortNAME           F   (G:\AccuRevWorking\XanBus\Software\Code\Pkgs\Protocols\XanBus\Targets\Motorola\HCS12X\DP512\Make\Project_Data\P&E\ObjectCode\xbaddr.c.o)
XBADDR_fnNetNAME2NAME             F   (G:\AccuRevWorking\XanBus\Software\Code\Pkgs\Protocols\XanBus\Targets\Motorola\HCS12X\DP512\Make\Project_Data\P&E\ObjectCode\xbaddr.c.o)
XBADDR_fnOnLine                   F   (G:\AccuRevWorking\XanBus\Software\Code\Pkgs\Protocols\XanBus\Targets\Motorola\HCS12X\DP512\Make\Project_Data\P&E\ObjectCode\xbaddr.c.o)
XBADDR_fnOnLine                   I   (G:\AccuRevWorking\XanBus\Software\Code\Pkgs\Protocols\XanBus\Targets\Motorola\HCS12X\DP512\Make\Project_Data\P&E\ObjectCode\xbmsg.c.o)
XBADDR_fnOnLine                   I   (G:\AccuRevWorking\XanBus\Software\Code\Pkgs\Protocols\XanBus\Targets\Motorola\HCS12X\DP512\Make\Project_Data\P&E\ObjectCode\xbtimers.c.o)
XBADDR_fnRecvClaim                F   (G:\AccuRevWorking\XanBus\Software\Code\Pkgs\Protocols\XanBus\Targets\Motorola\HCS12X\DP512\Make\Project_Data\P&E\ObjectCode\xbaddr.c.o)
XBADDR_fnRecvCmdAddr              F   (G:\AccuRevWorking\XanBus\Software\Code\Pkgs\Protocols\XanBus\Targets\Motorola\HCS12X\DP512\Make\Project_Data\P&E\ObjectCode\xbaddr.c.o)
XBADDR_fnRecvNAMECfg              F   (G:\AccuRevWorking\XanBus\Software\Code\Pkgs\Protocols\XanBus\Targets\Motorola\HCS12X\DP512\Make\Project_Data\P&E\ObjectCode\xbaddr.c.o)
XBADDR_fnReloadNAME               F   (G:\AccuRevWorking\XanBus\Software\Code\Pkgs\Protocols\XanBus\Targets\Motorola\HCS12X\DP512\Make\Project_Data\P&E\ObjectCode\xbaddr.c.o)
XBADDR_fnResetNameCfg             F   (G:\AccuRevWorking\XanBus\Software\Code\Pkgs\Protocols\XanBus\Targets\Motorola\HCS12X\DP512\Make\Project_Data\P&E\ObjectCode\xbaddr.c.o)
XBADDR_fnResetNameCfg             I   (G:\AccuRevWorking\XanBus\Software\Code\Pkgs\Protocols\XanBus\Targets\Motorola\HCS12X\DP512\Make\Project_Data\P&E\ObjectCode\xbinit.c.o)
XBADDR_fnTestPriority             F   (G:\AccuRevWorking\XanBus\Software\Code\Pkgs\Protocols\XanBus\Targets\Motorola\HCS12X\DP512\Make\Project_Data\P&E\ObjectCode\xbaddr.c.o)
XBADDR_fnTickClaimTimers          F   (G:\AccuRevWorking\XanBus\Software\Code\Pkgs\Protocols\XanBus\Targets\Motorola\HCS12X\DP512\Make\Project_Data\P&E\ObjectCode\xbaddr.c.o)
XBADDR_fnTickClaimTimers          I   (G:\AccuRevWorking\XanBus\Software\Code\Pkgs\Protocols\XanBus\Targets\Motorola\HCS12X\DP512\Make\Project_Data\P&E\ObjectCode\xbtimers.c.o)
XBADDR_fnWantClaim                F   (G:\AccuRevWorking\XanBus\Software\Code\Pkgs\Protocols\XanBus\Targets\Motorola\HCS12X\DP512\Make\Project_Data\P&E\ObjectCode\xbaddr.c.o)
XBADDR_fnWantClaim                I   (G:\AccuRevWorking\XanBus\Software\Code\Pkgs\Protocols\XanBus\Targets\Motorola\HCS12X\DP512\Make\Project_Data\P&E\ObjectCode\xbmsg.c.o)
XBADDR_fnWantClaim                I   (G:\AccuRevWorking\XanBus\Software\Code\Pkgs\Protocols\XanBus\Targets\Motorola\HCS12X\DP512\Make\Project_Data\P&E\ObjectCode\xbtimers.c.o)
XBADDR_fnWantNAMECfg              F   (G:\AccuRevWorking\XanBus\Software\Code\Pkgs\Protocols\XanBus\Targets\Motorola\HCS12X\DP512\Make\Project_Data\P&E\ObjectCode\xbaddr.c.o)
XBINIT_fnCSec2Ticks               F   (G:\AccuRevWorking\XanBus\Software\Code\Pkgs\Protocols\XanBus\Targets\Motorola\HCS12X\DP512\Make\Project_Data\P&E\ObjectCode\xbinit.c.o)
XBINIT_fnCSec2Ticks               I   (G:\AccuRevWorking\XanBus\Software\Code\Pkgs\Protocols\XanBus\Targets\Motorola\HCS12X\DP512\Make\Project_Data\P&E\ObjectCode\xbtimers.c.o)
XBINIT_fnChkAsleep                F   (G:\AccuRevWorking\XanBus\Software\Code\Pkgs\Protocols\XanBus\Targets\Motorola\HCS12X\DP512\Make\Project_Data\P&E\ObjectCode\xbinit.c.o)
XBINIT_fnChkAsleep                I   (G:\AccuRevWorking\XanBus\Software\Code\Pkgs\Protocols\XanBus\Targets\Motorola\HCS12X\DP512\Make\Project_Data\P&E\ObjectCode\xbmsg.c.o)
XBINIT_fnGetErrorNum              F   (G:\AccuRevWorking\XanBus\Software\Code\Pkgs\Protocols\XanBus\Targets\Motorola\HCS12X\DP512\Make\Project_Data\P&E\ObjectCode\xbinit.c.o)
XBINIT_fnGetErrorSrc              F   (G:\AccuRevWorking\XanBus\Software\Code\Pkgs\Protocols\XanBus\Targets\Motorola\HCS12X\DP512\Make\Project_Data\P&E\ObjectCode\xbinit.c.o)
XBINIT_fnGetVersion               F   (G:\AccuRevWorking\XanBus\Software\Code\Pkgs\Protocols\XanBus\Targets\Motorola\HCS12X\DP512\Make\Project_Data\P&E\ObjectCode\xbinit.c.o)
XBINIT_fnInit                     F   (G:\AccuRevWorking\XanBus\Software\Code\Pkgs\Protocols\XanBus\Targets\Motorola\HCS12X\DP512\Make\Project_Data\P&E\ObjectCode\xbinit.c.o)
XBINIT_fnNetCtrl                  F   (G:\AccuRevWorking\XanBus\Software\Code\Pkgs\Protocols\XanBus\Targets\Motorola\HCS12X\DP512\Make\Project_Data\P&E\ObjectCode\xbinit.c.o)
XBINIT_fnResetCfg                 F   (G:\AccuRevWorking\XanBus\Software\Code\Pkgs\Protocols\XanBus\Targets\Motorola\HCS12X\DP512\Make\Project_Data\P&E\ObjectCode\xbinit.c.o)
XBINIT_fnSaveError                I   (G:\AccuRevWorking\XanBus\Software\Code\Pkgs\Protocols\XanBus\Targets\Motorola\HCS12X\DP512\Make\Project_Data\P&E\ObjectCode\xbaddr.c.o)
XBINIT_fnSaveError                F   (G:\AccuRevWorking\XanBus\Software\Code\Pkgs\Protocols\XanBus\Targets\Motorola\HCS12X\DP512\Make\Project_Data\P&E\ObjectCode\xbinit.c.o)
XBINIT_fnSaveError                I   (G:\AccuRevWorking\XanBus\Software\Code\Pkgs\Protocols\XanBus\Targets\Motorola\HCS12X\DP512\Make\Project_Data\P&E\ObjectCode\xbmltpkt.c.o)
XBINIT_fnSaveError                I   (G:\AccuRevWorking\XanBus\Software\Code\Pkgs\Protocols\XanBus\Targets\Motorola\HCS12X\DP512\Make\Project_Data\P&E\ObjectCode\xbmsg.c.o)
XBINIT_fnSaveError                I   (G:\AccuRevWorking\XanBus\Software\Code\Pkgs\Protocols\XanBus\Targets\Motorola\HCS12X\DP512\Make\Project_Data\P&E\ObjectCode\xbpack.c.o)
XBINIT_fnSetAppCfgFilter          F   (G:\AccuRevWorking\XanBus\Software\Code\Pkgs\Protocols\XanBus\Targets\Motorola\HCS12X\DP512\Make\Project_Data\P&E\ObjectCode\xbinit.c.o)
XBINIT_fnSleepCtrl                F   (G:\AccuRevWorking\XanBus\Software\Code\Pkgs\Protocols\XanBus\Targets\Motorola\HCS12X\DP512\Make\Project_Data\P&E\ObjectCode\xbinit.c.o)
XBINIT_fnStartProTimer            I   (G:\AccuRevWorking\XanBus\Software\Code\Pkgs\Protocols\XanBus\Targets\Motorola\HCS12X\DP512\Make\Project_Data\P&E\ObjectCode\xbaddr.c.o)
XBINIT_fnStartProTimer            F   (G:\AccuRevWorking\XanBus\Software\Code\Pkgs\Protocols\XanBus\Targets\Motorola\HCS12X\DP512\Make\Project_Data\P&E\ObjectCode\xbinit.c.o)
XBINIT_fnStopProTimer             I   (G:\AccuRevWorking\XanBus\Software\Code\Pkgs\Protocols\XanBus\Targets\Motorola\HCS12X\DP512\Make\Project_Data\P&E\ObjectCode\xbaddr.c.o)
XBINIT_fnStopProTimer             F   (G:\AccuRevWorking\XanBus\Software\Code\Pkgs\Protocols\XanBus\Targets\Motorola\HCS12X\DP512\Make\Project_Data\P&E\ObjectCode\xbinit.c.o)
XBINIT_fnTick                     F   (G:\AccuRevWorking\XanBus\Software\Code\Pkgs\Protocols\XanBus\Targets\Motorola\HCS12X\DP512\Make\Project_Data\P&E\ObjectCode\xbinit.c.o)
XBINIT_pfnAppCfgFilter            I   (G:\AccuRevWorking\XanBus\Software\Code\Pkgs\Protocols\XanBus\Targets\Motorola\HCS12X\DP512\Make\Project_Data\P&E\ObjectCode\xbaddr.c.o)
XBINIT_pfnAppCfgFilter            O   (G:\AccuRevWorking\XanBus\Software\Code\Pkgs\Protocols\XanBus\Targets\Motorola\HCS12X\DP512\Make\Project_Data\P&E\ObjectCode\xbinit.c.o)
XBINIT_pfnAppCfgFilter            I   (G:\AccuRevWorking\XanBus\Software\Code\Pkgs\Protocols\XanBus\Targets\Motorola\HCS12X\DP512\Make\Project_Data\P&E\ObjectCode\xbtimers.c.o)
XBMEM_fnCtor                      F   (G:\AccuRevWorking\XanBus\Software\Code\Pkgs\Protocols\XanBus\Targets\Motorola\HCS12X\DP512\Make\Project_Data\P&E\ObjectCode\xbmem.c.o)
XBMEM_fnDtor                      F   (G:\AccuRevWorking\XanBus\Software\Code\Pkgs\Protocols\XanBus\Targets\Motorola\HCS12X\DP512\Make\Project_Data\P&E\ObjectCode\xbmem.c.o)
XBMEM_fnFree                      I   (G:\AccuRevWorking\XanBus\Software\Code\Pkgs\Protocols\XanBus\Targets\Motorola\HCS12X\DP512\Make\Project_Data\P&E\ObjectCode\PGNDOb.c.o)
XBMEM_fnFree                      I   (G:\AccuRevWorking\XanBus\Software\Code\Pkgs\Protocols\XanBus\Targets\Motorola\HCS12X\DP512\Make\Project_Data\P&E\ObjectCode\tfxlib.c.o)
XBMEM_fnFree                      I   (G:\AccuRevWorking\XanBus\Software\Code\Pkgs\Protocols\XanBus\Targets\Motorola\HCS12X\DP512\Make\Project_Data\P&E\ObjectCode\xbaddr.c.o)
XBMEM_fnFree                      F   (G:\AccuRevWorking\XanBus\Software\Code\Pkgs\Protocols\XanBus\Targets\Motorola\HCS12X\DP512\Make\Project_Data\P&E\ObjectCode\xbmem.c.o)
XBMEM_fnFree                      I   (G:\AccuRevWorking\XanBus\Software\Code\Pkgs\Protocols\XanBus\Targets\Motorola\HCS12X\DP512\Make\Project_Data\P&E\ObjectCode\xbmsg.c.o)
XBMEM_fnFree                      I   (G:\AccuRevWorking\XanBus\Software\Code\Pkgs\Protocols\XanBus\Targets\Motorola\HCS12X\DP512\Make\Project_Data\P&E\ObjectCode\xbpack.c.o)
XBMEM_fnMalloc                    I   (G:\AccuRevWorking\XanBus\Software\Code\Pkgs\Protocols\XanBus\Targets\Motorola\HCS12X\DP512\Make\Project_Data\P&E\ObjectCode\PGNDOb.c.o)
XBMEM_fnMalloc                    I   (G:\AccuRevWorking\XanBus\Software\Code\Pkgs\Protocols\XanBus\Targets\Motorola\HCS12X\DP512\Make\Project_Data\P&E\ObjectCode\canbuf.c.o)
XBMEM_fnMalloc                    I   (G:\AccuRevWorking\XanBus\Software\Code\Pkgs\Protocols\XanBus\Targets\Motorola\HCS12X\DP512\Make\Project_Data\P&E\ObjectCode\xbaddr.c.o)
XBMEM_fnMalloc                    F   (G:\AccuRevWorking\XanBus\Software\Code\Pkgs\Protocols\XanBus\Targets\Motorola\HCS12X\DP512\Make\Project_Data\P&E\ObjectCode\xbmem.c.o)
XBMEM_fnMalloc                    I   (G:\AccuRevWorking\XanBus\Software\Code\Pkgs\Protocols\XanBus\Targets\Motorola\HCS12X\DP512\Make\Project_Data\P&E\ObjectCode\xbmltpkt.c.o)
XBMEM_fnMalloc                    I   (G:\AccuRevWorking\XanBus\Software\Code\Pkgs\Protocols\XanBus\Targets\Motorola\HCS12X\DP512\Make\Project_Data\P&E\ObjectCode\xbmsg.c.o)
XBMEM_fnMalloc                    I   (G:\AccuRevWorking\XanBus\Software\Code\Pkgs\Protocols\XanBus\Targets\Motorola\HCS12X\DP512\Make\Project_Data\P&E\ObjectCode\xbpack.c.o)
XBMLTPKT_fnRecvAbort              F   (G:\AccuRevWorking\XanBus\Software\Code\Pkgs\Protocols\XanBus\Targets\Motorola\HCS12X\DP512\Make\Project_Data\P&E\ObjectCode\xbmltpkt.c.o)
XBMLTPKT_fnRecvAbort              I   (G:\AccuRevWorking\XanBus\Software\Code\Pkgs\Protocols\XanBus\Targets\Motorola\HCS12X\DP512\Make\Project_Data\P&E\ObjectCode\xbmsg.c.o)
XBMLTPKT_fnRecvBam                F   (G:\AccuRevWorking\XanBus\Software\Code\Pkgs\Protocols\XanBus\Targets\Motorola\HCS12X\DP512\Make\Project_Data\P&E\ObjectCode\xbmltpkt.c.o)
XBMLTPKT_fnRecvBam                I   (G:\AccuRevWorking\XanBus\Software\Code\Pkgs\Protocols\XanBus\Targets\Motorola\HCS12X\DP512\Make\Project_Data\P&E\ObjectCode\xbmsg.c.o)
XBMLTPKT_fnRecvCts                F   (G:\AccuRevWorking\XanBus\Software\Code\Pkgs\Protocols\XanBus\Targets\Motorola\HCS12X\DP512\Make\Project_Data\P&E\ObjectCode\xbmltpkt.c.o)
XBMLTPKT_fnRecvCts                I   (G:\AccuRevWorking\XanBus\Software\Code\Pkgs\Protocols\XanBus\Targets\Motorola\HCS12X\DP512\Make\Project_Data\P&E\ObjectCode\xbmsg.c.o)
XBMLTPKT_fnRecvEom                F   (G:\AccuRevWorking\XanBus\Software\Code\Pkgs\Protocols\XanBus\Targets\Motorola\HCS12X\DP512\Make\Project_Data\P&E\ObjectCode\xbmltpkt.c.o)
XBMLTPKT_fnRecvEom                I   (G:\AccuRevWorking\XanBus\Software\Code\Pkgs\Protocols\XanBus\Targets\Motorola\HCS12X\DP512\Make\Project_Data\P&E\ObjectCode\xbmsg.c.o)
XBMLTPKT_fnRecvRawDataXfer        I   (G:\AccuRevWorking\XanBus\Software\Code\Pkgs\Protocols\XanBus\Targets\Motorola\HCS12X\DP512\Make\Project_Data\P&E\ObjectCode\pgnrcvr.c.o)
XBMLTPKT_fnRecvRawDataXfer        F   (G:\AccuRevWorking\XanBus\Software\Code\Pkgs\Protocols\XanBus\Targets\Motorola\HCS12X\DP512\Make\Project_Data\P&E\ObjectCode\xbmltpkt.c.o)
XBMLTPKT_fnRecvRts                F   (G:\AccuRevWorking\XanBus\Software\Code\Pkgs\Protocols\XanBus\Targets\Motorola\HCS12X\DP512\Make\Project_Data\P&E\ObjectCode\xbmltpkt.c.o)
XBMLTPKT_fnRecvRts                I   (G:\AccuRevWorking\XanBus\Software\Code\Pkgs\Protocols\XanBus\Targets\Motorola\HCS12X\DP512\Make\Project_Data\P&E\ObjectCode\xbmsg.c.o)
XBMLTPKT_fnStartTx                I   (G:\AccuRevWorking\XanBus\Software\Code\Pkgs\Protocols\XanBus\Targets\Motorola\HCS12X\DP512\Make\Project_Data\P&E\ObjectCode\pgnxmtr.c.o)
XBMLTPKT_fnStartTx                F   (G:\AccuRevWorking\XanBus\Software\Code\Pkgs\Protocols\XanBus\Targets\Motorola\HCS12X\DP512\Make\Project_Data\P&E\ObjectCode\xbmltpkt.c.o)
XBMSG_fnCheckCfgSrc               I   (G:\AccuRevWorking\XanBus\Software\Code\Pkgs\Protocols\XanBus\Targets\Motorola\HCS12X\DP512\Make\Project_Data\P&E\ObjectCode\xbaddr.c.o)
XBMSG_fnCheckCfgSrc               F   (G:\AccuRevWorking\XanBus\Software\Code\Pkgs\Protocols\XanBus\Targets\Motorola\HCS12X\DP512\Make\Project_Data\P&E\ObjectCode\xbmsg.c.o)
XBMSG_fnCheckCfgSrc               I   (G:\AccuRevWorking\XanBus\Software\Code\Pkgs\Protocols\XanBus\Targets\Motorola\HCS12X\DP512\Make\Project_Data\P&E\ObjectCode\xbtimers.c.o)
XBMSG_fnClearCommStats            F   (G:\AccuRevWorking\XanBus\Software\Code\Pkgs\Protocols\XanBus\Targets\Motorola\HCS12X\DP512\Make\Project_Data\P&E\ObjectCode\xbmsg.c.o)
XBMSG_fnClearDynamic              F   (G:\AccuRevWorking\XanBus\Software\Code\Pkgs\Protocols\XanBus\Targets\Motorola\HCS12X\DP512\Make\Project_Data\P&E\ObjectCode\xbmsg.c.o)
XBMSG_fnControlDynamic            F   (G:\AccuRevWorking\XanBus\Software\Code\Pkgs\Protocols\XanBus\Targets\Motorola\HCS12X\DP512\Make\Project_Data\P&E\ObjectCode\xbmsg.c.o)
XBMSG_fnDestroyRecvStruct         F   (G:\AccuRevWorking\XanBus\Software\Code\Pkgs\Protocols\XanBus\Targets\Motorola\HCS12X\DP512\Make\Project_Data\P&E\ObjectCode\xbmsg.c.o)
XBMSG_fnGetBusState               I   (G:\AccuRevWorking\XanBus\Software\Code\Pkgs\Protocols\XanBus\Targets\Motorola\HCS12X\DP512\Make\Project_Data\P&E\ObjectCode\xbaddr.c.o)
XBMSG_fnGetBusState               I   (G:\AccuRevWorking\XanBus\Software\Code\Pkgs\Protocols\XanBus\Targets\Motorola\HCS12X\DP512\Make\Project_Data\P&E\ObjectCode\xbinit.c.o)
XBMSG_fnGetBusState               F   (G:\AccuRevWorking\XanBus\Software\Code\Pkgs\Protocols\XanBus\Targets\Motorola\HCS12X\DP512\Make\Project_Data\P&E\ObjectCode\xbmsg.c.o)
XBMSG_fnGetCommStats              F   (G:\AccuRevWorking\XanBus\Software\Code\Pkgs\Protocols\XanBus\Targets\Motorola\HCS12X\DP512\Make\Project_Data\P&E\ObjectCode\xbmsg.c.o)
XBMSG_fnISOReq                    F   (G:\AccuRevWorking\XanBus\Software\Code\Pkgs\Protocols\XanBus\Targets\Motorola\HCS12X\DP512\Make\Project_Data\P&E\ObjectCode\xbmsg.c.o)
XBMSG_fnInit                      I   (G:\AccuRevWorking\XanBus\Software\Code\Pkgs\Protocols\XanBus\Targets\Motorola\HCS12X\DP512\Make\Project_Data\P&E\ObjectCode\xbinit.c.o)
XBMSG_fnInit                      F   (G:\AccuRevWorking\XanBus\Software\Code\Pkgs\Protocols\XanBus\Targets\Motorola\HCS12X\DP512\Make\Project_Data\P&E\ObjectCode\xbmsg.c.o)
XBMSG_fnIsFromDiag                I   (G:\AccuRevWorking\XanBus\Software\Code\Pkgs\Protocols\XanBus\Targets\Motorola\HCS12X\DP512\Make\Project_Data\P&E\ObjectCode\xbaddr.c.o)
XBMSG_fnIsFromDiag                F   (G:\AccuRevWorking\XanBus\Software\Code\Pkgs\Protocols\XanBus\Targets\Motorola\HCS12X\DP512\Make\Project_Data\P&E\ObjectCode\xbmsg.c.o)
XBMSG_fnIsFromDiag                I   (G:\AccuRevWorking\XanBus\Software\Code\Pkgs\Protocols\XanBus\Targets\Motorola\HCS12X\DP512\Make\Project_Data\P&E\ObjectCode\xbtimers.c.o)
XBMSG_fnPeriodicSend              F   (G:\AccuRevWorking\XanBus\Software\Code\Pkgs\Protocols\XanBus\Targets\Motorola\HCS12X\DP512\Make\Project_Data\P&E\ObjectCode\xbmsg.c.o)
XBMSG_fnPeriodicSend              I   (G:\AccuRevWorking\XanBus\Software\Code\Pkgs\Protocols\XanBus\Targets\Motorola\HCS12X\DP512\Make\Project_Data\P&E\ObjectCode\xbtimers.c.o)
XBMSG_fnRawReceive                I   (G:\AccuRevWorking\XanBus\Software\Code\Pkgs\Protocols\XanBus\Targets\Motorola\HCS12X\DP512\Make\Project_Data\P&E\ObjectCode\pgnrcvr.c.o)
XBMSG_fnRawReceive                I   (G:\AccuRevWorking\XanBus\Software\Code\Pkgs\Protocols\XanBus\Targets\Motorola\HCS12X\DP512\Make\Project_Data\P&E\ObjectCode\xbmltpkt.c.o)
XBMSG_fnRawReceive                F   (G:\AccuRevWorking\XanBus\Software\Code\Pkgs\Protocols\XanBus\Targets\Motorola\HCS12X\DP512\Make\Project_Data\P&E\ObjectCode\xbmsg.c.o)
XBMSG_fnRecvConnMgmt              F   (G:\AccuRevWorking\XanBus\Software\Code\Pkgs\Protocols\XanBus\Targets\Motorola\HCS12X\DP512\Make\Project_Data\P&E\ObjectCode\xbmsg.c.o)
XBMSG_fnRecvISOReq                F   (G:\AccuRevWorking\XanBus\Software\Code\Pkgs\Protocols\XanBus\Targets\Motorola\HCS12X\DP512\Make\Project_Data\P&E\ObjectCode\xbmsg.c.o)
XBMSG_fnSend                      I   (G:\AccuRevWorking\XanBus\Software\Code\Pkgs\Protocols\XanBus\Targets\Motorola\HCS12X\DP512\Make\Project_Data\P&E\ObjectCode\xbaddr.c.o)
XBMSG_fnSend                      F   (G:\AccuRevWorking\XanBus\Software\Code\Pkgs\Protocols\XanBus\Targets\Motorola\HCS12X\DP512\Make\Project_Data\P&E\ObjectCode\xbmsg.c.o)
XBMSG_fnSend                      I   (G:\AccuRevWorking\XanBus\Software\Code\Pkgs\Protocols\XanBus\Targets\Motorola\HCS12X\DP512\Make\Project_Data\P&E\ObjectCode\xbtimers.c.o)
XBMSG_fnSendEx                    I   (G:\AccuRevWorking\XanBus\Software\Code\Pkgs\Protocols\XanBus\Targets\Motorola\HCS12X\DP512\Make\Project_Data\P&E\ObjectCode\xbmltpkt.c.o)
XBMSG_fnSendEx                    F   (G:\AccuRevWorking\XanBus\Software\Code\Pkgs\Protocols\XanBus\Targets\Motorola\HCS12X\DP512\Make\Project_Data\P&E\ObjectCode\xbmsg.c.o)
XBMSG_fnSendISOAck                I   (G:\AccuRevWorking\XanBus\Software\Code\Pkgs\Protocols\XanBus\Targets\Motorola\HCS12X\DP512\Make\Project_Data\P&E\ObjectCode\pgnrcvr.c.o)
XBMSG_fnSendISOAck                I   (G:\AccuRevWorking\XanBus\Software\Code\Pkgs\Protocols\XanBus\Targets\Motorola\HCS12X\DP512\Make\Project_Data\P&E\ObjectCode\xbaddr.c.o)
XBMSG_fnSendISOAck                F   (G:\AccuRevWorking\XanBus\Software\Code\Pkgs\Protocols\XanBus\Targets\Motorola\HCS12X\DP512\Make\Project_Data\P&E\ObjectCode\xbmsg.c.o)
XBMSG_fnSendISOAck                I   (G:\AccuRevWorking\XanBus\Software\Code\Pkgs\Protocols\XanBus\Targets\Motorola\HCS12X\DP512\Make\Project_Data\P&E\ObjectCode\xbtimers.c.o)
XBMSG_fnWantCommStats             F   (G:\AccuRevWorking\XanBus\Software\Code\Pkgs\Protocols\XanBus\Targets\Motorola\HCS12X\DP512\Make\Project_Data\P&E\ObjectCode\xbmsg.c.o)
XBMSG_fnWantPgnList               F   (G:\AccuRevWorking\XanBus\Software\Code\Pkgs\Protocols\XanBus\Targets\Motorola\HCS12X\DP512\Make\Project_Data\P&E\ObjectCode\xbmsg.c.o)
XBMSG_tzXbCommStats               I   (G:\AccuRevWorking\XanBus\Software\Code\Pkgs\Protocols\XanBus\Targets\Motorola\HCS12X\DP512\Make\Project_Data\P&E\ObjectCode\xbmem.c.o)
XBMSG_tzXbCommStats               I   (G:\AccuRevWorking\XanBus\Software\Code\Pkgs\Protocols\XanBus\Targets\Motorola\HCS12X\DP512\Make\Project_Data\P&E\ObjectCode\xbmltpkt.c.o)
XBMSG_tzXbCommStats               O   (G:\AccuRevWorking\XanBus\Software\Code\Pkgs\Protocols\XanBus\Targets\Motorola\HCS12X\DP512\Make\Project_Data\P&E\ObjectCode\xbmsg.c.o)
XBPACK_fnDestroyPgnStruct         I   (G:\AccuRevWorking\XanBus\Software\Code\Pkgs\Protocols\XanBus\Targets\Motorola\HCS12X\DP512\Make\Project_Data\P&E\ObjectCode\xbaddr.c.o)
XBPACK_fnDestroyPgnStruct         I   (G:\AccuRevWorking\XanBus\Software\Code\Pkgs\Protocols\XanBus\Targets\Motorola\HCS12X\DP512\Make\Project_Data\P&E\ObjectCode\xbmsg.c.o)
XBPACK_fnDestroyPgnStruct         F   (G:\AccuRevWorking\XanBus\Software\Code\Pkgs\Protocols\XanBus\Targets\Motorola\HCS12X\DP512\Make\Project_Data\P&E\ObjectCode\xbpack.c.o)
XBPACK_fnGetPgnInfo               I   (G:\AccuRevWorking\XanBus\Software\Code\Pkgs\Protocols\XanBus\Targets\Motorola\HCS12X\DP512\Make\Project_Data\P&E\ObjectCode\canframe.c.o)
XBPACK_fnGetPgnInfo               I   (G:\AccuRevWorking\XanBus\Software\Code\Pkgs\Protocols\XanBus\Targets\Motorola\HCS12X\DP512\Make\Project_Data\P&E\ObjectCode\pgnrcvr.c.o)
XBPACK_fnGetPgnInfo               I   (G:\AccuRevWorking\XanBus\Software\Code\Pkgs\Protocols\XanBus\Targets\Motorola\HCS12X\DP512\Make\Project_Data\P&E\ObjectCode\xbaddr.c.o)
XBPACK_fnGetPgnInfo               I   (G:\AccuRevWorking\XanBus\Software\Code\Pkgs\Protocols\XanBus\Targets\Motorola\HCS12X\DP512\Make\Project_Data\P&E\ObjectCode\xbmltpkt.c.o)
XBPACK_fnGetPgnInfo               I   (G:\AccuRevWorking\XanBus\Software\Code\Pkgs\Protocols\XanBus\Targets\Motorola\HCS12X\DP512\Make\Project_Data\P&E\ObjectCode\xbmsg.c.o)
XBPACK_fnGetPgnInfo               F   (G:\AccuRevWorking\XanBus\Software\Code\Pkgs\Protocols\XanBus\Targets\Motorola\HCS12X\DP512\Make\Project_Data\P&E\ObjectCode\xbpack.c.o)
XBPACK_fnGetPgnInfo               I   (G:\AccuRevWorking\XanBus\Software\Code\Pkgs\Protocols\XanBus\Targets\Motorola\HCS12X\DP512\Make\Project_Data\P&E\ObjectCode\xbtimers.c.o)
XBPACK_fnPackPgn                  I   (G:\AccuRevWorking\XanBus\Software\Code\Pkgs\Protocols\XanBus\Targets\Motorola\HCS12X\DP512\Make\Project_Data\P&E\ObjectCode\xbmsg.c.o)
XBPACK_fnPackPgn                  F   (G:\AccuRevWorking\XanBus\Software\Code\Pkgs\Protocols\XanBus\Targets\Motorola\HCS12X\DP512\Make\Project_Data\P&E\ObjectCode\xbpack.c.o)
XBPACK_fnRawGrpFunc               I   (G:\AccuRevWorking\XanBus\Software\Code\Pkgs\Protocols\XanBus\Targets\Motorola\HCS12X\DP512\Make\Project_Data\P&E\ObjectCode\xbmsg.c.o)
XBPACK_fnRawGrpFunc               F   (G:\AccuRevWorking\XanBus\Software\Code\Pkgs\Protocols\XanBus\Targets\Motorola\HCS12X\DP512\Make\Project_Data\P&E\ObjectCode\xbpack.c.o)
XBPACK_fnUnPackPgn                I   (G:\AccuRevWorking\XanBus\Software\Code\Pkgs\Protocols\XanBus\Targets\Motorola\HCS12X\DP512\Make\Project_Data\P&E\ObjectCode\xbaddr.c.o)
XBPACK_fnUnPackPgn                I   (G:\AccuRevWorking\XanBus\Software\Code\Pkgs\Protocols\XanBus\Targets\Motorola\HCS12X\DP512\Make\Project_Data\P&E\ObjectCode\xbmsg.c.o)
XBPACK_fnUnPackPgn                F   (G:\AccuRevWorking\XanBus\Software\Code\Pkgs\Protocols\XanBus\Targets\Motorola\HCS12X\DP512\Make\Project_Data\P&E\ObjectCode\xbpack.c.o)
XBPACK_fnUnpackMsgCount           I   (G:\AccuRevWorking\XanBus\Software\Code\Pkgs\Protocols\XanBus\Targets\Motorola\HCS12X\DP512\Make\Project_Data\P&E\ObjectCode\xbmsg.c.o)
XBPACK_fnUnpackMsgCount           F   (G:\AccuRevWorking\XanBus\Software\Code\Pkgs\Protocols\XanBus\Targets\Motorola\HCS12X\DP512\Make\Project_Data\P&E\ObjectCode\xbpack.c.o)
XBPGNTBL_fnSizeOfAllPgnList       I   (G:\AccuRevWorking\XanBus\Software\Code\Pkgs\Protocols\XanBus\Targets\Motorola\HCS12X\DP512\Make\Project_Data\P&E\ObjectCode\xbpack.c.o)
XBPGNTBL_fnSizeOfDynRxLists       I   (G:\AccuRevWorking\XanBus\Software\Code\Pkgs\Protocols\XanBus\Targets\Motorola\HCS12X\DP512\Make\Project_Data\P&E\ObjectCode\xbmsg.c.o)
XBPGNTBL_fnSizeOfRxPgnList        I   (G:\AccuRevWorking\XanBus\Software\Code\Pkgs\Protocols\XanBus\Targets\Motorola\HCS12X\DP512\Make\Project_Data\P&E\ObjectCode\xbmsg.c.o)
XBPGNTBL_fnSizeOfTxPgnList        I   (G:\AccuRevWorking\XanBus\Software\Code\Pkgs\Protocols\XanBus\Targets\Motorola\HCS12X\DP512\Make\Project_Data\P&E\ObjectCode\xbmsg.c.o)
XBPLATFORM_fnCheckErrors          I   (G:\AccuRevWorking\XanBus\Software\Code\Pkgs\Protocols\XanBus\Targets\Motorola\HCS12X\DP512\Make\Project_Data\P&E\ObjectCode\xbmsg.c.o)
XBPLATFORM_fnLoad                 I   (G:\AccuRevWorking\XanBus\Software\Code\Pkgs\Protocols\XanBus\Targets\Motorola\HCS12X\DP512\Make\Project_Data\P&E\ObjectCode\xbaddr.c.o)
XBPLATFORM_fnLoad                 I   (G:\AccuRevWorking\XanBus\Software\Code\Pkgs\Protocols\XanBus\Targets\Motorola\HCS12X\DP512\Make\Project_Data\P&E\ObjectCode\xbinit.c.o)
XBPLATFORM_fnLoad                 I   (G:\AccuRevWorking\XanBus\Software\Code\Pkgs\Protocols\XanBus\Targets\Motorola\HCS12X\DP512\Make\Project_Data\P&E\ObjectCode\xbtimers.c.o)
XBPLATFORM_fnNodeChange           I   (G:\AccuRevWorking\XanBus\Software\Code\Pkgs\Protocols\XanBus\Targets\Motorola\HCS12X\DP512\Make\Project_Data\P&E\ObjectCode\xbaddr.c.o)
XBPLATFORM_fnRecvXbMsg            I   (G:\AccuRevWorking\XanBus\Software\Code\Pkgs\Protocols\XanBus\Targets\Motorola\HCS12X\DP512\Make\Project_Data\P&E\ObjectCode\xbaddr.c.o)
XBPLATFORM_fnRecvXbMsg            I   (G:\AccuRevWorking\XanBus\Software\Code\Pkgs\Protocols\XanBus\Targets\Motorola\HCS12X\DP512\Make\Project_Data\P&E\ObjectCode\xbtimers.c.o)
XBPLATFORM_fnSave                 I   (G:\AccuRevWorking\XanBus\Software\Code\Pkgs\Protocols\XanBus\Targets\Motorola\HCS12X\DP512\Make\Project_Data\P&E\ObjectCode\xbaddr.c.o)
XBPLATFORM_fnSave                 I   (G:\AccuRevWorking\XanBus\Software\Code\Pkgs\Protocols\XanBus\Targets\Motorola\HCS12X\DP512\Make\Project_Data\P&E\ObjectCode\xbtimers.c.o)
XBPLATFORM_fnSetNetIndic          I   (G:\AccuRevWorking\XanBus\Software\Code\Pkgs\Protocols\XanBus\Targets\Motorola\HCS12X\DP512\Make\Project_Data\P&E\ObjectCode\xbinit.c.o)
XBTFX_fnIsFrameForMe              F   (G:\AccuRevWorking\XanBus\Software\Code\Pkgs\Protocols\XanBus\Targets\Motorola\HCS12X\DP512\Make\Project_Data\P&E\ObjectCode\xbtfx.c.o)
XBTFX_fnSRand                     F   (G:\AccuRevWorking\XanBus\Software\Code\Pkgs\Protocols\XanBus\Targets\Motorola\HCS12X\DP512\Make\Project_Data\P&E\ObjectCode\xbtfx.c.o)
XBTIMERS_fnEnablePeriodReports    F   (G:\AccuRevWorking\XanBus\Software\Code\Pkgs\Protocols\XanBus\Targets\Motorola\HCS12X\DP512\Make\Project_Data\P&E\ObjectCode\xbtimers.c.o)
XBTIMERS_fnGetClaimTimer          I   (G:\AccuRevWorking\XanBus\Software\Code\Pkgs\Protocols\XanBus\Targets\Motorola\HCS12X\DP512\Make\Project_Data\P&E\ObjectCode\xbaddr.c.o)
XBTIMERS_fnGetClaimTimer          F   (G:\AccuRevWorking\XanBus\Software\Code\Pkgs\Protocols\XanBus\Targets\Motorola\HCS12X\DP512\Make\Project_Data\P&E\ObjectCode\xbtimers.c.o)
XBTIMERS_fnLoadRxTimers           I   (G:\AccuRevWorking\XanBus\Software\Code\Pkgs\Protocols\XanBus\Targets\Motorola\HCS12X\DP512\Make\Project_Data\P&E\ObjectCode\xbmsg.c.o)
XBTIMERS_fnLoadRxTimers           F   (G:\AccuRevWorking\XanBus\Software\Code\Pkgs\Protocols\XanBus\Targets\Motorola\HCS12X\DP512\Make\Project_Data\P&E\ObjectCode\xbtimers.c.o)
XBTIMERS_fnLoadTxTimers           I   (G:\AccuRevWorking\XanBus\Software\Code\Pkgs\Protocols\XanBus\Targets\Motorola\HCS12X\DP512\Make\Project_Data\P&E\ObjectCode\xbmsg.c.o)
XBTIMERS_fnLoadTxTimers           F   (G:\AccuRevWorking\XanBus\Software\Code\Pkgs\Protocols\XanBus\Targets\Motorola\HCS12X\DP512\Make\Project_Data\P&E\ObjectCode\xbtimers.c.o)
XBTIMERS_fnRecvPerXmitCfg         F   (G:\AccuRevWorking\XanBus\Software\Code\Pkgs\Protocols\XanBus\Targets\Motorola\HCS12X\DP512\Make\Project_Data\P&E\ObjectCode\xbtimers.c.o)
XBTIMERS_fnRecvRxToCfg            F   (G:\AccuRevWorking\XanBus\Software\Code\Pkgs\Protocols\XanBus\Targets\Motorola\HCS12X\DP512\Make\Project_Data\P&E\ObjectCode\xbtimers.c.o)
XBTIMERS_fnResetRxToCfg           I   (G:\AccuRevWorking\XanBus\Software\Code\Pkgs\Protocols\XanBus\Targets\Motorola\HCS12X\DP512\Make\Project_Data\P&E\ObjectCode\xbinit.c.o)
XBTIMERS_fnResetRxToCfg           F   (G:\AccuRevWorking\XanBus\Software\Code\Pkgs\Protocols\XanBus\Targets\Motorola\HCS12X\DP512\Make\Project_Data\P&E\ObjectCode\xbtimers.c.o)
XBTIMERS_fnResetTxToCfg           I   (G:\AccuRevWorking\XanBus\Software\Code\Pkgs\Protocols\XanBus\Targets\Motorola\HCS12X\DP512\Make\Project_Data\P&E\ObjectCode\xbinit.c.o)
XBTIMERS_fnResetTxToCfg           F   (G:\AccuRevWorking\XanBus\Software\Code\Pkgs\Protocols\XanBus\Targets\Motorola\HCS12X\DP512\Make\Project_Data\P&E\ObjectCode\xbtimers.c.o)
XBTIMERS_fnSetTxTimer             F   (G:\AccuRevWorking\XanBus\Software\Code\Pkgs\Protocols\XanBus\Targets\Motorola\HCS12X\DP512\Make\Project_Data\P&E\ObjectCode\xbtimers.c.o)
XBTIMERS_fnTickTimers             I   (G:\AccuRevWorking\XanBus\Software\Code\Pkgs\Protocols\XanBus\Targets\Motorola\HCS12X\DP512\Make\Project_Data\P&E\ObjectCode\xbinit.c.o)
XBTIMERS_fnTickTimers             F   (G:\AccuRevWorking\XanBus\Software\Code\Pkgs\Protocols\XanBus\Targets\Motorola\HCS12X\DP512\Make\Project_Data\P&E\ObjectCode\xbtimers.c.o)
XBTIMERS_fnWantPerXmitCfg         F   (G:\AccuRevWorking\XanBus\Software\Code\Pkgs\Protocols\XanBus\Targets\Motorola\HCS12X\DP512\Make\Project_Data\P&E\ObjectCode\xbtimers.c.o)
XBTIMERS_fnWantRxToCfg            F   (G:\AccuRevWorking\XanBus\Software\Code\Pkgs\Protocols\XanBus\Targets\Motorola\HCS12X\DP512\Make\Project_Data\P&E\ObjectCode\xbtimers.c.o)
XB_aucDynamicRx                   I   (G:\AccuRevWorking\XanBus\Software\Code\Pkgs\Protocols\XanBus\Targets\Motorola\HCS12X\DP512\Make\Project_Data\P&E\ObjectCode\xbmsg.c.o)
XB_katzALL_PGN_LIST               I   (G:\AccuRevWorking\XanBus\Software\Code\Pkgs\Protocols\XanBus\Targets\Motorola\HCS12X\DP512\Make\Project_Data\P&E\ObjectCode\xbmsg.c.o)
XB_katzALL_PGN_LIST               I   (G:\AccuRevWorking\XanBus\Software\Code\Pkgs\Protocols\XanBus\Targets\Motorola\HCS12X\DP512\Make\Project_Data\P&E\ObjectCode\xbpack.c.o)
XB_kaulRX_PGN_LIST                I   (G:\AccuRevWorking\XanBus\Software\Code\Pkgs\Protocols\XanBus\Targets\Motorola\HCS12X\DP512\Make\Project_Data\P&E\ObjectCode\xbmsg.c.o)
XB_kaulTX_PGN_LIST                I   (G:\AccuRevWorking\XanBus\Software\Code\Pkgs\Protocols\XanBus\Targets\Motorola\HCS12X\DP512\Make\Project_Data\P&E\ObjectCode\xbmsg.c.o)
_BDIVMODU                         I   (G:\AccuRevWorking\XanBus\Software\Code\Pkgs\Protocols\XanBus\Targets\Motorola\HCS12X\DP512\Make\Project_Data\P&E\ObjectCode\PGNDOb.c.o)
_BSHL                             I   (G:\AccuRevWorking\XanBus\Software\Code\Pkgs\Protocols\XanBus\Targets\Motorola\HCS12X\DP512\Make\Project_Data\P&E\ObjectCode\xbmsg.c.o)
_BSHL                             I   (G:\AccuRevWorking\XanBus\Software\Code\Pkgs\Protocols\XanBus\Targets\Motorola\HCS12X\DP512\Make\Project_Data\P&E\ObjectCode\xbpack.c.o)
_BSHRU                            I   (G:\AccuRevWorking\XanBus\Software\Code\Pkgs\Protocols\XanBus\Targets\Motorola\HCS12X\DP512\Make\Project_Data\P&E\ObjectCode\xbmsg.c.o)
_BSHRU                            I   (G:\AccuRevWorking\XanBus\Software\Code\Pkgs\Protocols\XanBus\Targets\Motorola\HCS12X\DP512\Make\Project_Data\P&E\ObjectCode\xbpack.c.o)
_CASE_CHECKED                     I   (G:\AccuRevWorking\XanBus\Software\Code\Pkgs\Protocols\XanBus\Targets\Motorola\HCS12X\DP512\Make\Project_Data\P&E\ObjectCode\pgnxmtr.c.o)
_CASE_CHECKED                     I   (G:\AccuRevWorking\XanBus\Software\Code\Pkgs\Protocols\XanBus\Targets\Motorola\HCS12X\DP512\Make\Project_Data\P&E\ObjectCode\xbaddr.c.o)
_CASE_CHECKED                     I   (G:\AccuRevWorking\XanBus\Software\Code\Pkgs\Protocols\XanBus\Targets\Motorola\HCS12X\DP512\Make\Project_Data\P&E\ObjectCode\xbinit.c.o)
_CASE_CHECKED                     I   (G:\AccuRevWorking\XanBus\Software\Code\Pkgs\Protocols\XanBus\Targets\Motorola\HCS12X\DP512\Make\Project_Data\P&E\ObjectCode\xbmsg.c.o)
_CASE_CHECKED                     I   (G:\AccuRevWorking\XanBus\Software\Code\Pkgs\Protocols\XanBus\Targets\Motorola\HCS12X\DP512\Make\Project_Data\P&E\ObjectCode\xbpack.c.o)
_CASE_CHECKED_BYTE                I   (G:\AccuRevWorking\XanBus\Software\Code\Pkgs\Protocols\XanBus\Targets\Motorola\HCS12X\DP512\Make\Project_Data\P&E\ObjectCode\pgnxmtr.c.o)
_CASE_CHECKED_BYTE                I   (G:\AccuRevWorking\XanBus\Software\Code\Pkgs\Protocols\XanBus\Targets\Motorola\HCS12X\DP512\Make\Project_Data\P&E\ObjectCode\xbaddr.c.o)
_CASE_CHECKED_BYTE                I   (G:\AccuRevWorking\XanBus\Software\Code\Pkgs\Protocols\XanBus\Targets\Motorola\HCS12X\DP512\Make\Project_Data\P&E\ObjectCode\xbinit.c.o)
_CASE_CHECKED_BYTE                I   (G:\AccuRevWorking\XanBus\Software\Code\Pkgs\Protocols\XanBus\Targets\Motorola\HCS12X\DP512\Make\Project_Data\P&E\ObjectCode\xbmsg.c.o)
_CASE_CHECKED_BYTE                I   (G:\AccuRevWorking\XanBus\Software\Code\Pkgs\Protocols\XanBus\Targets\Motorola\HCS12X\DP512\Make\Project_Data\P&E\ObjectCode\xbpack.c.o)
_CASE_DIRECT_BYTE                 I   (G:\AccuRevWorking\XanBus\Software\Code\Pkgs\Protocols\XanBus\Targets\Motorola\HCS12X\DP512\Make\Project_Data\P&E\ObjectCode\xbmsg.c.o)
_CONV_NEAR_TO_GLOBAL              I   (G:\AccuRevWorking\XanBus\Software\Code\Pkgs\Protocols\XanBus\Targets\Motorola\HCS12X\DP512\Make\Project_Data\P&E\ObjectCode\CDrive.c.o)
_CONV_NEAR_TO_GLOBAL              I   (G:\AccuRevWorking\XanBus\Software\Code\Pkgs\Protocols\XanBus\Targets\Motorola\HCS12X\DP512\Make\Project_Data\P&E\ObjectCode\canframe.c.o)
_CONV_NEAR_TO_GLOBAL              I   (G:\AccuRevWorking\XanBus\Software\Code\Pkgs\Protocols\XanBus\Targets\Motorola\HCS12X\DP512\Make\Project_Data\P&E\ObjectCode\cdrvapi.c.o)
_CONV_NEAR_TO_GLOBAL              I   (G:\AccuRevWorking\XanBus\Software\Code\Pkgs\Protocols\XanBus\Targets\Motorola\HCS12X\DP512\Make\Project_Data\P&E\ObjectCode\pgnrcvr.c.o)
_CONV_NEAR_TO_GLOBAL              I   (G:\AccuRevWorking\XanBus\Software\Code\Pkgs\Protocols\XanBus\Targets\Motorola\HCS12X\DP512\Make\Project_Data\P&E\ObjectCode\xbaddr.c.o)
_CONV_NEAR_TO_GLOBAL              I   (G:\AccuRevWorking\XanBus\Software\Code\Pkgs\Protocols\XanBus\Targets\Motorola\HCS12X\DP512\Make\Project_Data\P&E\ObjectCode\xbinit.c.o)
_CONV_NEAR_TO_GLOBAL              I   (G:\AccuRevWorking\XanBus\Software\Code\Pkgs\Protocols\XanBus\Targets\Motorola\HCS12X\DP512\Make\Project_Data\P&E\ObjectCode\xbmltpkt.c.o)
_CONV_NEAR_TO_GLOBAL              I   (G:\AccuRevWorking\XanBus\Software\Code\Pkgs\Protocols\XanBus\Targets\Motorola\HCS12X\DP512\Make\Project_Data\P&E\ObjectCode\xbmsg.c.o)
_CONV_NEAR_TO_GLOBAL              I   (G:\AccuRevWorking\XanBus\Software\Code\Pkgs\Protocols\XanBus\Targets\Motorola\HCS12X\DP512\Make\Project_Data\P&E\ObjectCode\xbpack.c.o)
_CONV_NEAR_TO_GLOBAL              I   (G:\AccuRevWorking\XanBus\Software\Code\Pkgs\Protocols\XanBus\Targets\Motorola\HCS12X\DP512\Make\Project_Data\P&E\ObjectCode\xbtimers.c.o)
_FAR_COPY_GLOBAL_GLOBAL_RC        I   (G:\AccuRevWorking\XanBus\Software\Code\Pkgs\Protocols\XanBus\Targets\Motorola\HCS12X\DP512\Make\Project_Data\P&E\ObjectCode\cdrvapi.c.o)
_FAR_COPY_GLOBAL_GLOBAL_RC        I   (G:\AccuRevWorking\XanBus\Software\Code\Pkgs\Protocols\XanBus\Targets\Motorola\HCS12X\DP512\Make\Project_Data\P&E\ObjectCode\xbaddr.c.o)
_FAR_COPY_NEAR_GLOBAL_RC          I   (G:\AccuRevWorking\XanBus\Software\Code\Pkgs\Protocols\XanBus\Targets\Motorola\HCS12X\DP512\Make\Project_Data\P&E\ObjectCode\pgnrcvr.c.o)
_FCALL                            I   (G:\AccuRevWorking\XanBus\Software\Code\Pkgs\Protocols\XanBus\Targets\Motorola\HCS12X\DP512\Make\Project_Data\P&E\ObjectCode\PGNDOb.c.o)
_FCALL                            I   (G:\AccuRevWorking\XanBus\Software\Code\Pkgs\Protocols\XanBus\Targets\Motorola\HCS12X\DP512\Make\Project_Data\P&E\ObjectCode\xbaddr.c.o)
_FCALL                            I   (G:\AccuRevWorking\XanBus\Software\Code\Pkgs\Protocols\XanBus\Targets\Motorola\HCS12X\DP512\Make\Project_Data\P&E\ObjectCode\xbinit.c.o)
_FCALL                            I   (G:\AccuRevWorking\XanBus\Software\Code\Pkgs\Protocols\XanBus\Targets\Motorola\HCS12X\DP512\Make\Project_Data\P&E\ObjectCode\xbmsg.c.o)
_FCALL                            I   (G:\AccuRevWorking\XanBus\Software\Code\Pkgs\Protocols\XanBus\Targets\Motorola\HCS12X\DP512\Make\Project_Data\P&E\ObjectCode\xbtimers.c.o)
_FPCMP                            I   (G:\AccuRevWorking\XanBus\Software\Code\Pkgs\Protocols\XanBus\Targets\Motorola\HCS12X\DP512\Make\Project_Data\P&E\ObjectCode\PGNDOb.c.o)
_FPCMP                            I   (G:\AccuRevWorking\XanBus\Software\Code\Pkgs\Protocols\XanBus\Targets\Motorola\HCS12X\DP512\Make\Project_Data\P&E\ObjectCode\canbuf.c.o)
_FPCMP                            I   (G:\AccuRevWorking\XanBus\Software\Code\Pkgs\Protocols\XanBus\Targets\Motorola\HCS12X\DP512\Make\Project_Data\P&E\ObjectCode\canframe.c.o)
_FPCMP                            I   (G:\AccuRevWorking\XanBus\Software\Code\Pkgs\Protocols\XanBus\Targets\Motorola\HCS12X\DP512\Make\Project_Data\P&E\ObjectCode\cdrvapi.c.o)
_FPCMP                            I   (G:\AccuRevWorking\XanBus\Software\Code\Pkgs\Protocols\XanBus\Targets\Motorola\HCS12X\DP512\Make\Project_Data\P&E\ObjectCode\dobholdr.c.o)
_FPCMP                            I   (G:\AccuRevWorking\XanBus\Software\Code\Pkgs\Protocols\XanBus\Targets\Motorola\HCS12X\DP512\Make\Project_Data\P&E\ObjectCode\msghandl.c.o)
_FPCMP                            I   (G:\AccuRevWorking\XanBus\Software\Code\Pkgs\Protocols\XanBus\Targets\Motorola\HCS12X\DP512\Make\Project_Data\P&E\ObjectCode\pgnrcvr.c.o)
_FPCMP                            I   (G:\AccuRevWorking\XanBus\Software\Code\Pkgs\Protocols\XanBus\Targets\Motorola\HCS12X\DP512\Make\Project_Data\P&E\ObjectCode\pgnxmtr.c.o)
_FPCMP                            I   (G:\AccuRevWorking\XanBus\Software\Code\Pkgs\Protocols\XanBus\Targets\Motorola\HCS12X\DP512\Make\Project_Data\P&E\ObjectCode\tfxlib.c.o)
_FPCMP                            I   (G:\AccuRevWorking\XanBus\Software\Code\Pkgs\Protocols\XanBus\Targets\Motorola\HCS12X\DP512\Make\Project_Data\P&E\ObjectCode\xbaddr.c.o)
_FPCMP                            I   (G:\AccuRevWorking\XanBus\Software\Code\Pkgs\Protocols\XanBus\Targets\Motorola\HCS12X\DP512\Make\Project_Data\P&E\ObjectCode\xbinit.c.o)
_FPCMP                            I   (G:\AccuRevWorking\XanBus\Software\Code\Pkgs\Protocols\XanBus\Targets\Motorola\HCS12X\DP512\Make\Project_Data\P&E\ObjectCode\xbmem.c.o)
_FPCMP                            I   (G:\AccuRevWorking\XanBus\Software\Code\Pkgs\Protocols\XanBus\Targets\Motorola\HCS12X\DP512\Make\Project_Data\P&E\ObjectCode\xbmltpkt.c.o)
_FPCMP                            I   (G:\AccuRevWorking\XanBus\Software\Code\Pkgs\Protocols\XanBus\Targets\Motorola\HCS12X\DP512\Make\Project_Data\P&E\ObjectCode\xbmsg.c.o)
_FPCMP                            I   (G:\AccuRevWorking\XanBus\Software\Code\Pkgs\Protocols\XanBus\Targets\Motorola\HCS12X\DP512\Make\Project_Data\P&E\ObjectCode\xbpack.c.o)
_FPCMP                            I   (G:\AccuRevWorking\XanBus\Software\Code\Pkgs\Protocols\XanBus\Targets\Motorola\HCS12X\DP512\Make\Project_Data\P&E\ObjectCode\xbtimers.c.o)
_ISHL                             I   (G:\AccuRevWorking\XanBus\Software\Code\Pkgs\Protocols\XanBus\Targets\Motorola\HCS12X\DP512\Make\Project_Data\P&E\ObjectCode\xbpack.c.o)
_ISHRU                            I   (G:\AccuRevWorking\XanBus\Software\Code\Pkgs\Protocols\XanBus\Targets\Motorola\HCS12X\DP512\Make\Project_Data\P&E\ObjectCode\xbpack.c.o)
_LCMP                             I   (G:\AccuRevWorking\XanBus\Software\Code\Pkgs\Protocols\XanBus\Targets\Motorola\HCS12X\DP512\Make\Project_Data\P&E\ObjectCode\canframe.c.o)
_LCMP                             I   (G:\AccuRevWorking\XanBus\Software\Code\Pkgs\Protocols\XanBus\Targets\Motorola\HCS12X\DP512\Make\Project_Data\P&E\ObjectCode\tfxlib.c.o)
_LDIVS                            I   (G:\AccuRevWorking\XanBus\Software\Code\Pkgs\Protocols\XanBus\Targets\Motorola\HCS12X\DP512\Make\Project_Data\P&E\ObjectCode\tfxlib.c.o)
_LINC                             I   (G:\AccuRevWorking\XanBus\Software\Code\Pkgs\Protocols\XanBus\Targets\Motorola\HCS12X\DP512\Make\Project_Data\P&E\ObjectCode\cdrvapi.c.o)
_LINC                             I   (G:\AccuRevWorking\XanBus\Software\Code\Pkgs\Protocols\XanBus\Targets\Motorola\HCS12X\DP512\Make\Project_Data\P&E\ObjectCode\tfxlib.c.o)
_LMODS                            I   (G:\AccuRevWorking\XanBus\Software\Code\Pkgs\Protocols\XanBus\Targets\Motorola\HCS12X\DP512\Make\Project_Data\P&E\ObjectCode\tfxlib.c.o)
_LMUL                             I   (G:\AccuRevWorking\XanBus\Software\Code\Pkgs\Protocols\XanBus\Targets\Motorola\HCS12X\DP512\Make\Project_Data\P&E\ObjectCode\tfxlib.c.o)
_LMUL                             I   (G:\AccuRevWorking\XanBus\Software\Code\Pkgs\Protocols\XanBus\Targets\Motorola\HCS12X\DP512\Make\Project_Data\P&E\ObjectCode\xbaddr.c.o)
_LMUL                             I   (G:\AccuRevWorking\XanBus\Software\Code\Pkgs\Protocols\XanBus\Targets\Motorola\HCS12X\DP512\Make\Project_Data\P&E\ObjectCode\xbtfx.c.o)
_LSHL                             I   (G:\AccuRevWorking\XanBus\Software\Code\Pkgs\Protocols\XanBus\Targets\Motorola\HCS12X\DP512\Make\Project_Data\P&E\ObjectCode\xbpack.c.o)
_LSHRU                            I   (G:\AccuRevWorking\XanBus\Software\Code\Pkgs\Protocols\XanBus\Targets\Motorola\HCS12X\DP512\Make\Project_Data\P&E\ObjectCode\xbpack.c.o)
azPgnToGetMsgCountFields          O   (G:\AccuRevWorking\XanBus\Software\Code\Pkgs\Protocols\XanBus\Targets\Motorola\HCS12X\DP512\Make\Project_Data\P&E\ObjectCode\xbpack.c.o)
drvapi_fnAbortCB                  F   (G:\AccuRevWorking\XanBus\Software\Code\Pkgs\Protocols\XanBus\Targets\Motorola\HCS12X\DP512\Make\Project_Data\P&E\ObjectCode\cdrvapi.c.o)
drvapi_fnReceiveCB                F   (G:\AccuRevWorking\XanBus\Software\Code\Pkgs\Protocols\XanBus\Targets\Motorola\HCS12X\DP512\Make\Project_Data\P&E\ObjectCode\cdrvapi.c.o)
drvapi_fnStatusCB                 F   (G:\AccuRevWorking\XanBus\Software\Code\Pkgs\Protocols\XanBus\Targets\Motorola\HCS12X\DP512\Make\Project_Data\P&E\ObjectCode\cdrvapi.c.o)
drvapi_fnTransmitCB               F   (G:\AccuRevWorking\XanBus\Software\Code\Pkgs\Protocols\XanBus\Targets\Motorola\HCS12X\DP512\Make\Project_Data\P&E\ObjectCode\cdrvapi.c.o)
iGet_msg_handle                   I   (G:\AccuRevWorking\XanBus\Software\Code\Pkgs\Protocols\XanBus\Targets\Motorola\HCS12X\DP512\Make\Project_Data\P&E\ObjectCode\CDrive.c.o)
iGet_msg_handle                   F   (G:\AccuRevWorking\XanBus\Software\Code\Pkgs\Protocols\XanBus\Targets\Motorola\HCS12X\DP512\Make\Project_Data\P&E\ObjectCode\msghandl.c.o)
memcmp                            I   (G:\AccuRevWorking\XanBus\Software\Code\Pkgs\Protocols\XanBus\Targets\Motorola\HCS12X\DP512\Make\Project_Data\P&E\ObjectCode\xbaddr.c.o)
memcpy                            I   (G:\AccuRevWorking\XanBus\Software\Code\Pkgs\Protocols\XanBus\Targets\Motorola\HCS12X\DP512\Make\Project_Data\P&E\ObjectCode\CDrive.c.o)
memcpy                            I   (G:\AccuRevWorking\XanBus\Software\Code\Pkgs\Protocols\XanBus\Targets\Motorola\HCS12X\DP512\Make\Project_Data\P&E\ObjectCode\PGNDOb.c.o)
memcpy                            I   (G:\AccuRevWorking\XanBus\Software\Code\Pkgs\Protocols\XanBus\Targets\Motorola\HCS12X\DP512\Make\Project_Data\P&E\ObjectCode\canbuf.c.o)
memcpy                            I   (G:\AccuRevWorking\XanBus\Software\Code\Pkgs\Protocols\XanBus\Targets\Motorola\HCS12X\DP512\Make\Project_Data\P&E\ObjectCode\canframe.c.o)
memcpy                            I   (G:\AccuRevWorking\XanBus\Software\Code\Pkgs\Protocols\XanBus\Targets\Motorola\HCS12X\DP512\Make\Project_Data\P&E\ObjectCode\cdrvapi.c.o)
memcpy                            I   (G:\AccuRevWorking\XanBus\Software\Code\Pkgs\Protocols\XanBus\Targets\Motorola\HCS12X\DP512\Make\Project_Data\P&E\ObjectCode\xbaddr.c.o)
memcpy                            I   (G:\AccuRevWorking\XanBus\Software\Code\Pkgs\Protocols\XanBus\Targets\Motorola\HCS12X\DP512\Make\Project_Data\P&E\ObjectCode\xbmltpkt.c.o)
memcpy                            I   (G:\AccuRevWorking\XanBus\Software\Code\Pkgs\Protocols\XanBus\Targets\Motorola\HCS12X\DP512\Make\Project_Data\P&E\ObjectCode\xbmsg.c.o)
memcpy                            I   (G:\AccuRevWorking\XanBus\Software\Code\Pkgs\Protocols\XanBus\Targets\Motorola\HCS12X\DP512\Make\Project_Data\P&E\ObjectCode\xbpack.c.o)
memcpy                            I   (G:\AccuRevWorking\XanBus\Software\Code\Pkgs\Protocols\XanBus\Targets\Motorola\HCS12X\DP512\Make\Project_Data\P&E\ObjectCode\xbtimers.c.o)
memset                            I   (G:\AccuRevWorking\XanBus\Software\Code\Pkgs\Protocols\XanBus\Targets\Motorola\HCS12X\DP512\Make\Project_Data\P&E\ObjectCode\PGNDOb.c.o)
memset                            I   (G:\AccuRevWorking\XanBus\Software\Code\Pkgs\Protocols\XanBus\Targets\Motorola\HCS12X\DP512\Make\Project_Data\P&E\ObjectCode\canframe.c.o)
memset                            I   (G:\AccuRevWorking\XanBus\Software\Code\Pkgs\Protocols\XanBus\Targets\Motorola\HCS12X\DP512\Make\Project_Data\P&E\ObjectCode\cdrvapi.c.o)
memset                            I   (G:\AccuRevWorking\XanBus\Software\Code\Pkgs\Protocols\XanBus\Targets\Motorola\HCS12X\DP512\Make\Project_Data\P&E\ObjectCode\dobholdr.c.o)
memset                            I   (G:\AccuRevWorking\XanBus\Software\Code\Pkgs\Protocols\XanBus\Targets\Motorola\HCS12X\DP512\Make\Project_Data\P&E\ObjectCode\xbmem.c.o)
memset                            I   (G:\AccuRevWorking\XanBus\Software\Code\Pkgs\Protocols\XanBus\Targets\Motorola\HCS12X\DP512\Make\Project_Data\P&E\ObjectCode\xbmltpkt.c.o)
memset                            I   (G:\AccuRevWorking\XanBus\Software\Code\Pkgs\Protocols\XanBus\Targets\Motorola\HCS12X\DP512\Make\Project_Data\P&E\ObjectCode\xbmsg.c.o)
memset                            I   (G:\AccuRevWorking\XanBus\Software\Code\Pkgs\Protocols\XanBus\Targets\Motorola\HCS12X\DP512\Make\Project_Data\P&E\ObjectCode\xbpack.c.o)
pmhGet_handle_ptr                 I   (G:\AccuRevWorking\XanBus\Software\Code\Pkgs\Protocols\XanBus\Targets\Motorola\HCS12X\DP512\Make\Project_Data\P&E\ObjectCode\cdrvapi.c.o)
pmhGet_handle_ptr                 F   (G:\AccuRevWorking\XanBus\Software\Code\Pkgs\Protocols\XanBus\Targets\Motorola\HCS12X\DP512\Make\Project_Data\P&E\ObjectCode\msghandl.c.o)
tzPgnToGetMsgCountDesc            O   (G:\AccuRevWorking\XanBus\Software\Code\Pkgs\Protocols\XanBus\Targets\Motorola\HCS12X\DP512\Make\Project_Data\P&E\ObjectCode\xbpack.c.o)
xbinit_fnSleepTest                F   (G:\AccuRevWorking\XanBus\Software\Code\Pkgs\Protocols\XanBus\Targets\Motorola\HCS12X\DP512\Make\Project_Data\P&E\ObjectCode\xbinit.c.o)
