******************************************************************************
        TMS320C2000 COFF Linker PC Version 3.09                
******************************************************************************
>> Linked Tue Dec 07 12:23:51 2004

OUTPUT FILE NAME:   <./Bin/Blink_an_LED.out>
ENTRY POINT SYMBOL: "_c_int00"  address: 003f8288


MEMORY CONFIGURATION

                  name            origin    length      used    attr    fill
         ----------------------  --------  ---------  --------  ----  --------
PAGE  0: RAMM0                   00000000   00000400  00000000  RWIX
         BEGIN                   003f8000   00000002  00000002  RWIX
         PRAMH0                  003f8002   00000ffe  000003c5  RWIX
         RESET                   003fffc0   00000002  00000000  RWIX

PAGE  1: RAMM1                   00000400   00000400  00000190  RWIX
         DEV_EMU                 00000880   00000180  000000d2  RWIX
         FLASH_REGS              00000a80   00000060  00000008  RWIX
         CSM                     00000ae0   00000010  00000010  RWIX
         XINTF                   00000b20   00000020  00000020  RWIX
         CPU_TIMER0              00000c00   00000008  00000008  RWIX
         CPU_TIMER1              00000c08   00000008  00000008  RWIX
         CPU_TIMER2              00000c10   00000008  00000008  RWIX
         PIE_CTRL                00000ce0   00000020  0000001a  RWIX
         PIE_VECT                00000d00   00000100  00000100  RWIX
         ECANA                   00006000   00000040  00000034  RWIX
         ECANA_LAM               00006040   00000040  00000040  RWIX
         ECANA_MOTS              00006080   00000040  00000040  RWIX
         ECANA_MOTO              000060c0   00000040  00000040  RWIX
         ECANA_MBOX              00006100   00000100  00000100  RWIX
         SYSTEM                  00007010   00000020  00000020  RWIX
         SPIA                    00007040   00000010  00000010  RWIX
         SCIA                    00007050   00000010  00000010  RWIX
         XINTRUPT                00007070   00000010  00000010  RWIX
         GPIOMUX                 000070c0   00000020  00000020  RWIX
         GPIODAT                 000070e0   00000020  00000020  RWIX
         ADC                     00007100   00000020  0000001a  RWIX
         EVA                     00007400   00000040  00000032  RWIX
         EVB                     00007500   00000040  00000032  RWIX
         SCIB                    00007750   00000010  00000010  RWIX
         MCBSPA                  00007800   00000040  00000025  RWIX
         CSM_PWL                 003f7ff8   00000008  00000008  RWIX
         DRAMH0                  003f9000   00001000  0000019c  RWIX


SECTION ALLOCATION MAP

 output                                  attributes/
section   page    origin      length       input sections
--------  ----  ----------  ----------   ----------------
.switch    0    00000000    00000000     UNINITIALIZED

codestart 
*          0    003f8000    00000002     
                  003f8000    00000002     DSP281x_CodeStartBranch.obj (codestart)

.pinit     0    003f8002    00000000     

ramfuncs   0    003f8002    00000004     
                  003f8002    00000004     DSP281x_usDelay.obj (ramfuncs)

.text      0    003f8006    000003a8     
                  003f8006    00000008     DSP281x_CodeStartBranch.obj (.text)
                  003f800e    0000014f     DSP281x_DefaultIsr.obj (.text)
                  003f815d    00000026     DSP281x_PieCtrl.obj (.text)
                  003f8183    0000001f     DSP281x_PieVect.obj (.text)
                  003f81a2    000000e6     main.obj (.text)
                  003f8288    00000046     rts2800_ml.lib : boot.obj (.text)
                  003f82ce    0000004b                    : exit.obj (.text)
                  003f8319    0000005a                    : fs_mpy.obj (.text)
                  003f8373    00000032                    : fs_toul.obj (.text)
                  003f83a5    00000009                    : _lock.obj (.text)

.cinit     0    003f83ae    00000019     
                  003f83ae    0000000e     rts2800_ml.lib : exit.obj (.cinit)
                  003f83bc    0000000a                    : _lock.obj (.cinit)
                  003f83c6    00000001     --HOLE-- [fill = 0]

.reset     0    003fffc0    00000002     DSECT
                  003fffc0    00000002     rts2800_ml.lib : boot.obj (.reset)

.bss       1    00000000    00000000     UNINITIALIZED

.data      1    00000000    00000000     UNINITIALIZED

.stack     1    00000400    00000190     UNINITIALIZED

DevEmuRegsFile 
*          1    00000880    000000d2     UNINITIALIZED
                  00000880    000000d2     DSP281x_GlobalVariableDefs.obj (DevEmuRegsFile)

FlashRegsFile 
*          1    00000a80    00000008     UNINITIALIZED
                  00000a80    00000008     DSP281x_GlobalVariableDefs.obj (FlashRegsFile)

CsmRegsFile 
*          1    00000ae0    00000010     UNINITIALIZED
                  00000ae0    00000010     DSP281x_GlobalVariableDefs.obj (CsmRegsFile)

XintfRegsFile 
*          1    00000b20    00000020     UNINITIALIZED
                  00000b20    00000020     DSP281x_GlobalVariableDefs.obj (XintfRegsFile)

CpuTimer0RegsFile 
*          1    00000c00    00000008     UNINITIALIZED
                  00000c00    00000008     DSP281x_GlobalVariableDefs.obj (CpuTimer0RegsFile)

CpuTimer1RegsFile 
*          1    00000c08    00000008     UNINITIALIZED
                  00000c08    00000008     DSP281x_GlobalVariableDefs.obj (CpuTimer1RegsFile)

CpuTimer2RegsFile 
*          1    00000c10    00000008     UNINITIALIZED
                  00000c10    00000008     DSP281x_GlobalVariableDefs.obj (CpuTimer2RegsFile)

PieCtrlRegsFile 
*          1    00000ce0    0000001a     UNINITIALIZED
                  00000ce0    0000001a     DSP281x_GlobalVariableDefs.obj (PieCtrlRegsFile)

PieVectTableFile 
*          1    00000d00    00000100     UNINITIALIZED
                  00000d00    00000100     DSP281x_GlobalVariableDefs.obj (PieVectTableFile)

ECanaRegsFile 
*          1    00006000    00000034     UNINITIALIZED
                  00006000    00000034     DSP281x_GlobalVariableDefs.obj (ECanaRegsFile)

ECanaLAMRegsFile 
*          1    00006040    00000040     UNINITIALIZED
                  00006040    00000040     DSP281x_GlobalVariableDefs.obj (ECanaLAMRegsFile)

ECanaMOTSRegsFile 
*          1    00006080    00000040     UNINITIALIZED
                  00006080    00000040     DSP281x_GlobalVariableDefs.obj (ECanaMOTSRegsFile)

ECanaMOTORegsFile 
*          1    000060c0    00000040     UNINITIALIZED
                  000060c0    00000040     DSP281x_GlobalVariableDefs.obj (ECanaMOTORegsFile)

ECanaMboxesFile 
*          1    00006100    00000100     UNINITIALIZED
                  00006100    00000100     DSP281x_GlobalVariableDefs.obj (ECanaMboxesFile)

SysCtrlRegsFile 
*          1    00007010    00000020     UNINITIALIZED
                  00007010    00000020     DSP281x_GlobalVariableDefs.obj (SysCtrlRegsFile)

SpiaRegsFile 
*          1    00007040    00000010     UNINITIALIZED
                  00007040    00000010     DSP281x_GlobalVariableDefs.obj (SpiaRegsFile)

SciaRegsFile 
*          1    00007050    00000010     UNINITIALIZED
                  00007050    00000010     DSP281x_GlobalVariableDefs.obj (SciaRegsFile)

XIntruptRegsFile 
*          1    00007070    00000010     UNINITIALIZED
                  00007070    00000010     DSP281x_GlobalVariableDefs.obj (XIntruptRegsFile)

GpioMuxRegsFile 
*          1    000070c0    00000020     UNINITIALIZED
                  000070c0    00000020     DSP281x_GlobalVariableDefs.obj (GpioMuxRegsFile)

GpioDataRegsFile 
*          1    000070e0    00000020     UNINITIALIZED
                  000070e0    00000020     DSP281x_GlobalVariableDefs.obj (GpioDataRegsFile)

AdcRegsFile 
*          1    00007100    0000001a     UNINITIALIZED
                  00007100    0000001a     DSP281x_GlobalVariableDefs.obj (AdcRegsFile)

EvaRegsFile 
*          1    00007400    00000032     UNINITIALIZED
                  00007400    00000032     DSP281x_GlobalVariableDefs.obj (EvaRegsFile)

EvbRegsFile 
*          1    00007500    00000032     UNINITIALIZED
                  00007500    00000032     DSP281x_GlobalVariableDefs.obj (EvbRegsFile)

ScibRegsFile 
*          1    00007750    00000010     UNINITIALIZED
                  00007750    00000010     DSP281x_GlobalVariableDefs.obj (ScibRegsFile)

McbspaRegsFile 
*          1    00007800    00000025     UNINITIALIZED
                  00007800    00000025     DSP281x_GlobalVariableDefs.obj (McbspaRegsFile)

CsmPwlFile 
*          1    003f7ff8    00000008     UNINITIALIZED
                  003f7ff8    00000008     DSP281x_GlobalVariableDefs.obj (CsmPwlFile)

.esysmem   1    003f9000    00000000     UNINITIALIZED

.ebss      1    003f9000    0000009c     UNINITIALIZED
                  003f9000    00000080     rts2800_ml.lib : exit.obj (.ebss)
                  003f9080    00000018     main.obj (.ebss)
                  003f9098    00000004     rts2800_ml.lib : _lock.obj (.ebss)

.econst    1    003f909c    00000100     
                  003f909c    00000100     DSP281x_PieVect.obj (.econst)


GLOBAL SYMBOLS: SORTED ALPHABETICALLY BY Name 

address    name
--------   ----
00000000   .bss
00000000   .data
003f8006   .text
003f82f4   C$$EXIT
003f8319   FS$$MPY
003f8373   FS$$TOUL
003f8081   _ADCINT_ISR
00007100   _AdcRegs
003f80c7   _CAPINT1_ISR
003f80cc   _CAPINT2_ISR
003f80d1   _CAPINT3_ISR
003f810d   _CAPINT4_ISR
003f8112   _CAPINT5_ISR
003f8117   _CAPINT6_ISR
003f8090   _CMP1INT_ISR
003f8095   _CMP2INT_ISR
003f809a   _CMP3INT_ISR
003f80d6   _CMP4INT_ISR
003f80db   _CMP5INT_ISR
003f80e0   _CMP6INT_ISR
003f9088   _CpuTimer0
00000c00   _CpuTimer0Regs
003f9080   _CpuTimer1
00000c08   _CpuTimer1Regs
003f9090   _CpuTimer2
00000c10   _CpuTimer2Regs
003f7ff8   _CsmPwl
00000ae0   _CsmRegs
003f8018   _DATALOG_ISR
003f8002   _DSP28x_usDelay
00000880   _DevEmuRegs
003f8144   _ECAN0INTA_ISR
003f8149   _ECAN1INTA_ISR
00006040   _ECanaLAMRegs
000060c0   _ECanaMOTORegs
00006080   _ECanaMOTSRegs
00006100   _ECanaMboxes
00006000   _ECanaRegs
003f814e   _EMPTY_ISR
003f8022   _EMUINT_ISR
003f817b   _EnableInterrupts
00007400   _EvaRegs
00007500   _EvbRegs
00000a80   _FlashRegs
000070e0   _GpioDataRegs
000070c0   _GpioMuxRegs
003f802c   _ILLEGAL_ISR
003f800e   _INT13_ISR
003f8013   _INT14_ISR
003f8258   _ISRTimer2
003f815d   _InitPieCtrl
003f8183   _InitPieVectTable
003f8126   _MRINTA_ISR
003f812b   _MXINTA_ISR
00007800   _McbspaRegs
003f8027   _NMI_ISR
003f806d   _PDPINTA_ISR
003f8072   _PDPINTB_ISR
003f8153   _PIE_RESERVED
00000ce0   _PieCtrlRegs
00000d00   _PieVectTable
003f909c   _PieVectTableInit
003f801d   _RTOSINT_ISR
003f8130   _SCIRXINTA_ISR
003f813a   _SCIRXINTB_ISR
003f8135   _SCITXINTA_ISR
003f813f   _SCITXINTB_ISR
003f811c   _SPIRXINTA_ISR
003f8121   _SPITXINTA_ISR
00007050   _SciaRegs
00007750   _ScibRegs
00007040   _SpiaRegs
00007010   _SysCtrlRegs
003f80a4   _T1CINT_ISR
003f80ae   _T1OFINT_ISR
003f809f   _T1PINT_ISR
003f80a9   _T1UFINT_ISR
003f80b8   _T2CINT_ISR
003f80c2   _T2OFINT_ISR
003f80b3   _T2PINT_ISR
003f80bd   _T2UFINT_ISR
003f80ea   _T3CINT_ISR
003f80f4   _T3OFINT_ISR
003f80e5   _T3PINT_ISR
003f80ef   _T3UFINT_ISR
003f80fe   _T4CINT_ISR
003f8108   _T4OFINT_ISR
003f80f9   _T4PINT_ISR
003f8103   _T4UFINT_ISR
003f8086   _TINT0_ISR
003f805e   _USER10_ISR
003f8063   _USER11_ISR
003f8068   _USER12_ISR
003f8031   _USER1_ISR
003f8036   _USER2_ISR
003f803b   _USER3_ISR
003f8040   _USER4_ISR
003f8045   _USER5_ISR
003f804a   _USER6_ISR
003f804f   _USER7_ISR
003f8054   _USER8_ISR
003f8059   _USER9_ISR
003f808b   _WAKEINT_ISR
003f8077   _XINT1_ISR
003f807c   _XINT2_ISR
00007070   _XIntruptRegs
00000b20   _XintfRegs
00000190   __STACK_SIZE
00000000   ___bss__
003f83ae   ___cinit__
00000000   ___data__
00000000   ___edata__
00000000   ___end__
003f83ae   ___etext__
ffffffff   ___pinit__
003f8006   ___text__
003f9004   __cleanup_ptr
003f9002   __dtors_ptr
003f909a   __lock
003f83a5   __nop
003f83a6   __register_lock
003f83aa   __register_unlock
003f9098   __unlock
003f8318   _abort
003f82f6   _atexit
003f8288   _c_int00
003f82ce   _exit
003f8224   _fnConfigCpuTimer
003f81e9   _fnInitCpuTimers
003f81bf   _fnInitGPIO
003f81c8   _fnInitPIECtrl
003f81a2   _fnInitSystem
003f8261   _main
003f8158   _rsvd_ISR
003f83ae   cinit
00000000   edata
00000000   end
003f83ae   etext
ffffffff   pinit


GLOBAL SYMBOLS: SORTED BY Symbol Address 

address    name
--------   ----
00000000   ___edata__
00000000   ___end__
00000000   ___bss__
00000000   ___data__
00000000   .data
00000000   .bss
00000000   edata
00000000   end
00000190   __STACK_SIZE
00000880   _DevEmuRegs
00000a80   _FlashRegs
00000ae0   _CsmRegs
00000b20   _XintfRegs
00000c00   _CpuTimer0Regs
00000c08   _CpuTimer1Regs
00000c10   _CpuTimer2Regs
00000ce0   _PieCtrlRegs
00000d00   _PieVectTable
00006000   _ECanaRegs
00006040   _ECanaLAMRegs
00006080   _ECanaMOTSRegs
000060c0   _ECanaMOTORegs
00006100   _ECanaMboxes
00007010   _SysCtrlRegs
00007040   _SpiaRegs
00007050   _SciaRegs
00007070   _XIntruptRegs
000070c0   _GpioMuxRegs
000070e0   _GpioDataRegs
00007100   _AdcRegs
00007400   _EvaRegs
00007500   _EvbRegs
00007750   _ScibRegs
00007800   _McbspaRegs
003f7ff8   _CsmPwl
003f8002   _DSP28x_usDelay
003f8006   ___text__
003f8006   .text
003f800e   _INT13_ISR
003f8013   _INT14_ISR
003f8018   _DATALOG_ISR
003f801d   _RTOSINT_ISR
003f8022   _EMUINT_ISR
003f8027   _NMI_ISR
003f802c   _ILLEGAL_ISR
003f8031   _USER1_ISR
003f8036   _USER2_ISR
003f803b   _USER3_ISR
003f8040   _USER4_ISR
003f8045   _USER5_ISR
003f804a   _USER6_ISR
003f804f   _USER7_ISR
003f8054   _USER8_ISR
003f8059   _USER9_ISR
003f805e   _USER10_ISR
003f8063   _USER11_ISR
003f8068   _USER12_ISR
003f806d   _PDPINTA_ISR
003f8072   _PDPINTB_ISR
003f8077   _XINT1_ISR
003f807c   _XINT2_ISR
003f8081   _ADCINT_ISR
003f8086   _TINT0_ISR
003f808b   _WAKEINT_ISR
003f8090   _CMP1INT_ISR
003f8095   _CMP2INT_ISR
003f809a   _CMP3INT_ISR
003f809f   _T1PINT_ISR
003f80a4   _T1CINT_ISR
003f80a9   _T1UFINT_ISR
003f80ae   _T1OFINT_ISR
003f80b3   _T2PINT_ISR
003f80b8   _T2CINT_ISR
003f80bd   _T2UFINT_ISR
003f80c2   _T2OFINT_ISR
003f80c7   _CAPINT1_ISR
003f80cc   _CAPINT2_ISR
003f80d1   _CAPINT3_ISR
003f80d6   _CMP4INT_ISR
003f80db   _CMP5INT_ISR
003f80e0   _CMP6INT_ISR
003f80e5   _T3PINT_ISR
003f80ea   _T3CINT_ISR
003f80ef   _T3UFINT_ISR
003f80f4   _T3OFINT_ISR
003f80f9   _T4PINT_ISR
003f80fe   _T4CINT_ISR
003f8103   _T4UFINT_ISR
003f8108   _T4OFINT_ISR
003f810d   _CAPINT4_ISR
003f8112   _CAPINT5_ISR
003f8117   _CAPINT6_ISR
003f811c   _SPIRXINTA_ISR
003f8121   _SPITXINTA_ISR
003f8126   _MRINTA_ISR
003f812b   _MXINTA_ISR
003f8130   _SCIRXINTA_ISR
003f8135   _SCITXINTA_ISR
003f813a   _SCIRXINTB_ISR
003f813f   _SCITXINTB_ISR
003f8144   _ECAN0INTA_ISR
003f8149   _ECAN1INTA_ISR
003f814e   _EMPTY_ISR
003f8153   _PIE_RESERVED
003f8158   _rsvd_ISR
003f815d   _InitPieCtrl
003f817b   _EnableInterrupts
003f8183   _InitPieVectTable
003f81a2   _fnInitSystem
003f81bf   _fnInitGPIO
003f81c8   _fnInitPIECtrl
003f81e9   _fnInitCpuTimers
003f8224   _fnConfigCpuTimer
003f8258   _ISRTimer2
003f8261   _main
003f8288   _c_int00
003f82ce   _exit
003f82f4   C$$EXIT
003f82f6   _atexit
003f8318   _abort
003f8319   FS$$MPY
003f8373   FS$$TOUL
003f83a5   __nop
003f83a6   __register_lock
003f83aa   __register_unlock
003f83ae   etext
003f83ae   ___etext__
003f83ae   ___cinit__
003f83ae   cinit
003f9002   __dtors_ptr
003f9004   __cleanup_ptr
003f9080   _CpuTimer1
003f9088   _CpuTimer0
003f9090   _CpuTimer2
003f9098   __unlock
003f909a   __lock
003f909c   _PieVectTableInit
ffffffff   pinit
ffffffff   ___pinit__

[139 symbols]
