******************************************************************************
        TMS320C2000 COFF Linker PC Version 3.09                
******************************************************************************
>> Linked Mon Dec 06 15:58:30 2004

OUTPUT FILE NAME:   <./Bin/adcdrvtest.out>
ENTRY POINT SYMBOL: "_c_int00"  address: 003f8432


MEMORY CONFIGURATION

                  name            origin    length      used    attr    fill
         ----------------------  --------  ---------  --------  ----  --------
PAGE  0: RAMM0                   00000000   00000400  00000000  RWIX
         BEGIN                   003f8000   00000002  00000000  RWIX
         PRAMH0                  003f8002   00000ffe  000006d0  RWIX
         RESET                   003fffc0   00000002  00000000  RWIX

PAGE  1: RAMM1                   00000400   00000400  00000190  RWIX
         DEV_EMU                 00000880   00000180  000000d2  RWIX
         FLASH_REGS              00000a80   00000060  00000008  RWIX
         CSM                     00000ae0   00000010  00000010  RWIX
         XINTF                   00000b20   00000020  00000020  RWIX
         CPU_TIMER0              00000c00   00000008  00000008  RWIX
         CPU_TIMER1              00000c08   00000008  00000008  RWIX
         CPU_TIMER2              00000c10   00000008  00000008  RWIX
         PIE_CTRL                00000ce0   00000020  0000001a  RWIX
         PIE_VECT                00000d00   00000100  00000100  RWIX
         ECANA                   00006000   00000040  00000034  RWIX
         ECANA_LAM               00006040   00000040  00000040  RWIX
         ECANA_MOTS              00006080   00000040  00000040  RWIX
         ECANA_MOTO              000060c0   00000040  00000040  RWIX
         ECANA_MBOX              00006100   00000100  00000100  RWIX
         SYSTEM                  00007010   00000020  00000020  RWIX
         SPIA                    00007040   00000010  00000010  RWIX
         SCIA                    00007050   00000010  00000010  RWIX
         XINTRUPT                00007070   00000010  00000010  RWIX
         GPIOMUX                 000070c0   00000020  00000020  RWIX
         GPIODAT                 000070e0   00000020  00000020  RWIX
         ADC                     00007100   00000020  0000001a  RWIX
         EVA                     00007400   00000040  00000032  RWIX
         EVB                     00007500   00000040  00000032  RWIX
         SCIB                    00007750   00000010  00000010  RWIX
         MCBSPA                  00007800   00000040  00000025  RWIX
         CSM_PWL                 003f7ff8   00000008  00000008  RWIX
         DRAMH0                  003f9000   00001000  00000106  RWIX


SECTION ALLOCATION MAP

 output                                  attributes/
section   page    origin      length       input sections
--------  ----  ----------  ----------   ----------------
.switch    0    00000000    00000000     UNINITIALIZED

codestart 
*          0    003f8000    00000000     UNINITIALIZED

.pinit     0    003f8002    00000000     

ramfuncs   0    003f8002    00000004     
                  003f8002    00000004     DSP281x_usDelay.obj (ramfuncs)

.text      0    003f8006    000006ab     
                  003f8006    000000c5     adcdrv.obj (.text)
                  003f80cb    00000146     AdcDrvTest.obj (.text)
                  003f8211    00000221     init.obj (.text)
                  003f8432    00000046     rts2800_ml.lib : boot.obj (.text)
                  003f8478    0000004b                    : exit.obj (.text)
                  003f84c3    0000008a                    : fd_div.obj (.text)
                  003f854d    00000082                    : fd_mpy.obj (.text)
                  003f85cf    0000000e                    : fd_sub.obj (.text)
                  003f85dd    0000001b                    : fd_toul.obj (.text)
                  003f85f8    00000017                    : ul_tofd.obj (.text)
                  003f860f    00000009                    : _lock.obj (.text)
                  003f8618    00000099                    : fd_add.obj (.text)

.cinit     0    003f86b1    00000021     
                  003f86b1    00000008     AdcDrvTest.obj (.cinit)
                  003f86b9    0000000e     rts2800_ml.lib : exit.obj (.cinit)
                  003f86c7    0000000a                    : _lock.obj (.cinit)
                  003f86d1    00000001     --HOLE-- [fill = 0]

.reset     0    003fffc0    00000002     DSECT
                  003fffc0    00000002     rts2800_ml.lib : boot.obj (.reset)

.bss       1    00000000    00000000     UNINITIALIZED

.data      1    00000000    00000000     UNINITIALIZED

.stack     1    00000400    00000190     UNINITIALIZED

DevEmuRegsFile 
*          1    00000880    000000d2     UNINITIALIZED
                  00000880    000000d2     DSP281x_GlobalVariableDefs.obj (DevEmuRegsFile)

FlashRegsFile 
*          1    00000a80    00000008     UNINITIALIZED
                  00000a80    00000008     DSP281x_GlobalVariableDefs.obj (FlashRegsFile)

CsmRegsFile 
*          1    00000ae0    00000010     UNINITIALIZED
                  00000ae0    00000010     DSP281x_GlobalVariableDefs.obj (CsmRegsFile)

XintfRegsFile 
*          1    00000b20    00000020     UNINITIALIZED
                  00000b20    00000020     DSP281x_GlobalVariableDefs.obj (XintfRegsFile)

CpuTimer0RegsFile 
*          1    00000c00    00000008     UNINITIALIZED
                  00000c00    00000008     DSP281x_GlobalVariableDefs.obj (CpuTimer0RegsFile)

CpuTimer1RegsFile 
*          1    00000c08    00000008     UNINITIALIZED
                  00000c08    00000008     DSP281x_GlobalVariableDefs.obj (CpuTimer1RegsFile)

CpuTimer2RegsFile 
*          1    00000c10    00000008     UNINITIALIZED
                  00000c10    00000008     DSP281x_GlobalVariableDefs.obj (CpuTimer2RegsFile)

PieCtrlRegsFile 
*          1    00000ce0    0000001a     UNINITIALIZED
                  00000ce0    0000001a     DSP281x_GlobalVariableDefs.obj (PieCtrlRegsFile)

PieVectTableFile 
*          1    00000d00    00000100     UNINITIALIZED
                  00000d00    00000100     DSP281x_GlobalVariableDefs.obj (PieVectTableFile)

ECanaRegsFile 
*          1    00006000    00000034     UNINITIALIZED
                  00006000    00000034     DSP281x_GlobalVariableDefs.obj (ECanaRegsFile)

ECanaLAMRegsFile 
*          1    00006040    00000040     UNINITIALIZED
                  00006040    00000040     DSP281x_GlobalVariableDefs.obj (ECanaLAMRegsFile)

ECanaMOTSRegsFile 
*          1    00006080    00000040     UNINITIALIZED
                  00006080    00000040     DSP281x_GlobalVariableDefs.obj (ECanaMOTSRegsFile)

ECanaMOTORegsFile 
*          1    000060c0    00000040     UNINITIALIZED
                  000060c0    00000040     DSP281x_GlobalVariableDefs.obj (ECanaMOTORegsFile)

ECanaMboxesFile 
*          1    00006100    00000100     UNINITIALIZED
                  00006100    00000100     DSP281x_GlobalVariableDefs.obj (ECanaMboxesFile)

SysCtrlRegsFile 
*          1    00007010    00000020     UNINITIALIZED
                  00007010    00000020     DSP281x_GlobalVariableDefs.obj (SysCtrlRegsFile)

SpiaRegsFile 
*          1    00007040    00000010     UNINITIALIZED
                  00007040    00000010     DSP281x_GlobalVariableDefs.obj (SpiaRegsFile)

SciaRegsFile 
*          1    00007050    00000010     UNINITIALIZED
                  00007050    00000010     DSP281x_GlobalVariableDefs.obj (SciaRegsFile)

XIntruptRegsFile 
*          1    00007070    00000010     UNINITIALIZED
                  00007070    00000010     DSP281x_GlobalVariableDefs.obj (XIntruptRegsFile)

GpioMuxRegsFile 
*          1    000070c0    00000020     UNINITIALIZED
                  000070c0    00000020     DSP281x_GlobalVariableDefs.obj (GpioMuxRegsFile)

GpioDataRegsFile 
*          1    000070e0    00000020     UNINITIALIZED
                  000070e0    00000020     DSP281x_GlobalVariableDefs.obj (GpioDataRegsFile)

AdcRegsFile 
*          1    00007100    0000001a     UNINITIALIZED
                  00007100    0000001a     DSP281x_GlobalVariableDefs.obj (AdcRegsFile)

EvaRegsFile 
*          1    00007400    00000032     UNINITIALIZED
                  00007400    00000032     DSP281x_GlobalVariableDefs.obj (EvaRegsFile)

EvbRegsFile 
*          1    00007500    00000032     UNINITIALIZED
                  00007500    00000032     DSP281x_GlobalVariableDefs.obj (EvbRegsFile)

ScibRegsFile 
*          1    00007750    00000010     UNINITIALIZED
                  00007750    00000010     DSP281x_GlobalVariableDefs.obj (ScibRegsFile)

McbspaRegsFile 
*          1    00007800    00000025     UNINITIALIZED
                  00007800    00000025     DSP281x_GlobalVariableDefs.obj (McbspaRegsFile)

CsmPwlFile 
*          1    003f7ff8    00000008     UNINITIALIZED
                  003f7ff8    00000008     DSP281x_GlobalVariableDefs.obj (CsmPwlFile)

.esysmem   1    003f9000    00000000     UNINITIALIZED

.ebss      1    003f9000    00000086     UNINITIALIZED
                  003f9000    00000080     rts2800_ml.lib : exit.obj (.ebss)
                  003f9080    00000004                    : _lock.obj (.ebss)
                  003f9084    00000002     AdcDrvTest.obj (.ebss)

.econst    1    003f9086    00000080     
                  003f9086    00000046     AdcDrvTest.obj (.econst)
                  003f90cc    0000003a     adcdrv.obj (.econst)


GLOBAL SYMBOLS: SORTED ALPHABETICALLY BY Name 

address    name
--------   ----
00000000   .bss
00000000   .data
003f8006   .text
003f849e   C$$EXIT
003f8618   FD$$ADD
003f84c3   FD$$DIV
003f854d   FD$$MPY
003f85cf   FD$$SUB
003f85dd   FD$$TOUL
003f85f8   UL$$TOFD
003f800d   _ADCDRV_fnCtor
003f80a9   _ADCDRV_fnGetResultChnl
003f8097   _ADCDRV_fnGetResultReg
003f8006   _ADCDRV_fnStartConv
003f90cc   _AdChnlMapping
00007100   _AdcRegs
00000c00   _CpuTimer0Regs
00000c08   _CpuTimer1Regs
00000c10   _CpuTimer2Regs
003f7ff8   _CsmPwl
00000ae0   _CsmRegs
003f8002   _DSP28x_usDelay
00000880   _DevEmuRegs
00006040   _ECanaLAMRegs
000060c0   _ECanaMOTORegs
00006080   _ECanaMOTSRegs
00006100   _ECanaMboxes
00006000   _ECanaRegs
00007400   _EvaRegs
00007500   _EvbRegs
00000a80   _FlashRegs
000070e0   _GpioDataRegs
000070c0   _GpioMuxRegs
003f824d   _INIT_fnInitIOConfig
003f8211   _INIT_fnSysInit
00007800   _McbspaRegs
00000ce0   _PieCtrlRegs
00000d00   _PieVectTable
003f81d0   _SYS_fnAbort
00007050   _SciaRegs
00007750   _ScibRegs
00007040   _SpiaRegs
00007010   _SysCtrlRegs
003f8109   _TEST_fnAdcDrv
003f81de   _TEST_fnDoPinToggle
003f80da   _TEST_fnInitGPIO
003f80e3   _TEST_fnLimitsAndAsserts
00007070   _XIntruptRegs
00000b20   _XintfRegs
00000190   __STACK_SIZE
00000000   ___bss__
003f86b1   ___cinit__
00000000   ___data__
00000000   ___edata__
00000000   ___end__
003f86b1   ___etext__
ffffffff   ___pinit__
003f8006   ___text__
003f9004   __cleanup_ptr
003f9002   __dtors_ptr
003f9082   __lock
003f860f   __nop
003f8610   __register_lock
003f8614   __register_unlock
003f9080   __unlock
003f84c2   _abort
003f84a0   _atexit
003f8432   _c_int00
003f8478   _exit
003f842d   _init_fnInitADC
003f83b8   _init_fnInitEVA
003f83e1   _init_fnInitEVB
003f840a   _init_fnInitPIECtrl
003f821e   _init_fnInitSystemControlRegs
003f80cb   _main
003f86b1   cinit
00000000   edata
00000000   end
003f86b1   etext
ffffffff   pinit


GLOBAL SYMBOLS: SORTED BY Symbol Address 

address    name
--------   ----
00000000   ___edata__
00000000   ___end__
00000000   ___bss__
00000000   ___data__
00000000   .data
00000000   .bss
00000000   edata
00000000   end
00000190   __STACK_SIZE
00000880   _DevEmuRegs
00000a80   _FlashRegs
00000ae0   _CsmRegs
00000b20   _XintfRegs
00000c00   _CpuTimer0Regs
00000c08   _CpuTimer1Regs
00000c10   _CpuTimer2Regs
00000ce0   _PieCtrlRegs
00000d00   _PieVectTable
00006000   _ECanaRegs
00006040   _ECanaLAMRegs
00006080   _ECanaMOTSRegs
000060c0   _ECanaMOTORegs
00006100   _ECanaMboxes
00007010   _SysCtrlRegs
00007040   _SpiaRegs
00007050   _SciaRegs
00007070   _XIntruptRegs
000070c0   _GpioMuxRegs
000070e0   _GpioDataRegs
00007100   _AdcRegs
00007400   _EvaRegs
00007500   _EvbRegs
00007750   _ScibRegs
00007800   _McbspaRegs
003f7ff8   _CsmPwl
003f8002   _DSP28x_usDelay
003f8006   _ADCDRV_fnStartConv
003f8006   ___text__
003f8006   .text
003f800d   _ADCDRV_fnCtor
003f8097   _ADCDRV_fnGetResultReg
003f80a9   _ADCDRV_fnGetResultChnl
003f80cb   _main
003f80da   _TEST_fnInitGPIO
003f80e3   _TEST_fnLimitsAndAsserts
003f8109   _TEST_fnAdcDrv
003f81d0   _SYS_fnAbort
003f81de   _TEST_fnDoPinToggle
003f8211   _INIT_fnSysInit
003f821e   _init_fnInitSystemControlRegs
003f824d   _INIT_fnInitIOConfig
003f83b8   _init_fnInitEVA
003f83e1   _init_fnInitEVB
003f840a   _init_fnInitPIECtrl
003f842d   _init_fnInitADC
003f8432   _c_int00
003f8478   _exit
003f849e   C$$EXIT
003f84a0   _atexit
003f84c2   _abort
003f84c3   FD$$DIV
003f854d   FD$$MPY
003f85cf   FD$$SUB
003f85dd   FD$$TOUL
003f85f8   UL$$TOFD
003f860f   __nop
003f8610   __register_lock
003f8614   __register_unlock
003f8618   FD$$ADD
003f86b1   ___cinit__
003f86b1   cinit
003f86b1   etext
003f86b1   ___etext__
003f9002   __dtors_ptr
003f9004   __cleanup_ptr
003f9080   __unlock
003f9082   __lock
003f90cc   _AdChnlMapping
ffffffff   pinit
ffffffff   ___pinit__

[80 symbols]
